Java HotSpot(TM) 64-Bit Server VM (25.171-b11) for windows-amd64 JRE (1.8.0_171-b11), built on Mar 28 2018 16:06:12 by "java_re" with MS VC++ 10.0 (VS2010)
Memory: 4k page, physical 4040884k(954092k free), swap 8079908k(3557456k free)
CommandLine flags: -XX:+HeapDumpOnOutOfMemoryError -XX:HeapDumpPath=./HW05-gc/dump/CMSGC_dump -XX:InitialHeapSize=134217728 -XX:MaxHeapSize=134217728 -XX:+PrintGC -XX:+PrintGCTimeStamps -XX:+UseCompressedClassPointers -XX:+UseCompressedOops -XX:+UseG1GC -XX:-UseLargePagesIndividualAllocation 
0.805: [GC pause (G1 Evacuation Pause) (young) 6144K->888K(128M), 0.0369280 secs]
0.833: [GC pause (G1 Evacuation Pause) (young) 10104K->1804K(128M), 0.0030110 secs]
0.975: [GC pause (G1 Evacuation Pause) (young) 75M->1272K(128M), 0.0029021 secs]
1.080: [GC pause (G1 Evacuation Pause) (young) 75M->1423K(128M), 0.0027580 secs]
1.185: [GC pause (G1 Evacuation Pause) (young) 75M->1850K(128M), 0.0036721 secs]
1.270: [GC pause (G1 Evacuation Pause) (young) 75M->1535K(128M), 0.0036528 secs]
1.358: [GC pause (G1 Evacuation Pause) (young) 75M->1011K(128M), 0.0027107 secs]
1.511: [GC pause (G1 Evacuation Pause) (young) 75M->1479K(128M), 0.0034631 secs]
1.621: [GC pause (G1 Evacuation Pause) (young) 75M->1487K(128M), 0.0029582 secs]
1.716: [GC pause (G1 Evacuation Pause) (young) 75M->1562K(128M), 0.0039278 secs]
1.810: [GC pause (G1 Evacuation Pause) (young) 75M->1500K(128M), 0.0030198 secs]
1.894: [GC pause (G1 Evacuation Pause) (young) 75M->976K(128M), 0.0055496 secs]
1.985: [GC pause (G1 Evacuation Pause) (young) 75M->1474K(128M), 0.0029450 secs]
2.066: [GC pause (G1 Evacuation Pause) (young) 75M->924K(128M), 0.0024506 secs]
2.202: [GC pause (G1 Evacuation Pause) (young) 75M->1446K(128M), 0.0029934 secs]
2.331: [GC pause (G1 Evacuation Pause) (young) 75M->1204K(128M), 0.0030215 secs]
2.494: [GC pause (G1 Evacuation Pause) (young) 76M->879K(128M), 0.0016477 secs]
2.570: [GC pause (G1 Evacuation Pause) (young) 75M->912K(128M), 0.0070934 secs]
2.660: [GC pause (G1 Evacuation Pause) (young) 75M->1002K(128M), 0.0012902 secs]
2.771: [GC pause (G1 Evacuation Pause) (young) 75M->1082K(128M), 0.0041351 secs]
3.025: [GC pause (G1 Evacuation Pause) (young) 76M->1248K(128M), 0.0015635 secs]
3.168: [GC pause (G1 Evacuation Pause) (young) 76M->1123K(128M), 0.0018880 secs]
3.297: [GC pause (G1 Evacuation Pause) (young) 76M->1291K(128M), 0.0019540 secs]
3.378: [GC pause (G1 Evacuation Pause) (young) 76M->941K(128M), 0.0113792 secs]
3.568: [GC pause (G1 Evacuation Pause) (young) 75M->891K(128M), 0.0010317 secs]
3.658: [GC pause (G1 Evacuation Pause) (young) 75M->974K(128M), 0.0011659 secs]
3.752: [GC pause (G1 Evacuation Pause) (young) 75M->1044K(128M), 0.0035351 secs]
3.827: [GC pause (G1 Evacuation Pause) (young) 76M->1205K(128M), 0.0015938 secs]
3.900: [GC pause (G1 Evacuation Pause) (young) 76M->1112K(128M), 0.0016741 secs]
3.973: [GC pause (G1 Evacuation Pause) (young) 76M->1184K(128M), 0.0044052 secs]
4.354: [GC pause (G1 Evacuation Pause) (young) 76M->1111K(128M), 0.0008722 secs]
4.431: [GC pause (G1 Evacuation Pause) (young) 76M->888K(128M), 0.0009701 secs]
4.513: [GC pause (G1 Evacuation Pause) (young) 75M->931K(128M), 0.0037639 secs]
4.587: [GC pause (G1 Evacuation Pause) (young) 75M->1044K(128M), 0.0013111 secs]
4.715: [GC pause (G1 Evacuation Pause) (young) 76M->1205K(128M), 0.0015443 secs]
4.783: [GC pause (G1 Evacuation Pause) (young) 76M->1112K(128M), 0.0018187 secs]
4.853: [GC pause (G1 Evacuation Pause) (young) 76M->1287K(128M), 0.0021905 secs]
4.923: [GC pause (G1 Evacuation Pause) (young) 76M->1111K(128M), 0.0010537 secs]
4.996: [GC pause (G1 Evacuation Pause) (young) 76M->911K(128M), 0.0009696 secs]
5.065: [GC pause (G1 Evacuation Pause) (young) 75M->968K(128M), 0.0011417 secs]
5.133: [GC pause (G1 Evacuation Pause) (young) 75M->1053K(128M), 0.0018589 secs]
5.202: [GC pause (G1 Evacuation Pause) (young) 76M->1112K(128M), 0.0018418 secs]
5.277: [GC pause (G1 Evacuation Pause) (young) 76M->1195K(128M), 0.0016702 secs]
5.346: [GC pause (G1 Evacuation Pause) (young) 76M->1349K(128M), 0.0019045 secs]
5.416: [GC pause (G1 Evacuation Pause) (young) 76M->1131K(128M), 0.0008211 secs]
5.485: [GC pause (G1 Evacuation Pause) (young) 76M->919K(128M), 0.0010114 secs]
5.556: [GC pause (G1 Evacuation Pause) (young) 75M->971K(128M), 0.0012171 secs]
5.625: [GC pause (G1 Evacuation Pause) (young) 75M->1053K(128M), 0.0012847 secs]
5.697: [GC pause (G1 Evacuation Pause) (young) 76M->1207K(128M), 0.0015949 secs]
5.768: [GC pause (G1 Evacuation Pause) (young) 76M->1113K(128M), 0.0017021 secs]
5.845: [GC pause (G1 Evacuation Pause) (young) 76M->1287K(128M), 0.0020777 secs]
5.916: [GC pause (G1 Evacuation Pause) (young) 76M->1111K(128M), 0.0008568 secs]
5.989: [GC pause (G1 Evacuation Pause) (young) 76M->911K(128M), 0.0011670 secs]
6.057: [GC pause (G1 Evacuation Pause) (young) 75M->1005K(128M), 0.0011505 secs]
6.126: [GC pause (G1 Evacuation Pause) (young) 75M->1055K(128M), 0.0013073 secs]
6.196: [GC pause (G1 Evacuation Pause) (young) 76M->1193K(128M), 0.0016427 secs]
6.266: [GC pause (G1 Evacuation Pause) (young) 76M->1109K(128M), 0.0016323 secs]
6.335: [GC pause (G1 Evacuation Pause) (young) 76M->1286K(128M), 0.0020167 secs]
6.406: [GC pause (G1 Evacuation Pause) (young) 76M->1111K(128M), 0.0008046 secs]
6.483: [GC pause (G1 Evacuation Pause) (young) 76M->911K(128M), 0.0013782 secs]
6.569: [GC pause (G1 Evacuation Pause) (young) 75M->1018K(128M), 0.0013677 secs]
6.643: [GC pause (G1 Evacuation Pause) (young) 75M->1108K(128M), 0.0017478 secs]
6.713: [GC pause (G1 Evacuation Pause) (young) 76M->1103K(128M), 0.0021569 secs]
6.782: [GC pause (G1 Evacuation Pause) (young) 76M->1146K(128M), 0.0019513 secs]
6.850: [GC pause (G1 Evacuation Pause) (young) 76M->1336K(128M), 0.0019001 secs]
6.920: [GC pause (G1 Evacuation Pause) (young) 76M->1130K(128M), 0.0008150 secs]
6.989: [GC pause (G1 Evacuation Pause) (young) 76M->918K(128M), 0.0009789 secs]
7.060: [GC pause (G1 Evacuation Pause) (young) 75M->1007K(128M), 0.0014475 secs]
7.128: [GC pause (G1 Evacuation Pause) (young) 75M->1034K(128M), 0.0013040 secs]
7.197: [GC pause (G1 Evacuation Pause) (young) 76M->1089K(128M), 0.0015426 secs]
7.266: [GC pause (G1 Evacuation Pause) (young) 76M->1264K(128M), 0.0016240 secs]
7.335: [GC pause (G1 Evacuation Pause) (young) 76M->1198K(128M), 0.0020656 secs]
7.404: [GC pause (G1 Evacuation Pause) (young) 76M->1130K(128M), 0.0007936 secs]
7.473: [GC pause (G1 Evacuation Pause) (young) 76M->893K(128M), 0.0012187 secs]
7.547: [GC pause (G1 Evacuation Pause) (young) 75M->934K(128M), 0.0050618 secs]
7.620: [GC pause (G1 Evacuation Pause) (young) 75M->1044K(128M), 0.0013831 secs]
7.693: [GC pause (G1 Evacuation Pause) (young) 76M->1110K(128M), 0.0036380 secs]
7.783: [GC pause (G1 Evacuation Pause) (young) 76M->1171K(128M), 0.0044822 secs]
7.859: [GC pause (G1 Evacuation Pause) (young) 76M->1339K(128M), 0.0018798 secs]
7.937: [GC pause (G1 Evacuation Pause) (young) 76M->1116K(128M), 0.0009580 secs]
8.008: [GC pause (G1 Evacuation Pause) (young) 76M->890K(128M), 0.0010213 secs]
8.079: [GC pause (G1 Evacuation Pause) (young) 75M->932K(128M), 0.0038860 secs]
8.152: [GC pause (G1 Evacuation Pause) (young) 75M->1099K(128M), 0.0027855 secs]
8.224: [GC pause (G1 Evacuation Pause) (young) 76M->1099K(128M), 0.0015580 secs]
8.297: [GC pause (G1 Evacuation Pause) (young) 76M->1239K(128M), 0.0016873 secs]
8.377: [GC pause (G1 Evacuation Pause) (young) 76M->1419K(128M), 0.0019661 secs]
8.451: [GC pause (G1 Evacuation Pause) (young) 76M->954K(128M), 0.0008992 secs]
8.538: [GC pause (G1 Evacuation Pause) (young) 75M->914K(128M), 0.0009679 secs]
8.609: [GC pause (G1 Evacuation Pause) (young) 75M->995K(128M), 0.0011417 secs]
8.689: [GC pause (G1 Evacuation Pause) (young) 75M->1048K(128M), 0.0013040 secs]
8.794: [GC pause (G1 Evacuation Pause) (young) 76M->1206K(128M), 0.0015998 secs]
8.863: [GC pause (G1 Evacuation Pause) (young) 76M->1177K(128M), 0.0018759 secs]
8.933: [GC pause (G1 Evacuation Pause) (young) 76M->1287K(128M), 0.0020293 secs]
9.007: [GC pause (G1 Evacuation Pause) (young) 76M->1111K(128M), 0.0008068 secs]
9.086: [GC pause (G1 Evacuation Pause) (young) 76M->911K(128M), 0.0015058 secs]
9.181: [GC pause (G1 Evacuation Pause) (young) 75M->1005K(128M), 0.0011978 secs]
9.293: [GC pause (G1 Evacuation Pause) (young) 75M->998K(128M), 0.0015965 secs]
9.380: [GC pause (G1 Evacuation Pause) (young) 75M->1193K(128M), 0.0015784 secs]
9.466: [GC pause (G1 Evacuation Pause) (young) 76M->1109K(128M), 0.0016268 secs]
9.562: [GC pause (G1 Evacuation Pause) (young) 76M->1183K(128M), 0.0022521 secs]
9.647: [GC pause (G1 Evacuation Pause) (young) 76M->1111K(128M), 0.0008216 secs]
9.730: [GC pause (G1 Evacuation Pause) (young) 76M->888K(128M), 0.0009811 secs]
9.840: [GC pause (G1 Evacuation Pause) (young) 75M->972K(128M), 0.0011582 secs]
9.929: [GC pause (G1 Evacuation Pause) (young) 75M->1044K(128M), 0.0012952 secs]
10.016: [GC pause (G1 Evacuation Pause) (young) 76M->1205K(128M), 0.0015866 secs]
10.099: [GC pause (G1 Evacuation Pause) (young) 76M->1112K(128M), 0.0016202 secs]
10.179: [GC pause (G1 Evacuation Pause) (young) 76M->1287K(128M), 0.0019117 secs]
10.261: [GC pause (G1 Evacuation Pause) (young) 76M->1111K(128M), 0.0008326 secs]
10.339: [GC pause (G1 Evacuation Pause) (young) 76M->911K(128M), 0.0009619 secs]
10.409: [GC pause (G1 Evacuation Pause) (young) 75M->968K(128M), 0.0011533 secs]
10.491: [GC pause (G1 Evacuation Pause) (young) 75M->1108K(128M), 0.0013226 secs]
10.578: [GC pause (G1 Evacuation Pause) (young) 76M->1103K(128M), 0.0015965 secs]
10.656: [GC pause (G1 Evacuation Pause) (young) 76M->1240K(128M), 0.0016466 secs]
10.736: [GC pause (G1 Evacuation Pause) (young) 76M->1336K(128M), 0.0021718 secs]
10.816: [GC pause (G1 Evacuation Pause) (young) 76M->1130K(128M), 0.0008084 secs]
10.894: [GC pause (G1 Evacuation Pause) (young) 76M->918K(128M), 0.0015542 secs]
10.979: [GC pause (G1 Evacuation Pause) (young) 75M->970K(128M), 0.0012006 secs]
11.057: [GC pause (G1 Evacuation Pause) (young) 75M->1108K(128M), 0.0013056 secs]
11.133: [GC pause (G1 Evacuation Pause) (young) 76M->1103K(128M), 0.0019765 secs]
11.215: [GC pause (G1 Evacuation Pause) (young) 76M->1228K(128M), 0.0016372 secs]
11.292: [GC pause (G1 Evacuation Pause) (young) 76M->1295K(128M), 0.0022746 secs]
11.366: [GC pause (G1 Evacuation Pause) (young) 76M->1053K(128M), 0.0008007 secs]
11.439: [GC pause (G1 Evacuation Pause) (young) 76M->874K(128M), 0.0009635 secs]
11.518: [GC pause (G1 Evacuation Pause) (young) 75M->963K(128M), 0.0013029 secs]
11.592: [GC pause (G1 Evacuation Pause) (young) 75M->1029K(128M), 0.0016180 secs]
11.670: [GC pause (G1 Evacuation Pause) (young) 76M->1122K(128M), 0.0016092 secs]
11.750: [GC pause (G1 Evacuation Pause) (young) 76M->1174K(128M), 0.0016284 secs]
11.826: [GC pause (G1 Evacuation Pause) (young) 76M->1343K(128M), 0.0021564 secs]
11.918: [GC pause (G1 Evacuation Pause) (young) 76M->1131K(128M), 0.0014755 secs]
11.994: [GC pause (G1 Evacuation Pause) (young) 76M->918K(128M), 0.0016015 secs]
12.071: [GC pause (G1 Evacuation Pause) (young) 75M->971K(128M), 0.0011577 secs]
12.144: [GC pause (G1 Evacuation Pause) (young) 75M->1053K(128M), 0.0013067 secs]
12.224: [GC pause (G1 Evacuation Pause) (young) 76M->1207K(128M), 0.0015366 secs]
12.302: [GC pause (G1 Evacuation Pause) (young) 76M->1178K(128M), 0.0022944 secs]
12.376: [GC pause (G1 Evacuation Pause) (young) 76M->1266K(128M), 0.0019381 secs]
12.452: [GC pause (G1 Evacuation Pause) (young) 76M->910K(128M), 0.0013589 secs]
12.537: [GC pause (G1 Evacuation Pause) (young) 75M->916K(128M), 0.0009954 secs]
12.607: [GC pause (G1 Evacuation Pause) (young) 75M->964K(128M), 0.0011450 secs]
12.679: [GC pause (G1 Evacuation Pause) (young) 75M->1097K(128M), 0.0012908 secs]
12.748: [GC pause (G1 Evacuation Pause) (young) 76M->1099K(128M), 0.0015613 secs]
12.818: [GC pause (G1 Evacuation Pause) (young) 76M->1145K(128M), 0.0017610 secs]
12.888: [GC pause (G1 Evacuation Pause) (young) 76M->1419K(128M), 0.0019067 secs]
12.959: [GC pause (G1 Evacuation Pause) (young) 76M->954K(128M), 0.0007897 secs]
13.027: [GC pause (G1 Evacuation Pause) (young) 75M->914K(128M), 0.0009800 secs]
13.097: [GC pause (G1 Evacuation Pause) (young) 75M->995K(128M), 0.0011637 secs]
13.167: [GC pause (G1 Evacuation Pause) (young) 75M->1048K(128M), 0.0013001 secs]
13.235: [GC pause (G1 Evacuation Pause) (young) 76M->1206K(128M), 0.0016086 secs]
13.302: [GC pause (G1 Evacuation Pause) (young) 76M->1112K(128M), 0.0023593 secs]
13.371: [GC pause (G1 Evacuation Pause) (young) 76M->1287K(128M), 0.0019276 secs]
13.440: [GC pause (G1 Evacuation Pause) (young) 76M->1111K(128M), 0.0007996 secs]
13.510: [GC pause (G1 Evacuation Pause) (young) 76M->911K(128M), 0.0009905 secs]
13.579: [GC pause (G1 Evacuation Pause) (young) 75M->968K(128M), 0.0011610 secs]
13.648: [GC pause (G1 Evacuation Pause) (young) 75M->1108K(128M), 0.0013226 secs]
13.717: [GC pause (G1 Evacuation Pause) (young) 76M->1103K(128M), 0.0015641 secs]
13.786: [GC pause (G1 Evacuation Pause) (young) 76M->1240K(128M), 0.0017296 secs]
13.857: [GC pause (G1 Evacuation Pause) (young) 76M->1419K(128M), 0.0019144 secs]
13.927: [GC pause (G1 Evacuation Pause) (young) 76M->954K(128M), 0.0008260 secs]
13.996: [GC pause (G1 Evacuation Pause) (young) 75M->914K(128M), 0.0009696 secs]
14.065: [GC pause (G1 Evacuation Pause) (young) 75M->995K(128M), 0.0011494 secs]
14.133: [GC pause (G1 Evacuation Pause) (young) 75M->1048K(128M), 0.0014777 secs]
14.204: [GC pause (G1 Evacuation Pause) (young) 76M->1206K(128M), 0.0016752 secs]
14.273: [GC pause (G1 Evacuation Pause) (young) 76M->1112K(128M), 0.0017170 secs]
14.342: [GC pause (G1 Evacuation Pause) (young) 76M->1184K(128M), 0.0021129 secs]
14.411: [GC pause (G1 Evacuation Pause) (young) 76M->1111K(128M), 0.0008084 secs]
14.480: [GC pause (G1 Evacuation Pause) (young) 76M->911K(128M), 0.0009663 secs]
14.550: [GC pause (G1 Evacuation Pause) (young) 75M->968K(128M), 0.0012039 secs]
14.618: [GC pause (G1 Evacuation Pause) (young) 75M->1037K(128M), 0.0014288 secs]
14.688: [GC pause (G1 Evacuation Pause) (young) 76M->1125K(128M), 0.0015388 secs]
14.758: [GC pause (G1 Evacuation Pause) (young) 76M->1174K(128M), 0.0016422 secs]
14.826: [GC pause (G1 Evacuation Pause) (young) 76M->1343K(128M), 0.0019546 secs]
14.896: [GC pause (G1 Evacuation Pause) (young) 76M->1131K(128M), 0.0008090 secs]
14.965: [GC pause (G1 Evacuation Pause) (young) 76M->918K(128M), 0.0009723 secs]
15.033: [GC pause (G1 Evacuation Pause) (young) 75M->971K(128M), 0.0013166 secs]
15.103: [GC pause (G1 Evacuation Pause) (young) 75M->1053K(128M), 0.0013936 secs]
15.173: [GC pause (G1 Evacuation Pause) (young) 76M->1207K(128M), 0.0018924 secs]
15.244: [GC pause (G1 Evacuation Pause) (young) 76M->1178K(128M), 0.0035989 secs]
15.316: [GC pause (G1 Evacuation Pause) (young) 76M->1287K(128M), 0.0019067 secs]
15.386: [GC pause (G1 Evacuation Pause) (young) 76M->1111K(128M), 0.0008695 secs]
15.455: [GC pause (G1 Evacuation Pause) (young) 76M->911K(128M), 0.0009800 secs]
15.524: [GC pause (G1 Evacuation Pause) (young) 75M->968K(128M), 0.0011813 secs]
15.593: [GC pause (G1 Evacuation Pause) (young) 75M->1053K(128M), 0.0015239 secs]
15.662: [GC pause (G1 Evacuation Pause) (young) 76M->1112K(128M), 0.0017764 secs]
15.732: [GC pause (G1 Evacuation Pause) (young) 76M->1195K(128M), 0.0020040 secs]
15.803: [GC pause (G1 Evacuation Pause) (young) 76M->1349K(128M), 0.0030787 secs]
15.877: [GC pause (G1 Evacuation Pause) (young) 76M->1131K(128M), 0.0008035 secs]
15.946: [GC pause (G1 Evacuation Pause) (young) 76M->893K(128M), 0.0009778 secs]
16.015: [GC pause (G1 Evacuation Pause) (young) 75M->975K(128M), 0.0011373 secs]
16.084: [GC pause (G1 Evacuation Pause) (young) 75M->1099K(128M), 0.0012979 secs]
16.153: [GC pause (G1 Evacuation Pause) (young) 76M->1100K(128M), 0.0018699 secs]
16.222: [GC pause (G1 Evacuation Pause) (young) 76M->1145K(128M), 0.0018567 secs]
16.291: [GC pause (G1 Evacuation Pause) (young) 76M->1419K(128M), 0.0019007 secs]
16.361: [GC pause (G1 Evacuation Pause) (young) 76M->954K(128M), 0.0008101 secs]
16.428: [GC pause (G1 Evacuation Pause) (young) 75M->914K(128M), 0.0009729 secs]
16.497: [GC pause (G1 Evacuation Pause) (young) 75M->995K(128M), 0.0011626 secs]
16.566: [GC pause (G1 Evacuation Pause) (young) 75M->1048K(128M), 0.0013155 secs]
16.634: [GC pause (G1 Evacuation Pause) (young) 76M->1206K(128M), 0.0016884 secs]
16.704: [GC pause (G1 Evacuation Pause) (young) 76M->1112K(128M), 0.0016532 secs]
16.774: [GC pause (G1 Evacuation Pause) (young) 76M->1287K(128M), 0.0020128 secs]
16.843: [GC pause (G1 Evacuation Pause) (young) 76M->1111K(128M), 0.0009388 secs]
16.910: [GC pause (G1 Evacuation Pause) (young) 76M->888K(128M), 0.0009773 secs]
16.980: [GC pause (G1 Evacuation Pause) (young) 75M->972K(128M), 0.0011896 secs]
17.048: [GC pause (G1 Evacuation Pause) (young) 75M->1044K(128M), 0.0012886 secs]
17.116: [GC pause (G1 Evacuation Pause) (young) 76M->1205K(128M), 0.0015432 secs]
17.186: [GC pause (G1 Evacuation Pause) (young) 76M->1112K(128M), 0.0016301 secs]
17.255: [GC pause (G1 Evacuation Pause) (young) 76M->1287K(128M), 0.0018886 secs]
17.323: [GC pause (G1 Evacuation Pause) (young) 76M->1111K(128M), 0.0009767 secs]
17.391: [GC pause (G1 Evacuation Pause) (young) 76M->888K(128M), 0.0009657 secs]
17.459: [GC pause (G1 Evacuation Pause) (young) 75M->972K(128M), 0.0011538 secs]
17.528: [GC pause (G1 Evacuation Pause) (young) 75M->1044K(128M), 0.0012853 secs]
17.597: [GC pause (G1 Evacuation Pause) (young) 76M->1205K(128M), 0.0015360 secs]
17.667: [GC pause (G1 Evacuation Pause) (young) 76M->1112K(128M), 0.0016543 secs]
17.738: [GC pause (G1 Evacuation Pause) (young) 76M->1287K(128M), 0.0018957 secs]
17.808: [GC pause (G1 Evacuation Pause) (young) 76M->1111K(128M), 0.0008084 secs]
17.878: [GC pause (G1 Evacuation Pause) (young) 76M->888K(128M), 0.0009789 secs]
17.945: [GC pause (G1 Evacuation Pause) (young) 75M->972K(128M), 0.0011582 secs]
18.013: [GC pause (G1 Evacuation Pause) (young) 75M->1044K(128M), 0.0017054 secs]
18.083: [GC pause (G1 Evacuation Pause) (young) 76M->1205K(128M), 0.0020376 secs]
18.151: [GC pause (G1 Evacuation Pause) (young) 76M->1112K(128M), 0.0022433 secs]
18.222: [GC pause (G1 Evacuation Pause) (young) 76M->1287K(128M), 0.0021536 secs]
18.292: [GC pause (G1 Evacuation Pause) (young) 76M->1111K(128M), 0.0012985 secs]
18.362: [GC pause (G1 Evacuation Pause) (young) 76M->911K(128M), 0.0009850 secs]
18.428: [GC pause (G1 Evacuation Pause) (young) 75M->968K(128M), 0.0011478 secs]
18.498: [GC pause (G1 Evacuation Pause) (young) 75M->1053K(128M), 0.0012913 secs]
18.568: [GC pause (G1 Evacuation Pause) (young) 76M->1207K(128M), 0.0018677 secs]
18.637: [GC pause (G1 Evacuation Pause) (young) 76M->1113K(128M), 0.0020156 secs]
18.707: [GC pause (G1 Evacuation Pause) (young) 76M->1287K(128M), 0.0020073 secs]
18.777: [GC pause (G1 Evacuation Pause) (young) 76M->1111K(128M), 0.0008062 secs]
18.846: [GC pause (G1 Evacuation Pause) (young) 76M->888K(128M), 0.0009965 secs]
18.913: [GC pause (G1 Evacuation Pause) (young) 75M->972K(128M), 0.0012281 secs]
18.982: [GC pause (G1 Evacuation Pause) (young) 75M->1044K(128M), 0.0016779 secs]
19.051: [GC pause (G1 Evacuation Pause) (young) 76M->1110K(128M), 0.0023698 secs]
19.121: [GC pause (G1 Evacuation Pause) (young) 76M->1194K(128M), 0.0017351 secs]
19.191: [GC pause (G1 Evacuation Pause) (young) 76M->1204K(128M), 0.0020002 secs]
19.260: [GC pause (G1 Evacuation Pause) (young) 76M->1131K(128M), 0.0008227 secs]
19.328: [GC pause (G1 Evacuation Pause) (young) 76M->919K(128M), 0.0009795 secs]
19.398: [GC pause (G1 Evacuation Pause) (young) 75M->971K(128M), 0.0011802 secs]
19.466: [GC pause (G1 Evacuation Pause) (young) 75M->1108K(128M), 0.0012770 secs]
19.535: [GC pause (G1 Evacuation Pause) (young) 76M->1103K(128M), 0.0018880 secs]
19.606: [GC pause (G1 Evacuation Pause) (young) 76M->1228K(128M), 0.0016664 secs]
19.677: [GC pause (G1 Evacuation Pause) (young) 76M->1323K(128M), 0.0018974 secs]
19.746: [GC pause (G1 Evacuation Pause) (young) 76M->1114K(128M), 0.0008750 secs]
19.816: [GC pause (G1 Evacuation Pause) (young) 76M->889K(128M), 0.0009905 secs]
19.888: [GC pause (G1 Evacuation Pause) (young) 75M->972K(128M), 0.0011461 secs]
19.959: [GC pause (G1 Evacuation Pause) (young) 75M->1044K(128M), 0.0013084 secs]
20.028: [GC pause (G1 Evacuation Pause) (young) 76M->1205K(128M), 0.0015311 secs]
20.097: [GC pause (G1 Evacuation Pause) (young) 76M->1112K(128M), 0.0016229 secs]
20.166: [GC pause (G1 Evacuation Pause) (young) 76M->1287K(128M), 0.0019831 secs]
20.235: [GC pause (G1 Evacuation Pause) (young) 76M->1111K(128M), 0.0008354 secs]
20.303: [GC pause (G1 Evacuation Pause) (young) 76M->911K(128M), 0.0012050 secs]
20.372: [GC pause (G1 Evacuation Pause) (young) 75M->955K(128M), 0.0014777 secs]
20.441: [GC pause (G1 Evacuation Pause) (young) 75M->1055K(128M), 0.0012891 secs]
20.510: [GC pause (G1 Evacuation Pause) (young) 76M->1193K(128M), 0.0015360 secs]
20.580: [GC pause (G1 Evacuation Pause) (young) 76M->1109K(128M), 0.0016433 secs]
20.649: [GC pause (G1 Evacuation Pause) (young) 76M->1265K(128M), 0.0019073 secs]
20.718: [GC pause (G1 Evacuation Pause) (young) 76M->1049K(128M), 0.0008189 secs]
20.787: [GC pause (G1 Evacuation Pause) (young) 76M->873K(128M), 0.0009844 secs]
20.854: [GC pause (G1 Evacuation Pause) (young) 75M->962K(128M), 0.0011390 secs]
20.923: [GC pause (G1 Evacuation Pause) (young) 75M->1042K(128M), 0.0013474 secs]
20.994: [GC pause (G1 Evacuation Pause) (young) 76M->1204K(128M), 0.0015426 secs]
21.062: [GC pause (G1 Evacuation Pause) (young) 76M->1177K(128M), 0.0019254 secs]
21.131: [GC pause (G1 Evacuation Pause) (young) 76M->1287K(128M), 0.0021289 secs]
21.201: [GC pause (G1 Evacuation Pause) (young) 76M->940K(128M), 0.0016361 secs]
21.273: [GC pause (G1 Evacuation Pause) (young) 75M->915K(128M), 0.0010631 secs]
21.341: [GC pause (G1 Evacuation Pause) (young) 75M->970K(128M), 0.0011511 secs]
21.410: [GC pause (G1 Evacuation Pause) (young) 75M->1053K(128M), 0.0012946 secs]
21.480: [GC pause (G1 Evacuation Pause) (young) 76M->1207K(128M), 0.0015784 secs]
21.550: [GC pause (G1 Evacuation Pause) (young) 76M->1178K(128M), 0.0018468 secs]
21.619: [GC pause (G1 Evacuation Pause) (young) 76M->1287K(128M), 0.0019221 secs]
21.689: [GC pause (G1 Evacuation Pause) (young) 76M->1111K(128M), 0.0008876 secs]
21.758: [GC pause (G1 Evacuation Pause) (young) 76M->911K(128M), 0.0009696 secs]
21.830: [GC pause (G1 Evacuation Pause) (young) 75M->1005K(128M), 0.0012220 secs]
21.900: [GC pause (G1 Evacuation Pause) (young) 75M->1055K(128M), 0.0014981 secs]
21.972: [GC pause (G1 Evacuation Pause) (young) 76M->1101K(128M), 0.0019012 secs]
22.042: [GC pause (G1 Evacuation Pause) (young) 76M->1169K(128M), 0.0019804 secs]
22.110: [GC pause (G1 Evacuation Pause) (young) 76M->1338K(128M), 0.0018825 secs]
22.180: [GC pause (G1 Evacuation Pause) (young) 76M->1116K(128M), 0.0008167 secs]
22.249: [GC pause (G1 Evacuation Pause) (young) 76M->890K(128M), 0.0009861 secs]
22.315: [GC pause (G1 Evacuation Pause) (young) 75M->973K(128M), 0.0011483 secs]
22.385: [GC pause (G1 Evacuation Pause) (young) 75M->1099K(128M), 0.0013892 secs]
22.454: [GC pause (G1 Evacuation Pause) (young) 76M->1099K(128M), 0.0015806 secs]
22.523: [GC pause (G1 Evacuation Pause) (young) 76M->1239K(128M), 0.0017489 secs]
22.593: [GC pause (G1 Evacuation Pause) (young) 76M->1336K(128M), 0.0021938 secs]
22.661: [GC pause (G1 Evacuation Pause) (young) 76M->1130K(128M), 0.0007969 secs]
22.731: [GC pause (G1 Evacuation Pause) (young) 76M->918K(128M), 0.0009745 secs]
22.800: [GC pause (G1 Evacuation Pause) (young) 75M->970K(128M), 0.0011461 secs]
22.868: [GC pause (G1 Evacuation Pause) (young) 75M->1053K(128M), 0.0013496 secs]
22.938: [GC pause (G1 Evacuation Pause) (young) 76M->1207K(128M), 0.0015355 secs]
23.007: [GC pause (G1 Evacuation Pause) (young) 76M->1113K(128M), 0.0016378 secs]
23.075: [GC pause (G1 Evacuation Pause) (young) 76M->1266K(128M), 0.0018963 secs]
23.144: [GC pause (G1 Evacuation Pause) (young) 76M->1049K(128M), 0.0008178 secs]
23.213: [GC pause (G1 Evacuation Pause) (young) 76M->888K(128M), 0.0011533 secs]
23.281: [GC pause (G1 Evacuation Pause) (young) 75M->1008K(128M), 0.0011500 secs]
23.348: [GC pause (G1 Evacuation Pause) (young) 75M->1051K(128M), 0.0012963 secs]
23.417: [GC pause (G1 Evacuation Pause) (young) 76M->1207K(128M), 0.0015404 secs]
23.487: [GC pause (G1 Evacuation Pause) (young) 76M->1112K(128M), 0.0016202 secs]
23.554: [GC pause (G1 Evacuation Pause) (young) 76M->1287K(128M), 0.0019458 secs]
23.623: [GC pause (G1 Evacuation Pause) (young) 76M->1111K(128M), 0.0009586 secs]
23.692: [GC pause (G1 Evacuation Pause) (young) 76M->911K(128M), 0.0014315 secs]
23.762: [GC pause (G1 Evacuation Pause) (young) 75M->968K(128M), 0.0011610 secs]
23.829: [GC pause (G1 Evacuation Pause) (young) 75M->1108K(128M), 0.0012847 secs]
23.897: [GC pause (G1 Evacuation Pause) (young) 76M->1103K(128M), 0.0015300 secs]
23.967: [GC pause (G1 Evacuation Pause) (young) 76M->1146K(128M), 0.0021261 secs]
24.035: [GC pause (G1 Evacuation Pause) (young) 76M->1336K(128M), 0.0019963 secs]
24.104: [GC pause (G1 Evacuation Pause) (young) 76M->1130K(128M), 0.0008172 secs]
24.172: [GC pause (G1 Evacuation Pause) (young) 76M->918K(128M), 0.0014865 secs]
24.242: [GC pause (G1 Evacuation Pause) (young) 75M->1007K(128M), 0.0011648 secs]
24.309: [GC pause (G1 Evacuation Pause) (young) 75M->1034K(128M), 0.0012913 secs]
24.377: [GC pause (G1 Evacuation Pause) (young) 76M->1089K(128M), 0.0015366 secs]
24.446: [GC pause (G1 Evacuation Pause) (young) 76M->1248K(128M), 0.0016636 secs]
24.513: [GC pause (G1 Evacuation Pause) (young) 76M->1262K(128M), 0.0020024 secs]
24.583: [GC pause (G1 Evacuation Pause) (young) 76M->1031K(128M), 0.0008079 secs]
24.651: [GC pause (G1 Evacuation Pause) (young) 76M->943K(128M), 0.0012616 secs]
24.721: [GC pause (G1 Evacuation Pause) (young) 75M->948K(128M), 0.0011923 secs]
24.791: [GC pause (G1 Evacuation Pause) (young) 75M->1027K(128M), 0.0012880 secs]
24.858: [GC pause (G1 Evacuation Pause) (young) 76M->1104K(128M), 0.0015426 secs]
24.926: [GC pause (G1 Evacuation Pause) (young) 76M->1169K(128M), 0.0016499 secs]
24.994: [GC pause (G1 Evacuation Pause) (young) 76M->1342K(128M), 0.0018902 secs]
25.063: [GC pause (G1 Evacuation Pause) (young) 76M->1131K(128M), 0.0010328 secs]
25.131: [GC pause (G1 Evacuation Pause) (young) 76M->918K(128M), 0.0009718 secs]
25.199: [GC pause (G1 Evacuation Pause) (young) 75M->971K(128M), 0.0011494 secs]
25.266: [GC pause (G1 Evacuation Pause) (young) 75M->1053K(128M), 0.0012875 secs]
25.336: [GC pause (G1 Evacuation Pause) (young) 76M->1207K(128M), 0.0015773 secs]
25.405: [GC pause (G1 Evacuation Pause) (young) 76M->1113K(128M), 0.0016125 secs]
25.474: [GC pause (G1 Evacuation Pause) (young) 76M->1266K(128M), 0.0019133 secs]
25.544: [GC pause (G1 Evacuation Pause) (young) 76M->1049K(128M), 0.0008084 secs]
25.613: [GC pause (G1 Evacuation Pause) (young) 76M->888K(128M), 0.0011390 secs]
25.681: [GC pause (G1 Evacuation Pause) (young) 75M->1008K(128M), 0.0011995 secs]
25.750: [GC pause (G1 Evacuation Pause) (young) 75M->1051K(128M), 0.0013248 secs]
25.819: [GC pause (G1 Evacuation Pause) (young) 76M->1207K(128M), 0.0016235 secs]
25.886: [GC pause (G1 Evacuation Pause) (young) 76M->1112K(128M), 0.0016191 secs]
25.956: [GC pause (G1 Evacuation Pause) (young) 76M->1287K(128M), 0.0019546 secs]
26.024: [GC pause (G1 Evacuation Pause) (young) 76M->1111K(128M), 0.0008079 secs]
26.092: [GC pause (G1 Evacuation Pause) (young) 76M->935K(128M), 0.0014640 secs]
26.161: [GC pause (G1 Evacuation Pause) (young) 75M->963K(128M), 0.0011362 secs]
26.229: [GC pause (G1 Evacuation Pause) (young) 75M->1029K(128M), 0.0012985 secs]
26.297: [GC pause (G1 Evacuation Pause) (young) 76M->1105K(128M), 0.0015784 secs]
26.366: [GC pause (G1 Evacuation Pause) (young) 76M->1169K(128M), 0.0016257 secs]
26.434: [GC pause (G1 Evacuation Pause) (young) 76M->1342K(128M), 0.0019820 secs]
26.504: [GC pause (G1 Evacuation Pause) (young) 76M->1131K(128M), 0.0008035 secs]
26.571: [GC pause (G1 Evacuation Pause) (young) 76M->918K(128M), 0.0009817 secs]
26.639: [GC pause (G1 Evacuation Pause) (young) 75M->971K(128M), 0.0011764 secs]
26.706: [GC pause (G1 Evacuation Pause) (young) 75M->1053K(128M), 0.0012864 secs]
26.774: [GC pause (G1 Evacuation Pause) (young) 76M->1207K(128M), 0.0015360 secs]
26.843: [GC pause (G1 Evacuation Pause) (young) 76M->1113K(128M), 0.0016482 secs]
26.911: [GC pause (G1 Evacuation Pause) (young) 76M->1287K(128M), 0.0023478 secs]
26.980: [GC pause (G1 Evacuation Pause) (young) 76M->1111K(128M), 0.0008134 secs]
27.048: [GC pause (G1 Evacuation Pause) (young) 76M->888K(128M), 0.0009828 secs]
27.115: [GC pause (G1 Evacuation Pause) (young) 75M->968K(128M), 0.0011439 secs]
27.184: [GC pause (G1 Evacuation Pause) (young) 75M->1044K(128M), 0.0013666 secs]
27.254: [GC pause (G1 Evacuation Pause) (young) 76M->1109K(128M), 0.0015514 secs]
27.322: [GC pause (G1 Evacuation Pause) (young) 76M->1153K(128M), 0.0020568 secs]
27.391: [GC pause (G1 Evacuation Pause) (young) 76M->1301K(128M), 0.0019557 secs]
27.460: [GC pause (G1 Evacuation Pause) (young) 76M->1053K(128M), 0.0008090 secs]
27.528: [GC pause (G1 Evacuation Pause) (young) 76M->874K(128M), 0.0009762 secs]
27.596: [GC pause (G1 Evacuation Pause) (young) 75M->961K(128M), 0.0011923 secs]
27.664: [GC pause (G1 Evacuation Pause) (young) 75M->1042K(128M), 0.0012908 secs]
27.733: [GC pause (G1 Evacuation Pause) (young) 76M->1108K(128M), 0.0017467 secs]
27.802: [GC pause (G1 Evacuation Pause) (young) 76M->1253K(128M), 0.0020717 secs]
27.872: [GC pause (G1 Evacuation Pause) (young) 76M->1264K(128M), 0.0021861 secs]
27.941: [GC pause (G1 Evacuation Pause) (young) 76M->1032K(128M), 0.0008046 secs]
28.009: [GC pause (G1 Evacuation Pause) (young) 76M->918K(128M), 0.0009723 secs]
28.077: [GC pause (G1 Evacuation Pause) (young) 75M->1005K(128M), 0.0011643 secs]
28.147: [GC pause (G1 Evacuation Pause) (young) 75M->1050K(128M), 0.0012963 secs]
28.216: [GC pause (G1 Evacuation Pause) (young) 76M->1206K(128M), 0.0015564 secs]
28.285: [GC pause (G1 Evacuation Pause) (young) 76M->1112K(128M), 0.0019584 secs]
28.354: [GC pause (G1 Evacuation Pause) (young) 76M->1287K(128M), 0.0019793 secs]
28.422: [GC pause (G1 Evacuation Pause) (young) 76M->1111K(128M), 0.0008145 secs]
28.489: [GC pause (G1 Evacuation Pause) (young) 76M->911K(128M), 0.0009740 secs]
28.557: [GC pause (G1 Evacuation Pause) (young) 75M->968K(128M), 0.0011445 secs]
28.624: [GC pause (G1 Evacuation Pause) (young) 75M->1108K(128M), 0.0012974 secs]
28.692: [GC pause (G1 Evacuation Pause) (young) 76M->1103K(128M), 0.0018413 secs]
28.759: [GC pause (G1 Evacuation Pause) (young) 76M->1240K(128M), 0.0016213 secs]
28.828: [GC pause (G1 Evacuation Pause) (young) 76M->1336K(128M), 0.0019623 secs]
28.897: [GC pause (G1 Evacuation Pause) (young) 76M->1130K(128M), 0.0008117 secs]
28.966: [GC pause (G1 Evacuation Pause) (young) 76M->918K(128M), 0.0009740 secs]
29.032: [GC pause (G1 Evacuation Pause) (young) 75M->970K(128M), 0.0015085 secs]
29.101: [GC pause (G1 Evacuation Pause) (young) 75M->1053K(128M), 0.0014376 secs]
29.169: [GC pause (G1 Evacuation Pause) (young) 76M->1207K(128M), 0.0015498 secs]
29.238: [GC pause (G1 Evacuation Pause) (young) 76M->1113K(128M), 0.0016862 secs]
29.307: [GC pause (G1 Evacuation Pause) (young) 76M->1287K(128M), 0.0019040 secs]
29.376: [GC pause (G1 Evacuation Pause) (young) 76M->1111K(128M), 0.0008156 secs]
29.443: [GC pause (G1 Evacuation Pause) (young) 76M->911K(128M), 0.0011093 secs]
29.510: [GC pause (G1 Evacuation Pause) (young) 75M->968K(128M), 0.0011610 secs]
29.580: [GC pause (G1 Evacuation Pause) (young) 75M->1108K(128M), 0.0012836 secs]
29.648: [GC pause (G1 Evacuation Pause) (young) 76M->1103K(128M), 0.0015437 secs]
29.715: [GC pause (G1 Evacuation Pause) (young) 76M->1240K(128M), 0.0016273 secs]
29.784: [GC pause (G1 Evacuation Pause) (young) 76M->1336K(128M), 0.0021245 secs]
29.853: [GC pause (G1 Evacuation Pause) (young) 76M->1130K(128M), 0.0008024 secs]
29.920: [GC pause (G1 Evacuation Pause) (young) 76M->918K(128M), 0.0010207 secs]
29.990: [GC pause (G1 Evacuation Pause) (young) 75M->1007K(128M), 0.0011527 secs]
30.058: [GC pause (G1 Evacuation Pause) (young) 75M->1034K(128M), 0.0012990 secs]
30.127: [GC pause (G1 Evacuation Pause) (young) 76M->1089K(128M), 0.0015404 secs]
30.195: [GC pause (G1 Evacuation Pause) (young) 76M->1264K(128M), 0.0016218 secs]
30.264: [GC pause (G1 Evacuation Pause) (young) 76M->1341K(128M), 0.0018748 secs]
30.333: [GC pause (G1 Evacuation Pause) (young) 76M->1130K(128M), 0.0008013 secs]
30.401: [GC pause (G1 Evacuation Pause) (young) 76M->918K(128M), 0.0014156 secs]
30.470: [GC pause (G1 Evacuation Pause) (young) 75M->1007K(128M), 0.0012000 secs]
30.538: [GC pause (G1 Evacuation Pause) (young) 75M->1034K(128M), 0.0012952 secs]
30.607: [GC pause (G1 Evacuation Pause) (young) 76M->1089K(128M), 0.0015415 secs]
30.676: [GC pause (G1 Evacuation Pause) (young) 76M->1248K(128M), 0.0016240 secs]
30.745: [GC pause (G1 Evacuation Pause) (young) 76M->1262K(128M), 0.0018946 secs]
30.814: [GC pause (G1 Evacuation Pause) (young) 76M->1031K(128M), 0.0008084 secs]
30.882: [GC pause (G1 Evacuation Pause) (young) 76M->918K(128M), 0.0013314 secs]
30.949: [GC pause (G1 Evacuation Pause) (young) 75M->995K(128M), 0.0011566 secs]
31.018: [GC pause (G1 Evacuation Pause) (young) 75M->1050K(128M), 0.0012902 secs]
31.087: [GC pause (G1 Evacuation Pause) (young) 76M->1110K(128M), 0.0015360 secs]
31.156: [GC pause (G1 Evacuation Pause) (young) 76M->1253K(128M), 0.0016510 secs]
31.225: [GC pause (G1 Evacuation Pause) (young) 76M->1264K(128M), 0.0019765 secs]
31.294: [GC pause (G1 Evacuation Pause) (young) 76M->1032K(128M), 0.0008068 secs]
31.364: [GC pause (G1 Evacuation Pause) (young) 76M->943K(128M), 0.0009707 secs]
31.431: [GC pause (G1 Evacuation Pause) (young) 75M->948K(128M), 0.0011555 secs]
31.499: [GC pause (G1 Evacuation Pause) (young) 75M->1027K(128M), 0.0012963 secs]
31.569: [GC pause (G1 Evacuation Pause) (young) 76M->1104K(128M), 0.0015751 secs]
31.637: [GC pause (G1 Evacuation Pause) (young) 76M->1269K(128M), 0.0017725 secs]
31.706: [GC pause (G1 Evacuation Pause) (young) 76M->1342K(128M), 0.0019661 secs]
31.778: [GC pause (G1 Evacuation Pause) (young) 76M->1131K(128M), 0.0008068 secs]
31.846: [GC pause (G1 Evacuation Pause) (young) 76M->918K(128M), 0.0009773 secs]
31.914: [GC pause (G1 Evacuation Pause) (young) 75M->1007K(128M), 0.0011703 secs]
31.983: [GC pause (G1 Evacuation Pause) (young) 75M->1034K(128M), 0.0012869 secs]
32.052: [GC pause (G1 Evacuation Pause) (young) 76M->1155K(128M), 0.0020029 secs]
32.120: [GC pause (G1 Evacuation Pause) (young) 76M->1165K(128M), 0.0017087 secs]
32.191: [GC pause (G1 Evacuation Pause) (young) 76M->1341K(128M), 0.0019073 secs]
32.260: [GC pause (G1 Evacuation Pause) (young) 76M->1130K(128M), 0.0008062 secs]
32.328: [GC pause (G1 Evacuation Pause) (young) 76M->918K(128M), 0.0009844 secs]
32.397: [GC pause (G1 Evacuation Pause) (young) 75M->971K(128M), 0.0011428 secs]
32.466: [GC pause (G1 Evacuation Pause) (young) 75M->1053K(128M), 0.0013150 secs]
32.537: [GC pause (G1 Evacuation Pause) (young) 76M->1207K(128M), 0.0015481 secs]
32.606: [GC pause (G1 Evacuation Pause) (young) 76M->1113K(128M), 0.0016372 secs]
32.677: [GC pause (G1 Evacuation Pause) (young) 76M->1287K(128M), 0.0018985 secs]
32.745: [GC pause (G1 Evacuation Pause) (young) 76M->1111K(128M), 0.0008453 secs]
32.813: [GC pause (G1 Evacuation Pause) (young) 76M->911K(128M), 0.0010779 secs]
32.881: [GC pause (G1 Evacuation Pause) (young) 75M->1005K(128M), 0.0011527 secs]
32.949: [GC pause (G1 Evacuation Pause) (young) 75M->1055K(128M), 0.0013007 secs]
33.017: [GC pause (G1 Evacuation Pause) (young) 76M->1193K(128M), 0.0016037 secs]
33.086: [GC pause (G1 Evacuation Pause) (young) 76M->1109K(128M), 0.0016235 secs]
33.155: [GC pause (G1 Evacuation Pause) (young) 76M->1265K(128M), 0.0019568 secs]
33.225: [GC pause (G1 Evacuation Pause) (young) 76M->1049K(128M), 0.0008073 secs]
33.292: [GC pause (G1 Evacuation Pause) (young) 76M->888K(128M), 0.0011742 secs]
33.362: [GC pause (G1 Evacuation Pause) (young) 75M->960K(128M), 0.0015025 secs]
33.430: [GC pause (G1 Evacuation Pause) (young) 75M->1106K(128M), 0.0012952 secs]
33.499: [GC pause (G1 Evacuation Pause) (young) 76M->1102K(128M), 0.0015311 secs]
33.567: [GC pause (G1 Evacuation Pause) (young) 76M->1134K(128M), 0.0021168 secs]
33.635: [GC pause (G1 Evacuation Pause) (young) 76M->1323K(128M), 0.0023599 secs]
33.705: [GC pause (G1 Evacuation Pause) (young) 76M->1114K(128M), 0.0009509 secs]
33.774: [GC pause (G1 Evacuation Pause) (young) 76M->912K(128M), 0.0009993 secs]
33.842: [GC pause (G1 Evacuation Pause) (young) 75M->969K(128M), 0.0017049 secs]
33.910: [GC pause (G1 Evacuation Pause) (young) 75M->1053K(128M), 0.0013226 secs]
33.981: [GC pause (G1 Evacuation Pause) (young) 76M->1207K(128M), 0.0015712 secs]
34.050: [GC pause (G1 Evacuation Pause) (young) 76M->1178K(128M), 0.0020750 secs]
34.119: [GC pause (G1 Evacuation Pause) (young) 76M->1266K(128M), 0.0019238 secs]
34.189: [GC pause (G1 Evacuation Pause) (young) 76M->1049K(128M), 0.0008018 secs]
34.257: [GC pause (G1 Evacuation Pause) (young) 76M->888K(128M), 0.0009806 secs]
34.325: [GC pause (G1 Evacuation Pause) (young) 75M->1008K(128M), 0.0011599 secs]
34.396: [GC pause (G1 Evacuation Pause) (young) 75M->1051K(128M), 0.0013303 secs]
34.465: [GC pause (G1 Evacuation Pause) (young) 76M->1207K(128M), 0.0016290 secs]
34.535: [GC pause (G1 Evacuation Pause) (young) 76M->1112K(128M), 0.0017021 secs]
34.605: [GC pause (G1 Evacuation Pause) (young) 76M->1287K(128M), 0.0019304 secs]
34.674: [GC pause (G1 Evacuation Pause) (young) 76M->1111K(128M), 0.0008013 secs]
34.742: [GC pause (G1 Evacuation Pause) (young) 76M->888K(128M), 0.0014277 secs]
34.811: [GC pause (G1 Evacuation Pause) (young) 75M->968K(128M), 0.0011450 secs]
34.880: [GC pause (G1 Evacuation Pause) (young) 75M->1044K(128M), 0.0013023 secs]
34.948: [GC pause (G1 Evacuation Pause) (young) 76M->1109K(128M), 0.0015652 secs]
35.018: [GC pause (G1 Evacuation Pause) (young) 76M->1170K(128M), 0.0016460 secs]
35.088: [GC pause (G1 Evacuation Pause) (young) 76M->1342K(128M), 0.0019320 secs]
35.158: [GC pause (G1 Evacuation Pause) (young) 76M->1131K(128M), 0.0008079 secs]
35.226: [GC pause (G1 Evacuation Pause) (young) 76M->918K(128M), 0.0009800 secs]
35.292: [GC pause (G1 Evacuation Pause) (young) 75M->971K(128M), 0.0013837 secs]
35.362: [GC pause (G1 Evacuation Pause) (young) 75M->1037K(128M), 0.0015481 secs]
35.429: [GC pause (G1 Evacuation Pause) (young) 76M->1125K(128M), 0.0015393 secs]
35.498: [GC pause (G1 Evacuation Pause) (young) 76M->1174K(128M), 0.0016361 secs]
35.569: [GC pause (G1 Evacuation Pause) (young) 76M->1426K(128M), 0.0019029 secs]
35.639: [GC pause (G1 Evacuation Pause) (young) 76M->955K(128M), 0.0008172 secs]
35.708: [GC pause (G1 Evacuation Pause) (young) 75M->915K(128M), 0.0010218 secs]
35.777: [GC pause (G1 Evacuation Pause) (young) 75M->987K(128M), 0.0011599 secs]
35.845: [GC pause (G1 Evacuation Pause) (young) 75M->1049K(128M), 0.0013018 secs]
35.913: [GC pause (G1 Evacuation Pause) (young) 76M->1192K(128M), 0.0015569 secs]
35.983: [GC pause (G1 Evacuation Pause) (young) 76M->1109K(128M), 0.0019386 secs]
36.052: [GC pause (G1 Evacuation Pause) (young) 76M->1183K(128M), 0.0024011 secs]
36.122: [GC pause (G1 Evacuation Pause) (young) 76M->1111K(128M), 0.0008024 secs]
36.191: [GC pause (G1 Evacuation Pause) (young) 76M->888K(128M), 0.0009591 secs]
36.258: [GC pause (G1 Evacuation Pause) (young) 75M->972K(128M), 0.0011439 secs]
36.327: [GC pause (G1 Evacuation Pause) (young) 75M->1044K(128M), 0.0012990 secs]
36.396: [GC pause (G1 Evacuation Pause) (young) 76M->1205K(128M), 0.0015916 secs]
36.465: [GC pause (G1 Evacuation Pause) (young) 76M->1112K(128M), 0.0016350 secs]
36.533: [GC pause (G1 Evacuation Pause) (young) 76M->1266K(128M), 0.0025320 secs]
36.604: [GC pause (G1 Evacuation Pause) (young) 76M->1049K(128M), 0.0008249 secs]
36.673: [GC pause (G1 Evacuation Pause) (young) 76M->888K(128M), 0.0009751 secs]
36.741: [GC pause (G1 Evacuation Pause) (young) 75M->997K(128M), 0.0012649 secs]
36.811: [GC pause (G1 Evacuation Pause) (young) 75M->1052K(128M), 0.0012935 secs]
36.880: [GC pause (G1 Evacuation Pause) (young) 76M->1193K(128M), 0.0015663 secs]
36.948: [GC pause (G1 Evacuation Pause) (young) 76M->1109K(128M), 0.0016273 secs]
37.018: [GC pause (G1 Evacuation Pause) (young) 76M->1286K(128M), 0.0019963 secs]
37.088: [GC pause (G1 Evacuation Pause) (young) 76M->1111K(128M), 0.0008123 secs]
37.157: [GC pause (G1 Evacuation Pause) (young) 76M->911K(128M), 0.0009663 secs]
37.225: [GC pause (G1 Evacuation Pause) (young) 75M->968K(128M), 0.0011643 secs]
37.292: [GC pause (G1 Evacuation Pause) (young) 75M->1053K(128M), 0.0015943 secs]
37.361: [GC pause (G1 Evacuation Pause) (young) 76M->1112K(128M), 0.0019106 secs]
37.430: [GC pause (G1 Evacuation Pause) (young) 76M->1277K(128M), 0.0016367 secs]
37.499: [GC pause (G1 Evacuation Pause) (young) 76M->1273K(128M), 0.0020255 secs]
37.569: [GC pause (G1 Evacuation Pause) (young) 76M->1032K(128M), 0.0007996 secs]
37.637: [GC pause (G1 Evacuation Pause) (young) 76M->943K(128M), 0.0009756 secs]
37.705: [GC pause (G1 Evacuation Pause) (young) 75M->948K(128M), 0.0013853 secs]
37.778: [GC pause (G1 Evacuation Pause) (young) 75M->1027K(128M), 0.0012891 secs]
37.846: [GC pause (G1 Evacuation Pause) (young) 76M->1104K(128M), 0.0015514 secs]
37.914: [GC pause (G1 Evacuation Pause) (young) 76M->1169K(128M), 0.0016180 secs]
37.985: [GC pause (G1 Evacuation Pause) (young) 76M->1425K(128M), 0.0019436 secs]
38.054: [GC pause (G1 Evacuation Pause) (young) 76M->966K(128M), 0.0007941 secs]
38.123: [GC pause (G1 Evacuation Pause) (young) 75M->902K(128M), 0.0010422 secs]
38.194: [GC pause (G1 Evacuation Pause) (young) 75M->992K(128M), 0.0011863 secs]
38.263: [GC pause (G1 Evacuation Pause) (young) 75M->1048K(128M), 0.0013292 secs]
38.331: [GC pause (G1 Evacuation Pause) (young) 76M->1206K(128M), 0.0021256 secs]
38.402: [GC pause (G1 Evacuation Pause) (young) 76M->1177K(128M), 0.0020211 secs]
38.472: [GC pause (G1 Evacuation Pause) (young) 76M->1266K(128M), 0.0022339 secs]
38.541: [GC pause (G1 Evacuation Pause) (young) 76M->1049K(128M), 0.0008161 secs]
38.610: [GC pause (G1 Evacuation Pause) (young) 76M->888K(128M), 0.0009888 secs]
38.679: [GC pause (G1 Evacuation Pause) (young) 75M->1008K(128M), 0.0011841 secs]
38.748: [GC pause (G1 Evacuation Pause) (young) 75M->1051K(128M), 0.0012886 secs]
38.817: [GC pause (G1 Evacuation Pause) (young) 76M->1207K(128M), 0.0016823 secs]
38.890: [GC pause (G1 Evacuation Pause) (young) 76M->1112K(128M), 0.0016367 secs]
38.961: [GC pause (G1 Evacuation Pause) (young) 76M->1287K(128M), 0.0019331 secs]
39.029: [GC pause (G1 Evacuation Pause) (young) 76M->1111K(128M), 0.0008090 secs]
39.097: [GC pause (G1 Evacuation Pause) (young) 76M->911K(128M), 0.0011170 secs]
39.167: [GC pause (G1 Evacuation Pause) (young) 75M->968K(128M), 0.0018396 secs]
39.238: [GC pause (G1 Evacuation Pause) (young) 75M->1053K(128M), 0.0013842 secs]
39.306: [GC pause (G1 Evacuation Pause) (young) 76M->1207K(128M), 0.0015371 secs]
39.378: [GC pause (G1 Evacuation Pause) (young) 76M->1113K(128M), 0.0016328 secs]
39.447: [GC pause (G1 Evacuation Pause) (young) 76M->1287K(128M), 0.0018990 secs]
39.516: [GC pause (G1 Evacuation Pause) (young) 76M->1111K(128M), 0.0008112 secs]
39.584: [GC pause (G1 Evacuation Pause) (young) 76M->888K(128M), 0.0009734 secs]
39.653: [GC pause (G1 Evacuation Pause) (young) 75M->972K(128M), 0.0012847 secs]
39.724: [GC pause (G1 Evacuation Pause) (young) 75M->1044K(128M), 0.0015630 secs]
39.794: [GC pause (G1 Evacuation Pause) (young) 76M->1205K(128M), 0.0015432 secs]
39.862: [GC pause (G1 Evacuation Pause) (young) 76M->1112K(128M), 0.0018732 secs]
39.932: [GC pause (G1 Evacuation Pause) (young) 76M->1266K(128M), 0.0022906 secs]
40.003: [GC pause (G1 Evacuation Pause) (young) 76M->1049K(128M), 0.0008040 secs]
40.075: [GC pause (G1 Evacuation Pause) (young) 76M->873K(128M), 0.0009602 secs]
40.142: [GC pause (G1 Evacuation Pause) (young) 75M->962K(128M), 0.0013221 secs]
40.212: [GC pause (G1 Evacuation Pause) (young) 75M->1042K(128M), 0.0015916 secs]
40.281: [GC pause (G1 Evacuation Pause) (young) 76M->1109K(128M), 0.0017846 secs]
40.356: [GC pause (G1 Evacuation Pause) (young) 76M->1194K(128M), 0.0017538 secs]
40.425: [GC pause (G1 Evacuation Pause) (young) 76M->1431K(128M), 0.0019018 secs]
40.503: [GC pause (G1 Evacuation Pause) (young) 76M->956K(128M), 0.0009113 secs]
40.590: [GC pause (G1 Evacuation Pause) (young) 75M->886K(128M), 0.0015036 secs]
40.677: [GC pause (G1 Evacuation Pause) (young) 75M->995K(128M), 0.0014893 secs]
40.769: [GC pause (G1 Evacuation Pause) (young) 75M->1048K(128M), 0.0016818 secs]
40.858: [GC pause (G1 Evacuation Pause) (young) 76M->1206K(128M), 0.0016218 secs]
40.958: [GC pause (G1 Evacuation Pause) (young) 76M->1112K(128M), 0.0019700 secs]
41.046: [GC pause (G1 Evacuation Pause) (young) 76M->1287K(128M), 0.0021525 secs]
41.133: [GC pause (G1 Evacuation Pause) (young) 76M->1111K(128M), 0.0008601 secs]
41.219: [GC pause (G1 Evacuation Pause) (young) 76M->911K(128M), 0.0012666 secs]
41.307: [GC pause (G1 Evacuation Pause) (young) 75M->1005K(128M), 0.0013914 secs]
41.477: [GC pause (G1 Evacuation Pause) (young) 75M->1053K(128M), 0.0012864 secs]
41.579: [GC pause (G1 Evacuation Pause) (young) 76M->1111K(128M), 0.0016708 secs]
41.677: [GC pause (G1 Evacuation Pause) (young) 76M->1171K(128M), 0.0018924 secs]
41.761: [GC pause (G1 Evacuation Pause) (young) 76M->1282K(128M), 0.0020134 secs]
41.861: [GC pause (G1 Evacuation Pause) (young) 76M->1069K(128M), 0.0008750 secs]
41.942: [GC pause (G1 Evacuation Pause) (young) 76M->895K(128M), 0.0012704 secs]
42.024: [GC pause (G1 Evacuation Pause) (young) 75M->1011K(128M), 0.0012165 secs]
42.104: [GC pause (G1 Evacuation Pause) (young) 75M->1051K(128M), 0.0014007 secs]
42.190: [GC pause (G1 Evacuation Pause) (young) 76M->1207K(128M), 0.0016394 secs]
42.272: [GC pause (G1 Evacuation Pause) (young) 76M->1113K(128M), 0.0020414 secs]
42.359: [GC pause (G1 Evacuation Pause) (young) 76M->1266K(128M), 0.0021036 secs]
42.443: [GC pause (G1 Evacuation Pause) (young) 76M->1049K(128M), 0.0009855 secs]
42.528: [GC pause (G1 Evacuation Pause) (young) 76M->888K(128M), 0.0013589 secs]
42.620: [GC pause (G1 Evacuation Pause) (young) 75M->960K(128M), 0.0013303 secs]
42.710: [GC pause (G1 Evacuation Pause) (young) 75M->1051K(128M), 0.0015327 secs]
42.792: [GC pause (G1 Evacuation Pause) (young) 76M->1111K(128M), 0.0019463 secs]
42.873: [GC pause (G1 Evacuation Pause) (young) 76M->1195K(128M), 0.0018138 secs]
42.972: [GC pause (G1 Evacuation Pause) (young) 76M->1204K(128M), 0.0026959 secs]
43.057: [GC pause (G1 Evacuation Pause) (young) 76M->1131K(128M), 0.0009278 secs]
43.148: [GC pause (G1 Evacuation Pause) (young) 76M->919K(128M), 0.0013204 secs]
43.224: [GC pause (G1 Evacuation Pause) (young) 75M->1007K(128M), 0.0011340 secs]
43.305: [GC pause (G1 Evacuation Pause) (young) 75M->1034K(128M), 0.0014002 secs]
43.387: [GC pause (G1 Evacuation Pause) (young) 76M->1089K(128M), 0.0019067 secs]
43.470: [GC pause (G1 Evacuation Pause) (young) 76M->1248K(128M), 0.0018116 secs]
43.561: [GC pause (G1 Evacuation Pause) (young) 76M->1194K(128M), 0.0024138 secs]
43.656: [GC pause (G1 Evacuation Pause) (young) 76M->1031K(128M), 0.0008409 secs]
43.737: [GC pause (G1 Evacuation Pause) (young) 76M->906K(128M), 0.0010169 secs]
43.807: [GC pause (G1 Evacuation Pause) (young) 75M->959K(128M), 0.0012924 secs]
43.875: [GC pause (G1 Evacuation Pause) (young) 75M->1041K(128M), 0.0012935 secs]
43.943: [GC pause (G1 Evacuation Pause) (young) 76M->1204K(128M), 0.0015993 secs]
44.013: [GC pause (G1 Evacuation Pause) (young) 76M->1112K(128M), 0.0016631 secs]
44.081: [GC pause (G1 Evacuation Pause) (young) 76M->1266K(128M), 0.0022174 secs]
44.150: [GC pause (G1 Evacuation Pause) (young) 76M->1049K(128M), 0.0009278 secs]
44.219: [GC pause (G1 Evacuation Pause) (young) 76M->888K(128M), 0.0009701 secs]
44.286: [GC pause (G1 Evacuation Pause) (young) 75M->997K(128M), 0.0012737 secs]
44.354: [GC pause (G1 Evacuation Pause) (young) 75M->1051K(128M), 0.0013084 secs]
44.421: [GC pause (G1 Evacuation Pause) (young) 76M->1110K(128M), 0.0017758 secs]
44.489: [GC pause (G1 Evacuation Pause) (young) 76M->1171K(128M), 0.0016240 secs]
44.556: [GC pause (G1 Evacuation Pause) (young) 76M->1343K(128M), 0.0018930 secs]
44.625: [GC pause (G1 Evacuation Pause) (young) 76M->1131K(128M), 0.0008101 secs]
44.692: [GC pause (G1 Evacuation Pause) (young) 76M->918K(128M), 0.0011093 secs]
44.759: [GC pause (G1 Evacuation Pause) (young) 75M->971K(128M), 0.0011456 secs]
44.827: [GC pause (G1 Evacuation Pause) (young) 75M->1108K(128M), 0.0012952 secs]
44.895: [GC pause (G1 Evacuation Pause) (young) 76M->1103K(128M), 0.0015591 secs]
44.965: [GC pause (G1 Evacuation Pause) (young) 76M->1228K(128M), 0.0016103 secs]
45.034: [GC pause (G1 Evacuation Pause) (young) 76M->1323K(128M), 0.0019441 secs]
45.103: [GC pause (G1 Evacuation Pause) (young) 76M->1114K(128M), 0.0008145 secs]
45.170: [GC pause (G1 Evacuation Pause) (young) 76M->912K(128M), 0.0011302 secs]
45.241: [GC pause (G1 Evacuation Pause) (young) 75M->969K(128M), 0.0012182 secs]
45.308: [GC pause (G1 Evacuation Pause) (young) 75M->1053K(128M), 0.0012891 secs]
45.377: [GC pause (G1 Evacuation Pause) (young) 76M->1207K(128M), 0.0015558 secs]
45.444: [GC pause (G1 Evacuation Pause) (young) 76M->1113K(128M), 0.0017714 secs]
45.514: [GC pause (G1 Evacuation Pause) (young) 76M->1287K(128M), 0.0019337 secs]
45.583: [GC pause (G1 Evacuation Pause) (young) 76M->1111K(128M), 0.0008227 secs]
45.650: [GC pause (G1 Evacuation Pause) (young) 76M->911K(128M), 0.0016840 secs]
45.720: [GC pause (G1 Evacuation Pause) (young) 75M->1005K(128M), 0.0013073 secs]
45.787: [GC pause (G1 Evacuation Pause) (young) 75M->1053K(128M), 0.0012957 secs]
45.856: [GC pause (G1 Evacuation Pause) (young) 76M->1111K(128M), 0.0015652 secs]
45.924: [GC pause (G1 Evacuation Pause) (young) 76M->1253K(128M), 0.0016251 secs]
45.992: [GC pause (G1 Evacuation Pause) (young) 76M->1196K(128M), 0.0021663 secs]
46.061: [GC pause (G1 Evacuation Pause) (young) 76M->1032K(128M), 0.0008084 secs]
46.128: [GC pause (G1 Evacuation Pause) (young) 76M->918K(128M), 0.0009800 secs]
46.196: [GC pause (G1 Evacuation Pause) (young) 75M->995K(128M), 0.0011428 secs]
46.264: [GC pause (G1 Evacuation Pause) (young) 75M->1052K(128M), 0.0012792 secs]
46.332: [GC pause (G1 Evacuation Pause) (young) 76M->1101K(128M), 0.0018627 secs]
46.400: [GC pause (G1 Evacuation Pause) (young) 76M->1191K(128M), 0.0018501 secs]
46.470: [GC pause (G1 Evacuation Pause) (young) 76M->1348K(128M), 0.0019227 secs]
46.539: [GC pause (G1 Evacuation Pause) (young) 76M->1131K(128M), 0.0008145 secs]
46.607: [GC pause (G1 Evacuation Pause) (young) 76M->919K(128M), 0.0009646 secs]
46.673: [GC pause (G1 Evacuation Pause) (young) 75M->971K(128M), 0.0011483 secs]
46.742: [GC pause (G1 Evacuation Pause) (young) 75M->1053K(128M), 0.0015267 secs]
46.811: [GC pause (G1 Evacuation Pause) (young) 76M->1112K(128M), 0.0018424 secs]
46.879: [GC pause (G1 Evacuation Pause) (young) 76M->1195K(128M), 0.0016191 secs]
46.947: [GC pause (G1 Evacuation Pause) (young) 76M->1349K(128M), 0.0018748 secs]
47.016: [GC pause (G1 Evacuation Pause) (young) 76M->1131K(128M), 0.0008035 secs]
47.082: [GC pause (G1 Evacuation Pause) (young) 76M->919K(128M), 0.0010796 secs]
47.150: [GC pause (G1 Evacuation Pause) (young) 75M->1007K(128M), 0.0012787 secs]
47.220: [GC pause (G1 Evacuation Pause) (young) 75M->1034K(128M), 0.0012963 secs]
47.298: [GC pause (G1 Evacuation Pause) (young) 76M->1089K(128M), 0.0020090 secs]
47.383: [GC pause (G1 Evacuation Pause) (young) 76M->1165K(128M), 0.0020810 secs]
47.465: [GC pause (G1 Evacuation Pause) (young) 76M->1281K(128M), 0.0023049 secs]
47.547: [GC pause (G1 Evacuation Pause) (young) 76M->1069K(128M), 0.0008018 secs]
47.631: [GC pause (G1 Evacuation Pause) (young) 76M->878K(128M), 0.0009729 secs]
47.708: [GC pause (G1 Evacuation Pause) (young) 75M->965K(128M), 0.0012638 secs]
47.787: [GC pause (G1 Evacuation Pause) (young) 75M->1042K(128M), 0.0012924 secs]
47.866: [GC pause (G1 Evacuation Pause) (young) 76M->1204K(128M), 0.0023170 secs]
47.947: [GC pause (G1 Evacuation Pause) (young) 76M->1112K(128M), 0.0016565 secs]
48.023: [GC pause (G1 Evacuation Pause) (young) 76M->1287K(128M), 0.0019276 secs]
48.104: [GC pause (G1 Evacuation Pause) (young) 76M->1111K(128M), 0.0008057 secs]
48.181: [GC pause (G1 Evacuation Pause) (young) 76M->911K(128M), 0.0009751 secs]
48.261: [GC pause (G1 Evacuation Pause) (young) 75M->968K(128M), 0.0011670 secs]
48.342: [GC pause (G1 Evacuation Pause) (young) 75M->1053K(128M), 0.0014123 secs]
48.421: [GC pause (G1 Evacuation Pause) (young) 76M->1207K(128M), 0.0021239 secs]
48.498: [GC pause (G1 Evacuation Pause) (young) 76M->1113K(128M), 0.0016383 secs]
48.581: [GC pause (G1 Evacuation Pause) (young) 76M->1266K(128M), 0.0021371 secs]
48.660: [GC pause (G1 Evacuation Pause) (young) 76M->1049K(128M), 0.0008161 secs]
48.746: [GC pause (G1 Evacuation Pause) (young) 76M->888K(128M), 0.0011615 secs]
48.846: [GC pause (G1 Evacuation Pause) (young) 75M->960K(128M), 0.0031045 secs]
48.939: [GC pause (G1 Evacuation Pause) (young) 75M->1035K(128M), 0.0013820 secs]
49.018: [GC pause (G1 Evacuation Pause) (young) 76M->1124K(128M), 0.0015674 secs]
49.090: [GC pause (G1 Evacuation Pause) (young) 76M->1174K(128M), 0.0016515 secs]
49.168: [GC pause (G1 Evacuation Pause) (young) 76M->1343K(128M), 0.0019419 secs]
49.248: [GC pause (G1 Evacuation Pause) (young) 76M->1131K(128M), 0.0008128 secs]
49.325: [GC pause (G1 Evacuation Pause) (young) 76M->918K(128M), 0.0009861 secs]
49.396: [GC pause (G1 Evacuation Pause) (young) 75M->971K(128M), 0.0011709 secs]
49.474: [GC pause (G1 Evacuation Pause) (young) 75M->1108K(128M), 0.0013276 secs]
49.552: [GC pause (G1 Evacuation Pause) (young) 76M->1103K(128M), 0.0017626 secs]
49.629: [GC pause (G1 Evacuation Pause) (young) 76M->1240K(128M), 0.0016367 secs]
49.706: [GC pause (G1 Evacuation Pause) (young) 76M->1336K(128M), 0.0020332 secs]
49.788: [GC pause (G1 Evacuation Pause) (young) 76M->1130K(128M), 0.0008029 secs]
49.866: [GC pause (G1 Evacuation Pause) (young) 76M->893K(128M), 0.0009767 secs]
49.943: [GC pause (G1 Evacuation Pause) (young) 75M->975K(128M), 0.0011736 secs]
50.018: [GC pause (G1 Evacuation Pause) (young) 75M->1099K(128M), 0.0013144 secs]
50.097: [GC pause (G1 Evacuation Pause) (young) 76M->1100K(128M), 0.0015410 secs]
50.175: [GC pause (G1 Evacuation Pause) (young) 76M->1239K(128M), 0.0018985 secs]
50.249: [GC pause (G1 Evacuation Pause) (young) 76M->1277K(128M), 0.0023214 secs]
50.327: [GC pause (G1 Evacuation Pause) (young) 76M->1068K(128M), 0.0007958 secs]
50.399: [GC pause (G1 Evacuation Pause) (young) 76M->895K(128M), 0.0012941 secs]
50.475: [GC pause (G1 Evacuation Pause) (young) 75M->999K(128M), 0.0012440 secs]
50.549: [GC pause (G1 Evacuation Pause) (young) 75M->1053K(128M), 0.0013853 secs]
50.627: [GC pause (G1 Evacuation Pause) (young) 76M->1193K(128M), 0.0015778 secs]
50.699: [GC pause (G1 Evacuation Pause) (young) 76M->1173K(128M), 0.0019584 secs]
50.775: [GC pause (G1 Evacuation Pause) (young) 76M->1286K(128M), 0.0020260 secs]
50.852: [GC pause (G1 Evacuation Pause) (young) 76M->1111K(128M), 0.0012891 secs]
50.929: [GC pause (G1 Evacuation Pause) (young) 76M->888K(128M), 0.0009778 secs]
51.007: [GC pause (G1 Evacuation Pause) (young) 75M->972K(128M), 0.0011439 secs]
51.081: [GC pause (G1 Evacuation Pause) (young) 75M->1030K(128M), 0.0015822 secs]
51.153: [GC pause (G1 Evacuation Pause) (young) 76M->1122K(128M), 0.0015476 secs]
51.230: [GC pause (G1 Evacuation Pause) (young) 76M->1174K(128M), 0.0016235 secs]
51.309: [GC pause (G1 Evacuation Pause) (young) 76M->1343K(128M), 0.0019540 secs]
51.386: [GC pause (G1 Evacuation Pause) (young) 76M->1131K(128M), 0.0008024 secs]
51.458: [GC pause (G1 Evacuation Pause) (young) 76M->918K(128M), 0.0009657 secs]
51.536: [GC pause (G1 Evacuation Pause) (young) 75M->1007K(128M), 0.0011566 secs]
51.613: [GC pause (G1 Evacuation Pause) (young) 75M->1034K(128M), 0.0012924 secs]
51.688: [GC pause (G1 Evacuation Pause) (young) 76M->1089K(128M), 0.0015553 secs]
51.766: [GC pause (G1 Evacuation Pause) (young) 76M->1165K(128M), 0.0019837 secs]
51.848: [GC pause (G1 Evacuation Pause) (young) 76M->1341K(128M), 0.0018781 secs]
51.925: [GC pause (G1 Evacuation Pause) (young) 76M->1130K(128M), 0.0007952 secs]
51.999: [GC pause (G1 Evacuation Pause) (young) 76M->918K(128M), 0.0009828 secs]
52.075: [GC pause (G1 Evacuation Pause) (young) 75M->1007K(128M), 0.0011593 secs]
52.152: [GC pause (G1 Evacuation Pause) (young) 75M->999K(128M), 0.0015019 secs]
52.231: [GC pause (G1 Evacuation Pause) (young) 75M->1155K(128M), 0.0018990 secs]
52.310: [GC pause (G1 Evacuation Pause) (young) 76M->1264K(128M), 0.0016130 secs]
52.384: [GC pause (G1 Evacuation Pause) (young) 76M->1341K(128M), 0.0020194 secs]
52.464: [GC pause (G1 Evacuation Pause) (young) 76M->1130K(128M), 0.0008205 secs]
52.545: [GC pause (G1 Evacuation Pause) (young) 76M->893K(128M), 0.0009569 secs]
52.620: [GC pause (G1 Evacuation Pause) (young) 75M->970K(128M), 0.0011692 secs]
52.699: [GC pause (G1 Evacuation Pause) (young) 75M->1044K(128M), 0.0012930 secs]
52.778: [GC pause (G1 Evacuation Pause) (young) 76M->1109K(128M), 0.0015388 secs]
52.855: [GC pause (G1 Evacuation Pause) (young) 76M->1170K(128M), 0.0016515 secs]
52.933: [GC pause (G1 Evacuation Pause) (young) 76M->1425K(128M), 0.0024627 secs]
53.007: [GC pause (G1 Evacuation Pause) (young) 76M->955K(128M), 0.0008475 secs]
53.087: [GC pause (G1 Evacuation Pause) (young) 75M->910K(128M), 0.0010053 secs]
53.165: [GC pause (G1 Evacuation Pause) (young) 75M->950K(128M), 0.0011571 secs]
53.244: [GC pause (G1 Evacuation Pause) (young) 75M->1039K(128M), 0.0013111 secs]
53.321: [GC pause (G1 Evacuation Pause) (young) 76M->1178K(128M), 0.0018121 secs]
53.400: [GC pause (G1 Evacuation Pause) (young) 76M->1270K(128M), 0.0019084 secs]
53.478: [GC pause (G1 Evacuation Pause) (young) 76M->1342K(128M), 0.0020563 secs]
53.569: [GC pause (G1 Evacuation Pause) (young) 76M->1131K(128M), 0.0011208 secs]
53.662: [GC pause (G1 Evacuation Pause) (young) 76M->893K(128M), 0.0016823 secs]
53.765: [GC pause (G1 Evacuation Pause) (young) 75M->975K(128M), 0.0011588 secs]
53.837: [GC pause (G1 Evacuation Pause) (young) 75M->1044K(128M), 0.0013100 secs]
53.915: [GC pause (G1 Evacuation Pause) (young) 76M->1205K(128M), 0.0015866 secs]
53.989: [GC pause (G1 Evacuation Pause) (young) 76M->1112K(128M), 0.0017219 secs]
54.064: [GC pause (G1 Evacuation Pause) (young) 76M->1287K(128M), 0.0018875 secs]
54.140: [GC pause (G1 Evacuation Pause) (young) 76M->1111K(128M), 0.0008029 secs]
54.217: [GC pause (G1 Evacuation Pause) (young) 76M->888K(128M), 0.0012198 secs]
54.295: [GC pause (G1 Evacuation Pause) (young) 75M->972K(128M), 0.0011566 secs]
54.366: [GC pause (G1 Evacuation Pause) (young) 75M->1098K(128M), 0.0018897 secs]
54.443: [GC pause (G1 Evacuation Pause) (young) 76M->1099K(128M), 0.0015696 secs]
54.523: [GC pause (G1 Evacuation Pause) (young) 76M->1228K(128M), 0.0016939 secs]
54.600: [GC pause (G1 Evacuation Pause) (young) 76M->1295K(128M), 0.0026184 secs]
54.679: [GC pause (G1 Evacuation Pause) (young) 76M->1053K(128M), 0.0008117 secs]
54.754: [GC pause (G1 Evacuation Pause) (young) 76M->889K(128M), 0.0009811 secs]
54.830: [GC pause (G1 Evacuation Pause) (young) 75M->1008K(128M), 0.0011846 secs]
54.909: [GC pause (G1 Evacuation Pause) (young) 75M->1051K(128M), 0.0012985 secs]
54.985: [GC pause (G1 Evacuation Pause) (young) 76M->1207K(128M), 0.0015784 secs]
55.063: [GC pause (G1 Evacuation Pause) (young) 76M->1112K(128M), 0.0016268 secs]
55.142: [GC pause (G1 Evacuation Pause) (young) 76M->1287K(128M), 0.0021960 secs]
55.220: [GC pause (G1 Evacuation Pause) (young) 76M->1111K(128M), 0.0008084 secs]
55.298: [GC pause (G1 Evacuation Pause) (young) 76M->911K(128M), 0.0009806 secs]
55.376: [GC pause (G1 Evacuation Pause) (young) 75M->968K(128M), 0.0012138 secs]
55.451: [GC pause (G1 Evacuation Pause) (young) 75M->1108K(128M), 0.0013237 secs]
55.532: [GC pause (G1 Evacuation Pause) (young) 76M->1103K(128M), 0.0019595 secs]
55.611: [GC pause (G1 Evacuation Pause) (young) 76M->1134K(128M), 0.0019260 secs]
55.688: [GC pause (G1 Evacuation Pause) (young) 76M->1323K(128M), 0.0019447 secs]
55.769: [GC pause (G1 Evacuation Pause) (young) 76M->1114K(128M), 0.0007980 secs]
55.847: [GC pause (G1 Evacuation Pause) (young) 76M->912K(128M), 0.0009723 secs]
55.923: [GC pause (G1 Evacuation Pause) (young) 75M->1005K(128M), 0.0012050 secs]
56.000: [GC pause (G1 Evacuation Pause) (young) 75M->1033K(128M), 0.0015025 secs]
56.078: [GC pause (G1 Evacuation Pause) (young) 76M->1089K(128M), 0.0015778 secs]
56.151: [GC pause (G1 Evacuation Pause) (young) 76M->1165K(128M), 0.0020018 secs]
56.230: [GC pause (G1 Evacuation Pause) (young) 76M->1341K(128M), 0.0018946 secs]
56.302: [GC pause (G1 Evacuation Pause) (young) 76M->950K(128M), 0.0011098 secs]
56.380: [GC pause (G1 Evacuation Pause) (young) 75M->923K(128M), 0.0009718 secs]
56.455: [GC pause (G1 Evacuation Pause) (young) 75M->972K(128M), 0.0011648 secs]
56.535: [GC pause (G1 Evacuation Pause) (young) 75M->1054K(128M), 0.0013106 secs]
56.613: [GC pause (G1 Evacuation Pause) (young) 76M->1207K(128M), 0.0015558 secs]
56.688: [GC pause (G1 Evacuation Pause) (young) 76M->1113K(128M), 0.0016543 secs]
56.765: [GC pause (G1 Evacuation Pause) (young) 76M->1266K(128M), 0.0023692 secs]
56.839: [GC pause (G1 Evacuation Pause) (young) 76M->1049K(128M), 0.0008871 secs]
56.915: [GC pause (G1 Evacuation Pause) (young) 76M->888K(128M), 0.0009861 secs]
56.994: [GC pause (G1 Evacuation Pause) (young) 75M->1008K(128M), 0.0011775 secs]
57.067: [GC pause (G1 Evacuation Pause) (young) 75M->1051K(128M), 0.0015465 secs]
57.143: [GC pause (G1 Evacuation Pause) (young) 76M->1207K(128M), 0.0015553 secs]
57.215: [GC pause (G1 Evacuation Pause) (young) 76M->1112K(128M), 0.0017918 secs]
57.286: [GC pause (G1 Evacuation Pause) (young) 76M->1266K(128M), 0.0019985 secs]
57.356: [GC pause (G1 Evacuation Pause) (young) 76M->1049K(128M), 0.0008035 secs]
57.424: [GC pause (G1 Evacuation Pause) (young) 76M->888K(128M), 0.0010004 secs]
57.493: [GC pause (G1 Evacuation Pause) (young) 75M->1008K(128M), 0.0012044 secs]
57.563: [GC pause (G1 Evacuation Pause) (young) 75M->1051K(128M), 0.0013364 secs]
57.631: [GC pause (G1 Evacuation Pause) (young) 76M->1111K(128M), 0.0019243 secs]
57.699: [GC pause (G1 Evacuation Pause) (young) 76M->1195K(128M), 0.0017857 secs]
57.770: [GC pause (G1 Evacuation Pause) (young) 76M->1349K(128M), 0.0019062 secs]
57.840: [GC pause (G1 Evacuation Pause) (young) 76M->1131K(128M), 0.0008117 secs]
57.908: [GC pause (G1 Evacuation Pause) (young) 76M->919K(128M), 0.0009718 secs]
57.976: [GC pause (G1 Evacuation Pause) (young) 75M->971K(128M), 0.0011571 secs]
58.045: [GC pause (G1 Evacuation Pause) (young) 75M->1053K(128M), 0.0012941 secs]
58.116: [GC pause (G1 Evacuation Pause) (young) 76M->1207K(128M), 0.0019793 secs]
58.186: [GC pause (G1 Evacuation Pause) (young) 76M->1113K(128M), 0.0017208 secs]
58.259: [GC pause (G1 Evacuation Pause) (young) 76M->1287K(128M), 0.0019491 secs]
58.330: [GC pause (G1 Evacuation Pause) (young) 76M->1111K(128M), 0.0008062 secs]
58.398: [GC pause (G1 Evacuation Pause) (young) 76M->911K(128M), 0.0009696 secs]
58.466: [GC pause (G1 Evacuation Pause) (young) 75M->1018K(128M), 0.0012028 secs]
58.536: [GC pause (G1 Evacuation Pause) (young) 75M->1053K(128M), 0.0012880 secs]
58.605: [GC pause (G1 Evacuation Pause) (young) 76M->1207K(128M), 0.0015283 secs]
58.674: [GC pause (G1 Evacuation Pause) (young) 76M->1113K(128M), 0.0016246 secs]
58.743: [GC pause (G1 Evacuation Pause) (young) 76M->1266K(128M), 0.0018919 secs]
58.813: [GC pause (G1 Evacuation Pause) (young) 76M->1049K(128M), 0.0008073 secs]
58.881: [GC pause (G1 Evacuation Pause) (young) 76M->873K(128M), 0.0009916 secs]
58.948: [GC pause (G1 Evacuation Pause) (young) 75M->962K(128M), 0.0011588 secs]
59.018: [GC pause (G1 Evacuation Pause) (young) 75M->1042K(128M), 0.0012853 secs]
59.087: [GC pause (G1 Evacuation Pause) (young) 76M->1204K(128M), 0.0015498 secs]
59.157: [GC pause (G1 Evacuation Pause) (young) 76M->1112K(128M), 0.0016400 secs]
59.225: [GC pause (G1 Evacuation Pause) (young) 76M->1287K(128M), 0.0018924 secs]
59.295: [GC pause (G1 Evacuation Pause) (young) 76M->1111K(128M), 0.0008156 secs]
59.368: [GC pause (G1 Evacuation Pause) (young) 76M->911K(128M), 0.0009806 secs]
59.451: [GC pause (G1 Evacuation Pause) (young) 75M->968K(128M), 0.0018627 secs]
59.542: [GC pause (G1 Evacuation Pause) (young) 75M->1053K(128M), 0.0015630 secs]
59.621: [GC pause (G1 Evacuation Pause) (young) 76M->1112K(128M), 0.0017687 secs]
59.691: [GC pause (G1 Evacuation Pause) (young) 76M->1195K(128M), 0.0022279 secs]
59.762: [GC pause (G1 Evacuation Pause) (young) 76M->1349K(128M), 0.0018935 secs]
59.831: [GC pause (G1 Evacuation Pause) (young) 76M->1131K(128M), 0.0013402 secs]
59.975: [GC pause (G1 Evacuation Pause) (young) 76M->919K(128M), 0.0009597 secs]
60.069: [GC pause (G1 Evacuation Pause) (young) 75M->971K(128M), 0.0011632 secs]
60.137: [GC pause (G1 Evacuation Pause) (young) 75M->1053K(128M), 0.0013001 secs]
60.204: [GC pause (G1 Evacuation Pause) (young) 76M->1207K(128M), 0.0015795 secs]
60.273: [GC pause (G1 Evacuation Pause) (young) 76M->1113K(128M), 0.0016394 secs]
60.342: [GC pause (G1 Evacuation Pause) (young) 76M->1287K(128M), 0.0019886 secs]
60.410: [GC pause (G1 Evacuation Pause) (young) 76M->1111K(128M), 0.0008051 secs]
60.478: [GC pause (G1 Evacuation Pause) (young) 76M->911K(128M), 0.0009806 secs]
60.546: [GC pause (G1 Evacuation Pause) (young) 75M->1005K(128M), 0.0011401 secs]
60.614: [GC pause (G1 Evacuation Pause) (young) 75M->1053K(128M), 0.0016031 secs]
60.693: [GC pause (G1 Evacuation Pause) (young) 76M->1111K(128M), 0.0021883 secs]
60.771: [GC pause (G1 Evacuation Pause) (young) 76M->1171K(128M), 0.0020436 secs]
60.851: [GC pause (G1 Evacuation Pause) (young) 76M->1199K(128M), 0.0022911 secs]
60.928: [GC pause (G1 Evacuation Pause) (young) 76M->1131K(128M), 0.0008035 secs]
61.005: [GC pause (G1 Evacuation Pause) (young) 76M->893K(128M), 0.0009729 secs]
61.090: [GC pause (G1 Evacuation Pause) (young) 75M->970K(128M), 0.0011439 secs]
61.173: [GC pause (G1 Evacuation Pause) (young) 75M->1044K(128M), 0.0013012 secs]
61.254: [GC pause (G1 Evacuation Pause) (young) 76M->1109K(128M), 0.0016295 secs]
61.331: [GC pause (G1 Evacuation Pause) (young) 76M->1153K(128M), 0.0019529 secs]
61.410: [GC pause (G1 Evacuation Pause) (young) 76M->1301K(128M), 0.0019584 secs]
61.489: [GC pause (G1 Evacuation Pause) (young) 76M->1053K(128M), 0.0008062 secs]
61.569: [GC pause (G1 Evacuation Pause) (young) 76M->874K(128M), 0.0009712 secs]
61.647: [GC pause (G1 Evacuation Pause) (young) 75M->963K(128M), 0.0011494 secs]
61.728: [GC pause (G1 Evacuation Pause) (young) 75M->1097K(128M), 0.0014211 secs]
61.802: [GC pause (G1 Evacuation Pause) (young) 76M->1099K(128M), 0.0027817 secs]
61.880: [GC pause (G1 Evacuation Pause) (young) 76M->1239K(128M), 0.0017659 secs]
61.958: [GC pause (G1 Evacuation Pause) (young) 76M->1418K(128M), 0.0019612 secs]
62.037: [GC pause (G1 Evacuation Pause) (young) 76M->965K(128M), 0.0008442 secs]
62.115: [GC pause (G1 Evacuation Pause) (young) 75M->900K(128M), 0.0009613 secs]
62.197: [GC pause (G1 Evacuation Pause) (young) 75M->947K(128M), 0.0011478 secs]
62.283: [GC pause (G1 Evacuation Pause) (young) 75M->1038K(128M), 0.0018550 secs]
62.362: [GC pause (G1 Evacuation Pause) (young) 76M->1107K(128M), 0.0016768 secs]
62.441: [GC pause (G1 Evacuation Pause) (young) 76M->1152K(128M), 0.0023769 secs]
62.533: [GC pause (G1 Evacuation Pause) (young) 76M->1331K(128M), 0.0031518 secs]
62.626: [GC pause (G1 Evacuation Pause) (young) 76M->1115K(128M), 0.0007980 secs]
62.744: [GC pause (G1 Evacuation Pause) (young) 76M->912K(128M), 0.0009652 secs]
62.828: [GC pause (G1 Evacuation Pause) (young) 75M->969K(128M), 0.0011549 secs]
62.915: [GC pause (G1 Evacuation Pause) (young) 75M->1053K(128M), 0.0019271 secs]
62.995: [GC pause (G1 Evacuation Pause) (young) 76M->1207K(128M), 0.0015278 secs]
63.066: [GC pause (G1 Evacuation Pause) (young) 76M->1113K(128M), 0.0021278 secs]
63.135: [GC pause (G1 Evacuation Pause) (young) 76M->1266K(128M), 0.0018781 secs]
63.207: [GC pause (G1 Evacuation Pause) (young) 76M->1049K(128M), 0.0008128 secs]
63.282: [GC pause (G1 Evacuation Pause) (young) 76M->888K(128M), 0.0011984 secs]
63.354: [GC pause (G1 Evacuation Pause) (young) 75M->1008K(128M), 0.0011362 secs]
63.422: [GC pause (G1 Evacuation Pause) (young) 75M->1106K(128M), 0.0012869 secs]
63.492: [GC pause (G1 Evacuation Pause) (young) 76M->1102K(128M), 0.0017181 secs]
63.566: [GC pause (G1 Evacuation Pause) (young) 76M->1146K(128M), 0.0023868 secs]
63.644: [GC pause (G1 Evacuation Pause) (young) 76M->1336K(128M), 0.0019029 secs]
63.729: [GC pause (G1 Evacuation Pause) (young) 76M->1130K(128M), 0.0008002 secs]
63.808: [GC pause (G1 Evacuation Pause) (young) 76M->893K(128M), 0.0009734 secs]
63.885: [GC pause (G1 Evacuation Pause) (young) 75M->975K(128M), 0.0013859 secs]
63.971: [GC pause (G1 Evacuation Pause) (young) 75M->1044K(128M), 0.0016207 secs]
64.053: [GC pause (G1 Evacuation Pause) (young) 76M->1205K(128M), 0.0017951 secs]
64.155: [GC pause (G1 Evacuation Pause) (young) 76M->1112K(128M), 0.0016823 secs]
64.261: [GC pause (G1 Evacuation Pause) (young) 76M->1266K(128M), 0.0028686 secs]
64.354: [GC pause (G1 Evacuation Pause) (young) 76M->1049K(128M), 0.0008992 secs]
64.438: [GC pause (G1 Evacuation Pause) (young) 76M->888K(128M), 0.0013034 secs]
64.526: [GC pause (G1 Evacuation Pause) (young) 75M->1008K(128M), 0.0012605 secs]
64.643: [GC pause (G1 Evacuation Pause) (young) 75M->1051K(128M), 0.0013991 secs]
64.722: [GC pause (G1 Evacuation Pause) (young) 76M->1207K(128M), 0.0017087 secs]
64.814: [GC pause (G1 Evacuation Pause) (young) 76M->1112K(128M), 0.0043452 secs]
64.907: [GC pause (G1 Evacuation Pause) (young) 76M->1287K(128M), 0.0022295 secs]
65.001: [GC pause (G1 Evacuation Pause) (young) 76M->1111K(128M), 0.0018050 secs]
65.105: [GC pause (G1 Evacuation Pause) (young) 76M->888K(128M), 0.0011560 secs]
65.216: [GC pause (G1 Evacuation Pause) (young) 75M->972K(128M), 0.0017137 secs]
65.315: [GC pause (G1 Evacuation Pause) (young) 75M->1112K(128M), 0.0018501 secs]
65.387: [GC pause (G1 Evacuation Pause) (young) 76M->1205K(128M), 0.0016636 secs]
65.455: [GC pause (G1 Evacuation Pause) (young) 76M->1112K(128M), 0.0016257 secs]
65.524: [GC pause (G1 Evacuation Pause) (young) 76M->1287K(128M), 0.0018924 secs]
65.596: [GC pause (G1 Evacuation Pause) (young) 76M->1111K(128M), 0.0008095 secs]
65.665: [GC pause (G1 Evacuation Pause) (young) 76M->911K(128M), 0.0010037 secs]
65.732: [GC pause (G1 Evacuation Pause) (young) 75M->1005K(128M), 0.0011786 secs]
65.799: [GC pause (G1 Evacuation Pause) (young) 75M->1053K(128M), 0.0013611 secs]
65.875: [GC pause (G1 Evacuation Pause) (young) 76M->1111K(128M), 0.0015300 secs]
65.981: [GC pause (G1 Evacuation Pause) (young) 76M->1171K(128M), 0.0030732 secs]
66.079: [GC pause (G1 Evacuation Pause) (young) 76M->1343K(128M), 0.0019040 secs]
66.160: [GC pause (G1 Evacuation Pause) (young) 76M->1131K(128M), 0.0007947 secs]
66.245: [GC pause (G1 Evacuation Pause) (young) 76M->918K(128M), 0.0009723 secs]
66.316: [GC pause (G1 Evacuation Pause) (young) 75M->971K(128M), 0.0011324 secs]
66.385: [GC pause (G1 Evacuation Pause) (young) 75M->1108K(128M), 0.0013034 secs]
66.453: [GC pause (G1 Evacuation Pause) (young) 76M->1103K(128M), 0.0015855 secs]
66.520: [GC pause (G1 Evacuation Pause) (young) 76M->1240K(128M), 0.0016466 secs]
66.587: [GC pause (G1 Evacuation Pause) (young) 76M->1419K(128M), 0.0019408 secs]
66.655: [GC pause (G1 Evacuation Pause) (young) 76M->965K(128M), 0.0008238 secs]
66.722: [GC pause (G1 Evacuation Pause) (young) 75M->900K(128M), 0.0010240 secs]
66.789: [GC pause (G1 Evacuation Pause) (young) 75M->947K(128M), 0.0011417 secs]
66.861: [GC pause (G1 Evacuation Pause) (young) 75M->1038K(128M), 0.0015311 secs]
66.928: [GC pause (G1 Evacuation Pause) (young) 76M->1107K(128M), 0.0015443 secs]
67.011: [GC pause (G1 Evacuation Pause) (young) 76M->1170K(128M), 0.0024358 secs]
67.125: [GC pause (G1 Evacuation Pause) (young) 76M->1425K(128M), 0.0021151 secs]
67.200: [GC pause (G1 Evacuation Pause) (young) 76M->955K(128M), 0.0013699 secs]
67.277: [GC pause (G1 Evacuation Pause) (young) 75M->881K(128M), 0.0010845 secs]
67.358: [GC pause (G1 Evacuation Pause) (young) 75M->950K(128M), 0.0012341 secs]
67.443: [GC pause (G1 Evacuation Pause) (young) 75M->1039K(128M), 0.0013468 secs]
67.522: [GC pause (G1 Evacuation Pause) (young) 76M->1108K(128M), 0.0016559 secs]
67.604: [GC pause (G1 Evacuation Pause) (young) 76M->1170K(128M), 0.0016510 secs]
67.686: [GC pause (G1 Evacuation Pause) (young) 76M->1342K(128M), 0.0019414 secs]
67.756: [GC pause (G1 Evacuation Pause) (young) 76M->1131K(128M), 0.0008260 secs]
67.823: [GC pause (G1 Evacuation Pause) (young) 76M->918K(128M), 0.0009745 secs]
67.899: [GC pause (G1 Evacuation Pause) (young) 75M->971K(128M), 0.0011478 secs]
68.013: [GC pause (G1 Evacuation Pause) (young) 75M->1053K(128M), 0.0014106 secs]
68.119: [GC pause (G1 Evacuation Pause) (young) 76M->1207K(128M), 0.0015927 secs]
68.212: [GC pause (G1 Evacuation Pause) (young) 76M->1113K(128M), 0.0043727 secs]
68.307: [GC pause (G1 Evacuation Pause) (young) 76M->1266K(128M), 0.0019562 secs]
68.393: [GC pause (G1 Evacuation Pause) (young) 76M->1049K(128M), 0.0008040 secs]
68.469: [GC pause (G1 Evacuation Pause) (young) 76M->888K(128M), 0.0012484 secs]
68.576: [GC pause (G1 Evacuation Pause) (young) 75M->1008K(128M), 0.0012000 secs]
68.663: [GC pause (G1 Evacuation Pause) (young) 75M->1051K(128M), 0.0013468 secs]
68.736: [GC pause (G1 Evacuation Pause) (young) 76M->1111K(128M), 0.0023995 secs]
68.811: [GC pause (G1 Evacuation Pause) (young) 76M->1195K(128M), 0.0019634 secs]
68.884: [GC pause (G1 Evacuation Pause) (young) 76M->1349K(128M), 0.0018869 secs]
68.960: [GC pause (G1 Evacuation Pause) (young) 76M->1131K(128M), 0.0008288 secs]
69.036: [GC pause (G1 Evacuation Pause) (young) 76M->919K(128M), 0.0012886 secs]
69.109: [GC pause (G1 Evacuation Pause) (young) 75M->971K(128M), 0.0011456 secs]
69.184: [GC pause (G1 Evacuation Pause) (young) 75M->1108K(128M), 0.0013358 secs]
69.301: [GC pause (G1 Evacuation Pause) (young) 76M->1103K(128M), 0.0017692 secs]
69.419: [GC pause (G1 Evacuation Pause) (young) 76M->1228K(128M), 0.0019392 secs]
69.514: [GC pause (G1 Evacuation Pause) (young) 76M->1323K(128M), 0.0024490 secs]
69.616: [GC pause (G1 Evacuation Pause) (young) 76M->1114K(128M), 0.0008178 secs]
69.708: [GC pause (G1 Evacuation Pause) (young) 76M->889K(128M), 0.0010576 secs]
69.782: [GC pause (G1 Evacuation Pause) (young) 75M->968K(128M), 0.0027305 secs]
69.867: [GC pause (G1 Evacuation Pause) (young) 75M->989K(128M), 0.0034086 secs]
69.946: [GC pause (G1 Evacuation Pause) (young) 75M->1109K(128M), 0.0016081 secs]
70.048: [GC pause (G1 Evacuation Pause) (young) 76M->1170K(128M), 0.0024237 secs]
70.118: [GC pause (G1 Evacuation Pause) (young) 76M->1342K(128M), 0.0018957 secs]
70.188: [GC pause (G1 Evacuation Pause) (young) 76M->1131K(128M), 0.0008381 secs]
70.261: [GC pause (G1 Evacuation Pause) (young) 76M->943K(128M), 0.0012561 secs]
70.328: [GC pause (G1 Evacuation Pause) (young) 75M->967K(128M), 0.0011621 secs]
70.397: [GC pause (G1 Evacuation Pause) (young) 75M->1030K(128M), 0.0013507 secs]
70.469: [GC pause (G1 Evacuation Pause) (young) 76M->1105K(128M), 0.0015366 secs]
70.538: [GC pause (G1 Evacuation Pause) (young) 76M->1252K(128M), 0.0016218 secs]
70.607: [GC pause (G1 Evacuation Pause) (young) 76M->1264K(128M), 0.0019414 secs]
70.676: [GC pause (G1 Evacuation Pause) (young) 76M->1032K(128M), 0.0007991 secs]
70.744: [GC pause (G1 Evacuation Pause) (young) 76M->918K(128M), 0.0009690 secs]
70.812: [GC pause (G1 Evacuation Pause) (young) 75M->1005K(128M), 0.0013139 secs]
70.886: [GC pause (G1 Evacuation Pause) (young) 75M->1050K(128M), 0.0013430 secs]
70.954: [GC pause (G1 Evacuation Pause) (young) 76M->1206K(128M), 0.0016664 secs]
71.025: [GC pause (G1 Evacuation Pause) (young) 76M->1112K(128M), 0.0016543 secs]
71.095: [GC pause (G1 Evacuation Pause) (young) 76M->1266K(128M), 0.0018809 secs]
71.164: [GC pause (G1 Evacuation Pause) (young) 76M->1049K(128M), 0.0008156 secs]
71.235: [GC pause (G1 Evacuation Pause) (young) 76M->888K(128M), 0.0015756 secs]
