Java HotSpot(TM) 64-Bit Server VM (25.171-b11) for windows-amd64 JRE (1.8.0_171-b11), built on Mar 28 2018 16:06:12 by "java_re" with MS VC++ 10.0 (VS2010)
Memory: 4k page, physical 4040884k(1362188k free), swap 8079908k(4142968k free)
CommandLine flags: -XX:+HeapDumpOnOutOfMemoryError -XX:HeapDumpPath=./HW05-gc/dump/G1_dump -XX:InitialHeapSize=8388608 -XX:MaxHeapSize=8388608 -XX:+PrintGC -XX:+PrintGCTimeStamps -XX:+UseCompressedClassPointers -XX:+UseCompressedOops -XX:+UseG1GC -XX:-UseLargePagesIndividualAllocation 
0.667: [GC pause (G1 Evacuation Pause) (young) 4096K->980K(8192K), 0.0037601 secs]
0.698: [GC pause (G1 Evacuation Pause) (young) 4052K->1597K(8192K), 0.0026612 secs]
0.706: [GC pause (G1 Evacuation Pause) (young) 4669K->1031K(8192K), 0.0031194 secs]
0.714: [GC pause (G1 Evacuation Pause) (young) 4103K->872K(8192K), 0.0098663 secs]
0.772: [GC pause (G1 Evacuation Pause) (young) 3944K->1008K(8192K), 0.0012226 secs]
0.775: [GC pause (G1 Evacuation Pause) (young) 4080K->936K(8192K), 0.0009778 secs]
0.797: [GC pause (G1 Evacuation Pause) (young) 4008K->881K(8192K), 0.0006720 secs]
0.800: [GC pause (G1 Evacuation Pause) (young) 3953K->987K(8192K), 0.0011593 secs]
0.803: [GC pause (G1 Evacuation Pause) (young) 4059K->908K(8192K), 0.0008183 secs]
0.806: [GC pause (G1 Evacuation Pause) (young) 3980K->972K(8192K), 0.0011384 secs]
0.809: [GC pause (G1 Evacuation Pause) (young) 4044K->913K(8192K), 0.0009256 secs]
0.813: [GC pause (G1 Evacuation Pause) (young) 3985K->975K(8192K), 0.0013188 secs]
0.816: [GC pause (G1 Evacuation Pause) (young) 4047K->913K(8192K), 0.0008139 secs]
0.819: [GC pause (G1 Evacuation Pause) (young) 3985K->976K(8192K), 0.0016097 secs]
0.823: [GC pause (G1 Evacuation Pause) (young) 4048K->913K(8192K), 0.0008486 secs]
0.826: [GC pause (G1 Evacuation Pause) (young) 3985K->976K(8192K), 0.0012033 secs]
0.829: [GC pause (G1 Evacuation Pause) (young) 4048K->913K(8192K), 0.0008271 secs]
0.833: [GC pause (G1 Evacuation Pause) (young) 3985K->976K(8192K), 0.0011753 secs]
0.836: [GC pause (G1 Evacuation Pause) (young) 4048K->913K(8192K), 0.0008750 secs]
0.839: [GC pause (G1 Evacuation Pause) (young) 3985K->976K(8192K), 0.0020376 secs]
0.843: [GC pause (G1 Evacuation Pause) (young) 4048K->913K(8192K), 0.0008244 secs]
0.846: [GC pause (G1 Evacuation Pause) (young) 3985K->976K(8192K), 0.0011302 secs]
0.854: [GC pause (G1 Evacuation Pause) (young) 4048K->913K(8192K), 0.0008282 secs]
0.858: [GC pause (G1 Evacuation Pause) (young) 3985K->976K(8192K), 0.0012248 secs]
0.861: [GC pause (G1 Evacuation Pause) (young) 4048K->913K(8192K), 0.0008029 secs]
0.864: [GC pause (G1 Evacuation Pause) (young) 3985K->976K(8192K), 0.0011478 secs]
0.868: [GC pause (G1 Evacuation Pause) (young) 4048K->913K(8192K), 0.0008194 secs]
0.871: [GC pause (G1 Evacuation Pause) (young) 3985K->976K(8192K), 0.0011802 secs]
0.874: [GC pause (G1 Evacuation Pause) (young) 4048K->913K(8192K), 0.0008200 secs]
0.878: [GC pause (G1 Evacuation Pause) (young) 3985K->976K(8192K), 0.0020497 secs]
0.882: [GC pause (G1 Evacuation Pause) (young) 4048K->913K(8192K), 0.0011780 secs]
0.885: [GC pause (G1 Evacuation Pause) (young) 3985K->976K(8192K), 0.0021212 secs]
0.890: [GC pause (G1 Evacuation Pause) (young) 4048K->913K(8192K), 0.0008783 secs]
0.893: [GC pause (G1 Evacuation Pause) (young) 3985K->976K(8192K), 0.0011703 secs]
0.896: [GC pause (G1 Evacuation Pause) (young) 4048K->913K(8192K), 0.0013007 secs]
0.900: [GC pause (G1 Evacuation Pause) (young) 3985K->976K(8192K), 0.0013309 secs]
0.903: [GC pause (G1 Evacuation Pause) (young) 4048K->913K(8192K), 0.0012072 secs]
0.907: [GC pause (G1 Evacuation Pause) (young) 3985K->976K(8192K), 0.0027910 secs]
0.912: [GC pause (G1 Evacuation Pause) (young) 4048K->913K(8192K), 0.0013936 secs]
0.916: [GC pause (G1 Evacuation Pause) (young) 3985K->976K(8192K), 0.0011670 secs]
0.919: [GC pause (G1 Evacuation Pause) (young) 4048K->913K(8192K), 0.0015833 secs]
0.923: [GC pause (G1 Evacuation Pause) (young) 3985K->976K(8192K), 0.0014618 secs]
0.927: [GC pause (G1 Evacuation Pause) (young) 4048K->913K(8192K), 0.0008095 secs]
0.930: [GC pause (G1 Evacuation Pause) (young) 3985K->976K(8192K), 0.0020420 secs]
0.935: [GC pause (G1 Evacuation Pause) (young) 4048K->913K(8192K), 0.0008645 secs]
0.938: [GC pause (G1 Evacuation Pause) (young) 3985K->976K(8192K), 0.0012138 secs]
0.941: [GC pause (G1 Evacuation Pause) (young) 4048K->913K(8192K), 0.0008112 secs]
0.944: [GC pause (G1 Evacuation Pause) (young) 3985K->976K(8192K), 0.0019452 secs]
0.959: [GC pause (G1 Evacuation Pause) (young) 4048K->913K(8192K), 0.0009113 secs]
0.966: [GC pause (G1 Evacuation Pause) (young) 3985K->976K(8192K), 0.0011912 secs]
0.969: [GC pause (G1 Evacuation Pause) (young) 4048K->913K(8192K), 0.0009360 secs]
0.972: [GC pause (G1 Evacuation Pause) (young) 3985K->976K(8192K), 0.0011549 secs]
0.975: [GC pause (G1 Evacuation Pause) (young) 4048K->913K(8192K), 0.0008233 secs]
0.978: [GC pause (G1 Evacuation Pause) (young) 3985K->976K(8192K), 0.0021646 secs]
0.983: [GC pause (G1 Evacuation Pause) (young) 4048K->913K(8192K), 0.0008244 secs]
0.986: [GC pause (G1 Evacuation Pause) (young) 3985K->976K(8192K), 0.0021063 secs]
1.029: [GC pause (G1 Evacuation Pause) (young) 4048K->913K(8192K), 0.0008805 secs]
1.032: [GC pause (G1 Evacuation Pause) (young) 3985K->976K(8192K), 0.0011467 secs]
1.035: [GC pause (G1 Evacuation Pause) (young) 4048K->913K(8192K), 0.0009052 secs]
1.044: [GC pause (G1 Evacuation Pause) (young) 3985K->976K(8192K), 0.0020398 secs]
1.048: [GC pause (G1 Evacuation Pause) (young) 4048K->913K(8192K), 0.0014964 secs]
1.052: [GC pause (G1 Evacuation Pause) (young) 3985K->976K(8192K), 0.0011549 secs]
1.056: [GC pause (G1 Evacuation Pause) (young) 4048K->913K(8192K), 0.0014271 secs]
1.060: [GC pause (G1 Evacuation Pause) (young) 3985K->976K(8192K), 0.0011709 secs]
1.063: [GC pause (G1 Evacuation Pause) (young) 4048K->913K(8192K), 0.0009107 secs]
1.066: [GC pause (G1 Evacuation Pause) (young) 3985K->976K(8192K), 0.0011549 secs]
1.080: [GC pause (G1 Evacuation Pause) (young) 4048K->913K(8192K), 0.0008216 secs]
1.083: [GC pause (G1 Evacuation Pause) (young) 3985K->976K(8192K), 0.0013067 secs]
1.087: [GC pause (G1 Evacuation Pause) (young) 4048K->913K(8192K), 0.0010235 secs]
1.090: [GC pause (G1 Evacuation Pause) (young) 3985K->976K(8192K), 0.0011681 secs]
1.098: [GC pause (G1 Evacuation Pause) (young) 4048K->913K(8192K), 0.0008986 secs]
1.101: [GC pause (G1 Evacuation Pause) (young) 3985K->976K(8192K), 0.0012435 secs]
1.104: [GC pause (G1 Evacuation Pause) (young) 4048K->913K(8192K), 0.0016405 secs]
1.108: [GC pause (G1 Evacuation Pause) (young) 3985K->976K(8192K), 0.0012297 secs]
1.112: [GC pause (G1 Evacuation Pause) (young) 4048K->913K(8192K), 0.0009316 secs]
1.115: [GC pause (G1 Evacuation Pause) (young) 3985K->976K(8192K), 0.0012231 secs]
1.118: [GC pause (G1 Evacuation Pause) (young) 4048K->913K(8192K), 0.0008156 secs]
1.122: [GC pause (G1 Evacuation Pause) (young) 3985K->976K(8192K), 0.0011604 secs]
1.125: [GC pause (G1 Evacuation Pause) (young) 4048K->913K(8192K), 0.0008959 secs]
1.128: [GC pause (G1 Evacuation Pause) (young) 3985K->976K(8192K), 0.0011362 secs]
1.131: [GC pause (G1 Evacuation Pause) (young) 4048K->913K(8192K), 0.0015173 secs]
1.135: [GC pause (G1 Evacuation Pause) (young) 3985K->976K(8192K), 0.0011615 secs]
1.139: [GC pause (G1 Evacuation Pause) (young) 4048K->913K(8192K), 0.0008084 secs]
1.142: [GC pause (G1 Evacuation Pause) (young) 3985K->976K(8192K), 0.0011874 secs]
1.145: [GC pause (G1 Evacuation Pause) (young) 4048K->913K(8192K), 0.0008651 secs]
1.148: [GC pause (G1 Evacuation Pause) (young) 3985K->976K(8192K), 0.0011296 secs]
1.151: [GC pause (G1 Evacuation Pause) (young) 4048K->913K(8192K), 0.0008601 secs]
1.155: [GC pause (G1 Evacuation Pause) (young) 3985K->976K(8192K), 0.0015118 secs]
1.158: [GC pause (G1 Evacuation Pause) (young) 4048K->913K(8192K), 0.0008997 secs]
1.161: [GC pause (G1 Evacuation Pause) (young) 3985K->976K(8192K), 0.0011175 secs]
1.165: [GC pause (G1 Evacuation Pause) (young) 4048K->913K(8192K), 0.0018308 secs]
1.169: [GC pause (G1 Evacuation Pause) (young) 3985K->1003K(8192K), 0.0013463 secs]
1.173: [GC pause (G1 Evacuation Pause) (young) 4075K->913K(8192K), 0.0010378 secs]
1.176: [GC pause (G1 Evacuation Pause) (young) 3985K->976K(8192K), 0.0011841 secs]
1.180: [GC pause (G1 Evacuation Pause) (young) 4048K->913K(8192K), 0.0008656 secs]
1.183: [GC pause (G1 Evacuation Pause) (young) 3985K->976K(8192K), 0.0011483 secs]
1.186: [GC pause (G1 Evacuation Pause) (young) 4048K->913K(8192K), 0.0009102 secs]
1.189: [GC pause (G1 Evacuation Pause) (young) 3985K->1003K(8192K), 0.0012391 secs]
1.193: [GC pause (G1 Evacuation Pause) (young) 4075K->913K(8192K), 0.0008502 secs]
1.196: [GC pause (G1 Evacuation Pause) (young) 3985K->976K(8192K), 0.0011500 secs]
1.199: [GC pause (G1 Evacuation Pause) (young) 4048K->913K(8192K), 0.0009481 secs]
1.202: [GC pause (G1 Evacuation Pause) (young) 3985K->976K(8192K), 0.0011467 secs]
1.206: [GC pause (G1 Evacuation Pause) (young) 4048K->913K(8192K), 0.0008326 secs]
1.209: [GC pause (G1 Evacuation Pause) (young) 3985K->976K(8192K), 0.0012176 secs]
1.212: [GC pause (G1 Evacuation Pause) (young) 4048K->913K(8192K), 0.0009311 secs]
1.215: [GC pause (G1 Evacuation Pause) (young) 3985K->976K(8192K), 0.0011439 secs]
1.219: [GC pause (G1 Evacuation Pause) (young) 4048K->913K(8192K), 0.0008299 secs]
1.222: [GC pause (G1 Evacuation Pause) (young) 3985K->976K(8192K), 0.0012341 secs]
1.226: [GC pause (G1 Evacuation Pause) (young) 4048K->913K(8192K), 0.0008288 secs]
1.229: [GC pause (G1 Evacuation Pause) (young) 3985K->976K(8192K), 0.0012044 secs]
1.232: [GC pause (G1 Evacuation Pause) (young) 4048K->913K(8192K), 0.0008728 secs]
1.235: [GC pause (G1 Evacuation Pause) (young) 3985K->976K(8192K), 0.0011588 secs]
1.239: [GC pause (G1 Evacuation Pause) (young) 4048K->913K(8192K), 0.0008337 secs]
1.241: [GC pause (G1 Evacuation Pause) (young) 3985K->976K(8192K), 0.0011995 secs]
1.245: [GC pause (G1 Evacuation Pause) (young) 4048K->913K(8192K), 0.0008970 secs]
1.248: [GC pause (G1 Evacuation Pause) (young) 3985K->976K(8192K), 0.0011456 secs]
1.251: [GC pause (G1 Evacuation Pause) (young) 4048K->913K(8192K), 0.0008381 secs]
1.254: [GC pause (G1 Evacuation Pause) (young) 3985K->976K(8192K), 0.0011500 secs]
1.258: [GC pause (G1 Evacuation Pause) (young) 4048K->913K(8192K), 0.0008271 secs]
1.261: [GC pause (G1 Evacuation Pause) (young) 3985K->976K(8192K), 0.0011500 secs]
1.264: [GC pause (G1 Evacuation Pause) (young) 4048K->913K(8192K), 0.0008183 secs]
1.267: [GC pause (G1 Evacuation Pause) (young) 3985K->976K(8192K), 0.0011252 secs]
1.270: [GC pause (G1 Evacuation Pause) (young) 4048K->913K(8192K), 0.0008568 secs]
1.273: [GC pause (G1 Evacuation Pause) (young) 3985K->976K(8192K), 0.0011351 secs]
1.277: [GC pause (G1 Evacuation Pause) (young) 4048K->913K(8192K), 0.0008233 secs]
1.280: [GC pause (G1 Evacuation Pause) (young) 3985K->976K(8192K), 0.0011417 secs]
1.283: [GC pause (G1 Evacuation Pause) (young) 4048K->913K(8192K), 0.0008106 secs]
1.286: [GC pause (G1 Evacuation Pause) (young) 3985K->976K(8192K), 0.0012028 secs]
1.290: [GC pause (G1 Evacuation Pause) (young) 4048K->913K(8192K), 0.0008073 secs]
1.293: [GC pause (G1 Evacuation Pause) (young) 3985K->976K(8192K), 0.0012462 secs]
1.296: [GC pause (G1 Evacuation Pause) (young) 4048K->913K(8192K), 0.0008106 secs]
1.299: [GC pause (G1 Evacuation Pause) (young) 3985K->976K(8192K), 0.0011505 secs]
1.302: [GC pause (G1 Evacuation Pause) (young) 4048K->913K(8192K), 0.0008161 secs]
1.305: [GC pause (G1 Evacuation Pause) (young) 3985K->976K(8192K), 0.0012484 secs]
1.309: [GC pause (G1 Evacuation Pause) (young) 4048K->913K(8192K), 0.0014332 secs]
1.313: [GC pause (G1 Evacuation Pause) (young) 3985K->976K(8192K), 0.0012435 secs]
1.316: [GC pause (G1 Evacuation Pause) (young) 4048K->913K(8192K), 0.0010075 secs]
1.319: [GC pause (G1 Evacuation Pause) (young) 3985K->976K(8192K), 0.0012396 secs]
1.323: [GC pause (G1 Evacuation Pause) (young) 4048K->913K(8192K), 0.0008172 secs]
1.326: [GC pause (G1 Evacuation Pause) (young) 3985K->976K(8192K), 0.0012369 secs]
1.329: [GC pause (G1 Evacuation Pause) (young) 4048K->913K(8192K), 0.0008128 secs]
1.332: [GC pause (G1 Evacuation Pause) (young) 3985K->976K(8192K), 0.0012110 secs]
1.336: [GC pause (G1 Evacuation Pause) (young) 4048K->913K(8192K), 0.0028653 secs]
1.341: [GC pause (G1 Evacuation Pause) (young) 3985K->976K(8192K), 0.0011742 secs]
1.344: [GC pause (G1 Evacuation Pause) (young) 4048K->913K(8192K), 0.0008414 secs]
1.347: [GC pause (G1 Evacuation Pause) (young) 3985K->976K(8192K), 0.0012512 secs]
1.351: [GC pause (G1 Evacuation Pause) (young) 4048K->913K(8192K), 0.0008090 secs]
1.354: [GC pause (G1 Evacuation Pause) (young) 3985K->976K(8192K), 0.0011362 secs]
1.357: [GC pause (G1 Evacuation Pause) (young) 4048K->913K(8192K), 0.0013798 secs]
1.363: [GC pause (G1 Evacuation Pause) (young) 3985K->976K(8192K), 0.0012369 secs]
1.366: [GC pause (G1 Evacuation Pause) (young) 4048K->913K(8192K), 0.0008431 secs]
1.369: [GC pause (G1 Evacuation Pause) (young) 3985K->976K(8192K), 0.0011923 secs]
1.373: [GC pause (G1 Evacuation Pause) (young) 4048K->913K(8192K), 0.0008139 secs]
1.376: [GC pause (G1 Evacuation Pause) (young) 3985K->976K(8192K), 0.0011527 secs]
1.379: [GC pause (G1 Evacuation Pause) (young) 4048K->913K(8192K), 0.0008722 secs]
1.382: [GC pause (G1 Evacuation Pause) (young) 3985K->976K(8192K), 0.0011461 secs]
1.386: [GC pause (G1 Evacuation Pause) (young) 4048K->913K(8192K), 0.0008200 secs]
1.389: [GC pause (G1 Evacuation Pause) (young) 3985K->976K(8192K), 0.0011423 secs]
1.393: [GC pause (G1 Evacuation Pause) (young) 4048K->913K(8192K), 0.0008942 secs]
1.396: [GC pause (G1 Evacuation Pause) (young) 3985K->976K(8192K), 0.0011483 secs]
1.399: [GC pause (G1 Evacuation Pause) (young) 4048K->913K(8192K), 0.0009333 secs]
1.402: [GC pause (G1 Evacuation Pause) (young) 3985K->976K(8192K), 0.0021184 secs]
1.407: [GC pause (G1 Evacuation Pause) (young) 4048K->913K(8192K), 0.0010526 secs]
1.410: [GC pause (G1 Evacuation Pause) (young) 3985K->976K(8192K), 0.0019078 secs]
1.414: [GC pause (G1 Evacuation Pause) (young) 4048K->913K(8192K), 0.0009393 secs]
1.417: [GC pause (G1 Evacuation Pause) (young) 3985K->976K(8192K), 0.0011483 secs]
1.421: [GC pause (G1 Evacuation Pause) (young) 4048K->913K(8192K), 0.0030721 secs]
1.426: [GC pause (G1 Evacuation Pause) (young) 3985K->976K(8192K), 0.0011577 secs]
1.429: [GC pause (G1 Evacuation Pause) (young) 4048K->913K(8192K), 0.0009602 secs]
1.433: [GC pause (G1 Evacuation Pause) (young) 3985K->976K(8192K), 0.0012550 secs]
1.436: [GC pause (G1 Evacuation Pause) (young) 4048K->913K(8192K), 0.0010554 secs]
1.440: [GC pause (G1 Evacuation Pause) (young) 3985K->976K(8192K), 0.0021520 secs]
1.444: [GC pause (G1 Evacuation Pause) (young) 4048K->913K(8192K), 0.0010416 secs]
1.447: [GC pause (G1 Evacuation Pause) (young) 3985K->976K(8192K), 0.0011384 secs]
1.451: [GC pause (G1 Evacuation Pause) (young) 4048K->913K(8192K), 0.0013018 secs]
1.454: [GC pause (G1 Evacuation Pause) (young) 3985K->976K(8192K), 0.0012627 secs]
1.458: [GC pause (G1 Evacuation Pause) (young) 4048K->913K(8192K), 0.0010867 secs]
1.461: [GC pause (G1 Evacuation Pause) (young) 3985K->976K(8192K), 0.0012468 secs]
1.465: [GC pause (G1 Evacuation Pause) (young) 4048K->913K(8192K), 0.0010834 secs]
1.468: [GC pause (G1 Evacuation Pause) (young) 3985K->976K(8192K), 0.0014464 secs]
1.471: [GC pause (G1 Evacuation Pause) (young) 4048K->913K(8192K), 0.0009184 secs]
1.475: [GC pause (G1 Evacuation Pause) (young) 3985K->976K(8192K), 0.0023027 secs]
1.479: [GC pause (G1 Evacuation Pause) (young) 4048K->913K(8192K), 0.0008293 secs]
1.507: [GC pause (G1 Evacuation Pause) (young) 3985K->976K(8192K), 0.0012061 secs]
1.511: [GC pause (G1 Evacuation Pause) (young) 4048K->913K(8192K), 0.0013232 secs]
1.514: [GC pause (G1 Evacuation Pause) (young) 3985K->976K(8192K), 0.0011461 secs]
1.517: [GC pause (G1 Evacuation Pause) (young) 4048K->913K(8192K), 0.0008706 secs]
1.521: [GC pause (G1 Evacuation Pause) (young) 3985K->976K(8192K), 0.0012259 secs]
1.524: [GC pause (G1 Evacuation Pause) (young) 4048K->913K(8192K), 0.0008277 secs]
1.528: [GC pause (G1 Evacuation Pause) (young) 3985K->976K(8192K), 0.0011588 secs]
1.531: [GC pause (G1 Evacuation Pause) (young) 4048K->913K(8192K), 0.0008689 secs]
1.534: [GC pause (G1 Evacuation Pause) (young) 3985K->976K(8192K), 0.0019144 secs]
1.544: [GC pause (G1 Evacuation Pause) (young) 4048K->913K(8192K), 0.0021223 secs]
1.549: [GC pause (G1 Evacuation Pause) (young) 3985K->976K(8192K), 0.0018781 secs]
1.553: [GC pause (G1 Evacuation Pause) (young) 4048K->913K(8192K), 0.0008134 secs]
1.556: [GC pause (G1 Evacuation Pause) (young) 3985K->976K(8192K), 0.0011874 secs]
1.560: [GC pause (G1 Evacuation Pause) (young) 4048K->913K(8192K), 0.0008205 secs]
1.563: [GC pause (G1 Evacuation Pause) (young) 3985K->976K(8192K), 0.0011434 secs]
1.567: [GC pause (G1 Evacuation Pause) (young) 4048K->913K(8192K), 0.0008128 secs]
1.570: [GC pause (G1 Evacuation Pause) (young) 3985K->976K(8192K), 0.0011461 secs]
1.573: [GC pause (G1 Evacuation Pause) (young) 4048K->913K(8192K), 0.0008524 secs]
1.577: [GC pause (G1 Evacuation Pause) (young) 3985K->976K(8192K), 0.0022818 secs]
1.581: [GC pause (G1 Evacuation Pause) (young) 4048K->913K(8192K), 0.0008689 secs]
1.584: [GC pause (G1 Evacuation Pause) (young) 3985K->976K(8192K), 0.0018842 secs]
1.588: [GC pause (G1 Evacuation Pause) (young) 4048K->913K(8192K), 0.0014981 secs]
1.592: [GC pause (G1 Evacuation Pause) (young) 3985K->976K(8192K), 0.0018495 secs]
1.596: [GC pause (G1 Evacuation Pause) (young) 4048K->913K(8192K), 0.0008227 secs]
1.599: [GC pause (G1 Evacuation Pause) (young) 3985K->1003K(8192K), 0.0012946 secs]
1.603: [GC pause (G1 Evacuation Pause) (young) 4075K->913K(8192K), 0.0008519 secs]
1.606: [GC pause (G1 Evacuation Pause) (young) 3985K->976K(8192K), 0.0011445 secs]
1.609: [GC pause (G1 Evacuation Pause) (young) 4048K->913K(8192K), 0.0008997 secs]
1.617: [GC pause (G1 Evacuation Pause) (young) 3985K->976K(8192K), 0.0012022 secs]
1.620: [GC pause (G1 Evacuation Pause) (young) 4048K->913K(8192K), 0.0008134 secs]
1.623: [GC pause (G1 Evacuation Pause) (young) 3985K->976K(8192K), 0.0012743 secs]
1.627: [GC pause (G1 Evacuation Pause) (young) 4048K->913K(8192K), 0.0008128 secs]
1.629: [GC pause (G1 Evacuation Pause) (young) 3985K->976K(8192K), 0.0011527 secs]
1.633: [GC pause (G1 Evacuation Pause) (young) 4048K->913K(8192K), 0.0008744 secs]
1.636: [GC pause (G1 Evacuation Pause) (young) 3985K->976K(8192K), 0.0011626 secs]
1.639: [GC pause (G1 Evacuation Pause) (young) 4048K->913K(8192K), 0.0008656 secs]
1.643: [GC pause (G1 Evacuation Pause) (young) 3985K->976K(8192K), 0.0011329 secs]
1.646: [GC pause (G1 Evacuation Pause) (young) 4048K->913K(8192K), 0.0008216 secs]
1.649: [GC pause (G1 Evacuation Pause) (young) 3985K->976K(8192K), 0.0011544 secs]
1.653: [GC pause (G1 Evacuation Pause) (young) 4048K->913K(8192K), 0.0008134 secs]
1.656: [GC pause (G1 Evacuation Pause) (young) 3985K->976K(8192K), 0.0012226 secs]
1.659: [GC pause (G1 Evacuation Pause) (young) 4048K->913K(8192K), 0.0008546 secs]
1.662: [GC pause (G1 Evacuation Pause) (young) 3985K->976K(8192K), 0.0020084 secs]
1.666: [GC pause (G1 Evacuation Pause) (young) 4048K->913K(8192K), 0.0008651 secs]
1.669: [GC pause (G1 Evacuation Pause) (young) 3985K->976K(8192K), 0.0011527 secs]
1.673: [GC pause (G1 Evacuation Pause) (young) 4048K->913K(8192K), 0.0008255 secs]
1.676: [GC pause (G1 Evacuation Pause) (young) 3985K->976K(8192K), 0.0011615 secs]
1.679: [GC pause (G1 Evacuation Pause) (young) 4048K->913K(8192K), 0.0008211 secs]
1.682: [GC pause (G1 Evacuation Pause) (young) 3985K->976K(8192K), 0.0011379 secs]
1.686: [GC pause (G1 Evacuation Pause) (young) 4048K->913K(8192K), 0.0008315 secs]
1.689: [GC pause (G1 Evacuation Pause) (young) 3985K->976K(8192K), 0.0022592 secs]
1.693: [GC pause (G1 Evacuation Pause) (young) 4048K->913K(8192K), 0.0009861 secs]
1.696: [GC pause (G1 Evacuation Pause) (young) 3985K->976K(8192K), 0.0011731 secs]
1.705: [GC pause (G1 Evacuation Pause) (young) 4048K->913K(8192K), 0.0008200 secs]
1.720: [GC pause (G1 Evacuation Pause) (young) 3985K->976K(8192K), 0.0012286 secs]
1.723: [GC pause (G1 Evacuation Pause) (young) 4048K->913K(8192K), 0.0008502 secs]
1.732: [GC pause (G1 Evacuation Pause) (young) 3985K->976K(8192K), 0.0013155 secs]
1.735: [GC pause (G1 Evacuation Pause) (young) 4048K->913K(8192K), 0.0008271 secs]
1.739: [GC pause (G1 Evacuation Pause) (young) 3985K->976K(8192K), 0.0011516 secs]
1.742: [GC pause (G1 Evacuation Pause) (young) 4048K->913K(8192K), 0.0008634 secs]
1.745: [GC pause (G1 Evacuation Pause) (young) 3985K->976K(8192K), 0.0012264 secs]
1.748: [GC pause (G1 Evacuation Pause) (young) 4048K->913K(8192K), 0.0008623 secs]
1.751: [GC pause (G1 Evacuation Pause) (young) 3985K->976K(8192K), 0.0024303 secs]
1.756: [GC pause (G1 Evacuation Pause) (young) 4048K->913K(8192K), 0.0011764 secs]
1.760: [GC pause (G1 Evacuation Pause) (young) 3985K->976K(8192K), 0.0020271 secs]
1.764: [GC pause (G1 Evacuation Pause) (young) 4048K->913K(8192K), 0.0009850 secs]
1.768: [GC pause (G1 Evacuation Pause) (young) 3985K->976K(8192K), 0.0019265 secs]
1.772: [GC pause (G1 Evacuation Pause) (young) 4048K->913K(8192K), 0.0009168 secs]
1.775: [GC pause (G1 Evacuation Pause) (young) 3985K->976K(8192K), 0.0011830 secs]
1.778: [GC pause (G1 Evacuation Pause) (young) 4048K->913K(8192K), 0.0013886 secs]
1.782: [GC pause (G1 Evacuation Pause) (young) 3985K->976K(8192K), 0.0011824 secs]
1.786: [GC pause (G1 Evacuation Pause) (young) 4048K->913K(8192K), 0.0008623 secs]
1.789: [GC pause (G1 Evacuation Pause) (young) 3985K->976K(8192K), 0.0011764 secs]
1.792: [GC pause (G1 Evacuation Pause) (young) 4048K->913K(8192K), 0.0008194 secs]
1.795: [GC pause (G1 Evacuation Pause) (young) 3985K->976K(8192K), 0.0011269 secs]
1.798: [GC pause (G1 Evacuation Pause) (young) 4048K->913K(8192K), 0.0009822 secs]
1.802: [GC pause (G1 Evacuation Pause) (young) 3985K->976K(8192K), 0.0011775 secs]
1.805: [GC pause (G1 Evacuation Pause) (young) 4048K->913K(8192K), 0.0008216 secs]
1.808: [GC pause (G1 Evacuation Pause) (young) 3985K->976K(8192K), 0.0011434 secs]
1.811: [GC pause (G1 Evacuation Pause) (young) 4048K->913K(8192K), 0.0008145 secs]
1.814: [GC pause (G1 Evacuation Pause) (young) 3985K->976K(8192K), 0.0011450 secs]
1.818: [GC pause (G1 Evacuation Pause) (young) 4048K->913K(8192K), 0.0009360 secs]
1.821: [GC pause (G1 Evacuation Pause) (young) 3985K->976K(8192K), 0.0011604 secs]
1.824: [GC pause (G1 Evacuation Pause) (young) 4048K->913K(8192K), 0.0008728 secs]
1.827: [GC pause (G1 Evacuation Pause) (young) 3985K->976K(8192K), 0.0013177 secs]
1.831: [GC pause (G1 Evacuation Pause) (young) 4048K->913K(8192K), 0.0008194 secs]
1.834: [GC pause (G1 Evacuation Pause) (young) 3985K->976K(8192K), 0.0012033 secs]
1.837: [GC pause (G1 Evacuation Pause) (young) 4048K->913K(8192K), 0.0008249 secs]
1.840: [GC pause (G1 Evacuation Pause) (young) 3985K->976K(8192K), 0.0011698 secs]
1.844: [GC pause (G1 Evacuation Pause) (young) 4048K->913K(8192K), 0.0008227 secs]
1.847: [GC pause (G1 Evacuation Pause) (young) 3985K->976K(8192K), 0.0012842 secs]
1.850: [GC pause (G1 Evacuation Pause) (young) 4048K->913K(8192K), 0.0008101 secs]
1.853: [GC pause (G1 Evacuation Pause) (young) 3985K->976K(8192K), 0.0011549 secs]
1.857: [GC pause (G1 Evacuation Pause) (young) 4048K->913K(8192K), 0.0008667 secs]
1.860: [GC pause (G1 Evacuation Pause) (young) 3985K->976K(8192K), 0.0011318 secs]
1.863: [GC pause (G1 Evacuation Pause) (young) 4048K->913K(8192K), 0.0008205 secs]
1.866: [GC pause (G1 Evacuation Pause) (young) 3985K->976K(8192K), 0.0011742 secs]
1.870: [GC pause (G1 Evacuation Pause) (young) 4048K->913K(8192K), 0.0008667 secs]
1.873: [GC pause (G1 Evacuation Pause) (young) 3985K->976K(8192K), 0.0011637 secs]
1.876: [GC pause (G1 Evacuation Pause) (young) 4048K->913K(8192K), 0.0008755 secs]
1.879: [GC pause (G1 Evacuation Pause) (young) 3985K->976K(8192K), 0.0011456 secs]
1.882: [GC pause (G1 Evacuation Pause) (young) 4048K->913K(8192K), 0.0008310 secs]
1.886: [GC pause (G1 Evacuation Pause) (young) 3985K->1003K(8192K), 0.0017423 secs]
1.890: [GC pause (G1 Evacuation Pause) (young) 4075K->913K(8192K), 0.0008299 secs]
1.893: [GC pause (G1 Evacuation Pause) (young) 3985K->976K(8192K), 0.0011593 secs]
1.896: [GC pause (G1 Evacuation Pause) (young) 4048K->913K(8192K), 0.0008332 secs]
1.899: [GC pause (G1 Evacuation Pause) (young) 3985K->976K(8192K), 0.0011445 secs]
1.903: [GC pause (G1 Evacuation Pause) (young) 4048K->913K(8192K), 0.0008161 secs]
1.906: [GC pause (G1 Evacuation Pause) (young) 3985K->976K(8192K), 0.0012990 secs]
1.909: [GC pause (G1 Evacuation Pause) (young) 4048K->913K(8192K), 0.0009036 secs]
1.912: [GC pause (G1 Evacuation Pause) (young) 3985K->976K(8192K), 0.0011714 secs]
1.916: [GC pause (G1 Evacuation Pause) (young) 4048K->913K(8192K), 0.0008172 secs]
1.919: [GC pause (G1 Evacuation Pause) (young) 3985K->976K(8192K), 0.0011703 secs]
1.922: [GC pause (G1 Evacuation Pause) (young) 4048K->913K(8192K), 0.0008216 secs]
1.925: [GC pause (G1 Evacuation Pause) (young) 3985K->976K(8192K), 0.0011522 secs]
1.929: [GC pause (G1 Evacuation Pause) (young) 4048K->913K(8192K), 0.0008387 secs]
1.932: [GC pause (G1 Evacuation Pause) (young) 3985K->976K(8192K), 0.0011533 secs]
1.935: [GC pause (G1 Evacuation Pause) (young) 4048K->913K(8192K), 0.0011747 secs]
1.938: [GC pause (G1 Evacuation Pause) (young) 3985K->976K(8192K), 0.0012660 secs]
1.942: [GC pause (G1 Evacuation Pause) (young) 4048K->913K(8192K), 0.0008695 secs]
1.945: [GC pause (G1 Evacuation Pause) (young) 3985K->976K(8192K), 0.0011549 secs]
1.948: [GC pause (G1 Evacuation Pause) (young) 4048K->913K(8192K), 0.0008183 secs]
1.951: [GC pause (G1 Evacuation Pause) (young) 3985K->976K(8192K), 0.0012226 secs]
1.955: [GC pause (G1 Evacuation Pause) (young) 4048K->913K(8192K), 0.0008596 secs]
1.958: [GC pause (G1 Evacuation Pause) (young) 3985K->976K(8192K), 0.0011417 secs]
1.961: [GC pause (G1 Evacuation Pause) (young) 4048K->913K(8192K), 0.0008579 secs]
1.964: [GC pause (G1 Evacuation Pause) (young) 3985K->976K(8192K), 0.0011615 secs]
1.968: [GC pause (G1 Evacuation Pause) (young) 4048K->913K(8192K), 0.0009278 secs]
1.991: [GC pause (G1 Evacuation Pause) (young) 3985K->976K(8192K), 0.0011885 secs]
1.995: [GC pause (G1 Evacuation Pause) (young) 4048K->913K(8192K), 0.0008711 secs]
1.998: [GC pause (G1 Evacuation Pause) (young) 3985K->976K(8192K), 0.0011599 secs]
2.001: [GC pause (G1 Evacuation Pause) (young) 4048K->913K(8192K), 0.0008167 secs]
2.004: [GC pause (G1 Evacuation Pause) (young) 3985K->976K(8192K), 0.0012198 secs]
2.008: [GC pause (G1 Evacuation Pause) (young) 4048K->913K(8192K), 0.0008700 secs]
2.011: [GC pause (G1 Evacuation Pause) (young) 3985K->976K(8192K), 0.0012099 secs]
2.015: [GC pause (G1 Evacuation Pause) (young) 4048K->913K(8192K), 0.0008051 secs]
2.023: [GC pause (G1 Evacuation Pause) (young) 3985K->976K(8192K), 0.0011593 secs]
2.027: [GC pause (G1 Evacuation Pause) (young) 4048K->913K(8192K), 0.0008640 secs]
2.030: [GC pause (G1 Evacuation Pause) (young) 3985K->976K(8192K), 0.0011489 secs]
2.033: [GC pause (G1 Evacuation Pause) (young) 4048K->913K(8192K), 0.0008387 secs]
2.036: [GC pause (G1 Evacuation Pause) (young) 3985K->976K(8192K), 0.0011571 secs]
2.042: [GC pause (G1 Evacuation Pause) (young) 4048K->913K(8192K), 0.0009630 secs]
2.045: [GC pause (G1 Evacuation Pause) (young) 3985K->976K(8192K), 0.0011500 secs]
2.049: [GC pause (G1 Evacuation Pause) (young) 4048K->913K(8192K), 0.0008211 secs]
2.052: [GC pause (G1 Evacuation Pause) (young) 3985K->976K(8192K), 0.0011571 secs]
2.055: [GC pause (G1 Evacuation Pause) (young) 4048K->913K(8192K), 0.0008827 secs]
2.058: [GC pause (G1 Evacuation Pause) (young) 3985K->976K(8192K), 0.0011379 secs]
2.062: [GC pause (G1 Evacuation Pause) (young) 4048K->913K(8192K), 0.0008442 secs]
2.065: [GC pause (G1 Evacuation Pause) (young) 3985K->976K(8192K), 0.0011516 secs]
2.073: [GC pause (G1 Evacuation Pause) (young) 4048K->913K(8192K), 0.0008332 secs]
2.077: [GC pause (G1 Evacuation Pause) (young) 3985K->976K(8192K), 0.0011742 secs]
2.080: [GC pause (G1 Evacuation Pause) (young) 4048K->913K(8192K), 0.0008112 secs]
2.083: [GC pause (G1 Evacuation Pause) (young) 3985K->976K(8192K), 0.0011901 secs]
2.086: [GC pause (G1 Evacuation Pause) (young) 4048K->913K(8192K), 0.0008062 secs]
2.089: [GC pause (G1 Evacuation Pause) (young) 3985K->976K(8192K), 0.0011896 secs]
2.093: [GC pause (G1 Evacuation Pause) (young) 4048K->913K(8192K), 0.0008871 secs]
2.096: [GC pause (G1 Evacuation Pause) (young) 3985K->976K(8192K), 0.0011720 secs]
2.099: [GC pause (G1 Evacuation Pause) (young) 4048K->913K(8192K), 0.0008172 secs]
2.102: [GC pause (G1 Evacuation Pause) (young) 3985K->976K(8192K), 0.0012567 secs]
2.106: [GC pause (G1 Evacuation Pause) (young) 4048K->913K(8192K), 0.0008794 secs]
2.109: [GC pause (G1 Evacuation Pause) (young) 3985K->976K(8192K), 0.0013556 secs]
2.112: [GC pause (G1 Evacuation Pause) (young) 4048K->913K(8192K), 0.0010372 secs]
2.115: [GC pause (G1 Evacuation Pause) (young) 3985K->976K(8192K), 0.0011989 secs]
2.119: [GC pause (G1 Evacuation Pause) (young) 4048K->913K(8192K), 0.0008156 secs]
2.123: [GC pause (G1 Evacuation Pause) (young) 3985K->976K(8192K), 0.0011450 secs]
2.127: [GC pause (G1 Evacuation Pause) (young) 4048K->913K(8192K), 0.0008194 secs]
2.130: [GC pause (G1 Evacuation Pause) (young) 3985K->976K(8192K), 0.0012572 secs]
2.138: [GC pause (G1 Evacuation Pause) (young) 4048K->913K(8192K), 0.0008436 secs]
2.141: [GC pause (G1 Evacuation Pause) (young) 3985K->976K(8192K), 0.0011434 secs]
2.145: [GC pause (G1 Evacuation Pause) (young) 4048K->913K(8192K), 0.0008029 secs]
2.148: [GC pause (G1 Evacuation Pause) (young) 3985K->976K(8192K), 0.0011863 secs]
2.151: [GC pause (G1 Evacuation Pause) (young) 4048K->913K(8192K), 0.0009839 secs]
2.154: [GC pause (G1 Evacuation Pause) (young) 3985K->976K(8192K), 0.0011434 secs]
2.158: [GC pause (G1 Evacuation Pause) (young) 4048K->913K(8192K), 0.0008167 secs]
2.161: [GC pause (G1 Evacuation Pause) (young) 3985K->976K(8192K), 0.0011742 secs]
2.164: [GC pause (G1 Evacuation Pause) (young) 4048K->913K(8192K), 0.0008167 secs]
2.167: [GC pause (G1 Evacuation Pause) (young) 3985K->976K(8192K), 0.0011269 secs]
2.170: [GC pause (G1 Evacuation Pause) (young) 4048K->913K(8192K), 0.0008227 secs]
2.173: [GC pause (G1 Evacuation Pause) (young) 3985K->976K(8192K), 0.0011505 secs]
2.177: [GC pause (G1 Evacuation Pause) (young) 4048K->913K(8192K), 0.0008260 secs]
2.180: [GC pause (G1 Evacuation Pause) (young) 3985K->976K(8192K), 0.0011797 secs]
2.183: [GC pause (G1 Evacuation Pause) (young) 4048K->913K(8192K), 0.0008161 secs]
2.186: [GC pause (G1 Evacuation Pause) (young) 3985K->976K(8192K), 0.0011412 secs]
2.190: [GC pause (G1 Evacuation Pause) (young) 4048K->913K(8192K), 0.0008040 secs]
2.193: [GC pause (G1 Evacuation Pause) (young) 3985K->976K(8192K), 0.0011324 secs]
2.200: [GC pause (G1 Evacuation Pause) (young) 4048K->913K(8192K), 0.0008315 secs]
2.203: [GC pause (G1 Evacuation Pause) (young) 3985K->976K(8192K), 0.0011703 secs]
2.206: [GC pause (G1 Evacuation Pause) (young) 4048K->913K(8192K), 0.0008128 secs]
2.209: [GC pause (G1 Evacuation Pause) (young) 3985K->976K(8192K), 0.0011692 secs]
2.213: [GC pause (G1 Evacuation Pause) (young) 4048K->913K(8192K), 0.0008139 secs]
2.216: [GC pause (G1 Evacuation Pause) (young) 3985K->976K(8192K), 0.0011324 secs]
2.219: [GC pause (G1 Evacuation Pause) (young) 4048K->913K(8192K), 0.0008183 secs]
2.222: [GC pause (G1 Evacuation Pause) (young) 3985K->976K(8192K), 0.0011637 secs]
2.226: [GC pause (G1 Evacuation Pause) (young) 4048K->913K(8192K), 0.0008216 secs]
2.229: [GC pause (G1 Evacuation Pause) (young) 3985K->976K(8192K), 0.0011467 secs]
2.232: [GC pause (G1 Evacuation Pause) (young) 4048K->913K(8192K), 0.0008167 secs]
2.235: [GC pause (G1 Evacuation Pause) (young) 3985K->976K(8192K), 0.0012077 secs]
2.238: [GC pause (G1 Evacuation Pause) (young) 4048K->913K(8192K), 0.0008161 secs]
2.242: [GC pause (G1 Evacuation Pause) (young) 3985K->976K(8192K), 0.0011841 secs]
2.245: [GC pause (G1 Evacuation Pause) (young) 4048K->913K(8192K), 0.0008117 secs]
2.248: [GC pause (G1 Evacuation Pause) (young) 3985K->976K(8192K), 0.0011379 secs]
2.353: [GC pause (G1 Evacuation Pause) (young) 4048K->913K(8192K), 0.0008326 secs]
2.356: [GC pause (G1 Evacuation Pause) (young) 3985K->976K(8192K), 0.0012017 secs]
2.359: [GC pause (G1 Evacuation Pause) (young) 4048K->913K(8192K), 0.0008722 secs]
2.366: [GC pause (G1 Evacuation Pause) (young) 3985K->976K(8192K), 0.0011500 secs]
2.370: [GC pause (G1 Evacuation Pause) (young) 4048K->913K(8192K), 0.0008469 secs]
2.372: [GC pause (G1 Evacuation Pause) (young) 3985K->976K(8192K), 0.0011912 secs]
2.376: [GC pause (G1 Evacuation Pause) (young) 4048K->913K(8192K), 0.0008205 secs]
2.379: [GC pause (G1 Evacuation Pause) (young) 3985K->976K(8192K), 0.0011978 secs]
2.382: [GC pause (G1 Evacuation Pause) (young) 4048K->913K(8192K), 0.0008145 secs]
2.385: [GC pause (G1 Evacuation Pause) (young) 3985K->976K(8192K), 0.0011362 secs]
2.389: [GC pause (G1 Evacuation Pause) (young) 4048K->913K(8192K), 0.0012039 secs]
2.392: [GC pause (G1 Evacuation Pause) (young) 3985K->976K(8192K), 0.0018440 secs]
2.396: [GC pause (G1 Evacuation Pause) (young) 4048K->913K(8192K), 0.0008244 secs]
2.399: [GC pause (G1 Evacuation Pause) (young) 3985K->976K(8192K), 0.0013089 secs]
2.403: [GC pause (G1 Evacuation Pause) (young) 4048K->913K(8192K), 0.0013144 secs]
2.406: [GC pause (G1 Evacuation Pause) (young) 3985K->976K(8192K), 0.0016317 secs]
2.410: [GC pause (G1 Evacuation Pause) (young) 4048K->913K(8192K), 0.0110525 secs]
2.424: [GC pause (G1 Evacuation Pause) (young) 3985K->976K(8192K), 0.0013556 secs]
2.428: [GC pause (G1 Evacuation Pause) (young) 4048K->913K(8192K), 0.0008194 secs]
2.431: [GC pause (G1 Evacuation Pause) (young) 3985K->976K(8192K), 0.0011802 secs]
2.434: [GC pause (G1 Evacuation Pause) (young) 4048K->913K(8192K), 0.0021217 secs]
2.439: [GC pause (G1 Evacuation Pause) (young) 3985K->976K(8192K), 0.0011412 secs]
2.442: [GC pause (G1 Evacuation Pause) (young) 4048K->913K(8192K), 0.0014849 secs]
2.446: [GC pause (G1 Evacuation Pause) (young) 3985K->976K(8192K), 0.0117389 secs]
2.460: [GC pause (G1 Evacuation Pause) (young) 4048K->913K(8192K), 0.0012600 secs]
2.463: [GC pause (G1 Evacuation Pause) (young) 3985K->976K(8192K), 0.0016196 secs]
2.467: [GC pause (G1 Evacuation Pause) (young) 4048K->913K(8192K), 0.0008700 secs]
2.471: [GC pause (G1 Evacuation Pause) (young) 3985K->976K(8192K), 0.0012435 secs]
2.477: [GC pause (G1 Evacuation Pause) (young) 4048K->913K(8192K), 0.0008244 secs]
2.480: [GC pause (G1 Evacuation Pause) (young) 3985K->976K(8192K), 0.0023302 secs]
2.485: [GC pause (G1 Evacuation Pause) (young) 4048K->913K(8192K), 0.0008761 secs]
2.488: [GC pause (G1 Evacuation Pause) (young) 3985K->976K(8192K), 0.0011593 secs]
2.491: [GC pause (G1 Evacuation Pause) (young) 4048K->913K(8192K), 0.0008381 secs]
2.495: [GC pause (G1 Evacuation Pause) (young) 3985K->976K(8192K), 0.0011989 secs]
2.498: [GC pause (G1 Evacuation Pause) (young) 4048K->913K(8192K), 0.0008304 secs]
2.501: [GC pause (G1 Evacuation Pause) (young) 3985K->976K(8192K), 0.0011494 secs]
2.504: [GC pause (G1 Evacuation Pause) (young) 4048K->913K(8192K), 0.0008810 secs]
2.508: [GC pause (G1 Evacuation Pause) (young) 3985K->976K(8192K), 0.0011582 secs]
2.511: [GC pause (G1 Evacuation Pause) (young) 4048K->913K(8192K), 0.0008123 secs]
2.514: [GC pause (G1 Evacuation Pause) (young) 3985K->976K(8192K), 0.0012061 secs]
2.517: [GC pause (G1 Evacuation Pause) (young) 4048K->913K(8192K), 0.0008216 secs]
2.520: [GC pause (G1 Evacuation Pause) (young) 3985K->1003K(8192K), 0.0012512 secs]
2.553: [GC pause (G1 Evacuation Pause) (young) 4075K->913K(8192K), 0.0009663 secs]
2.556: [GC pause (G1 Evacuation Pause) (young) 3985K->976K(8192K), 0.0011412 secs]
2.560: [GC pause (G1 Evacuation Pause) (young) 4048K->913K(8192K), 0.0009047 secs]
2.563: [GC pause (G1 Evacuation Pause) (young) 3985K->976K(8192K), 0.0011577 secs]
2.566: [GC pause (G1 Evacuation Pause) (young) 4048K->913K(8192K), 0.0013100 secs]
2.570: [GC pause (G1 Evacuation Pause) (young) 3985K->976K(8192K), 0.0011390 secs]
2.573: [GC pause (G1 Evacuation Pause) (young) 4048K->913K(8192K), 0.0008255 secs]
2.577: [GC pause (G1 Evacuation Pause) (young) 3985K->976K(8192K), 0.0012209 secs]
2.580: [GC pause (G1 Evacuation Pause) (young) 4048K->913K(8192K), 0.0009784 secs]
2.583: [GC pause (G1 Evacuation Pause) (young) 3985K->976K(8192K), 0.0019991 secs]
2.587: [GC pause (G1 Evacuation Pause) (young) 4048K->913K(8192K), 0.0008288 secs]
2.591: [GC pause (G1 Evacuation Pause) (young) 3985K->976K(8192K), 0.0011615 secs]
2.594: [GC pause (G1 Evacuation Pause) (young) 4048K->913K(8192K), 0.0008200 secs]
2.597: [GC pause (G1 Evacuation Pause) (young) 3985K->976K(8192K), 0.0011511 secs]
2.600: [GC pause (G1 Evacuation Pause) (young) 4048K->913K(8192K), 0.0008150 secs]
2.603: [GC pause (G1 Evacuation Pause) (young) 3985K->976K(8192K), 0.0016141 secs]
2.607: [GC pause (G1 Evacuation Pause) (young) 4048K->913K(8192K), 0.0016917 secs]
2.611: [GC pause (G1 Evacuation Pause) (young) 3985K->976K(8192K), 0.0012627 secs]
2.615: [GC pause (G1 Evacuation Pause) (young) 4048K->913K(8192K), 0.0012528 secs]
2.622: [GC pause (G1 Evacuation Pause) (young) 3985K->976K(8192K), 0.0014783 secs]
2.627: [GC pause (G1 Evacuation Pause) (young) 4048K->913K(8192K), 0.0008645 secs]
2.630: [GC pause (G1 Evacuation Pause) (young) 3985K->976K(8192K), 0.0011395 secs]
2.634: [GC pause (G1 Evacuation Pause) (young) 4048K->913K(8192K), 0.0014117 secs]
2.637: [GC pause (G1 Evacuation Pause) (young) 3985K->976K(8192K), 0.0011885 secs]
2.641: [GC pause (G1 Evacuation Pause) (young) 4048K->913K(8192K), 0.0008568 secs]
2.649: [GC pause (G1 Evacuation Pause) (young) 3985K->976K(8192K), 0.0012638 secs]
2.654: [GC pause (G1 Evacuation Pause) (young) 4048K->913K(8192K), 0.0008497 secs]
2.673: [GC pause (G1 Evacuation Pause) (young) 3985K->976K(8192K), 0.0013804 secs]
2.679: [GC pause (G1 Evacuation Pause) (young) 4048K->913K(8192K), 0.0013095 secs]
2.682: [GC pause (G1 Evacuation Pause) (young) 3985K->976K(8192K), 0.0014618 secs]
2.690: [GC pause (G1 Evacuation Pause) (young) 4048K->913K(8192K), 0.0008354 secs]
2.693: [GC pause (G1 Evacuation Pause) (young) 3985K->976K(8192K), 0.0013084 secs]
2.697: [GC pause (G1 Evacuation Pause) (young) 4048K->913K(8192K), 0.0008557 secs]
2.700: [GC pause (G1 Evacuation Pause) (young) 3985K->976K(8192K), 0.0011467 secs]
2.703: [GC pause (G1 Evacuation Pause) (young) 4048K->913K(8192K), 0.0008524 secs]
2.706: [GC pause (G1 Evacuation Pause) (young) 3985K->976K(8192K), 0.0011412 secs]
2.825: [GC pause (G1 Evacuation Pause) (young) 4048K->913K(8192K), 0.0008464 secs]
2.886: [GC pause (G1 Evacuation Pause) (young) 3985K->976K(8192K), 0.0011516 secs]
2.890: [GC pause (G1 Evacuation Pause) (young) 4048K->913K(8192K), 0.0008392 secs]
2.894: [GC pause (G1 Evacuation Pause) (young) 3985K->976K(8192K), 0.0011511 secs]
2.898: [GC pause (G1 Evacuation Pause) (young) 4048K->913K(8192K), 0.0008486 secs]
2.901: [GC pause (G1 Evacuation Pause) (young) 3985K->976K(8192K), 0.0011610 secs]
2.904: [GC pause (G1 Evacuation Pause) (young) 4048K->913K(8192K), 0.0008260 secs]
2.907: [GC pause (G1 Evacuation Pause) (young) 3985K->1003K(8192K), 0.0012369 secs]
2.910: [GC pause (G1 Evacuation Pause) (young) 4075K->913K(8192K), 0.0008695 secs]
2.913: [GC pause (G1 Evacuation Pause) (young) 3985K->976K(8192K), 0.0011340 secs]
2.917: [GC pause (G1 Evacuation Pause) (young) 4048K->913K(8192K), 0.0008139 secs]
2.920: [GC pause (G1 Evacuation Pause) (young) 3985K->976K(8192K), 0.0011500 secs]
2.923: [GC pause (G1 Evacuation Pause) (young) 4048K->913K(8192K), 0.0011758 secs]
2.927: [GC pause (G1 Evacuation Pause) (young) 3985K->976K(8192K), 0.0011753 secs]
2.930: [GC pause (G1 Evacuation Pause) (young) 4048K->913K(8192K), 0.0009322 secs]
2.933: [GC pause (G1 Evacuation Pause) (young) 3985K->976K(8192K), 0.0012347 secs]
2.937: [GC pause (G1 Evacuation Pause) (young) 4048K->913K(8192K), 0.0008392 secs]
2.940: [GC pause (G1 Evacuation Pause) (young) 3985K->976K(8192K), 0.0011390 secs]
2.943: [GC pause (G1 Evacuation Pause) (young) 4048K->913K(8192K), 0.0008145 secs]
2.947: [GC pause (G1 Evacuation Pause) (young) 3985K->976K(8192K), 0.0011698 secs]
2.951: [GC pause (G1 Evacuation Pause) (young) 4048K->913K(8192K), 0.0008348 secs]
2.954: [GC pause (G1 Evacuation Pause) (young) 3985K->976K(8192K), 0.0011516 secs]
2.957: [GC pause (G1 Evacuation Pause) (young) 4048K->913K(8192K), 0.0008227 secs]
2.960: [GC pause (G1 Evacuation Pause) (young) 3985K->976K(8192K), 0.0011494 secs]
2.964: [GC pause (G1 Evacuation Pause) (young) 4048K->913K(8192K), 0.0008233 secs]
2.967: [GC pause (G1 Evacuation Pause) (young) 3985K->976K(8192K), 0.0014403 secs]
2.970: [GC pause (G1 Evacuation Pause) (young) 4048K->913K(8192K), 0.0008222 secs]
2.973: [GC pause (G1 Evacuation Pause) (young) 3985K->976K(8192K), 0.0011467 secs]
2.977: [GC pause (G1 Evacuation Pause) (young) 4048K->913K(8192K), 0.0008739 secs]
2.980: [GC pause (G1 Evacuation Pause) (young) 3985K->976K(8192K), 0.0011494 secs]
2.983: [GC pause (G1 Evacuation Pause) (young) 4048K->913K(8192K), 0.0008150 secs]
2.986: [GC pause (G1 Evacuation Pause) (young) 3985K->976K(8192K), 0.0012209 secs]
2.990: [GC pause (G1 Evacuation Pause) (young) 4048K->913K(8192K), 0.0008134 secs]
2.993: [GC pause (G1 Evacuation Pause) (young) 3985K->976K(8192K), 0.0011511 secs]
2.996: [GC pause (G1 Evacuation Pause) (young) 4048K->913K(8192K), 0.0008183 secs]
2.999: [GC pause (G1 Evacuation Pause) (young) 3985K->976K(8192K), 0.0011395 secs]
3.003: [GC pause (G1 Evacuation Pause) (young) 4048K->913K(8192K), 0.0093977 secs]
3.014: [GC pause (G1 Evacuation Pause) (young) 3985K->976K(8192K), 0.0011544 secs]
3.018: [GC pause (G1 Evacuation Pause) (young) 4048K->913K(8192K), 0.0008271 secs]
3.021: [GC pause (G1 Evacuation Pause) (young) 3985K->976K(8192K), 0.0011703 secs]
3.024: [GC pause (G1 Evacuation Pause) (young) 4048K->913K(8192K), 0.0008277 secs]
3.027: [GC pause (G1 Evacuation Pause) (young) 3985K->976K(8192K), 0.0011500 secs]
3.031: [GC pause (G1 Evacuation Pause) (young) 4048K->913K(8192K), 0.0008139 secs]
3.034: [GC pause (G1 Evacuation Pause) (young) 3985K->976K(8192K), 0.0011423 secs]
3.037: [GC pause (G1 Evacuation Pause) (young) 4048K->913K(8192K), 0.0008189 secs]
3.040: [GC pause (G1 Evacuation Pause) (young) 3985K->976K(8192K), 0.0011588 secs]
3.044: [GC pause (G1 Evacuation Pause) (young) 4048K->913K(8192K), 0.0008299 secs]
3.047: [GC pause (G1 Evacuation Pause) (young) 3985K->976K(8192K), 0.0011599 secs]
3.050: [GC pause (G1 Evacuation Pause) (young) 4048K->913K(8192K), 0.0008128 secs]
3.053: [GC pause (G1 Evacuation Pause) (young) 3985K->976K(8192K), 0.0011934 secs]
3.059: [GC pause (G1 Evacuation Pause) (young) 4048K->913K(8192K), 0.0008953 secs]
3.062: [GC pause (G1 Evacuation Pause) (young) 3985K->976K(8192K), 0.0011417 secs]
3.083: [GC pause (G1 Evacuation Pause) (young) 4048K->913K(8192K), 0.0008238 secs]
3.086: [GC pause (G1 Evacuation Pause) (young) 3985K->976K(8192K), 0.0011489 secs]
3.090: [GC pause (G1 Evacuation Pause) (young) 4048K->913K(8192K), 0.0008700 secs]
3.093: [GC pause (G1 Evacuation Pause) (young) 3985K->976K(8192K), 0.0011852 secs]
3.096: [GC pause (G1 Evacuation Pause) (young) 4048K->913K(8192K), 0.0009916 secs]
3.100: [GC pause (G1 Evacuation Pause) (young) 3985K->976K(8192K), 0.0012094 secs]
3.103: [GC pause (G1 Evacuation Pause) (young) 4048K->913K(8192K), 0.0008222 secs]
3.106: [GC pause (G1 Evacuation Pause) (young) 3985K->976K(8192K), 0.0011549 secs]
3.110: [GC pause (G1 Evacuation Pause) (young) 4048K->913K(8192K), 0.0008304 secs]
3.113: [GC pause (G1 Evacuation Pause) (young) 3985K->976K(8192K), 0.0011390 secs]
3.116: [GC pause (G1 Evacuation Pause) (young) 4048K->913K(8192K), 0.0008238 secs]
3.119: [GC pause (G1 Evacuation Pause) (young) 3985K->976K(8192K), 0.0011703 secs]
3.123: [GC pause (G1 Evacuation Pause) (young) 4048K->913K(8192K), 0.0008172 secs]
3.126: [GC pause (G1 Evacuation Pause) (young) 3985K->976K(8192K), 0.0012105 secs]
3.129: [GC pause (G1 Evacuation Pause) (young) 4048K->913K(8192K), 0.0008321 secs]
3.132: [GC pause (G1 Evacuation Pause) (young) 3985K->976K(8192K), 0.0011522 secs]
3.136: [GC pause (G1 Evacuation Pause) (young) 4048K->913K(8192K), 0.0008200 secs]
3.139: [GC pause (G1 Evacuation Pause) (young) 3985K->976K(8192K), 0.0011412 secs]
3.142: [GC pause (G1 Evacuation Pause) (young) 4048K->913K(8192K), 0.0008486 secs]
3.145: [GC pause (G1 Evacuation Pause) (young) 3985K->976K(8192K), 0.0011995 secs]
3.149: [GC pause (G1 Evacuation Pause) (young) 4048K->913K(8192K), 0.0008722 secs]
3.152: [GC pause (G1 Evacuation Pause) (young) 3985K->976K(8192K), 0.0011412 secs]
3.156: [GC pause (G1 Evacuation Pause) (young) 4048K->913K(8192K), 0.0008172 secs]
3.159: [GC pause (G1 Evacuation Pause) (young) 3985K->976K(8192K), 0.0011621 secs]
3.162: [GC pause (G1 Evacuation Pause) (young) 4048K->913K(8192K), 0.0008453 secs]
3.165: [GC pause (G1 Evacuation Pause) (young) 3985K->976K(8192K), 0.0011808 secs]
3.169: [GC pause (G1 Evacuation Pause) (young) 4048K->913K(8192K), 0.0008288 secs]
3.172: [GC pause (G1 Evacuation Pause) (young) 3985K->976K(8192K), 0.0011687 secs]
3.175: [GC pause (G1 Evacuation Pause) (young) 4048K->913K(8192K), 0.0008337 secs]
3.178: [GC pause (G1 Evacuation Pause) (young) 3985K->976K(8192K), 0.0011500 secs]
3.181: [GC pause (G1 Evacuation Pause) (young) 4048K->913K(8192K), 0.0008282 secs]
3.185: [GC pause (G1 Evacuation Pause) (young) 3985K->976K(8192K), 0.0011511 secs]
3.188: [GC pause (G1 Evacuation Pause) (young) 4048K->913K(8192K), 0.0008920 secs]
3.191: [GC pause (G1 Evacuation Pause) (young) 3985K->976K(8192K), 0.0013111 secs]
3.195: [GC pause (G1 Evacuation Pause) (young) 4048K->913K(8192K), 0.0008178 secs]
3.198: [GC pause (G1 Evacuation Pause) (young) 3985K->976K(8192K), 0.0232352 secs]
3.226: [GC pause (G1 Evacuation Pause) (young) 4048K->913K(8192K), 0.0008810 secs]
3.262: [GC pause (G1 Evacuation Pause) (young) 3985K->976K(8192K), 0.0011824 secs]
3.265: [GC pause (G1 Evacuation Pause) (young) 4048K->913K(8192K), 0.0008189 secs]
3.268: [GC pause (G1 Evacuation Pause) (young) 3985K->976K(8192K), 0.0011307 secs]
3.272: [GC pause (G1 Evacuation Pause) (young) 4048K->913K(8192K), 0.0008299 secs]
3.274: [GC pause (G1 Evacuation Pause) (young) 3985K->976K(8192K), 0.0011901 secs]
3.278: [GC pause (G1 Evacuation Pause) (young) 4048K->913K(8192K), 0.0008227 secs]
3.281: [GC pause (G1 Evacuation Pause) (young) 3985K->976K(8192K), 0.0011978 secs]
3.284: [GC pause (G1 Evacuation Pause) (young) 4048K->913K(8192K), 0.0008678 secs]
3.287: [GC pause (G1 Evacuation Pause) (young) 3985K->976K(8192K), 0.0011505 secs]
3.291: [GC pause (G1 Evacuation Pause) (young) 4048K->913K(8192K), 0.0008304 secs]
3.294: [GC pause (G1 Evacuation Pause) (young) 3985K->976K(8192K), 0.0011703 secs]
3.330: [GC pause (G1 Evacuation Pause) (young) 4048K->913K(8192K), 0.0008354 secs]
3.333: [GC pause (G1 Evacuation Pause) (young) 3985K->976K(8192K), 0.0011989 secs]
3.337: [GC pause (G1 Evacuation Pause) (young) 4048K->913K(8192K), 0.0008348 secs]
3.340: [GC pause (G1 Evacuation Pause) (young) 3985K->976K(8192K), 0.0011230 secs]
3.343: [GC pause (G1 Evacuation Pause) (young) 4048K->913K(8192K), 0.0008084 secs]
3.346: [GC pause (G1 Evacuation Pause) (young) 3985K->976K(8192K), 0.0011263 secs]
3.350: [GC pause (G1 Evacuation Pause) (young) 4048K->913K(8192K), 0.0008101 secs]
3.353: [GC pause (G1 Evacuation Pause) (young) 3985K->976K(8192K), 0.0011819 secs]
3.356: [GC pause (G1 Evacuation Pause) (young) 4048K->913K(8192K), 0.0008145 secs]
3.359: [GC pause (G1 Evacuation Pause) (young) 3985K->976K(8192K), 0.0011302 secs]
3.363: [GC pause (G1 Evacuation Pause) (young) 4048K->913K(8192K), 0.0008156 secs]
3.366: [GC pause (G1 Evacuation Pause) (young) 3985K->976K(8192K), 0.0011445 secs]
3.369: [GC pause (G1 Evacuation Pause) (young) 4048K->913K(8192K), 0.0008216 secs]
3.372: [GC pause (G1 Evacuation Pause) (young) 3985K->976K(8192K), 0.0011945 secs]
3.375: [GC pause (G1 Evacuation Pause) (young) 4048K->913K(8192K), 0.0008211 secs]
3.378: [GC pause (G1 Evacuation Pause) (young) 3985K->976K(8192K), 0.0011307 secs]
3.415: [GC pause (G1 Evacuation Pause) (young) 4048K->913K(8192K), 0.0008667 secs]
3.418: [GC pause (G1 Evacuation Pause) (young) 3985K->976K(8192K), 0.0011362 secs]
3.421: [GC pause (G1 Evacuation Pause) (young) 4048K->913K(8192K), 0.0008161 secs]
3.424: [GC pause (G1 Evacuation Pause) (young) 3985K->976K(8192K), 0.0011428 secs]
3.428: [GC pause (G1 Evacuation Pause) (young) 4048K->913K(8192K), 0.0008123 secs]
3.431: [GC pause (G1 Evacuation Pause) (young) 3985K->976K(8192K), 0.0012649 secs]
3.434: [GC pause (G1 Evacuation Pause) (young) 4048K->913K(8192K), 0.0008288 secs]
3.437: [GC pause (G1 Evacuation Pause) (young) 3985K->976K(8192K), 0.0012033 secs]
3.440: [GC pause (G1 Evacuation Pause) (young) 4048K->913K(8192K), 0.0008623 secs]
3.443: [GC pause (G1 Evacuation Pause) (young) 3985K->976K(8192K), 0.0011351 secs]
3.447: [GC pause (G1 Evacuation Pause) (young) 4048K->913K(8192K), 0.0008288 secs]
3.450: [GC pause (G1 Evacuation Pause) (young) 3985K->976K(8192K), 0.0011329 secs]
3.453: [GC pause (G1 Evacuation Pause) (young) 4048K->913K(8192K), 0.0008178 secs]
3.456: [GC pause (G1 Evacuation Pause) (young) 3985K->976K(8192K), 0.0011351 secs]
3.459: [GC pause (G1 Evacuation Pause) (young) 4048K->913K(8192K), 0.0008310 secs]
3.463: [GC pause (G1 Evacuation Pause) (young) 3985K->976K(8192K), 0.0011478 secs]
3.489: [GC pause (G1 Evacuation Pause) (young) 4048K->913K(8192K), 0.0008194 secs]
3.492: [GC pause (G1 Evacuation Pause) (young) 3985K->976K(8192K), 0.0011929 secs]
3.496: [GC pause (G1 Evacuation Pause) (young) 4048K->913K(8192K), 0.0008057 secs]
3.499: [GC pause (G1 Evacuation Pause) (young) 3985K->976K(8192K), 0.0011368 secs]
3.502: [GC pause (G1 Evacuation Pause) (young) 4048K->913K(8192K), 0.0008348 secs]
3.505: [GC pause (G1 Evacuation Pause) (young) 3985K->976K(8192K), 0.0011461 secs]
3.509: [GC pause (G1 Evacuation Pause) (young) 4048K->913K(8192K), 0.0008079 secs]
3.512: [GC pause (G1 Evacuation Pause) (young) 3985K->976K(8192K), 0.0011390 secs]
3.515: [GC pause (G1 Evacuation Pause) (young) 4048K->913K(8192K), 0.0008260 secs]
3.518: [GC pause (G1 Evacuation Pause) (young) 3985K->976K(8192K), 0.0011428 secs]
3.521: [GC pause (G1 Evacuation Pause) (young) 4048K->913K(8192K), 0.0008722 secs]
3.524: [GC pause (G1 Evacuation Pause) (young) 3985K->976K(8192K), 0.0011406 secs]
3.528: [GC pause (G1 Evacuation Pause) (young) 4048K->913K(8192K), 0.0009344 secs]
3.531: [GC pause (G1 Evacuation Pause) (young) 3985K->976K(8192K), 0.0011890 secs]
3.534: [GC pause (G1 Evacuation Pause) (young) 4048K->913K(8192K), 0.0008200 secs]
3.537: [GC pause (G1 Evacuation Pause) (young) 3985K->976K(8192K), 0.0012605 secs]
3.540: [GC pause (G1 Evacuation Pause) (young) 4048K->913K(8192K), 0.0008112 secs]
3.544: [GC pause (G1 Evacuation Pause) (young) 3985K->976K(8192K), 0.0011362 secs]
3.547: [GC pause (G1 Evacuation Pause) (young) 4048K->913K(8192K), 0.0008497 secs]
3.550: [GC pause (G1 Evacuation Pause) (young) 3985K->976K(8192K), 0.0011450 secs]
3.554: [GC pause (G1 Evacuation Pause) (young) 4048K->913K(8192K), 0.0008167 secs]
3.557: [GC pause (G1 Evacuation Pause) (young) 3985K->976K(8192K), 0.0012358 secs]
3.560: [GC pause (G1 Evacuation Pause) (young) 4048K->913K(8192K), 0.0008288 secs]
3.563: [GC pause (G1 Evacuation Pause) (young) 3985K->976K(8192K), 0.0011203 secs]
3.567: [GC pause (G1 Evacuation Pause) (young) 4048K->913K(8192K), 0.0008227 secs]
3.570: [GC pause (G1 Evacuation Pause) (young) 3985K->976K(8192K), 0.0011384 secs]
3.573: [GC pause (G1 Evacuation Pause) (young) 4048K->913K(8192K), 0.0008695 secs]
3.576: [GC pause (G1 Evacuation Pause) (young) 3985K->976K(8192K), 0.0011445 secs]
3.580: [GC pause (G1 Evacuation Pause) (young) 4048K->913K(8192K), 0.0008255 secs]
3.583: [GC pause (G1 Evacuation Pause) (young) 3985K->976K(8192K), 0.0011593 secs]
3.586: [GC pause (G1 Evacuation Pause) (young) 4048K->913K(8192K), 0.0008315 secs]
3.589: [GC pause (G1 Evacuation Pause) (young) 3985K->976K(8192K), 0.0011450 secs]
3.593: [GC pause (G1 Evacuation Pause) (young) 4048K->913K(8192K), 0.0008233 secs]
3.598: [GC pause (G1 Evacuation Pause) (young) 3985K->976K(8192K), 0.0011423 secs]
3.602: [GC pause (G1 Evacuation Pause) (young) 4048K->913K(8192K), 0.0008222 secs]
3.605: [GC pause (G1 Evacuation Pause) (young) 3985K->976K(8192K), 0.0011879 secs]
3.608: [GC pause (G1 Evacuation Pause) (young) 4048K->913K(8192K), 0.0216062 secs]
3.632: [GC pause (G1 Evacuation Pause) (young) 3985K->976K(8192K), 0.0011885 secs]
3.636: [GC pause (G1 Evacuation Pause) (young) 4048K->913K(8192K), 0.0008953 secs]
3.639: [GC pause (G1 Evacuation Pause) (young) 3985K->976K(8192K), 0.0011527 secs]
3.642: [GC pause (G1 Evacuation Pause) (young) 4048K->913K(8192K), 0.0009300 secs]
3.645: [GC pause (G1 Evacuation Pause) (young) 3985K->976K(8192K), 0.0011549 secs]
3.649: [GC pause (G1 Evacuation Pause) (young) 4048K->913K(8192K), 0.0008249 secs]
3.652: [GC pause (G1 Evacuation Pause) (young) 3985K->976K(8192K), 0.0011626 secs]
3.655: [GC pause (G1 Evacuation Pause) (young) 4048K->913K(8192K), 0.0008238 secs]
3.659: [GC pause (G1 Evacuation Pause) (young) 3985K->976K(8192K), 0.0014651 secs]
3.662: [GC pause (G1 Evacuation Pause) (young) 4048K->913K(8192K), 0.0008227 secs]
3.665: [GC pause (G1 Evacuation Pause) (young) 3985K->976K(8192K), 0.0012088 secs]
3.669: [GC pause (G1 Evacuation Pause) (young) 4048K->913K(8192K), 0.0008700 secs]
3.672: [GC pause (G1 Evacuation Pause) (young) 3985K->976K(8192K), 0.0011269 secs]
3.675: [GC pause (G1 Evacuation Pause) (young) 4048K->913K(8192K), 0.0009536 secs]
3.678: [GC pause (G1 Evacuation Pause) (young) 3985K->976K(8192K), 0.0011808 secs]
3.682: [GC pause (G1 Evacuation Pause) (young) 4048K->913K(8192K), 0.0008106 secs]
3.685: [GC pause (G1 Evacuation Pause) (young) 3985K->976K(8192K), 0.0011681 secs]
3.688: [GC pause (G1 Evacuation Pause) (young) 4048K->913K(8192K), 0.0008205 secs]
3.691: [GC pause (G1 Evacuation Pause) (young) 3985K->976K(8192K), 0.0012022 secs]
3.695: [GC pause (G1 Evacuation Pause) (young) 4048K->913K(8192K), 0.0008233 secs]
3.698: [GC pause (G1 Evacuation Pause) (young) 3985K->976K(8192K), 0.0011472 secs]
3.701: [GC pause (G1 Evacuation Pause) (young) 4048K->913K(8192K), 0.0008387 secs]
3.704: [GC pause (G1 Evacuation Pause) (young) 3985K->976K(8192K), 0.0011373 secs]
3.707: [GC pause (G1 Evacuation Pause) (young) 4048K->913K(8192K), 0.0038679 secs]
3.728: [GC pause (G1 Evacuation Pause) (young) 3985K->976K(8192K), 0.0020805 secs]
3.732: [GC pause (G1 Evacuation Pause) (young) 4048K->913K(8192K), 0.0009564 secs]
3.735: [GC pause (G1 Evacuation Pause) (young) 3985K->976K(8192K), 0.0011951 secs]
3.807: [GC pause (G1 Evacuation Pause) (young) 4048K->913K(8192K), 0.0008249 secs]
3.819: [GC pause (G1 Evacuation Pause) (young) 3985K->976K(8192K), 0.0011687 secs]
3.822: [GC pause (G1 Evacuation Pause) (young) 4048K->913K(8192K), 0.0008255 secs]
3.825: [GC pause (G1 Evacuation Pause) (young) 3985K->976K(8192K), 0.0011929 secs]
3.829: [GC pause (G1 Evacuation Pause) (young) 4048K->913K(8192K), 0.0008145 secs]
3.832: [GC pause (G1 Evacuation Pause) (young) 3985K->976K(8192K), 0.0011599 secs]
3.835: [GC pause (G1 Evacuation Pause) (young) 4048K->913K(8192K), 0.0008442 secs]
3.838: [GC pause (G1 Evacuation Pause) (young) 3985K->976K(8192K), 0.0011401 secs]
3.842: [GC pause (G1 Evacuation Pause) (young) 4048K->913K(8192K), 0.0008189 secs]
3.845: [GC pause (G1 Evacuation Pause) (young) 3985K->976K(8192K), 0.0012600 secs]
3.848: [GC pause (G1 Evacuation Pause) (young) 4048K->913K(8192K), 0.0008315 secs]
3.851: [GC pause (G1 Evacuation Pause) (young) 3985K->976K(8192K), 0.0011368 secs]
3.854: [GC pause (G1 Evacuation Pause) (young) 4048K->913K(8192K), 0.0008656 secs]
3.857: [GC pause (G1 Evacuation Pause) (young) 3985K->976K(8192K), 0.0012385 secs]
3.861: [GC pause (G1 Evacuation Pause) (young) 4048K->913K(8192K), 0.0008695 secs]
3.870: [GC pause (G1 Evacuation Pause) (young) 3985K->976K(8192K), 0.0011753 secs]
3.873: [GC pause (G1 Evacuation Pause) (young) 4048K->913K(8192K), 0.0008634 secs]
3.876: [GC pause (G1 Evacuation Pause) (young) 3985K->976K(8192K), 0.0011522 secs]
3.880: [GC pause (G1 Evacuation Pause) (young) 4048K->913K(8192K), 0.0008706 secs]
3.883: [GC pause (G1 Evacuation Pause) (young) 3985K->976K(8192K), 0.0011610 secs]
3.886: [GC pause (G1 Evacuation Pause) (young) 4048K->913K(8192K), 0.0008205 secs]
3.895: [GC pause (G1 Evacuation Pause) (young) 3985K->976K(8192K), 0.0011445 secs]
3.899: [GC pause (G1 Evacuation Pause) (young) 4048K->913K(8192K), 0.0008508 secs]
3.902: [GC pause (G1 Evacuation Pause) (young) 3985K->976K(8192K), 0.0011445 secs]
3.905: [GC pause (G1 Evacuation Pause) (young) 4048K->913K(8192K), 0.0008766 secs]
3.908: [GC pause (G1 Evacuation Pause) (young) 3985K->976K(8192K), 0.0011511 secs]
3.912: [GC pause (G1 Evacuation Pause) (young) 4048K->913K(8192K), 0.0014618 secs]
3.916: [GC pause (G1 Evacuation Pause) (young) 3985K->976K(8192K), 0.0011549 secs]
3.920: [GC pause (G1 Evacuation Pause) (young) 4048K->913K(8192K), 0.0014766 secs]
3.923: [GC pause (G1 Evacuation Pause) (young) 3985K->976K(8192K), 0.0011340 secs]
3.927: [GC pause (G1 Evacuation Pause) (young) 4048K->913K(8192K), 0.0008662 secs]
3.930: [GC pause (G1 Evacuation Pause) (young) 3985K->976K(8192K), 0.0011483 secs]
3.933: [GC pause (G1 Evacuation Pause) (young) 4048K->913K(8192K), 0.0008997 secs]
3.936: [GC pause (G1 Evacuation Pause) (young) 3985K->976K(8192K), 0.0021338 secs]
3.941: [GC pause (G1 Evacuation Pause) (young) 4048K->913K(8192K), 0.0008458 secs]
3.944: [GC pause (G1 Evacuation Pause) (young) 3985K->976K(8192K), 0.0011868 secs]
3.947: [GC pause (G1 Evacuation Pause) (young) 4048K->913K(8192K), 0.0008321 secs]
3.950: [GC pause (G1 Evacuation Pause) (young) 3985K->976K(8192K), 0.0011522 secs]
3.954: [GC pause (G1 Evacuation Pause) (young) 4048K->913K(8192K), 0.0008623 secs]
3.957: [GC pause (G1 Evacuation Pause) (young) 3985K->976K(8192K), 0.0022081 secs]
3.961: [GC pause (G1 Evacuation Pause) (young) 4048K->913K(8192K), 0.0008156 secs]
3.964: [GC pause (G1 Evacuation Pause) (young) 3985K->976K(8192K), 0.0014282 secs]
3.968: [GC pause (G1 Evacuation Pause) (young) 4048K->913K(8192K), 0.0008095 secs]
3.971: [GC pause (G1 Evacuation Pause) (young) 3985K->976K(8192K), 0.0011450 secs]
3.974: [GC pause (G1 Evacuation Pause) (young) 4048K->913K(8192K), 0.0255439 secs]
4.002: [GC pause (G1 Evacuation Pause) (young) 3985K->976K(8192K), 0.0011516 secs]
4.005: [GC pause (G1 Evacuation Pause) (young) 4048K->913K(8192K), 0.0008618 secs]
4.009: [GC pause (G1 Evacuation Pause) (young) 3985K->976K(8192K), 0.0533630 secs]
4.174: [GC pause (G1 Evacuation Pause) (young) 4048K->913K(8192K), 0.0008959 secs]
4.177: [GC pause (G1 Evacuation Pause) (young) 3985K->976K(8192K), 0.0194696 secs]
4.425: [GC pause (G1 Evacuation Pause) (young) 4048K->913K(8192K), 0.0008365 secs]
4.444: [GC pause (G1 Evacuation Pause) (young) 3985K->976K(8192K), 0.0011764 secs]
4.448: [GC pause (G1 Evacuation Pause) (young) 4048K->913K(8192K), 0.0008733 secs]
4.451: [GC pause (G1 Evacuation Pause) (young) 3985K->976K(8192K), 0.0011483 secs]
4.488: [GC pause (G1 Evacuation Pause) (young) 4048K->913K(8192K), 0.0008244 secs]
4.491: [GC pause (G1 Evacuation Pause) (young) 3985K->976K(8192K), 0.0011483 secs]
4.494: [GC pause (G1 Evacuation Pause) (young) 4048K->913K(8192K), 0.0008370 secs]
4.498: [GC pause (G1 Evacuation Pause) (young) 3985K->976K(8192K), 0.0011621 secs]
4.501: [GC pause (G1 Evacuation Pause) (young) 4048K->913K(8192K), 0.0009399 secs]
4.504: [GC pause (G1 Evacuation Pause) (young) 3985K->976K(8192K), 0.0011676 secs]
4.508: [GC pause (G1 Evacuation Pause) (young) 4048K->913K(8192K), 0.0008354 secs]
4.511: [GC pause (G1 Evacuation Pause) (young) 3985K->976K(8192K), 0.0011549 secs]
4.514: [GC pause (G1 Evacuation Pause) (young) 4048K->913K(8192K), 0.0008277 secs]
4.550: [GC pause (G1 Evacuation Pause) (young) 3985K->976K(8192K), 0.0011890 secs]
4.553: [GC pause (G1 Evacuation Pause) (young) 4048K->913K(8192K), 0.0008750 secs]
4.557: [GC pause (G1 Evacuation Pause) (young) 3985K->976K(8192K), 0.0011461 secs]
4.560: [GC pause (G1 Evacuation Pause) (young) 4048K->913K(8192K), 0.0008310 secs]
4.563: [GC pause (G1 Evacuation Pause) (young) 3985K->976K(8192K), 0.0011412 secs]
4.566: [GC pause (G1 Evacuation Pause) (young) 4048K->913K(8192K), 0.0008189 secs]
4.570: [GC pause (G1 Evacuation Pause) (young) 3985K->976K(8192K), 0.0011357 secs]
4.573: [GC pause (G1 Evacuation Pause) (young) 4048K->913K(8192K), 0.0008238 secs]
4.576: [GC pause (G1 Evacuation Pause) (young) 3985K->976K(8192K), 0.0011395 secs]
4.579: [GC pause (G1 Evacuation Pause) (young) 4048K->913K(8192K), 0.0008172 secs]
4.583: [GC pause (G1 Evacuation Pause) (young) 3985K->976K(8192K), 0.0011995 secs]
4.586: [GC pause (G1 Evacuation Pause) (young) 4048K->913K(8192K), 0.0008266 secs]
4.589: [GC pause (G1 Evacuation Pause) (young) 3985K->976K(8192K), 0.0012033 secs]
4.592: [GC pause (G1 Evacuation Pause) (young) 4048K->913K(8192K), 0.0008244 secs]
4.595: [GC pause (G1 Evacuation Pause) (young) 3985K->976K(8192K), 0.0011555 secs]
4.599: [GC pause (G1 Evacuation Pause) (young) 4048K->913K(8192K), 0.0008227 secs]
4.609: [GC pause (G1 Evacuation Pause) (young) 3985K->976K(8192K), 0.0011819 secs]
4.641: [GC pause (G1 Evacuation Pause) (young) 4048K->913K(8192K), 0.0008772 secs]
4.644: [GC pause (G1 Evacuation Pause) (young) 3985K->976K(8192K), 0.0011461 secs]
4.647: [GC pause (G1 Evacuation Pause) (young) 4048K->913K(8192K), 0.0008216 secs]
4.650: [GC pause (G1 Evacuation Pause) (young) 3985K->976K(8192K), 0.0011956 secs]
4.654: [GC pause (G1 Evacuation Pause) (young) 4048K->913K(8192K), 0.0008211 secs]
4.658: [GC pause (G1 Evacuation Pause) (young) 3985K->976K(8192K), 0.0013320 secs]
4.662: [GC pause (G1 Evacuation Pause) (young) 4048K->913K(8192K), 0.0008359 secs]
4.665: [GC pause (G1 Evacuation Pause) (young) 3985K->976K(8192K), 0.0011538 secs]
4.668: [GC pause (G1 Evacuation Pause) (young) 4048K->913K(8192K), 0.0009410 secs]
4.671: [GC pause (G1 Evacuation Pause) (young) 3985K->976K(8192K), 0.0011478 secs]
4.675: [GC pause (G1 Evacuation Pause) (young) 4048K->913K(8192K), 0.0008222 secs]
4.678: [GC pause (G1 Evacuation Pause) (young) 3985K->976K(8192K), 0.0012616 secs]
4.681: [GC pause (G1 Evacuation Pause) (young) 4048K->913K(8192K), 0.0008755 secs]
4.684: [GC pause (G1 Evacuation Pause) (young) 3985K->976K(8192K), 0.0011456 secs]
4.687: [GC pause (G1 Evacuation Pause) (young) 4048K->913K(8192K), 0.0008172 secs]
4.690: [GC pause (G1 Evacuation Pause) (young) 3985K->976K(8192K), 0.0011423 secs]
4.694: [GC pause (G1 Evacuation Pause) (young) 4048K->913K(8192K), 0.0008755 secs]
4.697: [GC pause (G1 Evacuation Pause) (young) 3985K->976K(8192K), 0.0011698 secs]
4.700: [GC pause (G1 Evacuation Pause) (young) 4048K->913K(8192K), 0.0008794 secs]
4.703: [GC pause (G1 Evacuation Pause) (young) 3985K->976K(8192K), 0.0011604 secs]
4.707: [GC pause (G1 Evacuation Pause) (young) 4048K->913K(8192K), 0.0008200 secs]
4.711: [GC pause (G1 Evacuation Pause) (young) 3985K->976K(8192K), 0.0012039 secs]
4.715: [GC pause (G1 Evacuation Pause) (young) 4048K->913K(8192K), 0.0008227 secs]
4.718: [GC pause (G1 Evacuation Pause) (young) 3985K->976K(8192K), 0.0011604 secs]
4.721: [GC pause (G1 Evacuation Pause) (young) 4048K->913K(8192K), 0.0008343 secs]
4.724: [GC pause (G1 Evacuation Pause) (young) 3985K->976K(8192K), 0.0011494 secs]
4.728: [GC pause (G1 Evacuation Pause) (young) 4048K->913K(8192K), 0.0008106 secs]
4.731: [GC pause (G1 Evacuation Pause) (young) 3985K->976K(8192K), 0.0011439 secs]
4.734: [GC pause (G1 Evacuation Pause) (young) 4048K->913K(8192K), 0.0008359 secs]
4.738: [GC pause (G1 Evacuation Pause) (young) 3985K->976K(8192K), 0.0011885 secs]
4.741: [GC pause (G1 Evacuation Pause) (young) 4048K->913K(8192K), 0.0008414 secs]
4.744: [GC pause (G1 Evacuation Pause) (young) 3985K->976K(8192K), 0.0011571 secs]
4.748: [GC pause (G1 Evacuation Pause) (young) 4048K->913K(8192K), 0.0008150 secs]
4.751: [GC pause (G1 Evacuation Pause) (young) 3985K->976K(8192K), 0.0011483 secs]
4.755: [GC pause (G1 Evacuation Pause) (young) 4048K->913K(8192K), 0.0008106 secs]
4.757: [GC pause (G1 Evacuation Pause) (young) 3985K->976K(8192K), 0.0663272 secs]
4.826: [GC pause (G1 Evacuation Pause) (young) 4048K->913K(8192K), 0.0156040 secs]
4.844: [GC pause (G1 Evacuation Pause) (young) 3985K->976K(8192K), 0.0011505 secs]
4.848: [GC pause (G1 Evacuation Pause) (young) 4048K->913K(8192K), 0.0008216 secs]
4.851: [GC pause (G1 Evacuation Pause) (young) 3985K->976K(8192K), 0.0011681 secs]
4.855: [GC pause (G1 Evacuation Pause) (young) 4048K->913K(8192K), 0.0008370 secs]
4.867: [GC pause (G1 Evacuation Pause) (young) 3985K->976K(8192K), 0.0011709 secs]
4.870: [GC pause (G1 Evacuation Pause) (young) 4048K->913K(8192K), 0.0008431 secs]
4.874: [GC pause (G1 Evacuation Pause) (young) 3985K->976K(8192K), 0.0011461 secs]
4.877: [GC pause (G1 Evacuation Pause) (young) 4048K->913K(8192K), 0.0008447 secs]
4.880: [GC pause (G1 Evacuation Pause) (young) 3985K->976K(8192K), 0.0011769 secs]
4.884: [GC pause (G1 Evacuation Pause) (young) 4048K->913K(8192K), 0.0008354 secs]
4.887: [GC pause (G1 Evacuation Pause) (young) 3985K->976K(8192K), 0.0011923 secs]
4.891: [GC pause (G1 Evacuation Pause) (young) 4048K->913K(8192K), 0.0008156 secs]
4.894: [GC pause (G1 Evacuation Pause) (young) 3985K->976K(8192K), 0.0011456 secs]
4.897: [GC pause (G1 Evacuation Pause) (young) 4048K->913K(8192K), 0.0008260 secs]
4.900: [GC pause (G1 Evacuation Pause) (young) 3985K->976K(8192K), 0.0011500 secs]
4.904: [GC pause (G1 Evacuation Pause) (young) 4048K->913K(8192K), 0.0008134 secs]
4.907: [GC pause (G1 Evacuation Pause) (young) 3985K->976K(8192K), 0.0013540 secs]
4.911: [GC pause (G1 Evacuation Pause) (young) 4048K->913K(8192K), 0.0008739 secs]
4.914: [GC pause (G1 Evacuation Pause) (young) 3985K->976K(8192K), 0.0012710 secs]
4.917: [GC pause (G1 Evacuation Pause) (young) 4048K->913K(8192K), 0.0008964 secs]
4.920: [GC pause (G1 Evacuation Pause) (young) 3985K->976K(8192K), 0.0012017 secs]
4.924: [GC pause (G1 Evacuation Pause) (young) 4048K->913K(8192K), 0.0008755 secs]
4.927: [GC pause (G1 Evacuation Pause) (young) 3985K->976K(8192K), 0.0011538 secs]
4.931: [GC pause (G1 Evacuation Pause) (young) 4048K->913K(8192K), 0.0008816 secs]
4.934: [GC pause (G1 Evacuation Pause) (young) 3985K->976K(8192K), 0.0011687 secs]
4.937: [GC pause (G1 Evacuation Pause) (young) 4048K->913K(8192K), 0.0008161 secs]
4.941: [GC pause (G1 Evacuation Pause) (young) 3985K->976K(8192K), 0.0012077 secs]
4.944: [GC pause (G1 Evacuation Pause) (young) 4048K->913K(8192K), 0.0009454 secs]
4.947: [GC pause (G1 Evacuation Pause) (young) 3985K->976K(8192K), 0.0011461 secs]
4.951: [GC pause (G1 Evacuation Pause) (young) 4048K->913K(8192K), 0.0008189 secs]
4.954: [GC pause (G1 Evacuation Pause) (young) 3985K->976K(8192K), 0.0012600 secs]
4.957: [GC pause (G1 Evacuation Pause) (young) 4048K->913K(8192K), 0.0008189 secs]
4.960: [GC pause (G1 Evacuation Pause) (young) 3985K->976K(8192K), 0.0011918 secs]
4.964: [GC pause (G1 Evacuation Pause) (young) 4048K->913K(8192K), 0.0008238 secs]
4.967: [GC pause (G1 Evacuation Pause) (young) 3985K->976K(8192K), 0.0011736 secs]
4.970: [GC pause (G1 Evacuation Pause) (young) 4048K->913K(8192K), 0.0215243 secs]
4.994: [GC pause (G1 Evacuation Pause) (young) 3985K->976K(8192K), 0.0020354 secs]
4.999: [GC pause (G1 Evacuation Pause) (young) 4048K->913K(8192K), 0.0008871 secs]
5.002: [GC pause (G1 Evacuation Pause) (young) 3985K->976K(8192K), 0.0011846 secs]
5.005: [GC pause (G1 Evacuation Pause) (young) 4048K->913K(8192K), 0.0008293 secs]
5.008: [GC pause (G1 Evacuation Pause) (young) 3985K->976K(8192K), 0.0011450 secs]
5.012: [GC pause (G1 Evacuation Pause) (young) 4048K->913K(8192K), 0.0008205 secs]
5.015: [GC pause (G1 Evacuation Pause) (young) 3985K->976K(8192K), 0.0011489 secs]
5.018: [GC pause (G1 Evacuation Pause) (young) 4048K->913K(8192K), 0.0008156 secs]
5.021: [GC pause (G1 Evacuation Pause) (young) 3985K->976K(8192K), 0.0011560 secs]
5.025: [GC pause (G1 Evacuation Pause) (young) 4048K->913K(8192K), 0.0008194 secs]
5.028: [GC pause (G1 Evacuation Pause) (young) 3985K->976K(8192K), 0.0012303 secs]
5.032: [GC pause (G1 Evacuation Pause) (young) 4048K->913K(8192K), 0.0018259 secs]
5.045: [GC pause (G1 Evacuation Pause) (young) 3985K->976K(8192K), 0.0012435 secs]
5.048: [GC pause (G1 Evacuation Pause) (young) 4048K->913K(8192K), 0.0008288 secs]
5.052: [GC pause (G1 Evacuation Pause) (young) 3985K->976K(8192K), 0.0011549 secs]
5.055: [GC pause (G1 Evacuation Pause) (young) 4048K->913K(8192K), 0.0008288 secs]
5.059: [GC pause (G1 Evacuation Pause) (young) 3985K->976K(8192K), 0.0011428 secs]
5.062: [GC pause (G1 Evacuation Pause) (young) 4048K->913K(8192K), 0.0008392 secs]
5.065: [GC pause (G1 Evacuation Pause) (young) 3985K->976K(8192K), 0.0011527 secs]
5.069: [GC pause (G1 Evacuation Pause) (young) 4048K->913K(8192K), 0.0008178 secs]
5.072: [GC pause (G1 Evacuation Pause) (young) 3985K->976K(8192K), 0.0012105 secs]
5.075: [GC pause (G1 Evacuation Pause) (young) 4048K->913K(8192K), 0.0008145 secs]
5.078: [GC pause (G1 Evacuation Pause) (young) 3985K->976K(8192K), 0.0011412 secs]
5.081: [GC pause (G1 Evacuation Pause) (young) 4048K->913K(8192K), 0.0008238 secs]
5.084: [GC pause (G1 Evacuation Pause) (young) 3985K->976K(8192K), 0.0011423 secs]
5.088: [GC pause (G1 Evacuation Pause) (young) 4048K->913K(8192K), 0.0008222 secs]
5.092: [GC pause (G1 Evacuation Pause) (young) 3985K->976K(8192K), 0.0011918 secs]
5.095: [GC pause (G1 Evacuation Pause) (young) 4048K->913K(8192K), 0.0008326 secs]
5.098: [GC pause (G1 Evacuation Pause) (young) 3985K->976K(8192K), 0.0011478 secs]
5.102: [GC pause (G1 Evacuation Pause) (young) 4048K->913K(8192K), 0.0008805 secs]
5.105: [GC pause (G1 Evacuation Pause) (young) 3985K->976K(8192K), 0.0011505 secs]
5.108: [GC pause (G1 Evacuation Pause) (young) 4048K->913K(8192K), 0.0008354 secs]
5.111: [GC pause (G1 Evacuation Pause) (young) 3985K->976K(8192K), 0.0014145 secs]
5.115: [GC pause (G1 Evacuation Pause) (young) 4048K->913K(8192K), 0.0008139 secs]
5.118: [GC pause (G1 Evacuation Pause) (young) 3985K->976K(8192K), 0.0011549 secs]
5.121: [GC pause (G1 Evacuation Pause) (young) 4048K->913K(8192K), 0.0008095 secs]
5.124: [GC pause (G1 Evacuation Pause) (young) 3985K->976K(8192K), 0.0011390 secs]
5.128: [GC pause (G1 Evacuation Pause) (young) 4048K->913K(8192K), 0.0008189 secs]
5.131: [GC pause (G1 Evacuation Pause) (young) 3985K->976K(8192K), 0.0011395 secs]
5.134: [GC pause (G1 Evacuation Pause) (young) 4048K->913K(8192K), 0.0008304 secs]
5.138: [GC pause (G1 Evacuation Pause) (young) 3985K->976K(8192K), 0.0011989 secs]
5.142: [GC pause (G1 Evacuation Pause) (young) 4048K->913K(8192K), 0.0008530 secs]
5.150: [GC pause (G1 Evacuation Pause) (young) 3985K->976K(8192K), 0.0011610 secs]
5.153: [GC pause (G1 Evacuation Pause) (young) 4048K->913K(8192K), 0.0008205 secs]
5.157: [GC pause (G1 Evacuation Pause) (young) 3985K->976K(8192K), 0.0011549 secs]
5.160: [GC pause (G1 Evacuation Pause) (young) 4048K->913K(8192K), 0.0008293 secs]
5.163: [GC pause (G1 Evacuation Pause) (young) 3985K->976K(8192K), 0.0012710 secs]
5.166: [GC pause (G1 Evacuation Pause) (young) 4048K->913K(8192K), 0.0166731 secs]
5.186: [GC pause (G1 Evacuation Pause) (young) 3985K->976K(8192K), 0.0012022 secs]
5.189: [GC pause (G1 Evacuation Pause) (young) 4048K->913K(8192K), 0.0008293 secs]
5.192: [GC pause (G1 Evacuation Pause) (young) 3985K->976K(8192K), 0.0011412 secs]
5.196: [GC pause (G1 Evacuation Pause) (young) 4048K->913K(8192K), 0.0008299 secs]
5.199: [GC pause (G1 Evacuation Pause) (young) 3985K->976K(8192K), 0.0011687 secs]
5.202: [GC pause (G1 Evacuation Pause) (young) 4048K->913K(8192K), 0.0008920 secs]
5.205: [GC pause (G1 Evacuation Pause) (young) 3985K->976K(8192K), 0.0011489 secs]
5.209: [GC pause (G1 Evacuation Pause) (young) 4048K->913K(8192K), 0.0008425 secs]
5.212: [GC pause (G1 Evacuation Pause) (young) 3985K->976K(8192K), 0.0011582 secs]
5.215: [GC pause (G1 Evacuation Pause) (young) 4048K->913K(8192K), 0.0008139 secs]
5.218: [GC pause (G1 Evacuation Pause) (young) 3985K->976K(8192K), 0.0011665 secs]
5.222: [GC pause (G1 Evacuation Pause) (young) 4048K->913K(8192K), 0.0008887 secs]
5.225: [GC pause (G1 Evacuation Pause) (young) 3985K->976K(8192K), 0.0011450 secs]
5.228: [GC pause (G1 Evacuation Pause) (young) 4048K->913K(8192K), 0.0008277 secs]
5.231: [GC pause (G1 Evacuation Pause) (young) 3985K->976K(8192K), 0.0011478 secs]
5.234: [GC pause (G1 Evacuation Pause) (young) 4048K->913K(8192K), 0.0008211 secs]
5.238: [GC pause (G1 Evacuation Pause) (young) 3985K->976K(8192K), 0.0012776 secs]
5.241: [GC pause (G1 Evacuation Pause) (young) 4048K->913K(8192K), 0.0008607 secs]
5.244: [GC pause (G1 Evacuation Pause) (young) 3985K->976K(8192K), 0.0011527 secs]
5.248: [GC pause (G1 Evacuation Pause) (young) 4048K->913K(8192K), 0.0008255 secs]
5.251: [GC pause (G1 Evacuation Pause) (young) 3985K->976K(8192K), 0.0024567 secs]
5.296: [GC pause (G1 Evacuation Pause) (young) 4048K->913K(8192K), 0.0008513 secs]
5.299: [GC pause (G1 Evacuation Pause) (young) 3985K->976K(8192K), 0.0011593 secs]
5.303: [GC pause (G1 Evacuation Pause) (young) 4048K->913K(8192K), 0.0009371 secs]
5.306: [GC pause (G1 Evacuation Pause) (young) 3985K->976K(8192K), 0.0011461 secs]
5.309: [GC pause (G1 Evacuation Pause) (young) 4048K->913K(8192K), 0.0008783 secs]
5.312: [GC pause (G1 Evacuation Pause) (young) 3985K->976K(8192K), 0.0011494 secs]
5.316: [GC pause (G1 Evacuation Pause) (young) 4048K->913K(8192K), 0.0008332 secs]
5.319: [GC pause (G1 Evacuation Pause) (young) 3985K->976K(8192K), 0.0011703 secs]
5.322: [GC pause (G1 Evacuation Pause) (young) 4048K->913K(8192K), 0.0008238 secs]
5.325: [GC pause (G1 Evacuation Pause) (young) 3985K->976K(8192K), 0.0011802 secs]
5.329: [GC pause (G1 Evacuation Pause) (young) 4048K->913K(8192K), 0.0008244 secs]
5.332: [GC pause (G1 Evacuation Pause) (young) 3985K->976K(8192K), 0.0011511 secs]
5.335: [GC pause (G1 Evacuation Pause) (young) 4048K->913K(8192K), 0.0008194 secs]
5.338: [GC pause (G1 Evacuation Pause) (young) 3985K->976K(8192K), 0.0011362 secs]
5.341: [GC pause (G1 Evacuation Pause) (young) 4048K->913K(8192K), 0.0008337 secs]
5.345: [GC pause (G1 Evacuation Pause) (young) 3985K->976K(8192K), 0.0012138 secs]
5.348: [GC pause (G1 Evacuation Pause) (young) 4048K->913K(8192K), 0.0008183 secs]
5.351: [GC pause (G1 Evacuation Pause) (young) 3985K->976K(8192K), 0.0012022 secs]
5.355: [GC pause (G1 Evacuation Pause) (young) 4048K->913K(8192K), 0.0008728 secs]
5.358: [GC pause (G1 Evacuation Pause) (young) 3985K->976K(8192K), 0.0011445 secs]
5.361: [GC pause (G1 Evacuation Pause) (young) 4048K->913K(8192K), 0.0008310 secs]
5.364: [GC pause (G1 Evacuation Pause) (young) 3985K->976K(8192K), 0.0011461 secs]
5.368: [GC pause (G1 Evacuation Pause) (young) 4048K->913K(8192K), 0.0008310 secs]
5.372: [GC pause (G1 Evacuation Pause) (young) 3985K->976K(8192K), 0.0011340 secs]
5.375: [GC pause (G1 Evacuation Pause) (young) 4048K->913K(8192K), 0.0009294 secs]
5.378: [GC pause (G1 Evacuation Pause) (young) 3985K->976K(8192K), 0.0011483 secs]
5.381: [GC pause (G1 Evacuation Pause) (young) 4048K->913K(8192K), 0.0008227 secs]
5.384: [GC pause (G1 Evacuation Pause) (young) 3985K->976K(8192K), 0.0011824 secs]
5.388: [GC pause (G1 Evacuation Pause) (young) 4048K->913K(8192K), 0.0008057 secs]
5.391: [GC pause (G1 Evacuation Pause) (young) 3985K->976K(8192K), 0.0011324 secs]
5.394: [GC pause (G1 Evacuation Pause) (young) 4048K->913K(8192K), 0.0008200 secs]
5.398: [GC pause (G1 Evacuation Pause) (young) 3985K->976K(8192K), 0.0011373 secs]
5.401: [GC pause (G1 Evacuation Pause) (young) 4048K->913K(8192K), 0.0008277 secs]
5.404: [GC pause (G1 Evacuation Pause) (young) 3985K->976K(8192K), 0.0011637 secs]
5.407: [GC pause (G1 Evacuation Pause) (young) 4048K->913K(8192K), 0.0008722 secs]
5.410: [GC pause (G1 Evacuation Pause) (young) 3985K->976K(8192K), 0.0011978 secs]
5.414: [GC pause (G1 Evacuation Pause) (young) 4048K->913K(8192K), 0.0028460 secs]
5.420: [GC pause (G1 Evacuation Pause) (young) 3985K->976K(8192K), 0.0012204 secs]
5.424: [GC pause (G1 Evacuation Pause) (young) 4048K->913K(8192K), 0.0008216 secs]
5.427: [GC pause (G1 Evacuation Pause) (young) 3985K->976K(8192K), 0.0012138 secs]
5.430: [GC pause (G1 Evacuation Pause) (young) 4048K->913K(8192K), 0.0008145 secs]
5.433: [GC pause (G1 Evacuation Pause) (young) 3985K->976K(8192K), 0.0011329 secs]
5.437: [GC pause (G1 Evacuation Pause) (young) 4048K->913K(8192K), 0.0008106 secs]
5.440: [GC pause (G1 Evacuation Pause) (young) 3985K->976K(8192K), 0.0011296 secs]
5.443: [GC pause (G1 Evacuation Pause) (young) 4048K->913K(8192K), 0.0008156 secs]
5.446: [GC pause (G1 Evacuation Pause) (young) 3985K->976K(8192K), 0.0011247 secs]
5.449: [GC pause (G1 Evacuation Pause) (young) 4048K->913K(8192K), 0.0008403 secs]
5.452: [GC pause (G1 Evacuation Pause) (young) 3985K->976K(8192K), 0.0011538 secs]
5.456: [GC pause (G1 Evacuation Pause) (young) 4048K->913K(8192K), 0.0008167 secs]
5.459: [GC pause (G1 Evacuation Pause) (young) 3985K->976K(8192K), 0.0011153 secs]
5.462: [GC pause (G1 Evacuation Pause) (young) 4048K->913K(8192K), 0.0008046 secs]
5.465: [GC pause (G1 Evacuation Pause) (young) 3985K->976K(8192K), 0.0012385 secs]
5.468: [GC pause (G1 Evacuation Pause) (young) 4048K->913K(8192K), 0.0008117 secs]
5.471: [GC pause (G1 Evacuation Pause) (young) 3985K->976K(8192K), 0.0014293 secs]
5.475: [GC pause (G1 Evacuation Pause) (young) 4048K->913K(8192K), 0.0008310 secs]
5.478: [GC pause (G1 Evacuation Pause) (young) 3985K->976K(8192K), 0.0011505 secs]
5.482: [GC pause (G1 Evacuation Pause) (young) 4048K->913K(8192K), 0.0008277 secs]
5.485: [GC pause (G1 Evacuation Pause) (young) 3985K->976K(8192K), 0.0011648 secs]
5.488: [GC pause (G1 Evacuation Pause) (young) 4048K->913K(8192K), 0.0008255 secs]
5.492: [GC pause (G1 Evacuation Pause) (young) 3985K->976K(8192K), 0.0012022 secs]
5.495: [GC pause (G1 Evacuation Pause) (young) 4048K->913K(8192K), 0.0008315 secs]
5.498: [GC pause (G1 Evacuation Pause) (young) 3985K->976K(8192K), 0.0011423 secs]
5.501: [GC pause (G1 Evacuation Pause) (young) 4048K->913K(8192K), 0.0008271 secs]
5.504: [GC pause (G1 Evacuation Pause) (young) 3985K->976K(8192K), 0.0011599 secs]
5.508: [GC pause (G1 Evacuation Pause) (young) 4048K->913K(8192K), 0.0008167 secs]
5.511: [GC pause (G1 Evacuation Pause) (young) 3985K->976K(8192K), 0.0011599 secs]
5.514: [GC pause (G1 Evacuation Pause) (young) 4048K->913K(8192K), 0.0008403 secs]
5.517: [GC pause (G1 Evacuation Pause) (young) 3985K->976K(8192K), 0.0011423 secs]
5.521: [GC pause (G1 Evacuation Pause) (young) 4048K->913K(8192K), 0.0008348 secs]
5.524: [GC pause (G1 Evacuation Pause) (young) 3985K->976K(8192K), 0.0011472 secs]
5.527: [GC pause (G1 Evacuation Pause) (young) 4048K->913K(8192K), 0.0008387 secs]
5.530: [GC pause (G1 Evacuation Pause) (young) 3985K->976K(8192K), 0.0011885 secs]
5.534: [GC pause (G1 Evacuation Pause) (young) 4048K->913K(8192K), 0.0008156 secs]
5.537: [GC pause (G1 Evacuation Pause) (young) 3985K->976K(8192K), 0.0183422 secs]
5.557: [GC pause (G1 Evacuation Pause) (young) 4048K->913K(8192K), 0.0008370 secs]
5.560: [GC pause (G1 Evacuation Pause) (young) 3985K->976K(8192K), 0.0011549 secs]
5.564: [GC pause (G1 Evacuation Pause) (young) 4048K->913K(8192K), 0.0008095 secs]
5.567: [GC pause (G1 Evacuation Pause) (young) 3985K->976K(8192K), 0.0012721 secs]
5.570: [GC pause (G1 Evacuation Pause) (young) 4048K->913K(8192K), 0.0008227 secs]
5.573: [GC pause (G1 Evacuation Pause) (young) 3985K->976K(8192K), 0.0011362 secs]
5.577: [GC pause (G1 Evacuation Pause) (young) 4048K->913K(8192K), 0.0008117 secs]
5.580: [GC pause (G1 Evacuation Pause) (young) 3985K->976K(8192K), 0.0011522 secs]
5.583: [GC pause (G1 Evacuation Pause) (young) 4048K->913K(8192K), 0.0008260 secs]
5.587: [GC pause (G1 Evacuation Pause) (young) 3985K->976K(8192K), 0.0011659 secs]
5.590: [GC pause (G1 Evacuation Pause) (young) 4048K->913K(8192K), 0.0008370 secs]
5.594: [GC pause (G1 Evacuation Pause) (young) 3985K->976K(8192K), 0.0011604 secs]
5.597: [GC pause (G1 Evacuation Pause) (young) 4048K->913K(8192K), 0.0008425 secs]
5.600: [GC pause (G1 Evacuation Pause) (young) 3985K->976K(8192K), 0.0011610 secs]
5.603: [GC pause (G1 Evacuation Pause) (young) 4048K->913K(8192K), 0.0008183 secs]
5.606: [GC pause (G1 Evacuation Pause) (young) 3985K->976K(8192K), 0.0011654 secs]
5.610: [GC pause (G1 Evacuation Pause) (young) 4048K->913K(8192K), 0.0008288 secs]
5.613: [GC pause (G1 Evacuation Pause) (young) 3985K->976K(8192K), 0.0011714 secs]
5.616: [GC pause (G1 Evacuation Pause) (young) 4048K->913K(8192K), 0.0008271 secs]
5.619: [GC pause (G1 Evacuation Pause) (young) 3985K->976K(8192K), 0.0011670 secs]
5.623: [GC pause (G1 Evacuation Pause) (young) 4048K->913K(8192K), 0.0008288 secs]
5.626: [GC pause (G1 Evacuation Pause) (young) 3985K->976K(8192K), 0.0011731 secs]
5.629: [GC pause (G1 Evacuation Pause) (young) 4048K->913K(8192K), 0.0008370 secs]
5.632: [GC pause (G1 Evacuation Pause) (young) 3985K->976K(8192K), 0.0011841 secs]
5.636: [GC pause (G1 Evacuation Pause) (young) 4048K->913K(8192K), 0.0008293 secs]
5.639: [GC pause (G1 Evacuation Pause) (young) 3985K->976K(8192K), 0.0011626 secs]
5.642: [GC pause (G1 Evacuation Pause) (young) 4048K->913K(8192K), 0.0008293 secs]
5.645: [GC pause (G1 Evacuation Pause) (young) 3985K->976K(8192K), 0.0011934 secs]
5.649: [GC pause (G1 Evacuation Pause) (young) 4048K->913K(8192K), 0.0008227 secs]
5.652: [GC pause (G1 Evacuation Pause) (young) 3985K->976K(8192K), 0.0011588 secs]
5.655: [GC pause (G1 Evacuation Pause) (young) 4048K->913K(8192K), 0.0008216 secs]
5.658: [GC pause (G1 Evacuation Pause) (young) 3985K->976K(8192K), 0.0011703 secs]
5.662: [GC pause (G1 Evacuation Pause) (young) 4048K->913K(8192K), 0.0008343 secs]
5.665: [GC pause (G1 Evacuation Pause) (young) 3985K->976K(8192K), 0.0011747 secs]
5.668: [GC pause (G1 Evacuation Pause) (young) 4048K->913K(8192K), 0.0008222 secs]
5.671: [GC pause (G1 Evacuation Pause) (young) 3985K->976K(8192K), 0.0145497 secs]
5.688: [GC pause (G1 Evacuation Pause) (young) 4048K->913K(8192K), 0.0008189 secs]
5.691: [GC pause (G1 Evacuation Pause) (young) 3985K->976K(8192K), 0.0012407 secs]
5.695: [GC pause (G1 Evacuation Pause) (young) 4048K->913K(8192K), 0.0008711 secs]
5.698: [GC pause (G1 Evacuation Pause) (young) 3985K->976K(8192K), 0.0012572 secs]
5.701: [GC pause (G1 Evacuation Pause) (young) 4048K->913K(8192K), 0.0008244 secs]
5.705: [GC pause (G1 Evacuation Pause) (young) 3985K->976K(8192K), 0.0011874 secs]
5.710: [GC pause (G1 Evacuation Pause) (young) 4048K->913K(8192K), 0.0008271 secs]
5.713: [GC pause (G1 Evacuation Pause) (young) 3985K->976K(8192K), 0.0012627 secs]
5.716: [GC pause (G1 Evacuation Pause) (young) 4048K->913K(8192K), 0.0008156 secs]
5.719: [GC pause (G1 Evacuation Pause) (young) 3985K->976K(8192K), 0.0011511 secs]
5.722: [GC pause (G1 Evacuation Pause) (young) 4048K->913K(8192K), 0.0026728 secs]
5.728: [GC pause (G1 Evacuation Pause) (young) 3985K->976K(8192K), 0.0011945 secs]
5.731: [GC pause (G1 Evacuation Pause) (young) 4048K->913K(8192K), 0.0008128 secs]
5.735: [GC pause (G1 Evacuation Pause) (young) 3985K->976K(8192K), 0.0011483 secs]
5.739: [GC pause (G1 Evacuation Pause) (young) 4048K->913K(8192K), 0.0008079 secs]
5.742: [GC pause (G1 Evacuation Pause) (young) 3985K->976K(8192K), 0.0012083 secs]
5.745: [GC pause (G1 Evacuation Pause) (young) 4048K->913K(8192K), 0.0008112 secs]
5.748: [GC pause (G1 Evacuation Pause) (young) 3985K->976K(8192K), 0.0011725 secs]
5.752: [GC pause (G1 Evacuation Pause) (young) 4048K->913K(8192K), 0.0008178 secs]
5.755: [GC pause (G1 Evacuation Pause) (young) 3985K->976K(8192K), 0.0011478 secs]
5.758: [GC pause (G1 Evacuation Pause) (young) 4048K->913K(8192K), 0.0008216 secs]
5.761: [GC pause (G1 Evacuation Pause) (young) 3985K->976K(8192K), 0.0011302 secs]
5.764: [GC pause (G1 Evacuation Pause) (young) 4048K->913K(8192K), 0.0009349 secs]
5.767: [GC pause (G1 Evacuation Pause) (young) 3985K->976K(8192K), 0.0011835 secs]
5.771: [GC pause (G1 Evacuation Pause) (young) 4048K->913K(8192K), 0.0008139 secs]
5.774: [GC pause (G1 Evacuation Pause) (young) 3985K->976K(8192K), 0.0012715 secs]
5.778: [GC pause (G1 Evacuation Pause) (young) 4048K->913K(8192K), 0.0008161 secs]
5.781: [GC pause (G1 Evacuation Pause) (young) 3985K->976K(8192K), 0.0011357 secs]
5.784: [GC pause (G1 Evacuation Pause) (young) 4048K->913K(8192K), 0.0008167 secs]
5.787: [GC pause (G1 Evacuation Pause) (young) 3985K->976K(8192K), 0.0011450 secs]
5.791: [GC pause (G1 Evacuation Pause) (young) 4048K->913K(8192K), 0.0008068 secs]
5.793: [GC pause (G1 Evacuation Pause) (young) 3985K->976K(8192K), 0.0011313 secs]
5.797: [GC pause (G1 Evacuation Pause) (young) 4048K->913K(8192K), 0.0008612 secs]
5.800: [GC pause (G1 Evacuation Pause) (young) 3985K->976K(8192K), 0.0011335 secs]
5.803: [GC pause (G1 Evacuation Pause) (young) 4048K->913K(8192K), 0.0009085 secs]
5.809: [GC pause (G1 Evacuation Pause) (young) 3985K->976K(8192K), 0.0013342 secs]
5.812: [GC pause (G1 Evacuation Pause) (young) 4048K->913K(8192K), 0.0013754 secs]
5.816: [GC pause (G1 Evacuation Pause) (young) 3985K->976K(8192K), 0.0011368 secs]
5.820: [GC pause (G1 Evacuation Pause) (young) 4048K->913K(8192K), 0.0008442 secs]
5.823: [GC pause (G1 Evacuation Pause) (young) 3985K->976K(8192K), 0.0011456 secs]
5.826: [GC pause (G1 Evacuation Pause) (young) 4048K->913K(8192K), 0.0008101 secs]
5.829: [GC pause (G1 Evacuation Pause) (young) 3985K->976K(8192K), 0.0011406 secs]
5.833: [GC pause (G1 Evacuation Pause) (young) 4048K->913K(8192K), 0.0009333 secs]
5.836: [GC pause (G1 Evacuation Pause) (young) 3985K->976K(8192K), 0.0011538 secs]
5.839: [GC pause (G1 Evacuation Pause) (young) 4048K->913K(8192K), 0.0008271 secs]
5.842: [GC pause (G1 Evacuation Pause) (young) 3985K->976K(8192K), 0.0011621 secs]
5.846: [GC pause (G1 Evacuation Pause) (young) 4048K->913K(8192K), 0.0008579 secs]
5.849: [GC pause (G1 Evacuation Pause) (young) 3985K->976K(8192K), 0.0011934 secs]
5.852: [GC pause (G1 Evacuation Pause) (young) 4048K->913K(8192K), 0.0008216 secs]
5.855: [GC pause (G1 Evacuation Pause) (young) 3985K->976K(8192K), 0.0011494 secs]
5.859: [GC pause (G1 Evacuation Pause) (young) 4048K->913K(8192K), 0.0008117 secs]
5.862: [GC pause (G1 Evacuation Pause) (young) 3985K->976K(8192K), 0.0011445 secs]
5.865: [GC pause (G1 Evacuation Pause) (young) 4048K->913K(8192K), 0.0008695 secs]
5.869: [GC pause (G1 Evacuation Pause) (young) 3985K->976K(8192K), 0.0011417 secs]
5.872: [GC pause (G1 Evacuation Pause) (young) 4048K->913K(8192K), 0.0008392 secs]
5.875: [GC pause (G1 Evacuation Pause) (young) 3985K->976K(8192K), 0.0011802 secs]
5.878: [GC pause (G1 Evacuation Pause) (young) 4048K->913K(8192K), 0.0008178 secs]
5.881: [GC pause (G1 Evacuation Pause) (young) 3985K->976K(8192K), 0.0011450 secs]
5.885: [GC pause (G1 Evacuation Pause) (young) 4048K->913K(8192K), 0.0008304 secs]
5.888: [GC pause (G1 Evacuation Pause) (young) 3985K->976K(8192K), 0.0011439 secs]
5.892: [GC pause (G1 Evacuation Pause) (young) 4048K->913K(8192K), 0.0008244 secs]
5.895: [GC pause (G1 Evacuation Pause) (young) 3985K->976K(8192K), 0.0011571 secs]
5.898: [GC pause (G1 Evacuation Pause) (young) 4048K->913K(8192K), 0.0008293 secs]
5.902: [GC pause (G1 Evacuation Pause) (young) 3985K->976K(8192K), 0.0011945 secs]
5.905: [GC pause (G1 Evacuation Pause) (young) 4048K->913K(8192K), 0.0008205 secs]
5.908: [GC pause (G1 Evacuation Pause) (young) 3985K->976K(8192K), 0.0011450 secs]
5.912: [GC pause (G1 Evacuation Pause) (young) 4048K->913K(8192K), 0.0008211 secs]
5.915: [GC pause (G1 Evacuation Pause) (young) 3985K->976K(8192K), 0.0011522 secs]
5.918: [GC pause (G1 Evacuation Pause) (young) 4048K->913K(8192K), 0.0008216 secs]
5.921: [GC pause (G1 Evacuation Pause) (young) 3985K->976K(8192K), 0.0011522 secs]
5.925: [GC pause (G1 Evacuation Pause) (young) 4048K->913K(8192K), 0.0008442 secs]
5.928: [GC pause (G1 Evacuation Pause) (young) 3985K->976K(8192K), 0.0011483 secs]
5.931: [GC pause (G1 Evacuation Pause) (young) 4048K->913K(8192K), 0.0009465 secs]
5.934: [GC pause (G1 Evacuation Pause) (young) 3985K->976K(8192K), 0.0067645 secs]
5.944: [GC pause (G1 Evacuation Pause) (young) 4048K->913K(8192K), 0.0008469 secs]
5.947: [GC pause (G1 Evacuation Pause) (young) 3985K->976K(8192K), 0.0011538 secs]
5.950: [GC pause (G1 Evacuation Pause) (young) 4048K->913K(8192K), 0.0008304 secs]
5.953: [GC pause (G1 Evacuation Pause) (young) 3985K->976K(8192K), 0.0011417 secs]
5.956: [GC pause (G1 Evacuation Pause) (young) 4048K->913K(8192K), 0.0008150 secs]
5.960: [GC pause (G1 Evacuation Pause) (young) 3985K->976K(8192K), 0.0011478 secs]
5.963: [GC pause (G1 Evacuation Pause) (young) 4048K->913K(8192K), 0.0008244 secs]
5.966: [GC pause (G1 Evacuation Pause) (young) 3985K->976K(8192K), 0.0011857 secs]
5.969: [GC pause (G1 Evacuation Pause) (young) 4048K->913K(8192K), 0.0008244 secs]
5.972: [GC pause (G1 Evacuation Pause) (young) 3985K->976K(8192K), 0.0017131 secs]
5.976: [GC pause (G1 Evacuation Pause) (young) 4048K->913K(8192K), 0.0009014 secs]
5.979: [GC pause (G1 Evacuation Pause) (young) 3985K->976K(8192K), 0.0011670 secs]
5.983: [GC pause (G1 Evacuation Pause) (young) 4048K->913K(8192K), 0.0008233 secs]
5.986: [GC pause (G1 Evacuation Pause) (young) 3985K->976K(8192K), 0.0011973 secs]
5.990: [GC pause (G1 Evacuation Pause) (young) 4048K->913K(8192K), 0.0008222 secs]
5.993: [GC pause (G1 Evacuation Pause) (young) 3985K->976K(8192K), 0.0013029 secs]
5.996: [GC pause (G1 Evacuation Pause) (young) 4048K->913K(8192K), 0.0008222 secs]
6.000: [GC pause (G1 Evacuation Pause) (young) 3985K->976K(8192K), 0.0011797 secs]
6.003: [GC pause (G1 Evacuation Pause) (young) 4048K->913K(8192K), 0.0008222 secs]
6.006: [GC pause (G1 Evacuation Pause) (young) 3985K->976K(8192K), 0.0011566 secs]
6.010: [GC pause (G1 Evacuation Pause) (young) 4048K->913K(8192K), 0.0008161 secs]
6.013: [GC pause (G1 Evacuation Pause) (young) 3985K->976K(8192K), 0.0011461 secs]
6.016: [GC pause (G1 Evacuation Pause) (young) 4048K->913K(8192K), 0.0008469 secs]
6.020: [GC pause (G1 Evacuation Pause) (young) 3985K->976K(8192K), 0.0012160 secs]
6.023: [GC pause (G1 Evacuation Pause) (young) 4048K->913K(8192K), 0.0008354 secs]
6.026: [GC pause (G1 Evacuation Pause) (young) 3985K->976K(8192K), 0.0011434 secs]
6.030: [GC pause (G1 Evacuation Pause) (young) 4048K->913K(8192K), 0.0008189 secs]
6.033: [GC pause (G1 Evacuation Pause) (young) 3985K->976K(8192K), 0.0011412 secs]
6.036: [GC pause (G1 Evacuation Pause) (young) 4048K->913K(8192K), 0.0008189 secs]
6.039: [GC pause (G1 Evacuation Pause) (young) 3985K->976K(8192K), 0.0011263 secs]
6.042: [GC pause (G1 Evacuation Pause) (young) 4048K->913K(8192K), 0.0008156 secs]
6.045: [GC pause (G1 Evacuation Pause) (young) 3985K->976K(8192K), 0.0011340 secs]
6.049: [GC pause (G1 Evacuation Pause) (young) 4048K->913K(8192K), 0.0008392 secs]
6.052: [GC pause (G1 Evacuation Pause) (young) 3985K->976K(8192K), 0.0011379 secs]
6.056: [GC pause (G1 Evacuation Pause) (young) 4048K->913K(8192K), 0.0008574 secs]
6.059: [GC pause (G1 Evacuation Pause) (young) 3985K->976K(8192K), 0.0011637 secs]
6.062: [GC pause (G1 Evacuation Pause) (young) 4048K->913K(8192K), 0.0008849 secs]
6.065: [GC pause (G1 Evacuation Pause) (young) 3985K->976K(8192K), 0.0011621 secs]
6.069: [GC pause (G1 Evacuation Pause) (young) 4048K->913K(8192K), 0.0008244 secs]
6.072: [GC pause (G1 Evacuation Pause) (young) 3985K->976K(8192K), 0.0011648 secs]
6.076: [GC pause (G1 Evacuation Pause) (young) 4048K->913K(8192K), 0.0008260 secs]
6.079: [GC pause (G1 Evacuation Pause) (young) 3985K->976K(8192K), 0.0011544 secs]
6.082: [GC pause (G1 Evacuation Pause) (young) 4048K->913K(8192K), 0.0008491 secs]
6.085: [GC pause (G1 Evacuation Pause) (young) 3985K->976K(8192K), 0.0011725 secs]
6.088: [GC pause (G1 Evacuation Pause) (young) 4048K->913K(8192K), 0.0008161 secs]
6.091: [GC pause (G1 Evacuation Pause) (young) 3985K->976K(8192K), 0.0194350 secs]
6.113: [GC pause (G1 Evacuation Pause) (young) 4048K->913K(8192K), 0.0008260 secs]
6.117: [GC pause (G1 Evacuation Pause) (young) 3985K->976K(8192K), 0.0012198 secs]
6.121: [GC pause (G1 Evacuation Pause) (young) 4048K->913K(8192K), 0.0008310 secs]
6.124: [GC pause (G1 Evacuation Pause) (young) 3985K->976K(8192K), 0.0012726 secs]
6.127: [GC pause (G1 Evacuation Pause) (young) 4048K->913K(8192K), 0.0008233 secs]
6.130: [GC pause (G1 Evacuation Pause) (young) 3985K->976K(8192K), 0.0011417 secs]
6.134: [GC pause (G1 Evacuation Pause) (young) 4048K->913K(8192K), 0.0008238 secs]
6.137: [GC pause (G1 Evacuation Pause) (young) 3985K->976K(8192K), 0.0011692 secs]
6.140: [GC pause (G1 Evacuation Pause) (young) 4048K->913K(8192K), 0.0008189 secs]
6.143: [GC pause (G1 Evacuation Pause) (young) 3985K->976K(8192K), 0.0011549 secs]
6.146: [GC pause (G1 Evacuation Pause) (young) 4048K->913K(8192K), 0.0008304 secs]
6.150: [GC pause (G1 Evacuation Pause) (young) 3985K->976K(8192K), 0.0011505 secs]
6.153: [GC pause (G1 Evacuation Pause) (young) 4048K->913K(8192K), 0.0008282 secs]
6.156: [GC pause (G1 Evacuation Pause) (young) 3985K->976K(8192K), 0.0011676 secs]
6.160: [GC pause (G1 Evacuation Pause) (young) 4048K->913K(8192K), 0.0008689 secs]
6.163: [GC pause (G1 Evacuation Pause) (young) 3985K->976K(8192K), 0.0012325 secs]
6.166: [GC pause (G1 Evacuation Pause) (young) 4048K->913K(8192K), 0.0008238 secs]
6.169: [GC pause (G1 Evacuation Pause) (young) 3985K->976K(8192K), 0.0011357 secs]
6.173: [GC pause (G1 Evacuation Pause) (young) 4048K->913K(8192K), 0.0008502 secs]
6.176: [GC pause (G1 Evacuation Pause) (young) 3985K->976K(8192K), 0.0011610 secs]
6.179: [GC pause (G1 Evacuation Pause) (young) 4048K->913K(8192K), 0.0008233 secs]
6.182: [GC pause (G1 Evacuation Pause) (young) 3985K->976K(8192K), 0.0011340 secs]
6.186: [GC pause (G1 Evacuation Pause) (young) 4048K->913K(8192K), 0.0009910 secs]
6.189: [GC pause (G1 Evacuation Pause) (young) 3985K->976K(8192K), 0.0011505 secs]
6.192: [GC pause (G1 Evacuation Pause) (young) 4048K->913K(8192K), 0.0008425 secs]
6.195: [GC pause (G1 Evacuation Pause) (young) 3985K->976K(8192K), 0.0012055 secs]
6.198: [GC pause (G1 Evacuation Pause) (young) 4048K->913K(8192K), 0.0008183 secs]
6.201: [GC pause (G1 Evacuation Pause) (young) 3985K->976K(8192K), 0.0011060 secs]
6.204: [GC pause (G1 Evacuation Pause) (young) 4048K->913K(8192K), 0.0008095 secs]
6.208: [GC pause (G1 Evacuation Pause) (young) 3985K->976K(8192K), 0.0011401 secs]
6.211: [GC pause (G1 Evacuation Pause) (young) 4048K->913K(8192K), 0.0008216 secs]
6.214: [GC pause (G1 Evacuation Pause) (young) 3985K->976K(8192K), 0.0011197 secs]
6.217: [GC pause (G1 Evacuation Pause) (young) 4048K->913K(8192K), 0.0008101 secs]
6.220: [GC pause (G1 Evacuation Pause) (young) 3985K->976K(8192K), 0.0011428 secs]
6.223: [GC pause (G1 Evacuation Pause) (young) 4048K->913K(8192K), 0.0008051 secs]
6.226: [GC pause (G1 Evacuation Pause) (young) 3985K->976K(8192K), 0.0011538 secs]
6.229: [GC pause (G1 Evacuation Pause) (young) 4048K->913K(8192K), 0.0007991 secs]
6.232: [GC pause (G1 Evacuation Pause) (young) 3985K->976K(8192K), 0.0011450 secs]
6.236: [GC pause (G1 Evacuation Pause) (young) 4048K->913K(8192K), 0.0008260 secs]
6.239: [GC pause (G1 Evacuation Pause) (young) 3985K->976K(8192K), 0.0011203 secs]
6.242: [GC pause (G1 Evacuation Pause) (young) 4048K->913K(8192K), 0.0008178 secs]
6.245: [GC pause (G1 Evacuation Pause) (young) 3985K->976K(8192K), 0.0011742 secs]
6.248: [GC pause (G1 Evacuation Pause) (young) 4048K->913K(8192K), 0.0007991 secs]
6.251: [GC pause (G1 Evacuation Pause) (young) 3985K->976K(8192K), 0.0011258 secs]
6.254: [GC pause (G1 Evacuation Pause) (young) 4048K->913K(8192K), 0.0008117 secs]
6.257: [GC pause (G1 Evacuation Pause) (young) 3985K->976K(8192K), 0.0011373 secs]
6.260: [GC pause (G1 Evacuation Pause) (young) 4048K->913K(8192K), 0.0008183 secs]
6.263: [GC pause (G1 Evacuation Pause) (young) 3985K->976K(8192K), 0.0011351 secs]
6.266: [GC pause (G1 Evacuation Pause) (young) 4048K->913K(8192K), 0.0008040 secs]
6.269: [GC pause (G1 Evacuation Pause) (young) 3985K->976K(8192K), 0.0011252 secs]
6.273: [GC pause (G1 Evacuation Pause) (young) 4048K->913K(8192K), 0.0007980 secs]
6.275: [GC pause (G1 Evacuation Pause) (young) 3985K->976K(8192K), 0.0011214 secs]
6.279: [GC pause (G1 Evacuation Pause) (young) 4048K->913K(8192K), 0.0008068 secs]
6.281: [GC pause (G1 Evacuation Pause) (young) 3985K->976K(8192K), 0.0011241 secs]
6.285: [GC pause (G1 Evacuation Pause) (young) 4048K->913K(8192K), 0.0007996 secs]
6.288: [GC pause (G1 Evacuation Pause) (young) 3985K->976K(8192K), 0.0011302 secs]
6.291: [GC pause (G1 Evacuation Pause) (young) 4048K->913K(8192K), 0.0008035 secs]
6.294: [GC pause (G1 Evacuation Pause) (young) 3985K->976K(8192K), 0.0011153 secs]
6.297: [GC pause (G1 Evacuation Pause) (young) 4048K->913K(8192K), 0.0008040 secs]
6.300: [GC pause (G1 Evacuation Pause) (young) 3985K->976K(8192K), 0.0011197 secs]
6.303: [GC pause (G1 Evacuation Pause) (young) 4048K->913K(8192K), 0.0007985 secs]
6.306: [GC pause (G1 Evacuation Pause) (young) 3985K->976K(8192K), 0.0011274 secs]
6.309: [GC pause (G1 Evacuation Pause) (young) 4048K->913K(8192K), 0.0008574 secs]
6.312: [GC pause (G1 Evacuation Pause) (young) 3985K->976K(8192K), 0.0011984 secs]
6.315: [GC pause (G1 Evacuation Pause) (young) 4048K->913K(8192K), 0.0008442 secs]
6.318: [GC pause (G1 Evacuation Pause) (young) 3985K->976K(8192K), 0.0011137 secs]
6.322: [GC pause (G1 Evacuation Pause) (young) 4048K->913K(8192K), 0.0008046 secs]
6.324: [GC pause (G1 Evacuation Pause) (young) 3985K->976K(8192K), 0.0011566 secs]
6.328: [GC pause (G1 Evacuation Pause) (young) 4048K->913K(8192K), 0.0008117 secs]
6.331: [GC pause (G1 Evacuation Pause) (young) 3985K->976K(8192K), 0.0011263 secs]
6.334: [GC pause (G1 Evacuation Pause) (young) 4048K->913K(8192K), 0.0008183 secs]
6.337: [GC pause (G1 Evacuation Pause) (young) 3985K->976K(8192K), 0.0011181 secs]
6.340: [GC pause (G1 Evacuation Pause) (young) 4048K->913K(8192K), 0.0008101 secs]
6.343: [GC pause (G1 Evacuation Pause) (young) 3985K->976K(8192K), 0.0011329 secs]
6.346: [GC pause (G1 Evacuation Pause) (young) 4048K->913K(8192K), 0.0008007 secs]
6.349: [GC pause (G1 Evacuation Pause) (young) 3985K->976K(8192K), 0.0011225 secs]
6.352: [GC pause (G1 Evacuation Pause) (young) 4048K->913K(8192K), 0.0008667 secs]
6.355: [GC pause (G1 Evacuation Pause) (young) 3985K->976K(8192K), 0.0011423 secs]
6.358: [GC pause (G1 Evacuation Pause) (young) 4048K->913K(8192K), 0.0008420 secs]
6.361: [GC pause (G1 Evacuation Pause) (young) 3985K->976K(8192K), 0.0011115 secs]
6.365: [GC pause (G1 Evacuation Pause) (young) 4048K->913K(8192K), 0.0008156 secs]
6.367: [GC pause (G1 Evacuation Pause) (young) 3985K->976K(8192K), 0.0011208 secs]
6.371: [GC pause (G1 Evacuation Pause) (young) 4048K->913K(8192K), 0.0008095 secs]
6.374: [GC pause (G1 Evacuation Pause) (young) 3985K->976K(8192K), 0.0011225 secs]
6.377: [GC pause (G1 Evacuation Pause) (young) 4048K->913K(8192K), 0.0008068 secs]
6.380: [GC pause (G1 Evacuation Pause) (young) 3985K->976K(8192K), 0.0011219 secs]
6.383: [GC pause (G1 Evacuation Pause) (young) 4048K->913K(8192K), 0.0008079 secs]
6.386: [GC pause (G1 Evacuation Pause) (young) 3985K->976K(8192K), 0.0011494 secs]
6.389: [GC pause (G1 Evacuation Pause) (young) 4048K->913K(8192K), 0.0008909 secs]
6.392: [GC pause (G1 Evacuation Pause) (young) 3985K->976K(8192K), 0.0011131 secs]
6.395: [GC pause (G1 Evacuation Pause) (young) 4048K->913K(8192K), 0.0007980 secs]
6.398: [GC pause (G1 Evacuation Pause) (young) 3985K->976K(8192K), 0.0011329 secs]
6.401: [GC pause (G1 Evacuation Pause) (young) 4048K->913K(8192K), 0.0008128 secs]
6.404: [GC pause (G1 Evacuation Pause) (young) 3985K->976K(8192K), 0.0011153 secs]
6.408: [GC pause (G1 Evacuation Pause) (young) 4048K->913K(8192K), 0.0008365 secs]
6.410: [GC pause (G1 Evacuation Pause) (young) 3985K->976K(8192K), 0.0011714 secs]
6.414: [GC pause (G1 Evacuation Pause) (young) 4048K->913K(8192K), 0.0007941 secs]
6.417: [GC pause (G1 Evacuation Pause) (young) 3985K->976K(8192K), 0.0012693 secs]
6.420: [GC pause (G1 Evacuation Pause) (young) 4048K->913K(8192K), 0.0008073 secs]
6.423: [GC pause (G1 Evacuation Pause) (young) 3985K->976K(8192K), 0.0011417 secs]
6.426: [GC pause (G1 Evacuation Pause) (young) 4048K->913K(8192K), 0.0008332 secs]
6.429: [GC pause (G1 Evacuation Pause) (young) 3985K->976K(8192K), 0.0011566 secs]
6.432: [GC pause (G1 Evacuation Pause) (young) 4048K->913K(8192K), 0.0008057 secs]
6.435: [GC pause (G1 Evacuation Pause) (young) 3985K->976K(8192K), 0.0011230 secs]
6.438: [GC pause (G1 Evacuation Pause) (young) 4048K->913K(8192K), 0.0008018 secs]
6.441: [GC pause (G1 Evacuation Pause) (young) 3985K->976K(8192K), 0.0011379 secs]
6.445: [GC pause (G1 Evacuation Pause) (young) 4048K->913K(8192K), 0.0008095 secs]
6.447: [GC pause (G1 Evacuation Pause) (young) 3985K->976K(8192K), 0.0011670 secs]
6.451: [GC pause (G1 Evacuation Pause) (young) 4048K->913K(8192K), 0.0008205 secs]
6.454: [GC pause (G1 Evacuation Pause) (young) 3985K->976K(8192K), 0.0011230 secs]
6.457: [GC pause (G1 Evacuation Pause) (young) 4048K->913K(8192K), 0.0009261 secs]
6.460: [GC pause (G1 Evacuation Pause) (young) 3985K->976K(8192K), 0.0011307 secs]
6.463: [GC pause (G1 Evacuation Pause) (young) 4048K->913K(8192K), 0.0008057 secs]
6.466: [GC pause (G1 Evacuation Pause) (young) 3985K->976K(8192K), 0.0011263 secs]
6.469: [GC pause (G1 Evacuation Pause) (young) 4048K->913K(8192K), 0.0008645 secs]
6.472: [GC pause (G1 Evacuation Pause) (young) 3985K->1003K(8192K), 0.0012759 secs]
6.476: [GC pause (G1 Evacuation Pause) (young) 4075K->913K(8192K), 0.0008068 secs]
6.478: [GC pause (G1 Evacuation Pause) (young) 3985K->976K(8192K), 0.0011522 secs]
6.482: [GC pause (G1 Evacuation Pause) (young) 4048K->913K(8192K), 0.0008040 secs]
6.484: [GC pause (G1 Evacuation Pause) (young) 3985K->976K(8192K), 0.0011115 secs]
6.488: [GC pause (G1 Evacuation Pause) (young) 4048K->913K(8192K), 0.0008002 secs]
6.491: [GC pause (G1 Evacuation Pause) (young) 3985K->976K(8192K), 0.0011599 secs]
6.494: [GC pause (G1 Evacuation Pause) (young) 4048K->913K(8192K), 0.0008216 secs]
6.497: [GC pause (G1 Evacuation Pause) (young) 3985K->976K(8192K), 0.0011736 secs]
6.500: [GC pause (G1 Evacuation Pause) (young) 4048K->913K(8192K), 0.0007897 secs]
6.503: [GC pause (G1 Evacuation Pause) (young) 3985K->976K(8192K), 0.0011296 secs]
6.506: [GC pause (G1 Evacuation Pause) (young) 4048K->913K(8192K), 0.0008068 secs]
6.509: [GC pause (G1 Evacuation Pause) (young) 3985K->976K(8192K), 0.0011467 secs]
6.512: [GC pause (G1 Evacuation Pause) (young) 4048K->913K(8192K), 0.0008084 secs]
6.515: [GC pause (G1 Evacuation Pause) (young) 3985K->976K(8192K), 0.0011131 secs]
6.519: [GC pause (G1 Evacuation Pause) (young) 4048K->913K(8192K), 0.0008161 secs]
6.521: [GC pause (G1 Evacuation Pause) (young) 3985K->976K(8192K), 0.0011291 secs]
6.525: [GC pause (G1 Evacuation Pause) (young) 4048K->913K(8192K), 0.0008359 secs]
6.528: [GC pause (G1 Evacuation Pause) (young) 3985K->976K(8192K), 0.0011324 secs]
6.531: [GC pause (G1 Evacuation Pause) (young) 4048K->913K(8192K), 0.0007952 secs]
6.534: [GC pause (G1 Evacuation Pause) (young) 3985K->976K(8192K), 0.0011302 secs]
6.537: [GC pause (G1 Evacuation Pause) (young) 4048K->913K(8192K), 0.0008013 secs]
6.540: [GC pause (G1 Evacuation Pause) (young) 3985K->976K(8192K), 0.0011357 secs]
6.543: [GC pause (G1 Evacuation Pause) (young) 4048K->913K(8192K), 0.0008123 secs]
6.546: [GC pause (G1 Evacuation Pause) (young) 3985K->976K(8192K), 0.0011247 secs]
6.549: [GC pause (G1 Evacuation Pause) (young) 4048K->913K(8192K), 0.0008365 secs]
6.552: [GC pause (G1 Evacuation Pause) (young) 3985K->976K(8192K), 0.0011467 secs]
6.555: [GC pause (G1 Evacuation Pause) (young) 4048K->913K(8192K), 0.0008068 secs]
6.558: [GC pause (G1 Evacuation Pause) (young) 3985K->976K(8192K), 0.0011280 secs]
6.562: [GC pause (G1 Evacuation Pause) (young) 4048K->913K(8192K), 0.0008530 secs]
6.564: [GC pause (G1 Evacuation Pause) (young) 3985K->976K(8192K), 0.0011230 secs]
6.568: [GC pause (G1 Evacuation Pause) (young) 4048K->913K(8192K), 0.0008051 secs]
6.571: [GC pause (G1 Evacuation Pause) (young) 3985K->976K(8192K), 0.0011241 secs]
6.574: [GC pause (G1 Evacuation Pause) (young) 4048K->913K(8192K), 0.0008057 secs]
6.577: [GC pause (G1 Evacuation Pause) (young) 3985K->976K(8192K), 0.0011329 secs]
6.580: [GC pause (G1 Evacuation Pause) (young) 4048K->913K(8192K), 0.0007991 secs]
6.583: [GC pause (G1 Evacuation Pause) (young) 3985K->976K(8192K), 0.0011137 secs]
6.586: [GC pause (G1 Evacuation Pause) (young) 4048K->913K(8192K), 0.0008403 secs]
6.589: [GC pause (G1 Evacuation Pause) (young) 3985K->976K(8192K), 0.0011582 secs]
6.592: [GC pause (G1 Evacuation Pause) (young) 4048K->913K(8192K), 0.0008376 secs]
6.595: [GC pause (G1 Evacuation Pause) (young) 3985K->976K(8192K), 0.0011280 secs]
6.598: [GC pause (G1 Evacuation Pause) (young) 4048K->913K(8192K), 0.0008018 secs]
6.601: [GC pause (G1 Evacuation Pause) (young) 3985K->976K(8192K), 0.0011203 secs]
6.604: [GC pause (G1 Evacuation Pause) (young) 4048K->913K(8192K), 0.0008123 secs]
6.607: [GC pause (G1 Evacuation Pause) (young) 3985K->976K(8192K), 0.0011214 secs]
6.611: [GC pause (G1 Evacuation Pause) (young) 4048K->913K(8192K), 0.0008057 secs]
6.614: [GC pause (G1 Evacuation Pause) (young) 3985K->976K(8192K), 0.0011324 secs]
6.617: [GC pause (G1 Evacuation Pause) (young) 4048K->913K(8192K), 0.0008255 secs]
6.620: [GC pause (G1 Evacuation Pause) (young) 3985K->976K(8192K), 0.0011302 secs]
6.623: [GC pause (G1 Evacuation Pause) (young) 4048K->913K(8192K), 0.0008018 secs]
6.626: [GC pause (G1 Evacuation Pause) (young) 3985K->976K(8192K), 0.0011087 secs]
6.629: [GC pause (G1 Evacuation Pause) (young) 4048K->913K(8192K), 0.0007941 secs]
6.632: [GC pause (G1 Evacuation Pause) (young) 3985K->976K(8192K), 0.0011659 secs]
6.635: [GC pause (G1 Evacuation Pause) (young) 4048K->913K(8192K), 0.0008079 secs]
6.638: [GC pause (G1 Evacuation Pause) (young) 3985K->976K(8192K), 0.0011175 secs]
6.641: [GC pause (G1 Evacuation Pause) (young) 4048K->913K(8192K), 0.0008035 secs]
6.644: [GC pause (G1 Evacuation Pause) (young) 3985K->976K(8192K), 0.0011164 secs]
6.647: [GC pause (G1 Evacuation Pause) (young) 4048K->913K(8192K), 0.0008128 secs]
6.650: [GC pause (G1 Evacuation Pause) (young) 3985K->976K(8192K), 0.0011230 secs]
6.653: [GC pause (G1 Evacuation Pause) (young) 4048K->913K(8192K), 0.0008095 secs]
6.656: [GC pause (G1 Evacuation Pause) (young) 3985K->976K(8192K), 0.0011610 secs]
6.659: [GC pause (G1 Evacuation Pause) (young) 4048K->913K(8192K), 0.0008068 secs]
6.662: [GC pause (G1 Evacuation Pause) (young) 3985K->976K(8192K), 0.0011164 secs]
6.665: [GC pause (G1 Evacuation Pause) (young) 4048K->913K(8192K), 0.0008035 secs]
6.668: [GC pause (G1 Evacuation Pause) (young) 3985K->976K(8192K), 0.0011115 secs]
6.672: [GC pause (G1 Evacuation Pause) (young) 4048K->913K(8192K), 0.0008145 secs]
6.674: [GC pause (G1 Evacuation Pause) (young) 3985K->976K(8192K), 0.0011346 secs]
6.678: [GC pause (G1 Evacuation Pause) (young) 4048K->913K(8192K), 0.0008134 secs]
6.681: [GC pause (G1 Evacuation Pause) (young) 3985K->976K(8192K), 0.0011313 secs]
6.684: [GC pause (G1 Evacuation Pause) (young) 4048K->913K(8192K), 0.0027107 secs]
6.689: [GC pause (G1 Evacuation Pause) (young) 3985K->976K(8192K), 0.0012121 secs]
6.692: [GC pause (G1 Evacuation Pause) (young) 4048K->913K(8192K), 0.0009135 secs]
6.695: [GC pause (G1 Evacuation Pause) (young) 3985K->976K(8192K), 0.0011368 secs]
6.698: [GC pause (G1 Evacuation Pause) (young) 4048K->913K(8192K), 0.0008425 secs]
6.701: [GC pause (G1 Evacuation Pause) (young) 3985K->976K(8192K), 0.0011274 secs]
6.704: [GC pause (G1 Evacuation Pause) (young) 4048K->913K(8192K), 0.0008772 secs]
6.707: [GC pause (G1 Evacuation Pause) (young) 3985K->976K(8192K), 0.0025408 secs]
6.712: [GC pause (G1 Evacuation Pause) (young) 4048K->913K(8192K), 0.0008277 secs]
6.715: [GC pause (G1 Evacuation Pause) (young) 3985K->976K(8192K), 0.0011340 secs]
6.718: [GC pause (G1 Evacuation Pause) (young) 4048K->913K(8192K), 0.0008453 secs]
6.721: [GC pause (G1 Evacuation Pause) (young) 3985K->976K(8192K), 0.0011263 secs]
6.725: [GC pause (G1 Evacuation Pause) (young) 4048K->913K(8192K), 0.0008057 secs]
6.727: [GC pause (G1 Evacuation Pause) (young) 3985K->976K(8192K), 0.0011368 secs]
6.731: [GC pause (G1 Evacuation Pause) (young) 4048K->913K(8192K), 0.0008084 secs]
6.734: [GC pause (G1 Evacuation Pause) (young) 3985K->976K(8192K), 0.0011181 secs]
6.737: [GC pause (G1 Evacuation Pause) (young) 4048K->913K(8192K), 0.0008046 secs]
6.740: [GC pause (G1 Evacuation Pause) (young) 3985K->976K(8192K), 0.0011467 secs]
6.743: [GC pause (G1 Evacuation Pause) (young) 4048K->913K(8192K), 0.0008134 secs]
6.746: [GC pause (G1 Evacuation Pause) (young) 3985K->976K(8192K), 0.0011214 secs]
6.749: [GC pause (G1 Evacuation Pause) (young) 4048K->913K(8192K), 0.0008073 secs]
6.752: [GC pause (G1 Evacuation Pause) (young) 3985K->976K(8192K), 0.0011203 secs]
6.755: [GC pause (G1 Evacuation Pause) (young) 4048K->913K(8192K), 0.0007941 secs]
6.758: [GC pause (G1 Evacuation Pause) (young) 3985K->976K(8192K), 0.0011423 secs]
6.761: [GC pause (G1 Evacuation Pause) (young) 4048K->913K(8192K), 0.0008321 secs]
6.764: [GC pause (G1 Evacuation Pause) (young) 3985K->976K(8192K), 0.0011181 secs]
6.768: [GC pause (G1 Evacuation Pause) (young) 4048K->913K(8192K), 0.0008205 secs]
6.771: [GC pause (G1 Evacuation Pause) (young) 3985K->976K(8192K), 0.0011329 secs]
6.774: [GC pause (G1 Evacuation Pause) (young) 4048K->913K(8192K), 0.0007936 secs]
6.777: [GC pause (G1 Evacuation Pause) (young) 3985K->976K(8192K), 0.0012209 secs]
6.780: [GC pause (G1 Evacuation Pause) (young) 4048K->913K(8192K), 0.0008161 secs]
6.783: [GC pause (G1 Evacuation Pause) (young) 3985K->976K(8192K), 0.0011307 secs]
6.786: [GC pause (G1 Evacuation Pause) (young) 4048K->913K(8192K), 0.0008035 secs]
6.789: [GC pause (G1 Evacuation Pause) (young) 3985K->976K(8192K), 0.0011329 secs]
6.792: [GC pause (G1 Evacuation Pause) (young) 4048K->913K(8192K), 0.0007864 secs]
6.795: [GC pause (G1 Evacuation Pause) (young) 3985K->976K(8192K), 0.0011335 secs]
6.798: [GC pause (G1 Evacuation Pause) (young) 4048K->913K(8192K), 0.0007991 secs]
6.802: [GC pause (G1 Evacuation Pause) (young) 3985K->976K(8192K), 0.0011615 secs]
6.805: [GC pause (G1 Evacuation Pause) (young) 4048K->913K(8192K), 0.0008106 secs]
6.808: [GC pause (G1 Evacuation Pause) (young) 3985K->976K(8192K), 0.0011269 secs]
6.811: [GC pause (G1 Evacuation Pause) (young) 4048K->913K(8192K), 0.0007980 secs]
6.814: [GC pause (G1 Evacuation Pause) (young) 3985K->976K(8192K), 0.0011461 secs]
6.817: [GC pause (G1 Evacuation Pause) (young) 4048K->913K(8192K), 0.0007996 secs]
6.820: [GC pause (G1 Evacuation Pause) (young) 3985K->976K(8192K), 0.0011346 secs]
6.823: [GC pause (G1 Evacuation Pause) (young) 4048K->913K(8192K), 0.0008172 secs]
6.826: [GC pause (G1 Evacuation Pause) (young) 3985K->976K(8192K), 0.0011313 secs]
6.829: [GC pause (G1 Evacuation Pause) (young) 4048K->913K(8192K), 0.0008068 secs]
6.832: [GC pause (G1 Evacuation Pause) (young) 3985K->976K(8192K), 0.0011500 secs]
6.836: [GC pause (G1 Evacuation Pause) (young) 4048K->913K(8192K), 0.0008579 secs]
6.839: [GC pause (G1 Evacuation Pause) (young) 3985K->976K(8192K), 0.0012182 secs]
6.842: [GC pause (G1 Evacuation Pause) (young) 4048K->913K(8192K), 0.0008299 secs]
6.845: [GC pause (G1 Evacuation Pause) (young) 3985K->976K(8192K), 0.0011384 secs]
6.848: [GC pause (G1 Evacuation Pause) (young) 4048K->913K(8192K), 0.0008007 secs]
6.851: [GC pause (G1 Evacuation Pause) (young) 3985K->976K(8192K), 0.0011263 secs]
6.854: [GC pause (G1 Evacuation Pause) (young) 4048K->913K(8192K), 0.0007980 secs]
6.857: [GC pause (G1 Evacuation Pause) (young) 3985K->976K(8192K), 0.0011280 secs]
6.860: [GC pause (G1 Evacuation Pause) (young) 4048K->913K(8192K), 0.0008117 secs]
6.863: [GC pause (G1 Evacuation Pause) (young) 3985K->976K(8192K), 0.0011472 secs]
6.866: [GC pause (G1 Evacuation Pause) (young) 4048K->913K(8192K), 0.0008123 secs]
6.869: [GC pause (G1 Evacuation Pause) (young) 3985K->976K(8192K), 0.0011357 secs]
6.872: [GC pause (G1 Evacuation Pause) (young) 4048K->913K(8192K), 0.0008057 secs]
6.875: [GC pause (G1 Evacuation Pause) (young) 3985K->976K(8192K), 0.0011291 secs]
6.879: [GC pause (G1 Evacuation Pause) (young) 4048K->913K(8192K), 0.0008073 secs]
6.882: [GC pause (G1 Evacuation Pause) (young) 3985K->976K(8192K), 0.0011252 secs]
6.885: [GC pause (G1 Evacuation Pause) (young) 4048K->913K(8192K), 0.0008007 secs]
6.888: [GC pause (G1 Evacuation Pause) (young) 3985K->976K(8192K), 0.0011560 secs]
6.891: [GC pause (G1 Evacuation Pause) (young) 4048K->913K(8192K), 0.0008106 secs]
6.894: [GC pause (G1 Evacuation Pause) (young) 3985K->976K(8192K), 0.0011500 secs]
6.897: [GC pause (G1 Evacuation Pause) (young) 4048K->913K(8192K), 0.0008084 secs]
6.900: [GC pause (G1 Evacuation Pause) (young) 3985K->976K(8192K), 0.0011170 secs]
6.903: [GC pause (G1 Evacuation Pause) (young) 4048K->913K(8192K), 0.0008040 secs]
6.906: [GC pause (G1 Evacuation Pause) (young) 3985K->976K(8192K), 0.0011472 secs]
6.910: [GC pause (G1 Evacuation Pause) (young) 4048K->913K(8192K), 0.0008068 secs]
6.913: [GC pause (G1 Evacuation Pause) (young) 3985K->976K(8192K), 0.0013276 secs]
6.918: [GC pause (G1 Evacuation Pause) (young) 4048K->913K(8192K), 0.0008766 secs]
6.921: [GC pause (G1 Evacuation Pause) (young) 3985K->976K(8192K), 0.0011929 secs]
6.925: [GC pause (G1 Evacuation Pause) (young) 4048K->913K(8192K), 0.0008189 secs]
6.928: [GC pause (G1 Evacuation Pause) (young) 3985K->976K(8192K), 0.0011324 secs]
6.931: [GC pause (G1 Evacuation Pause) (young) 4048K->913K(8192K), 0.0008112 secs]
6.934: [GC pause (G1 Evacuation Pause) (young) 3985K->976K(8192K), 0.0011291 secs]
6.937: [GC pause (G1 Evacuation Pause) (young) 4048K->913K(8192K), 0.0007991 secs]
6.940: [GC pause (G1 Evacuation Pause) (young) 3985K->976K(8192K), 0.0011241 secs]
6.943: [GC pause (G1 Evacuation Pause) (young) 4048K->913K(8192K), 0.0008068 secs]
6.946: [GC pause (G1 Evacuation Pause) (young) 3985K->976K(8192K), 0.0011478 secs]
6.949: [GC pause (G1 Evacuation Pause) (young) 4048K->913K(8192K), 0.0008051 secs]
6.952: [GC pause (G1 Evacuation Pause) (young) 3985K->1003K(8192K), 0.0012451 secs]
6.956: [GC pause (G1 Evacuation Pause) (young) 4075K->913K(8192K), 0.0008117 secs]
6.959: [GC pause (G1 Evacuation Pause) (young) 3985K->976K(8192K), 0.0011247 secs]
6.962: [GC pause (G1 Evacuation Pause) (young) 4048K->913K(8192K), 0.0007969 secs]
6.965: [GC pause (G1 Evacuation Pause) (young) 3985K->976K(8192K), 0.0011731 secs]
6.968: [GC pause (G1 Evacuation Pause) (young) 4048K->913K(8192K), 0.0008002 secs]
6.971: [GC pause (G1 Evacuation Pause) (young) 3985K->976K(8192K), 0.0011280 secs]
6.974: [GC pause (G1 Evacuation Pause) (young) 4048K->913K(8192K), 0.0008849 secs]
6.977: [GC pause (G1 Evacuation Pause) (young) 3985K->976K(8192K), 0.0011522 secs]
6.980: [GC pause (G1 Evacuation Pause) (young) 4048K->913K(8192K), 0.0008183 secs]
6.983: [GC pause (G1 Evacuation Pause) (young) 3985K->976K(8192K), 0.0011247 secs]
6.987: [GC pause (G1 Evacuation Pause) (young) 4048K->913K(8192K), 0.0008112 secs]
6.990: [GC pause (G1 Evacuation Pause) (young) 3985K->976K(8192K), 0.0011571 secs]
6.993: [GC pause (G1 Evacuation Pause) (young) 4048K->913K(8192K), 0.0008057 secs]
6.996: [GC pause (G1 Evacuation Pause) (young) 3985K->976K(8192K), 0.0011241 secs]
6.999: [GC pause (G1 Evacuation Pause) (young) 4048K->913K(8192K), 0.0008046 secs]
7.002: [GC pause (G1 Evacuation Pause) (young) 3985K->976K(8192K), 0.0011208 secs]
7.005: [GC pause (G1 Evacuation Pause) (young) 4048K->913K(8192K), 0.0008167 secs]
7.008: [GC pause (G1 Evacuation Pause) (young) 3985K->976K(8192K), 0.0011527 secs]
7.011: [GC pause (G1 Evacuation Pause) (young) 4048K->913K(8192K), 0.0008018 secs]
7.014: [GC pause (G1 Evacuation Pause) (young) 3985K->976K(8192K), 0.0011203 secs]
7.017: [GC pause (G1 Evacuation Pause) (young) 4048K->913K(8192K), 0.0008068 secs]
7.020: [GC pause (G1 Evacuation Pause) (young) 3985K->976K(8192K), 0.0011225 secs]
7.024: [GC pause (G1 Evacuation Pause) (young) 4048K->913K(8192K), 0.0008178 secs]
7.027: [GC pause (G1 Evacuation Pause) (young) 3985K->976K(8192K), 0.0011263 secs]
7.030: [GC pause (G1 Evacuation Pause) (young) 4048K->913K(8192K), 0.0008013 secs]
7.033: [GC pause (G1 Evacuation Pause) (young) 3985K->976K(8192K), 0.0011186 secs]
7.036: [GC pause (G1 Evacuation Pause) (young) 4048K->913K(8192K), 0.0008090 secs]
7.039: [GC pause (G1 Evacuation Pause) (young) 3985K->976K(8192K), 0.0011263 secs]
7.042: [GC pause (G1 Evacuation Pause) (young) 4048K->913K(8192K), 0.0008194 secs]
7.045: [GC pause (G1 Evacuation Pause) (young) 3985K->976K(8192K), 0.0011170 secs]
7.048: [GC pause (G1 Evacuation Pause) (young) 4048K->913K(8192K), 0.0008084 secs]
7.051: [GC pause (G1 Evacuation Pause) (young) 3985K->976K(8192K), 0.0011555 secs]
7.054: [GC pause (G1 Evacuation Pause) (young) 4048K->913K(8192K), 0.0008046 secs]
7.057: [GC pause (G1 Evacuation Pause) (young) 3985K->976K(8192K), 0.0011280 secs]
7.060: [GC pause (G1 Evacuation Pause) (young) 4048K->913K(8192K), 0.0008029 secs]
7.063: [GC pause (G1 Evacuation Pause) (young) 3985K->976K(8192K), 0.0011164 secs]
7.067: [GC pause (G1 Evacuation Pause) (young) 4048K->913K(8192K), 0.0008013 secs]
7.069: [GC pause (G1 Evacuation Pause) (young) 3985K->976K(8192K), 0.0011120 secs]
7.073: [GC pause (G1 Evacuation Pause) (young) 4048K->913K(8192K), 0.0008453 secs]
7.076: [GC pause (G1 Evacuation Pause) (young) 3985K->976K(8192K), 0.0011351 secs]
7.079: [GC pause (G1 Evacuation Pause) (young) 4048K->913K(8192K), 0.0008084 secs]
7.082: [GC pause (G1 Evacuation Pause) (young) 3985K->976K(8192K), 0.0012682 secs]
7.085: [GC pause (G1 Evacuation Pause) (young) 4048K->913K(8192K), 0.0008139 secs]
7.088: [GC pause (G1 Evacuation Pause) (young) 3985K->976K(8192K), 0.0011709 secs]
7.091: [GC pause (G1 Evacuation Pause) (young) 4048K->913K(8192K), 0.0008321 secs]
7.094: [GC pause (G1 Evacuation Pause) (young) 3985K->976K(8192K), 0.0011236 secs]
7.097: [GC pause (G1 Evacuation Pause) (young) 4048K->913K(8192K), 0.0008035 secs]
7.100: [GC pause (G1 Evacuation Pause) (young) 3985K->976K(8192K), 0.0011192 secs]
7.104: [GC pause (G1 Evacuation Pause) (young) 4048K->913K(8192K), 0.0008431 secs]
7.106: [GC pause (G1 Evacuation Pause) (young) 3985K->976K(8192K), 0.0011093 secs]
7.110: [GC pause (G1 Evacuation Pause) (young) 4048K->913K(8192K), 0.0008156 secs]
7.113: [GC pause (G1 Evacuation Pause) (young) 3985K->976K(8192K), 0.0011560 secs]
7.116: [GC pause (G1 Evacuation Pause) (young) 4048K->913K(8192K), 0.0007985 secs]
7.119: [GC pause (G1 Evacuation Pause) (young) 3985K->976K(8192K), 0.0013171 secs]
7.122: [GC pause (G1 Evacuation Pause) (young) 4048K->913K(8192K), 0.0008200 secs]
7.125: [GC pause (G1 Evacuation Pause) (young) 3985K->976K(8192K), 0.0011219 secs]
7.128: [GC pause (G1 Evacuation Pause) (young) 4048K->913K(8192K), 0.0009921 secs]
7.131: [GC pause (G1 Evacuation Pause) (young) 3985K->976K(8192K), 0.0011302 secs]
7.135: [GC pause (G1 Evacuation Pause) (young) 4048K->913K(8192K), 0.0008244 secs]
7.138: [GC pause (G1 Evacuation Pause) (young) 3985K->976K(8192K), 0.0011148 secs]
7.141: [GC pause (G1 Evacuation Pause) (young) 4048K->913K(8192K), 0.0008029 secs]
7.144: [GC pause (G1 Evacuation Pause) (young) 3985K->976K(8192K), 0.0011423 secs]
7.147: [GC pause (G1 Evacuation Pause) (young) 4048K->913K(8192K), 0.0008079 secs]
7.150: [GC pause (G1 Evacuation Pause) (young) 3985K->976K(8192K), 0.0011648 secs]
7.153: [GC pause (G1 Evacuation Pause) (young) 4048K->913K(8192K), 0.0008271 secs]
7.156: [GC pause (G1 Evacuation Pause) (young) 3985K->976K(8192K), 0.0011219 secs]
7.159: [GC pause (G1 Evacuation Pause) (young) 4048K->913K(8192K), 0.0008332 secs]
7.162: [GC pause (G1 Evacuation Pause) (young) 3985K->976K(8192K), 0.0012501 secs]
7.165: [GC pause (G1 Evacuation Pause) (young) 4048K->913K(8192K), 0.0008035 secs]
7.168: [GC pause (G1 Evacuation Pause) (young) 3985K->976K(8192K), 0.0011170 secs]
7.172: [GC pause (G1 Evacuation Pause) (young) 4048K->913K(8192K), 0.0008359 secs]
7.174: [GC pause (G1 Evacuation Pause) (young) 3985K->976K(8192K), 0.0011329 secs]
7.178: [GC pause (G1 Evacuation Pause) (young) 4048K->913K(8192K), 0.0008172 secs]
7.181: [GC pause (G1 Evacuation Pause) (young) 3985K->976K(8192K), 0.0011247 secs]
7.184: [GC pause (G1 Evacuation Pause) (young) 4048K->913K(8192K), 0.0008013 secs]
7.187: [GC pause (G1 Evacuation Pause) (young) 3985K->976K(8192K), 0.0016114 secs]
7.191: [GC pause (G1 Evacuation Pause) (young) 4048K->913K(8192K), 0.0008205 secs]
7.194: [GC pause (G1 Evacuation Pause) (young) 3985K->976K(8192K), 0.0011494 secs]
7.198: [GC pause (G1 Evacuation Pause) (young) 4048K->913K(8192K), 0.0008475 secs]
7.200: [GC pause (G1 Evacuation Pause) (young) 3985K->976K(8192K), 0.0011296 secs]
7.204: [GC pause (G1 Evacuation Pause) (young) 4048K->913K(8192K), 0.0008447 secs]
7.207: [GC pause (G1 Evacuation Pause) (young) 3985K->976K(8192K), 0.0011318 secs]
7.210: [GC pause (G1 Evacuation Pause) (young) 4048K->913K(8192K), 0.0008145 secs]
7.213: [GC pause (G1 Evacuation Pause) (young) 3985K->976K(8192K), 0.0011335 secs]
7.216: [GC pause (G1 Evacuation Pause) (young) 4048K->913K(8192K), 0.0008260 secs]
7.219: [GC pause (G1 Evacuation Pause) (young) 3985K->976K(8192K), 0.0011555 secs]
7.222: [GC pause (G1 Evacuation Pause) (young) 4048K->913K(8192K), 0.0009118 secs]
7.225: [GC pause (G1 Evacuation Pause) (young) 3985K->1003K(8192K), 0.0011978 secs]
7.229: [GC pause (G1 Evacuation Pause) (young) 4075K->913K(8192K), 0.0008073 secs]
7.231: [GC pause (G1 Evacuation Pause) (young) 3985K->976K(8192K), 0.0012484 secs]
7.235: [GC pause (G1 Evacuation Pause) (young) 4048K->913K(8192K), 0.0008194 secs]
7.238: [GC pause (G1 Evacuation Pause) (young) 3985K->976K(8192K), 0.0011687 secs]
7.241: [GC pause (G1 Evacuation Pause) (young) 4048K->913K(8192K), 0.0008090 secs]
7.244: [GC pause (G1 Evacuation Pause) (young) 3985K->976K(8192K), 0.0011588 secs]
7.247: [GC pause (G1 Evacuation Pause) (young) 4048K->913K(8192K), 0.0008090 secs]
7.250: [GC pause (G1 Evacuation Pause) (young) 3985K->976K(8192K), 0.0011175 secs]
7.254: [GC pause (G1 Evacuation Pause) (young) 4048K->913K(8192K), 0.0008139 secs]
7.256: [GC pause (G1 Evacuation Pause) (young) 3985K->976K(8192K), 0.0011307 secs]
7.260: [GC pause (G1 Evacuation Pause) (young) 4048K->913K(8192K), 0.0008354 secs]
7.263: [GC pause (G1 Evacuation Pause) (young) 3985K->976K(8192K), 0.0011236 secs]
7.266: [GC pause (G1 Evacuation Pause) (young) 4048K->913K(8192K), 0.0007919 secs]
7.269: [GC pause (G1 Evacuation Pause) (young) 3985K->976K(8192K), 0.0012000 secs]
7.272: [GC pause (G1 Evacuation Pause) (young) 4048K->913K(8192K), 0.0008156 secs]
7.275: [GC pause (G1 Evacuation Pause) (young) 3985K->976K(8192K), 0.0011637 secs]
7.278: [GC pause (G1 Evacuation Pause) (young) 4048K->913K(8192K), 0.0008337 secs]
7.281: [GC pause (G1 Evacuation Pause) (young) 3985K->976K(8192K), 0.0011285 secs]
7.284: [GC pause (G1 Evacuation Pause) (young) 4048K->913K(8192K), 0.0008112 secs]
7.287: [GC pause (G1 Evacuation Pause) (young) 3985K->976K(8192K), 0.0011175 secs]
7.291: [GC pause (G1 Evacuation Pause) (young) 4048K->913K(8192K), 0.0008051 secs]
7.293: [GC pause (G1 Evacuation Pause) (young) 3985K->976K(8192K), 0.0011219 secs]
7.297: [GC pause (G1 Evacuation Pause) (young) 4048K->913K(8192K), 0.0008062 secs]
7.300: [GC pause (G1 Evacuation Pause) (young) 3985K->976K(8192K), 0.0011758 secs]
7.303: [GC pause (G1 Evacuation Pause) (young) 4048K->913K(8192K), 0.0008040 secs]
7.306: [GC pause (G1 Evacuation Pause) (young) 3985K->976K(8192K), 0.0011241 secs]
7.309: [GC pause (G1 Evacuation Pause) (young) 4048K->913K(8192K), 0.0007919 secs]
7.312: [GC pause (G1 Evacuation Pause) (young) 3985K->1003K(8192K), 0.0012506 secs]
7.315: [GC pause (G1 Evacuation Pause) (young) 4075K->913K(8192K), 0.0008051 secs]
7.318: [GC pause (G1 Evacuation Pause) (young) 3985K->976K(8192K), 0.0011313 secs]
7.321: [GC pause (G1 Evacuation Pause) (young) 4048K->913K(8192K), 0.0008431 secs]
7.324: [GC pause (G1 Evacuation Pause) (young) 3985K->976K(8192K), 0.0011225 secs]
7.328: [GC pause (G1 Evacuation Pause) (young) 4048K->913K(8192K), 0.0008062 secs]
7.331: [GC pause (G1 Evacuation Pause) (young) 3985K->976K(8192K), 0.0011192 secs]
7.334: [GC pause (G1 Evacuation Pause) (young) 4048K->913K(8192K), 0.0008084 secs]
7.337: [GC pause (G1 Evacuation Pause) (young) 3985K->976K(8192K), 0.0012110 secs]
7.340: [GC pause (G1 Evacuation Pause) (young) 4048K->913K(8192K), 0.0008277 secs]
7.343: [GC pause (G1 Evacuation Pause) (young) 3985K->976K(8192K), 0.0011214 secs]
7.346: [GC pause (G1 Evacuation Pause) (young) 4048K->913K(8192K), 0.0008106 secs]
7.349: [GC pause (G1 Evacuation Pause) (young) 3985K->976K(8192K), 0.0011659 secs]
7.352: [GC pause (G1 Evacuation Pause) (young) 4048K->913K(8192K), 0.0008013 secs]
7.355: [GC pause (G1 Evacuation Pause) (young) 3985K->976K(8192K), 0.0011384 secs]
7.358: [GC pause (G1 Evacuation Pause) (young) 4048K->913K(8192K), 0.0008535 secs]
7.361: [GC pause (G1 Evacuation Pause) (young) 3985K->976K(8192K), 0.0011192 secs]
7.365: [GC pause (G1 Evacuation Pause) (young) 4048K->913K(8192K), 0.0008255 secs]
7.368: [GC pause (G1 Evacuation Pause) (young) 3985K->976K(8192K), 0.0011269 secs]
7.371: [GC pause (G1 Evacuation Pause) (young) 4048K->913K(8192K), 0.0007974 secs]
7.374: [GC pause (G1 Evacuation Pause) (young) 3985K->976K(8192K), 0.0012105 secs]
7.377: [GC pause (G1 Evacuation Pause) (young) 4048K->913K(8192K), 0.0007985 secs]
7.380: [GC pause (G1 Evacuation Pause) (young) 3985K->976K(8192K), 0.0011467 secs]
7.383: [GC pause (G1 Evacuation Pause) (young) 4048K->913K(8192K), 0.0008046 secs]
7.386: [GC pause (G1 Evacuation Pause) (young) 3985K->976K(8192K), 0.0011258 secs]
7.389: [GC pause (G1 Evacuation Pause) (young) 4048K->913K(8192K), 0.0008007 secs]
7.392: [GC pause (G1 Evacuation Pause) (young) 3985K->976K(8192K), 0.0011368 secs]
7.395: [GC pause (G1 Evacuation Pause) (young) 4048K->913K(8192K), 0.0008051 secs]
7.398: [GC pause (G1 Evacuation Pause) (young) 3985K->976K(8192K), 0.0011280 secs]
7.402: [GC pause (G1 Evacuation Pause) (young) 4048K->913K(8192K), 0.0008123 secs]
7.405: [GC pause (G1 Evacuation Pause) (young) 3985K->976K(8192K), 0.0011604 secs]
7.408: [GC pause (G1 Evacuation Pause) (young) 4048K->913K(8192K), 0.0008068 secs]
7.411: [GC pause (G1 Evacuation Pause) (young) 3985K->976K(8192K), 0.0011159 secs]
7.414: [GC pause (G1 Evacuation Pause) (young) 4048K->913K(8192K), 0.0008002 secs]
7.417: [GC pause (G1 Evacuation Pause) (young) 3985K->976K(8192K), 0.0011142 secs]
7.420: [GC pause (G1 Evacuation Pause) (young) 4048K->913K(8192K), 0.0008156 secs]
7.423: [GC pause (G1 Evacuation Pause) (young) 3985K->976K(8192K), 0.0011703 secs]
7.426: [GC pause (G1 Evacuation Pause) (young) 4048K->913K(8192K), 0.0008090 secs]
7.429: [GC pause (G1 Evacuation Pause) (young) 3985K->976K(8192K), 0.0011302 secs]
7.432: [GC pause (G1 Evacuation Pause) (young) 4048K->913K(8192K), 0.0009872 secs]
7.436: [GC pause (G1 Evacuation Pause) (young) 3985K->976K(8192K), 0.0012715 secs]
7.439: [GC pause (G1 Evacuation Pause) (young) 4048K->913K(8192K), 0.0008211 secs]
7.442: [GC pause (G1 Evacuation Pause) (young) 3985K->976K(8192K), 0.0011236 secs]
7.445: [GC pause (G1 Evacuation Pause) (young) 4048K->913K(8192K), 0.0008073 secs]
7.448: [GC pause (G1 Evacuation Pause) (young) 3985K->976K(8192K), 0.0011236 secs]
7.451: [GC pause (G1 Evacuation Pause) (young) 4048K->913K(8192K), 0.0008079 secs]
7.454: [GC pause (G1 Evacuation Pause) (young) 3985K->976K(8192K), 0.0011269 secs]
7.457: [GC pause (G1 Evacuation Pause) (young) 4048K->913K(8192K), 0.0008871 secs]
7.460: [GC pause (G1 Evacuation Pause) (young) 3985K->976K(8192K), 0.0011329 secs]
7.464: [GC pause (G1 Evacuation Pause) (young) 4048K->913K(8192K), 0.0008029 secs]
7.466: [GC pause (G1 Evacuation Pause) (young) 3985K->976K(8192K), 0.0011500 secs]
7.470: [GC pause (G1 Evacuation Pause) (young) 4048K->913K(8192K), 0.0007985 secs]
7.473: [GC pause (G1 Evacuation Pause) (young) 3985K->976K(8192K), 0.0011142 secs]
7.476: [GC pause (G1 Evacuation Pause) (young) 4048K->913K(8192K), 0.0009003 secs]
7.479: [GC pause (G1 Evacuation Pause) (young) 3985K->976K(8192K), 0.0011494 secs]
7.482: [GC pause (G1 Evacuation Pause) (young) 4048K->913K(8192K), 0.0008024 secs]
7.485: [GC pause (G1 Evacuation Pause) (young) 3985K->976K(8192K), 0.0011494 secs]
7.488: [GC pause (G1 Evacuation Pause) (young) 4048K->913K(8192K), 0.0007991 secs]
7.491: [GC pause (G1 Evacuation Pause) (young) 3985K->976K(8192K), 0.0011835 secs]
7.495: [GC pause (G1 Evacuation Pause) (young) 4048K->913K(8192K), 0.0008046 secs]
7.498: [GC pause (G1 Evacuation Pause) (young) 3985K->976K(8192K), 0.0011219 secs]
7.501: [GC pause (G1 Evacuation Pause) (young) 4048K->913K(8192K), 0.0008079 secs]
7.504: [GC pause (G1 Evacuation Pause) (young) 3985K->976K(8192K), 0.0011483 secs]
7.507: [GC pause (G1 Evacuation Pause) (young) 4048K->913K(8192K), 0.0007914 secs]
7.510: [GC pause (G1 Evacuation Pause) (young) 3985K->976K(8192K), 0.0011164 secs]
7.513: [GC pause (G1 Evacuation Pause) (young) 4048K->913K(8192K), 0.0007980 secs]
7.516: [GC pause (G1 Evacuation Pause) (young) 3985K->976K(8192K), 0.0011170 secs]
7.519: [GC pause (G1 Evacuation Pause) (young) 4048K->913K(8192K), 0.0008585 secs]
7.522: [GC pause (G1 Evacuation Pause) (young) 3985K->976K(8192K), 0.0014051 secs]
7.525: [GC pause (G1 Evacuation Pause) (young) 4048K->913K(8192K), 0.0008046 secs]
7.528: [GC pause (G1 Evacuation Pause) (young) 3985K->976K(8192K), 0.0011615 secs]
7.532: [GC pause (G1 Evacuation Pause) (young) 4048K->913K(8192K), 0.0008007 secs]
7.535: [GC pause (G1 Evacuation Pause) (young) 3985K->976K(8192K), 0.0011285 secs]
7.538: [GC pause (G1 Evacuation Pause) (young) 4048K->913K(8192K), 0.0008106 secs]
7.541: [GC pause (G1 Evacuation Pause) (young) 3985K->976K(8192K), 0.0011324 secs]
7.544: [GC pause (G1 Evacuation Pause) (young) 4048K->913K(8192K), 0.0008101 secs]
7.547: [GC pause (G1 Evacuation Pause) (young) 3985K->976K(8192K), 0.0011692 secs]
7.550: [GC pause (G1 Evacuation Pause) (young) 4048K->913K(8192K), 0.0008134 secs]
7.553: [GC pause (G1 Evacuation Pause) (young) 3985K->976K(8192K), 0.0011467 secs]
7.556: [GC pause (G1 Evacuation Pause) (young) 4048K->913K(8192K), 0.0007996 secs]
7.559: [GC pause (G1 Evacuation Pause) (young) 3985K->976K(8192K), 0.0011269 secs]
7.562: [GC pause (G1 Evacuation Pause) (young) 4048K->913K(8192K), 0.0008079 secs]
7.565: [GC pause (G1 Evacuation Pause) (young) 3985K->976K(8192K), 0.0011291 secs]
7.569: [GC pause (G1 Evacuation Pause) (young) 4048K->913K(8192K), 0.0008216 secs]
7.571: [GC pause (G1 Evacuation Pause) (young) 3985K->976K(8192K), 0.0011153 secs]
7.575: [GC pause (G1 Evacuation Pause) (young) 4048K->913K(8192K), 0.0008112 secs]
7.577: [GC pause (G1 Evacuation Pause) (young) 3985K->976K(8192K), 0.0011208 secs]
7.581: [GC pause (G1 Evacuation Pause) (young) 4048K->913K(8192K), 0.0008040 secs]
7.584: [GC pause (G1 Evacuation Pause) (young) 3985K->976K(8192K), 0.0012061 secs]
7.587: [GC pause (G1 Evacuation Pause) (young) 4048K->913K(8192K), 0.0007991 secs]
7.590: [GC pause (G1 Evacuation Pause) (young) 3985K->976K(8192K), 0.0011346 secs]
7.593: [GC pause (G1 Evacuation Pause) (young) 4048K->913K(8192K), 0.0008128 secs]
7.596: [GC pause (G1 Evacuation Pause) (young) 3985K->976K(8192K), 0.0011313 secs]
7.599: [GC pause (G1 Evacuation Pause) (young) 4048K->913K(8192K), 0.0007996 secs]
7.602: [GC pause (G1 Evacuation Pause) (young) 3985K->976K(8192K), 0.0011962 secs]
7.605: [GC pause (G1 Evacuation Pause) (young) 4048K->913K(8192K), 0.0008051 secs]
7.608: [GC pause (G1 Evacuation Pause) (young) 3985K->976K(8192K), 0.0011208 secs]
7.612: [GC pause (G1 Evacuation Pause) (young) 4048K->913K(8192K), 0.0008343 secs]
7.615: [GC pause (G1 Evacuation Pause) (young) 3985K->976K(8192K), 0.0011280 secs]
7.618: [GC pause (G1 Evacuation Pause) (young) 4048K->913K(8192K), 0.0008128 secs]
7.621: [GC pause (G1 Evacuation Pause) (young) 3985K->976K(8192K), 0.0011192 secs]
7.624: [GC pause (G1 Evacuation Pause) (young) 4048K->913K(8192K), 0.0007996 secs]
7.627: [GC pause (G1 Evacuation Pause) (young) 3985K->976K(8192K), 0.0011186 secs]
7.630: [GC pause (G1 Evacuation Pause) (young) 4048K->913K(8192K), 0.0008101 secs]
7.633: [GC pause (G1 Evacuation Pause) (young) 3985K->976K(8192K), 0.0011621 secs]
7.636: [GC pause (G1 Evacuation Pause) (young) 4048K->913K(8192K), 0.0008024 secs]
7.639: [GC pause (G1 Evacuation Pause) (young) 3985K->976K(8192K), 0.0011406 secs]
7.642: [GC pause (G1 Evacuation Pause) (young) 4048K->913K(8192K), 0.0010532 secs]
7.645: [GC pause (G1 Evacuation Pause) (young) 3985K->976K(8192K), 0.0011252 secs]
7.649: [GC pause (G1 Evacuation Pause) (young) 4048K->913K(8192K), 0.0008040 secs]
7.652: [GC pause (G1 Evacuation Pause) (young) 3985K->1003K(8192K), 0.0011951 secs]
7.655: [GC pause (G1 Evacuation Pause) (young) 4075K->913K(8192K), 0.0008057 secs]
7.658: [GC pause (G1 Evacuation Pause) (young) 3985K->976K(8192K), 0.0011203 secs]
7.661: [GC pause (G1 Evacuation Pause) (young) 4048K->913K(8192K), 0.0007941 secs]
7.664: [GC pause (G1 Evacuation Pause) (young) 3985K->976K(8192K), 0.0011285 secs]
7.667: [GC pause (G1 Evacuation Pause) (young) 4048K->913K(8192K), 0.0008090 secs]
7.670: [GC pause (G1 Evacuation Pause) (young) 3985K->976K(8192K), 0.0011428 secs]
7.673: [GC pause (G1 Evacuation Pause) (young) 4048K->913K(8192K), 0.0008816 secs]
7.676: [GC pause (G1 Evacuation Pause) (young) 3985K->976K(8192K), 0.0011417 secs]
7.679: [GC pause (G1 Evacuation Pause) (young) 4048K->913K(8192K), 0.0008002 secs]
7.682: [GC pause (G1 Evacuation Pause) (young) 3985K->976K(8192K), 0.0011208 secs]
7.686: [GC pause (G1 Evacuation Pause) (young) 4048K->913K(8192K), 0.0007908 secs]
7.688: [GC pause (G1 Evacuation Pause) (young) 3985K->1003K(8192K), 0.0021547 secs]
7.693: [GC pause (G1 Evacuation Pause) (young) 4075K->913K(8192K), 0.0008194 secs]
7.696: [GC pause (G1 Evacuation Pause) (young) 3985K->976K(8192K), 0.0011373 secs]
7.699: [GC pause (G1 Evacuation Pause) (young) 4048K->913K(8192K), 0.0008101 secs]
7.702: [GC pause (G1 Evacuation Pause) (young) 3985K->1003K(8192K), 0.0012385 secs]
7.705: [GC pause (G1 Evacuation Pause) (young) 4075K->913K(8192K), 0.0008101 secs]
7.708: [GC pause (G1 Evacuation Pause) (young) 3985K->976K(8192K), 0.0017725 secs]
7.712: [GC pause (G1 Evacuation Pause) (young) 4048K->913K(8192K), 0.0008486 secs]
7.715: [GC pause (G1 Evacuation Pause) (young) 3985K->976K(8192K), 0.0011643 secs]
7.718: [GC pause (G1 Evacuation Pause) (young) 4048K->913K(8192K), 0.0008024 secs]
7.721: [GC pause (G1 Evacuation Pause) (young) 3985K->976K(8192K), 0.0011637 secs]
7.724: [GC pause (G1 Evacuation Pause) (young) 4048K->913K(8192K), 0.0008739 secs]
7.727: [GC pause (G1 Evacuation Pause) (young) 3985K->976K(8192K), 0.0011175 secs]
7.731: [GC pause (G1 Evacuation Pause) (young) 4048K->913K(8192K), 0.0008035 secs]
7.734: [GC pause (G1 Evacuation Pause) (young) 3985K->976K(8192K), 0.0011373 secs]
7.737: [GC pause (G1 Evacuation Pause) (young) 4048K->913K(8192K), 0.0008123 secs]
7.740: [GC pause (G1 Evacuation Pause) (young) 3985K->976K(8192K), 0.0011632 secs]
7.743: [GC pause (G1 Evacuation Pause) (young) 4048K->913K(8192K), 0.0007859 secs]
7.746: [GC pause (G1 Evacuation Pause) (young) 3985K->976K(8192K), 0.0011280 secs]
7.749: [GC pause (G1 Evacuation Pause) (young) 4048K->913K(8192K), 0.0008343 secs]
7.752: [GC pause (G1 Evacuation Pause) (young) 3985K->976K(8192K), 0.0011274 secs]
7.755: [GC pause (G1 Evacuation Pause) (young) 4048K->913K(8192K), 0.0008178 secs]
7.758: [GC pause (G1 Evacuation Pause) (young) 3985K->976K(8192K), 0.0011472 secs]
7.761: [GC pause (G1 Evacuation Pause) (young) 4048K->913K(8192K), 0.0008029 secs]
7.764: [GC pause (G1 Evacuation Pause) (young) 3985K->976K(8192K), 0.0011252 secs]
7.767: [GC pause (G1 Evacuation Pause) (young) 4048K->913K(8192K), 0.0008299 secs]
7.771: [GC pause (G1 Evacuation Pause) (young) 3985K->976K(8192K), 0.0011318 secs]
7.774: [GC pause (G1 Evacuation Pause) (young) 4048K->913K(8192K), 0.0008002 secs]
7.777: [GC pause (G1 Evacuation Pause) (young) 3985K->976K(8192K), 0.0011357 secs]
7.780: [GC pause (G1 Evacuation Pause) (young) 4048K->913K(8192K), 0.0008095 secs]
7.783: [GC pause (G1 Evacuation Pause) (young) 3985K->976K(8192K), 0.0011379 secs]
7.786: [GC pause (G1 Evacuation Pause) (young) 4048K->913K(8192K), 0.0007963 secs]
7.789: [GC pause (G1 Evacuation Pause) (young) 3985K->976K(8192K), 0.0012061 secs]
7.792: [GC pause (G1 Evacuation Pause) (young) 4048K->913K(8192K), 0.0009426 secs]
7.796: [GC pause (G1 Evacuation Pause) (young) 3985K->976K(8192K), 0.0011307 secs]
7.799: [GC pause (G1 Evacuation Pause) (young) 4048K->913K(8192K), 0.0008337 secs]
7.802: [GC pause (G1 Evacuation Pause) (young) 3985K->976K(8192K), 0.0011263 secs]
7.805: [GC pause (G1 Evacuation Pause) (young) 4048K->913K(8192K), 0.0008002 secs]
7.808: [GC pause (G1 Evacuation Pause) (young) 3985K->976K(8192K), 0.0011175 secs]
7.811: [GC pause (G1 Evacuation Pause) (young) 4048K->913K(8192K), 0.0008040 secs]
7.814: [GC pause (G1 Evacuation Pause) (young) 3985K->976K(8192K), 0.0011423 secs]
7.817: [GC pause (G1 Evacuation Pause) (young) 4048K->913K(8192K), 0.0008337 secs]
7.820: [GC pause (G1 Evacuation Pause) (young) 3985K->976K(8192K), 0.0011170 secs]
7.823: [GC pause (G1 Evacuation Pause) (young) 4048K->913K(8192K), 0.0008123 secs]
7.826: [GC pause (G1 Evacuation Pause) (young) 3985K->976K(8192K), 0.0011192 secs]
7.830: [GC pause (G1 Evacuation Pause) (young) 4048K->913K(8192K), 0.0008194 secs]
7.832: [GC pause (G1 Evacuation Pause) (young) 3985K->976K(8192K), 0.0011489 secs]
7.836: [GC pause (G1 Evacuation Pause) (young) 4048K->913K(8192K), 0.0008068 secs]
7.839: [GC pause (G1 Evacuation Pause) (young) 3985K->976K(8192K), 0.0011659 secs]
7.842: [GC pause (G1 Evacuation Pause) (young) 4048K->913K(8192K), 0.0008222 secs]
7.845: [GC pause (G1 Evacuation Pause) (young) 3985K->976K(8192K), 0.0011225 secs]
7.848: [GC pause (G1 Evacuation Pause) (young) 4048K->913K(8192K), 0.0008106 secs]
7.851: [GC pause (G1 Evacuation Pause) (young) 3985K->976K(8192K), 0.0011203 secs]
7.854: [GC pause (G1 Evacuation Pause) (young) 4048K->913K(8192K), 0.0007980 secs]
7.857: [GC pause (G1 Evacuation Pause) (young) 3985K->976K(8192K), 0.0011786 secs]
7.860: [GC pause (G1 Evacuation Pause) (young) 4048K->913K(8192K), 0.0008337 secs]
7.863: [GC pause (G1 Evacuation Pause) (young) 3985K->976K(8192K), 0.0011445 secs]
7.867: [GC pause (G1 Evacuation Pause) (young) 4048K->913K(8192K), 0.0008150 secs]
7.869: [GC pause (G1 Evacuation Pause) (young) 3985K->976K(8192K), 0.0011159 secs]
7.873: [GC pause (G1 Evacuation Pause) (young) 4048K->913K(8192K), 0.0008068 secs]
7.875: [GC pause (G1 Evacuation Pause) (young) 3985K->976K(8192K), 0.0029087 secs]
7.880: [GC pause (G1 Evacuation Pause) (young) 4048K->913K(8192K), 0.0008392 secs]
7.883: [GC pause (G1 Evacuation Pause) (young) 3985K->976K(8192K), 0.0011390 secs]
7.887: [GC pause (G1 Evacuation Pause) (young) 4048K->913K(8192K), 0.0008007 secs]
7.890: [GC pause (G1 Evacuation Pause) (young) 3985K->976K(8192K), 0.0011687 secs]
7.893: [GC pause (G1 Evacuation Pause) (young) 4048K->913K(8192K), 0.0008035 secs]
7.896: [GC pause (G1 Evacuation Pause) (young) 3985K->976K(8192K), 0.0011126 secs]
7.899: [GC pause (G1 Evacuation Pause) (young) 4048K->913K(8192K), 0.0007969 secs]
7.902: [GC pause (G1 Evacuation Pause) (young) 3985K->976K(8192K), 0.0011346 secs]
7.905: [GC pause (G1 Evacuation Pause) (young) 4048K->913K(8192K), 0.0008046 secs]
7.908: [GC pause (G1 Evacuation Pause) (young) 3985K->976K(8192K), 0.0011258 secs]
7.911: [GC pause (G1 Evacuation Pause) (young) 4048K->913K(8192K), 0.0008040 secs]
7.914: [GC pause (G1 Evacuation Pause) (young) 3985K->976K(8192K), 0.0011291 secs]
7.917: [GC pause (G1 Evacuation Pause) (young) 4048K->913K(8192K), 0.0007952 secs]
7.920: [GC pause (G1 Evacuation Pause) (young) 3985K->976K(8192K), 0.0011291 secs]
7.924: [GC pause (G1 Evacuation Pause) (young) 4048K->913K(8192K), 0.0008310 secs]
7.927: [GC pause (G1 Evacuation Pause) (young) 3985K->976K(8192K), 0.0011351 secs]
7.930: [GC pause (G1 Evacuation Pause) (young) 4048K->913K(8192K), 0.0008029 secs]
7.933: [GC pause (G1 Evacuation Pause) (young) 3985K->976K(8192K), 0.0011170 secs]
7.936: [GC pause (G1 Evacuation Pause) (young) 4048K->913K(8192K), 0.0008046 secs]
7.939: [GC pause (G1 Evacuation Pause) (young) 3985K->976K(8192K), 0.0011709 secs]
7.942: [GC pause (G1 Evacuation Pause) (young) 4048K->913K(8192K), 0.0008266 secs]
7.945: [GC pause (G1 Evacuation Pause) (young) 3985K->976K(8192K), 0.0011626 secs]
7.948: [GC pause (G1 Evacuation Pause) (young) 4048K->913K(8192K), 0.0008117 secs]
7.951: [GC pause (G1 Evacuation Pause) (young) 3985K->976K(8192K), 0.0011208 secs]
7.954: [GC pause (G1 Evacuation Pause) (young) 4048K->913K(8192K), 0.0008084 secs]
7.957: [GC pause (G1 Evacuation Pause) (young) 3985K->976K(8192K), 0.0011417 secs]
7.961: [GC pause (G1 Evacuation Pause) (young) 4048K->913K(8192K), 0.0007969 secs]
7.963: [GC pause (G1 Evacuation Pause) (young) 3985K->976K(8192K), 0.0011247 secs]
7.967: [GC pause (G1 Evacuation Pause) (young) 4048K->913K(8192K), 0.0008403 secs]
7.970: [GC pause (G1 Evacuation Pause) (young) 3985K->976K(8192K), 0.0011098 secs]
7.973: [GC pause (G1 Evacuation Pause) (young) 4048K->913K(8192K), 0.0008777 secs]
7.976: [GC pause (G1 Evacuation Pause) (young) 3985K->976K(8192K), 0.0011494 secs]
7.979: [GC pause (G1 Evacuation Pause) (young) 4048K->913K(8192K), 0.0007947 secs]
7.982: [GC pause (G1 Evacuation Pause) (young) 3985K->976K(8192K), 0.0011153 secs]
7.985: [GC pause (G1 Evacuation Pause) (young) 4048K->913K(8192K), 0.0008139 secs]
7.988: [GC pause (G1 Evacuation Pause) (young) 3985K->976K(8192K), 0.0011626 secs]
7.991: [GC pause (G1 Evacuation Pause) (young) 4048K->913K(8192K), 0.0008018 secs]
7.994: [GC pause (G1 Evacuation Pause) (young) 3985K->976K(8192K), 0.0011318 secs]
7.997: [GC pause (G1 Evacuation Pause) (young) 4048K->913K(8192K), 0.0007985 secs]
8.000: [GC pause (G1 Evacuation Pause) (young) 3985K->976K(8192K), 0.0011494 secs]
8.004: [GC pause (G1 Evacuation Pause) (young) 4048K->913K(8192K), 0.0008315 secs]
8.007: [GC pause (G1 Evacuation Pause) (young) 3985K->976K(8192K), 0.0011582 secs]
8.011: [GC pause (G1 Evacuation Pause) (young) 4048K->913K(8192K), 0.0008216 secs]
8.014: [GC pause (G1 Evacuation Pause) (young) 3985K->976K(8192K), 0.0011478 secs]
8.017: [GC pause (G1 Evacuation Pause) (young) 4048K->913K(8192K), 0.0008167 secs]
8.020: [GC pause (G1 Evacuation Pause) (young) 3985K->976K(8192K), 0.0011291 secs]
8.023: [GC pause (G1 Evacuation Pause) (young) 4048K->913K(8192K), 0.0008123 secs]
8.026: [GC pause (G1 Evacuation Pause) (young) 3985K->976K(8192K), 0.0011313 secs]
8.029: [GC pause (G1 Evacuation Pause) (young) 4048K->913K(8192K), 0.0008728 secs]
8.032: [GC pause (G1 Evacuation Pause) (young) 3985K->976K(8192K), 0.0013628 secs]
8.036: [GC pause (G1 Evacuation Pause) (young) 4048K->913K(8192K), 0.0007947 secs]
8.039: [GC pause (G1 Evacuation Pause) (young) 3985K->976K(8192K), 0.0011274 secs]
8.042: [GC pause (G1 Evacuation Pause) (young) 4048K->913K(8192K), 0.0008068 secs]
8.045: [GC pause (G1 Evacuation Pause) (young) 3985K->976K(8192K), 0.0012484 secs]
8.048: [GC pause (G1 Evacuation Pause) (young) 4048K->913K(8192K), 0.0008095 secs]
8.051: [GC pause (G1 Evacuation Pause) (young) 3985K->976K(8192K), 0.0011703 secs]
8.054: [GC pause (G1 Evacuation Pause) (young) 4048K->913K(8192K), 0.0008106 secs]
8.057: [GC pause (G1 Evacuation Pause) (young) 3985K->976K(8192K), 0.0011258 secs]
8.061: [GC pause (G1 Evacuation Pause) (young) 4048K->913K(8192K), 0.0007996 secs]
8.063: [GC pause (G1 Evacuation Pause) (young) 3985K->976K(8192K), 0.0012237 secs]
8.067: [GC pause (G1 Evacuation Pause) (young) 4048K->913K(8192K), 0.0008062 secs]
8.070: [GC pause (G1 Evacuation Pause) (young) 3985K->976K(8192K), 0.0011456 secs]
8.073: [GC pause (G1 Evacuation Pause) (young) 4048K->913K(8192K), 0.0008057 secs]
8.076: [GC pause (G1 Evacuation Pause) (young) 3985K->976K(8192K), 0.0011263 secs]
8.079: [GC pause (G1 Evacuation Pause) (young) 4048K->913K(8192K), 0.0008172 secs]
8.082: [GC pause (G1 Evacuation Pause) (young) 3985K->976K(8192K), 0.0011626 secs]
8.085: [GC pause (G1 Evacuation Pause) (young) 4048K->913K(8192K), 0.0008035 secs]
8.088: [GC pause (G1 Evacuation Pause) (young) 3985K->976K(8192K), 0.0011274 secs]
8.091: [GC pause (G1 Evacuation Pause) (young) 4048K->913K(8192K), 0.0008260 secs]
8.094: [GC pause (G1 Evacuation Pause) (young) 3985K->976K(8192K), 0.0011307 secs]
8.097: [GC pause (G1 Evacuation Pause) (young) 4048K->913K(8192K), 0.0008029 secs]
8.100: [GC pause (G1 Evacuation Pause) (young) 3985K->976K(8192K), 0.0011175 secs]
8.103: [GC pause (G1 Evacuation Pause) (young) 4048K->913K(8192K), 0.0007974 secs]
8.106: [GC pause (G1 Evacuation Pause) (young) 3985K->976K(8192K), 0.0011901 secs]
8.110: [GC pause (G1 Evacuation Pause) (young) 4048K->913K(8192K), 0.0008062 secs]
8.113: [GC pause (G1 Evacuation Pause) (young) 3985K->976K(8192K), 0.0011802 secs]
8.116: [GC pause (G1 Evacuation Pause) (young) 4048K->913K(8192K), 0.0007974 secs]
8.119: [GC pause (G1 Evacuation Pause) (young) 3985K->976K(8192K), 0.0011362 secs]
8.122: [GC pause (G1 Evacuation Pause) (young) 4048K->913K(8192K), 0.0009960 secs]
8.125: [GC pause (G1 Evacuation Pause) (young) 3985K->976K(8192K), 0.0011258 secs]
8.128: [GC pause (G1 Evacuation Pause) (young) 4048K->913K(8192K), 0.0008101 secs]
8.131: [GC pause (G1 Evacuation Pause) (young) 3985K->976K(8192K), 0.0011208 secs]
8.134: [GC pause (G1 Evacuation Pause) (young) 4048K->913K(8192K), 0.0008420 secs]
8.137: [GC pause (G1 Evacuation Pause) (young) 3985K->976K(8192K), 0.0011302 secs]
8.141: [GC pause (G1 Evacuation Pause) (young) 4048K->913K(8192K), 0.0008029 secs]
8.144: [GC pause (G1 Evacuation Pause) (young) 3985K->976K(8192K), 0.0011065 secs]
8.147: [GC pause (G1 Evacuation Pause) (young) 4048K->913K(8192K), 0.0007963 secs]
8.150: [GC pause (G1 Evacuation Pause) (young) 3985K->976K(8192K), 0.0011340 secs]
8.153: [GC pause (G1 Evacuation Pause) (young) 4048K->913K(8192K), 0.0009657 secs]
8.156: [GC pause (G1 Evacuation Pause) (young) 3985K->976K(8192K), 0.0011665 secs]
8.159: [GC pause (G1 Evacuation Pause) (young) 4048K->913K(8192K), 0.0008365 secs]
8.162: [GC pause (G1 Evacuation Pause) (young) 3985K->976K(8192K), 0.0011109 secs]
8.165: [GC pause (G1 Evacuation Pause) (young) 4048K->913K(8192K), 0.0007996 secs]
8.168: [GC pause (G1 Evacuation Pause) (young) 3985K->976K(8192K), 0.0011302 secs]
8.172: [GC pause (G1 Evacuation Pause) (young) 4048K->913K(8192K), 0.0008431 secs]
8.175: [GC pause (G1 Evacuation Pause) (young) 3985K->976K(8192K), 0.0011280 secs]
8.178: [GC pause (G1 Evacuation Pause) (young) 4048K->913K(8192K), 0.0008106 secs]
8.181: [GC pause (G1 Evacuation Pause) (young) 3985K->976K(8192K), 0.0011098 secs]
8.184: [GC pause (G1 Evacuation Pause) (young) 4048K->913K(8192K), 0.0008046 secs]
8.187: [GC pause (G1 Evacuation Pause) (young) 3985K->976K(8192K), 0.0039047 secs]
8.193: [GC pause (G1 Evacuation Pause) (young) 4048K->913K(8192K), 0.0008150 secs]
8.196: [GC pause (G1 Evacuation Pause) (young) 3985K->976K(8192K), 0.0011379 secs]
8.199: [GC pause (G1 Evacuation Pause) (young) 4048K->913K(8192K), 0.0008425 secs]
8.202: [GC pause (G1 Evacuation Pause) (young) 3985K->976K(8192K), 0.0011153 secs]
8.205: [GC pause (G1 Evacuation Pause) (young) 4048K->913K(8192K), 0.0008079 secs]
8.208: [GC pause (G1 Evacuation Pause) (young) 3985K->976K(8192K), 0.0014310 secs]
8.212: [GC pause (G1 Evacuation Pause) (young) 4048K->913K(8192K), 0.0008079 secs]
8.215: [GC pause (G1 Evacuation Pause) (young) 3985K->976K(8192K), 0.0011280 secs]
8.218: [GC pause (G1 Evacuation Pause) (young) 4048K->913K(8192K), 0.0007974 secs]
8.221: [GC pause (G1 Evacuation Pause) (young) 3985K->976K(8192K), 0.0011192 secs]
8.224: [GC pause (G1 Evacuation Pause) (young) 4048K->913K(8192K), 0.0007996 secs]
8.227: [GC pause (G1 Evacuation Pause) (young) 3985K->976K(8192K), 0.0011445 secs]
8.230: [GC pause (G1 Evacuation Pause) (young) 4048K->913K(8192K), 0.0008585 secs]
8.233: [GC pause (G1 Evacuation Pause) (young) 3985K->976K(8192K), 0.0011351 secs]
8.237: [GC pause (G1 Evacuation Pause) (young) 4048K->913K(8192K), 0.0008079 secs]
8.239: [GC pause (G1 Evacuation Pause) (young) 3985K->976K(8192K), 0.0011582 secs]
8.243: [GC pause (G1 Evacuation Pause) (young) 4048K->913K(8192K), 0.0009575 secs]
8.246: [GC pause (G1 Evacuation Pause) (young) 3985K->976K(8192K), 0.0011203 secs]
8.249: [GC pause (G1 Evacuation Pause) (young) 4048K->913K(8192K), 0.0007985 secs]
8.252: [GC pause (G1 Evacuation Pause) (young) 3985K->976K(8192K), 0.0011247 secs]
8.255: [GC pause (G1 Evacuation Pause) (young) 4048K->913K(8192K), 0.0008172 secs]
8.258: [GC pause (G1 Evacuation Pause) (young) 3985K->976K(8192K), 0.0011874 secs]
8.261: [GC pause (G1 Evacuation Pause) (young) 4048K->913K(8192K), 0.0008068 secs]
8.264: [GC pause (G1 Evacuation Pause) (young) 3985K->976K(8192K), 0.0011192 secs]
8.267: [GC pause (G1 Evacuation Pause) (young) 4048K->913K(8192K), 0.0008112 secs]
8.270: [GC pause (G1 Evacuation Pause) (young) 3985K->976K(8192K), 0.0011428 secs]
8.274: [GC pause (G1 Evacuation Pause) (young) 4048K->913K(8192K), 0.0008084 secs]
8.277: [GC pause (G1 Evacuation Pause) (young) 3985K->976K(8192K), 0.0011797 secs]
8.280: [GC pause (G1 Evacuation Pause) (young) 4048K->913K(8192K), 0.0008128 secs]
8.283: [GC pause (G1 Evacuation Pause) (young) 3985K->976K(8192K), 0.0011236 secs]
8.286: [GC pause (G1 Evacuation Pause) (young) 4048K->913K(8192K), 0.0008035 secs]
8.289: [GC pause (G1 Evacuation Pause) (young) 3985K->976K(8192K), 0.0011225 secs]
8.292: [GC pause (G1 Evacuation Pause) (young) 4048K->913K(8192K), 0.0008288 secs]
8.295: [GC pause (G1 Evacuation Pause) (young) 3985K->976K(8192K), 0.0011159 secs]
8.298: [GC pause (G1 Evacuation Pause) (young) 4048K->913K(8192K), 0.0017753 secs]
8.302: [GC pause (G1 Evacuation Pause) (young) 3985K->1003K(8192K), 0.0012924 secs]
8.305: [GC pause (G1 Evacuation Pause) (young) 4075K->913K(8192K), 0.0023109 secs]
8.310: [GC pause (G1 Evacuation Pause) (young) 3985K->976K(8192K), 0.0012605 secs]
8.313: [GC pause (G1 Evacuation Pause) (young) 4048K->913K(8192K), 0.0010075 secs]
8.316: [GC pause (G1 Evacuation Pause) (young) 3985K->976K(8192K), 0.0011390 secs]
8.320: [GC pause (G1 Evacuation Pause) (young) 4048K->913K(8192K), 0.0008678 secs]
8.323: [GC pause (G1 Evacuation Pause) (young) 3985K->976K(8192K), 0.0011395 secs]
8.326: [GC pause (G1 Evacuation Pause) (young) 4048K->913K(8192K), 0.0008194 secs]
8.329: [GC pause (G1 Evacuation Pause) (young) 3985K->976K(8192K), 0.0011544 secs]
8.332: [GC pause (G1 Evacuation Pause) (young) 4048K->913K(8192K), 0.0009063 secs]
8.335: [GC pause (G1 Evacuation Pause) (young) 3985K->976K(8192K), 0.0011714 secs]
8.339: [GC pause (G1 Evacuation Pause) (young) 4048K->913K(8192K), 0.0008090 secs]
8.342: [GC pause (G1 Evacuation Pause) (young) 3985K->976K(8192K), 0.0011538 secs]
8.345: [GC pause (G1 Evacuation Pause) (young) 4048K->913K(8192K), 0.0008035 secs]
8.348: [GC pause (G1 Evacuation Pause) (young) 3985K->976K(8192K), 0.0011219 secs]
8.351: [GC pause (G1 Evacuation Pause) (young) 4048K->913K(8192K), 0.0007947 secs]
8.354: [GC pause (G1 Evacuation Pause) (young) 3985K->976K(8192K), 0.0011186 secs]
8.357: [GC pause (G1 Evacuation Pause) (young) 4048K->913K(8192K), 0.0009685 secs]
8.360: [GC pause (G1 Evacuation Pause) (young) 3985K->976K(8192K), 0.0011747 secs]
8.363: [GC pause (G1 Evacuation Pause) (young) 4048K->913K(8192K), 0.0008293 secs]
8.366: [GC pause (G1 Evacuation Pause) (young) 3985K->976K(8192K), 0.0011527 secs]
8.369: [GC pause (G1 Evacuation Pause) (young) 4048K->913K(8192K), 0.0008046 secs]
8.372: [GC pause (G1 Evacuation Pause) (young) 3985K->976K(8192K), 0.0011269 secs]
8.376: [GC pause (G1 Evacuation Pause) (young) 4048K->913K(8192K), 0.0013298 secs]
8.379: [GC pause (G1 Evacuation Pause) (young) 3985K->976K(8192K), 0.0011824 secs]
8.382: [GC pause (G1 Evacuation Pause) (young) 4048K->913K(8192K), 0.0008062 secs]
8.385: [GC pause (G1 Evacuation Pause) (young) 3985K->976K(8192K), 0.0013001 secs]
8.389: [GC pause (G1 Evacuation Pause) (young) 4048K->913K(8192K), 0.0008106 secs]
8.392: [GC pause (G1 Evacuation Pause) (young) 3985K->976K(8192K), 0.0013397 secs]
8.395: [GC pause (G1 Evacuation Pause) (young) 4048K->913K(8192K), 0.0008134 secs]
8.398: [GC pause (G1 Evacuation Pause) (young) 3985K->976K(8192K), 0.0011500 secs]
8.402: [GC pause (G1 Evacuation Pause) (young) 4048K->913K(8192K), 0.0008238 secs]
8.405: [GC pause (G1 Evacuation Pause) (young) 3985K->976K(8192K), 0.0011472 secs]
8.408: [GC pause (G1 Evacuation Pause) (young) 4048K->913K(8192K), 0.0015971 secs]
8.412: [GC pause (G1 Evacuation Pause) (young) 3985K->976K(8192K), 0.0011390 secs]
8.415: [GC pause (G1 Evacuation Pause) (young) 4048K->913K(8192K), 0.0008139 secs]
8.418: [GC pause (G1 Evacuation Pause) (young) 3985K->976K(8192K), 0.0011346 secs]
8.421: [GC pause (G1 Evacuation Pause) (young) 4048K->913K(8192K), 0.0008101 secs]
8.425: [GC pause (G1 Evacuation Pause) (young) 3985K->976K(8192K), 0.0011285 secs]
8.428: [GC pause (G1 Evacuation Pause) (young) 4048K->913K(8192K), 0.0008249 secs]
8.431: [GC pause (G1 Evacuation Pause) (young) 3985K->1003K(8192K), 0.0015784 secs]
8.434: [GC pause (G1 Evacuation Pause) (young) 4075K->913K(8192K), 0.0008238 secs]
8.437: [GC pause (G1 Evacuation Pause) (young) 3985K->976K(8192K), 0.0012429 secs]
8.441: [GC pause (G1 Evacuation Pause) (young) 4048K->913K(8192K), 0.0008084 secs]
8.444: [GC pause (G1 Evacuation Pause) (young) 3985K->976K(8192K), 0.0011599 secs]
8.447: [GC pause (G1 Evacuation Pause) (young) 4048K->913K(8192K), 0.0010834 secs]
8.450: [GC pause (G1 Evacuation Pause) (young) 3985K->976K(8192K), 0.0011357 secs]
8.453: [GC pause (G1 Evacuation Pause) (young) 4048K->913K(8192K), 0.0009041 secs]
8.456: [GC pause (G1 Evacuation Pause) (young) 3985K->976K(8192K), 0.0011252 secs]
8.460: [GC pause (G1 Evacuation Pause) (young) 4048K->913K(8192K), 0.0008101 secs]
8.463: [GC pause (G1 Evacuation Pause) (young) 3985K->976K(8192K), 0.0016125 secs]
8.466: [GC pause (G1 Evacuation Pause) (young) 4048K->913K(8192K), 0.0009058 secs]
8.469: [GC pause (G1 Evacuation Pause) (young) 3985K->1003K(8192K), 0.0027635 secs]
8.474: [GC pause (G1 Evacuation Pause) (young) 4075K->913K(8192K), 0.0008277 secs]
8.477: [GC pause (G1 Evacuation Pause) (young) 3985K->976K(8192K), 0.0028598 secs]
8.482: [GC pause (G1 Evacuation Pause) (young) 4048K->913K(8192K), 0.0010818 secs]
8.485: [GC pause (G1 Evacuation Pause) (young) 3985K->1003K(8192K), 0.0027833 secs]
8.490: [GC pause (G1 Evacuation Pause) (young) 4075K->913K(8192K), 0.0008579 secs]
8.493: [GC pause (G1 Evacuation Pause) (young) 3985K->976K(8192K), 0.0014832 secs]
8.497: [GC pause (G1 Evacuation Pause) (young) 4048K->913K(8192K), 0.0008277 secs]
8.500: [GC pause (G1 Evacuation Pause) (young) 3985K->976K(8192K), 0.0011582 secs]
8.503: [GC pause (G1 Evacuation Pause) (young) 4048K->913K(8192K), 0.0009987 secs]
8.506: [GC pause (G1 Evacuation Pause) (young) 3985K->976K(8192K), 0.0011890 secs]
8.510: [GC pause (G1 Evacuation Pause) (young) 4048K->913K(8192K), 0.0009102 secs]
8.513: [GC pause (G1 Evacuation Pause) (young) 3985K->976K(8192K), 0.0011522 secs]
8.516: [GC pause (G1 Evacuation Pause) (young) 4048K->913K(8192K), 0.0017010 secs]
8.520: [GC pause (G1 Evacuation Pause) (young) 3985K->976K(8192K), 0.0011599 secs]
8.523: [GC pause (G1 Evacuation Pause) (young) 4048K->913K(8192K), 0.0012138 secs]
8.527: [GC pause (G1 Evacuation Pause) (young) 3985K->976K(8192K), 0.0011445 secs]
8.530: [GC pause (G1 Evacuation Pause) (young) 4048K->913K(8192K), 0.0008090 secs]
8.533: [GC pause (G1 Evacuation Pause) (young) 3985K->1003K(8192K), 0.0013578 secs]
8.537: [GC pause (G1 Evacuation Pause) (young) 4075K->913K(8192K), 0.0008260 secs]
8.539: [GC pause (G1 Evacuation Pause) (young) 3985K->1003K(8192K), 0.0014585 secs]
8.543: [GC pause (G1 Evacuation Pause) (young) 4075K->913K(8192K), 0.0008282 secs]
8.546: [GC pause (G1 Evacuation Pause) (young) 3985K->976K(8192K), 0.0011472 secs]
8.550: [GC pause (G1 Evacuation Pause) (young) 4048K->913K(8192K), 0.0008882 secs]
8.553: [GC pause (G1 Evacuation Pause) (young) 3985K->976K(8192K), 0.0011599 secs]
8.556: [GC pause (G1 Evacuation Pause) (young) 4048K->913K(8192K), 0.0009960 secs]
8.559: [GC pause (G1 Evacuation Pause) (young) 3985K->976K(8192K), 0.0011401 secs]
8.563: [GC pause (G1 Evacuation Pause) (young) 4048K->913K(8192K), 0.0008178 secs]
8.566: [GC pause (G1 Evacuation Pause) (young) 3985K->976K(8192K), 0.0011604 secs]
8.569: [GC pause (G1 Evacuation Pause) (young) 4048K->913K(8192K), 0.0008359 secs]
8.572: [GC pause (G1 Evacuation Pause) (young) 3985K->976K(8192K), 0.0016889 secs]
8.576: [GC pause (G1 Evacuation Pause) (young) 4048K->913K(8192K), 0.0008271 secs]
8.579: [GC pause (G1 Evacuation Pause) (young) 3985K->976K(8192K), 0.0012154 secs]
8.583: [GC pause (G1 Evacuation Pause) (young) 4048K->913K(8192K), 0.0008095 secs]
8.586: [GC pause (G1 Evacuation Pause) (young) 3985K->976K(8192K), 0.0011153 secs]
8.589: [GC pause (G1 Evacuation Pause) (young) 4048K->913K(8192K), 0.0009712 secs]
8.592: [GC pause (G1 Evacuation Pause) (young) 3985K->976K(8192K), 0.0011500 secs]
8.596: [GC pause (G1 Evacuation Pause) (young) 4048K->913K(8192K), 0.0008315 secs]
8.599: [GC pause (G1 Evacuation Pause) (young) 3985K->976K(8192K), 0.0011604 secs]
8.602: [GC pause (G1 Evacuation Pause) (young) 4048K->913K(8192K), 0.0010361 secs]
8.605: [GC pause (G1 Evacuation Pause) (young) 3985K->976K(8192K), 0.0011522 secs]
8.608: [GC pause (G1 Evacuation Pause) (young) 4048K->913K(8192K), 0.0007974 secs]
8.612: [GC pause (G1 Evacuation Pause) (young) 3985K->976K(8192K), 0.0013040 secs]
8.615: [GC pause (G1 Evacuation Pause) (young) 4048K->913K(8192K), 0.0008178 secs]
8.618: [GC pause (G1 Evacuation Pause) (young) 3985K->976K(8192K), 0.0011494 secs]
8.621: [GC pause (G1 Evacuation Pause) (young) 4048K->913K(8192K), 0.0008711 secs]
8.624: [GC pause (G1 Evacuation Pause) (young) 3985K->976K(8192K), 0.0011170 secs]
8.627: [GC pause (G1 Evacuation Pause) (young) 4048K->913K(8192K), 0.0009630 secs]
8.631: [GC pause (G1 Evacuation Pause) (young) 3985K->976K(8192K), 0.0011577 secs]
8.634: [GC pause (G1 Evacuation Pause) (young) 4048K->913K(8192K), 0.0017335 secs]
8.638: [GC pause (G1 Evacuation Pause) (young) 3985K->976K(8192K), 0.0011797 secs]
8.641: [GC pause (G1 Evacuation Pause) (young) 4048K->913K(8192K), 0.0023929 secs]
8.646: [GC pause (G1 Evacuation Pause) (young) 3985K->976K(8192K), 0.0011494 secs]
8.649: [GC pause (G1 Evacuation Pause) (young) 4048K->913K(8192K), 0.0008035 secs]
8.652: [GC pause (G1 Evacuation Pause) (young) 3985K->976K(8192K), 0.0011450 secs]
8.656: [GC pause (G1 Evacuation Pause) (young) 4048K->913K(8192K), 0.0008359 secs]
8.659: [GC pause (G1 Evacuation Pause) (young) 3985K->976K(8192K), 0.0015008 secs]
8.662: [GC pause (G1 Evacuation Pause) (young) 4048K->913K(8192K), 0.0009404 secs]
8.665: [GC pause (G1 Evacuation Pause) (young) 3985K->1003K(8192K), 0.0014546 secs]
8.669: [GC pause (G1 Evacuation Pause) (young) 4075K->913K(8192K), 0.0008200 secs]
8.672: [GC pause (G1 Evacuation Pause) (young) 3985K->976K(8192K), 0.0013166 secs]
8.675: [GC pause (G1 Evacuation Pause) (young) 4048K->913K(8192K), 0.0009470 secs]
8.678: [GC pause (G1 Evacuation Pause) (young) 3985K->976K(8192K), 0.0011593 secs]
8.682: [GC pause (G1 Evacuation Pause) (young) 4048K->913K(8192K), 0.0008233 secs]
8.685: [GC pause (G1 Evacuation Pause) (young) 3985K->976K(8192K), 0.0011643 secs]
8.688: [GC pause (G1 Evacuation Pause) (young) 4048K->913K(8192K), 0.0022603 secs]
8.693: [GC pause (G1 Evacuation Pause) (young) 3985K->976K(8192K), 0.0022774 secs]
8.697: [GC pause (G1 Evacuation Pause) (young) 4048K->913K(8192K), 0.0009811 secs]
8.700: [GC pause (G1 Evacuation Pause) (young) 3985K->976K(8192K), 0.0011736 secs]
8.704: [GC pause (G1 Evacuation Pause) (young) 4048K->913K(8192K), 0.0023412 secs]
8.708: [GC pause (G1 Evacuation Pause) (young) 3985K->976K(8192K), 0.0015624 secs]
8.712: [GC pause (G1 Evacuation Pause) (young) 4048K->913K(8192K), 0.0009652 secs]
8.715: [GC pause (G1 Evacuation Pause) (young) 3985K->976K(8192K), 0.0012572 secs]
8.719: [GC pause (G1 Evacuation Pause) (young) 4048K->913K(8192K), 0.0008387 secs]
8.722: [GC pause (G1 Evacuation Pause) (young) 3985K->976K(8192K), 0.0014579 secs]
8.725: [GC pause (G1 Evacuation Pause) (young) 4048K->913K(8192K), 0.0010961 secs]
8.729: [GC pause (G1 Evacuation Pause) (young) 3985K->1003K(8192K), 0.0013655 secs]
8.733: [GC pause (G1 Evacuation Pause) (young) 4075K->913K(8192K), 0.0008491 secs]
8.736: [GC pause (G1 Evacuation Pause) (young) 3985K->1003K(8192K), 0.0027762 secs]
8.740: [GC pause (G1 Evacuation Pause) (young) 4075K->913K(8192K), 0.0008266 secs]
8.743: [GC pause (G1 Evacuation Pause) (young) 3985K->1003K(8192K), 0.0014519 secs]
8.747: [GC pause (G1 Evacuation Pause) (young) 4075K->913K(8192K), 0.0009058 secs]
8.750: [GC pause (G1 Evacuation Pause) (young) 3985K->976K(8192K), 0.0011346 secs]
8.753: [GC pause (G1 Evacuation Pause) (young) 4048K->913K(8192K), 0.0011236 secs]
8.756: [GC pause (G1 Evacuation Pause) (young) 3985K->976K(8192K), 0.0011731 secs]
8.760: [GC pause (G1 Evacuation Pause) (young) 4048K->913K(8192K), 0.0008249 secs]
8.763: [GC pause (G1 Evacuation Pause) (young) 3985K->976K(8192K), 0.0011236 secs]
8.766: [GC pause (G1 Evacuation Pause) (young) 4048K->913K(8192K), 0.0018033 secs]
8.770: [GC pause (G1 Evacuation Pause) (young) 3985K->976K(8192K), 0.0011500 secs]
8.773: [GC pause (G1 Evacuation Pause) (young) 4048K->913K(8192K), 0.0024429 secs]
8.778: [GC pause (G1 Evacuation Pause) (young) 3985K->976K(8192K), 0.0011549 secs]
8.781: [GC pause (G1 Evacuation Pause) (young) 4048K->913K(8192K), 0.0011791 secs]
8.785: [GC pause (G1 Evacuation Pause) (young) 3985K->976K(8192K), 0.0011373 secs]
8.788: [GC pause (G1 Evacuation Pause) (young) 4048K->913K(8192K), 0.0008106 secs]
8.791: [GC pause (G1 Evacuation Pause) (young) 3985K->1003K(8192K), 0.0014073 secs]
8.795: [GC pause (G1 Evacuation Pause) (young) 4075K->913K(8192K), 0.0008574 secs]
8.798: [GC pause (G1 Evacuation Pause) (young) 3985K->976K(8192K), 0.0028097 secs]
8.803: [GC pause (G1 Evacuation Pause) (young) 4048K->913K(8192K), 0.0008260 secs]
8.805: [GC pause (G1 Evacuation Pause) (young) 3985K->976K(8192K), 0.0022911 secs]
8.810: [GC pause (G1 Evacuation Pause) (young) 4048K->913K(8192K), 0.0008205 secs]
8.813: [GC pause (G1 Evacuation Pause) (young) 3985K->976K(8192K), 0.0015718 secs]
8.817: [GC pause (G1 Evacuation Pause) (young) 4048K->913K(8192K), 0.0008304 secs]
8.820: [GC pause (G1 Evacuation Pause) (young) 3985K->976K(8192K), 0.0011604 secs]
8.823: [GC pause (G1 Evacuation Pause) (young) 4048K->913K(8192K), 0.0010180 secs]
8.826: [GC pause (G1 Evacuation Pause) (young) 3985K->976K(8192K), 0.0011714 secs]
8.830: [GC pause (G1 Evacuation Pause) (young) 4048K->913K(8192K), 0.0013117 secs]
8.833: [GC pause (G1 Evacuation Pause) (young) 3985K->976K(8192K), 0.0011676 secs]
8.836: [GC pause (G1 Evacuation Pause) (young) 4048K->913K(8192K), 0.0008062 secs]
8.839: [GC pause (G1 Evacuation Pause) (young) 3985K->976K(8192K), 0.0013243 secs]
8.843: [GC pause (G1 Evacuation Pause) (young) 4048K->913K(8192K), 0.0008986 secs]
8.846: [GC pause (G1 Evacuation Pause) (young) 3985K->976K(8192K), 0.0011549 secs]
8.849: [GC pause (G1 Evacuation Pause) (young) 4048K->913K(8192K), 0.0008392 secs]
8.852: [GC pause (G1 Evacuation Pause) (young) 3985K->976K(8192K), 0.0017494 secs]
8.856: [GC pause (G1 Evacuation Pause) (young) 4048K->913K(8192K), 0.0008304 secs]
8.859: [GC pause (G1 Evacuation Pause) (young) 3985K->976K(8192K), 0.0028048 secs]
8.864: [GC pause (G1 Evacuation Pause) (young) 4048K->913K(8192K), 0.0008524 secs]
8.867: [GC pause (G1 Evacuation Pause) (young) 3985K->1003K(8192K), 0.0014711 secs]
8.871: [GC pause (G1 Evacuation Pause) (young) 4075K->913K(8192K), 0.0008244 secs]
8.874: [GC pause (G1 Evacuation Pause) (young) 3985K->976K(8192K), 0.0011593 secs]
8.877: [GC pause (G1 Evacuation Pause) (young) 4048K->913K(8192K), 0.0011753 secs]
8.880: [GC pause (G1 Evacuation Pause) (young) 3985K->976K(8192K), 0.0011511 secs]
8.884: [GC pause (G1 Evacuation Pause) (young) 4048K->913K(8192K), 0.0024270 secs]
8.888: [GC pause (G1 Evacuation Pause) (young) 3985K->976K(8192K), 0.0011450 secs]
8.892: [GC pause (G1 Evacuation Pause) (young) 4048K->913K(8192K), 0.0023599 secs]
8.896: [GC pause (G1 Evacuation Pause) (young) 3985K->976K(8192K), 0.0011544 secs]
8.899: [GC pause (G1 Evacuation Pause) (young) 4048K->913K(8192K), 0.0024308 secs]
8.904: [GC pause (G1 Evacuation Pause) (young) 3985K->976K(8192K), 0.0011676 secs]
8.907: [GC pause (G1 Evacuation Pause) (young) 4048K->913K(8192K), 0.0014079 secs]
8.911: [GC pause (G1 Evacuation Pause) (young) 3985K->976K(8192K), 0.0011874 secs]
8.914: [GC pause (G1 Evacuation Pause) (young) 4048K->913K(8192K), 0.0008266 secs]
8.917: [GC pause (G1 Evacuation Pause) (young) 3985K->976K(8192K), 0.0014073 secs]
8.921: [GC pause (G1 Evacuation Pause) (young) 4048K->913K(8192K), 0.0008469 secs]
8.924: [GC pause (G1 Evacuation Pause) (young) 3985K->976K(8192K), 0.0012022 secs]
8.927: [GC pause (G1 Evacuation Pause) (young) 4048K->913K(8192K), 0.0008629 secs]
8.930: [GC pause (G1 Evacuation Pause) (young) 3985K->976K(8192K), 0.0025562 secs]
8.935: [GC pause (G1 Evacuation Pause) (young) 4048K->913K(8192K), 0.0008271 secs]
8.938: [GC pause (G1 Evacuation Pause) (young) 3985K->976K(8192K), 0.0016416 secs]
8.942: [GC pause (G1 Evacuation Pause) (young) 4048K->913K(8192K), 0.0008354 secs]
8.945: [GC pause (G1 Evacuation Pause) (young) 3985K->976K(8192K), 0.0011973 secs]
8.948: [GC pause (G1 Evacuation Pause) (young) 4048K->913K(8192K), 0.0008359 secs]
8.951: [GC pause (G1 Evacuation Pause) (young) 3985K->976K(8192K), 0.0011379 secs]
8.954: [GC pause (G1 Evacuation Pause) (young) 4048K->913K(8192K), 0.0014695 secs]
8.958: [GC pause (G1 Evacuation Pause) (young) 3985K->976K(8192K), 0.0011445 secs]
8.961: [GC pause (G1 Evacuation Pause) (young) 4048K->913K(8192K), 0.0026316 secs]
8.966: [GC pause (G1 Evacuation Pause) (young) 3985K->976K(8192K), 0.0011709 secs]
8.969: [GC pause (G1 Evacuation Pause) (young) 4048K->913K(8192K), 0.0012259 secs]
8.973: [GC pause (G1 Evacuation Pause) (young) 3985K->976K(8192K), 0.0011676 secs]
8.976: [GC pause (G1 Evacuation Pause) (young) 4048K->913K(8192K), 0.0008079 secs]
8.979: [GC pause (G1 Evacuation Pause) (young) 3985K->976K(8192K), 0.0014436 secs]
8.983: [GC pause (G1 Evacuation Pause) (young) 4048K->913K(8192K), 0.0008337 secs]
8.986: [GC pause (G1 Evacuation Pause) (young) 3985K->976K(8192K), 0.0028130 secs]
8.991: [GC pause (G1 Evacuation Pause) (young) 4048K->913K(8192K), 0.0008524 secs]
8.993: [GC pause (G1 Evacuation Pause) (young) 3985K->976K(8192K), 0.0017648 secs]
8.997: [GC pause (G1 Evacuation Pause) (young) 4048K->913K(8192K), 0.0008079 secs]
9.000: [GC pause (G1 Evacuation Pause) (young) 3985K->976K(8192K), 0.0011802 secs]
9.004: [GC pause (G1 Evacuation Pause) (young) 4048K->913K(8192K), 0.0008409 secs]
9.007: [GC pause (G1 Evacuation Pause) (young) 3985K->976K(8192K), 0.0013446 secs]
9.010: [GC pause (G1 Evacuation Pause) (young) 4048K->913K(8192K), 0.0008409 secs]
9.013: [GC pause (G1 Evacuation Pause) (young) 3985K->976K(8192K), 0.0011445 secs]
9.017: [GC pause (G1 Evacuation Pause) (young) 4048K->913K(8192K), 0.0013232 secs]
9.020: [GC pause (G1 Evacuation Pause) (young) 3985K->976K(8192K), 0.0011533 secs]
9.023: [GC pause (G1 Evacuation Pause) (young) 4048K->913K(8192K), 0.0011148 secs]
9.027: [GC pause (G1 Evacuation Pause) (young) 3985K->976K(8192K), 0.0014189 secs]
9.030: [GC pause (G1 Evacuation Pause) (young) 4048K->913K(8192K), 0.0008315 secs]
9.033: [GC pause (G1 Evacuation Pause) (young) 3985K->976K(8192K), 0.0013254 secs]
9.037: [GC pause (G1 Evacuation Pause) (young) 4048K->913K(8192K), 0.0008150 secs]
9.040: [GC pause (G1 Evacuation Pause) (young) 3985K->976K(8192K), 0.0013793 secs]
9.043: [GC pause (G1 Evacuation Pause) (young) 4048K->913K(8192K), 0.0008293 secs]
9.046: [GC pause (G1 Evacuation Pause) (young) 3985K->976K(8192K), 0.0011615 secs]
9.050: [GC pause (G1 Evacuation Pause) (young) 4048K->913K(8192K), 0.0009663 secs]
9.053: [GC pause (G1 Evacuation Pause) (young) 3985K->976K(8192K), 0.0011780 secs]
9.056: [GC pause (G1 Evacuation Pause) (young) 4048K->913K(8192K), 0.0013034 secs]
9.060: [GC pause (G1 Evacuation Pause) (young) 3985K->976K(8192K), 0.0011494 secs]
9.063: [GC pause (G1 Evacuation Pause) (young) 4048K->913K(8192K), 0.0008161 secs]
9.066: [GC pause (G1 Evacuation Pause) (young) 3985K->976K(8192K), 0.0011302 secs]
9.069: [GC pause (G1 Evacuation Pause) (young) 4048K->913K(8192K), 0.0008139 secs]
9.072: [GC pause (G1 Evacuation Pause) (young) 3985K->976K(8192K), 0.0011786 secs]
9.075: [GC pause (G1 Evacuation Pause) (young) 4048K->913K(8192K), 0.0008381 secs]
9.078: [GC pause (G1 Evacuation Pause) (young) 3985K->976K(8192K), 0.0011318 secs]
9.082: [GC pause (G1 Evacuation Pause) (young) 4048K->913K(8192K), 0.0008117 secs]
9.085: [GC pause (G1 Evacuation Pause) (young) 3985K->976K(8192K), 0.0011263 secs]
9.088: [GC pause (G1 Evacuation Pause) (young) 4048K->913K(8192K), 0.0008013 secs]
9.091: [GC pause (G1 Evacuation Pause) (young) 3985K->976K(8192K), 0.0011412 secs]
9.094: [GC pause (G1 Evacuation Pause) (young) 4048K->913K(8192K), 0.0008139 secs]
9.097: [GC pause (G1 Evacuation Pause) (young) 3985K->976K(8192K), 0.0011461 secs]
9.100: [GC pause (G1 Evacuation Pause) (young) 4048K->913K(8192K), 0.0008046 secs]
9.103: [GC pause (G1 Evacuation Pause) (young) 3985K->976K(8192K), 0.0011258 secs]
9.106: [GC pause (G1 Evacuation Pause) (young) 4048K->913K(8192K), 0.0008018 secs]
9.109: [GC pause (G1 Evacuation Pause) (young) 3985K->976K(8192K), 0.0011236 secs]
9.112: [GC pause (G1 Evacuation Pause) (young) 4048K->913K(8192K), 0.0009481 secs]
9.115: [GC pause (G1 Evacuation Pause) (young) 3985K->976K(8192K), 0.0011296 secs]
9.119: [GC pause (G1 Evacuation Pause) (young) 4048K->913K(8192K), 0.0008596 secs]
9.122: [GC pause (G1 Evacuation Pause) (young) 3985K->976K(8192K), 0.0011384 secs]
9.125: [GC pause (G1 Evacuation Pause) (young) 4048K->913K(8192K), 0.0008123 secs]
9.128: [GC pause (G1 Evacuation Pause) (young) 3985K->976K(8192K), 0.0011236 secs]
9.131: [GC pause (G1 Evacuation Pause) (young) 4048K->913K(8192K), 0.0008095 secs]
9.134: [GC pause (G1 Evacuation Pause) (young) 3985K->976K(8192K), 0.0011890 secs]
9.137: [GC pause (G1 Evacuation Pause) (young) 4048K->913K(8192K), 0.0008266 secs]
9.140: [GC pause (G1 Evacuation Pause) (young) 3985K->976K(8192K), 0.0011417 secs]
9.143: [GC pause (G1 Evacuation Pause) (young) 4048K->913K(8192K), 0.0008101 secs]
9.146: [GC pause (G1 Evacuation Pause) (young) 3985K->976K(8192K), 0.0011280 secs]
9.150: [GC pause (G1 Evacuation Pause) (young) 4048K->913K(8192K), 0.0008431 secs]
9.152: [GC pause (G1 Evacuation Pause) (young) 3985K->976K(8192K), 0.0011219 secs]
9.156: [GC pause (G1 Evacuation Pause) (young) 4048K->913K(8192K), 0.0008040 secs]
9.158: [GC pause (G1 Evacuation Pause) (young) 3985K->976K(8192K), 0.0011406 secs]
9.162: [GC pause (G1 Evacuation Pause) (young) 4048K->913K(8192K), 0.0008497 secs]
9.165: [GC pause (G1 Evacuation Pause) (young) 3985K->976K(8192K), 0.0011208 secs]
9.168: [GC pause (G1 Evacuation Pause) (young) 4048K->913K(8192K), 0.0008062 secs]
9.171: [GC pause (G1 Evacuation Pause) (young) 3985K->976K(8192K), 0.0011192 secs]
9.174: [GC pause (G1 Evacuation Pause) (young) 4048K->913K(8192K), 0.0008156 secs]
9.177: [GC pause (G1 Evacuation Pause) (young) 3985K->976K(8192K), 0.0011439 secs]
9.180: [GC pause (G1 Evacuation Pause) (young) 4048K->913K(8192K), 0.0008057 secs]
9.183: [GC pause (G1 Evacuation Pause) (young) 3985K->976K(8192K), 0.0011263 secs]
9.186: [GC pause (G1 Evacuation Pause) (young) 4048K->913K(8192K), 0.0007985 secs]
9.189: [GC pause (G1 Evacuation Pause) (young) 3985K->976K(8192K), 0.0011214 secs]
9.192: [GC pause (G1 Evacuation Pause) (young) 4048K->913K(8192K), 0.0008183 secs]
9.195: [GC pause (G1 Evacuation Pause) (young) 3985K->976K(8192K), 0.0035219 secs]
9.201: [GC pause (G1 Evacuation Pause) (young) 4048K->913K(8192K), 0.0008293 secs]
9.204: [GC pause (G1 Evacuation Pause) (young) 3985K->976K(8192K), 0.0011280 secs]
9.207: [GC pause (G1 Evacuation Pause) (young) 4048K->913K(8192K), 0.0008651 secs]
9.210: [GC pause (G1 Evacuation Pause) (young) 3985K->976K(8192K), 0.0011236 secs]
9.213: [GC pause (G1 Evacuation Pause) (young) 4048K->913K(8192K), 0.0008079 secs]
9.216: [GC pause (G1 Evacuation Pause) (young) 3985K->976K(8192K), 0.0012248 secs]
9.220: [GC pause (G1 Evacuation Pause) (young) 4048K->913K(8192K), 0.0008139 secs]
9.223: [GC pause (G1 Evacuation Pause) (young) 3985K->976K(8192K), 0.0011533 secs]
9.226: [GC pause (G1 Evacuation Pause) (young) 4048K->913K(8192K), 0.0009564 secs]
9.229: [GC pause (G1 Evacuation Pause) (young) 3985K->976K(8192K), 0.0011280 secs]
9.232: [GC pause (G1 Evacuation Pause) (young) 4048K->913K(8192K), 0.0009938 secs]
9.235: [GC pause (G1 Evacuation Pause) (young) 3985K->976K(8192K), 0.0011978 secs]
9.239: [GC pause (G1 Evacuation Pause) (young) 4048K->913K(8192K), 0.0008145 secs]
9.241: [GC pause (G1 Evacuation Pause) (young) 3985K->1003K(8192K), 0.0012160 secs]
9.245: [GC pause (G1 Evacuation Pause) (young) 4075K->913K(8192K), 0.0008178 secs]
9.248: [GC pause (G1 Evacuation Pause) (young) 3985K->976K(8192K), 0.0011137 secs]
9.251: [GC pause (G1 Evacuation Pause) (young) 4048K->913K(8192K), 0.0008079 secs]
9.254: [GC pause (G1 Evacuation Pause) (young) 3985K->976K(8192K), 0.0011164 secs]
9.257: [GC pause (G1 Evacuation Pause) (young) 4048K->913K(8192K), 0.0008002 secs]
9.260: [GC pause (G1 Evacuation Pause) (young) 3985K->976K(8192K), 0.0011362 secs]
9.263: [GC pause (G1 Evacuation Pause) (young) 4048K->913K(8192K), 0.0008332 secs]
9.266: [GC pause (G1 Evacuation Pause) (young) 3985K->976K(8192K), 0.0011285 secs]
9.269: [GC pause (G1 Evacuation Pause) (young) 4048K->913K(8192K), 0.0008161 secs]
9.272: [GC pause (G1 Evacuation Pause) (young) 3985K->976K(8192K), 0.0011258 secs]
9.276: [GC pause (G1 Evacuation Pause) (young) 4048K->913K(8192K), 0.0008442 secs]
9.278: [GC pause (G1 Evacuation Pause) (young) 3985K->976K(8192K), 0.0011241 secs]
9.282: [GC pause (G1 Evacuation Pause) (young) 4048K->913K(8192K), 0.0008216 secs]
9.285: [GC pause (G1 Evacuation Pause) (young) 3985K->976K(8192K), 0.0011626 secs]
9.288: [GC pause (G1 Evacuation Pause) (young) 4048K->913K(8192K), 0.0008084 secs]
9.291: [GC pause (G1 Evacuation Pause) (young) 3985K->976K(8192K), 0.0011439 secs]
9.294: [GC pause (G1 Evacuation Pause) (young) 4048K->913K(8192K), 0.0008414 secs]
9.297: [GC pause (G1 Evacuation Pause) (young) 3985K->976K(8192K), 0.0011368 secs]
9.300: [GC pause (G1 Evacuation Pause) (young) 4048K->913K(8192K), 0.0008310 secs]
9.303: [GC pause (G1 Evacuation Pause) (young) 3985K->976K(8192K), 0.0011830 secs]
9.306: [GC pause (G1 Evacuation Pause) (young) 4048K->913K(8192K), 0.0008090 secs]
9.309: [GC pause (G1 Evacuation Pause) (young) 3985K->976K(8192K), 0.0011764 secs]
9.313: [GC pause (G1 Evacuation Pause) (young) 4048K->913K(8192K), 0.0008145 secs]
9.315: [GC pause (G1 Evacuation Pause) (young) 3985K->976K(8192K), 0.0011571 secs]
9.319: [GC pause (G1 Evacuation Pause) (young) 4048K->913K(8192K), 0.0007936 secs]
9.322: [GC pause (G1 Evacuation Pause) (young) 3985K->976K(8192K), 0.0011236 secs]
9.325: [GC pause (G1 Evacuation Pause) (young) 4048K->913K(8192K), 0.0008475 secs]
9.328: [GC pause (G1 Evacuation Pause) (young) 3985K->976K(8192K), 0.0011615 secs]
9.331: [GC pause (G1 Evacuation Pause) (young) 4048K->913K(8192K), 0.0008189 secs]
9.334: [GC pause (G1 Evacuation Pause) (young) 3985K->976K(8192K), 0.0011835 secs]
9.337: [GC pause (G1 Evacuation Pause) (young) 4048K->913K(8192K), 0.0008046 secs]
9.340: [GC pause (G1 Evacuation Pause) (young) 3985K->976K(8192K), 0.0011285 secs]
9.343: [GC pause (G1 Evacuation Pause) (young) 4048K->913K(8192K), 0.0008090 secs]
9.346: [GC pause (G1 Evacuation Pause) (young) 3985K->976K(8192K), 0.0011599 secs]
9.350: [GC pause (G1 Evacuation Pause) (young) 4048K->913K(8192K), 0.0008277 secs]
9.352: [GC pause (G1 Evacuation Pause) (young) 3985K->976K(8192K), 0.0013633 secs]
9.356: [GC pause (G1 Evacuation Pause) (young) 4048K->913K(8192K), 0.0008271 secs]
9.359: [GC pause (G1 Evacuation Pause) (young) 3985K->976K(8192K), 0.0011318 secs]
9.362: [GC pause (G1 Evacuation Pause) (young) 4048K->913K(8192K), 0.0008205 secs]
9.365: [GC pause (G1 Evacuation Pause) (young) 3985K->976K(8192K), 0.0011555 secs]
9.368: [GC pause (G1 Evacuation Pause) (young) 4048K->913K(8192K), 0.0008167 secs]
9.371: [GC pause (G1 Evacuation Pause) (young) 3985K->976K(8192K), 0.0011225 secs]
9.375: [GC pause (G1 Evacuation Pause) (young) 4048K->913K(8192K), 0.0007985 secs]
9.377: [GC pause (G1 Evacuation Pause) (young) 3985K->976K(8192K), 0.0011296 secs]
9.381: [GC pause (G1 Evacuation Pause) (young) 4048K->913K(8192K), 0.0008035 secs]
9.384: [GC pause (G1 Evacuation Pause) (young) 3985K->976K(8192K), 0.0011824 secs]
9.387: [GC pause (G1 Evacuation Pause) (young) 4048K->913K(8192K), 0.0008068 secs]
9.390: [GC pause (G1 Evacuation Pause) (young) 3985K->976K(8192K), 0.0011527 secs]
9.393: [GC pause (G1 Evacuation Pause) (young) 4048K->913K(8192K), 0.0008145 secs]
9.396: [GC pause (G1 Evacuation Pause) (young) 3985K->976K(8192K), 0.0011164 secs]
9.399: [GC pause (G1 Evacuation Pause) (young) 4048K->913K(8192K), 0.0008095 secs]
9.402: [GC pause (G1 Evacuation Pause) (young) 3985K->976K(8192K), 0.0011263 secs]
9.405: [GC pause (G1 Evacuation Pause) (young) 4048K->913K(8192K), 0.0008139 secs]
9.408: [GC pause (G1 Evacuation Pause) (young) 3985K->976K(8192K), 0.0011885 secs]
9.412: [GC pause (G1 Evacuation Pause) (young) 4048K->913K(8192K), 0.0008134 secs]
9.415: [GC pause (G1 Evacuation Pause) (young) 3985K->976K(8192K), 0.0011302 secs]
9.418: [GC pause (G1 Evacuation Pause) (young) 4048K->913K(8192K), 0.0008090 secs]
9.421: [GC pause (G1 Evacuation Pause) (young) 3985K->976K(8192K), 0.0011313 secs]
9.424: [GC pause (G1 Evacuation Pause) (young) 4048K->913K(8192K), 0.0008970 secs]
9.427: [GC pause (G1 Evacuation Pause) (young) 3985K->976K(8192K), 0.0011659 secs]
9.430: [GC pause (G1 Evacuation Pause) (young) 4048K->913K(8192K), 0.0008183 secs]
9.433: [GC pause (G1 Evacuation Pause) (young) 3985K->976K(8192K), 0.0011362 secs]
9.436: [GC pause (G1 Evacuation Pause) (young) 4048K->913K(8192K), 0.0008002 secs]
9.439: [GC pause (G1 Evacuation Pause) (young) 3985K->976K(8192K), 0.0011175 secs]
9.442: [GC pause (G1 Evacuation Pause) (young) 4048K->913K(8192K), 0.0010422 secs]
9.446: [GC pause (G1 Evacuation Pause) (young) 3985K->976K(8192K), 0.0011258 secs]
9.449: [GC pause (G1 Evacuation Pause) (young) 4048K->913K(8192K), 0.0008106 secs]
9.452: [GC pause (G1 Evacuation Pause) (young) 3985K->976K(8192K), 0.0011599 secs]
9.455: [GC pause (G1 Evacuation Pause) (young) 4048K->913K(8192K), 0.0008117 secs]
9.458: [GC pause (G1 Evacuation Pause) (young) 3985K->976K(8192K), 0.0011340 secs]
9.461: [GC pause (G1 Evacuation Pause) (young) 4048K->913K(8192K), 0.0008145 secs]
9.464: [GC pause (G1 Evacuation Pause) (young) 3985K->976K(8192K), 0.0011263 secs]
9.467: [GC pause (G1 Evacuation Pause) (young) 4048K->913K(8192K), 0.0008238 secs]
9.470: [GC pause (G1 Evacuation Pause) (young) 3985K->976K(8192K), 0.0011357 secs]
9.473: [GC pause (G1 Evacuation Pause) (young) 4048K->913K(8192K), 0.0008139 secs]
9.476: [GC pause (G1 Evacuation Pause) (young) 3985K->976K(8192K), 0.0011214 secs]
9.480: [GC pause (G1 Evacuation Pause) (young) 4048K->913K(8192K), 0.0008139 secs]
9.482: [GC pause (G1 Evacuation Pause) (young) 3985K->976K(8192K), 0.0011346 secs]
9.486: [GC pause (G1 Evacuation Pause) (young) 4048K->913K(8192K), 0.0008722 secs]
9.489: [GC pause (G1 Evacuation Pause) (young) 3985K->976K(8192K), 0.0011967 secs]
9.492: [GC pause (G1 Evacuation Pause) (young) 4048K->913K(8192K), 0.0008051 secs]
9.495: [GC pause (G1 Evacuation Pause) (young) 3985K->976K(8192K), 0.0011269 secs]
9.498: [GC pause (G1 Evacuation Pause) (young) 4048K->913K(8192K), 0.0008106 secs]
9.501: [GC pause (G1 Evacuation Pause) (young) 3985K->976K(8192K), 0.0011516 secs]
9.504: [GC pause (G1 Evacuation Pause) (young) 4048K->913K(8192K), 0.0008304 secs]
9.507: [GC pause (G1 Evacuation Pause) (young) 3985K->976K(8192K), 0.0011406 secs]
9.510: [GC pause (G1 Evacuation Pause) (young) 4048K->913K(8192K), 0.0008172 secs]
9.513: [GC pause (G1 Evacuation Pause) (young) 3985K->976K(8192K), 0.0011340 secs]
9.517: [GC pause (G1 Evacuation Pause) (young) 4048K->913K(8192K), 0.0008134 secs]
9.520: [GC pause (G1 Evacuation Pause) (young) 3985K->976K(8192K), 0.0011274 secs]
9.523: [GC pause (G1 Evacuation Pause) (young) 4048K->913K(8192K), 0.0008128 secs]
9.526: [GC pause (G1 Evacuation Pause) (young) 3985K->976K(8192K), 0.0011258 secs]
9.529: [GC pause (G1 Evacuation Pause) (young) 4048K->913K(8192K), 0.0008073 secs]
9.532: [GC pause (G1 Evacuation Pause) (young) 3985K->976K(8192K), 0.0014150 secs]
9.535: [GC pause (G1 Evacuation Pause) (young) 4048K->913K(8192K), 0.0008123 secs]
9.538: [GC pause (G1 Evacuation Pause) (young) 3985K->976K(8192K), 0.0011269 secs]
9.542: [GC pause (G1 Evacuation Pause) (young) 4048K->913K(8192K), 0.0008150 secs]
9.545: [GC pause (G1 Evacuation Pause) (young) 3985K->976K(8192K), 0.0011379 secs]
9.548: [GC pause (G1 Evacuation Pause) (young) 4048K->913K(8192K), 0.0008079 secs]
9.551: [GC pause (G1 Evacuation Pause) (young) 3985K->976K(8192K), 0.0011373 secs]
9.554: [GC pause (G1 Evacuation Pause) (young) 4048K->913K(8192K), 0.0008337 secs]
9.557: [GC pause (G1 Evacuation Pause) (young) 3985K->976K(8192K), 0.0011329 secs]
9.560: [GC pause (G1 Evacuation Pause) (young) 4048K->913K(8192K), 0.0008392 secs]
9.563: [GC pause (G1 Evacuation Pause) (young) 3985K->976K(8192K), 0.0012143 secs]
9.566: [GC pause (G1 Evacuation Pause) (young) 4048K->913K(8192K), 0.0008167 secs]
9.569: [GC pause (G1 Evacuation Pause) (young) 3985K->976K(8192K), 0.0011197 secs]
9.573: [GC pause (G1 Evacuation Pause) (young) 4048K->913K(8192K), 0.0008183 secs]
9.576: [GC pause (G1 Evacuation Pause) (young) 3985K->976K(8192K), 0.0011676 secs]
9.579: [GC pause (G1 Evacuation Pause) (young) 4048K->913K(8192K), 0.0008161 secs]
9.582: [GC pause (G1 Evacuation Pause) (young) 3985K->976K(8192K), 0.0011252 secs]
9.585: [GC pause (G1 Evacuation Pause) (young) 4048K->913K(8192K), 0.0008024 secs]
9.588: [GC pause (G1 Evacuation Pause) (young) 3985K->976K(8192K), 0.0011318 secs]
9.591: [GC pause (G1 Evacuation Pause) (young) 4048K->913K(8192K), 0.0008150 secs]
9.594: [GC pause (G1 Evacuation Pause) (young) 3985K->976K(8192K), 0.0011439 secs]
9.597: [GC pause (G1 Evacuation Pause) (young) 4048K->913K(8192K), 0.0008123 secs]
9.600: [GC pause (G1 Evacuation Pause) (young) 3985K->976K(8192K), 0.0011615 secs]
9.604: [GC pause (G1 Evacuation Pause) (young) 4048K->913K(8192K), 0.0008381 secs]
9.607: [GC pause (G1 Evacuation Pause) (young) 3985K->976K(8192K), 0.0011252 secs]
9.610: [GC pause (G1 Evacuation Pause) (young) 4048K->913K(8192K), 0.0008040 secs]
9.613: [GC pause (G1 Evacuation Pause) (young) 3985K->976K(8192K), 0.0011368 secs]
9.616: [GC pause (G1 Evacuation Pause) (young) 4048K->913K(8192K), 0.0008150 secs]
9.619: [GC pause (G1 Evacuation Pause) (young) 3985K->976K(8192K), 0.0011291 secs]
9.622: [GC pause (G1 Evacuation Pause) (young) 4048K->913K(8192K), 0.0008007 secs]
9.625: [GC pause (G1 Evacuation Pause) (young) 3985K->976K(8192K), 0.0011318 secs]
9.628: [GC pause (G1 Evacuation Pause) (young) 4048K->913K(8192K), 0.0008068 secs]
9.631: [GC pause (G1 Evacuation Pause) (young) 3985K->976K(8192K), 0.0011274 secs]
9.634: [GC pause (G1 Evacuation Pause) (young) 4048K->913K(8192K), 0.0008062 secs]
9.637: [GC pause (G1 Evacuation Pause) (young) 3985K->976K(8192K), 0.0012110 secs]
9.640: [GC pause (G1 Evacuation Pause) (young) 4048K->913K(8192K), 0.0008106 secs]
9.643: [GC pause (G1 Evacuation Pause) (young) 3985K->1003K(8192K), 0.0012110 secs]
9.646: [GC pause (G1 Evacuation Pause) (young) 4075K->913K(8192K), 0.0008013 secs]
9.649: [GC pause (G1 Evacuation Pause) (young) 3985K->976K(8192K), 0.0011291 secs]
9.653: [GC pause (G1 Evacuation Pause) (young) 4048K->913K(8192K), 0.0008541 secs]
9.656: [GC pause (G1 Evacuation Pause) (young) 3985K->976K(8192K), 0.0011258 secs]
9.659: [GC pause (G1 Evacuation Pause) (young) 4048K->913K(8192K), 0.0008249 secs]
9.662: [GC pause (G1 Evacuation Pause) (young) 3985K->976K(8192K), 0.0011148 secs]
9.665: [GC pause (G1 Evacuation Pause) (young) 4048K->913K(8192K), 0.0008145 secs]
9.668: [GC pause (G1 Evacuation Pause) (young) 3985K->976K(8192K), 0.0011269 secs]
9.671: [GC pause (G1 Evacuation Pause) (young) 4048K->913K(8192K), 0.0008035 secs]
9.674: [GC pause (G1 Evacuation Pause) (young) 3985K->976K(8192K), 0.0011863 secs]
9.677: [GC pause (G1 Evacuation Pause) (young) 4048K->913K(8192K), 0.0008304 secs]
9.680: [GC pause (G1 Evacuation Pause) (young) 3985K->976K(8192K), 0.0011296 secs]
9.683: [GC pause (G1 Evacuation Pause) (young) 4048K->913K(8192K), 0.0008508 secs]
9.686: [GC pause (G1 Evacuation Pause) (young) 3985K->976K(8192K), 0.0011610 secs]
9.690: [GC pause (G1 Evacuation Pause) (young) 4048K->913K(8192K), 0.0008117 secs]
9.693: [GC pause (G1 Evacuation Pause) (young) 3985K->976K(8192K), 0.0011208 secs]
9.696: [GC pause (G1 Evacuation Pause) (young) 4048K->913K(8192K), 0.0019650 secs]
9.700: [GC pause (G1 Evacuation Pause) (young) 3985K->976K(8192K), 0.0012061 secs]
9.703: [GC pause (G1 Evacuation Pause) (young) 4048K->913K(8192K), 0.0008827 secs]
9.706: [GC pause (G1 Evacuation Pause) (young) 3985K->976K(8192K), 0.0011296 secs]
9.710: [GC pause (G1 Evacuation Pause) (young) 4048K->913K(8192K), 0.0008354 secs]
9.713: [GC pause (G1 Evacuation Pause) (young) 3985K->976K(8192K), 0.0011846 secs]
9.716: [GC pause (G1 Evacuation Pause) (young) 4048K->913K(8192K), 0.0008931 secs]
9.719: [GC pause (G1 Evacuation Pause) (young) 3985K->976K(8192K), 0.0011401 secs]
9.722: [GC pause (G1 Evacuation Pause) (young) 4048K->913K(8192K), 0.0008326 secs]
9.725: [GC pause (G1 Evacuation Pause) (young) 3985K->976K(8192K), 0.0013754 secs]
9.728: [GC pause (G1 Evacuation Pause) (young) 4048K->913K(8192K), 0.0008112 secs]
9.731: [GC pause (G1 Evacuation Pause) (young) 3985K->976K(8192K), 0.0011621 secs]
9.735: [GC pause (G1 Evacuation Pause) (young) 4048K->913K(8192K), 0.0008211 secs]
9.738: [GC pause (G1 Evacuation Pause) (young) 3985K->976K(8192K), 0.0011318 secs]
9.741: [GC pause (G1 Evacuation Pause) (young) 4048K->913K(8192K), 0.0008332 secs]
9.744: [GC pause (G1 Evacuation Pause) (young) 3985K->976K(8192K), 0.0011725 secs]
9.747: [GC pause (G1 Evacuation Pause) (young) 4048K->913K(8192K), 0.0008260 secs]
9.750: [GC pause (G1 Evacuation Pause) (young) 3985K->976K(8192K), 0.0011819 secs]
9.753: [GC pause (G1 Evacuation Pause) (young) 4048K->913K(8192K), 0.0008255 secs]
9.756: [GC pause (G1 Evacuation Pause) (young) 3985K->976K(8192K), 0.0011203 secs]
9.759: [GC pause (G1 Evacuation Pause) (young) 4048K->913K(8192K), 0.0008112 secs]
9.762: [GC pause (G1 Evacuation Pause) (young) 3985K->976K(8192K), 0.0011857 secs]
9.766: [GC pause (G1 Evacuation Pause) (young) 4048K->913K(8192K), 0.0008095 secs]
9.768: [GC pause (G1 Evacuation Pause) (young) 3985K->976K(8192K), 0.0011395 secs]
9.772: [GC pause (G1 Evacuation Pause) (young) 4048K->913K(8192K), 0.0009707 secs]
9.775: [GC pause (G1 Evacuation Pause) (young) 3985K->976K(8192K), 0.0012325 secs]
9.778: [GC pause (G1 Evacuation Pause) (young) 4048K->913K(8192K), 0.0008167 secs]
9.781: [GC pause (G1 Evacuation Pause) (young) 3985K->976K(8192K), 0.0011274 secs]
9.784: [GC pause (G1 Evacuation Pause) (young) 4048K->913K(8192K), 0.0008057 secs]
9.787: [GC pause (G1 Evacuation Pause) (young) 3985K->976K(8192K), 0.0011225 secs]
9.790: [GC pause (G1 Evacuation Pause) (young) 4048K->913K(8192K), 0.0009553 secs]
9.794: [GC pause (G1 Evacuation Pause) (young) 3985K->976K(8192K), 0.0011362 secs]
9.797: [GC pause (G1 Evacuation Pause) (young) 4048K->913K(8192K), 0.0008139 secs]
9.800: [GC pause (G1 Evacuation Pause) (young) 3985K->976K(8192K), 0.0011280 secs]
9.803: [GC pause (G1 Evacuation Pause) (young) 4048K->913K(8192K), 0.0008332 secs]
9.806: [GC pause (G1 Evacuation Pause) (young) 3985K->976K(8192K), 0.0011340 secs]
9.809: [GC pause (G1 Evacuation Pause) (young) 4048K->913K(8192K), 0.0008101 secs]
9.812: [GC pause (G1 Evacuation Pause) (young) 3985K->976K(8192K), 0.0011296 secs]
9.815: [GC pause (G1 Evacuation Pause) (young) 4048K->913K(8192K), 0.0008040 secs]
9.818: [GC pause (G1 Evacuation Pause) (young) 3985K->976K(8192K), 0.0011186 secs]
9.821: [GC pause (G1 Evacuation Pause) (young) 4048K->913K(8192K), 0.0008079 secs]
9.824: [GC pause (G1 Evacuation Pause) (young) 3985K->976K(8192K), 0.0011764 secs]
9.828: [GC pause (G1 Evacuation Pause) (young) 4048K->913K(8192K), 0.0008651 secs]
9.830: [GC pause (G1 Evacuation Pause) (young) 3985K->976K(8192K), 0.0011291 secs]
9.834: [GC pause (G1 Evacuation Pause) (young) 4048K->913K(8192K), 0.0008106 secs]
9.837: [GC pause (G1 Evacuation Pause) (young) 3985K->976K(8192K), 0.0011203 secs]
9.840: [GC pause (G1 Evacuation Pause) (young) 4048K->913K(8192K), 0.0008150 secs]
9.843: [GC pause (G1 Evacuation Pause) (young) 3985K->976K(8192K), 0.0011775 secs]
9.846: [GC pause (G1 Evacuation Pause) (young) 4048K->913K(8192K), 0.0008112 secs]
9.849: [GC pause (G1 Evacuation Pause) (young) 3985K->976K(8192K), 0.0011340 secs]
9.852: [GC pause (G1 Evacuation Pause) (young) 4048K->913K(8192K), 0.0008062 secs]
9.855: [GC pause (G1 Evacuation Pause) (young) 3985K->976K(8192K), 0.0011720 secs]
9.858: [GC pause (G1 Evacuation Pause) (young) 4048K->913K(8192K), 0.0008469 secs]
9.861: [GC pause (G1 Evacuation Pause) (young) 3985K->976K(8192K), 0.0011978 secs]
9.865: [GC pause (G1 Evacuation Pause) (young) 4048K->913K(8192K), 0.0008414 secs]
9.868: [GC pause (G1 Evacuation Pause) (young) 3985K->976K(8192K), 0.0011241 secs]
9.871: [GC pause (G1 Evacuation Pause) (young) 4048K->913K(8192K), 0.0008101 secs]
9.874: [GC pause (G1 Evacuation Pause) (young) 3985K->976K(8192K), 0.0011285 secs]
9.877: [GC pause (G1 Evacuation Pause) (young) 4048K->913K(8192K), 0.0008073 secs]
9.880: [GC pause (G1 Evacuation Pause) (young) 3985K->976K(8192K), 0.0011511 secs]
9.883: [GC pause (G1 Evacuation Pause) (young) 4048K->913K(8192K), 0.0008304 secs]
9.886: [GC pause (G1 Evacuation Pause) (young) 3985K->976K(8192K), 0.0011582 secs]
9.889: [GC pause (G1 Evacuation Pause) (young) 4048K->913K(8192K), 0.0008117 secs]
9.892: [GC pause (G1 Evacuation Pause) (young) 3985K->976K(8192K), 0.0012847 secs]
9.896: [GC pause (G1 Evacuation Pause) (young) 4048K->913K(8192K), 0.0008007 secs]
9.898: [GC pause (G1 Evacuation Pause) (young) 3985K->976K(8192K), 0.0011291 secs]
9.902: [GC pause (G1 Evacuation Pause) (young) 4048K->913K(8192K), 0.0008029 secs]
9.905: [GC pause (G1 Evacuation Pause) (young) 3985K->976K(8192K), 0.0011247 secs]
9.908: [GC pause (G1 Evacuation Pause) (young) 4048K->913K(8192K), 0.0027377 secs]
9.913: [GC pause (G1 Evacuation Pause) (young) 3985K->976K(8192K), 0.0013100 secs]
9.916: [GC pause (G1 Evacuation Pause) (young) 4048K->913K(8192K), 0.0008150 secs]
9.919: [GC pause (G1 Evacuation Pause) (young) 3985K->976K(8192K), 0.0011456 secs]
9.922: [GC pause (G1 Evacuation Pause) (young) 4048K->913K(8192K), 0.0009239 secs]
9.925: [GC pause (G1 Evacuation Pause) (young) 3985K->976K(8192K), 0.0011857 secs]
9.929: [GC pause (G1 Evacuation Pause) (young) 4048K->913K(8192K), 0.0008299 secs]
9.932: [GC pause (G1 Evacuation Pause) (young) 3985K->976K(8192K), 0.0011137 secs]
9.935: [GC pause (G1 Evacuation Pause) (young) 4048K->913K(8192K), 0.0008029 secs]
9.938: [GC pause (G1 Evacuation Pause) (young) 3985K->976K(8192K), 0.0011285 secs]
9.941: [GC pause (G1 Evacuation Pause) (young) 4048K->913K(8192K), 0.0008464 secs]
9.944: [GC pause (G1 Evacuation Pause) (young) 3985K->976K(8192K), 0.0011362 secs]
9.947: [GC pause (G1 Evacuation Pause) (young) 4048K->913K(8192K), 0.0008304 secs]
9.950: [GC pause (G1 Evacuation Pause) (young) 3985K->976K(8192K), 0.0011478 secs]
9.953: [GC pause (G1 Evacuation Pause) (young) 4048K->913K(8192K), 0.0008491 secs]
9.956: [GC pause (G1 Evacuation Pause) (young) 3985K->976K(8192K), 0.0011307 secs]
9.959: [GC pause (G1 Evacuation Pause) (young) 4048K->913K(8192K), 0.0008095 secs]
9.962: [GC pause (G1 Evacuation Pause) (young) 3985K->976K(8192K), 0.0011181 secs]
9.966: [GC pause (G1 Evacuation Pause) (young) 4048K->913K(8192K), 0.0008150 secs]
9.968: [GC pause (G1 Evacuation Pause) (young) 3985K->976K(8192K), 0.0011340 secs]
9.972: [GC pause (G1 Evacuation Pause) (young) 4048K->913K(8192K), 0.0008337 secs]
9.975: [GC pause (G1 Evacuation Pause) (young) 3985K->976K(8192K), 0.0011214 secs]
9.978: [GC pause (G1 Evacuation Pause) (young) 4048K->913K(8192K), 0.0008101 secs]
9.981: [GC pause (G1 Evacuation Pause) (young) 3985K->976K(8192K), 0.0012369 secs]
9.984: [GC pause (G1 Evacuation Pause) (young) 4048K->913K(8192K), 0.0008359 secs]
9.987: [GC pause (G1 Evacuation Pause) (young) 3985K->976K(8192K), 0.0011846 secs]
9.991: [GC pause (G1 Evacuation Pause) (young) 4048K->913K(8192K), 0.0008112 secs]
9.993: [GC pause (G1 Evacuation Pause) (young) 3985K->976K(8192K), 0.0011654 secs]
9.997: [GC pause (G1 Evacuation Pause) (young) 4048K->913K(8192K), 0.0008095 secs]
10.000: [GC pause (G1 Evacuation Pause) (young) 3985K->976K(8192K), 0.0011252 secs]
10.003: [GC pause (G1 Evacuation Pause) (young) 4048K->913K(8192K), 0.0008040 secs]
10.006: [GC pause (G1 Evacuation Pause) (young) 3985K->976K(8192K), 0.0011703 secs]
10.009: [GC pause (G1 Evacuation Pause) (young) 4048K->913K(8192K), 0.0008040 secs]
10.012: [GC pause (G1 Evacuation Pause) (young) 3985K->976K(8192K), 0.0013364 secs]
10.015: [GC pause (G1 Evacuation Pause) (young) 4048K->913K(8192K), 0.0008145 secs]
10.018: [GC pause (G1 Evacuation Pause) (young) 3985K->976K(8192K), 0.0011340 secs]
10.022: [GC pause (G1 Evacuation Pause) (young) 4048K->913K(8192K), 0.0008046 secs]
10.024: [GC pause (G1 Evacuation Pause) (young) 3985K->976K(8192K), 0.0011324 secs]
10.028: [GC pause (G1 Evacuation Pause) (young) 4048K->913K(8192K), 0.0008057 secs]
10.030: [GC pause (G1 Evacuation Pause) (young) 3985K->976K(8192K), 0.0011269 secs]
10.034: [GC pause (G1 Evacuation Pause) (young) 4048K->913K(8192K), 0.0008711 secs]
10.037: [GC pause (G1 Evacuation Pause) (young) 3985K->976K(8192K), 0.0011126 secs]
10.040: [GC pause (G1 Evacuation Pause) (young) 4048K->913K(8192K), 0.0008359 secs]
10.043: [GC pause (G1 Evacuation Pause) (young) 3985K->976K(8192K), 0.0012165 secs]
10.046: [GC pause (G1 Evacuation Pause) (young) 4048K->913K(8192K), 0.0008205 secs]
10.049: [GC pause (G1 Evacuation Pause) (young) 3985K->976K(8192K), 0.0011373 secs]
10.052: [GC pause (G1 Evacuation Pause) (young) 4048K->913K(8192K), 0.0008310 secs]
10.055: [GC pause (G1 Evacuation Pause) (young) 3985K->976K(8192K), 0.0011643 secs]
10.059: [GC pause (G1 Evacuation Pause) (young) 4048K->913K(8192K), 0.0008156 secs]
10.061: [GC pause (G1 Evacuation Pause) (young) 3985K->976K(8192K), 0.0011192 secs]
10.065: [GC pause (G1 Evacuation Pause) (young) 4048K->913K(8192K), 0.0008057 secs]
10.068: [GC pause (G1 Evacuation Pause) (young) 3985K->976K(8192K), 0.0011153 secs]
10.071: [GC pause (G1 Evacuation Pause) (young) 4048K->913K(8192K), 0.0008046 secs]
10.074: [GC pause (G1 Evacuation Pause) (young) 3985K->976K(8192K), 0.0011571 secs]
10.077: [GC pause (G1 Evacuation Pause) (young) 4048K->913K(8192K), 0.0008233 secs]
10.080: [GC pause (G1 Evacuation Pause) (young) 3985K->976K(8192K), 0.0011703 secs]
10.083: [GC pause (G1 Evacuation Pause) (young) 4048K->913K(8192K), 0.0008161 secs]
10.086: [GC pause (G1 Evacuation Pause) (young) 3985K->976K(8192K), 0.0011357 secs]
10.089: [GC pause (G1 Evacuation Pause) (young) 4048K->913K(8192K), 0.0008128 secs]
10.092: [GC pause (G1 Evacuation Pause) (young) 3985K->976K(8192K), 0.0011456 secs]
10.095: [GC pause (G1 Evacuation Pause) (young) 4048K->913K(8192K), 0.0008337 secs]
10.099: [GC pause (G1 Evacuation Pause) (young) 3985K->976K(8192K), 0.0011351 secs]
10.102: [GC pause (G1 Evacuation Pause) (young) 4048K->913K(8192K), 0.0008024 secs]
10.105: [GC pause (G1 Evacuation Pause) (young) 3985K->976K(8192K), 0.0011318 secs]
10.108: [GC pause (G1 Evacuation Pause) (young) 4048K->913K(8192K), 0.0008051 secs]
10.111: [GC pause (G1 Evacuation Pause) (young) 3985K->976K(8192K), 0.0011395 secs]
10.114: [GC pause (G1 Evacuation Pause) (young) 4048K->913K(8192K), 0.0008156 secs]
10.117: [GC pause (G1 Evacuation Pause) (young) 3985K->976K(8192K), 0.0012446 secs]
10.120: [GC pause (G1 Evacuation Pause) (young) 4048K->913K(8192K), 0.0008194 secs]
10.123: [GC pause (G1 Evacuation Pause) (young) 3985K->976K(8192K), 0.0011610 secs]
10.126: [GC pause (G1 Evacuation Pause) (young) 4048K->913K(8192K), 0.0008084 secs]
10.129: [GC pause (G1 Evacuation Pause) (young) 3985K->976K(8192K), 0.0011285 secs]
10.133: [GC pause (G1 Evacuation Pause) (young) 4048K->913K(8192K), 0.0007969 secs]
10.136: [GC pause (G1 Evacuation Pause) (young) 3985K->976K(8192K), 0.0011302 secs]
10.139: [GC pause (G1 Evacuation Pause) (young) 4048K->913K(8192K), 0.0008079 secs]
10.142: [GC pause (G1 Evacuation Pause) (young) 3985K->976K(8192K), 0.0011285 secs]
10.145: [GC pause (G1 Evacuation Pause) (young) 4048K->913K(8192K), 0.0008046 secs]
10.148: [GC pause (G1 Evacuation Pause) (young) 3985K->976K(8192K), 0.0011670 secs]
10.151: [GC pause (G1 Evacuation Pause) (young) 4048K->913K(8192K), 0.0008112 secs]
10.154: [GC pause (G1 Evacuation Pause) (young) 3985K->976K(8192K), 0.0011417 secs]
10.157: [GC pause (G1 Evacuation Pause) (young) 4048K->913K(8192K), 0.0008299 secs]
10.160: [GC pause (G1 Evacuation Pause) (young) 3985K->976K(8192K), 0.0011225 secs]
10.164: [GC pause (G1 Evacuation Pause) (young) 4048K->913K(8192K), 0.0008084 secs]
10.166: [GC pause (G1 Evacuation Pause) (young) 3985K->976K(8192K), 0.0011252 secs]
10.170: [GC pause (G1 Evacuation Pause) (young) 4048K->913K(8192K), 0.0008046 secs]
10.173: [GC pause (G1 Evacuation Pause) (young) 3985K->976K(8192K), 0.0012055 secs]
10.176: [GC pause (G1 Evacuation Pause) (young) 4048K->913K(8192K), 0.0008117 secs]
10.179: [GC pause (G1 Evacuation Pause) (young) 3985K->976K(8192K), 0.0011467 secs]
10.182: [GC pause (G1 Evacuation Pause) (young) 4048K->913K(8192K), 0.0008029 secs]
10.185: [GC pause (G1 Evacuation Pause) (young) 3985K->976K(8192K), 0.0011236 secs]
10.188: [GC pause (G1 Evacuation Pause) (young) 4048K->913K(8192K), 0.0008024 secs]
10.191: [GC pause (G1 Evacuation Pause) (young) 3985K->976K(8192K), 0.0011142 secs]
10.194: [GC pause (G1 Evacuation Pause) (young) 4048K->913K(8192K), 0.0009135 secs]
10.197: [GC pause (G1 Evacuation Pause) (young) 3985K->976K(8192K), 0.0013787 secs]
10.201: [GC pause (G1 Evacuation Pause) (young) 4048K->913K(8192K), 0.0008216 secs]
10.204: [GC pause (G1 Evacuation Pause) (young) 3985K->976K(8192K), 0.0011637 secs]
10.207: [GC pause (G1 Evacuation Pause) (young) 4048K->913K(8192K), 0.0008216 secs]
10.210: [GC pause (G1 Evacuation Pause) (young) 3985K->976K(8192K), 0.0014035 secs]
10.214: [GC pause (G1 Evacuation Pause) (young) 4048K->913K(8192K), 0.0008200 secs]
10.217: [GC pause (G1 Evacuation Pause) (young) 3985K->976K(8192K), 0.0011401 secs]
10.220: [GC pause (G1 Evacuation Pause) (young) 4048K->913K(8192K), 0.0008035 secs]
10.223: [GC pause (G1 Evacuation Pause) (young) 3985K->976K(8192K), 0.0011533 secs]
10.226: [GC pause (G1 Evacuation Pause) (young) 4048K->913K(8192K), 0.0008315 secs]
10.229: [GC pause (G1 Evacuation Pause) (young) 3985K->976K(8192K), 0.0011665 secs]
10.232: [GC pause (G1 Evacuation Pause) (young) 4048K->913K(8192K), 0.0008189 secs]
10.235: [GC pause (G1 Evacuation Pause) (young) 3985K->976K(8192K), 0.0011269 secs]
10.239: [GC pause (G1 Evacuation Pause) (young) 4048K->913K(8192K), 0.0008145 secs]
10.242: [GC pause (G1 Evacuation Pause) (young) 3985K->976K(8192K), 0.0012402 secs]
10.245: [GC pause (G1 Evacuation Pause) (young) 4048K->913K(8192K), 0.0008156 secs]
10.248: [GC pause (G1 Evacuation Pause) (young) 3985K->976K(8192K), 0.0011324 secs]
10.251: [GC pause (G1 Evacuation Pause) (young) 4048K->913K(8192K), 0.0008112 secs]
10.254: [GC pause (G1 Evacuation Pause) (young) 3985K->976K(8192K), 0.0011989 secs]
10.257: [GC pause (G1 Evacuation Pause) (young) 4048K->913K(8192K), 0.0008282 secs]
10.260: [GC pause (G1 Evacuation Pause) (young) 3985K->976K(8192K), 0.0011731 secs]
10.264: [GC pause (G1 Evacuation Pause) (young) 4048K->913K(8192K), 0.0008590 secs]
10.267: [GC pause (G1 Evacuation Pause) (young) 3985K->976K(8192K), 0.0011357 secs]
10.270: [GC pause (G1 Evacuation Pause) (young) 4048K->913K(8192K), 0.0007969 secs]
10.273: [GC pause (G1 Evacuation Pause) (young) 3985K->976K(8192K), 0.0011280 secs]
10.276: [GC pause (G1 Evacuation Pause) (young) 4048K->913K(8192K), 0.0008139 secs]
10.279: [GC pause (G1 Evacuation Pause) (young) 3985K->976K(8192K), 0.0011351 secs]
10.282: [GC pause (G1 Evacuation Pause) (young) 4048K->913K(8192K), 0.0008090 secs]
10.285: [GC pause (G1 Evacuation Pause) (young) 3985K->976K(8192K), 0.0011296 secs]
10.288: [GC pause (G1 Evacuation Pause) (young) 4048K->913K(8192K), 0.0007952 secs]
10.291: [GC pause (G1 Evacuation Pause) (young) 3985K->976K(8192K), 0.0011274 secs]
10.294: [GC pause (G1 Evacuation Pause) (young) 4048K->913K(8192K), 0.0008073 secs]
10.297: [GC pause (G1 Evacuation Pause) (young) 3985K->976K(8192K), 0.0011461 secs]
10.300: [GC pause (G1 Evacuation Pause) (young) 4048K->913K(8192K), 0.0008194 secs]
10.303: [GC pause (G1 Evacuation Pause) (young) 3985K->976K(8192K), 0.0011945 secs]
10.307: [GC pause (G1 Evacuation Pause) (young) 4048K->913K(8192K), 0.0008084 secs]
10.310: [GC pause (G1 Evacuation Pause) (young) 3985K->976K(8192K), 0.0011170 secs]
10.313: [GC pause (G1 Evacuation Pause) (young) 4048K->913K(8192K), 0.0008508 secs]
10.316: [GC pause (G1 Evacuation Pause) (young) 3985K->976K(8192K), 0.0011203 secs]
10.319: [GC pause (G1 Evacuation Pause) (young) 4048K->913K(8192K), 0.0008013 secs]
10.322: [GC pause (G1 Evacuation Pause) (young) 3985K->976K(8192K), 0.0011291 secs]
10.325: [GC pause (G1 Evacuation Pause) (young) 4048K->913K(8192K), 0.0008326 secs]
10.328: [GC pause (G1 Evacuation Pause) (young) 3985K->976K(8192K), 0.0011324 secs]
10.331: [GC pause (G1 Evacuation Pause) (young) 4048K->913K(8192K), 0.0008095 secs]
10.334: [GC pause (G1 Evacuation Pause) (young) 3985K->976K(8192K), 0.0011230 secs]
10.337: [GC pause (G1 Evacuation Pause) (young) 4048K->913K(8192K), 0.0008183 secs]
10.340: [GC pause (G1 Evacuation Pause) (young) 3985K->976K(8192K), 0.0011335 secs]
10.343: [GC pause (G1 Evacuation Pause) (young) 4048K->913K(8192K), 0.0008634 secs]
10.346: [GC pause (G1 Evacuation Pause) (young) 3985K->976K(8192K), 0.0012039 secs]
10.350: [GC pause (G1 Evacuation Pause) (young) 4048K->913K(8192K), 0.0008073 secs]
10.352: [GC pause (G1 Evacuation Pause) (young) 3985K->976K(8192K), 0.0011142 secs]
10.356: [GC pause (G1 Evacuation Pause) (young) 4048K->913K(8192K), 0.0008035 secs]
10.359: [GC pause (G1 Evacuation Pause) (young) 3985K->976K(8192K), 0.0011186 secs]
10.362: [GC pause (G1 Evacuation Pause) (young) 4048K->913K(8192K), 0.0008128 secs]
10.365: [GC pause (G1 Evacuation Pause) (young) 3985K->976K(8192K), 0.0011538 secs]
10.368: [GC pause (G1 Evacuation Pause) (young) 4048K->913K(8192K), 0.0008095 secs]
10.371: [GC pause (G1 Evacuation Pause) (young) 3985K->976K(8192K), 0.0011274 secs]
10.374: [GC pause (G1 Evacuation Pause) (young) 4048K->913K(8192K), 0.0008123 secs]
10.377: [GC pause (G1 Evacuation Pause) (young) 3985K->976K(8192K), 0.0011258 secs]
10.380: [GC pause (G1 Evacuation Pause) (young) 4048K->913K(8192K), 0.0008480 secs]
10.383: [GC pause (G1 Evacuation Pause) (young) 3985K->976K(8192K), 0.0011599 secs]
10.387: [GC pause (G1 Evacuation Pause) (young) 4048K->913K(8192K), 0.0008376 secs]
10.390: [GC pause (G1 Evacuation Pause) (young) 3985K->976K(8192K), 0.0011346 secs]
10.393: [GC pause (G1 Evacuation Pause) (young) 4048K->913K(8192K), 0.0008117 secs]
10.396: [GC pause (G1 Evacuation Pause) (young) 3985K->976K(8192K), 0.0011384 secs]
10.399: [GC pause (G1 Evacuation Pause) (young) 4048K->913K(8192K), 0.0008035 secs]
10.402: [GC pause (G1 Evacuation Pause) (young) 3985K->976K(8192K), 0.0013051 secs]
10.405: [GC pause (G1 Evacuation Pause) (young) 4048K->913K(8192K), 0.0007930 secs]
10.408: [GC pause (G1 Evacuation Pause) (young) 3985K->976K(8192K), 0.0011588 secs]
10.411: [GC pause (G1 Evacuation Pause) (young) 4048K->913K(8192K), 0.0008013 secs]
10.414: [GC pause (G1 Evacuation Pause) (young) 3985K->976K(8192K), 0.0011329 secs]
10.418: [GC pause (G1 Evacuation Pause) (young) 4048K->913K(8192K), 0.0008046 secs]
10.420: [GC pause (G1 Evacuation Pause) (young) 3985K->976K(8192K), 0.0011230 secs]
10.424: [GC pause (G1 Evacuation Pause) (young) 4048K->913K(8192K), 0.0008128 secs]
10.427: [GC pause (G1 Evacuation Pause) (young) 3985K->976K(8192K), 0.0011357 secs]
10.430: [GC pause (G1 Evacuation Pause) (young) 4048K->913K(8192K), 0.0008854 secs]
10.433: [GC pause (G1 Evacuation Pause) (young) 3985K->976K(8192K), 0.0011247 secs]
10.436: [GC pause (G1 Evacuation Pause) (young) 4048K->913K(8192K), 0.0008260 secs]
10.439: [GC pause (G1 Evacuation Pause) (young) 3985K->976K(8192K), 0.0011324 secs]
10.442: [GC pause (G1 Evacuation Pause) (young) 4048K->913K(8192K), 0.0008079 secs]
10.445: [GC pause (G1 Evacuation Pause) (young) 3985K->976K(8192K), 0.0011296 secs]
10.449: [GC pause (G1 Evacuation Pause) (young) 4048K->913K(8192K), 0.0008321 secs]
10.452: [GC pause (G1 Evacuation Pause) (young) 3985K->976K(8192K), 0.0011340 secs]
10.455: [GC pause (G1 Evacuation Pause) (young) 4048K->913K(8192K), 0.0008156 secs]
10.458: [GC pause (G1 Evacuation Pause) (young) 3985K->976K(8192K), 0.0011291 secs]
10.461: [GC pause (G1 Evacuation Pause) (young) 4048K->913K(8192K), 0.0009272 secs]
10.464: [GC pause (G1 Evacuation Pause) (young) 3985K->976K(8192K), 0.0011368 secs]
10.467: [GC pause (G1 Evacuation Pause) (young) 4048K->913K(8192K), 0.0008189 secs]
10.470: [GC pause (G1 Evacuation Pause) (young) 3985K->976K(8192K), 0.0011648 secs]
10.473: [GC pause (G1 Evacuation Pause) (young) 4048K->913K(8192K), 0.0008090 secs]
10.476: [GC pause (G1 Evacuation Pause) (young) 3985K->976K(8192K), 0.0011373 secs]
10.479: [GC pause (G1 Evacuation Pause) (young) 4048K->913K(8192K), 0.0008084 secs]
10.482: [GC pause (G1 Evacuation Pause) (young) 3985K->976K(8192K), 0.0011813 secs]
10.486: [GC pause (G1 Evacuation Pause) (young) 4048K->913K(8192K), 0.0008409 secs]
10.489: [GC pause (G1 Evacuation Pause) (young) 3985K->976K(8192K), 0.0011753 secs]
10.492: [GC pause (G1 Evacuation Pause) (young) 4048K->913K(8192K), 0.0008216 secs]
10.495: [GC pause (G1 Evacuation Pause) (young) 3985K->976K(8192K), 0.0011566 secs]
10.498: [GC pause (G1 Evacuation Pause) (young) 4048K->913K(8192K), 0.0008051 secs]
10.501: [GC pause (G1 Evacuation Pause) (young) 3985K->976K(8192K), 0.0011241 secs]
10.504: [GC pause (G1 Evacuation Pause) (young) 4048K->913K(8192K), 0.0008040 secs]
10.507: [GC pause (G1 Evacuation Pause) (young) 3985K->976K(8192K), 0.0013084 secs]
10.510: [GC pause (G1 Evacuation Pause) (young) 4048K->913K(8192K), 0.0008326 secs]
10.513: [GC pause (G1 Evacuation Pause) (young) 3985K->976K(8192K), 0.0011406 secs]
10.517: [GC pause (G1 Evacuation Pause) (young) 4048K->913K(8192K), 0.0008051 secs]
10.520: [GC pause (G1 Evacuation Pause) (young) 3985K->976K(8192K), 0.0011269 secs]
10.523: [GC pause (G1 Evacuation Pause) (young) 4048K->913K(8192K), 0.0008442 secs]
10.526: [GC pause (G1 Evacuation Pause) (young) 3985K->976K(8192K), 0.0011164 secs]
10.529: [GC pause (G1 Evacuation Pause) (young) 4048K->913K(8192K), 0.0008194 secs]
10.532: [GC pause (G1 Evacuation Pause) (young) 3985K->976K(8192K), 0.0011472 secs]
10.535: [GC pause (G1 Evacuation Pause) (young) 4048K->913K(8192K), 0.0008029 secs]
10.538: [GC pause (G1 Evacuation Pause) (young) 3985K->976K(8192K), 0.0011236 secs]
10.541: [GC pause (G1 Evacuation Pause) (young) 4048K->913K(8192K), 0.0008057 secs]
10.544: [GC pause (G1 Evacuation Pause) (young) 3985K->976K(8192K), 0.0011274 secs]
10.547: [GC pause (G1 Evacuation Pause) (young) 4048K->913K(8192K), 0.0008887 secs]
10.550: [GC pause (G1 Evacuation Pause) (young) 3985K->976K(8192K), 0.0011423 secs]
10.554: [GC pause (G1 Evacuation Pause) (young) 4048K->913K(8192K), 0.0008700 secs]
10.557: [GC pause (G1 Evacuation Pause) (young) 3985K->976K(8192K), 0.0011208 secs]
10.560: [GC pause (G1 Evacuation Pause) (young) 4048K->913K(8192K), 0.0008062 secs]
10.563: [GC pause (G1 Evacuation Pause) (young) 3985K->976K(8192K), 0.0011214 secs]
10.566: [GC pause (G1 Evacuation Pause) (young) 4048K->913K(8192K), 0.0008079 secs]
10.569: [GC pause (G1 Evacuation Pause) (young) 3985K->976K(8192K), 0.0011258 secs]
10.572: [GC pause (G1 Evacuation Pause) (young) 4048K->913K(8192K), 0.0008326 secs]
10.575: [GC pause (G1 Evacuation Pause) (young) 3985K->976K(8192K), 0.0011819 secs]
10.578: [GC pause (G1 Evacuation Pause) (young) 4048K->913K(8192K), 0.0008123 secs]
10.581: [GC pause (G1 Evacuation Pause) (young) 3985K->976K(8192K), 0.0011263 secs]
10.585: [GC pause (G1 Evacuation Pause) (young) 4048K->913K(8192K), 0.0007996 secs]
10.587: [GC pause (G1 Evacuation Pause) (young) 3985K->976K(8192K), 0.0011208 secs]
10.591: [GC pause (G1 Evacuation Pause) (young) 4048K->913K(8192K), 0.0008029 secs]
10.594: [GC pause (G1 Evacuation Pause) (young) 3985K->976K(8192K), 0.0011318 secs]
10.597: [GC pause (G1 Evacuation Pause) (young) 4048K->913K(8192K), 0.0008585 secs]
10.600: [GC pause (G1 Evacuation Pause) (young) 3985K->976K(8192K), 0.0011291 secs]
10.603: [GC pause (G1 Evacuation Pause) (young) 4048K->913K(8192K), 0.0008024 secs]
10.606: [GC pause (G1 Evacuation Pause) (young) 3985K->976K(8192K), 0.0011527 secs]
10.609: [GC pause (G1 Evacuation Pause) (young) 4048K->913K(8192K), 0.0008167 secs]
10.612: [GC pause (G1 Evacuation Pause) (young) 3985K->976K(8192K), 0.0012512 secs]
10.616: [GC pause (G1 Evacuation Pause) (young) 4048K->913K(8192K), 0.0008348 secs]
10.619: [GC pause (G1 Evacuation Pause) (young) 3985K->976K(8192K), 0.0011291 secs]
10.622: [GC pause (G1 Evacuation Pause) (young) 4048K->913K(8192K), 0.0008332 secs]
10.625: [GC pause (G1 Evacuation Pause) (young) 3985K->976K(8192K), 0.0011208 secs]
10.628: [GC pause (G1 Evacuation Pause) (young) 4048K->913K(8192K), 0.0008007 secs]
10.631: [GC pause (G1 Evacuation Pause) (young) 3985K->976K(8192K), 0.0011478 secs]
10.634: [GC pause (G1 Evacuation Pause) (young) 4048K->913K(8192K), 0.0008073 secs]
10.637: [GC pause (G1 Evacuation Pause) (young) 3985K->976K(8192K), 0.0011654 secs]
10.640: [GC pause (G1 Evacuation Pause) (young) 4048K->913K(8192K), 0.0008403 secs]
10.643: [GC pause (G1 Evacuation Pause) (young) 3985K->976K(8192K), 0.0011335 secs]
10.646: [GC pause (G1 Evacuation Pause) (young) 4048K->913K(8192K), 0.0008739 secs]
10.649: [GC pause (G1 Evacuation Pause) (young) 3985K->976K(8192K), 0.0011247 secs]
10.652: [GC pause (G1 Evacuation Pause) (young) 4048K->913K(8192K), 0.0008084 secs]
10.655: [GC pause (G1 Evacuation Pause) (young) 3985K->976K(8192K), 0.0011489 secs]
10.659: [GC pause (G1 Evacuation Pause) (young) 4048K->913K(8192K), 0.0008524 secs]
10.662: [GC pause (G1 Evacuation Pause) (young) 3985K->976K(8192K), 0.0011258 secs]
10.665: [GC pause (G1 Evacuation Pause) (young) 4048K->913K(8192K), 0.0008101 secs]
10.668: [GC pause (G1 Evacuation Pause) (young) 3985K->976K(8192K), 0.0011335 secs]
10.671: [GC pause (G1 Evacuation Pause) (young) 4048K->913K(8192K), 0.0008057 secs]
10.674: [GC pause (G1 Evacuation Pause) (young) 3985K->976K(8192K), 0.0012072 secs]
10.677: [GC pause (G1 Evacuation Pause) (young) 4048K->913K(8192K), 0.0008112 secs]
10.680: [GC pause (G1 Evacuation Pause) (young) 3985K->976K(8192K), 0.0012149 secs]
10.684: [GC pause (G1 Evacuation Pause) (young) 4048K->913K(8192K), 0.0008211 secs]
10.687: [GC pause (G1 Evacuation Pause) (young) 3985K->976K(8192K), 0.0011428 secs]
10.690: [GC pause (G1 Evacuation Pause) (young) 4048K->913K(8192K), 0.0008095 secs]
10.693: [GC pause (G1 Evacuation Pause) (young) 3985K->976K(8192K), 0.0011549 secs]
10.696: [GC pause (G1 Evacuation Pause) (young) 4048K->913K(8192K), 0.0025799 secs]
10.701: [GC pause (G1 Evacuation Pause) (young) 3985K->976K(8192K), 0.0011505 secs]
10.704: [GC pause (G1 Evacuation Pause) (young) 4048K->913K(8192K), 0.0008178 secs]
10.707: [GC pause (G1 Evacuation Pause) (young) 3985K->976K(8192K), 0.0020673 secs]
10.711: [GC pause (G1 Evacuation Pause) (young) 4048K->913K(8192K), 0.0008145 secs]
10.714: [GC pause (G1 Evacuation Pause) (young) 3985K->976K(8192K), 0.0011417 secs]
10.718: [GC pause (G1 Evacuation Pause) (young) 4048K->913K(8192K), 0.0008200 secs]
10.721: [GC pause (G1 Evacuation Pause) (young) 3985K->976K(8192K), 0.0011610 secs]
10.724: [GC pause (G1 Evacuation Pause) (young) 4048K->913K(8192K), 0.0008293 secs]
10.727: [GC pause (G1 Evacuation Pause) (young) 3985K->976K(8192K), 0.0011555 secs]
10.730: [GC pause (G1 Evacuation Pause) (young) 4048K->913K(8192K), 0.0008145 secs]
10.733: [GC pause (G1 Evacuation Pause) (young) 3985K->976K(8192K), 0.0012754 secs]
10.736: [GC pause (G1 Evacuation Pause) (young) 4048K->913K(8192K), 0.0008403 secs]
10.739: [GC pause (G1 Evacuation Pause) (young) 3985K->976K(8192K), 0.0011401 secs]
10.743: [GC pause (G1 Evacuation Pause) (young) 4048K->913K(8192K), 0.0008062 secs]
10.745: [GC pause (G1 Evacuation Pause) (young) 3985K->976K(8192K), 0.0011340 secs]
10.749: [GC pause (G1 Evacuation Pause) (young) 4048K->913K(8192K), 0.0008123 secs]
10.752: [GC pause (G1 Evacuation Pause) (young) 3985K->976K(8192K), 0.0011302 secs]
10.755: [GC pause (G1 Evacuation Pause) (young) 4048K->913K(8192K), 0.0007991 secs]
10.758: [GC pause (G1 Evacuation Pause) (young) 3985K->976K(8192K), 0.0011274 secs]
10.761: [GC pause (G1 Evacuation Pause) (young) 4048K->913K(8192K), 0.0008244 secs]
10.764: [GC pause (G1 Evacuation Pause) (young) 3985K->976K(8192K), 0.0011368 secs]
10.767: [GC pause (G1 Evacuation Pause) (young) 4048K->913K(8192K), 0.0008156 secs]
10.770: [GC pause (G1 Evacuation Pause) (young) 3985K->976K(8192K), 0.0011340 secs]
10.773: [GC pause (G1 Evacuation Pause) (young) 4048K->913K(8192K), 0.0008029 secs]
10.776: [GC pause (G1 Evacuation Pause) (young) 3985K->976K(8192K), 0.0011995 secs]
10.780: [GC pause (G1 Evacuation Pause) (young) 4048K->913K(8192K), 0.0008403 secs]
10.783: [GC pause (G1 Evacuation Pause) (young) 3985K->976K(8192K), 0.0011417 secs]
10.786: [GC pause (G1 Evacuation Pause) (young) 4048K->913K(8192K), 0.0008211 secs]
10.789: [GC pause (G1 Evacuation Pause) (young) 3985K->976K(8192K), 0.0011412 secs]
10.792: [GC pause (G1 Evacuation Pause) (young) 4048K->913K(8192K), 0.0008057 secs]
10.795: [GC pause (G1 Evacuation Pause) (young) 3985K->976K(8192K), 0.0011615 secs]
10.798: [GC pause (G1 Evacuation Pause) (young) 4048K->913K(8192K), 0.0008205 secs]
10.801: [GC pause (G1 Evacuation Pause) (young) 3985K->976K(8192K), 0.0011472 secs]
10.805: [GC pause (G1 Evacuation Pause) (young) 4048K->913K(8192K), 0.0008370 secs]
10.808: [GC pause (G1 Evacuation Pause) (young) 3985K->976K(8192K), 0.0011296 secs]
10.811: [GC pause (G1 Evacuation Pause) (young) 4048K->913K(8192K), 0.0008161 secs]
10.814: [GC pause (G1 Evacuation Pause) (young) 3985K->976K(8192K), 0.0011263 secs]
10.817: [GC pause (G1 Evacuation Pause) (young) 4048K->913K(8192K), 0.0008095 secs]
10.820: [GC pause (G1 Evacuation Pause) (young) 3985K->976K(8192K), 0.0011368 secs]
10.823: [GC pause (G1 Evacuation Pause) (young) 4048K->913K(8192K), 0.0008403 secs]
10.826: [GC pause (G1 Evacuation Pause) (young) 3985K->976K(8192K), 0.0011637 secs]
10.829: [GC pause (G1 Evacuation Pause) (young) 4048K->913K(8192K), 0.0008194 secs]
10.832: [GC pause (G1 Evacuation Pause) (young) 3985K->976K(8192K), 0.0011329 secs]
10.835: [GC pause (G1 Evacuation Pause) (young) 4048K->913K(8192K), 0.0008123 secs]
10.838: [GC pause (G1 Evacuation Pause) (young) 3985K->976K(8192K), 0.0011390 secs]
10.842: [GC pause (G1 Evacuation Pause) (young) 4048K->913K(8192K), 0.0008370 secs]
10.845: [GC pause (G1 Evacuation Pause) (young) 3985K->976K(8192K), 0.0011461 secs]
10.848: [GC pause (G1 Evacuation Pause) (young) 4048K->913K(8192K), 0.0008134 secs]
10.851: [GC pause (G1 Evacuation Pause) (young) 3985K->976K(8192K), 0.0011940 secs]
10.854: [GC pause (G1 Evacuation Pause) (young) 4048K->913K(8192K), 0.0008909 secs]
10.857: [GC pause (G1 Evacuation Pause) (young) 3985K->976K(8192K), 0.0011406 secs]
10.860: [GC pause (G1 Evacuation Pause) (young) 4048K->913K(8192K), 0.0008948 secs]
10.863: [GC pause (G1 Evacuation Pause) (young) 3985K->976K(8192K), 0.0011511 secs]
10.867: [GC pause (G1 Evacuation Pause) (young) 4048K->913K(8192K), 0.0008161 secs]
10.869: [GC pause (G1 Evacuation Pause) (young) 3985K->976K(8192K), 0.0011192 secs]
10.873: [GC pause (G1 Evacuation Pause) (young) 4048K->913K(8192K), 0.0008013 secs]
10.876: [GC pause (G1 Evacuation Pause) (young) 3985K->976K(8192K), 0.0011428 secs]
10.879: [GC pause (G1 Evacuation Pause) (young) 4048K->913K(8192K), 0.0008150 secs]
10.882: [GC pause (G1 Evacuation Pause) (young) 3985K->976K(8192K), 0.0011390 secs]
10.885: [GC pause (G1 Evacuation Pause) (young) 4048K->913K(8192K), 0.0008112 secs]
10.888: [GC pause (G1 Evacuation Pause) (young) 3985K->976K(8192K), 0.0011445 secs]
10.891: [GC pause (G1 Evacuation Pause) (young) 4048K->913K(8192K), 0.0008277 secs]
10.894: [GC pause (G1 Evacuation Pause) (young) 3985K->976K(8192K), 0.0011318 secs]
10.897: [GC pause (G1 Evacuation Pause) (young) 4048K->913K(8192K), 0.0008117 secs]
10.900: [GC pause (G1 Evacuation Pause) (young) 3985K->976K(8192K), 0.0011285 secs]
10.903: [GC pause (G1 Evacuation Pause) (young) 4048K->913K(8192K), 0.0008068 secs]
10.906: [GC pause (G1 Evacuation Pause) (young) 3985K->976K(8192K), 0.0011956 secs]
10.910: [GC pause (G1 Evacuation Pause) (young) 4048K->913K(8192K), 0.0008244 secs]
10.913: [GC pause (G1 Evacuation Pause) (young) 3985K->976K(8192K), 0.0012743 secs]
10.916: [GC pause (G1 Evacuation Pause) (young) 4048K->913K(8192K), 0.0008178 secs]
10.919: [GC pause (G1 Evacuation Pause) (young) 3985K->976K(8192K), 0.0011846 secs]
10.923: [GC pause (G1 Evacuation Pause) (young) 4048K->913K(8192K), 0.0008277 secs]
10.925: [GC pause (G1 Evacuation Pause) (young) 3985K->976K(8192K), 0.0011665 secs]
10.929: [GC pause (G1 Evacuation Pause) (young) 4048K->913K(8192K), 0.0008937 secs]
10.932: [GC pause (G1 Evacuation Pause) (young) 3985K->976K(8192K), 0.0011648 secs]
10.935: [GC pause (G1 Evacuation Pause) (young) 4048K->913K(8192K), 0.0008205 secs]
10.938: [GC pause (G1 Evacuation Pause) (young) 3985K->976K(8192K), 0.0011296 secs]
10.941: [GC pause (G1 Evacuation Pause) (young) 4048K->913K(8192K), 0.0008134 secs]
10.944: [GC pause (G1 Evacuation Pause) (young) 3985K->976K(8192K), 0.0011412 secs]
10.947: [GC pause (G1 Evacuation Pause) (young) 4048K->913K(8192K), 0.0008381 secs]
10.950: [GC pause (G1 Evacuation Pause) (young) 3985K->976K(8192K), 0.0011533 secs]
10.954: [GC pause (G1 Evacuation Pause) (young) 4048K->913K(8192K), 0.0008167 secs]
10.957: [GC pause (G1 Evacuation Pause) (young) 3985K->976K(8192K), 0.0011335 secs]
10.960: [GC pause (G1 Evacuation Pause) (young) 4048K->913K(8192K), 0.0008106 secs]
10.963: [GC pause (G1 Evacuation Pause) (young) 3985K->976K(8192K), 0.0011197 secs]
10.966: [GC pause (G1 Evacuation Pause) (young) 4048K->913K(8192K), 0.0008084 secs]
10.969: [GC pause (G1 Evacuation Pause) (young) 3985K->976K(8192K), 0.0011692 secs]
10.972: [GC pause (G1 Evacuation Pause) (young) 4048K->913K(8192K), 0.0009003 secs]
10.975: [GC pause (G1 Evacuation Pause) (young) 3985K->976K(8192K), 0.0011989 secs]
10.979: [GC pause (G1 Evacuation Pause) (young) 4048K->913K(8192K), 0.0008057 secs]
10.982: [GC pause (G1 Evacuation Pause) (young) 3985K->976K(8192K), 0.0011263 secs]
10.985: [GC pause (G1 Evacuation Pause) (young) 4048K->913K(8192K), 0.0008123 secs]
10.988: [GC pause (G1 Evacuation Pause) (young) 3985K->976K(8192K), 0.0011307 secs]
10.991: [GC pause (G1 Evacuation Pause) (young) 4048K->913K(8192K), 0.0008112 secs]
10.994: [GC pause (G1 Evacuation Pause) (young) 3985K->976K(8192K), 0.0011511 secs]
10.997: [GC pause (G1 Evacuation Pause) (young) 4048K->913K(8192K), 0.0008238 secs]
11.000: [GC pause (G1 Evacuation Pause) (young) 3985K->976K(8192K), 0.0011247 secs]
11.003: [GC pause (G1 Evacuation Pause) (young) 4048K->913K(8192K), 0.0008183 secs]
11.006: [GC pause (G1 Evacuation Pause) (young) 3985K->976K(8192K), 0.0011681 secs]
11.010: [GC pause (G1 Evacuation Pause) (young) 4048K->913K(8192K), 0.0008365 secs]
11.013: [GC pause (G1 Evacuation Pause) (young) 3985K->976K(8192K), 0.0011186 secs]
11.016: [GC pause (G1 Evacuation Pause) (young) 4048K->913K(8192K), 0.0008073 secs]
11.019: [GC pause (G1 Evacuation Pause) (young) 3985K->976K(8192K), 0.0012792 secs]
11.022: [GC pause (G1 Evacuation Pause) (young) 4048K->913K(8192K), 0.0008134 secs]
11.025: [GC pause (G1 Evacuation Pause) (young) 3985K->976K(8192K), 0.0011241 secs]
11.028: [GC pause (G1 Evacuation Pause) (young) 4048K->913K(8192K), 0.0008156 secs]
11.031: [GC pause (G1 Evacuation Pause) (young) 3985K->976K(8192K), 0.0011637 secs]
11.035: [GC pause (G1 Evacuation Pause) (young) 4048K->913K(8192K), 0.0008040 secs]
11.037: [GC pause (G1 Evacuation Pause) (young) 3985K->976K(8192K), 0.0011263 secs]
11.041: [GC pause (G1 Evacuation Pause) (young) 4048K->913K(8192K), 0.0008079 secs]
11.044: [GC pause (G1 Evacuation Pause) (young) 3985K->976K(8192K), 0.0011269 secs]
11.047: [GC pause (G1 Evacuation Pause) (young) 4048K->913K(8192K), 0.0008799 secs]
11.050: [GC pause (G1 Evacuation Pause) (young) 3985K->976K(8192K), 0.0011412 secs]
11.053: [GC pause (G1 Evacuation Pause) (young) 4048K->913K(8192K), 0.0008062 secs]
11.056: [GC pause (G1 Evacuation Pause) (young) 3985K->976K(8192K), 0.0012050 secs]
11.059: [GC pause (G1 Evacuation Pause) (young) 4048K->913K(8192K), 0.0008106 secs]
11.062: [GC pause (G1 Evacuation Pause) (young) 3985K->1003K(8192K), 0.0011868 secs]
11.065: [GC pause (G1 Evacuation Pause) (young) 4075K->913K(8192K), 0.0008106 secs]
11.068: [GC pause (G1 Evacuation Pause) (young) 3985K->976K(8192K), 0.0011307 secs]
11.072: [GC pause (G1 Evacuation Pause) (young) 4048K->913K(8192K), 0.0008293 secs]
11.074: [GC pause (G1 Evacuation Pause) (young) 3985K->976K(8192K), 0.0011274 secs]
11.078: [GC pause (G1 Evacuation Pause) (young) 4048K->913K(8192K), 0.0008062 secs]
11.081: [GC pause (G1 Evacuation Pause) (young) 3985K->976K(8192K), 0.0011313 secs]
11.084: [GC pause (G1 Evacuation Pause) (young) 4048K->913K(8192K), 0.0008095 secs]
11.087: [GC pause (G1 Evacuation Pause) (young) 3985K->976K(8192K), 0.0011423 secs]
11.090: [GC pause (G1 Evacuation Pause) (young) 4048K->913K(8192K), 0.0008167 secs]
11.093: [GC pause (G1 Evacuation Pause) (young) 3985K->976K(8192K), 0.0011516 secs]
11.096: [GC pause (G1 Evacuation Pause) (young) 4048K->913K(8192K), 0.0008183 secs]
11.099: [GC pause (G1 Evacuation Pause) (young) 3985K->976K(8192K), 0.0011258 secs]
11.103: [GC pause (G1 Evacuation Pause) (young) 4048K->913K(8192K), 0.0008244 secs]
11.106: [GC pause (G1 Evacuation Pause) (young) 3985K->976K(8192K), 0.0011241 secs]
11.109: [GC pause (G1 Evacuation Pause) (young) 4048K->913K(8192K), 0.0008112 secs]
11.112: [GC pause (G1 Evacuation Pause) (young) 3985K->976K(8192K), 0.0011296 secs]
11.115: [GC pause (G1 Evacuation Pause) (young) 4048K->913K(8192K), 0.0008139 secs]
11.118: [GC pause (G1 Evacuation Pause) (young) 3985K->976K(8192K), 0.0011384 secs]
11.121: [GC pause (G1 Evacuation Pause) (young) 4048K->913K(8192K), 0.0008145 secs]
11.124: [GC pause (G1 Evacuation Pause) (young) 3985K->976K(8192K), 0.0011192 secs]
11.127: [GC pause (G1 Evacuation Pause) (young) 4048K->913K(8192K), 0.0008073 secs]
11.130: [GC pause (G1 Evacuation Pause) (young) 3985K->976K(8192K), 0.0011373 secs]
11.133: [GC pause (G1 Evacuation Pause) (young) 4048K->913K(8192K), 0.0008480 secs]
11.136: [GC pause (G1 Evacuation Pause) (young) 3985K->976K(8192K), 0.0011791 secs]
11.140: [GC pause (G1 Evacuation Pause) (young) 4048K->913K(8192K), 0.0008216 secs]
11.143: [GC pause (G1 Evacuation Pause) (young) 3985K->976K(8192K), 0.0011318 secs]
11.146: [GC pause (G1 Evacuation Pause) (young) 4048K->913K(8192K), 0.0008024 secs]
11.149: [GC pause (G1 Evacuation Pause) (young) 3985K->976K(8192K), 0.0011236 secs]
11.152: [GC pause (G1 Evacuation Pause) (young) 4048K->913K(8192K), 0.0008167 secs]
11.155: [GC pause (G1 Evacuation Pause) (young) 3985K->976K(8192K), 0.0011599 secs]
11.158: [GC pause (G1 Evacuation Pause) (young) 4048K->913K(8192K), 0.0008024 secs]
11.161: [GC pause (G1 Evacuation Pause) (young) 3985K->976K(8192K), 0.0011241 secs]
11.164: [GC pause (G1 Evacuation Pause) (young) 4048K->913K(8192K), 0.0008211 secs]
11.167: [GC pause (G1 Evacuation Pause) (young) 3985K->976K(8192K), 0.0011384 secs]
11.170: [GC pause (G1 Evacuation Pause) (young) 4048K->913K(8192K), 0.0008079 secs]
11.173: [GC pause (G1 Evacuation Pause) (young) 3985K->976K(8192K), 0.0011769 secs]
11.177: [GC pause (G1 Evacuation Pause) (young) 4048K->913K(8192K), 0.0008557 secs]
11.180: [GC pause (G1 Evacuation Pause) (young) 3985K->976K(8192K), 0.0011225 secs]
11.183: [GC pause (G1 Evacuation Pause) (young) 4048K->913K(8192K), 0.0009113 secs]
11.186: [GC pause (G1 Evacuation Pause) (young) 3985K->976K(8192K), 0.0011230 secs]
11.189: [GC pause (G1 Evacuation Pause) (young) 4048K->913K(8192K), 0.0008084 secs]
11.192: [GC pause (G1 Evacuation Pause) (young) 3985K->976K(8192K), 0.0011291 secs]
11.195: [GC pause (G1 Evacuation Pause) (young) 4048K->913K(8192K), 0.0008123 secs]
11.198: [GC pause (G1 Evacuation Pause) (young) 3985K->976K(8192K), 0.0011621 secs]
11.202: [GC pause (G1 Evacuation Pause) (young) 4048K->913K(8192K), 0.0010262 secs]
11.205: [GC pause (G1 Evacuation Pause) (young) 3985K->976K(8192K), 0.0011736 secs]
11.208: [GC pause (G1 Evacuation Pause) (young) 4048K->913K(8192K), 0.0008112 secs]
11.211: [GC pause (G1 Evacuation Pause) (young) 3985K->976K(8192K), 0.0011384 secs]
11.214: [GC pause (G1 Evacuation Pause) (young) 4048K->913K(8192K), 0.0008117 secs]
11.217: [GC pause (G1 Evacuation Pause) (young) 3985K->976K(8192K), 0.0011494 secs]
11.220: [GC pause (G1 Evacuation Pause) (young) 4048K->913K(8192K), 0.0008101 secs]
11.223: [GC pause (G1 Evacuation Pause) (young) 3985K->976K(8192K), 0.0011219 secs]
11.226: [GC pause (G1 Evacuation Pause) (young) 4048K->913K(8192K), 0.0008590 secs]
11.229: [GC pause (G1 Evacuation Pause) (young) 3985K->976K(8192K), 0.0011648 secs]
11.233: [GC pause (G1 Evacuation Pause) (young) 4048K->913K(8192K), 0.0008233 secs]
11.236: [GC pause (G1 Evacuation Pause) (young) 3985K->976K(8192K), 0.0011324 secs]
11.239: [GC pause (G1 Evacuation Pause) (young) 4048K->913K(8192K), 0.0008079 secs]
11.242: [GC pause (G1 Evacuation Pause) (young) 3985K->976K(8192K), 0.0013040 secs]
11.245: [GC pause (G1 Evacuation Pause) (young) 4048K->913K(8192K), 0.0008079 secs]
11.248: [GC pause (G1 Evacuation Pause) (young) 3985K->976K(8192K), 0.0011307 secs]
11.251: [GC pause (G1 Evacuation Pause) (young) 4048K->913K(8192K), 0.0008029 secs]
11.254: [GC pause (G1 Evacuation Pause) (young) 3985K->976K(8192K), 0.0011170 secs]
11.257: [GC pause (G1 Evacuation Pause) (young) 4048K->913K(8192K), 0.0008216 secs]
11.260: [GC pause (G1 Evacuation Pause) (young) 3985K->976K(8192K), 0.0011637 secs]
11.264: [GC pause (G1 Evacuation Pause) (young) 4048K->913K(8192K), 0.0008007 secs]
11.267: [GC pause (G1 Evacuation Pause) (young) 3985K->976K(8192K), 0.0011291 secs]
11.270: [GC pause (G1 Evacuation Pause) (young) 4048K->913K(8192K), 0.0008090 secs]
11.273: [GC pause (G1 Evacuation Pause) (young) 3985K->976K(8192K), 0.0011109 secs]
11.276: [GC pause (G1 Evacuation Pause) (young) 4048K->913K(8192K), 0.0008502 secs]
11.279: [GC pause (G1 Evacuation Pause) (young) 3985K->976K(8192K), 0.0011362 secs]
11.282: [GC pause (G1 Evacuation Pause) (young) 4048K->913K(8192K), 0.0008112 secs]
11.285: [GC pause (G1 Evacuation Pause) (young) 3985K->976K(8192K), 0.0011181 secs]
11.288: [GC pause (G1 Evacuation Pause) (young) 4048K->913K(8192K), 0.0007991 secs]
11.291: [GC pause (G1 Evacuation Pause) (young) 3985K->976K(8192K), 0.0012677 secs]
11.294: [GC pause (G1 Evacuation Pause) (young) 4048K->913K(8192K), 0.0008167 secs]
11.297: [GC pause (G1 Evacuation Pause) (young) 3985K->976K(8192K), 0.0011417 secs]
11.301: [GC pause (G1 Evacuation Pause) (young) 4048K->913K(8192K), 0.0008051 secs]
11.304: [GC pause (G1 Evacuation Pause) (young) 3985K->976K(8192K), 0.0011247 secs]
11.307: [GC pause (G1 Evacuation Pause) (young) 4048K->913K(8192K), 0.0008579 secs]
11.310: [GC pause (G1 Evacuation Pause) (young) 3985K->976K(8192K), 0.0011225 secs]
11.313: [GC pause (G1 Evacuation Pause) (young) 4048K->913K(8192K), 0.0008046 secs]
11.316: [GC pause (G1 Evacuation Pause) (young) 3985K->976K(8192K), 0.0011324 secs]
11.319: [GC pause (G1 Evacuation Pause) (young) 4048K->913K(8192K), 0.0008013 secs]
11.322: [GC pause (G1 Evacuation Pause) (young) 3985K->976K(8192K), 0.0011390 secs]
11.325: [GC pause (G1 Evacuation Pause) (young) 4048K->913K(8192K), 0.0008282 secs]
11.328: [GC pause (G1 Evacuation Pause) (young) 3985K->976K(8192K), 0.0011329 secs]
11.331: [GC pause (G1 Evacuation Pause) (young) 4048K->913K(8192K), 0.0008117 secs]
11.334: [GC pause (G1 Evacuation Pause) (young) 3985K->976K(8192K), 0.0011340 secs]
11.337: [GC pause (G1 Evacuation Pause) (young) 4048K->913K(8192K), 0.0008079 secs]
11.340: [GC pause (G1 Evacuation Pause) (young) 3985K->976K(8192K), 0.0011846 secs]
11.344: [GC pause (G1 Evacuation Pause) (young) 4048K->913K(8192K), 0.0008453 secs]
11.347: [GC pause (G1 Evacuation Pause) (young) 3985K->976K(8192K), 0.0011263 secs]
11.350: [GC pause (G1 Evacuation Pause) (young) 4048K->913K(8192K), 0.0008062 secs]
11.353: [GC pause (G1 Evacuation Pause) (young) 3985K->976K(8192K), 0.0011406 secs]
11.356: [GC pause (G1 Evacuation Pause) (young) 4048K->913K(8192K), 0.0008035 secs]
11.359: [GC pause (G1 Evacuation Pause) (young) 3985K->976K(8192K), 0.0011159 secs]
11.362: [GC pause (G1 Evacuation Pause) (young) 4048K->913K(8192K), 0.0010691 secs]
11.365: [GC pause (G1 Evacuation Pause) (young) 3985K->976K(8192K), 0.0011544 secs]
11.369: [GC pause (G1 Evacuation Pause) (young) 4048K->913K(8192K), 0.0008024 secs]
11.371: [GC pause (G1 Evacuation Pause) (young) 3985K->976K(8192K), 0.0011126 secs]
11.375: [GC pause (G1 Evacuation Pause) (young) 4048K->913K(8192K), 0.0008112 secs]
11.378: [GC pause (G1 Evacuation Pause) (young) 3985K->976K(8192K), 0.0011258 secs]
11.381: [GC pause (G1 Evacuation Pause) (young) 4048K->913K(8192K), 0.0008112 secs]
11.384: [GC pause (G1 Evacuation Pause) (young) 3985K->976K(8192K), 0.0011324 secs]
11.387: [GC pause (G1 Evacuation Pause) (young) 4048K->913K(8192K), 0.0008293 secs]
11.390: [GC pause (G1 Evacuation Pause) (young) 3985K->976K(8192K), 0.0011588 secs]
11.393: [GC pause (G1 Evacuation Pause) (young) 4048K->913K(8192K), 0.0008200 secs]
11.396: [GC pause (G1 Evacuation Pause) (young) 3985K->976K(8192K), 0.0011362 secs]
11.399: [GC pause (G1 Evacuation Pause) (young) 4048K->913K(8192K), 0.0008095 secs]
11.402: [GC pause (G1 Evacuation Pause) (young) 3985K->976K(8192K), 0.0011351 secs]
11.406: [GC pause (G1 Evacuation Pause) (young) 4048K->913K(8192K), 0.0008090 secs]
11.408: [GC pause (G1 Evacuation Pause) (young) 3985K->976K(8192K), 0.0011258 secs]
11.412: [GC pause (G1 Evacuation Pause) (young) 4048K->913K(8192K), 0.0008002 secs]
11.415: [GC pause (G1 Evacuation Pause) (young) 3985K->976K(8192K), 0.0011511 secs]
11.418: [GC pause (G1 Evacuation Pause) (young) 4048K->913K(8192K), 0.0008095 secs]
11.421: [GC pause (G1 Evacuation Pause) (young) 3985K->976K(8192K), 0.0011494 secs]
11.424: [GC pause (G1 Evacuation Pause) (young) 4048K->913K(8192K), 0.0008260 secs]
11.427: [GC pause (G1 Evacuation Pause) (young) 3985K->976K(8192K), 0.0011544 secs]
11.430: [GC pause (G1 Evacuation Pause) (young) 4048K->913K(8192K), 0.0008392 secs]
11.433: [GC pause (G1 Evacuation Pause) (young) 3985K->976K(8192K), 0.0011247 secs]
11.437: [GC pause (G1 Evacuation Pause) (young) 4048K->913K(8192K), 0.0008084 secs]
11.440: [GC pause (G1 Evacuation Pause) (young) 3985K->976K(8192K), 0.0011203 secs]
11.443: [GC pause (G1 Evacuation Pause) (young) 4048K->913K(8192K), 0.0008183 secs]
11.446: [GC pause (G1 Evacuation Pause) (young) 3985K->976K(8192K), 0.0012061 secs]
11.449: [GC pause (G1 Evacuation Pause) (young) 4048K->913K(8192K), 0.0008975 secs]
11.452: [GC pause (G1 Evacuation Pause) (young) 3985K->976K(8192K), 0.0012468 secs]
11.456: [GC pause (G1 Evacuation Pause) (young) 4048K->913K(8192K), 0.0008150 secs]
11.458: [GC pause (G1 Evacuation Pause) (young) 3985K->976K(8192K), 0.0012380 secs]
11.462: [GC pause (G1 Evacuation Pause) (young) 4048K->913K(8192K), 0.0008073 secs]
11.465: [GC pause (G1 Evacuation Pause) (young) 3985K->976K(8192K), 0.0011241 secs]
11.468: [GC pause (G1 Evacuation Pause) (young) 4048K->913K(8192K), 0.0008337 secs]
11.471: [GC pause (G1 Evacuation Pause) (young) 3985K->976K(8192K), 0.0011456 secs]
11.474: [GC pause (G1 Evacuation Pause) (young) 4048K->913K(8192K), 0.0008062 secs]
11.477: [GC pause (G1 Evacuation Pause) (young) 3985K->976K(8192K), 0.0011302 secs]
11.480: [GC pause (G1 Evacuation Pause) (young) 4048K->913K(8192K), 0.0009509 secs]
11.483: [GC pause (G1 Evacuation Pause) (young) 3985K->976K(8192K), 0.0012325 secs]
11.487: [GC pause (G1 Evacuation Pause) (young) 4048K->913K(8192K), 0.0008112 secs]
11.489: [GC pause (G1 Evacuation Pause) (young) 3985K->976K(8192K), 0.0011654 secs]
11.493: [GC pause (G1 Evacuation Pause) (young) 4048K->913K(8192K), 0.0008178 secs]
11.496: [GC pause (G1 Evacuation Pause) (young) 3985K->976K(8192K), 0.0011258 secs]
11.499: [GC pause (G1 Evacuation Pause) (young) 4048K->913K(8192K), 0.0008040 secs]
11.502: [GC pause (G1 Evacuation Pause) (young) 3985K->976K(8192K), 0.0011252 secs]
11.505: [GC pause (G1 Evacuation Pause) (young) 4048K->913K(8192K), 0.0008904 secs]
11.508: [GC pause (G1 Evacuation Pause) (young) 3985K->976K(8192K), 0.0011879 secs]
11.511: [GC pause (G1 Evacuation Pause) (young) 4048K->913K(8192K), 0.0008095 secs]
11.514: [GC pause (G1 Evacuation Pause) (young) 3985K->976K(8192K), 0.0011252 secs]
11.517: [GC pause (G1 Evacuation Pause) (young) 4048K->913K(8192K), 0.0008299 secs]
11.520: [GC pause (G1 Evacuation Pause) (young) 3985K->976K(8192K), 0.0011329 secs]
11.524: [GC pause (G1 Evacuation Pause) (young) 4048K->913K(8192K), 0.0008167 secs]
11.526: [GC pause (G1 Evacuation Pause) (young) 3985K->976K(8192K), 0.0011373 secs]
11.530: [GC pause (G1 Evacuation Pause) (young) 4048K->913K(8192K), 0.0008343 secs]
11.533: [GC pause (G1 Evacuation Pause) (young) 3985K->976K(8192K), 0.0011379 secs]
11.536: [GC pause (G1 Evacuation Pause) (young) 4048K->913K(8192K), 0.0008046 secs]
11.539: [GC pause (G1 Evacuation Pause) (young) 3985K->976K(8192K), 0.0011654 secs]
11.542: [GC pause (G1 Evacuation Pause) (young) 4048K->913K(8192K), 0.0009668 secs]
11.545: [GC pause (G1 Evacuation Pause) (young) 3985K->976K(8192K), 0.0011357 secs]
11.549: [GC pause (G1 Evacuation Pause) (young) 4048K->913K(8192K), 0.0008332 secs]
11.552: [GC pause (G1 Evacuation Pause) (young) 3985K->976K(8192K), 0.0011654 secs]
11.555: [GC pause (G1 Evacuation Pause) (young) 4048K->913K(8192K), 0.0008117 secs]
11.558: [GC pause (G1 Evacuation Pause) (young) 3985K->976K(8192K), 0.0011269 secs]
11.561: [GC pause (G1 Evacuation Pause) (young) 4048K->913K(8192K), 0.0008134 secs]
11.564: [GC pause (G1 Evacuation Pause) (young) 3985K->976K(8192K), 0.0011269 secs]
11.567: [GC pause (G1 Evacuation Pause) (young) 4048K->913K(8192K), 0.0008244 secs]
11.570: [GC pause (G1 Evacuation Pause) (young) 3985K->976K(8192K), 0.0011505 secs]
11.573: [GC pause (G1 Evacuation Pause) (young) 4048K->913K(8192K), 0.0008062 secs]
11.576: [GC pause (G1 Evacuation Pause) (young) 3985K->976K(8192K), 0.0011439 secs]
11.580: [GC pause (G1 Evacuation Pause) (young) 4048K->913K(8192K), 0.0008123 secs]
11.582: [GC pause (G1 Evacuation Pause) (young) 3985K->976K(8192K), 0.0011203 secs]
11.586: [GC pause (G1 Evacuation Pause) (young) 4048K->913K(8192K), 0.0008145 secs]
11.589: [GC pause (G1 Evacuation Pause) (young) 3985K->976K(8192K), 0.0011274 secs]
11.592: [GC pause (G1 Evacuation Pause) (young) 4048K->913K(8192K), 0.0008117 secs]
11.595: [GC pause (G1 Evacuation Pause) (young) 3985K->976K(8192K), 0.0012044 secs]
11.598: [GC pause (G1 Evacuation Pause) (young) 4048K->913K(8192K), 0.0008073 secs]
11.601: [GC pause (G1 Evacuation Pause) (young) 3985K->976K(8192K), 0.0011335 secs]
11.604: [GC pause (G1 Evacuation Pause) (young) 4048K->913K(8192K), 0.0008079 secs]
11.607: [GC pause (G1 Evacuation Pause) (young) 3985K->976K(8192K), 0.0011192 secs]
11.611: [GC pause (G1 Evacuation Pause) (young) 4048K->913K(8192K), 0.0008095 secs]
11.613: [GC pause (G1 Evacuation Pause) (young) 3985K->976K(8192K), 0.0011643 secs]
11.617: [GC pause (G1 Evacuation Pause) (young) 4048K->913K(8192K), 0.0008161 secs]
11.620: [GC pause (G1 Evacuation Pause) (young) 3985K->976K(8192K), 0.0011225 secs]
11.623: [GC pause (G1 Evacuation Pause) (young) 4048K->913K(8192K), 0.0008156 secs]
11.626: [GC pause (G1 Evacuation Pause) (young) 3985K->976K(8192K), 0.0011214 secs]
11.629: [GC pause (G1 Evacuation Pause) (young) 4048K->913K(8192K), 0.0008689 secs]
11.632: [GC pause (G1 Evacuation Pause) (young) 3985K->976K(8192K), 0.0013254 secs]
11.636: [GC pause (G1 Evacuation Pause) (young) 4048K->913K(8192K), 0.0008260 secs]
11.639: [GC pause (G1 Evacuation Pause) (young) 3985K->976K(8192K), 0.0011423 secs]
11.642: [GC pause (G1 Evacuation Pause) (young) 4048K->913K(8192K), 0.0008150 secs]
11.645: [GC pause (G1 Evacuation Pause) (young) 3985K->976K(8192K), 0.0011236 secs]
11.648: [GC pause (G1 Evacuation Pause) (young) 4048K->913K(8192K), 0.0008018 secs]
11.651: [GC pause (G1 Evacuation Pause) (young) 3985K->976K(8192K), 0.0011236 secs]
11.654: [GC pause (G1 Evacuation Pause) (young) 4048K->913K(8192K), 0.0007980 secs]
11.657: [GC pause (G1 Evacuation Pause) (young) 3985K->976K(8192K), 0.0011456 secs]
11.660: [GC pause (G1 Evacuation Pause) (young) 4048K->913K(8192K), 0.0008046 secs]
11.663: [GC pause (G1 Evacuation Pause) (young) 3985K->976K(8192K), 0.0011434 secs]
11.666: [GC pause (G1 Evacuation Pause) (young) 4048K->913K(8192K), 0.0008040 secs]
11.669: [GC pause (G1 Evacuation Pause) (young) 3985K->976K(8192K), 0.0012121 secs]
11.673: [GC pause (G1 Evacuation Pause) (young) 4048K->913K(8192K), 0.0008134 secs]
11.675: [GC pause (G1 Evacuation Pause) (young) 3985K->976K(8192K), 0.0011643 secs]
11.679: [GC pause (G1 Evacuation Pause) (young) 4048K->913K(8192K), 0.0008018 secs]
11.682: [GC pause (G1 Evacuation Pause) (young) 3985K->976K(8192K), 0.0011274 secs]
11.685: [GC pause (G1 Evacuation Pause) (young) 4048K->913K(8192K), 0.0008128 secs]
11.688: [GC pause (G1 Evacuation Pause) (young) 3985K->976K(8192K), 0.0011241 secs]
11.691: [GC pause (G1 Evacuation Pause) (young) 4048K->913K(8192K), 0.0009503 secs]
11.694: [GC pause (G1 Evacuation Pause) (young) 3985K->976K(8192K), 0.0011340 secs]
11.697: [GC pause (G1 Evacuation Pause) (young) 4048K->913K(8192K), 0.0008117 secs]
11.700: [GC pause (G1 Evacuation Pause) (young) 3985K->976K(8192K), 0.0026530 secs]
11.705: [GC pause (G1 Evacuation Pause) (young) 4048K->913K(8192K), 0.0008502 secs]
11.708: [GC pause (G1 Evacuation Pause) (young) 3985K->976K(8192K), 0.0016356 secs]
11.712: [GC pause (G1 Evacuation Pause) (young) 4048K->913K(8192K), 0.0009305 secs]
11.715: [GC pause (G1 Evacuation Pause) (young) 3985K->976K(8192K), 0.0011571 secs]
11.718: [GC pause (G1 Evacuation Pause) (young) 4048K->913K(8192K), 0.0008117 secs]
11.721: [GC pause (G1 Evacuation Pause) (young) 3985K->976K(8192K), 0.0011302 secs]
11.724: [GC pause (G1 Evacuation Pause) (young) 4048K->913K(8192K), 0.0008084 secs]
11.727: [GC pause (G1 Evacuation Pause) (young) 3985K->976K(8192K), 0.0011252 secs]
11.731: [GC pause (G1 Evacuation Pause) (young) 4048K->913K(8192K), 0.0008194 secs]
11.734: [GC pause (G1 Evacuation Pause) (young) 3985K->976K(8192K), 0.0011340 secs]
11.737: [GC pause (G1 Evacuation Pause) (young) 4048K->913K(8192K), 0.0008205 secs]
11.740: [GC pause (G1 Evacuation Pause) (young) 3985K->976K(8192K), 0.0011225 secs]
11.743: [GC pause (G1 Evacuation Pause) (young) 4048K->913K(8192K), 0.0008117 secs]
11.746: [GC pause (G1 Evacuation Pause) (young) 3985K->976K(8192K), 0.0011258 secs]
11.749: [GC pause (G1 Evacuation Pause) (young) 4048K->913K(8192K), 0.0008029 secs]
11.752: [GC pause (G1 Evacuation Pause) (young) 3985K->976K(8192K), 0.0011901 secs]
11.755: [GC pause (G1 Evacuation Pause) (young) 4048K->913K(8192K), 0.0008255 secs]
11.758: [GC pause (G1 Evacuation Pause) (young) 3985K->976K(8192K), 0.0011923 secs]
11.762: [GC pause (G1 Evacuation Pause) (young) 4048K->913K(8192K), 0.0008090 secs]
11.765: [GC pause (G1 Evacuation Pause) (young) 3985K->976K(8192K), 0.0011384 secs]
11.768: [GC pause (G1 Evacuation Pause) (young) 4048K->913K(8192K), 0.0008139 secs]
11.771: [GC pause (G1 Evacuation Pause) (young) 3985K->976K(8192K), 0.0011181 secs]
11.774: [GC pause (G1 Evacuation Pause) (young) 4048K->913K(8192K), 0.0008046 secs]
11.777: [GC pause (G1 Evacuation Pause) (young) 3985K->976K(8192K), 0.0011439 secs]
11.780: [GC pause (G1 Evacuation Pause) (young) 4048K->913K(8192K), 0.0008112 secs]
11.783: [GC pause (G1 Evacuation Pause) (young) 3985K->976K(8192K), 0.0012022 secs]
11.786: [GC pause (G1 Evacuation Pause) (young) 4048K->913K(8192K), 0.0008057 secs]
11.789: [GC pause (G1 Evacuation Pause) (young) 3985K->976K(8192K), 0.0012534 secs]
11.793: [GC pause (G1 Evacuation Pause) (young) 4048K->913K(8192K), 0.0008183 secs]
11.795: [GC pause (G1 Evacuation Pause) (young) 3985K->976K(8192K), 0.0011263 secs]
11.799: [GC pause (G1 Evacuation Pause) (young) 4048K->913K(8192K), 0.0008299 secs]
11.802: [GC pause (G1 Evacuation Pause) (young) 3985K->976K(8192K), 0.0011159 secs]
11.805: [GC pause (G1 Evacuation Pause) (young) 4048K->913K(8192K), 0.0008178 secs]
11.808: [GC pause (G1 Evacuation Pause) (young) 3985K->976K(8192K), 0.0011181 secs]
11.811: [GC pause (G1 Evacuation Pause) (young) 4048K->913K(8192K), 0.0008051 secs]
11.814: [GC pause (G1 Evacuation Pause) (young) 3985K->976K(8192K), 0.0011263 secs]
11.817: [GC pause (G1 Evacuation Pause) (young) 4048K->913K(8192K), 0.0008607 secs]
11.820: [GC pause (G1 Evacuation Pause) (young) 3985K->976K(8192K), 0.0011995 secs]
11.823: [GC pause (G1 Evacuation Pause) (young) 4048K->913K(8192K), 0.0008040 secs]
11.826: [GC pause (G1 Evacuation Pause) (young) 3985K->976K(8192K), 0.0011896 secs]
11.829: [GC pause (G1 Evacuation Pause) (young) 4048K->913K(8192K), 0.0008288 secs]
11.832: [GC pause (G1 Evacuation Pause) (young) 3985K->976K(8192K), 0.0011346 secs]
11.836: [GC pause (G1 Evacuation Pause) (young) 4048K->913K(8192K), 0.0008145 secs]
11.838: [GC pause (G1 Evacuation Pause) (young) 3985K->1003K(8192K), 0.0012457 secs]
11.842: [GC pause (G1 Evacuation Pause) (young) 4075K->913K(8192K), 0.0008425 secs]
11.845: [GC pause (G1 Evacuation Pause) (young) 3985K->976K(8192K), 0.0011329 secs]
11.848: [GC pause (G1 Evacuation Pause) (young) 4048K->913K(8192K), 0.0008112 secs]
11.851: [GC pause (G1 Evacuation Pause) (young) 3985K->976K(8192K), 0.0011241 secs]
11.854: [GC pause (G1 Evacuation Pause) (young) 4048K->913K(8192K), 0.0008084 secs]
11.857: [GC pause (G1 Evacuation Pause) (young) 3985K->976K(8192K), 0.0011324 secs]
11.860: [GC pause (G1 Evacuation Pause) (young) 4048K->913K(8192K), 0.0008139 secs]
11.863: [GC pause (G1 Evacuation Pause) (young) 3985K->976K(8192K), 0.0011654 secs]
11.867: [GC pause (G1 Evacuation Pause) (young) 4048K->913K(8192K), 0.0008040 secs]
11.869: [GC pause (G1 Evacuation Pause) (young) 3985K->976K(8192K), 0.0011973 secs]
11.873: [GC pause (G1 Evacuation Pause) (young) 4048K->913K(8192K), 0.0009036 secs]
11.876: [GC pause (G1 Evacuation Pause) (young) 3985K->976K(8192K), 0.0011263 secs]
11.879: [GC pause (G1 Evacuation Pause) (young) 4048K->913K(8192K), 0.0008552 secs]
11.882: [GC pause (G1 Evacuation Pause) (young) 3985K->976K(8192K), 0.0012033 secs]
11.885: [GC pause (G1 Evacuation Pause) (young) 4048K->913K(8192K), 0.0008233 secs]
11.888: [GC pause (G1 Evacuation Pause) (young) 3985K->976K(8192K), 0.0011648 secs]
11.891: [GC pause (G1 Evacuation Pause) (young) 4048K->913K(8192K), 0.0008068 secs]
11.894: [GC pause (G1 Evacuation Pause) (young) 3985K->976K(8192K), 0.0011329 secs]
11.898: [GC pause (G1 Evacuation Pause) (young) 4048K->913K(8192K), 0.0008189 secs]
11.900: [GC pause (G1 Evacuation Pause) (young) 3985K->976K(8192K), 0.0011219 secs]
11.904: [GC pause (G1 Evacuation Pause) (young) 4048K->913K(8192K), 0.0008293 secs]
11.907: [GC pause (G1 Evacuation Pause) (young) 3985K->976K(8192K), 0.0011362 secs]
11.910: [GC pause (G1 Evacuation Pause) (young) 4048K->913K(8192K), 0.0008288 secs]
11.913: [GC pause (G1 Evacuation Pause) (young) 3985K->976K(8192K), 0.0011489 secs]
11.917: [GC pause (G1 Evacuation Pause) (young) 4048K->913K(8192K), 0.0008260 secs]
11.920: [GC pause (G1 Evacuation Pause) (young) 3985K->976K(8192K), 0.0011324 secs]
11.923: [GC pause (G1 Evacuation Pause) (young) 4048K->913K(8192K), 0.0008172 secs]
11.926: [GC pause (G1 Evacuation Pause) (young) 3985K->976K(8192K), 0.0011533 secs]
11.929: [GC pause (G1 Evacuation Pause) (young) 4048K->913K(8192K), 0.0008090 secs]
11.932: [GC pause (G1 Evacuation Pause) (young) 3985K->976K(8192K), 0.0012759 secs]
11.935: [GC pause (G1 Evacuation Pause) (young) 4048K->913K(8192K), 0.0008585 secs]
11.938: [GC pause (G1 Evacuation Pause) (young) 3985K->976K(8192K), 0.0011313 secs]
11.941: [GC pause (G1 Evacuation Pause) (young) 4048K->913K(8192K), 0.0009674 secs]
11.945: [GC pause (G1 Evacuation Pause) (young) 3985K->976K(8192K), 0.0011637 secs]
11.948: [GC pause (G1 Evacuation Pause) (young) 4048K->913K(8192K), 0.0008172 secs]
11.951: [GC pause (G1 Evacuation Pause) (young) 3985K->976K(8192K), 0.0011269 secs]
11.954: [GC pause (G1 Evacuation Pause) (young) 4048K->913K(8192K), 0.0008079 secs]
11.957: [GC pause (G1 Evacuation Pause) (young) 3985K->976K(8192K), 0.0011236 secs]
11.960: [GC pause (G1 Evacuation Pause) (young) 4048K->913K(8192K), 0.0008073 secs]
11.963: [GC pause (G1 Evacuation Pause) (young) 3985K->976K(8192K), 0.0012220 secs]
11.966: [GC pause (G1 Evacuation Pause) (young) 4048K->913K(8192K), 0.0008189 secs]
11.969: [GC pause (G1 Evacuation Pause) (young) 3985K->976K(8192K), 0.0011324 secs]
11.972: [GC pause (G1 Evacuation Pause) (young) 4048K->913K(8192K), 0.0008062 secs]
11.975: [GC pause (G1 Evacuation Pause) (young) 3985K->976K(8192K), 0.0011241 secs]
11.979: [GC pause (G1 Evacuation Pause) (young) 4048K->913K(8192K), 0.0008123 secs]
11.982: [GC pause (G1 Evacuation Pause) (young) 3985K->976K(8192K), 0.0011252 secs]
11.985: [GC pause (G1 Evacuation Pause) (young) 4048K->913K(8192K), 0.0008777 secs]
11.988: [GC pause (G1 Evacuation Pause) (young) 3985K->976K(8192K), 0.0012248 secs]
11.991: [GC pause (G1 Evacuation Pause) (young) 4048K->913K(8192K), 0.0008024 secs]
11.994: [GC pause (G1 Evacuation Pause) (young) 3985K->976K(8192K), 0.0011500 secs]
11.997: [GC pause (G1 Evacuation Pause) (young) 4048K->913K(8192K), 0.0008986 secs]
12.000: [GC pause (G1 Evacuation Pause) (young) 3985K->976K(8192K), 0.0011274 secs]
12.003: [GC pause (G1 Evacuation Pause) (young) 4048K->913K(8192K), 0.0008139 secs]
12.006: [GC pause (G1 Evacuation Pause) (young) 3985K->976K(8192K), 0.0011478 secs]
12.010: [GC pause (G1 Evacuation Pause) (young) 4048K->913K(8192K), 0.0008046 secs]
12.013: [GC pause (G1 Evacuation Pause) (young) 3985K->976K(8192K), 0.0011368 secs]
12.016: [GC pause (G1 Evacuation Pause) (young) 4048K->913K(8192K), 0.0008222 secs]
12.019: [GC pause (G1 Evacuation Pause) (young) 3985K->976K(8192K), 0.0011175 secs]
12.022: [GC pause (G1 Evacuation Pause) (young) 4048K->913K(8192K), 0.0008139 secs]
12.025: [GC pause (G1 Evacuation Pause) (young) 3985K->976K(8192K), 0.0011434 secs]
12.028: [GC pause (G1 Evacuation Pause) (young) 4048K->913K(8192K), 0.0008106 secs]
12.031: [GC pause (G1 Evacuation Pause) (young) 3985K->976K(8192K), 0.0011126 secs]
12.034: [GC pause (G1 Evacuation Pause) (young) 4048K->913K(8192K), 0.0008057 secs]
12.037: [GC pause (G1 Evacuation Pause) (young) 3985K->976K(8192K), 0.0011291 secs]
12.040: [GC pause (G1 Evacuation Pause) (young) 4048K->913K(8192K), 0.0007991 secs]
12.043: [GC pause (G1 Evacuation Pause) (young) 3985K->1003K(8192K), 0.0013336 secs]
12.047: [GC pause (G1 Evacuation Pause) (young) 4075K->913K(8192K), 0.0008189 secs]
12.050: [GC pause (G1 Evacuation Pause) (young) 3985K->976K(8192K), 0.0011681 secs]
12.053: [GC pause (G1 Evacuation Pause) (young) 4048K->913K(8192K), 0.0007974 secs]
12.056: [GC pause (G1 Evacuation Pause) (young) 3985K->976K(8192K), 0.0011186 secs]
12.059: [GC pause (G1 Evacuation Pause) (young) 4048K->913K(8192K), 0.0008035 secs]
12.062: [GC pause (G1 Evacuation Pause) (young) 3985K->976K(8192K), 0.0011236 secs]
12.065: [GC pause (G1 Evacuation Pause) (young) 4048K->913K(8192K), 0.0009355 secs]
12.068: [GC pause (G1 Evacuation Pause) (young) 3985K->976K(8192K), 0.0011445 secs]
12.071: [GC pause (G1 Evacuation Pause) (young) 4048K->913K(8192K), 0.0009520 secs]
12.074: [GC pause (G1 Evacuation Pause) (young) 3985K->976K(8192K), 0.0011280 secs]
12.078: [GC pause (G1 Evacuation Pause) (young) 4048K->913K(8192K), 0.0008073 secs]
12.080: [GC pause (G1 Evacuation Pause) (young) 3985K->976K(8192K), 0.0011252 secs]
12.084: [GC pause (G1 Evacuation Pause) (young) 4048K->913K(8192K), 0.0008117 secs]
12.087: [GC pause (G1 Evacuation Pause) (young) 3985K->976K(8192K), 0.0011346 secs]
12.090: [GC pause (G1 Evacuation Pause) (young) 4048K->913K(8192K), 0.0008293 secs]
12.093: [GC pause (G1 Evacuation Pause) (young) 3985K->976K(8192K), 0.0011335 secs]
12.096: [GC pause (G1 Evacuation Pause) (young) 4048K->913K(8192K), 0.0008084 secs]
12.099: [GC pause (G1 Evacuation Pause) (young) 3985K->976K(8192K), 0.0011841 secs]
12.102: [GC pause (G1 Evacuation Pause) (young) 4048K->913K(8192K), 0.0008040 secs]
12.105: [GC pause (G1 Evacuation Pause) (young) 3985K->976K(8192K), 0.0011659 secs]
12.108: [GC pause (G1 Evacuation Pause) (young) 4048K->913K(8192K), 0.0008189 secs]
12.111: [GC pause (G1 Evacuation Pause) (young) 3985K->976K(8192K), 0.0011764 secs]
12.115: [GC pause (G1 Evacuation Pause) (young) 4048K->913K(8192K), 0.0008145 secs]
12.117: [GC pause (G1 Evacuation Pause) (young) 3985K->976K(8192K), 0.0011368 secs]
12.121: [GC pause (G1 Evacuation Pause) (young) 4048K->913K(8192K), 0.0008260 secs]
12.124: [GC pause (G1 Evacuation Pause) (young) 3985K->976K(8192K), 0.0012385 secs]
12.127: [GC pause (G1 Evacuation Pause) (young) 4048K->913K(8192K), 0.0008040 secs]
12.130: [GC pause (G1 Evacuation Pause) (young) 3985K->1003K(8192K), 0.0013210 secs]
12.134: [GC pause (G1 Evacuation Pause) (young) 4075K->913K(8192K), 0.0008552 secs]
12.137: [GC pause (G1 Evacuation Pause) (young) 3985K->976K(8192K), 0.0011296 secs]
12.140: [GC pause (G1 Evacuation Pause) (young) 4048K->913K(8192K), 0.0008073 secs]
12.143: [GC pause (G1 Evacuation Pause) (young) 3985K->976K(8192K), 0.0011104 secs]
12.146: [GC pause (G1 Evacuation Pause) (young) 4048K->913K(8192K), 0.0008062 secs]
12.149: [GC pause (G1 Evacuation Pause) (young) 3985K->976K(8192K), 0.0011131 secs]
12.152: [GC pause (G1 Evacuation Pause) (young) 4048K->913K(8192K), 0.0008216 secs]
12.155: [GC pause (G1 Evacuation Pause) (young) 3985K->976K(8192K), 0.0011329 secs]
12.158: [GC pause (G1 Evacuation Pause) (young) 4048K->913K(8192K), 0.0008123 secs]
12.161: [GC pause (G1 Evacuation Pause) (young) 3985K->976K(8192K), 0.0011703 secs]
12.164: [GC pause (G1 Evacuation Pause) (young) 4048K->913K(8192K), 0.0008062 secs]
12.167: [GC pause (G1 Evacuation Pause) (young) 3985K->976K(8192K), 0.0011351 secs]
12.171: [GC pause (G1 Evacuation Pause) (young) 4048K->913K(8192K), 0.0008172 secs]
12.173: [GC pause (G1 Evacuation Pause) (young) 3985K->976K(8192K), 0.0011467 secs]
12.177: [GC pause (G1 Evacuation Pause) (young) 4048K->913K(8192K), 0.0008216 secs]
12.180: [GC pause (G1 Evacuation Pause) (young) 3985K->976K(8192K), 0.0011879 secs]
12.183: [GC pause (G1 Evacuation Pause) (young) 4048K->913K(8192K), 0.0008024 secs]
12.186: [GC pause (G1 Evacuation Pause) (young) 3985K->976K(8192K), 0.0011219 secs]
12.189: [GC pause (G1 Evacuation Pause) (young) 4048K->913K(8192K), 0.0007991 secs]
12.192: [GC pause (G1 Evacuation Pause) (young) 3985K->976K(8192K), 0.0011329 secs]
12.195: [GC pause (G1 Evacuation Pause) (young) 4048K->913K(8192K), 0.0008095 secs]
12.198: [GC pause (G1 Evacuation Pause) (young) 3985K->976K(8192K), 0.0011324 secs]
12.201: [GC pause (G1 Evacuation Pause) (young) 4048K->913K(8192K), 0.0027162 secs]
12.206: [GC pause (G1 Evacuation Pause) (young) 3985K->976K(8192K), 0.0011907 secs]
12.210: [GC pause (G1 Evacuation Pause) (young) 4048K->913K(8192K), 0.0008084 secs]
12.213: [GC pause (G1 Evacuation Pause) (young) 3985K->976K(8192K), 0.0011346 secs]
12.216: [GC pause (G1 Evacuation Pause) (young) 4048K->913K(8192K), 0.0008178 secs]
12.219: [GC pause (G1 Evacuation Pause) (young) 3985K->976K(8192K), 0.0011219 secs]
12.222: [GC pause (G1 Evacuation Pause) (young) 4048K->913K(8192K), 0.0008161 secs]
12.225: [GC pause (G1 Evacuation Pause) (young) 3985K->976K(8192K), 0.0016433 secs]
12.228: [GC pause (G1 Evacuation Pause) (young) 4048K->913K(8192K), 0.0008414 secs]
12.232: [GC pause (G1 Evacuation Pause) (young) 3985K->976K(8192K), 0.0011725 secs]
12.235: [GC pause (G1 Evacuation Pause) (young) 4048K->913K(8192K), 0.0008084 secs]
12.238: [GC pause (G1 Evacuation Pause) (young) 3985K->976K(8192K), 0.0011626 secs]
12.241: [GC pause (G1 Evacuation Pause) (young) 4048K->913K(8192K), 0.0008194 secs]
12.244: [GC pause (G1 Evacuation Pause) (young) 3985K->976K(8192K), 0.0011307 secs]
12.247: [GC pause (G1 Evacuation Pause) (young) 4048K->913K(8192K), 0.0007991 secs]
12.250: [GC pause (G1 Evacuation Pause) (young) 3985K->976K(8192K), 0.0011984 secs]
12.253: [GC pause (G1 Evacuation Pause) (young) 4048K->913K(8192K), 0.0008244 secs]
12.256: [GC pause (G1 Evacuation Pause) (young) 3985K->976K(8192K), 0.0011362 secs]
12.260: [GC pause (G1 Evacuation Pause) (young) 4048K->913K(8192K), 0.0008139 secs]
12.263: [GC pause (G1 Evacuation Pause) (young) 3985K->976K(8192K), 0.0013413 secs]
12.266: [GC pause (G1 Evacuation Pause) (young) 4048K->913K(8192K), 0.0008227 secs]
12.269: [GC pause (G1 Evacuation Pause) (young) 3985K->976K(8192K), 0.0011296 secs]
12.272: [GC pause (G1 Evacuation Pause) (young) 4048K->913K(8192K), 0.0008068 secs]
12.275: [GC pause (G1 Evacuation Pause) (young) 3985K->976K(8192K), 0.0012385 secs]
12.279: [GC pause (G1 Evacuation Pause) (young) 4048K->913K(8192K), 0.0008414 secs]
12.282: [GC pause (G1 Evacuation Pause) (young) 3985K->976K(8192K), 0.0011208 secs]
12.285: [GC pause (G1 Evacuation Pause) (young) 4048K->913K(8192K), 0.0007985 secs]
12.288: [GC pause (G1 Evacuation Pause) (young) 3985K->1003K(8192K), 0.0013897 secs]
12.292: [GC pause (G1 Evacuation Pause) (young) 4075K->913K(8192K), 0.0009547 secs]
12.296: [GC pause (G1 Evacuation Pause) (young) 3985K->976K(8192K), 0.0012171 secs]
12.299: [GC pause (G1 Evacuation Pause) (young) 4048K->913K(8192K), 0.0008161 secs]
12.302: [GC pause (G1 Evacuation Pause) (young) 3985K->976K(8192K), 0.0011351 secs]
12.305: [GC pause (G1 Evacuation Pause) (young) 4048K->913K(8192K), 0.0009041 secs]
12.308: [GC pause (G1 Evacuation Pause) (young) 3985K->976K(8192K), 0.0011687 secs]
12.312: [GC pause (G1 Evacuation Pause) (young) 4048K->913K(8192K), 0.0008101 secs]
12.315: [GC pause (G1 Evacuation Pause) (young) 3985K->976K(8192K), 0.0011203 secs]
12.318: [GC pause (G1 Evacuation Pause) (young) 4048K->913K(8192K), 0.0008475 secs]
12.321: [GC pause (G1 Evacuation Pause) (young) 3985K->976K(8192K), 0.0011769 secs]
12.324: [GC pause (G1 Evacuation Pause) (young) 4048K->913K(8192K), 0.0008431 secs]
12.327: [GC pause (G1 Evacuation Pause) (young) 3985K->976K(8192K), 0.0011291 secs]
12.330: [GC pause (G1 Evacuation Pause) (young) 4048K->913K(8192K), 0.0008128 secs]
12.333: [GC pause (G1 Evacuation Pause) (young) 3985K->976K(8192K), 0.0011973 secs]
12.337: [GC pause (G1 Evacuation Pause) (young) 4048K->913K(8192K), 0.0008150 secs]
12.339: [GC pause (G1 Evacuation Pause) (young) 3985K->976K(8192K), 0.0011538 secs]
12.343: [GC pause (G1 Evacuation Pause) (young) 4048K->913K(8192K), 0.0008128 secs]
12.346: [GC pause (G1 Evacuation Pause) (young) 3985K->976K(8192K), 0.0011269 secs]
12.349: [GC pause (G1 Evacuation Pause) (young) 4048K->913K(8192K), 0.0008084 secs]
12.352: [GC pause (G1 Evacuation Pause) (young) 3985K->976K(8192K), 0.0011731 secs]
12.355: [GC pause (G1 Evacuation Pause) (young) 4048K->913K(8192K), 0.0008337 secs]
12.358: [GC pause (G1 Evacuation Pause) (young) 3985K->976K(8192K), 0.0011626 secs]
12.361: [GC pause (G1 Evacuation Pause) (young) 4048K->913K(8192K), 0.0008255 secs]
12.364: [GC pause (G1 Evacuation Pause) (young) 3985K->976K(8192K), 0.0013276 secs]
12.368: [GC pause (G1 Evacuation Pause) (young) 4048K->913K(8192K), 0.0008035 secs]
12.371: [GC pause (G1 Evacuation Pause) (young) 3985K->976K(8192K), 0.0011208 secs]
12.374: [GC pause (G1 Evacuation Pause) (young) 4048K->913K(8192K), 0.0008123 secs]
12.377: [GC pause (G1 Evacuation Pause) (young) 3985K->976K(8192K), 0.0011456 secs]
12.380: [GC pause (G1 Evacuation Pause) (young) 4048K->913K(8192K), 0.0008057 secs]
12.383: [GC pause (G1 Evacuation Pause) (young) 3985K->976K(8192K), 0.0011351 secs]
12.386: [GC pause (G1 Evacuation Pause) (young) 4048K->913K(8192K), 0.0008161 secs]
12.389: [GC pause (G1 Evacuation Pause) (young) 3985K->976K(8192K), 0.0011302 secs]
12.393: [GC pause (G1 Evacuation Pause) (young) 4048K->913K(8192K), 0.0008090 secs]
12.395: [GC pause (G1 Evacuation Pause) (young) 3985K->976K(8192K), 0.0011813 secs]
12.399: [GC pause (G1 Evacuation Pause) (young) 4048K->913K(8192K), 0.0008139 secs]
12.402: [GC pause (G1 Evacuation Pause) (young) 3985K->976K(8192K), 0.0011681 secs]
12.405: [GC pause (G1 Evacuation Pause) (young) 4048K->913K(8192K), 0.0008139 secs]
12.408: [GC pause (G1 Evacuation Pause) (young) 3985K->976K(8192K), 0.0011577 secs]
12.411: [GC pause (G1 Evacuation Pause) (young) 4048K->913K(8192K), 0.0008112 secs]
12.414: [GC pause (G1 Evacuation Pause) (young) 3985K->976K(8192K), 0.0011225 secs]
12.417: [GC pause (G1 Evacuation Pause) (young) 4048K->913K(8192K), 0.0008156 secs]
12.420: [GC pause (G1 Evacuation Pause) (young) 3985K->976K(8192K), 0.0011428 secs]
12.423: [GC pause (G1 Evacuation Pause) (young) 4048K->913K(8192K), 0.0008156 secs]
12.426: [GC pause (G1 Evacuation Pause) (young) 3985K->976K(8192K), 0.0011192 secs]
12.429: [GC pause (G1 Evacuation Pause) (young) 4048K->913K(8192K), 0.0008827 secs]
12.432: [GC pause (G1 Evacuation Pause) (young) 3985K->976K(8192K), 0.0011230 secs]
12.436: [GC pause (G1 Evacuation Pause) (young) 4048K->913K(8192K), 0.0008134 secs]
12.438: [GC pause (G1 Evacuation Pause) (young) 3985K->976K(8192K), 0.0011296 secs]
12.442: [GC pause (G1 Evacuation Pause) (young) 4048K->913K(8192K), 0.0008376 secs]
12.445: [GC pause (G1 Evacuation Pause) (young) 3985K->976K(8192K), 0.0011280 secs]
12.448: [GC pause (G1 Evacuation Pause) (young) 4048K->913K(8192K), 0.0008057 secs]
12.451: [GC pause (G1 Evacuation Pause) (young) 3985K->976K(8192K), 0.0011346 secs]
12.454: [GC pause (G1 Evacuation Pause) (young) 4048K->913K(8192K), 0.0008029 secs]
12.457: [GC pause (G1 Evacuation Pause) (young) 3985K->976K(8192K), 0.0011296 secs]
12.460: [GC pause (G1 Evacuation Pause) (young) 4048K->913K(8192K), 0.0008370 secs]
12.463: [GC pause (G1 Evacuation Pause) (young) 3985K->976K(8192K), 0.0011588 secs]
12.466: [GC pause (G1 Evacuation Pause) (young) 4048K->913K(8192K), 0.0008084 secs]
12.469: [GC pause (G1 Evacuation Pause) (young) 3985K->976K(8192K), 0.0011357 secs]
12.472: [GC pause (G1 Evacuation Pause) (young) 4048K->913K(8192K), 0.0009322 secs]
12.475: [GC pause (G1 Evacuation Pause) (young) 3985K->976K(8192K), 0.0011417 secs]
12.479: [GC pause (G1 Evacuation Pause) (young) 4048K->913K(8192K), 0.0008024 secs]
12.482: [GC pause (G1 Evacuation Pause) (young) 3985K->976K(8192K), 0.0011324 secs]
12.485: [GC pause (G1 Evacuation Pause) (young) 4048K->913K(8192K), 0.0008139 secs]
12.488: [GC pause (G1 Evacuation Pause) (young) 3985K->976K(8192K), 0.0011296 secs]
12.491: [GC pause (G1 Evacuation Pause) (young) 4048K->913K(8192K), 0.0008057 secs]
12.494: [GC pause (G1 Evacuation Pause) (young) 3985K->976K(8192K), 0.0011318 secs]
12.497: [GC pause (G1 Evacuation Pause) (young) 4048K->913K(8192K), 0.0008139 secs]
12.500: [GC pause (G1 Evacuation Pause) (young) 3985K->976K(8192K), 0.0012050 secs]
12.503: [GC pause (G1 Evacuation Pause) (young) 4048K->913K(8192K), 0.0008458 secs]
12.506: [GC pause (G1 Evacuation Pause) (young) 3985K->976K(8192K), 0.0011269 secs]
12.509: [GC pause (G1 Evacuation Pause) (young) 4048K->913K(8192K), 0.0008123 secs]
12.512: [GC pause (G1 Evacuation Pause) (young) 3985K->976K(8192K), 0.0011560 secs]
12.516: [GC pause (G1 Evacuation Pause) (young) 4048K->913K(8192K), 0.0008178 secs]
12.519: [GC pause (G1 Evacuation Pause) (young) 3985K->976K(8192K), 0.0011307 secs]
12.522: [GC pause (G1 Evacuation Pause) (young) 4048K->913K(8192K), 0.0008084 secs]
12.525: [GC pause (G1 Evacuation Pause) (young) 3985K->976K(8192K), 0.0011401 secs]
12.528: [GC pause (G1 Evacuation Pause) (young) 4048K->913K(8192K), 0.0008123 secs]
12.531: [GC pause (G1 Evacuation Pause) (young) 3985K->976K(8192K), 0.0011357 secs]
12.534: [GC pause (G1 Evacuation Pause) (young) 4048K->913K(8192K), 0.0008002 secs]
12.537: [GC pause (G1 Evacuation Pause) (young) 3985K->976K(8192K), 0.0011406 secs]
12.540: [GC pause (G1 Evacuation Pause) (young) 4048K->913K(8192K), 0.0008150 secs]
12.543: [GC pause (G1 Evacuation Pause) (young) 3985K->976K(8192K), 0.0011412 secs]
12.546: [GC pause (G1 Evacuation Pause) (young) 4048K->913K(8192K), 0.0008321 secs]
12.549: [GC pause (G1 Evacuation Pause) (young) 3985K->976K(8192K), 0.0011483 secs]
12.553: [GC pause (G1 Evacuation Pause) (young) 4048K->913K(8192K), 0.0008194 secs]
12.556: [GC pause (G1 Evacuation Pause) (young) 3985K->976K(8192K), 0.0011236 secs]
12.559: [GC pause (G1 Evacuation Pause) (young) 4048K->913K(8192K), 0.0008854 secs]
12.562: [GC pause (G1 Evacuation Pause) (young) 3985K->976K(8192K), 0.0012935 secs]
12.565: [GC pause (G1 Evacuation Pause) (young) 4048K->913K(8192K), 0.0008211 secs]
12.568: [GC pause (G1 Evacuation Pause) (young) 3985K->976K(8192K), 0.0011357 secs]
12.572: [GC pause (G1 Evacuation Pause) (young) 4048K->913K(8192K), 0.0008354 secs]
12.575: [GC pause (G1 Evacuation Pause) (young) 3985K->976K(8192K), 0.0012066 secs]
12.578: [GC pause (G1 Evacuation Pause) (young) 4048K->913K(8192K), 0.0008123 secs]
12.581: [GC pause (G1 Evacuation Pause) (young) 3985K->976K(8192K), 0.0011302 secs]
12.584: [GC pause (G1 Evacuation Pause) (young) 4048K->913K(8192K), 0.0008128 secs]
12.587: [GC pause (G1 Evacuation Pause) (young) 3985K->976K(8192K), 0.0011593 secs]
12.590: [GC pause (G1 Evacuation Pause) (young) 4048K->913K(8192K), 0.0008139 secs]
12.593: [GC pause (G1 Evacuation Pause) (young) 3985K->976K(8192K), 0.0011439 secs]
12.596: [GC pause (G1 Evacuation Pause) (young) 4048K->913K(8192K), 0.0008145 secs]
12.599: [GC pause (G1 Evacuation Pause) (young) 3985K->976K(8192K), 0.0011324 secs]
12.602: [GC pause (G1 Evacuation Pause) (young) 4048K->913K(8192K), 0.0008051 secs]
12.606: [GC pause (G1 Evacuation Pause) (young) 3985K->976K(8192K), 0.0011791 secs]
12.609: [GC pause (G1 Evacuation Pause) (young) 4048K->913K(8192K), 0.0008183 secs]
12.612: [GC pause (G1 Evacuation Pause) (young) 3985K->976K(8192K), 0.0011280 secs]
12.615: [GC pause (G1 Evacuation Pause) (young) 4048K->913K(8192K), 0.0008035 secs]
12.618: [GC pause (G1 Evacuation Pause) (young) 3985K->976K(8192K), 0.0011307 secs]
12.621: [GC pause (G1 Evacuation Pause) (young) 4048K->913K(8192K), 0.0008139 secs]
12.624: [GC pause (G1 Evacuation Pause) (young) 3985K->976K(8192K), 0.0011291 secs]
12.628: [GC pause (G1 Evacuation Pause) (young) 4048K->913K(8192K), 0.0008073 secs]
12.630: [GC pause (G1 Evacuation Pause) (young) 3985K->976K(8192K), 0.0011302 secs]
12.634: [GC pause (G1 Evacuation Pause) (young) 4048K->913K(8192K), 0.0008442 secs]
12.637: [GC pause (G1 Evacuation Pause) (young) 3985K->976K(8192K), 0.0011258 secs]
12.640: [GC pause (G1 Evacuation Pause) (young) 4048K->913K(8192K), 0.0008068 secs]
12.643: [GC pause (G1 Evacuation Pause) (young) 3985K->976K(8192K), 0.0011307 secs]
12.646: [GC pause (G1 Evacuation Pause) (young) 4048K->913K(8192K), 0.0008530 secs]
12.649: [GC pause (G1 Evacuation Pause) (young) 3985K->976K(8192K), 0.0011489 secs]
12.652: [GC pause (G1 Evacuation Pause) (young) 4048K->913K(8192K), 0.0008062 secs]
12.655: [GC pause (G1 Evacuation Pause) (young) 3985K->976K(8192K), 0.0011335 secs]
12.658: [GC pause (G1 Evacuation Pause) (young) 4048K->913K(8192K), 0.0008029 secs]
12.661: [GC pause (G1 Evacuation Pause) (young) 3985K->976K(8192K), 0.0011219 secs]
12.664: [GC pause (G1 Evacuation Pause) (young) 4048K->913K(8192K), 0.0008139 secs]
12.667: [GC pause (G1 Evacuation Pause) (young) 3985K->976K(8192K), 0.0012666 secs]
12.671: [GC pause (G1 Evacuation Pause) (young) 4048K->913K(8192K), 0.0008332 secs]
12.674: [GC pause (G1 Evacuation Pause) (young) 3985K->976K(8192K), 0.0011335 secs]
12.677: [GC pause (G1 Evacuation Pause) (young) 4048K->913K(8192K), 0.0008194 secs]
12.680: [GC pause (G1 Evacuation Pause) (young) 3985K->976K(8192K), 0.0011522 secs]
12.683: [GC pause (G1 Evacuation Pause) (young) 4048K->913K(8192K), 0.0010136 secs]
12.686: [GC pause (G1 Evacuation Pause) (young) 3985K->976K(8192K), 0.0011500 secs]
12.690: [GC pause (G1 Evacuation Pause) (young) 4048K->913K(8192K), 0.0008304 secs]
12.693: [GC pause (G1 Evacuation Pause) (young) 3985K->976K(8192K), 0.0012303 secs]
12.696: [GC pause (G1 Evacuation Pause) (young) 4048K->913K(8192K), 0.0008623 secs]
12.699: [GC pause (G1 Evacuation Pause) (young) 3985K->976K(8192K), 0.0011274 secs]
12.702: [GC pause (G1 Evacuation Pause) (young) 4048K->913K(8192K), 0.0008024 secs]
12.705: [GC pause (G1 Evacuation Pause) (young) 3985K->976K(8192K), 0.0023533 secs]
12.710: [GC pause (G1 Evacuation Pause) (young) 4048K->913K(8192K), 0.0008563 secs]
12.713: [GC pause (G1 Evacuation Pause) (young) 3985K->1003K(8192K), 0.0012358 secs]
12.717: [GC pause (G1 Evacuation Pause) (young) 4075K->913K(8192K), 0.0008172 secs]
12.720: [GC pause (G1 Evacuation Pause) (young) 3985K->976K(8192K), 0.0011307 secs]
12.723: [GC pause (G1 Evacuation Pause) (young) 4048K->913K(8192K), 0.0008073 secs]
12.726: [GC pause (G1 Evacuation Pause) (young) 3985K->976K(8192K), 0.0012660 secs]
12.729: [GC pause (G1 Evacuation Pause) (young) 4048K->913K(8192K), 0.0008321 secs]
12.732: [GC pause (G1 Evacuation Pause) (young) 3985K->976K(8192K), 0.0011670 secs]
12.735: [GC pause (G1 Evacuation Pause) (young) 4048K->913K(8192K), 0.0008134 secs]
12.738: [GC pause (G1 Evacuation Pause) (young) 3985K->976K(8192K), 0.0011230 secs]
12.742: [GC pause (G1 Evacuation Pause) (young) 4048K->913K(8192K), 0.0008799 secs]
12.744: [GC pause (G1 Evacuation Pause) (young) 3985K->976K(8192K), 0.0011373 secs]
12.748: [GC pause (G1 Evacuation Pause) (young) 4048K->913K(8192K), 0.0009305 secs]
12.751: [GC pause (G1 Evacuation Pause) (young) 3985K->976K(8192K), 0.0011280 secs]
12.754: [GC pause (G1 Evacuation Pause) (young) 4048K->913K(8192K), 0.0008414 secs]
12.757: [GC pause (G1 Evacuation Pause) (young) 3985K->976K(8192K), 0.0011214 secs]
12.760: [GC pause (G1 Evacuation Pause) (young) 4048K->913K(8192K), 0.0008827 secs]
12.763: [GC pause (G1 Evacuation Pause) (young) 3985K->976K(8192K), 0.0011670 secs]
12.766: [GC pause (G1 Evacuation Pause) (young) 4048K->913K(8192K), 0.0008035 secs]
12.769: [GC pause (G1 Evacuation Pause) (young) 3985K->976K(8192K), 0.0011401 secs]
12.772: [GC pause (G1 Evacuation Pause) (young) 4048K->913K(8192K), 0.0008876 secs]
12.775: [GC pause (G1 Evacuation Pause) (young) 3985K->976K(8192K), 0.0011802 secs]
12.779: [GC pause (G1 Evacuation Pause) (young) 4048K->913K(8192K), 0.0008310 secs]
12.782: [GC pause (G1 Evacuation Pause) (young) 3985K->976K(8192K), 0.0011274 secs]
12.785: [GC pause (G1 Evacuation Pause) (young) 4048K->913K(8192K), 0.0008112 secs]
12.788: [GC pause (G1 Evacuation Pause) (young) 3985K->976K(8192K), 0.0012006 secs]
12.791: [GC pause (G1 Evacuation Pause) (young) 4048K->913K(8192K), 0.0008139 secs]
12.794: [GC pause (G1 Evacuation Pause) (young) 3985K->976K(8192K), 0.0011566 secs]
12.797: [GC pause (G1 Evacuation Pause) (young) 4048K->913K(8192K), 0.0008150 secs]
12.800: [GC pause (G1 Evacuation Pause) (young) 3985K->976K(8192K), 0.0011252 secs]
12.803: [GC pause (G1 Evacuation Pause) (young) 4048K->913K(8192K), 0.0009080 secs]
12.806: [GC pause (G1 Evacuation Pause) (young) 3985K->976K(8192K), 0.0011175 secs]
12.809: [GC pause (G1 Evacuation Pause) (young) 4048K->913K(8192K), 0.0008084 secs]
12.812: [GC pause (G1 Evacuation Pause) (young) 3985K->976K(8192K), 0.0011676 secs]
12.816: [GC pause (G1 Evacuation Pause) (young) 4048K->913K(8192K), 0.0008299 secs]
12.819: [GC pause (G1 Evacuation Pause) (young) 3985K->976K(8192K), 0.0011252 secs]
12.822: [GC pause (G1 Evacuation Pause) (young) 4048K->913K(8192K), 0.0008128 secs]
12.825: [GC pause (G1 Evacuation Pause) (young) 3985K->976K(8192K), 0.0011588 secs]
12.828: [GC pause (G1 Evacuation Pause) (young) 4048K->913K(8192K), 0.0008079 secs]
12.831: [GC pause (G1 Evacuation Pause) (young) 3985K->976K(8192K), 0.0012055 secs]
12.834: [GC pause (G1 Evacuation Pause) (young) 4048K->913K(8192K), 0.0008183 secs]
12.837: [GC pause (G1 Evacuation Pause) (young) 3985K->976K(8192K), 0.0011775 secs]
12.840: [GC pause (G1 Evacuation Pause) (young) 4048K->913K(8192K), 0.0008277 secs]
12.843: [GC pause (G1 Evacuation Pause) (young) 3985K->976K(8192K), 0.0011307 secs]
12.847: [GC pause (G1 Evacuation Pause) (young) 4048K->913K(8192K), 0.0008024 secs]
12.850: [GC pause (G1 Evacuation Pause) (young) 3985K->976K(8192K), 0.0011340 secs]
12.853: [GC pause (G1 Evacuation Pause) (young) 4048K->913K(8192K), 0.0009146 secs]
12.856: [GC pause (G1 Evacuation Pause) (young) 3985K->976K(8192K), 0.0011197 secs]
12.859: [GC pause (G1 Evacuation Pause) (young) 4048K->913K(8192K), 0.0008101 secs]
12.862: [GC pause (G1 Evacuation Pause) (young) 3985K->976K(8192K), 0.0013122 secs]
12.865: [GC pause (G1 Evacuation Pause) (young) 4048K->913K(8192K), 0.0008112 secs]
12.868: [GC pause (G1 Evacuation Pause) (young) 3985K->976K(8192K), 0.0011236 secs]
12.871: [GC pause (G1 Evacuation Pause) (young) 4048K->913K(8192K), 0.0008381 secs]
12.874: [GC pause (G1 Evacuation Pause) (young) 3985K->976K(8192K), 0.0011434 secs]
12.878: [GC pause (G1 Evacuation Pause) (young) 4048K->913K(8192K), 0.0008310 secs]
12.880: [GC pause (G1 Evacuation Pause) (young) 3985K->976K(8192K), 0.0011181 secs]
12.884: [GC pause (G1 Evacuation Pause) (young) 4048K->913K(8192K), 0.0007941 secs]
12.887: [GC pause (G1 Evacuation Pause) (young) 3985K->976K(8192K), 0.0011274 secs]
12.890: [GC pause (G1 Evacuation Pause) (young) 4048K->913K(8192K), 0.0008156 secs]
12.893: [GC pause (G1 Evacuation Pause) (young) 3985K->976K(8192K), 0.0012655 secs]
12.896: [GC pause (G1 Evacuation Pause) (young) 4048K->913K(8192K), 0.0008095 secs]
12.899: [GC pause (G1 Evacuation Pause) (young) 3985K->976K(8192K), 0.0011324 secs]
12.902: [GC pause (G1 Evacuation Pause) (young) 4048K->913K(8192K), 0.0008090 secs]
12.905: [GC pause (G1 Evacuation Pause) (young) 3985K->976K(8192K), 0.0011340 secs]
12.908: [GC pause (G1 Evacuation Pause) (young) 4048K->913K(8192K), 0.0008667 secs]
12.911: [GC pause (G1 Evacuation Pause) (young) 3985K->976K(8192K), 0.0011566 secs]
12.915: [GC pause (G1 Evacuation Pause) (young) 4048K->913K(8192K), 0.0008821 secs]
12.918: [GC pause (G1 Evacuation Pause) (young) 3985K->976K(8192K), 0.0011736 secs]
12.921: [GC pause (G1 Evacuation Pause) (young) 4048K->913K(8192K), 0.0008134 secs]
12.924: [GC pause (G1 Evacuation Pause) (young) 3985K->976K(8192K), 0.0011665 secs]
12.927: [GC pause (G1 Evacuation Pause) (young) 4048K->913K(8192K), 0.0008200 secs]
12.930: [GC pause (G1 Evacuation Pause) (young) 3985K->976K(8192K), 0.0011274 secs]
12.933: [GC pause (G1 Evacuation Pause) (young) 4048K->913K(8192K), 0.0008464 secs]
12.936: [GC pause (G1 Evacuation Pause) (young) 3985K->976K(8192K), 0.0011401 secs]
12.940: [GC pause (G1 Evacuation Pause) (young) 4048K->913K(8192K), 0.0008117 secs]
12.943: [GC pause (G1 Evacuation Pause) (young) 3985K->976K(8192K), 0.0011368 secs]
12.946: [GC pause (G1 Evacuation Pause) (young) 4048K->913K(8192K), 0.0008271 secs]
12.949: [GC pause (G1 Evacuation Pause) (young) 3985K->976K(8192K), 0.0011285 secs]
12.952: [GC pause (G1 Evacuation Pause) (young) 4048K->913K(8192K), 0.0008123 secs]
12.955: [GC pause (G1 Evacuation Pause) (young) 3985K->976K(8192K), 0.0011626 secs]
12.958: [GC pause (G1 Evacuation Pause) (young) 4048K->913K(8192K), 0.0008106 secs]
12.961: [GC pause (G1 Evacuation Pause) (young) 3985K->976K(8192K), 0.0011643 secs]
12.964: [GC pause (G1 Evacuation Pause) (young) 4048K->913K(8192K), 0.0008123 secs]
12.967: [GC pause (G1 Evacuation Pause) (young) 3985K->976K(8192K), 0.0011318 secs]
12.970: [GC pause (G1 Evacuation Pause) (young) 4048K->913K(8192K), 0.0008068 secs]
12.973: [GC pause (G1 Evacuation Pause) (young) 3985K->976K(8192K), 0.0011533 secs]
12.977: [GC pause (G1 Evacuation Pause) (young) 4048K->913K(8192K), 0.0008205 secs]
12.980: [GC pause (G1 Evacuation Pause) (young) 3985K->976K(8192K), 0.0011335 secs]
12.983: [GC pause (G1 Evacuation Pause) (young) 4048K->913K(8192K), 0.0009058 secs]
12.986: [GC pause (G1 Evacuation Pause) (young) 3985K->976K(8192K), 0.0012545 secs]
12.989: [GC pause (G1 Evacuation Pause) (young) 4048K->913K(8192K), 0.0008084 secs]
12.992: [GC pause (G1 Evacuation Pause) (young) 3985K->976K(8192K), 0.0011670 secs]
12.995: [GC pause (G1 Evacuation Pause) (young) 4048K->913K(8192K), 0.0008233 secs]
12.998: [GC pause (G1 Evacuation Pause) (young) 3985K->976K(8192K), 0.0011318 secs]
13.001: [GC pause (G1 Evacuation Pause) (young) 4048K->913K(8192K), 0.0008508 secs]
13.005: [GC pause (G1 Evacuation Pause) (young) 3985K->976K(8192K), 0.0011247 secs]
13.008: [GC pause (G1 Evacuation Pause) (young) 4048K->913K(8192K), 0.0008156 secs]
13.011: [GC pause (G1 Evacuation Pause) (young) 3985K->976K(8192K), 0.0011313 secs]
13.014: [GC pause (G1 Evacuation Pause) (young) 4048K->913K(8192K), 0.0008227 secs]
13.017: [GC pause (G1 Evacuation Pause) (young) 3985K->976K(8192K), 0.0011214 secs]
13.020: [GC pause (G1 Evacuation Pause) (young) 4048K->913K(8192K), 0.0008106 secs]
13.023: [GC pause (G1 Evacuation Pause) (young) 3985K->976K(8192K), 0.0012061 secs]
13.026: [GC pause (G1 Evacuation Pause) (young) 4048K->913K(8192K), 0.0008183 secs]
13.029: [GC pause (G1 Evacuation Pause) (young) 3985K->976K(8192K), 0.0011269 secs]
13.032: [GC pause (G1 Evacuation Pause) (young) 4048K->913K(8192K), 0.0008090 secs]
13.035: [GC pause (G1 Evacuation Pause) (young) 3985K->976K(8192K), 0.0011824 secs]
13.039: [GC pause (G1 Evacuation Pause) (young) 4048K->913K(8192K), 0.0008139 secs]
13.041: [GC pause (G1 Evacuation Pause) (young) 3985K->976K(8192K), 0.0011296 secs]
13.045: [GC pause (G1 Evacuation Pause) (young) 4048K->913K(8192K), 0.0008409 secs]
13.048: [GC pause (G1 Evacuation Pause) (young) 3985K->976K(8192K), 0.0011197 secs]
13.051: [GC pause (G1 Evacuation Pause) (young) 4048K->913K(8192K), 0.0008024 secs]
13.054: [GC pause (G1 Evacuation Pause) (young) 3985K->976K(8192K), 0.0011208 secs]
13.057: [GC pause (G1 Evacuation Pause) (young) 4048K->913K(8192K), 0.0008040 secs]
13.060: [GC pause (G1 Evacuation Pause) (young) 3985K->976K(8192K), 0.0011731 secs]
13.063: [GC pause (G1 Evacuation Pause) (young) 4048K->913K(8192K), 0.0008128 secs]
13.066: [GC pause (G1 Evacuation Pause) (young) 3985K->976K(8192K), 0.0011610 secs]
13.069: [GC pause (G1 Evacuation Pause) (young) 4048K->913K(8192K), 0.0008112 secs]
13.072: [GC pause (G1 Evacuation Pause) (young) 3985K->976K(8192K), 0.0012550 secs]
13.076: [GC pause (G1 Evacuation Pause) (young) 4048K->913K(8192K), 0.0008227 secs]
13.078: [GC pause (G1 Evacuation Pause) (young) 3985K->976K(8192K), 0.0011269 secs]
13.082: [GC pause (G1 Evacuation Pause) (young) 4048K->913K(8192K), 0.0008084 secs]
13.085: [GC pause (G1 Evacuation Pause) (young) 3985K->976K(8192K), 0.0011500 secs]
13.088: [GC pause (G1 Evacuation Pause) (young) 4048K->913K(8192K), 0.0008095 secs]
13.091: [GC pause (G1 Evacuation Pause) (young) 3985K->976K(8192K), 0.0011225 secs]
13.094: [GC pause (G1 Evacuation Pause) (young) 4048K->913K(8192K), 0.0008772 secs]
13.097: [GC pause (G1 Evacuation Pause) (young) 3985K->976K(8192K), 0.0011252 secs]
13.100: [GC pause (G1 Evacuation Pause) (young) 4048K->913K(8192K), 0.0008145 secs]
13.103: [GC pause (G1 Evacuation Pause) (young) 3985K->976K(8192K), 0.0012385 secs]
13.106: [GC pause (G1 Evacuation Pause) (young) 4048K->913K(8192K), 0.0008409 secs]
13.109: [GC pause (G1 Evacuation Pause) (young) 3985K->976K(8192K), 0.0011263 secs]
13.113: [GC pause (G1 Evacuation Pause) (young) 4048K->913K(8192K), 0.0008035 secs]
13.115: [GC pause (G1 Evacuation Pause) (young) 3985K->976K(8192K), 0.0011329 secs]
13.119: [GC pause (G1 Evacuation Pause) (young) 4048K->913K(8192K), 0.0008332 secs]
13.122: [GC pause (G1 Evacuation Pause) (young) 3985K->976K(8192K), 0.0011692 secs]
13.125: [GC pause (G1 Evacuation Pause) (young) 4048K->913K(8192K), 0.0008315 secs]
13.128: [GC pause (G1 Evacuation Pause) (young) 3985K->976K(8192K), 0.0011489 secs]
13.132: [GC pause (G1 Evacuation Pause) (young) 4048K->913K(8192K), 0.0008491 secs]
13.135: [GC pause (G1 Evacuation Pause) (young) 3985K->976K(8192K), 0.0011428 secs]
13.138: [GC pause (G1 Evacuation Pause) (young) 4048K->913K(8192K), 0.0008084 secs]
13.141: [GC pause (G1 Evacuation Pause) (young) 3985K->976K(8192K), 0.0011230 secs]
13.144: [GC pause (G1 Evacuation Pause) (young) 4048K->913K(8192K), 0.0008849 secs]
13.147: [GC pause (G1 Evacuation Pause) (young) 3985K->976K(8192K), 0.0011533 secs]
13.150: [GC pause (G1 Evacuation Pause) (young) 4048K->913K(8192K), 0.0008051 secs]
13.153: [GC pause (G1 Evacuation Pause) (young) 3985K->976K(8192K), 0.0011379 secs]
13.156: [GC pause (G1 Evacuation Pause) (young) 4048K->913K(8192K), 0.0008007 secs]
13.159: [GC pause (G1 Evacuation Pause) (young) 3985K->976K(8192K), 0.0011351 secs]
13.162: [GC pause (G1 Evacuation Pause) (young) 4048K->913K(8192K), 0.0008953 secs]
13.165: [GC pause (G1 Evacuation Pause) (young) 3985K->976K(8192K), 0.0011654 secs]
13.169: [GC pause (G1 Evacuation Pause) (young) 4048K->913K(8192K), 0.0008447 secs]
13.172: [GC pause (G1 Evacuation Pause) (young) 3985K->976K(8192K), 0.0011549 secs]
13.175: [GC pause (G1 Evacuation Pause) (young) 4048K->913K(8192K), 0.0008574 secs]
13.178: [GC pause (G1 Evacuation Pause) (young) 3985K->976K(8192K), 0.0011186 secs]
13.181: [GC pause (G1 Evacuation Pause) (young) 4048K->913K(8192K), 0.0007980 secs]
13.184: [GC pause (G1 Evacuation Pause) (young) 3985K->976K(8192K), 0.0011269 secs]
13.187: [GC pause (G1 Evacuation Pause) (young) 4048K->913K(8192K), 0.0008216 secs]
13.190: [GC pause (G1 Evacuation Pause) (young) 3985K->976K(8192K), 0.0011494 secs]
13.193: [GC pause (G1 Evacuation Pause) (young) 4048K->913K(8192K), 0.0008095 secs]
13.196: [GC pause (G1 Evacuation Pause) (young) 3985K->976K(8192K), 0.0011335 secs]
13.200: [GC pause (G1 Evacuation Pause) (young) 4048K->913K(8192K), 0.0008128 secs]
13.203: [GC pause (G1 Evacuation Pause) (young) 3985K->976K(8192K), 0.0011252 secs]
13.206: [GC pause (G1 Evacuation Pause) (young) 4048K->913K(8192K), 0.0008002 secs]
13.209: [GC pause (G1 Evacuation Pause) (young) 3985K->976K(8192K), 0.0020568 secs]
13.213: [GC pause (G1 Evacuation Pause) (young) 4048K->913K(8192K), 0.0008348 secs]
13.216: [GC pause (G1 Evacuation Pause) (young) 3985K->976K(8192K), 0.0011786 secs]
13.219: [GC pause (G1 Evacuation Pause) (young) 4048K->913K(8192K), 0.0008145 secs]
13.222: [GC pause (G1 Evacuation Pause) (young) 3985K->1003K(8192K), 0.0012110 secs]
13.225: [GC pause (G1 Evacuation Pause) (young) 4075K->913K(8192K), 0.0009377 secs]
13.228: [GC pause (G1 Evacuation Pause) (young) 3985K->976K(8192K), 0.0011307 secs]
13.232: [GC pause (G1 Evacuation Pause) (young) 4048K->913K(8192K), 0.0008420 secs]
13.235: [GC pause (G1 Evacuation Pause) (young) 3985K->976K(8192K), 0.0011291 secs]
13.238: [GC pause (G1 Evacuation Pause) (young) 4048K->913K(8192K), 0.0008123 secs]
13.241: [GC pause (G1 Evacuation Pause) (young) 3985K->976K(8192K), 0.0011269 secs]
13.244: [GC pause (G1 Evacuation Pause) (young) 4048K->913K(8192K), 0.0008189 secs]
13.247: [GC pause (G1 Evacuation Pause) (young) 3985K->976K(8192K), 0.0011384 secs]
13.250: [GC pause (G1 Evacuation Pause) (young) 4048K->913K(8192K), 0.0008139 secs]
13.253: [GC pause (G1 Evacuation Pause) (young) 3985K->976K(8192K), 0.0011709 secs]
13.257: [GC pause (G1 Evacuation Pause) (young) 4048K->913K(8192K), 0.0008134 secs]
13.260: [GC pause (G1 Evacuation Pause) (young) 3985K->976K(8192K), 0.0011351 secs]
13.263: [GC pause (G1 Evacuation Pause) (young) 4048K->913K(8192K), 0.0008145 secs]
13.266: [GC pause (G1 Evacuation Pause) (young) 3985K->976K(8192K), 0.0011280 secs]
13.269: [GC pause (G1 Evacuation Pause) (young) 4048K->913K(8192K), 0.0008062 secs]
13.272: [GC pause (G1 Evacuation Pause) (young) 3985K->976K(8192K), 0.0011522 secs]
13.275: [GC pause (G1 Evacuation Pause) (young) 4048K->913K(8192K), 0.0008370 secs]
13.278: [GC pause (G1 Evacuation Pause) (young) 3985K->976K(8192K), 0.0011445 secs]
13.281: [GC pause (G1 Evacuation Pause) (young) 4048K->913K(8192K), 0.0007947 secs]
13.284: [GC pause (G1 Evacuation Pause) (young) 3985K->976K(8192K), 0.0011225 secs]
13.287: [GC pause (G1 Evacuation Pause) (young) 4048K->913K(8192K), 0.0008150 secs]
13.290: [GC pause (G1 Evacuation Pause) (young) 3985K->976K(8192K), 0.0012176 secs]
13.294: [GC pause (G1 Evacuation Pause) (young) 4048K->913K(8192K), 0.0008348 secs]
13.296: [GC pause (G1 Evacuation Pause) (young) 3985K->976K(8192K), 0.0011280 secs]
13.300: [GC pause (G1 Evacuation Pause) (young) 4048K->913K(8192K), 0.0008029 secs]
13.302: [GC pause (G1 Evacuation Pause) (young) 3985K->976K(8192K), 0.0011197 secs]
13.306: [GC pause (G1 Evacuation Pause) (young) 4048K->913K(8192K), 0.0008073 secs]
13.309: [GC pause (G1 Evacuation Pause) (young) 3985K->976K(8192K), 0.0011593 secs]
13.312: [GC pause (G1 Evacuation Pause) (young) 4048K->913K(8192K), 0.0008183 secs]
13.315: [GC pause (G1 Evacuation Pause) (young) 3985K->976K(8192K), 0.0011830 secs]
13.318: [GC pause (G1 Evacuation Pause) (young) 4048K->913K(8192K), 0.0008123 secs]
13.321: [GC pause (G1 Evacuation Pause) (young) 3985K->976K(8192K), 0.0011274 secs]
13.324: [GC pause (G1 Evacuation Pause) (young) 4048K->913K(8192K), 0.0008062 secs]
13.327: [GC pause (G1 Evacuation Pause) (young) 3985K->976K(8192K), 0.0011269 secs]
13.330: [GC pause (G1 Evacuation Pause) (young) 4048K->913K(8192K), 0.0007985 secs]
13.333: [GC pause (G1 Evacuation Pause) (young) 3985K->976K(8192K), 0.0011318 secs]
13.337: [GC pause (G1 Evacuation Pause) (young) 4048K->913K(8192K), 0.0008480 secs]
13.340: [GC pause (G1 Evacuation Pause) (young) 3985K->976K(8192K), 0.0011357 secs]
13.343: [GC pause (G1 Evacuation Pause) (young) 4048K->913K(8192K), 0.0008953 secs]
13.346: [GC pause (G1 Evacuation Pause) (young) 3985K->976K(8192K), 0.0011208 secs]
13.349: [GC pause (G1 Evacuation Pause) (young) 4048K->913K(8192K), 0.0008035 secs]
13.352: [GC pause (G1 Evacuation Pause) (young) 3985K->976K(8192K), 0.0011973 secs]
13.355: [GC pause (G1 Evacuation Pause) (young) 4048K->913K(8192K), 0.0008645 secs]
13.358: [GC pause (G1 Evacuation Pause) (young) 3985K->976K(8192K), 0.0011478 secs]
13.361: [GC pause (G1 Evacuation Pause) (young) 4048K->913K(8192K), 0.0007985 secs]
13.364: [GC pause (G1 Evacuation Pause) (young) 3985K->976K(8192K), 0.0011401 secs]
13.368: [GC pause (G1 Evacuation Pause) (young) 4048K->913K(8192K), 0.0008029 secs]
13.370: [GC pause (G1 Evacuation Pause) (young) 3985K->976K(8192K), 0.0011280 secs]
13.374: [GC pause (G1 Evacuation Pause) (young) 4048K->913K(8192K), 0.0008178 secs]
13.377: [GC pause (G1 Evacuation Pause) (young) 3985K->976K(8192K), 0.0011555 secs]
13.380: [GC pause (G1 Evacuation Pause) (young) 4048K->913K(8192K), 0.0008029 secs]
13.383: [GC pause (G1 Evacuation Pause) (young) 3985K->976K(8192K), 0.0011225 secs]
13.386: [GC pause (G1 Evacuation Pause) (young) 4048K->913K(8192K), 0.0008112 secs]
13.389: [GC pause (G1 Evacuation Pause) (young) 3985K->976K(8192K), 0.0011307 secs]
13.392: [GC pause (G1 Evacuation Pause) (young) 4048K->913K(8192K), 0.0008161 secs]
13.395: [GC pause (G1 Evacuation Pause) (young) 3985K->976K(8192K), 0.0011665 secs]
13.399: [GC pause (G1 Evacuation Pause) (young) 4048K->913K(8192K), 0.0008453 secs]
13.402: [GC pause (G1 Evacuation Pause) (young) 3985K->976K(8192K), 0.0011274 secs]
13.405: [GC pause (G1 Evacuation Pause) (young) 4048K->913K(8192K), 0.0008123 secs]
13.408: [GC pause (G1 Evacuation Pause) (young) 3985K->976K(8192K), 0.0011340 secs]
13.411: [GC pause (G1 Evacuation Pause) (young) 4048K->913K(8192K), 0.0008238 secs]
13.414: [GC pause (G1 Evacuation Pause) (young) 3985K->976K(8192K), 0.0011208 secs]
13.417: [GC pause (G1 Evacuation Pause) (young) 4048K->913K(8192K), 0.0008343 secs]
13.420: [GC pause (G1 Evacuation Pause) (young) 3985K->976K(8192K), 0.0011527 secs]
13.423: [GC pause (G1 Evacuation Pause) (young) 4048K->913K(8192K), 0.0008161 secs]
13.426: [GC pause (G1 Evacuation Pause) (young) 3985K->976K(8192K), 0.0011324 secs]
13.429: [GC pause (G1 Evacuation Pause) (young) 4048K->913K(8192K), 0.0008128 secs]
13.432: [GC pause (G1 Evacuation Pause) (young) 3985K->976K(8192K), 0.0012424 secs]
13.436: [GC pause (G1 Evacuation Pause) (young) 4048K->913K(8192K), 0.0008106 secs]
13.439: [GC pause (G1 Evacuation Pause) (young) 3985K->976K(8192K), 0.0011329 secs]
13.442: [GC pause (G1 Evacuation Pause) (young) 4048K->913K(8192K), 0.0008502 secs]
13.445: [GC pause (G1 Evacuation Pause) (young) 3985K->976K(8192K), 0.0011241 secs]
13.448: [GC pause (G1 Evacuation Pause) (young) 4048K->913K(8192K), 0.0008227 secs]
13.451: [GC pause (G1 Evacuation Pause) (young) 3985K->976K(8192K), 0.0011478 secs]
13.454: [GC pause (G1 Evacuation Pause) (young) 4048K->913K(8192K), 0.0007985 secs]
13.457: [GC pause (G1 Evacuation Pause) (young) 3985K->976K(8192K), 0.0011533 secs]
13.460: [GC pause (G1 Evacuation Pause) (young) 4048K->913K(8192K), 0.0008271 secs]
13.463: [GC pause (G1 Evacuation Pause) (young) 3985K->976K(8192K), 0.0011247 secs]
13.467: [GC pause (G1 Evacuation Pause) (young) 4048K->913K(8192K), 0.0008134 secs]
13.469: [GC pause (G1 Evacuation Pause) (young) 3985K->976K(8192K), 0.0011335 secs]
13.473: [GC pause (G1 Evacuation Pause) (young) 4048K->913K(8192K), 0.0008172 secs]
13.476: [GC pause (G1 Evacuation Pause) (young) 3985K->976K(8192K), 0.0011153 secs]
13.479: [GC pause (G1 Evacuation Pause) (young) 4048K->913K(8192K), 0.0008128 secs]
13.482: [GC pause (G1 Evacuation Pause) (young) 3985K->976K(8192K), 0.0011538 secs]
13.485: [GC pause (G1 Evacuation Pause) (young) 4048K->913K(8192K), 0.0008755 secs]
13.488: [GC pause (G1 Evacuation Pause) (young) 3985K->976K(8192K), 0.0011505 secs]
13.492: [GC pause (G1 Evacuation Pause) (young) 4048K->913K(8192K), 0.0008370 secs]
13.495: [GC pause (G1 Evacuation Pause) (young) 3985K->976K(8192K), 0.0011247 secs]
13.498: [GC pause (G1 Evacuation Pause) (young) 4048K->913K(8192K), 0.0008222 secs]
13.501: [GC pause (G1 Evacuation Pause) (young) 3985K->976K(8192K), 0.0011258 secs]
13.504: [GC pause (G1 Evacuation Pause) (young) 4048K->913K(8192K), 0.0008464 secs]
13.507: [GC pause (G1 Evacuation Pause) (young) 3985K->976K(8192K), 0.0011417 secs]
13.510: [GC pause (G1 Evacuation Pause) (young) 4048K->913K(8192K), 0.0008128 secs]
13.513: [GC pause (G1 Evacuation Pause) (young) 3985K->976K(8192K), 0.0011175 secs]
13.516: [GC pause (G1 Evacuation Pause) (young) 4048K->913K(8192K), 0.0008139 secs]
13.519: [GC pause (G1 Evacuation Pause) (young) 3985K->976K(8192K), 0.0011346 secs]
13.522: [GC pause (G1 Evacuation Pause) (young) 4048K->913K(8192K), 0.0008843 secs]
13.525: [GC pause (G1 Evacuation Pause) (young) 3985K->976K(8192K), 0.0012127 secs]
13.529: [GC pause (G1 Evacuation Pause) (young) 4048K->913K(8192K), 0.0008117 secs]
13.532: [GC pause (G1 Evacuation Pause) (young) 3985K->976K(8192K), 0.0011296 secs]
13.535: [GC pause (G1 Evacuation Pause) (young) 4048K->913K(8192K), 0.0008051 secs]
13.538: [GC pause (G1 Evacuation Pause) (young) 3985K->976K(8192K), 0.0011258 secs]
13.541: [GC pause (G1 Evacuation Pause) (young) 4048K->913K(8192K), 0.0008106 secs]
13.544: [GC pause (G1 Evacuation Pause) (young) 3985K->976K(8192K), 0.0011533 secs]
13.547: [GC pause (G1 Evacuation Pause) (young) 4048K->913K(8192K), 0.0008205 secs]
13.550: [GC pause (G1 Evacuation Pause) (young) 3985K->976K(8192K), 0.0011351 secs]
13.553: [GC pause (G1 Evacuation Pause) (young) 4048K->913K(8192K), 0.0008139 secs]
13.556: [GC pause (G1 Evacuation Pause) (young) 3985K->976K(8192K), 0.0011296 secs]
13.560: [GC pause (G1 Evacuation Pause) (young) 4048K->913K(8192K), 0.0008557 secs]
13.563: [GC pause (G1 Evacuation Pause) (young) 3985K->976K(8192K), 0.0011302 secs]
13.566: [GC pause (G1 Evacuation Pause) (young) 4048K->913K(8192K), 0.0008365 secs]
13.569: [GC pause (G1 Evacuation Pause) (young) 3985K->976K(8192K), 0.0011219 secs]
13.572: [GC pause (G1 Evacuation Pause) (young) 4048K->913K(8192K), 0.0008128 secs]
13.575: [GC pause (G1 Evacuation Pause) (young) 3985K->976K(8192K), 0.0011450 secs]
13.578: [GC pause (G1 Evacuation Pause) (young) 4048K->913K(8192K), 0.0008024 secs]
13.581: [GC pause (G1 Evacuation Pause) (young) 3985K->976K(8192K), 0.0012281 secs]
13.584: [GC pause (G1 Evacuation Pause) (young) 4048K->913K(8192K), 0.0008398 secs]
13.587: [GC pause (G1 Evacuation Pause) (young) 3985K->976K(8192K), 0.0011373 secs]
13.590: [GC pause (G1 Evacuation Pause) (young) 4048K->913K(8192K), 0.0008123 secs]
13.593: [GC pause (G1 Evacuation Pause) (young) 3985K->976K(8192K), 0.0011313 secs]
13.597: [GC pause (G1 Evacuation Pause) (young) 4048K->913K(8192K), 0.0008013 secs]
13.599: [GC pause (G1 Evacuation Pause) (young) 3985K->976K(8192K), 0.0011384 secs]
13.603: [GC pause (G1 Evacuation Pause) (young) 4048K->913K(8192K), 0.0008156 secs]
13.606: [GC pause (G1 Evacuation Pause) (young) 3985K->976K(8192K), 0.0011511 secs]
13.609: [GC pause (G1 Evacuation Pause) (young) 4048K->913K(8192K), 0.0008128 secs]
13.612: [GC pause (G1 Evacuation Pause) (young) 3985K->976K(8192K), 0.0011258 secs]
13.615: [GC pause (G1 Evacuation Pause) (young) 4048K->913K(8192K), 0.0008057 secs]
13.618: [GC pause (G1 Evacuation Pause) (young) 3985K->976K(8192K), 0.0011483 secs]
13.621: [GC pause (G1 Evacuation Pause) (young) 4048K->913K(8192K), 0.0008084 secs]
13.624: [GC pause (G1 Evacuation Pause) (young) 3985K->976K(8192K), 0.0011351 secs]
13.627: [GC pause (G1 Evacuation Pause) (young) 4048K->913K(8192K), 0.0008524 secs]
13.630: [GC pause (G1 Evacuation Pause) (young) 3985K->976K(8192K), 0.0011280 secs]
13.633: [GC pause (G1 Evacuation Pause) (young) 4048K->913K(8192K), 0.0008156 secs]
13.636: [GC pause (G1 Evacuation Pause) (young) 3985K->976K(8192K), 0.0011368 secs]
13.640: [GC pause (G1 Evacuation Pause) (young) 4048K->913K(8192K), 0.0008073 secs]
13.643: [GC pause (G1 Evacuation Pause) (young) 3985K->976K(8192K), 0.0012622 secs]
13.646: [GC pause (G1 Evacuation Pause) (young) 4048K->913K(8192K), 0.0008101 secs]
13.649: [GC pause (G1 Evacuation Pause) (young) 3985K->976K(8192K), 0.0011588 secs]
13.652: [GC pause (G1 Evacuation Pause) (young) 4048K->913K(8192K), 0.0008101 secs]
13.655: [GC pause (G1 Evacuation Pause) (young) 3985K->976K(8192K), 0.0011252 secs]
13.658: [GC pause (G1 Evacuation Pause) (young) 4048K->913K(8192K), 0.0008007 secs]
13.661: [GC pause (G1 Evacuation Pause) (young) 3985K->976K(8192K), 0.0012176 secs]
13.664: [GC pause (G1 Evacuation Pause) (young) 4048K->913K(8192K), 0.0008106 secs]
13.667: [GC pause (G1 Evacuation Pause) (young) 3985K->976K(8192K), 0.0011467 secs]
13.671: [GC pause (G1 Evacuation Pause) (young) 4048K->913K(8192K), 0.0008442 secs]
13.674: [GC pause (G1 Evacuation Pause) (young) 3985K->976K(8192K), 0.0011186 secs]
13.677: [GC pause (G1 Evacuation Pause) (young) 4048K->913K(8192K), 0.0008101 secs]
13.680: [GC pause (G1 Evacuation Pause) (young) 3985K->976K(8192K), 0.0011329 secs]
13.683: [GC pause (G1 Evacuation Pause) (young) 4048K->913K(8192K), 0.0008139 secs]
13.686: [GC pause (G1 Evacuation Pause) (young) 3985K->976K(8192K), 0.0011258 secs]
13.689: [GC pause (G1 Evacuation Pause) (young) 4048K->913K(8192K), 0.0008090 secs]
13.692: [GC pause (G1 Evacuation Pause) (young) 3985K->976K(8192K), 0.0011643 secs]
13.695: [GC pause (G1 Evacuation Pause) (young) 4048K->913K(8192K), 0.0008139 secs]
13.698: [GC pause (G1 Evacuation Pause) (young) 3985K->976K(8192K), 0.0011313 secs]
13.701: [GC pause (G1 Evacuation Pause) (young) 4048K->913K(8192K), 0.0008134 secs]
13.704: [GC pause (G1 Evacuation Pause) (young) 3985K->976K(8192K), 0.0011643 secs]
13.708: [GC pause (G1 Evacuation Pause) (young) 4048K->913K(8192K), 0.0019381 secs]
13.712: [GC pause (G1 Evacuation Pause) (young) 3985K->976K(8192K), 0.0020975 secs]
13.716: [GC pause (G1 Evacuation Pause) (young) 4048K->913K(8192K), 0.0008337 secs]
13.719: [GC pause (G1 Evacuation Pause) (young) 3985K->976K(8192K), 0.0011615 secs]
13.722: [GC pause (G1 Evacuation Pause) (young) 4048K->913K(8192K), 0.0008057 secs]
13.725: [GC pause (G1 Evacuation Pause) (young) 3985K->976K(8192K), 0.0011797 secs]
13.729: [GC pause (G1 Evacuation Pause) (young) 4048K->913K(8192K), 0.0008134 secs]
13.731: [GC pause (G1 Evacuation Pause) (young) 3985K->976K(8192K), 0.0011549 secs]
13.735: [GC pause (G1 Evacuation Pause) (young) 4048K->913K(8192K), 0.0008205 secs]
13.738: [GC pause (G1 Evacuation Pause) (young) 3985K->976K(8192K), 0.0012572 secs]
13.741: [GC pause (G1 Evacuation Pause) (young) 4048K->913K(8192K), 0.0008040 secs]
13.744: [GC pause (G1 Evacuation Pause) (young) 3985K->976K(8192K), 0.0011786 secs]
13.747: [GC pause (G1 Evacuation Pause) (young) 4048K->913K(8192K), 0.0008079 secs]
13.750: [GC pause (G1 Evacuation Pause) (young) 3985K->976K(8192K), 0.0011379 secs]
13.753: [GC pause (G1 Evacuation Pause) (young) 4048K->913K(8192K), 0.0008530 secs]
13.756: [GC pause (G1 Evacuation Pause) (young) 3985K->976K(8192K), 0.0011307 secs]
13.759: [GC pause (G1 Evacuation Pause) (young) 4048K->913K(8192K), 0.0008084 secs]
13.762: [GC pause (G1 Evacuation Pause) (young) 3985K->1003K(8192K), 0.0011989 secs]
13.766: [GC pause (G1 Evacuation Pause) (young) 4075K->913K(8192K), 0.0008183 secs]
13.769: [GC pause (G1 Evacuation Pause) (young) 3985K->976K(8192K), 0.0011318 secs]
13.772: [GC pause (G1 Evacuation Pause) (young) 4048K->913K(8192K), 0.0008161 secs]
13.775: [GC pause (G1 Evacuation Pause) (young) 3985K->976K(8192K), 0.0012495 secs]
13.778: [GC pause (G1 Evacuation Pause) (young) 4048K->913K(8192K), 0.0008051 secs]
13.781: [GC pause (G1 Evacuation Pause) (young) 3985K->976K(8192K), 0.0011379 secs]
13.784: [GC pause (G1 Evacuation Pause) (young) 4048K->913K(8192K), 0.0008458 secs]
13.787: [GC pause (G1 Evacuation Pause) (young) 3985K->976K(8192K), 0.0011786 secs]
13.791: [GC pause (G1 Evacuation Pause) (young) 4048K->913K(8192K), 0.0008200 secs]
13.794: [GC pause (G1 Evacuation Pause) (young) 3985K->976K(8192K), 0.0011263 secs]
13.797: [GC pause (G1 Evacuation Pause) (young) 4048K->913K(8192K), 0.0008057 secs]
13.800: [GC pause (G1 Evacuation Pause) (young) 3985K->976K(8192K), 0.0011296 secs]
13.803: [GC pause (G1 Evacuation Pause) (young) 4048K->913K(8192K), 0.0008095 secs]
13.806: [GC pause (G1 Evacuation Pause) (young) 3985K->976K(8192K), 0.0011285 secs]
13.809: [GC pause (G1 Evacuation Pause) (young) 4048K->913K(8192K), 0.0008062 secs]
13.812: [GC pause (G1 Evacuation Pause) (young) 3985K->976K(8192K), 0.0011296 secs]
13.815: [GC pause (G1 Evacuation Pause) (young) 4048K->913K(8192K), 0.0008145 secs]
13.818: [GC pause (G1 Evacuation Pause) (young) 3985K->976K(8192K), 0.0011346 secs]
13.821: [GC pause (G1 Evacuation Pause) (young) 4048K->913K(8192K), 0.0008249 secs]
13.824: [GC pause (G1 Evacuation Pause) (young) 3985K->976K(8192K), 0.0011841 secs]
13.828: [GC pause (G1 Evacuation Pause) (young) 4048K->913K(8192K), 0.0008612 secs]
13.831: [GC pause (G1 Evacuation Pause) (young) 3985K->976K(8192K), 0.0011885 secs]
13.834: [GC pause (G1 Evacuation Pause) (young) 4048K->913K(8192K), 0.0008172 secs]
13.837: [GC pause (G1 Evacuation Pause) (young) 3985K->976K(8192K), 0.0011604 secs]
13.840: [GC pause (G1 Evacuation Pause) (young) 4048K->913K(8192K), 0.0009085 secs]
13.843: [GC pause (G1 Evacuation Pause) (young) 3985K->976K(8192K), 0.0011533 secs]
13.846: [GC pause (G1 Evacuation Pause) (young) 4048K->913K(8192K), 0.0008414 secs]
13.849: [GC pause (G1 Evacuation Pause) (young) 3985K->976K(8192K), 0.0011577 secs]
13.853: [GC pause (G1 Evacuation Pause) (young) 4048K->913K(8192K), 0.0010460 secs]
13.856: [GC pause (G1 Evacuation Pause) (young) 3985K->976K(8192K), 0.0011527 secs]
13.859: [GC pause (G1 Evacuation Pause) (young) 4048K->913K(8192K), 0.0008123 secs]
13.862: [GC pause (G1 Evacuation Pause) (young) 3985K->976K(8192K), 0.0011346 secs]
13.865: [GC pause (G1 Evacuation Pause) (young) 4048K->913K(8192K), 0.0008128 secs]
13.868: [GC pause (G1 Evacuation Pause) (young) 3985K->976K(8192K), 0.0012336 secs]
13.871: [GC pause (G1 Evacuation Pause) (young) 4048K->913K(8192K), 0.0008040 secs]
13.874: [GC pause (G1 Evacuation Pause) (young) 3985K->976K(8192K), 0.0011324 secs]
13.877: [GC pause (G1 Evacuation Pause) (young) 4048K->913K(8192K), 0.0008486 secs]
13.880: [GC pause (G1 Evacuation Pause) (young) 3985K->976K(8192K), 0.0011181 secs]
13.884: [GC pause (G1 Evacuation Pause) (young) 4048K->913K(8192K), 0.0008200 secs]
13.886: [GC pause (G1 Evacuation Pause) (young) 3985K->1003K(8192K), 0.0012099 secs]
13.890: [GC pause (G1 Evacuation Pause) (young) 4075K->913K(8192K), 0.0008095 secs]
13.893: [GC pause (G1 Evacuation Pause) (young) 3985K->976K(8192K), 0.0011186 secs]
13.896: [GC pause (G1 Evacuation Pause) (young) 4048K->913K(8192K), 0.0008106 secs]
13.899: [GC pause (G1 Evacuation Pause) (young) 3985K->976K(8192K), 0.0011489 secs]
13.902: [GC pause (G1 Evacuation Pause) (young) 4048K->913K(8192K), 0.0008035 secs]
13.905: [GC pause (G1 Evacuation Pause) (young) 3985K->976K(8192K), 0.0011307 secs]
13.908: [GC pause (G1 Evacuation Pause) (young) 4048K->913K(8192K), 0.0009646 secs]
13.911: [GC pause (G1 Evacuation Pause) (young) 3985K->976K(8192K), 0.0011285 secs]
13.915: [GC pause (G1 Evacuation Pause) (young) 4048K->913K(8192K), 0.0008112 secs]
13.918: [GC pause (G1 Evacuation Pause) (young) 3985K->976K(8192K), 0.0011599 secs]
13.921: [GC pause (G1 Evacuation Pause) (young) 4048K->913K(8192K), 0.0008178 secs]
13.924: [GC pause (G1 Evacuation Pause) (young) 3985K->976K(8192K), 0.0011219 secs]
13.927: [GC pause (G1 Evacuation Pause) (young) 4048K->913K(8192K), 0.0008068 secs]
13.930: [GC pause (G1 Evacuation Pause) (young) 3985K->976K(8192K), 0.0011340 secs]
13.933: [GC pause (G1 Evacuation Pause) (young) 4048K->913K(8192K), 0.0007985 secs]
13.936: [GC pause (G1 Evacuation Pause) (young) 3985K->976K(8192K), 0.0011918 secs]
13.939: [GC pause (G1 Evacuation Pause) (young) 4048K->913K(8192K), 0.0008112 secs]
13.942: [GC pause (G1 Evacuation Pause) (young) 3985K->976K(8192K), 0.0012567 secs]
13.946: [GC pause (G1 Evacuation Pause) (young) 4048K->913K(8192K), 0.0008178 secs]
13.948: [GC pause (G1 Evacuation Pause) (young) 3985K->976K(8192K), 0.0011203 secs]
13.952: [GC pause (G1 Evacuation Pause) (young) 4048K->913K(8192K), 0.0008040 secs]
13.955: [GC pause (G1 Evacuation Pause) (young) 3985K->976K(8192K), 0.0011901 secs]
13.958: [GC pause (G1 Evacuation Pause) (young) 4048K->913K(8192K), 0.0008304 secs]
13.961: [GC pause (G1 Evacuation Pause) (young) 3985K->976K(8192K), 0.0011703 secs]
13.964: [GC pause (G1 Evacuation Pause) (young) 4048K->913K(8192K), 0.0008046 secs]
13.967: [GC pause (G1 Evacuation Pause) (young) 3985K->976K(8192K), 0.0011335 secs]
13.970: [GC pause (G1 Evacuation Pause) (young) 4048K->913K(8192K), 0.0008035 secs]
13.973: [GC pause (G1 Evacuation Pause) (young) 3985K->976K(8192K), 0.0012358 secs]
13.976: [GC pause (G1 Evacuation Pause) (young) 4048K->913K(8192K), 0.0008117 secs]
13.979: [GC pause (G1 Evacuation Pause) (young) 3985K->976K(8192K), 0.0011549 secs]
13.982: [GC pause (G1 Evacuation Pause) (young) 4048K->913K(8192K), 0.0008172 secs]
13.985: [GC pause (G1 Evacuation Pause) (young) 3985K->976K(8192K), 0.0011373 secs]
13.989: [GC pause (G1 Evacuation Pause) (young) 4048K->913K(8192K), 0.0011087 secs]
13.992: [GC pause (G1 Evacuation Pause) (young) 3985K->976K(8192K), 0.0011291 secs]
13.995: [GC pause (G1 Evacuation Pause) (young) 4048K->913K(8192K), 0.0008046 secs]
13.998: [GC pause (G1 Evacuation Pause) (young) 3985K->976K(8192K), 0.0011555 secs]
14.001: [GC pause (G1 Evacuation Pause) (young) 4048K->913K(8192K), 0.0008046 secs]
14.004: [GC pause (G1 Evacuation Pause) (young) 3985K->976K(8192K), 0.0011373 secs]
14.007: [GC pause (G1 Evacuation Pause) (young) 4048K->913K(8192K), 0.0008794 secs]
14.010: [GC pause (G1 Evacuation Pause) (young) 3985K->976K(8192K), 0.0011544 secs]
14.014: [GC pause (G1 Evacuation Pause) (young) 4048K->913K(8192K), 0.0008106 secs]
14.016: [GC pause (G1 Evacuation Pause) (young) 3985K->976K(8192K), 0.0011252 secs]
14.020: [GC pause (G1 Evacuation Pause) (young) 4048K->913K(8192K), 0.0008084 secs]
14.023: [GC pause (G1 Evacuation Pause) (young) 3985K->976K(8192K), 0.0011505 secs]
14.026: [GC pause (G1 Evacuation Pause) (young) 4048K->913K(8192K), 0.0008134 secs]
14.029: [GC pause (G1 Evacuation Pause) (young) 3985K->976K(8192K), 0.0011142 secs]
14.032: [GC pause (G1 Evacuation Pause) (young) 4048K->913K(8192K), 0.0008029 secs]
14.035: [GC pause (G1 Evacuation Pause) (young) 3985K->976K(8192K), 0.0011340 secs]
14.038: [GC pause (G1 Evacuation Pause) (young) 4048K->913K(8192K), 0.0008123 secs]
14.041: [GC pause (G1 Evacuation Pause) (young) 3985K->976K(8192K), 0.0011461 secs]
14.044: [GC pause (G1 Evacuation Pause) (young) 4048K->913K(8192K), 0.0009355 secs]
14.047: [GC pause (G1 Evacuation Pause) (young) 3985K->976K(8192K), 0.0011560 secs]
14.051: [GC pause (G1 Evacuation Pause) (young) 4048K->913K(8192K), 0.0008002 secs]
14.053: [GC pause (G1 Evacuation Pause) (young) 3985K->976K(8192K), 0.0011973 secs]
14.057: [GC pause (G1 Evacuation Pause) (young) 4048K->913K(8192K), 0.0008007 secs]
14.060: [GC pause (G1 Evacuation Pause) (young) 3985K->976K(8192K), 0.0011258 secs]
14.063: [GC pause (G1 Evacuation Pause) (young) 4048K->913K(8192K), 0.0008843 secs]
14.066: [GC pause (G1 Evacuation Pause) (young) 3985K->976K(8192K), 0.0011236 secs]
14.069: [GC pause (G1 Evacuation Pause) (young) 4048K->913K(8192K), 0.0008464 secs]
14.072: [GC pause (G1 Evacuation Pause) (young) 3985K->976K(8192K), 0.0011291 secs]
14.075: [GC pause (G1 Evacuation Pause) (young) 4048K->913K(8192K), 0.0008057 secs]
14.078: [GC pause (G1 Evacuation Pause) (young) 3985K->976K(8192K), 0.0012006 secs]
14.082: [GC pause (G1 Evacuation Pause) (young) 4048K->913K(8192K), 0.0008101 secs]
14.084: [GC pause (G1 Evacuation Pause) (young) 3985K->976K(8192K), 0.0011599 secs]
14.088: [GC pause (G1 Evacuation Pause) (young) 4048K->913K(8192K), 0.0008189 secs]
14.091: [GC pause (G1 Evacuation Pause) (young) 3985K->976K(8192K), 0.0012732 secs]
14.094: [GC pause (G1 Evacuation Pause) (young) 4048K->913K(8192K), 0.0008139 secs]
14.097: [GC pause (G1 Evacuation Pause) (young) 3985K->976K(8192K), 0.0011263 secs]
14.100: [GC pause (G1 Evacuation Pause) (young) 4048K->913K(8192K), 0.0008128 secs]
14.103: [GC pause (G1 Evacuation Pause) (young) 3985K->976K(8192K), 0.0012099 secs]
14.106: [GC pause (G1 Evacuation Pause) (young) 4048K->913K(8192K), 0.0008684 secs]
14.109: [GC pause (G1 Evacuation Pause) (young) 3985K->976K(8192K), 0.0011313 secs]
14.113: [GC pause (G1 Evacuation Pause) (young) 4048K->913K(8192K), 0.0008024 secs]
14.115: [GC pause (G1 Evacuation Pause) (young) 3985K->976K(8192K), 0.0011258 secs]
14.119: [GC pause (G1 Evacuation Pause) (young) 4048K->913K(8192K), 0.0008189 secs]
14.122: [GC pause (G1 Evacuation Pause) (young) 3985K->976K(8192K), 0.0011401 secs]
14.125: [GC pause (G1 Evacuation Pause) (young) 4048K->913K(8192K), 0.0008706 secs]
14.128: [GC pause (G1 Evacuation Pause) (young) 3985K->976K(8192K), 0.0011423 secs]
14.132: [GC pause (G1 Evacuation Pause) (young) 4048K->913K(8192K), 0.0008777 secs]
14.135: [GC pause (G1 Evacuation Pause) (young) 3985K->976K(8192K), 0.0011516 secs]
14.138: [GC pause (G1 Evacuation Pause) (young) 4048K->913K(8192K), 0.0009157 secs]
14.141: [GC pause (G1 Evacuation Pause) (young) 3985K->976K(8192K), 0.0011588 secs]
14.145: [GC pause (G1 Evacuation Pause) (young) 4048K->913K(8192K), 0.0008321 secs]
14.148: [GC pause (G1 Evacuation Pause) (young) 3985K->976K(8192K), 0.0013331 secs]
14.151: [GC pause (G1 Evacuation Pause) (young) 4048K->913K(8192K), 0.0008447 secs]
14.155: [GC pause (G1 Evacuation Pause) (young) 3985K->976K(8192K), 0.0011923 secs]
14.159: [GC pause (G1 Evacuation Pause) (young) 4048K->913K(8192K), 0.0008244 secs]
14.162: [GC pause (G1 Evacuation Pause) (young) 3985K->976K(8192K), 0.0012237 secs]
14.166: [GC pause (G1 Evacuation Pause) (young) 4048K->913K(8192K), 0.0008519 secs]
14.169: [GC pause (G1 Evacuation Pause) (young) 3985K->976K(8192K), 0.0011599 secs]
14.172: [GC pause (G1 Evacuation Pause) (young) 4048K->913K(8192K), 0.0008095 secs]
14.175: [GC pause (G1 Evacuation Pause) (young) 3985K->976K(8192K), 0.0011461 secs]
14.178: [GC pause (G1 Evacuation Pause) (young) 4048K->913K(8192K), 0.0008552 secs]
14.181: [GC pause (G1 Evacuation Pause) (young) 3985K->976K(8192K), 0.0011615 secs]
14.184: [GC pause (G1 Evacuation Pause) (young) 4048K->913K(8192K), 0.0008046 secs]
14.187: [GC pause (G1 Evacuation Pause) (young) 3985K->976K(8192K), 0.0011296 secs]
14.190: [GC pause (G1 Evacuation Pause) (young) 4048K->913K(8192K), 0.0008035 secs]
14.193: [GC pause (G1 Evacuation Pause) (young) 3985K->1003K(8192K), 0.0013644 secs]
14.197: [GC pause (G1 Evacuation Pause) (young) 4075K->913K(8192K), 0.0008161 secs]
14.200: [GC pause (G1 Evacuation Pause) (young) 3985K->976K(8192K), 0.0011758 secs]
14.203: [GC pause (G1 Evacuation Pause) (young) 4048K->913K(8192K), 0.0008915 secs]
14.206: [GC pause (G1 Evacuation Pause) (young) 3985K->976K(8192K), 0.0011467 secs]
14.210: [GC pause (G1 Evacuation Pause) (young) 4048K->913K(8192K), 0.0008277 secs]
14.213: [GC pause (G1 Evacuation Pause) (young) 3985K->976K(8192K), 0.0025397 secs]
14.217: [GC pause (G1 Evacuation Pause) (young) 4048K->913K(8192K), 0.0008211 secs]
14.220: [GC pause (G1 Evacuation Pause) (young) 3985K->976K(8192K), 0.0011775 secs]
14.223: [GC pause (G1 Evacuation Pause) (young) 4048K->913K(8192K), 0.0008079 secs]
14.226: [GC pause (G1 Evacuation Pause) (young) 3985K->976K(8192K), 0.0011703 secs]
14.230: [GC pause (G1 Evacuation Pause) (young) 4048K->913K(8192K), 0.0008167 secs]
14.233: [GC pause (G1 Evacuation Pause) (young) 3985K->976K(8192K), 0.0011786 secs]
14.236: [GC pause (G1 Evacuation Pause) (young) 4048K->913K(8192K), 0.0008123 secs]
14.239: [GC pause (G1 Evacuation Pause) (young) 3985K->976K(8192K), 0.0011263 secs]
14.242: [GC pause (G1 Evacuation Pause) (young) 4048K->913K(8192K), 0.0010774 secs]
14.245: [GC pause (G1 Evacuation Pause) (young) 3985K->976K(8192K), 0.0011758 secs]
14.248: [GC pause (G1 Evacuation Pause) (young) 4048K->913K(8192K), 0.0008068 secs]
14.251: [GC pause (G1 Evacuation Pause) (young) 3985K->976K(8192K), 0.0011577 secs]
14.255: [GC pause (G1 Evacuation Pause) (young) 4048K->913K(8192K), 0.0008420 secs]
14.257: [GC pause (G1 Evacuation Pause) (young) 3985K->976K(8192K), 0.0011615 secs]
14.261: [GC pause (G1 Evacuation Pause) (young) 4048K->913K(8192K), 0.0008150 secs]
14.264: [GC pause (G1 Evacuation Pause) (young) 3985K->976K(8192K), 0.0011126 secs]
14.267: [GC pause (G1 Evacuation Pause) (young) 4048K->913K(8192K), 0.0008090 secs]
14.270: [GC pause (G1 Evacuation Pause) (young) 3985K->976K(8192K), 0.0011252 secs]
14.273: [GC pause (G1 Evacuation Pause) (young) 4048K->913K(8192K), 0.0009162 secs]
14.276: [GC pause (G1 Evacuation Pause) (young) 3985K->976K(8192K), 0.0011610 secs]
14.279: [GC pause (G1 Evacuation Pause) (young) 4048K->913K(8192K), 0.0008315 secs]
14.282: [GC pause (G1 Evacuation Pause) (young) 3985K->976K(8192K), 0.0011197 secs]
14.285: [GC pause (G1 Evacuation Pause) (young) 4048K->913K(8192K), 0.0008310 secs]
14.288: [GC pause (G1 Evacuation Pause) (young) 3985K->976K(8192K), 0.0011247 secs]
14.292: [GC pause (G1 Evacuation Pause) (young) 4048K->913K(8192K), 0.0007996 secs]
14.295: [GC pause (G1 Evacuation Pause) (young) 3985K->976K(8192K), 0.0011709 secs]
14.298: [GC pause (G1 Evacuation Pause) (young) 4048K->913K(8192K), 0.0008326 secs]
14.301: [GC pause (G1 Evacuation Pause) (young) 3985K->976K(8192K), 0.0011643 secs]
14.304: [GC pause (G1 Evacuation Pause) (young) 4048K->913K(8192K), 0.0008073 secs]
14.307: [GC pause (G1 Evacuation Pause) (young) 3985K->976K(8192K), 0.0011335 secs]
14.310: [GC pause (G1 Evacuation Pause) (young) 4048K->913K(8192K), 0.0008013 secs]
14.313: [GC pause (G1 Evacuation Pause) (young) 3985K->976K(8192K), 0.0011687 secs]
14.316: [GC pause (G1 Evacuation Pause) (young) 4048K->913K(8192K), 0.0008073 secs]
14.319: [GC pause (G1 Evacuation Pause) (young) 3985K->976K(8192K), 0.0011335 secs]
14.323: [GC pause (G1 Evacuation Pause) (young) 4048K->913K(8192K), 0.0008128 secs]
14.325: [GC pause (G1 Evacuation Pause) (young) 3985K->976K(8192K), 0.0011307 secs]
14.329: [GC pause (G1 Evacuation Pause) (young) 4048K->913K(8192K), 0.0008139 secs]
14.332: [GC pause (G1 Evacuation Pause) (young) 3985K->976K(8192K), 0.0011791 secs]
14.335: [GC pause (G1 Evacuation Pause) (young) 4048K->913K(8192K), 0.0008046 secs]
14.338: [GC pause (G1 Evacuation Pause) (young) 3985K->976K(8192K), 0.0011395 secs]
14.341: [GC pause (G1 Evacuation Pause) (young) 4048K->913K(8192K), 0.0008073 secs]
14.344: [GC pause (G1 Evacuation Pause) (young) 3985K->976K(8192K), 0.0011621 secs]
14.347: [GC pause (G1 Evacuation Pause) (young) 4048K->913K(8192K), 0.0008013 secs]
14.350: [GC pause (G1 Evacuation Pause) (young) 3985K->976K(8192K), 0.0011593 secs]
14.353: [GC pause (G1 Evacuation Pause) (young) 4048K->913K(8192K), 0.0008310 secs]
14.356: [GC pause (G1 Evacuation Pause) (young) 3985K->976K(8192K), 0.0011588 secs]
14.359: [GC pause (G1 Evacuation Pause) (young) 4048K->913K(8192K), 0.0008139 secs]
14.362: [GC pause (G1 Evacuation Pause) (young) 3985K->976K(8192K), 0.0011923 secs]
14.366: [GC pause (G1 Evacuation Pause) (young) 4048K->913K(8192K), 0.0008040 secs]
14.368: [GC pause (G1 Evacuation Pause) (young) 3985K->976K(8192K), 0.0079771 secs]
14.379: [GC pause (G1 Evacuation Pause) (young) 4048K->913K(8192K), 0.0008403 secs]
14.382: [GC pause (G1 Evacuation Pause) (young) 3985K->976K(8192K), 0.0011742 secs]
14.386: [GC pause (G1 Evacuation Pause) (young) 4048K->913K(8192K), 0.0375973 secs]
14.426: [GC pause (G1 Evacuation Pause) (young) 3985K->976K(8192K), 0.0014469 secs]
14.430: [GC pause (G1 Evacuation Pause) (young) 4048K->913K(8192K), 0.0040785 secs]
14.436: [GC pause (G1 Evacuation Pause) (young) 3985K->976K(8192K), 0.0376380 secs]
14.477: [GC pause (G1 Evacuation Pause) (young) 4048K->913K(8192K), 0.0071929 secs]
14.486: [GC pause (G1 Evacuation Pause) (young) 3985K->976K(8192K), 0.0017753 secs]
14.490: [GC pause (G1 Evacuation Pause) (young) 4048K->913K(8192K), 0.0010207 secs]
14.493: [GC pause (G1 Evacuation Pause) (young) 3985K->976K(8192K), 0.0019084 secs]
14.497: [GC pause (G1 Evacuation Pause) (young) 4048K->913K(8192K), 0.0008332 secs]
14.500: [GC pause (G1 Evacuation Pause) (young) 3985K->976K(8192K), 0.0011280 secs]
14.504: [GC pause (G1 Evacuation Pause) (young) 4048K->913K(8192K), 0.0008304 secs]
14.507: [GC pause (G1 Evacuation Pause) (young) 3985K->976K(8192K), 0.0011450 secs]
14.510: [GC pause (G1 Evacuation Pause) (young) 4048K->913K(8192K), 0.0009624 secs]
14.513: [GC pause (G1 Evacuation Pause) (young) 3985K->976K(8192K), 0.0012204 secs]
14.516: [GC pause (G1 Evacuation Pause) (young) 4048K->913K(8192K), 0.0008106 secs]
14.519: [GC pause (G1 Evacuation Pause) (young) 3985K->976K(8192K), 0.0011439 secs]
14.523: [GC pause (G1 Evacuation Pause) (young) 4048K->913K(8192K), 0.0008403 secs]
14.526: [GC pause (G1 Evacuation Pause) (young) 3985K->976K(8192K), 0.0014145 secs]
14.529: [GC pause (G1 Evacuation Pause) (young) 4048K->913K(8192K), 0.0008348 secs]
14.533: [GC pause (G1 Evacuation Pause) (young) 3985K->976K(8192K), 0.0011368 secs]
14.536: [GC pause (G1 Evacuation Pause) (young) 4048K->913K(8192K), 0.0009058 secs]
14.539: [GC pause (G1 Evacuation Pause) (young) 3985K->1003K(8192K), 0.0016829 secs]
14.543: [GC pause (G1 Evacuation Pause) (young) 4075K->913K(8192K), 0.0008975 secs]
14.546: [GC pause (G1 Evacuation Pause) (young) 3985K->976K(8192K), 0.0011692 secs]
14.549: [GC pause (G1 Evacuation Pause) (young) 4048K->913K(8192K), 0.0008233 secs]
14.552: [GC pause (G1 Evacuation Pause) (young) 3985K->976K(8192K), 0.0011467 secs]
14.556: [GC pause (G1 Evacuation Pause) (young) 4048K->913K(8192K), 0.0008073 secs]
14.558: [GC pause (G1 Evacuation Pause) (young) 3985K->976K(8192K), 0.0015982 secs]
14.562: [GC pause (G1 Evacuation Pause) (young) 4048K->913K(8192K), 0.0008101 secs]
14.565: [GC pause (G1 Evacuation Pause) (young) 3985K->976K(8192K), 0.0011362 secs]
14.568: [GC pause (G1 Evacuation Pause) (young) 4048K->913K(8192K), 0.0008662 secs]
14.571: [GC pause (G1 Evacuation Pause) (young) 3985K->1003K(8192K), 0.0019831 secs]
14.576: [GC pause (G1 Evacuation Pause) (young) 4075K->913K(8192K), 0.0008453 secs]
14.579: [GC pause (G1 Evacuation Pause) (young) 3985K->976K(8192K), 0.0011252 secs]
14.582: [GC pause (G1 Evacuation Pause) (young) 4048K->913K(8192K), 0.0008513 secs]
14.585: [GC pause (G1 Evacuation Pause) (young) 3985K->976K(8192K), 0.0011808 secs]
14.588: [GC pause (G1 Evacuation Pause) (young) 4048K->913K(8192K), 0.0008612 secs]
14.591: [GC pause (G1 Evacuation Pause) (young) 3985K->976K(8192K), 0.0012374 secs]
14.595: [GC pause (G1 Evacuation Pause) (young) 4048K->913K(8192K), 0.0008106 secs]
14.598: [GC pause (G1 Evacuation Pause) (young) 3985K->976K(8192K), 0.0011483 secs]
14.601: [GC pause (G1 Evacuation Pause) (young) 4048K->913K(8192K), 0.0008519 secs]
14.604: [GC pause (G1 Evacuation Pause) (young) 3985K->976K(8192K), 0.0012820 secs]
14.607: [GC pause (G1 Evacuation Pause) (young) 4048K->913K(8192K), 0.0008233 secs]
14.611: [GC pause (G1 Evacuation Pause) (young) 3985K->976K(8192K), 0.0011588 secs]
14.614: [GC pause (G1 Evacuation Pause) (young) 4048K->913K(8192K), 0.0008348 secs]
14.617: [GC pause (G1 Evacuation Pause) (young) 3985K->1003K(8192K), 0.0018072 secs]
14.621: [GC pause (G1 Evacuation Pause) (young) 4075K->913K(8192K), 0.0008194 secs]
14.624: [GC pause (G1 Evacuation Pause) (young) 3985K->976K(8192K), 0.0011582 secs]
14.627: [GC pause (G1 Evacuation Pause) (young) 4048K->913K(8192K), 0.0008123 secs]
14.630: [GC pause (G1 Evacuation Pause) (young) 3985K->976K(8192K), 0.0011643 secs]
14.633: [GC pause (G1 Evacuation Pause) (young) 4048K->913K(8192K), 0.0015481 secs]
14.637: [GC pause (G1 Evacuation Pause) (young) 3985K->976K(8192K), 0.0012649 secs]
14.640: [GC pause (G1 Evacuation Pause) (young) 4048K->913K(8192K), 0.0008266 secs]
14.643: [GC pause (G1 Evacuation Pause) (young) 3985K->976K(8192K), 0.0012484 secs]
14.647: [GC pause (G1 Evacuation Pause) (young) 4048K->913K(8192K), 0.0008937 secs]
14.650: [GC pause (G1 Evacuation Pause) (young) 3985K->976K(8192K), 0.0013463 secs]
14.653: [GC pause (G1 Evacuation Pause) (young) 4048K->913K(8192K), 0.0008629 secs]
14.656: [GC pause (G1 Evacuation Pause) (young) 3985K->976K(8192K), 0.0011357 secs]
14.659: [GC pause (G1 Evacuation Pause) (young) 4048K->913K(8192K), 0.0008035 secs]
14.662: [GC pause (G1 Evacuation Pause) (young) 3985K->1003K(8192K), 0.0012044 secs]
14.666: [GC pause (G1 Evacuation Pause) (young) 4075K->913K(8192K), 0.0009641 secs]
14.669: [GC pause (G1 Evacuation Pause) (young) 3985K->976K(8192K), 0.0011472 secs]
14.672: [GC pause (G1 Evacuation Pause) (young) 4048K->913K(8192K), 0.0008640 secs]
14.675: [GC pause (G1 Evacuation Pause) (young) 3985K->976K(8192K), 0.0011384 secs]
14.679: [GC pause (G1 Evacuation Pause) (young) 4048K->913K(8192K), 0.0008414 secs]
14.682: [GC pause (G1 Evacuation Pause) (young) 3985K->976K(8192K), 0.0011241 secs]
14.685: [GC pause (G1 Evacuation Pause) (young) 4048K->913K(8192K), 0.0008161 secs]
14.688: [GC pause (G1 Evacuation Pause) (young) 3985K->976K(8192K), 0.0012660 secs]
14.691: [GC pause (G1 Evacuation Pause) (young) 4048K->913K(8192K), 0.0008651 secs]
14.694: [GC pause (G1 Evacuation Pause) (young) 3985K->976K(8192K), 0.0012429 secs]
14.698: [GC pause (G1 Evacuation Pause) (young) 4048K->913K(8192K), 0.0008392 secs]
14.701: [GC pause (G1 Evacuation Pause) (young) 3985K->976K(8192K), 0.0011769 secs]
14.704: [GC pause (G1 Evacuation Pause) (young) 4048K->913K(8192K), 0.0008178 secs]
14.707: [GC pause (G1 Evacuation Pause) (young) 3985K->1003K(8192K), 0.0026612 secs]
14.712: [GC pause (G1 Evacuation Pause) (young) 4075K->913K(8192K), 0.0010235 secs]
14.715: [GC pause (G1 Evacuation Pause) (young) 3985K->976K(8192K), 0.0018479 secs]
14.719: [GC pause (G1 Evacuation Pause) (young) 4048K->913K(8192K), 0.0014084 secs]
14.723: [GC pause (G1 Evacuation Pause) (young) 3985K->976K(8192K), 0.0011527 secs]
14.726: [GC pause (G1 Evacuation Pause) (young) 4048K->913K(8192K), 0.0008205 secs]
14.729: [GC pause (G1 Evacuation Pause) (young) 3985K->976K(8192K), 0.0011423 secs]
14.733: [GC pause (G1 Evacuation Pause) (young) 4048K->913K(8192K), 0.0008530 secs]
14.736: [GC pause (G1 Evacuation Pause) (young) 3985K->976K(8192K), 0.0014068 secs]
14.739: [GC pause (G1 Evacuation Pause) (young) 4048K->913K(8192K), 0.0008051 secs]
14.742: [GC pause (G1 Evacuation Pause) (young) 3985K->976K(8192K), 0.0013073 secs]
14.746: [GC pause (G1 Evacuation Pause) (young) 4048K->913K(8192K), 0.0008700 secs]
14.749: [GC pause (G1 Evacuation Pause) (young) 3985K->976K(8192K), 0.0011676 secs]
14.752: [GC pause (G1 Evacuation Pause) (young) 4048K->913K(8192K), 0.0008233 secs]
14.755: [GC pause (G1 Evacuation Pause) (young) 3985K->976K(8192K), 0.0011659 secs]
14.758: [GC pause (G1 Evacuation Pause) (young) 4048K->913K(8192K), 0.0012105 secs]
14.762: [GC pause (G1 Evacuation Pause) (young) 3985K->976K(8192K), 0.0011428 secs]
14.765: [GC pause (G1 Evacuation Pause) (young) 4048K->913K(8192K), 0.0008194 secs]
14.768: [GC pause (G1 Evacuation Pause) (young) 3985K->976K(8192K), 0.0011186 secs]
14.771: [GC pause (G1 Evacuation Pause) (young) 4048K->913K(8192K), 0.0008293 secs]
14.774: [GC pause (G1 Evacuation Pause) (young) 3985K->976K(8192K), 0.0013232 secs]
14.778: [GC pause (G1 Evacuation Pause) (young) 4048K->913K(8192K), 0.0008216 secs]
14.780: [GC pause (G1 Evacuation Pause) (young) 3985K->976K(8192K), 0.0011280 secs]
14.784: [GC pause (G1 Evacuation Pause) (young) 4048K->913K(8192K), 0.0008051 secs]
14.787: [GC pause (G1 Evacuation Pause) (young) 3985K->976K(8192K), 0.0011219 secs]
14.790: [GC pause (G1 Evacuation Pause) (young) 4048K->913K(8192K), 0.0016185 secs]
14.794: [GC pause (G1 Evacuation Pause) (young) 3985K->976K(8192K), 0.0011665 secs]
14.797: [GC pause (G1 Evacuation Pause) (young) 4048K->913K(8192K), 0.0012446 secs]
14.801: [GC pause (G1 Evacuation Pause) (young) 3985K->976K(8192K), 0.0011335 secs]
14.804: [GC pause (G1 Evacuation Pause) (young) 4048K->913K(8192K), 0.0008447 secs]
14.807: [GC pause (G1 Evacuation Pause) (young) 3985K->976K(8192K), 0.0011241 secs]
14.810: [GC pause (G1 Evacuation Pause) (young) 4048K->913K(8192K), 0.0008194 secs]
14.813: [GC pause (G1 Evacuation Pause) (young) 3985K->976K(8192K), 0.0015525 secs]
14.817: [GC pause (G1 Evacuation Pause) (young) 4048K->913K(8192K), 0.0008475 secs]
14.820: [GC pause (G1 Evacuation Pause) (young) 3985K->976K(8192K), 0.0011830 secs]
14.823: [GC pause (G1 Evacuation Pause) (young) 4048K->913K(8192K), 0.0008123 secs]
14.826: [GC pause (G1 Evacuation Pause) (young) 3985K->976K(8192K), 0.0011252 secs]
14.829: [GC pause (G1 Evacuation Pause) (young) 4048K->913K(8192K), 0.0013798 secs]
14.833: [GC pause (G1 Evacuation Pause) (young) 3985K->976K(8192K), 0.0011395 secs]
14.836: [GC pause (G1 Evacuation Pause) (young) 4048K->913K(8192K), 0.0008189 secs]
14.839: [GC pause (G1 Evacuation Pause) (young) 3985K->976K(8192K), 0.0011527 secs]
14.842: [GC pause (G1 Evacuation Pause) (young) 4048K->913K(8192K), 0.0009630 secs]
14.845: [GC pause (G1 Evacuation Pause) (young) 3985K->1003K(8192K), 0.0015679 secs]
14.849: [GC pause (G1 Evacuation Pause) (young) 4075K->913K(8192K), 0.0008233 secs]
14.852: [GC pause (G1 Evacuation Pause) (young) 3985K->976K(8192K), 0.0011648 secs]
14.855: [GC pause (G1 Evacuation Pause) (young) 4048K->913K(8192K), 0.0008288 secs]
14.858: [GC pause (G1 Evacuation Pause) (young) 3985K->976K(8192K), 0.0013936 secs]
14.862: [GC pause (G1 Evacuation Pause) (young) 4048K->913K(8192K), 0.0008645 secs]
14.865: [GC pause (G1 Evacuation Pause) (young) 3985K->976K(8192K), 0.0011747 secs]
14.868: [GC pause (G1 Evacuation Pause) (young) 4048K->913K(8192K), 0.0008156 secs]
14.871: [GC pause (G1 Evacuation Pause) (young) 3985K->976K(8192K), 0.0011555 secs]
14.874: [GC pause (G1 Evacuation Pause) (young) 4048K->913K(8192K), 0.0008739 secs]
14.878: [GC pause (G1 Evacuation Pause) (young) 3985K->976K(8192K), 0.0011379 secs]
14.881: [GC pause (G1 Evacuation Pause) (young) 4048K->913K(8192K), 0.0008227 secs]
14.884: [GC pause (G1 Evacuation Pause) (young) 3985K->976K(8192K), 0.0011428 secs]
14.887: [GC pause (G1 Evacuation Pause) (young) 4048K->913K(8192K), 0.0008090 secs]
14.890: [GC pause (G1 Evacuation Pause) (young) 3985K->976K(8192K), 0.0011940 secs]
14.894: [GC pause (G1 Evacuation Pause) (young) 4048K->913K(8192K), 0.0008348 secs]
14.897: [GC pause (G1 Evacuation Pause) (young) 3985K->976K(8192K), 0.0011637 secs]
14.900: [GC pause (G1 Evacuation Pause) (young) 4048K->913K(8192K), 0.0008156 secs]
14.903: [GC pause (G1 Evacuation Pause) (young) 3985K->976K(8192K), 0.0011197 secs]
14.906: [GC pause (G1 Evacuation Pause) (young) 4048K->913K(8192K), 0.0008035 secs]
14.909: [GC pause (G1 Evacuation Pause) (young) 3985K->976K(8192K), 0.0011637 secs]
14.913: [GC pause (G1 Evacuation Pause) (young) 4048K->913K(8192K), 0.0008948 secs]
14.916: [GC pause (G1 Evacuation Pause) (young) 3985K->976K(8192K), 0.0013106 secs]
14.920: [GC pause (G1 Evacuation Pause) (young) 4048K->913K(8192K), 0.0008376 secs]
14.923: [GC pause (G1 Evacuation Pause) (young) 3985K->976K(8192K), 0.0011280 secs]
14.926: [GC pause (G1 Evacuation Pause) (young) 4048K->913K(8192K), 0.0008497 secs]
14.929: [GC pause (G1 Evacuation Pause) (young) 3985K->976K(8192K), 0.0011830 secs]
14.932: [GC pause (G1 Evacuation Pause) (young) 4048K->913K(8192K), 0.0008145 secs]
14.935: [GC pause (G1 Evacuation Pause) (young) 3985K->976K(8192K), 0.0011351 secs]
14.938: [GC pause (G1 Evacuation Pause) (young) 4048K->913K(8192K), 0.0008563 secs]
14.941: [GC pause (G1 Evacuation Pause) (young) 3985K->976K(8192K), 0.0011731 secs]
14.945: [GC pause (G1 Evacuation Pause) (young) 4048K->913K(8192K), 0.0008310 secs]
14.948: [GC pause (G1 Evacuation Pause) (young) 3985K->976K(8192K), 0.0011384 secs]
14.951: [GC pause (G1 Evacuation Pause) (young) 4048K->913K(8192K), 0.0008139 secs]
14.954: [GC pause (G1 Evacuation Pause) (young) 3985K->976K(8192K), 0.0011252 secs]
14.957: [GC pause (G1 Evacuation Pause) (young) 4048K->913K(8192K), 0.0008156 secs]
14.960: [GC pause (G1 Evacuation Pause) (young) 3985K->976K(8192K), 0.0011720 secs]
14.963: [GC pause (G1 Evacuation Pause) (young) 4048K->913K(8192K), 0.0008183 secs]
14.966: [GC pause (G1 Evacuation Pause) (young) 3985K->976K(8192K), 0.0011874 secs]
14.969: [GC pause (G1 Evacuation Pause) (young) 4048K->913K(8192K), 0.0008084 secs]
14.972: [GC pause (G1 Evacuation Pause) (young) 3985K->976K(8192K), 0.0011522 secs]
14.976: [GC pause (G1 Evacuation Pause) (young) 4048K->913K(8192K), 0.0008172 secs]
14.979: [GC pause (G1 Evacuation Pause) (young) 3985K->976K(8192K), 0.0011302 secs]
14.982: [GC pause (G1 Evacuation Pause) (young) 4048K->913K(8192K), 0.0008139 secs]
14.985: [GC pause (G1 Evacuation Pause) (young) 3985K->976K(8192K), 0.0011615 secs]
14.988: [GC pause (G1 Evacuation Pause) (young) 4048K->913K(8192K), 0.0008051 secs]
14.991: [GC pause (G1 Evacuation Pause) (young) 3985K->976K(8192K), 0.0019342 secs]
14.995: [GC pause (G1 Evacuation Pause) (young) 4048K->913K(8192K), 0.0008739 secs]
14.998: [GC pause (G1 Evacuation Pause) (young) 3985K->976K(8192K), 0.0011753 secs]
15.001: [GC pause (G1 Evacuation Pause) (young) 4048K->913K(8192K), 0.0008194 secs]
15.004: [GC pause (G1 Evacuation Pause) (young) 3985K->976K(8192K), 0.0011560 secs]
15.008: [GC pause (G1 Evacuation Pause) (young) 4048K->913K(8192K), 0.0008475 secs]
15.011: [GC pause (G1 Evacuation Pause) (young) 3985K->976K(8192K), 0.0013980 secs]
15.014: [GC pause (G1 Evacuation Pause) (young) 4048K->913K(8192K), 0.0008178 secs]
15.017: [GC pause (G1 Evacuation Pause) (young) 3985K->976K(8192K), 0.0011786 secs]
15.020: [GC pause (G1 Evacuation Pause) (young) 4048K->913K(8192K), 0.0008739 secs]
15.023: [GC pause (G1 Evacuation Pause) (young) 3985K->976K(8192K), 0.0011296 secs]
15.027: [GC pause (G1 Evacuation Pause) (young) 4048K->913K(8192K), 0.0008387 secs]
15.030: [GC pause (G1 Evacuation Pause) (young) 3985K->976K(8192K), 0.0011197 secs]
15.033: [GC pause (G1 Evacuation Pause) (young) 4048K->913K(8192K), 0.0008128 secs]
15.036: [GC pause (G1 Evacuation Pause) (young) 3985K->976K(8192K), 0.0011346 secs]
15.039: [GC pause (G1 Evacuation Pause) (young) 4048K->913K(8192K), 0.0008634 secs]
15.042: [GC pause (G1 Evacuation Pause) (young) 3985K->976K(8192K), 0.0011813 secs]
15.047: [GC pause (G1 Evacuation Pause) (young) 4048K->913K(8192K), 0.0008271 secs]
15.050: [GC pause (G1 Evacuation Pause) (young) 3985K->976K(8192K), 0.0011357 secs]
15.053: [GC pause (G1 Evacuation Pause) (young) 4048K->913K(8192K), 0.0008194 secs]
15.056: [GC pause (G1 Evacuation Pause) (young) 3985K->976K(8192K), 0.0011307 secs]
15.060: [GC pause (G1 Evacuation Pause) (young) 4048K->913K(8192K), 0.0008255 secs]
15.063: [GC pause (G1 Evacuation Pause) (young) 3985K->976K(8192K), 0.0011307 secs]
15.066: [GC pause (G1 Evacuation Pause) (young) 4048K->913K(8192K), 0.0008073 secs]
15.069: [GC pause (G1 Evacuation Pause) (young) 3985K->1003K(8192K), 0.0012303 secs]
15.072: [GC pause (G1 Evacuation Pause) (young) 4075K->913K(8192K), 0.0008145 secs]
15.075: [GC pause (G1 Evacuation Pause) (young) 3985K->976K(8192K), 0.0011236 secs]
15.078: [GC pause (G1 Evacuation Pause) (young) 4048K->913K(8192K), 0.0008139 secs]
15.081: [GC pause (G1 Evacuation Pause) (young) 3985K->976K(8192K), 0.0011291 secs]
15.084: [GC pause (G1 Evacuation Pause) (young) 4048K->913K(8192K), 0.0008106 secs]
15.087: [GC pause (G1 Evacuation Pause) (young) 3985K->976K(8192K), 0.0012050 secs]
15.091: [GC pause (G1 Evacuation Pause) (young) 4048K->913K(8192K), 0.0008101 secs]
15.093: [GC pause (G1 Evacuation Pause) (young) 3985K->976K(8192K), 0.0011384 secs]
15.097: [GC pause (G1 Evacuation Pause) (young) 4048K->913K(8192K), 0.0009223 secs]
15.100: [GC pause (G1 Evacuation Pause) (young) 3985K->976K(8192K), 0.0011472 secs]
15.103: [GC pause (G1 Evacuation Pause) (young) 4048K->913K(8192K), 0.0008117 secs]
15.106: [GC pause (G1 Evacuation Pause) (young) 3985K->976K(8192K), 0.0011439 secs]
15.110: [GC pause (G1 Evacuation Pause) (young) 4048K->913K(8192K), 0.0008502 secs]
15.112: [GC pause (G1 Evacuation Pause) (young) 3985K->1003K(8192K), 0.0012044 secs]
15.116: [GC pause (G1 Evacuation Pause) (young) 4075K->913K(8192K), 0.0008524 secs]
15.119: [GC pause (G1 Evacuation Pause) (young) 3985K->976K(8192K), 0.0011357 secs]
15.122: [GC pause (G1 Evacuation Pause) (young) 4048K->913K(8192K), 0.0008057 secs]
15.125: [GC pause (G1 Evacuation Pause) (young) 3985K->1003K(8192K), 0.0011951 secs]
15.128: [GC pause (G1 Evacuation Pause) (young) 4075K->913K(8192K), 0.0008194 secs]
15.131: [GC pause (G1 Evacuation Pause) (young) 3985K->976K(8192K), 0.0011274 secs]
15.134: [GC pause (G1 Evacuation Pause) (young) 4048K->913K(8192K), 0.0008200 secs]
15.137: [GC pause (G1 Evacuation Pause) (young) 3985K->976K(8192K), 0.0011835 secs]
15.141: [GC pause (G1 Evacuation Pause) (young) 4048K->913K(8192K), 0.0008024 secs]
15.143: [GC pause (G1 Evacuation Pause) (young) 3985K->976K(8192K), 0.0011296 secs]
15.147: [GC pause (G1 Evacuation Pause) (young) 4048K->913K(8192K), 0.0019243 secs]
15.151: [GC pause (G1 Evacuation Pause) (young) 3985K->976K(8192K), 0.0011753 secs]
15.154: [GC pause (G1 Evacuation Pause) (young) 4048K->913K(8192K), 0.0009091 secs]
15.157: [GC pause (G1 Evacuation Pause) (young) 3985K->976K(8192K), 0.0011472 secs]
15.160: [GC pause (G1 Evacuation Pause) (young) 4048K->913K(8192K), 0.0008304 secs]
15.163: [GC pause (G1 Evacuation Pause) (young) 3985K->976K(8192K), 0.0011472 secs]
15.167: [GC pause (G1 Evacuation Pause) (young) 4048K->913K(8192K), 0.0008156 secs]
15.170: [GC pause (G1 Evacuation Pause) (young) 3985K->976K(8192K), 0.0011373 secs]
15.173: [GC pause (G1 Evacuation Pause) (young) 4048K->913K(8192K), 0.0008777 secs]
15.176: [GC pause (G1 Evacuation Pause) (young) 3985K->976K(8192K), 0.0011494 secs]
15.179: [GC pause (G1 Evacuation Pause) (young) 4048K->913K(8192K), 0.0008145 secs]
15.182: [GC pause (G1 Evacuation Pause) (young) 3985K->976K(8192K), 0.0011467 secs]
15.185: [GC pause (G1 Evacuation Pause) (young) 4048K->913K(8192K), 0.0008128 secs]
15.188: [GC pause (G1 Evacuation Pause) (young) 3985K->976K(8192K), 0.0012055 secs]
15.191: [GC pause (G1 Evacuation Pause) (young) 4048K->913K(8192K), 0.0008453 secs]
15.194: [GC pause (G1 Evacuation Pause) (young) 3985K->976K(8192K), 0.0011467 secs]
15.198: [GC pause (G1 Evacuation Pause) (young) 4048K->913K(8192K), 0.0010361 secs]
15.201: [GC pause (G1 Evacuation Pause) (young) 3985K->976K(8192K), 0.0011302 secs]
15.204: [GC pause (G1 Evacuation Pause) (young) 4048K->913K(8192K), 0.0008090 secs]
15.207: [GC pause (G1 Evacuation Pause) (young) 3985K->976K(8192K), 0.0011285 secs]
15.210: [GC pause (G1 Evacuation Pause) (young) 4048K->913K(8192K), 0.0008200 secs]
15.213: [GC pause (G1 Evacuation Pause) (young) 3985K->976K(8192K), 0.0012952 secs]
15.217: [GC pause (G1 Evacuation Pause) (young) 4048K->913K(8192K), 0.0017032 secs]
15.220: [GC pause (G1 Evacuation Pause) (young) 3985K->976K(8192K), 0.0011439 secs]
15.224: [GC pause (G1 Evacuation Pause) (young) 4048K->913K(8192K), 0.0008123 secs]
15.227: [GC pause (G1 Evacuation Pause) (young) 3985K->976K(8192K), 0.0011632 secs]
15.230: [GC pause (G1 Evacuation Pause) (young) 4048K->913K(8192K), 0.0008134 secs]
15.233: [GC pause (G1 Evacuation Pause) (young) 3985K->976K(8192K), 0.0011918 secs]
15.236: [GC pause (G1 Evacuation Pause) (young) 4048K->913K(8192K), 0.0008161 secs]
15.239: [GC pause (G1 Evacuation Pause) (young) 3985K->976K(8192K), 0.0011340 secs]
15.242: [GC pause (G1 Evacuation Pause) (young) 4048K->913K(8192K), 0.0008134 secs]
15.245: [GC pause (G1 Evacuation Pause) (young) 3985K->976K(8192K), 0.0011417 secs]
15.249: [GC pause (G1 Evacuation Pause) (young) 4048K->913K(8192K), 0.0007996 secs]
15.251: [GC pause (G1 Evacuation Pause) (young) 3985K->976K(8192K), 0.0011329 secs]
15.255: [GC pause (G1 Evacuation Pause) (young) 4048K->913K(8192K), 0.0008167 secs]
15.258: [GC pause (G1 Evacuation Pause) (young) 3985K->976K(8192K), 0.0011835 secs]
15.261: [GC pause (G1 Evacuation Pause) (young) 4048K->913K(8192K), 0.0008139 secs]
15.264: [GC pause (G1 Evacuation Pause) (young) 3985K->976K(8192K), 0.0011324 secs]
15.267: [GC pause (G1 Evacuation Pause) (young) 4048K->913K(8192K), 0.0081575 secs]
15.278: [GC pause (G1 Evacuation Pause) (young) 3985K->976K(8192K), 0.0196946 secs]
15.300: [GC pause (G1 Evacuation Pause) (young) 4048K->913K(8192K), 0.0204309 secs]
15.323: [GC pause (G1 Evacuation Pause) (young) 3985K->976K(8192K), 0.0390938 secs]
15.364: [GC pause (G1 Evacuation Pause) (young) 4048K->913K(8192K), 0.0008244 secs]
15.367: [GC pause (G1 Evacuation Pause) (young) 3985K->1003K(8192K), 0.0015894 secs]
15.371: [GC pause (G1 Evacuation Pause) (young) 4075K->913K(8192K), 0.0008321 secs]
15.374: [GC pause (G1 Evacuation Pause) (young) 3985K->976K(8192K), 0.0011648 secs]
15.377: [GC pause (G1 Evacuation Pause) (young) 4048K->913K(8192K), 0.0008392 secs]
15.380: [GC pause (G1 Evacuation Pause) (young) 3985K->976K(8192K), 0.0011324 secs]
15.383: [GC pause (G1 Evacuation Pause) (young) 4048K->913K(8192K), 0.0012248 secs]
15.387: [GC pause (G1 Evacuation Pause) (young) 3985K->976K(8192K), 0.0011324 secs]
15.390: [GC pause (G1 Evacuation Pause) (young) 4048K->913K(8192K), 0.0008618 secs]
15.393: [GC pause (G1 Evacuation Pause) (young) 3985K->976K(8192K), 0.0011577 secs]
15.396: [GC pause (G1 Evacuation Pause) (young) 4048K->913K(8192K), 0.0008310 secs]
15.399: [GC pause (G1 Evacuation Pause) (young) 3985K->976K(8192K), 0.0017802 secs]
15.403: [GC pause (G1 Evacuation Pause) (young) 4048K->913K(8192K), 0.0008101 secs]
15.406: [GC pause (G1 Evacuation Pause) (young) 3985K->976K(8192K), 0.0011577 secs]
15.410: [GC pause (G1 Evacuation Pause) (young) 4048K->913K(8192K), 0.0008458 secs]
15.413: [GC pause (G1 Evacuation Pause) (young) 3985K->976K(8192K), 0.0012501 secs]
15.416: [GC pause (G1 Evacuation Pause) (young) 4048K->913K(8192K), 0.0009641 secs]
15.419: [GC pause (G1 Evacuation Pause) (young) 3985K->976K(8192K), 0.0011423 secs]
15.422: [GC pause (G1 Evacuation Pause) (young) 4048K->913K(8192K), 0.0009107 secs]
15.425: [GC pause (G1 Evacuation Pause) (young) 3985K->976K(8192K), 0.0012550 secs]
15.429: [GC pause (G1 Evacuation Pause) (young) 4048K->913K(8192K), 0.0008227 secs]
15.432: [GC pause (G1 Evacuation Pause) (young) 3985K->976K(8192K), 0.0011269 secs]
15.435: [GC pause (G1 Evacuation Pause) (young) 4048K->913K(8192K), 0.0008062 secs]
15.438: [GC pause (G1 Evacuation Pause) (young) 3985K->976K(8192K), 0.0011857 secs]
15.442: [GC pause (G1 Evacuation Pause) (young) 4048K->913K(8192K), 0.0011709 secs]
15.445: [GC pause (G1 Evacuation Pause) (young) 3985K->976K(8192K), 0.0015399 secs]
15.449: [GC pause (G1 Evacuation Pause) (young) 4048K->913K(8192K), 0.0008156 secs]
15.452: [GC pause (G1 Evacuation Pause) (young) 3985K->976K(8192K), 0.0011511 secs]
15.455: [GC pause (G1 Evacuation Pause) (young) 4048K->913K(8192K), 0.0008084 secs]
15.458: [GC pause (G1 Evacuation Pause) (young) 3985K->976K(8192K), 0.0012022 secs]
15.461: [GC pause (G1 Evacuation Pause) (young) 4048K->913K(8192K), 0.0008079 secs]
15.464: [GC pause (G1 Evacuation Pause) (young) 3985K->976K(8192K), 0.0011384 secs]
15.467: [GC pause (G1 Evacuation Pause) (young) 4048K->913K(8192K), 0.0008524 secs]
15.470: [GC pause (G1 Evacuation Pause) (young) 3985K->976K(8192K), 0.0011362 secs]
15.474: [GC pause (G1 Evacuation Pause) (young) 4048K->913K(8192K), 0.0008161 secs]
15.476: [GC pause (G1 Evacuation Pause) (young) 3985K->976K(8192K), 0.0012330 secs]
15.480: [GC pause (G1 Evacuation Pause) (young) 4048K->913K(8192K), 0.0008200 secs]
15.483: [GC pause (G1 Evacuation Pause) (young) 3985K->976K(8192K), 0.0011962 secs]
15.486: [GC pause (G1 Evacuation Pause) (young) 4048K->913K(8192K), 0.0008145 secs]
15.489: [GC pause (G1 Evacuation Pause) (young) 3985K->976K(8192K), 0.0011434 secs]
15.493: [GC pause (G1 Evacuation Pause) (young) 4048K->913K(8192K), 0.0008453 secs]
15.496: [GC pause (G1 Evacuation Pause) (young) 3985K->976K(8192K), 0.0011566 secs]
15.499: [GC pause (G1 Evacuation Pause) (young) 4048K->913K(8192K), 0.0008156 secs]
15.502: [GC pause (G1 Evacuation Pause) (young) 3985K->976K(8192K), 0.0011263 secs]
15.505: [GC pause (G1 Evacuation Pause) (young) 4048K->913K(8192K), 0.0008684 secs]
15.508: [GC pause (G1 Evacuation Pause) (young) 3985K->1003K(8192K), 0.0012242 secs]
15.511: [GC pause (G1 Evacuation Pause) (young) 4075K->913K(8192K), 0.0008101 secs]
15.514: [GC pause (G1 Evacuation Pause) (young) 3985K->976K(8192K), 0.0012616 secs]
15.518: [GC pause (G1 Evacuation Pause) (young) 4048K->913K(8192K), 0.0008601 secs]
15.520: [GC pause (G1 Evacuation Pause) (young) 3985K->976K(8192K), 0.0011324 secs]
15.524: [GC pause (G1 Evacuation Pause) (young) 4048K->913K(8192K), 0.0009272 secs]
15.527: [GC pause (G1 Evacuation Pause) (young) 3985K->976K(8192K), 0.0013062 secs]
15.530: [GC pause (G1 Evacuation Pause) (young) 4048K->913K(8192K), 0.0008266 secs]
15.533: [GC pause (G1 Evacuation Pause) (young) 3985K->976K(8192K), 0.0011742 secs]
15.537: [GC pause (G1 Evacuation Pause) (young) 4048K->913K(8192K), 0.0008024 secs]
15.539: [GC pause (G1 Evacuation Pause) (young) 3985K->976K(8192K), 0.0011736 secs]
15.543: [GC pause (G1 Evacuation Pause) (young) 4048K->913K(8192K), 0.0008222 secs]
15.546: [GC pause (G1 Evacuation Pause) (young) 3985K->976K(8192K), 0.0011247 secs]
15.549: [GC pause (G1 Evacuation Pause) (young) 4048K->913K(8192K), 0.0008398 secs]
15.552: [GC pause (G1 Evacuation Pause) (young) 3985K->976K(8192K), 0.0011527 secs]
15.555: [GC pause (G1 Evacuation Pause) (young) 4048K->913K(8192K), 0.0008222 secs]
15.558: [GC pause (G1 Evacuation Pause) (young) 3985K->976K(8192K), 0.0012077 secs]
15.561: [GC pause (G1 Evacuation Pause) (young) 4048K->913K(8192K), 0.0008134 secs]
15.564: [GC pause (G1 Evacuation Pause) (young) 3985K->976K(8192K), 0.0016499 secs]
15.568: [GC pause (G1 Evacuation Pause) (young) 4048K->913K(8192K), 0.0008145 secs]
15.571: [GC pause (G1 Evacuation Pause) (young) 3985K->976K(8192K), 0.0011362 secs]
15.574: [GC pause (G1 Evacuation Pause) (young) 4048K->913K(8192K), 0.0008112 secs]
15.577: [GC pause (G1 Evacuation Pause) (young) 3985K->976K(8192K), 0.0011417 secs]
15.580: [GC pause (G1 Evacuation Pause) (young) 4048K->913K(8192K), 0.0009338 secs]
15.583: [GC pause (G1 Evacuation Pause) (young) 3985K->976K(8192K), 0.0011384 secs]
15.587: [GC pause (G1 Evacuation Pause) (young) 4048K->913K(8192K), 0.0008172 secs]
15.590: [GC pause (G1 Evacuation Pause) (young) 3985K->976K(8192K), 0.0011555 secs]
15.593: [GC pause (G1 Evacuation Pause) (young) 4048K->913K(8192K), 0.0008145 secs]
15.596: [GC pause (G1 Evacuation Pause) (young) 3985K->976K(8192K), 0.0012215 secs]
15.599: [GC pause (G1 Evacuation Pause) (young) 4048K->913K(8192K), 0.0008244 secs]
15.602: [GC pause (G1 Evacuation Pause) (young) 3985K->976K(8192K), 0.0011302 secs]
15.605: [GC pause (G1 Evacuation Pause) (young) 4048K->913K(8192K), 0.0008436 secs]
15.608: [GC pause (G1 Evacuation Pause) (young) 3985K->976K(8192K), 0.0011148 secs]
15.612: [GC pause (G1 Evacuation Pause) (young) 4048K->913K(8192K), 0.0008425 secs]
15.615: [GC pause (G1 Evacuation Pause) (young) 3985K->976K(8192K), 0.0026882 secs]
15.619: [GC pause (G1 Evacuation Pause) (young) 4048K->913K(8192K), 0.0008425 secs]
15.622: [GC pause (G1 Evacuation Pause) (young) 3985K->976K(8192K), 0.0011533 secs]
15.626: [GC pause (G1 Evacuation Pause) (young) 4048K->913K(8192K), 0.0008139 secs]
15.629: [GC pause (G1 Evacuation Pause) (young) 3985K->976K(8192K), 0.0011544 secs]
15.632: [GC pause (G1 Evacuation Pause) (young) 4048K->913K(8192K), 0.0008260 secs]
15.635: [GC pause (G1 Evacuation Pause) (young) 3985K->976K(8192K), 0.0011318 secs]
15.638: [GC pause (G1 Evacuation Pause) (young) 4048K->913K(8192K), 0.0008084 secs]
15.641: [GC pause (G1 Evacuation Pause) (young) 3985K->976K(8192K), 0.0011131 secs]
15.644: [GC pause (G1 Evacuation Pause) (young) 4048K->913K(8192K), 0.0009058 secs]
15.647: [GC pause (G1 Evacuation Pause) (young) 3985K->976K(8192K), 0.0011973 secs]
15.651: [GC pause (G1 Evacuation Pause) (young) 4048K->913K(8192K), 0.0008128 secs]
15.653: [GC pause (G1 Evacuation Pause) (young) 3985K->976K(8192K), 0.0011522 secs]
15.657: [GC pause (G1 Evacuation Pause) (young) 4048K->913K(8192K), 0.0007991 secs]
15.660: [GC pause (G1 Evacuation Pause) (young) 3985K->976K(8192K), 0.0011225 secs]
15.663: [GC pause (G1 Evacuation Pause) (young) 4048K->913K(8192K), 0.0007974 secs]
15.666: [GC pause (G1 Evacuation Pause) (young) 3985K->976K(8192K), 0.0011637 secs]
15.669: [GC pause (G1 Evacuation Pause) (young) 4048K->913K(8192K), 0.0008233 secs]
15.672: [GC pause (G1 Evacuation Pause) (young) 3985K->976K(8192K), 0.0011654 secs]
15.675: [GC pause (G1 Evacuation Pause) (young) 4048K->913K(8192K), 0.0007914 secs]
15.678: [GC pause (G1 Evacuation Pause) (young) 3985K->976K(8192K), 0.0011225 secs]
15.681: [GC pause (G1 Evacuation Pause) (young) 4048K->913K(8192K), 0.0008145 secs]
15.684: [GC pause (G1 Evacuation Pause) (young) 3985K->976K(8192K), 0.0011346 secs]
15.688: [GC pause (G1 Evacuation Pause) (young) 4048K->913K(8192K), 0.0008046 secs]
15.691: [GC pause (G1 Evacuation Pause) (young) 3985K->976K(8192K), 0.0011390 secs]
15.694: [GC pause (G1 Evacuation Pause) (young) 4048K->913K(8192K), 0.0008508 secs]
15.697: [GC pause (G1 Evacuation Pause) (young) 3985K->976K(8192K), 0.0011164 secs]
15.700: [GC pause (G1 Evacuation Pause) (young) 4048K->913K(8192K), 0.0008101 secs]
15.703: [GC pause (G1 Evacuation Pause) (young) 3985K->976K(8192K), 0.0011214 secs]
15.706: [GC pause (G1 Evacuation Pause) (young) 4048K->913K(8192K), 0.0008420 secs]
15.709: [GC pause (G1 Evacuation Pause) (young) 3985K->976K(8192K), 0.0011896 secs]
15.713: [GC pause (G1 Evacuation Pause) (young) 4048K->913K(8192K), 0.0009366 secs]
15.716: [GC pause (G1 Evacuation Pause) (young) 3985K->976K(8192K), 0.0048094 secs]
15.723: [GC pause (G1 Evacuation Pause) (young) 4048K->913K(8192K), 0.0008524 secs]
15.726: [GC pause (G1 Evacuation Pause) (young) 3985K->976K(8192K), 0.0011263 secs]
15.729: [GC pause (G1 Evacuation Pause) (young) 4048K->913K(8192K), 0.0008084 secs]
15.732: [GC pause (G1 Evacuation Pause) (young) 3985K->976K(8192K), 0.0011857 secs]
15.735: [GC pause (G1 Evacuation Pause) (young) 4048K->913K(8192K), 0.0008134 secs]
15.738: [GC pause (G1 Evacuation Pause) (young) 3985K->976K(8192K), 0.0012017 secs]
15.741: [GC pause (G1 Evacuation Pause) (young) 4048K->913K(8192K), 0.0011753 secs]
15.745: [GC pause (G1 Evacuation Pause) (young) 3985K->976K(8192K), 0.0011670 secs]
15.748: [GC pause (G1 Evacuation Pause) (young) 4048K->913K(8192K), 0.0008090 secs]
15.751: [GC pause (G1 Evacuation Pause) (young) 3985K->976K(8192K), 0.0011665 secs]
15.754: [GC pause (G1 Evacuation Pause) (young) 4048K->913K(8192K), 0.0008018 secs]
15.757: [GC pause (G1 Evacuation Pause) (young) 3985K->976K(8192K), 0.0011357 secs]
15.760: [GC pause (G1 Evacuation Pause) (young) 4048K->913K(8192K), 0.0008117 secs]
15.763: [GC pause (G1 Evacuation Pause) (young) 3985K->976K(8192K), 0.0011241 secs]
15.766: [GC pause (G1 Evacuation Pause) (young) 4048K->913K(8192K), 0.0008106 secs]
15.769: [GC pause (G1 Evacuation Pause) (young) 3985K->976K(8192K), 0.0016922 secs]
15.773: [GC pause (G1 Evacuation Pause) (young) 4048K->913K(8192K), 0.0008326 secs]
15.776: [GC pause (G1 Evacuation Pause) (young) 3985K->976K(8192K), 0.0011274 secs]
15.779: [GC pause (G1 Evacuation Pause) (young) 4048K->913K(8192K), 0.0008079 secs]
15.782: [GC pause (G1 Evacuation Pause) (young) 3985K->976K(8192K), 0.0012704 secs]
15.786: [GC pause (G1 Evacuation Pause) (young) 4048K->913K(8192K), 0.0008150 secs]
15.789: [GC pause (G1 Evacuation Pause) (young) 3985K->976K(8192K), 0.0011802 secs]
15.792: [GC pause (G1 Evacuation Pause) (young) 4048K->913K(8192K), 0.0010273 secs]
15.795: [GC pause (G1 Evacuation Pause) (young) 3985K->976K(8192K), 0.0011445 secs]
15.798: [GC pause (G1 Evacuation Pause) (young) 4048K->913K(8192K), 0.0007991 secs]
15.801: [GC pause (G1 Evacuation Pause) (young) 3985K->976K(8192K), 0.0011291 secs]
15.805: [GC pause (G1 Evacuation Pause) (young) 4048K->913K(8192K), 0.0008541 secs]
15.808: [GC pause (G1 Evacuation Pause) (young) 3985K->976K(8192K), 0.0011170 secs]
15.811: [GC pause (G1 Evacuation Pause) (young) 4048K->913K(8192K), 0.0008013 secs]
15.814: [GC pause (G1 Evacuation Pause) (young) 3985K->976K(8192K), 0.0011566 secs]
15.817: [GC pause (G1 Evacuation Pause) (young) 4048K->913K(8192K), 0.0008409 secs]
15.820: [GC pause (G1 Evacuation Pause) (young) 3985K->976K(8192K), 0.0026953 secs]
15.825: [GC pause (G1 Evacuation Pause) (young) 4048K->913K(8192K), 0.0008821 secs]
15.827: [GC pause (G1 Evacuation Pause) (young) 3985K->976K(8192K), 0.0011296 secs]
15.831: [GC pause (G1 Evacuation Pause) (young) 4048K->913K(8192K), 0.0008068 secs]
15.834: [GC pause (G1 Evacuation Pause) (young) 3985K->976K(8192K), 0.0012242 secs]
15.837: [GC pause (G1 Evacuation Pause) (young) 4048K->913K(8192K), 0.0008238 secs]
15.840: [GC pause (G1 Evacuation Pause) (young) 3985K->976K(8192K), 0.0011467 secs]
15.843: [GC pause (G1 Evacuation Pause) (young) 4048K->913K(8192K), 0.0008893 secs]
15.846: [GC pause (G1 Evacuation Pause) (young) 3985K->976K(8192K), 0.0011918 secs]
15.850: [GC pause (G1 Evacuation Pause) (young) 4048K->913K(8192K), 0.0008046 secs]
15.853: [GC pause (G1 Evacuation Pause) (young) 3985K->976K(8192K), 0.0011109 secs]
15.856: [GC pause (G1 Evacuation Pause) (young) 4048K->913K(8192K), 0.0007974 secs]
15.859: [GC pause (G1 Evacuation Pause) (young) 3985K->976K(8192K), 0.0011681 secs]
15.862: [GC pause (G1 Evacuation Pause) (young) 4048K->913K(8192K), 0.0008293 secs]
15.865: [GC pause (G1 Evacuation Pause) (young) 3985K->976K(8192K), 0.0011747 secs]
15.868: [GC pause (G1 Evacuation Pause) (young) 4048K->913K(8192K), 0.0009432 secs]
15.871: [GC pause (G1 Evacuation Pause) (young) 3985K->1003K(8192K), 0.0017483 secs]
15.875: [GC pause (G1 Evacuation Pause) (young) 4075K->913K(8192K), 0.0008205 secs]
15.878: [GC pause (G1 Evacuation Pause) (young) 3985K->976K(8192K), 0.0011252 secs]
15.881: [GC pause (G1 Evacuation Pause) (young) 4048K->913K(8192K), 0.0008029 secs]
15.884: [GC pause (G1 Evacuation Pause) (young) 3985K->976K(8192K), 0.0380230 secs]
15.924: [GC pause (G1 Evacuation Pause) (young) 4048K->913K(8192K), 0.0369148 secs]
15.963: [GC pause (G1 Evacuation Pause) (young) 3985K->976K(8192K), 0.0030611 secs]
15.969: [GC pause (G1 Evacuation Pause) (young) 4048K->913K(8192K), 0.0008277 secs]
15.972: [GC pause (G1 Evacuation Pause) (young) 3985K->976K(8192K), 0.0011428 secs]
15.975: [GC pause (G1 Evacuation Pause) (young) 4048K->913K(8192K), 0.0013221 secs]
15.979: [GC pause (G1 Evacuation Pause) (young) 3985K->976K(8192K), 0.0012913 secs]
15.982: [GC pause (G1 Evacuation Pause) (young) 4048K->913K(8192K), 0.0008453 secs]
15.985: [GC pause (G1 Evacuation Pause) (young) 3985K->976K(8192K), 0.0014244 secs]
15.988: [GC pause (G1 Evacuation Pause) (young) 4048K->913K(8192K), 0.0008178 secs]
15.992: [GC pause (G1 Evacuation Pause) (young) 3985K->976K(8192K), 0.0015432 secs]
15.995: [GC pause (G1 Evacuation Pause) (young) 4048K->913K(8192K), 0.0008304 secs]
15.998: [GC pause (G1 Evacuation Pause) (young) 3985K->976K(8192K), 0.0011241 secs]
16.002: [GC pause (G1 Evacuation Pause) (young) 4048K->913K(8192K), 0.0013128 secs]
16.005: [GC pause (G1 Evacuation Pause) (young) 3985K->976K(8192K), 0.0011544 secs]
16.008: [GC pause (G1 Evacuation Pause) (young) 4048K->913K(8192K), 0.0013122 secs]
16.012: [GC pause (G1 Evacuation Pause) (young) 3985K->976K(8192K), 0.0011423 secs]
16.015: [GC pause (G1 Evacuation Pause) (young) 4048K->913K(8192K), 0.0012589 secs]
16.018: [GC pause (G1 Evacuation Pause) (young) 3985K->976K(8192K), 0.0011593 secs]
16.022: [GC pause (G1 Evacuation Pause) (young) 4048K->913K(8192K), 0.0008035 secs]
16.025: [GC pause (G1 Evacuation Pause) (young) 3985K->976K(8192K), 0.0014860 secs]
16.028: [GC pause (G1 Evacuation Pause) (young) 4048K->913K(8192K), 0.0011516 secs]
16.032: [GC pause (G1 Evacuation Pause) (young) 3985K->976K(8192K), 0.0016312 secs]
16.035: [GC pause (G1 Evacuation Pause) (young) 4048K->913K(8192K), 0.0008343 secs]
16.038: [GC pause (G1 Evacuation Pause) (young) 3985K->976K(8192K), 0.0011313 secs]
16.042: [GC pause (G1 Evacuation Pause) (young) 4048K->913K(8192K), 0.0009272 secs]
16.045: [GC pause (G1 Evacuation Pause) (young) 3985K->976K(8192K), 0.0011467 secs]
16.048: [GC pause (G1 Evacuation Pause) (young) 4048K->913K(8192K), 0.0009410 secs]
16.051: [GC pause (G1 Evacuation Pause) (young) 3985K->976K(8192K), 0.0011989 secs]
16.055: [GC pause (G1 Evacuation Pause) (young) 4048K->913K(8192K), 0.0008194 secs]
16.057: [GC pause (G1 Evacuation Pause) (young) 3985K->976K(8192K), 0.0011577 secs]
16.061: [GC pause (G1 Evacuation Pause) (young) 4048K->913K(8192K), 0.0008354 secs]
16.064: [GC pause (G1 Evacuation Pause) (young) 3985K->976K(8192K), 0.0013985 secs]
16.067: [GC pause (G1 Evacuation Pause) (young) 4048K->913K(8192K), 0.0008420 secs]
16.070: [GC pause (G1 Evacuation Pause) (young) 3985K->976K(8192K), 0.0011153 secs]
16.073: [GC pause (G1 Evacuation Pause) (young) 4048K->913K(8192K), 0.0008376 secs]
16.076: [GC pause (G1 Evacuation Pause) (young) 3985K->976K(8192K), 0.0011439 secs]
16.080: [GC pause (G1 Evacuation Pause) (young) 4048K->913K(8192K), 0.0012946 secs]
16.083: [GC pause (G1 Evacuation Pause) (young) 3985K->976K(8192K), 0.0012143 secs]
16.087: [GC pause (G1 Evacuation Pause) (young) 4048K->913K(8192K), 0.0008799 secs]
16.090: [GC pause (G1 Evacuation Pause) (young) 3985K->976K(8192K), 0.0011412 secs]
16.093: [GC pause (G1 Evacuation Pause) (young) 4048K->913K(8192K), 0.0009223 secs]
16.096: [GC pause (G1 Evacuation Pause) (young) 3985K->976K(8192K), 0.0015443 secs]
16.100: [GC pause (G1 Evacuation Pause) (young) 4048K->913K(8192K), 0.0008211 secs]
16.103: [GC pause (G1 Evacuation Pause) (young) 3985K->976K(8192K), 0.0012116 secs]
16.106: [GC pause (G1 Evacuation Pause) (young) 4048K->913K(8192K), 0.0008123 secs]
16.109: [GC pause (G1 Evacuation Pause) (young) 3985K->976K(8192K), 0.0015151 secs]
16.113: [GC pause (G1 Evacuation Pause) (young) 4048K->913K(8192K), 0.0008436 secs]
16.116: [GC pause (G1 Evacuation Pause) (young) 3985K->976K(8192K), 0.0011170 secs]
16.119: [GC pause (G1 Evacuation Pause) (young) 4048K->913K(8192K), 0.0008321 secs]
16.122: [GC pause (G1 Evacuation Pause) (young) 3985K->976K(8192K), 0.0011835 secs]
16.126: [GC pause (G1 Evacuation Pause) (young) 4048K->913K(8192K), 0.0011747 secs]
16.129: [GC pause (G1 Evacuation Pause) (young) 3985K->976K(8192K), 0.0027949 secs]
16.135: [GC pause (G1 Evacuation Pause) (young) 4048K->913K(8192K), 0.0008359 secs]
16.138: [GC pause (G1 Evacuation Pause) (young) 3985K->976K(8192K), 0.0011758 secs]
16.141: [GC pause (G1 Evacuation Pause) (young) 4048K->913K(8192K), 0.0015107 secs]
16.145: [GC pause (G1 Evacuation Pause) (young) 3985K->976K(8192K), 0.0011505 secs]
16.148: [GC pause (G1 Evacuation Pause) (young) 4048K->913K(8192K), 0.0008112 secs]
16.151: [GC pause (G1 Evacuation Pause) (young) 3985K->976K(8192K), 0.0011588 secs]
16.155: [GC pause (G1 Evacuation Pause) (young) 4048K->913K(8192K), 0.0008337 secs]
16.158: [GC pause (G1 Evacuation Pause) (young) 3985K->976K(8192K), 0.0016356 secs]
16.161: [GC pause (G1 Evacuation Pause) (young) 4048K->913K(8192K), 0.0008860 secs]
16.164: [GC pause (G1 Evacuation Pause) (young) 3985K->976K(8192K), 0.0011516 secs]
16.168: [GC pause (G1 Evacuation Pause) (young) 4048K->913K(8192K), 0.0008156 secs]
16.171: [GC pause (G1 Evacuation Pause) (young) 3985K->976K(8192K), 0.0011632 secs]
16.175: [GC pause (G1 Evacuation Pause) (young) 4048K->913K(8192K), 0.0009344 secs]
16.178: [GC pause (G1 Evacuation Pause) (young) 3985K->976K(8192K), 0.0011500 secs]
16.181: [GC pause (G1 Evacuation Pause) (young) 4048K->913K(8192K), 0.0019188 secs]
16.185: [GC pause (G1 Evacuation Pause) (young) 3985K->976K(8192K), 0.0011742 secs]
16.189: [GC pause (G1 Evacuation Pause) (young) 4048K->913K(8192K), 0.0008227 secs]
16.192: [GC pause (G1 Evacuation Pause) (young) 3985K->976K(8192K), 0.0011258 secs]
16.195: [GC pause (G1 Evacuation Pause) (young) 4048K->913K(8192K), 0.0016394 secs]
16.199: [GC pause (G1 Evacuation Pause) (young) 3985K->976K(8192K), 0.0011368 secs]
16.202: [GC pause (G1 Evacuation Pause) (young) 4048K->913K(8192K), 0.0008326 secs]
16.205: [GC pause (G1 Evacuation Pause) (young) 3985K->976K(8192K), 0.0011439 secs]
16.208: [GC pause (G1 Evacuation Pause) (young) 4048K->913K(8192K), 0.0012506 secs]
16.212: [GC pause (G1 Evacuation Pause) (young) 3985K->1003K(8192K), 0.0019793 secs]
16.218: [GC pause (G1 Evacuation Pause) (young) 4075K->913K(8192K), 0.0026739 secs]
16.223: [GC pause (G1 Evacuation Pause) (young) 3985K->976K(8192K), 0.0011874 secs]
16.226: [GC pause (G1 Evacuation Pause) (young) 4048K->913K(8192K), 0.0008095 secs]
16.229: [GC pause (G1 Evacuation Pause) (young) 3985K->976K(8192K), 0.0011428 secs]
16.233: [GC pause (G1 Evacuation Pause) (young) 4048K->913K(8192K), 0.0011659 secs]
16.236: [GC pause (G1 Evacuation Pause) (young) 3985K->976K(8192K), 0.0012880 secs]
16.239: [GC pause (G1 Evacuation Pause) (young) 4048K->913K(8192K), 0.0008387 secs]
16.242: [GC pause (G1 Evacuation Pause) (young) 3985K->976K(8192K), 0.0012770 secs]
16.246: [GC pause (G1 Evacuation Pause) (young) 4048K->913K(8192K), 0.0008656 secs]
16.249: [GC pause (G1 Evacuation Pause) (young) 3985K->976K(8192K), 0.0011665 secs]
16.253: [GC pause (G1 Evacuation Pause) (young) 4048K->913K(8192K), 0.0008370 secs]
16.256: [GC pause (G1 Evacuation Pause) (young) 3985K->976K(8192K), 0.0011406 secs]
16.259: [GC pause (G1 Evacuation Pause) (young) 4048K->913K(8192K), 0.0010009 secs]
16.262: [GC pause (G1 Evacuation Pause) (young) 3985K->976K(8192K), 0.0011263 secs]
16.265: [GC pause (G1 Evacuation Pause) (young) 4048K->913K(8192K), 0.0011874 secs]
16.268: [GC pause (G1 Evacuation Pause) (young) 3985K->976K(8192K), 0.0011934 secs]
16.272: [GC pause (G1 Evacuation Pause) (young) 4048K->913K(8192K), 0.0008585 secs]
16.275: [GC pause (G1 Evacuation Pause) (young) 3985K->976K(8192K), 0.0013446 secs]
16.278: [GC pause (G1 Evacuation Pause) (young) 4048K->913K(8192K), 0.0008046 secs]
16.281: [GC pause (G1 Evacuation Pause) (young) 3985K->976K(8192K), 0.0011544 secs]
16.284: [GC pause (G1 Evacuation Pause) (young) 4048K->913K(8192K), 0.0008271 secs]
16.287: [GC pause (G1 Evacuation Pause) (young) 3985K->976K(8192K), 0.0011560 secs]
16.291: [GC pause (G1 Evacuation Pause) (young) 4048K->913K(8192K), 0.0008288 secs]
16.294: [GC pause (G1 Evacuation Pause) (young) 3985K->976K(8192K), 0.0011335 secs]
16.297: [GC pause (G1 Evacuation Pause) (young) 4048K->913K(8192K), 0.0008029 secs]
16.300: [GC pause (G1 Evacuation Pause) (young) 3985K->976K(8192K), 0.0011665 secs]
16.304: [GC pause (G1 Evacuation Pause) (young) 4048K->913K(8192K), 0.0008447 secs]
16.306: [GC pause (G1 Evacuation Pause) (young) 3985K->976K(8192K), 0.0011368 secs]
16.310: [GC pause (G1 Evacuation Pause) (young) 4048K->913K(8192K), 0.0008139 secs]
16.313: [GC pause (G1 Evacuation Pause) (young) 3985K->976K(8192K), 0.0012330 secs]
16.316: [GC pause (G1 Evacuation Pause) (young) 4048K->913K(8192K), 0.0008106 secs]
16.319: [GC pause (G1 Evacuation Pause) (young) 3985K->976K(8192K), 0.0011313 secs]
16.322: [GC pause (G1 Evacuation Pause) (young) 4048K->913K(8192K), 0.0008057 secs]
16.325: [GC pause (G1 Evacuation Pause) (young) 3985K->976K(8192K), 0.0011835 secs]
16.329: [GC pause (G1 Evacuation Pause) (young) 4048K->913K(8192K), 0.0008238 secs]
16.332: [GC pause (G1 Evacuation Pause) (young) 3985K->976K(8192K), 0.0011973 secs]
16.336: [GC pause (G1 Evacuation Pause) (young) 4048K->913K(8192K), 0.0008392 secs]
16.339: [GC pause (G1 Evacuation Pause) (young) 3985K->976K(8192K), 0.0011758 secs]
16.343: [GC pause (G1 Evacuation Pause) (young) 4048K->913K(8192K), 0.0008013 secs]
16.346: [GC pause (G1 Evacuation Pause) (young) 3985K->976K(8192K), 0.0011329 secs]
16.349: [GC pause (G1 Evacuation Pause) (young) 4048K->913K(8192K), 0.0009536 secs]
16.352: [GC pause (G1 Evacuation Pause) (young) 3985K->976K(8192K), 0.0011346 secs]
16.356: [GC pause (G1 Evacuation Pause) (young) 4048K->913K(8192K), 0.0008128 secs]
16.359: [GC pause (G1 Evacuation Pause) (young) 3985K->1003K(8192K), 0.0195895 secs]
16.380: [GC pause (G1 Evacuation Pause) (young) 4075K->913K(8192K), 0.0197567 secs]
16.403: [GC pause (G1 Evacuation Pause) (young) 3985K->976K(8192K), 0.0195384 secs]
16.425: [GC pause (G1 Evacuation Pause) (young) 4048K->913K(8192K), 0.0146586 secs]
16.442: [GC pause (G1 Evacuation Pause) (young) 3985K->976K(8192K), 0.0014002 secs]
16.445: [GC pause (G1 Evacuation Pause) (young) 4048K->913K(8192K), 0.0016576 secs]
16.449: [GC pause (G1 Evacuation Pause) (young) 3985K->976K(8192K), 0.0073067 secs]
16.459: [GC pause (G1 Evacuation Pause) (young) 4048K->913K(8192K), 0.0008931 secs]
16.462: [GC pause (G1 Evacuation Pause) (young) 3985K->976K(8192K), 0.0014854 secs]
16.466: [GC pause (G1 Evacuation Pause) (young) 4048K->913K(8192K), 0.0008607 secs]
16.469: [GC pause (G1 Evacuation Pause) (young) 3985K->976K(8192K), 0.0018594 secs]
16.473: [GC pause (G1 Evacuation Pause) (young) 4048K->913K(8192K), 0.0008453 secs]
16.476: [GC pause (G1 Evacuation Pause) (young) 3985K->976K(8192K), 0.0012017 secs]
16.479: [GC pause (G1 Evacuation Pause) (young) 4048K->913K(8192K), 0.0008156 secs]
16.482: [GC pause (G1 Evacuation Pause) (young) 3985K->976K(8192K), 0.0011830 secs]
16.486: [GC pause (G1 Evacuation Pause) (young) 4048K->913K(8192K), 0.0008051 secs]
16.488: [GC pause (G1 Evacuation Pause) (young) 3985K->976K(8192K), 0.0011549 secs]
16.492: [GC pause (G1 Evacuation Pause) (young) 4048K->913K(8192K), 0.0008409 secs]
16.495: [GC pause (G1 Evacuation Pause) (young) 3985K->976K(8192K), 0.0011362 secs]
16.498: [GC pause (G1 Evacuation Pause) (young) 4048K->913K(8192K), 0.0008574 secs]
16.501: [GC pause (G1 Evacuation Pause) (young) 3985K->976K(8192K), 0.0011439 secs]
16.504: [GC pause (G1 Evacuation Pause) (young) 4048K->913K(8192K), 0.0008178 secs]
16.507: [GC pause (G1 Evacuation Pause) (young) 3985K->976K(8192K), 0.0012836 secs]
16.511: [GC pause (G1 Evacuation Pause) (young) 4048K->913K(8192K), 0.0008348 secs]
16.514: [GC pause (G1 Evacuation Pause) (young) 3985K->976K(8192K), 0.0011181 secs]
16.517: [GC pause (G1 Evacuation Pause) (young) 4048K->913K(8192K), 0.0008700 secs]
16.520: [GC pause (G1 Evacuation Pause) (young) 3985K->976K(8192K), 0.0011522 secs]
16.523: [GC pause (G1 Evacuation Pause) (young) 4048K->913K(8192K), 0.0008029 secs]
16.526: [GC pause (G1 Evacuation Pause) (young) 3985K->976K(8192K), 0.0011665 secs]
16.529: [GC pause (G1 Evacuation Pause) (young) 4048K->913K(8192K), 0.0009305 secs]
16.532: [GC pause (G1 Evacuation Pause) (young) 3985K->976K(8192K), 0.0011643 secs]
16.536: [GC pause (G1 Evacuation Pause) (young) 4048K->913K(8192K), 0.0008123 secs]
16.539: [GC pause (G1 Evacuation Pause) (young) 3985K->976K(8192K), 0.0011230 secs]
16.542: [GC pause (G1 Evacuation Pause) (young) 4048K->913K(8192K), 0.0009338 secs]
16.545: [GC pause (G1 Evacuation Pause) (young) 3985K->976K(8192K), 0.0011186 secs]
16.548: [GC pause (G1 Evacuation Pause) (young) 4048K->913K(8192K), 0.0008266 secs]
16.551: [GC pause (G1 Evacuation Pause) (young) 3985K->976K(8192K), 0.0011588 secs]
16.555: [GC pause (G1 Evacuation Pause) (young) 4048K->913K(8192K), 0.0008090 secs]
16.558: [GC pause (G1 Evacuation Pause) (young) 3985K->1003K(8192K), 0.0016290 secs]
16.561: [GC pause (G1 Evacuation Pause) (young) 4075K->913K(8192K), 0.0008172 secs]
16.564: [GC pause (G1 Evacuation Pause) (young) 3985K->976K(8192K), 0.0011318 secs]
16.567: [GC pause (G1 Evacuation Pause) (young) 4048K->913K(8192K), 0.0008062 secs]
16.570: [GC pause (G1 Evacuation Pause) (young) 3985K->976K(8192K), 0.0011296 secs]
16.574: [GC pause (G1 Evacuation Pause) (young) 4048K->913K(8192K), 0.0008436 secs]
16.577: [GC pause (G1 Evacuation Pause) (young) 3985K->976K(8192K), 0.0011412 secs]
16.580: [GC pause (G1 Evacuation Pause) (young) 4048K->913K(8192K), 0.0008112 secs]
16.583: [GC pause (G1 Evacuation Pause) (young) 3985K->976K(8192K), 0.0011456 secs]
16.586: [GC pause (G1 Evacuation Pause) (young) 4048K->913K(8192K), 0.0008271 secs]
16.589: [GC pause (G1 Evacuation Pause) (young) 3985K->976K(8192K), 0.0011186 secs]
16.592: [GC pause (G1 Evacuation Pause) (young) 4048K->913K(8192K), 0.0008095 secs]
16.595: [GC pause (G1 Evacuation Pause) (young) 3985K->976K(8192K), 0.0011577 secs]
16.598: [GC pause (G1 Evacuation Pause) (young) 4048K->913K(8192K), 0.0008035 secs]
16.601: [GC pause (G1 Evacuation Pause) (young) 3985K->976K(8192K), 0.0011742 secs]
16.605: [GC pause (G1 Evacuation Pause) (young) 4048K->913K(8192K), 0.0008711 secs]
16.607: [GC pause (G1 Evacuation Pause) (young) 3985K->976K(8192K), 0.0027454 secs]
16.612: [GC pause (G1 Evacuation Pause) (young) 4048K->913K(8192K), 0.0009069 secs]
16.615: [GC pause (G1 Evacuation Pause) (young) 3985K->976K(8192K), 0.0011307 secs]
16.619: [GC pause (G1 Evacuation Pause) (young) 4048K->913K(8192K), 0.0008051 secs]
16.621: [GC pause (G1 Evacuation Pause) (young) 3985K->976K(8192K), 0.0011230 secs]
16.625: [GC pause (G1 Evacuation Pause) (young) 4048K->913K(8192K), 0.0012341 secs]
16.628: [GC pause (G1 Evacuation Pause) (young) 3985K->976K(8192K), 0.0011357 secs]
16.631: [GC pause (G1 Evacuation Pause) (young) 4048K->913K(8192K), 0.0008145 secs]
16.634: [GC pause (G1 Evacuation Pause) (young) 3985K->976K(8192K), 0.0011439 secs]
16.637: [GC pause (G1 Evacuation Pause) (young) 4048K->913K(8192K), 0.0008216 secs]
16.640: [GC pause (G1 Evacuation Pause) (young) 3985K->976K(8192K), 0.0011291 secs]
16.644: [GC pause (G1 Evacuation Pause) (young) 4048K->913K(8192K), 0.0008117 secs]
16.646: [GC pause (G1 Evacuation Pause) (young) 3985K->976K(8192K), 0.0011819 secs]
16.650: [GC pause (G1 Evacuation Pause) (young) 4048K->913K(8192K), 0.0007936 secs]
16.653: [GC pause (G1 Evacuation Pause) (young) 3985K->976K(8192K), 0.0011197 secs]
16.656: [GC pause (G1 Evacuation Pause) (young) 4048K->913K(8192K), 0.0008172 secs]
16.659: [GC pause (G1 Evacuation Pause) (young) 3985K->976K(8192K), 0.0012028 secs]
16.662: [GC pause (G1 Evacuation Pause) (young) 4048K->913K(8192K), 0.0008332 secs]
16.665: [GC pause (G1 Evacuation Pause) (young) 3985K->976K(8192K), 0.0011362 secs]
16.668: [GC pause (G1 Evacuation Pause) (young) 4048K->913K(8192K), 0.0008172 secs]
16.671: [GC pause (G1 Evacuation Pause) (young) 3985K->976K(8192K), 0.0011175 secs]
16.675: [GC pause (G1 Evacuation Pause) (young) 4048K->913K(8192K), 0.0012996 secs]
16.678: [GC pause (G1 Evacuation Pause) (young) 3985K->976K(8192K), 0.0011742 secs]
16.681: [GC pause (G1 Evacuation Pause) (young) 4048K->913K(8192K), 0.0007980 secs]
16.684: [GC pause (G1 Evacuation Pause) (young) 3985K->976K(8192K), 0.0011230 secs]
16.687: [GC pause (G1 Evacuation Pause) (young) 4048K->913K(8192K), 0.0008200 secs]
16.690: [GC pause (G1 Evacuation Pause) (young) 3985K->976K(8192K), 0.0011511 secs]
16.694: [GC pause (G1 Evacuation Pause) (young) 4048K->913K(8192K), 0.0008112 secs]
16.696: [GC pause (G1 Evacuation Pause) (young) 3985K->976K(8192K), 0.0011472 secs]
16.700: [GC pause (G1 Evacuation Pause) (young) 4048K->913K(8192K), 0.0008029 secs]
16.703: [GC pause (G1 Evacuation Pause) (young) 3985K->976K(8192K), 0.0011747 secs]
16.706: [GC pause (G1 Evacuation Pause) (young) 4048K->913K(8192K), 0.0007991 secs]
16.709: [GC pause (G1 Evacuation Pause) (young) 3985K->976K(8192K), 0.0011445 secs]
16.712: [GC pause (G1 Evacuation Pause) (young) 4048K->913K(8192K), 0.0008260 secs]
16.715: [GC pause (G1 Evacuation Pause) (young) 3985K->976K(8192K), 0.0012237 secs]
16.719: [GC pause (G1 Evacuation Pause) (young) 4048K->913K(8192K), 0.0020673 secs]
16.723: [GC pause (G1 Evacuation Pause) (young) 3985K->976K(8192K), 0.0011593 secs]
16.726: [GC pause (G1 Evacuation Pause) (young) 4048K->913K(8192K), 0.0008299 secs]
16.729: [GC pause (G1 Evacuation Pause) (young) 3985K->976K(8192K), 0.0012451 secs]
16.732: [GC pause (G1 Evacuation Pause) (young) 4048K->913K(8192K), 0.0008304 secs]
16.735: [GC pause (G1 Evacuation Pause) (young) 3985K->976K(8192K), 0.0011324 secs]
16.739: [GC pause (G1 Evacuation Pause) (young) 4048K->913K(8192K), 0.0008277 secs]
16.742: [GC pause (G1 Evacuation Pause) (young) 3985K->976K(8192K), 0.0016400 secs]
16.745: [GC pause (G1 Evacuation Pause) (young) 4048K->913K(8192K), 0.0008128 secs]
16.748: [GC pause (G1 Evacuation Pause) (young) 3985K->976K(8192K), 0.0011313 secs]
16.751: [GC pause (G1 Evacuation Pause) (young) 4048K->913K(8192K), 0.0008084 secs]
16.754: [GC pause (G1 Evacuation Pause) (young) 3985K->976K(8192K), 0.0011478 secs]
16.758: [GC pause (G1 Evacuation Pause) (young) 4048K->913K(8192K), 0.0008381 secs]
16.761: [GC pause (G1 Evacuation Pause) (young) 3985K->976K(8192K), 0.0086976 secs]
16.772: [GC pause (G1 Evacuation Pause) (young) 4048K->913K(8192K), 0.0008568 secs]
16.775: [GC pause (G1 Evacuation Pause) (young) 3985K->976K(8192K), 0.0203957 secs]
16.797: [GC pause (G1 Evacuation Pause) (young) 4048K->913K(8192K), 0.0207950 secs]
16.821: [GC pause (G1 Evacuation Pause) (young) 3985K->976K(8192K), 0.0127090 secs]
16.836: [GC pause (G1 Evacuation Pause) (young) 4048K->913K(8192K), 0.0286303 secs]
16.866: [GC pause (G1 Evacuation Pause) (young) 3985K->976K(8192K), 0.0011472 secs]
16.870: [GC pause (G1 Evacuation Pause) (young) 4048K->913K(8192K), 0.0008205 secs]
16.873: [GC pause (G1 Evacuation Pause) (young) 3985K->976K(8192K), 0.0011703 secs]
16.877: [GC pause (G1 Evacuation Pause) (young) 4048K->913K(8192K), 0.0010180 secs]
16.880: [GC pause (G1 Evacuation Pause) (young) 3985K->976K(8192K), 0.0011753 secs]
16.883: [GC pause (G1 Evacuation Pause) (young) 4048K->913K(8192K), 0.0015058 secs]
16.887: [GC pause (G1 Evacuation Pause) (young) 3985K->976K(8192K), 0.0011214 secs]
16.890: [GC pause (G1 Evacuation Pause) (young) 4048K->913K(8192K), 0.0008557 secs]
16.893: [GC pause (G1 Evacuation Pause) (young) 3985K->976K(8192K), 0.0012006 secs]
16.896: [GC pause (G1 Evacuation Pause) (young) 4048K->913K(8192K), 0.0008326 secs]
16.899: [GC pause (G1 Evacuation Pause) (young) 3985K->976K(8192K), 0.0017681 secs]
16.903: [GC pause (G1 Evacuation Pause) (young) 4048K->913K(8192K), 0.0008321 secs]
16.906: [GC pause (G1 Evacuation Pause) (young) 3985K->976K(8192K), 0.0023005 secs]
16.911: [GC pause (G1 Evacuation Pause) (young) 4048K->913K(8192K), 0.0008491 secs]
16.914: [GC pause (G1 Evacuation Pause) (young) 3985K->976K(8192K), 0.0011434 secs]
16.917: [GC pause (G1 Evacuation Pause) (young) 4048K->913K(8192K), 0.0008150 secs]
16.920: [GC pause (G1 Evacuation Pause) (young) 3985K->976K(8192K), 0.0011538 secs]
16.923: [GC pause (G1 Evacuation Pause) (young) 4048K->913K(8192K), 0.0010598 secs]
16.927: [GC pause (G1 Evacuation Pause) (young) 3985K->976K(8192K), 0.0012737 secs]
16.930: [GC pause (G1 Evacuation Pause) (young) 4048K->913K(8192K), 0.0008953 secs]
16.933: [GC pause (G1 Evacuation Pause) (young) 3985K->976K(8192K), 0.0011335 secs]
16.936: [GC pause (G1 Evacuation Pause) (young) 4048K->913K(8192K), 0.0008079 secs]
16.939: [GC pause (G1 Evacuation Pause) (young) 3985K->976K(8192K), 0.0011423 secs]
16.943: [GC pause (G1 Evacuation Pause) (young) 4048K->913K(8192K), 0.0009608 secs]
16.946: [GC pause (G1 Evacuation Pause) (young) 3985K->1003K(8192K), 0.0014288 secs]
16.949: [GC pause (G1 Evacuation Pause) (young) 4075K->913K(8192K), 0.0008161 secs]
16.952: [GC pause (G1 Evacuation Pause) (young) 3985K->976K(8192K), 0.0011181 secs]
16.955: [GC pause (G1 Evacuation Pause) (young) 4048K->913K(8192K), 0.0008200 secs]
16.958: [GC pause (G1 Evacuation Pause) (young) 3985K->976K(8192K), 0.0017544 secs]
16.962: [GC pause (G1 Evacuation Pause) (young) 4048K->913K(8192K), 0.0008139 secs]
16.965: [GC pause (G1 Evacuation Pause) (young) 3985K->976K(8192K), 0.0011258 secs]
16.968: [GC pause (G1 Evacuation Pause) (young) 4048K->913K(8192K), 0.0008101 secs]
16.971: [GC pause (G1 Evacuation Pause) (young) 3985K->976K(8192K), 0.0011489 secs]
16.975: [GC pause (G1 Evacuation Pause) (young) 4048K->913K(8192K), 0.0009019 secs]
16.978: [GC pause (G1 Evacuation Pause) (young) 3985K->976K(8192K), 0.0016785 secs]
16.981: [GC pause (G1 Evacuation Pause) (young) 4048K->913K(8192K), 0.0008150 secs]
16.984: [GC pause (G1 Evacuation Pause) (young) 3985K->976K(8192K), 0.0011522 secs]
16.988: [GC pause (G1 Evacuation Pause) (young) 4048K->913K(8192K), 0.0008238 secs]
16.991: [GC pause (G1 Evacuation Pause) (young) 3985K->976K(8192K), 0.0011566 secs]
16.994: [GC pause (G1 Evacuation Pause) (young) 4048K->913K(8192K), 0.0015965 secs]
16.998: [GC pause (G1 Evacuation Pause) (young) 3985K->976K(8192K), 0.0011373 secs]
17.001: [GC pause (G1 Evacuation Pause) (young) 4048K->913K(8192K), 0.0008101 secs]
17.004: [GC pause (G1 Evacuation Pause) (young) 3985K->976K(8192K), 0.0011692 secs]
17.007: [GC pause (G1 Evacuation Pause) (young) 4048K->913K(8192K), 0.0008376 secs]
17.011: [GC pause (G1 Evacuation Pause) (young) 3985K->976K(8192K), 0.0012380 secs]
17.014: [GC pause (G1 Evacuation Pause) (young) 4048K->913K(8192K), 0.0009162 secs]
17.017: [GC pause (G1 Evacuation Pause) (young) 3985K->976K(8192K), 0.0011571 secs]
17.020: [GC pause (G1 Evacuation Pause) (young) 4048K->913K(8192K), 0.0008387 secs]
17.023: [GC pause (G1 Evacuation Pause) (young) 3985K->976K(8192K), 0.0019403 secs]
17.027: [GC pause (G1 Evacuation Pause) (young) 4048K->913K(8192K), 0.0020293 secs]
17.032: [GC pause (G1 Evacuation Pause) (young) 3985K->976K(8192K), 0.0011307 secs]
17.035: [GC pause (G1 Evacuation Pause) (young) 4048K->913K(8192K), 0.0008359 secs]
17.038: [GC pause (G1 Evacuation Pause) (young) 3985K->976K(8192K), 0.0011197 secs]
17.041: [GC pause (G1 Evacuation Pause) (young) 4048K->913K(8192K), 0.0008145 secs]
17.044: [GC pause (G1 Evacuation Pause) (young) 3985K->976K(8192K), 0.0011533 secs]
17.047: [GC pause (G1 Evacuation Pause) (young) 4048K->913K(8192K), 0.0008233 secs]
17.050: [GC pause (G1 Evacuation Pause) (young) 3985K->976K(8192K), 0.0011285 secs]
17.053: [GC pause (G1 Evacuation Pause) (young) 4048K->913K(8192K), 0.0008007 secs]
17.057: [GC pause (G1 Evacuation Pause) (young) 3985K->976K(8192K), 0.0011549 secs]
17.060: [GC pause (G1 Evacuation Pause) (young) 4048K->913K(8192K), 0.0008117 secs]
17.063: [GC pause (G1 Evacuation Pause) (young) 3985K->976K(8192K), 0.0011582 secs]
17.066: [GC pause (G1 Evacuation Pause) (young) 4048K->913K(8192K), 0.0008040 secs]
17.069: [GC pause (G1 Evacuation Pause) (young) 3985K->976K(8192K), 0.0012682 secs]
17.073: [GC pause (G1 Evacuation Pause) (young) 4048K->913K(8192K), 0.0008183 secs]
17.076: [GC pause (G1 Evacuation Pause) (young) 3985K->976K(8192K), 0.0011505 secs]
17.079: [GC pause (G1 Evacuation Pause) (young) 4048K->913K(8192K), 0.0008942 secs]
17.082: [GC pause (G1 Evacuation Pause) (young) 3985K->976K(8192K), 0.0011648 secs]
17.085: [GC pause (G1 Evacuation Pause) (young) 4048K->913K(8192K), 0.0008035 secs]
17.088: [GC pause (G1 Evacuation Pause) (young) 3985K->976K(8192K), 0.0011527 secs]
17.092: [GC pause (G1 Evacuation Pause) (young) 4048K->913K(8192K), 0.0008172 secs]
17.095: [GC pause (G1 Evacuation Pause) (young) 3985K->976K(8192K), 0.0011269 secs]
17.098: [GC pause (G1 Evacuation Pause) (young) 4048K->913K(8192K), 0.0008018 secs]
17.101: [GC pause (G1 Evacuation Pause) (young) 3985K->1003K(8192K), 0.0017709 secs]
17.105: [GC pause (G1 Evacuation Pause) (young) 4075K->913K(8192K), 0.0008134 secs]
17.108: [GC pause (G1 Evacuation Pause) (young) 3985K->976K(8192K), 0.0016471 secs]
17.111: [GC pause (G1 Evacuation Pause) (young) 4048K->913K(8192K), 0.0008216 secs]
17.114: [GC pause (G1 Evacuation Pause) (young) 3985K->976K(8192K), 0.0011252 secs]
17.118: [GC pause (G1 Evacuation Pause) (young) 4048K->913K(8192K), 0.0008629 secs]
17.121: [GC pause (G1 Evacuation Pause) (young) 3985K->976K(8192K), 0.0011522 secs]
17.124: [GC pause (G1 Evacuation Pause) (young) 4048K->913K(8192K), 0.0008810 secs]
17.127: [GC pause (G1 Evacuation Pause) (young) 3985K->976K(8192K), 0.0012418 secs]
17.132: [GC pause (G1 Evacuation Pause) (young) 4048K->913K(8192K), 0.0008315 secs]
17.136: [GC pause (G1 Evacuation Pause) (young) 3985K->976K(8192K), 0.0011824 secs]
17.139: [GC pause (G1 Evacuation Pause) (young) 4048K->913K(8192K), 0.0008244 secs]
17.142: [GC pause (G1 Evacuation Pause) (young) 3985K->976K(8192K), 0.0011461 secs]
17.145: [GC pause (G1 Evacuation Pause) (young) 4048K->913K(8192K), 0.0008376 secs]
17.149: [GC pause (G1 Evacuation Pause) (young) 3985K->976K(8192K), 0.0011901 secs]
17.153: [GC pause (G1 Evacuation Pause) (young) 4048K->913K(8192K), 0.0008277 secs]
17.156: [GC pause (G1 Evacuation Pause) (young) 3985K->976K(8192K), 0.0011582 secs]
17.160: [GC pause (G1 Evacuation Pause) (young) 4048K->913K(8192K), 0.0009008 secs]
17.163: [GC pause (G1 Evacuation Pause) (young) 3985K->1003K(8192K), 0.0012077 secs]
17.166: [GC pause (G1 Evacuation Pause) (young) 4075K->913K(8192K), 0.0008046 secs]
17.169: [GC pause (G1 Evacuation Pause) (young) 3985K->976K(8192K), 0.0011274 secs]
17.172: [GC pause (G1 Evacuation Pause) (young) 4048K->913K(8192K), 0.0008266 secs]
17.175: [GC pause (G1 Evacuation Pause) (young) 3985K->976K(8192K), 0.0012567 secs]
17.179: [GC pause (G1 Evacuation Pause) (young) 4048K->913K(8192K), 0.0008139 secs]
17.182: [GC pause (G1 Evacuation Pause) (young) 3985K->976K(8192K), 0.0012913 secs]
17.185: [GC pause (G1 Evacuation Pause) (young) 4048K->913K(8192K), 0.0008134 secs]
17.188: [GC pause (G1 Evacuation Pause) (young) 3985K->976K(8192K), 0.0011395 secs]
17.192: [GC pause (G1 Evacuation Pause) (young) 4048K->913K(8192K), 0.0008139 secs]
17.194: [GC pause (G1 Evacuation Pause) (young) 3985K->976K(8192K), 0.0011439 secs]
17.198: [GC pause (G1 Evacuation Pause) (young) 4048K->913K(8192K), 0.0008387 secs]
17.201: [GC pause (G1 Evacuation Pause) (young) 3985K->976K(8192K), 0.0011527 secs]
17.204: [GC pause (G1 Evacuation Pause) (young) 4048K->913K(8192K), 0.0373532 secs]
17.244: [GC pause (G1 Evacuation Pause) (young) 3985K->976K(8192K), 0.0026937 secs]
17.249: [GC pause (G1 Evacuation Pause) (young) 4048K->913K(8192K), 0.0073199 secs]
17.260: [GC pause (G1 Evacuation Pause) (young) 3985K->976K(8192K), 0.0011808 secs]
17.263: [GC pause (G1 Evacuation Pause) (young) 4048K->913K(8192K), 0.0063069 secs]
17.272: [GC pause (G1 Evacuation Pause) (young) 3985K->976K(8192K), 0.0011533 secs]
17.275: [GC pause (G1 Evacuation Pause) (young) 4048K->913K(8192K), 0.0012468 secs]
17.278: [GC pause (G1 Evacuation Pause) (young) 3985K->976K(8192K), 0.0011406 secs]
17.281: [GC pause (G1 Evacuation Pause) (young) 4048K->913K(8192K), 0.0088549 secs]
17.293: [GC pause (G1 Evacuation Pause) (young) 3985K->976K(8192K), 0.0017060 secs]
17.297: [GC pause (G1 Evacuation Pause) (young) 4048K->913K(8192K), 0.0008299 secs]
17.299: [GC pause (G1 Evacuation Pause) (young) 3985K->976K(8192K), 0.0011555 secs]
17.303: [GC pause (G1 Evacuation Pause) (young) 4048K->913K(8192K), 0.0008200 secs]
17.306: [GC pause (G1 Evacuation Pause) (young) 3985K->976K(8192K), 0.0011390 secs]
17.309: [GC pause (G1 Evacuation Pause) (young) 4048K->913K(8192K), 0.0008376 secs]
17.312: [GC pause (G1 Evacuation Pause) (young) 3985K->976K(8192K), 0.0011214 secs]
17.315: [GC pause (G1 Evacuation Pause) (young) 4048K->913K(8192K), 0.0070257 secs]
17.325: [GC pause (G1 Evacuation Pause) (young) 3985K->976K(8192K), 0.0015184 secs]
17.328: [GC pause (G1 Evacuation Pause) (young) 4048K->913K(8192K), 0.0008211 secs]
17.331: [GC pause (G1 Evacuation Pause) (young) 3985K->976K(8192K), 0.0012286 secs]
17.335: [GC pause (G1 Evacuation Pause) (young) 4048K->913K(8192K), 0.0008051 secs]
17.338: [GC pause (G1 Evacuation Pause) (young) 3985K->976K(8192K), 0.0011362 secs]
17.341: [GC pause (G1 Evacuation Pause) (young) 4048K->913K(8192K), 0.0007980 secs]
17.344: [GC pause (G1 Evacuation Pause) (young) 3985K->976K(8192K), 0.0014205 secs]
17.347: [GC pause (G1 Evacuation Pause) (young) 4048K->913K(8192K), 0.0008453 secs]
17.350: [GC pause (G1 Evacuation Pause) (young) 3985K->976K(8192K), 0.0011307 secs]
17.354: [GC pause (G1 Evacuation Pause) (young) 4048K->913K(8192K), 0.0073733 secs]
17.363: [GC pause (G1 Evacuation Pause) (young) 3985K->976K(8192K), 0.0011736 secs]
17.367: [GC pause (G1 Evacuation Pause) (young) 4048K->913K(8192K), 0.0008200 secs]
17.369: [GC pause (G1 Evacuation Pause) (young) 3985K->976K(8192K), 0.0011351 secs]
17.373: [GC pause (G1 Evacuation Pause) (young) 4048K->913K(8192K), 0.0008145 secs]
17.376: [GC pause (G1 Evacuation Pause) (young) 3985K->976K(8192K), 0.0011362 secs]
17.379: [GC pause (G1 Evacuation Pause) (young) 4048K->913K(8192K), 0.0008161 secs]
17.382: [GC pause (G1 Evacuation Pause) (young) 3985K->976K(8192K), 0.0011280 secs]
17.385: [GC pause (G1 Evacuation Pause) (young) 4048K->913K(8192K), 0.0008057 secs]
17.388: [GC pause (G1 Evacuation Pause) (young) 3985K->976K(8192K), 0.0011566 secs]
17.391: [GC pause (G1 Evacuation Pause) (young) 4048K->913K(8192K), 0.0008436 secs]
17.394: [GC pause (G1 Evacuation Pause) (young) 3985K->976K(8192K), 0.0017021 secs]
17.398: [GC pause (G1 Evacuation Pause) (young) 4048K->913K(8192K), 0.0008244 secs]
17.401: [GC pause (G1 Evacuation Pause) (young) 3985K->976K(8192K), 0.0011225 secs]
17.404: [GC pause (G1 Evacuation Pause) (young) 4048K->913K(8192K), 0.0008057 secs]
17.407: [GC pause (G1 Evacuation Pause) (young) 3985K->976K(8192K), 0.0011357 secs]
17.410: [GC pause (G1 Evacuation Pause) (young) 4048K->913K(8192K), 0.0008123 secs]
17.413: [GC pause (G1 Evacuation Pause) (young) 3985K->976K(8192K), 0.0011665 secs]
17.416: [GC pause (G1 Evacuation Pause) (young) 4048K->913K(8192K), 0.0008073 secs]
17.419: [GC pause (G1 Evacuation Pause) (young) 3985K->976K(8192K), 0.0011269 secs]
17.423: [GC pause (G1 Evacuation Pause) (young) 4048K->913K(8192K), 0.0008992 secs]
17.426: [GC pause (G1 Evacuation Pause) (young) 3985K->976K(8192K), 0.0011648 secs]
17.429: [GC pause (G1 Evacuation Pause) (young) 4048K->913K(8192K), 0.0008909 secs]
17.432: [GC pause (G1 Evacuation Pause) (young) 3985K->976K(8192K), 0.0011357 secs]
17.436: [GC pause (G1 Evacuation Pause) (young) 4048K->913K(8192K), 0.0008040 secs]
17.439: [GC pause (G1 Evacuation Pause) (young) 3985K->976K(8192K), 0.0011258 secs]
17.442: [GC pause (G1 Evacuation Pause) (young) 4048K->913K(8192K), 0.0008843 secs]
17.445: [GC pause (G1 Evacuation Pause) (young) 3985K->976K(8192K), 0.0012072 secs]
17.448: [GC pause (G1 Evacuation Pause) (young) 4048K->913K(8192K), 0.0008271 secs]
17.451: [GC pause (G1 Evacuation Pause) (young) 3985K->976K(8192K), 0.0011390 secs]
17.454: [GC pause (G1 Evacuation Pause) (young) 4048K->913K(8192K), 0.0008178 secs]
17.457: [GC pause (G1 Evacuation Pause) (young) 3985K->976K(8192K), 0.0011483 secs]
17.461: [GC pause (G1 Evacuation Pause) (young) 4048K->913K(8192K), 0.0008084 secs]
17.464: [GC pause (G1 Evacuation Pause) (young) 3985K->976K(8192K), 0.0011258 secs]
17.467: [GC pause (G1 Evacuation Pause) (young) 4048K->913K(8192K), 0.0008156 secs]
17.470: [GC pause (G1 Evacuation Pause) (young) 3985K->976K(8192K), 0.0013974 secs]
17.473: [GC pause (G1 Evacuation Pause) (young) 4048K->913K(8192K), 0.0008134 secs]
17.476: [GC pause (G1 Evacuation Pause) (young) 3985K->976K(8192K), 0.0011527 secs]
17.479: [GC pause (G1 Evacuation Pause) (young) 4048K->913K(8192K), 0.0008068 secs]
17.482: [GC pause (G1 Evacuation Pause) (young) 3985K->976K(8192K), 0.0011450 secs]
17.486: [GC pause (G1 Evacuation Pause) (young) 4048K->913K(8192K), 0.0008084 secs]
17.489: [GC pause (G1 Evacuation Pause) (young) 3985K->976K(8192K), 0.0011269 secs]
17.492: [GC pause (G1 Evacuation Pause) (young) 4048K->913K(8192K), 0.0008766 secs]
17.495: [GC pause (G1 Evacuation Pause) (young) 3985K->976K(8192K), 0.0012028 secs]
17.498: [GC pause (G1 Evacuation Pause) (young) 4048K->913K(8192K), 0.0008233 secs]
17.501: [GC pause (G1 Evacuation Pause) (young) 3985K->976K(8192K), 0.0011368 secs]
17.504: [GC pause (G1 Evacuation Pause) (young) 4048K->913K(8192K), 0.0008090 secs]
17.507: [GC pause (G1 Evacuation Pause) (young) 3985K->976K(8192K), 0.0011291 secs]
17.511: [GC pause (G1 Evacuation Pause) (young) 4048K->913K(8192K), 0.0009129 secs]
17.514: [GC pause (G1 Evacuation Pause) (young) 3985K->976K(8192K), 0.0011230 secs]
17.517: [GC pause (G1 Evacuation Pause) (young) 4048K->913K(8192K), 0.0008293 secs]
17.520: [GC pause (G1 Evacuation Pause) (young) 3985K->976K(8192K), 0.0011263 secs]
17.523: [GC pause (G1 Evacuation Pause) (young) 4048K->913K(8192K), 0.0008018 secs]
17.526: [GC pause (G1 Evacuation Pause) (young) 3985K->976K(8192K), 0.0012336 secs]
17.529: [GC pause (G1 Evacuation Pause) (young) 4048K->913K(8192K), 0.0008255 secs]
17.532: [GC pause (G1 Evacuation Pause) (young) 3985K->976K(8192K), 0.0011368 secs]
17.536: [GC pause (G1 Evacuation Pause) (young) 4048K->913K(8192K), 0.0008299 secs]
17.539: [GC pause (G1 Evacuation Pause) (young) 3985K->976K(8192K), 0.0011291 secs]
17.542: [GC pause (G1 Evacuation Pause) (young) 4048K->913K(8192K), 0.0008244 secs]
17.545: [GC pause (G1 Evacuation Pause) (young) 3985K->976K(8192K), 0.0011373 secs]
17.548: [GC pause (G1 Evacuation Pause) (young) 4048K->913K(8192K), 0.0010207 secs]
17.551: [GC pause (G1 Evacuation Pause) (young) 3985K->976K(8192K), 0.0011670 secs]
17.554: [GC pause (G1 Evacuation Pause) (young) 4048K->913K(8192K), 0.0008227 secs]
17.557: [GC pause (G1 Evacuation Pause) (young) 3985K->976K(8192K), 0.0011505 secs]
17.561: [GC pause (G1 Evacuation Pause) (young) 4048K->913K(8192K), 0.0008035 secs]
17.564: [GC pause (G1 Evacuation Pause) (young) 3985K->976K(8192K), 0.0011571 secs]
17.567: [GC pause (G1 Evacuation Pause) (young) 4048K->913K(8192K), 0.0008046 secs]
17.570: [GC pause (G1 Evacuation Pause) (young) 3985K->976K(8192K), 0.0011263 secs]
17.573: [GC pause (G1 Evacuation Pause) (young) 4048K->913K(8192K), 0.0009646 secs]
17.576: [GC pause (G1 Evacuation Pause) (young) 3985K->976K(8192K), 0.0011379 secs]
17.579: [GC pause (G1 Evacuation Pause) (young) 4048K->913K(8192K), 0.0008112 secs]
17.582: [GC pause (G1 Evacuation Pause) (young) 3985K->976K(8192K), 0.0011269 secs]
17.585: [GC pause (G1 Evacuation Pause) (young) 4048K->913K(8192K), 0.0008057 secs]
17.588: [GC pause (G1 Evacuation Pause) (young) 3985K->976K(8192K), 0.0011241 secs]
17.592: [GC pause (G1 Evacuation Pause) (young) 4048K->913K(8192K), 0.0008849 secs]
17.595: [GC pause (G1 Evacuation Pause) (young) 3985K->976K(8192K), 0.0011291 secs]
17.598: [GC pause (G1 Evacuation Pause) (young) 4048K->913K(8192K), 0.0009030 secs]
17.601: [GC pause (G1 Evacuation Pause) (young) 3985K->976K(8192K), 0.0011373 secs]
17.604: [GC pause (G1 Evacuation Pause) (young) 4048K->913K(8192K), 0.0008112 secs]
17.607: [GC pause (G1 Evacuation Pause) (young) 3985K->976K(8192K), 0.0011148 secs]
17.610: [GC pause (G1 Evacuation Pause) (young) 4048K->913K(8192K), 0.0008156 secs]
17.613: [GC pause (G1 Evacuation Pause) (young) 3985K->976K(8192K), 0.0011373 secs]
17.617: [GC pause (G1 Evacuation Pause) (young) 4048K->913K(8192K), 0.0008128 secs]
17.619: [GC pause (G1 Evacuation Pause) (young) 3985K->976K(8192K), 0.0011346 secs]
17.623: [GC pause (G1 Evacuation Pause) (young) 4048K->913K(8192K), 0.0008018 secs]
17.626: [GC pause (G1 Evacuation Pause) (young) 3985K->976K(8192K), 0.0012055 secs]
17.629: [GC pause (G1 Evacuation Pause) (young) 4048K->913K(8192K), 0.0008018 secs]
17.632: [GC pause (G1 Evacuation Pause) (young) 3985K->976K(8192K), 0.0011214 secs]
17.635: [GC pause (G1 Evacuation Pause) (young) 4048K->913K(8192K), 0.0008777 secs]
17.638: [GC pause (G1 Evacuation Pause) (young) 3985K->976K(8192K), 0.0011159 secs]
17.641: [GC pause (G1 Evacuation Pause) (young) 4048K->913K(8192K), 0.0008359 secs]
17.644: [GC pause (G1 Evacuation Pause) (young) 3985K->976K(8192K), 0.0011434 secs]
17.647: [GC pause (G1 Evacuation Pause) (young) 4048K->913K(8192K), 0.0008266 secs]
17.650: [GC pause (G1 Evacuation Pause) (young) 3985K->976K(8192K), 0.0012374 secs]
17.654: [GC pause (G1 Evacuation Pause) (young) 4048K->913K(8192K), 0.0008403 secs]
17.657: [GC pause (G1 Evacuation Pause) (young) 3985K->976K(8192K), 0.0011439 secs]
17.660: [GC pause (G1 Evacuation Pause) (young) 4048K->913K(8192K), 0.0008249 secs]
17.663: [GC pause (G1 Evacuation Pause) (young) 3985K->976K(8192K), 0.0011120 secs]
17.666: [GC pause (G1 Evacuation Pause) (young) 4048K->913K(8192K), 0.0008156 secs]
17.669: [GC pause (G1 Evacuation Pause) (young) 3985K->976K(8192K), 0.0011401 secs]
17.672: [GC pause (G1 Evacuation Pause) (young) 4048K->913K(8192K), 0.0008145 secs]
17.675: [GC pause (G1 Evacuation Pause) (young) 3985K->976K(8192K), 0.0013490 secs]
17.679: [GC pause (G1 Evacuation Pause) (young) 4048K->913K(8192K), 0.0008238 secs]
17.682: [GC pause (G1 Evacuation Pause) (young) 3985K->976K(8192K), 0.0011764 secs]
17.685: [GC pause (G1 Evacuation Pause) (young) 4048K->913K(8192K), 0.0008068 secs]
17.688: [GC pause (G1 Evacuation Pause) (young) 3985K->976K(8192K), 0.0011692 secs]
17.691: [GC pause (G1 Evacuation Pause) (young) 4048K->913K(8192K), 0.0008079 secs]
17.694: [GC pause (G1 Evacuation Pause) (young) 3985K->976K(8192K), 0.0011390 secs]
17.697: [GC pause (G1 Evacuation Pause) (young) 4048K->913K(8192K), 0.0008244 secs]
17.700: [GC pause (G1 Evacuation Pause) (young) 3985K->976K(8192K), 0.0017445 secs]
17.704: [GC pause (G1 Evacuation Pause) (young) 4048K->913K(8192K), 0.0008266 secs]
17.707: [GC pause (G1 Evacuation Pause) (young) 3985K->976K(8192K), 0.0016482 secs]
17.711: [GC pause (G1 Evacuation Pause) (young) 4048K->913K(8192K), 0.0008288 secs]
17.714: [GC pause (G1 Evacuation Pause) (young) 3985K->976K(8192K), 0.0011511 secs]
17.717: [GC pause (G1 Evacuation Pause) (young) 4048K->913K(8192K), 0.0008183 secs]
17.722: [GC pause (G1 Evacuation Pause) (young) 3985K->976K(8192K), 0.0012303 secs]
17.726: [GC pause (G1 Evacuation Pause) (young) 4048K->913K(8192K), 0.0008332 secs]
17.729: [GC pause (G1 Evacuation Pause) (young) 3985K->976K(8192K), 0.0011643 secs]
17.732: [GC pause (G1 Evacuation Pause) (young) 4048K->913K(8192K), 0.0008849 secs]
17.735: [GC pause (G1 Evacuation Pause) (young) 3985K->976K(8192K), 0.0011236 secs]
17.738: [GC pause (G1 Evacuation Pause) (young) 4048K->913K(8192K), 0.0008156 secs]
17.741: [GC pause (G1 Evacuation Pause) (young) 3985K->976K(8192K), 0.0014046 secs]
17.745: [GC pause (G1 Evacuation Pause) (young) 4048K->913K(8192K), 0.0008563 secs]
17.748: [GC pause (G1 Evacuation Pause) (young) 3985K->976K(8192K), 0.0011412 secs]
17.751: [GC pause (G1 Evacuation Pause) (young) 4048K->913K(8192K), 0.0008821 secs]
17.754: [GC pause (G1 Evacuation Pause) (young) 3985K->976K(8192K), 0.0011538 secs]
17.757: [GC pause (G1 Evacuation Pause) (young) 4048K->913K(8192K), 0.0008277 secs]
17.760: [GC pause (G1 Evacuation Pause) (young) 3985K->976K(8192K), 0.0011247 secs]
17.763: [GC pause (G1 Evacuation Pause) (young) 4048K->913K(8192K), 0.0008205 secs]
17.766: [GC pause (G1 Evacuation Pause) (young) 3985K->976K(8192K), 0.0011725 secs]
17.770: [GC pause (G1 Evacuation Pause) (young) 4048K->913K(8192K), 0.0008073 secs]
17.773: [GC pause (G1 Evacuation Pause) (young) 3985K->976K(8192K), 0.0011258 secs]
17.776: [GC pause (G1 Evacuation Pause) (young) 4048K->913K(8192K), 0.0008271 secs]
17.779: [GC pause (G1 Evacuation Pause) (young) 3985K->976K(8192K), 0.0011329 secs]
17.782: [GC pause (G1 Evacuation Pause) (young) 4048K->913K(8192K), 0.0008189 secs]
17.785: [GC pause (G1 Evacuation Pause) (young) 3985K->976K(8192K), 0.0011307 secs]
17.788: [GC pause (G1 Evacuation Pause) (young) 4048K->913K(8192K), 0.0008035 secs]
17.791: [GC pause (G1 Evacuation Pause) (young) 3985K->976K(8192K), 0.0012006 secs]
17.794: [GC pause (G1 Evacuation Pause) (young) 4048K->913K(8192K), 0.0008090 secs]
17.797: [GC pause (G1 Evacuation Pause) (young) 3985K->976K(8192K), 0.0011747 secs]
17.801: [GC pause (G1 Evacuation Pause) (young) 4048K->913K(8192K), 0.0008134 secs]
17.804: [GC pause (G1 Evacuation Pause) (young) 3985K->976K(8192K), 0.0011566 secs]
17.807: [GC pause (G1 Evacuation Pause) (young) 4048K->913K(8192K), 0.0008398 secs]
17.810: [GC pause (G1 Evacuation Pause) (young) 3985K->976K(8192K), 0.0011208 secs]
17.813: [GC pause (G1 Evacuation Pause) (young) 4048K->913K(8192K), 0.0008057 secs]
17.816: [GC pause (G1 Evacuation Pause) (young) 3985K->976K(8192K), 0.0011142 secs]
17.819: [GC pause (G1 Evacuation Pause) (young) 4048K->913K(8192K), 0.0007969 secs]
17.822: [GC pause (G1 Evacuation Pause) (young) 3985K->976K(8192K), 0.0011186 secs]
17.825: [GC pause (G1 Evacuation Pause) (young) 4048K->913K(8192K), 0.0009261 secs]
17.828: [GC pause (G1 Evacuation Pause) (young) 3985K->976K(8192K), 0.0011659 secs]
17.832: [GC pause (G1 Evacuation Pause) (young) 4048K->913K(8192K), 0.0008178 secs]
17.835: [GC pause (G1 Evacuation Pause) (young) 3985K->976K(8192K), 0.0011307 secs]
17.838: [GC pause (G1 Evacuation Pause) (young) 4048K->913K(8192K), 0.0008051 secs]
17.841: [GC pause (G1 Evacuation Pause) (young) 3985K->976K(8192K), 0.0012160 secs]
17.844: [GC pause (G1 Evacuation Pause) (young) 4048K->913K(8192K), 0.0008101 secs]
17.847: [GC pause (G1 Evacuation Pause) (young) 3985K->976K(8192K), 0.0011423 secs]
17.850: [GC pause (G1 Evacuation Pause) (young) 4048K->913K(8192K), 0.0008112 secs]
17.853: [GC pause (G1 Evacuation Pause) (young) 3985K->1003K(8192K), 0.0016158 secs]
17.857: [GC pause (G1 Evacuation Pause) (young) 4075K->913K(8192K), 0.0008172 secs]
17.860: [GC pause (G1 Evacuation Pause) (young) 3985K->976K(8192K), 0.0011252 secs]
17.863: [GC pause (G1 Evacuation Pause) (young) 4048K->913K(8192K), 0.0008123 secs]
17.866: [GC pause (G1 Evacuation Pause) (young) 3985K->976K(8192K), 0.0011428 secs]
17.870: [GC pause (G1 Evacuation Pause) (young) 4048K->913K(8192K), 0.0008502 secs]
17.872: [GC pause (G1 Evacuation Pause) (young) 3985K->976K(8192K), 0.0012429 secs]
17.876: [GC pause (G1 Evacuation Pause) (young) 4048K->913K(8192K), 0.0008200 secs]
17.879: [GC pause (G1 Evacuation Pause) (young) 3985K->976K(8192K), 0.0011214 secs]
17.882: [GC pause (G1 Evacuation Pause) (young) 4048K->913K(8192K), 0.0008068 secs]
17.885: [GC pause (G1 Evacuation Pause) (young) 3985K->976K(8192K), 0.0011115 secs]
17.888: [GC pause (G1 Evacuation Pause) (young) 4048K->913K(8192K), 0.0008073 secs]
17.891: [GC pause (G1 Evacuation Pause) (young) 3985K->1003K(8192K), 0.0012231 secs]
17.895: [GC pause (G1 Evacuation Pause) (young) 4075K->913K(8192K), 0.0008150 secs]
17.897: [GC pause (G1 Evacuation Pause) (young) 3985K->976K(8192K), 0.0011159 secs]
17.901: [GC pause (G1 Evacuation Pause) (young) 4048K->913K(8192K), 0.0008018 secs]
17.903: [GC pause (G1 Evacuation Pause) (young) 3985K->976K(8192K), 0.0025837 secs]
17.908: [GC pause (G1 Evacuation Pause) (young) 4048K->913K(8192K), 0.0008216 secs]
17.911: [GC pause (G1 Evacuation Pause) (young) 3985K->976K(8192K), 0.0011395 secs]
17.914: [GC pause (G1 Evacuation Pause) (young) 4048K->913K(8192K), 0.0008029 secs]
17.917: [GC pause (G1 Evacuation Pause) (young) 3985K->976K(8192K), 0.0011120 secs]
17.920: [GC pause (G1 Evacuation Pause) (young) 4048K->913K(8192K), 0.0008057 secs]
17.923: [GC pause (G1 Evacuation Pause) (young) 3985K->976K(8192K), 0.0011230 secs]
17.927: [GC pause (G1 Evacuation Pause) (young) 4048K->913K(8192K), 0.0008178 secs]
17.930: [GC pause (G1 Evacuation Pause) (young) 3985K->976K(8192K), 0.0011274 secs]
17.933: [GC pause (G1 Evacuation Pause) (young) 4048K->913K(8192K), 0.0008711 secs]
17.936: [GC pause (G1 Evacuation Pause) (young) 3985K->976K(8192K), 0.0011824 secs]
17.940: [GC pause (G1 Evacuation Pause) (young) 4048K->913K(8192K), 0.0332780 secs]
17.975: [GC pause (G1 Evacuation Pause) (young) 3985K->976K(8192K), 0.0014634 secs]
17.979: [GC pause (G1 Evacuation Pause) (young) 4048K->913K(8192K), 0.0008249 secs]
17.982: [GC pause (G1 Evacuation Pause) (young) 3985K->1003K(8192K), 0.0012836 secs]
17.985: [GC pause (G1 Evacuation Pause) (young) 4075K->913K(8192K), 0.0013688 secs]
17.989: [GC pause (G1 Evacuation Pause) (young) 3985K->976K(8192K), 0.0011395 secs]
17.992: [GC pause (G1 Evacuation Pause) (young) 4048K->913K(8192K), 0.0009085 secs]
17.995: [GC pause (G1 Evacuation Pause) (young) 3985K->976K(8192K), 0.0011819 secs]
17.999: [GC pause (G1 Evacuation Pause) (young) 4048K->913K(8192K), 0.0011973 secs]
18.002: [GC pause (G1 Evacuation Pause) (young) 3985K->976K(8192K), 0.0011527 secs]
18.005: [GC pause (G1 Evacuation Pause) (young) 4048K->913K(8192K), 0.0008062 secs]
18.009: [GC pause (G1 Evacuation Pause) (young) 3985K->976K(8192K), 0.0012215 secs]
18.012: [GC pause (G1 Evacuation Pause) (young) 4048K->913K(8192K), 0.0008260 secs]
18.015: [GC pause (G1 Evacuation Pause) (young) 3985K->976K(8192K), 0.0014563 secs]
18.018: [GC pause (G1 Evacuation Pause) (young) 4048K->913K(8192K), 0.0008145 secs]
18.021: [GC pause (G1 Evacuation Pause) (young) 3985K->976K(8192K), 0.0012028 secs]
18.025: [GC pause (G1 Evacuation Pause) (young) 4048K->913K(8192K), 0.0009630 secs]
18.028: [GC pause (G1 Evacuation Pause) (young) 3985K->976K(8192K), 0.0011643 secs]
18.031: [GC pause (G1 Evacuation Pause) (young) 4048K->913K(8192K), 0.0011665 secs]
18.034: [GC pause (G1 Evacuation Pause) (young) 3985K->976K(8192K), 0.0011852 secs]
18.038: [GC pause (G1 Evacuation Pause) (young) 4048K->913K(8192K), 0.0008123 secs]
18.041: [GC pause (G1 Evacuation Pause) (young) 3985K->976K(8192K), 0.0016114 secs]
18.045: [GC pause (G1 Evacuation Pause) (young) 4048K->913K(8192K), 0.0008590 secs]
18.048: [GC pause (G1 Evacuation Pause) (young) 3985K->976K(8192K), 0.0012781 secs]
18.051: [GC pause (G1 Evacuation Pause) (young) 4048K->913K(8192K), 0.0008145 secs]
18.054: [GC pause (G1 Evacuation Pause) (young) 3985K->976K(8192K), 0.0011505 secs]
18.057: [GC pause (G1 Evacuation Pause) (young) 4048K->913K(8192K), 0.0008106 secs]
18.060: [GC pause (G1 Evacuation Pause) (young) 3985K->976K(8192K), 0.0011516 secs]
18.063: [GC pause (G1 Evacuation Pause) (young) 4048K->913K(8192K), 0.0010185 secs]
18.067: [GC pause (G1 Evacuation Pause) (young) 3985K->976K(8192K), 0.0011522 secs]
18.070: [GC pause (G1 Evacuation Pause) (young) 4048K->913K(8192K), 0.0008475 secs]
18.073: [GC pause (G1 Evacuation Pause) (young) 3985K->976K(8192K), 0.0011901 secs]
18.076: [GC pause (G1 Evacuation Pause) (young) 4048K->913K(8192K), 0.0008986 secs]
18.079: [GC pause (G1 Evacuation Pause) (young) 3985K->976K(8192K), 0.0011258 secs]
18.083: [GC pause (G1 Evacuation Pause) (young) 4048K->913K(8192K), 0.0008293 secs]
18.086: [GC pause (G1 Evacuation Pause) (young) 3985K->976K(8192K), 0.0016108 secs]
18.090: [GC pause (G1 Evacuation Pause) (young) 4048K->913K(8192K), 0.0008167 secs]
18.093: [GC pause (G1 Evacuation Pause) (young) 3985K->976K(8192K), 0.0012138 secs]
18.096: [GC pause (G1 Evacuation Pause) (young) 4048K->913K(8192K), 0.0008403 secs]
18.099: [GC pause (G1 Evacuation Pause) (young) 3985K->976K(8192K), 0.0011423 secs]
18.102: [GC pause (G1 Evacuation Pause) (young) 4048K->913K(8192K), 0.0009531 secs]
18.105: [GC pause (G1 Evacuation Pause) (young) 3985K->976K(8192K), 0.0011302 secs]
18.108: [GC pause (G1 Evacuation Pause) (young) 4048K->913K(8192K), 0.0008744 secs]
18.111: [GC pause (G1 Evacuation Pause) (young) 3985K->976K(8192K), 0.0011252 secs]
18.115: [GC pause (G1 Evacuation Pause) (young) 4048K->913K(8192K), 0.0008178 secs]
18.117: [GC pause (G1 Evacuation Pause) (young) 3985K->976K(8192K), 0.0012083 secs]
18.121: [GC pause (G1 Evacuation Pause) (young) 4048K->913K(8192K), 0.0008717 secs]
18.124: [GC pause (G1 Evacuation Pause) (young) 3985K->976K(8192K), 0.0011830 secs]
18.127: [GC pause (G1 Evacuation Pause) (young) 4048K->913K(8192K), 0.0008942 secs]
18.130: [GC pause (G1 Evacuation Pause) (young) 3985K->976K(8192K), 0.0011335 secs]
18.133: [GC pause (G1 Evacuation Pause) (young) 4048K->913K(8192K), 0.0008084 secs]
18.136: [GC pause (G1 Evacuation Pause) (young) 3985K->976K(8192K), 0.0011483 secs]
18.139: [GC pause (G1 Evacuation Pause) (young) 4048K->913K(8192K), 0.0008172 secs]
18.142: [GC pause (G1 Evacuation Pause) (young) 3985K->976K(8192K), 0.0011588 secs]
18.146: [GC pause (G1 Evacuation Pause) (young) 4048K->913K(8192K), 0.0008123 secs]
18.148: [GC pause (G1 Evacuation Pause) (young) 3985K->976K(8192K), 0.0011285 secs]
18.152: [GC pause (G1 Evacuation Pause) (young) 4048K->913K(8192K), 0.0008018 secs]
18.155: [GC pause (G1 Evacuation Pause) (young) 3985K->976K(8192K), 0.0011698 secs]
18.158: [GC pause (G1 Evacuation Pause) (young) 4048K->913K(8192K), 0.0008810 secs]
18.161: [GC pause (G1 Evacuation Pause) (young) 3985K->976K(8192K), 0.0011533 secs]
18.164: [GC pause (G1 Evacuation Pause) (young) 4048K->913K(8192K), 0.0008002 secs]
18.167: [GC pause (G1 Evacuation Pause) (young) 3985K->976K(8192K), 0.0011340 secs]
18.170: [GC pause (G1 Evacuation Pause) (young) 4048K->913K(8192K), 0.0008073 secs]
18.173: [GC pause (G1 Evacuation Pause) (young) 3985K->976K(8192K), 0.0011626 secs]
18.177: [GC pause (G1 Evacuation Pause) (young) 4048K->913K(8192K), 0.0009624 secs]
18.180: [GC pause (G1 Evacuation Pause) (young) 3985K->976K(8192K), 0.0011593 secs]
18.183: [GC pause (G1 Evacuation Pause) (young) 4048K->913K(8192K), 0.0008101 secs]
18.186: [GC pause (G1 Evacuation Pause) (young) 3985K->976K(8192K), 0.0011236 secs]
18.189: [GC pause (G1 Evacuation Pause) (young) 4048K->913K(8192K), 0.0008106 secs]
18.192: [GC pause (G1 Evacuation Pause) (young) 3985K->1003K(8192K), 0.0013408 secs]
18.195: [GC pause (G1 Evacuation Pause) (young) 4075K->913K(8192K), 0.0008662 secs]
18.198: [GC pause (G1 Evacuation Pause) (young) 3985K->976K(8192K), 0.0011318 secs]
18.202: [GC pause (G1 Evacuation Pause) (young) 4048K->913K(8192K), 0.0008277 secs]
18.205: [GC pause (G1 Evacuation Pause) (young) 3985K->976K(8192K), 0.0011164 secs]
18.208: [GC pause (G1 Evacuation Pause) (young) 4048K->913K(8192K), 0.0007958 secs]
18.211: [GC pause (G1 Evacuation Pause) (young) 3985K->976K(8192K), 0.0011142 secs]
18.214: [GC pause (G1 Evacuation Pause) (young) 4048K->913K(8192K), 0.0007958 secs]
18.217: [GC pause (G1 Evacuation Pause) (young) 3985K->976K(8192K), 0.0011263 secs]
18.220: [GC pause (G1 Evacuation Pause) (young) 4048K->913K(8192K), 0.0029241 secs]
18.225: [GC pause (G1 Evacuation Pause) (young) 3985K->976K(8192K), 0.0012715 secs]
18.229: [GC pause (G1 Evacuation Pause) (young) 4048K->913K(8192K), 0.0009360 secs]
18.232: [GC pause (G1 Evacuation Pause) (young) 3985K->976K(8192K), 0.0011769 secs]
18.235: [GC pause (G1 Evacuation Pause) (young) 4048K->913K(8192K), 0.0008051 secs]
18.238: [GC pause (G1 Evacuation Pause) (young) 3985K->976K(8192K), 0.0012220 secs]
18.241: [GC pause (G1 Evacuation Pause) (young) 4048K->913K(8192K), 0.0008524 secs]
18.244: [GC pause (G1 Evacuation Pause) (young) 3985K->976K(8192K), 0.0011549 secs]
18.247: [GC pause (G1 Evacuation Pause) (young) 4048K->913K(8192K), 0.0008029 secs]
18.250: [GC pause (G1 Evacuation Pause) (young) 3985K->976K(8192K), 0.0011307 secs]
18.254: [GC pause (G1 Evacuation Pause) (young) 4048K->913K(8192K), 0.0008035 secs]
18.256: [GC pause (G1 Evacuation Pause) (young) 3985K->976K(8192K), 0.0011615 secs]
18.260: [GC pause (G1 Evacuation Pause) (young) 4048K->913K(8192K), 0.0008084 secs]
18.263: [GC pause (G1 Evacuation Pause) (young) 3985K->976K(8192K), 0.0011736 secs]
18.266: [GC pause (G1 Evacuation Pause) (young) 4048K->913K(8192K), 0.0008002 secs]
18.269: [GC pause (G1 Evacuation Pause) (young) 3985K->976K(8192K), 0.0011109 secs]
18.272: [GC pause (G1 Evacuation Pause) (young) 4048K->913K(8192K), 0.0008051 secs]
18.275: [GC pause (G1 Evacuation Pause) (young) 3985K->976K(8192K), 0.0011527 secs]
18.278: [GC pause (G1 Evacuation Pause) (young) 4048K->913K(8192K), 0.0010416 secs]
18.281: [GC pause (G1 Evacuation Pause) (young) 3985K->976K(8192K), 0.0011802 secs]
18.285: [GC pause (G1 Evacuation Pause) (young) 4048K->913K(8192K), 0.0008183 secs]
18.288: [GC pause (G1 Evacuation Pause) (young) 3985K->976K(8192K), 0.0011170 secs]
18.291: [GC pause (G1 Evacuation Pause) (young) 4048K->913K(8192K), 0.0008134 secs]
18.294: [GC pause (G1 Evacuation Pause) (young) 3985K->976K(8192K), 0.0011307 secs]
18.297: [GC pause (G1 Evacuation Pause) (young) 4048K->913K(8192K), 0.0008733 secs]
18.300: [GC pause (G1 Evacuation Pause) (young) 3985K->976K(8192K), 0.0011148 secs]
18.303: [GC pause (G1 Evacuation Pause) (young) 4048K->913K(8192K), 0.0008134 secs]
18.306: [GC pause (G1 Evacuation Pause) (young) 3985K->976K(8192K), 0.0011511 secs]
18.309: [GC pause (G1 Evacuation Pause) (young) 4048K->913K(8192K), 0.0008607 secs]
18.312: [GC pause (G1 Evacuation Pause) (young) 3985K->976K(8192K), 0.0011170 secs]
18.316: [GC pause (G1 Evacuation Pause) (young) 4048K->913K(8192K), 0.0008029 secs]
18.318: [GC pause (G1 Evacuation Pause) (young) 3985K->976K(8192K), 0.0011236 secs]
18.322: [GC pause (G1 Evacuation Pause) (young) 4048K->913K(8192K), 0.0008002 secs]
18.324: [GC pause (G1 Evacuation Pause) (young) 3985K->976K(8192K), 0.0011527 secs]
18.328: [GC pause (G1 Evacuation Pause) (young) 4048K->913K(8192K), 0.0009118 secs]
18.331: [GC pause (G1 Evacuation Pause) (young) 3985K->976K(8192K), 0.0011967 secs]
18.334: [GC pause (G1 Evacuation Pause) (young) 4048K->913K(8192K), 0.0008541 secs]
18.337: [GC pause (G1 Evacuation Pause) (young) 3985K->976K(8192K), 0.0011544 secs]
18.340: [GC pause (G1 Evacuation Pause) (young) 4048K->913K(8192K), 0.0007974 secs]
18.343: [GC pause (G1 Evacuation Pause) (young) 3985K->976K(8192K), 0.0011786 secs]
18.347: [GC pause (G1 Evacuation Pause) (young) 4048K->913K(8192K), 0.0008486 secs]
18.350: [GC pause (G1 Evacuation Pause) (young) 3985K->976K(8192K), 0.0011236 secs]
18.353: [GC pause (G1 Evacuation Pause) (young) 4048K->913K(8192K), 0.0007974 secs]
18.356: [GC pause (G1 Evacuation Pause) (young) 3985K->976K(8192K), 0.0011219 secs]
18.359: [GC pause (G1 Evacuation Pause) (young) 4048K->913K(8192K), 0.0008024 secs]
18.362: [GC pause (G1 Evacuation Pause) (young) 3985K->976K(8192K), 0.0011230 secs]
18.365: [GC pause (G1 Evacuation Pause) (young) 4048K->913K(8192K), 0.0008211 secs]
18.368: [GC pause (G1 Evacuation Pause) (young) 3985K->976K(8192K), 0.0011340 secs]
18.371: [GC pause (G1 Evacuation Pause) (young) 4048K->913K(8192K), 0.0008090 secs]
18.374: [GC pause (G1 Evacuation Pause) (young) 3985K->976K(8192K), 0.0011665 secs]
18.377: [GC pause (G1 Evacuation Pause) (young) 4048K->913K(8192K), 0.0008288 secs]
18.381: [GC pause (G1 Evacuation Pause) (young) 3985K->976K(8192K), 0.0012919 secs]
18.384: [GC pause (G1 Evacuation Pause) (young) 4048K->913K(8192K), 0.0008486 secs]
18.387: [GC pause (G1 Evacuation Pause) (young) 3985K->976K(8192K), 0.0011225 secs]
18.390: [GC pause (G1 Evacuation Pause) (young) 4048K->913K(8192K), 0.0008255 secs]
18.393: [GC pause (G1 Evacuation Pause) (young) 3985K->976K(8192K), 0.0011472 secs]
18.396: [GC pause (G1 Evacuation Pause) (young) 4048K->913K(8192K), 0.0008167 secs]
18.399: [GC pause (G1 Evacuation Pause) (young) 3985K->976K(8192K), 0.0011186 secs]
18.402: [GC pause (G1 Evacuation Pause) (young) 4048K->913K(8192K), 0.0008332 secs]
18.405: [GC pause (G1 Evacuation Pause) (young) 3985K->976K(8192K), 0.0011291 secs]
18.409: [GC pause (G1 Evacuation Pause) (young) 4048K->913K(8192K), 0.0008200 secs]
18.412: [GC pause (G1 Evacuation Pause) (young) 3985K->976K(8192K), 0.0011577 secs]
18.415: [GC pause (G1 Evacuation Pause) (young) 4048K->913K(8192K), 0.0007969 secs]
18.418: [GC pause (G1 Evacuation Pause) (young) 3985K->976K(8192K), 0.0011258 secs]
18.421: [GC pause (G1 Evacuation Pause) (young) 4048K->913K(8192K), 0.0011775 secs]
18.424: [GC pause (G1 Evacuation Pause) (young) 3985K->976K(8192K), 0.0060831 secs]
18.433: [GC pause (G1 Evacuation Pause) (young) 4048K->913K(8192K), 0.0008205 secs]
18.436: [GC pause (G1 Evacuation Pause) (young) 3985K->976K(8192K), 0.0011698 secs]
18.439: [GC pause (G1 Evacuation Pause) (young) 4048K->913K(8192K), 0.0193871 secs]
18.461: [GC pause (G1 Evacuation Pause) (young) 3985K->976K(8192K), 0.0368461 secs]
18.500: [GC pause (G1 Evacuation Pause) (young) 4048K->913K(8192K), 0.0041945 secs]
18.507: [GC pause (G1 Evacuation Pause) (young) 3985K->976K(8192K), 0.0377134 secs]
18.547: [GC pause (G1 Evacuation Pause) (young) 4048K->913K(8192K), 0.0008585 secs]
18.550: [GC pause (G1 Evacuation Pause) (young) 3985K->976K(8192K), 0.0012116 secs]
18.553: [GC pause (G1 Evacuation Pause) (young) 4048K->913K(8192K), 0.0009113 secs]
18.556: [GC pause (G1 Evacuation Pause) (young) 3985K->976K(8192K), 0.0016191 secs]
18.560: [GC pause (G1 Evacuation Pause) (young) 4048K->913K(8192K), 0.0009129 secs]
18.563: [GC pause (G1 Evacuation Pause) (young) 3985K->976K(8192K), 0.0017500 secs]
18.567: [GC pause (G1 Evacuation Pause) (young) 4048K->913K(8192K), 0.0008161 secs]
18.570: [GC pause (G1 Evacuation Pause) (young) 3985K->976K(8192K), 0.0011307 secs]
18.574: [GC pause (G1 Evacuation Pause) (young) 4048K->913K(8192K), 0.0008238 secs]
18.577: [GC pause (G1 Evacuation Pause) (young) 3985K->976K(8192K), 0.0011615 secs]
18.580: [GC pause (G1 Evacuation Pause) (young) 4048K->913K(8192K), 0.0008937 secs]
18.583: [GC pause (G1 Evacuation Pause) (young) 3985K->976K(8192K), 0.0011362 secs]
18.586: [GC pause (G1 Evacuation Pause) (young) 4048K->913K(8192K), 0.0008458 secs]
18.589: [GC pause (G1 Evacuation Pause) (young) 3985K->976K(8192K), 0.0011571 secs]
18.593: [GC pause (G1 Evacuation Pause) (young) 4048K->913K(8192K), 0.0008678 secs]
18.596: [GC pause (G1 Evacuation Pause) (young) 3985K->976K(8192K), 0.0011450 secs]
18.599: [GC pause (G1 Evacuation Pause) (young) 4048K->913K(8192K), 0.0008211 secs]
18.602: [GC pause (G1 Evacuation Pause) (young) 3985K->976K(8192K), 0.0012066 secs]
18.606: [GC pause (G1 Evacuation Pause) (young) 4048K->913K(8192K), 0.0008420 secs]
18.609: [GC pause (G1 Evacuation Pause) (young) 3985K->976K(8192K), 0.0018770 secs]
18.613: [GC pause (G1 Evacuation Pause) (young) 4048K->913K(8192K), 0.0008706 secs]
18.616: [GC pause (G1 Evacuation Pause) (young) 3985K->976K(8192K), 0.0011912 secs]
18.619: [GC pause (G1 Evacuation Pause) (young) 4048K->913K(8192K), 0.0008244 secs]
18.622: [GC pause (G1 Evacuation Pause) (young) 3985K->976K(8192K), 0.0011456 secs]
18.625: [GC pause (G1 Evacuation Pause) (young) 4048K->913K(8192K), 0.0012231 secs]
18.629: [GC pause (G1 Evacuation Pause) (young) 3985K->976K(8192K), 0.0011329 secs]
18.632: [GC pause (G1 Evacuation Pause) (young) 4048K->913K(8192K), 0.0008079 secs]
18.635: [GC pause (G1 Evacuation Pause) (young) 3985K->976K(8192K), 0.0011340 secs]
18.638: [GC pause (G1 Evacuation Pause) (young) 4048K->913K(8192K), 0.0008013 secs]
18.641: [GC pause (G1 Evacuation Pause) (young) 3985K->976K(8192K), 0.0015877 secs]
18.645: [GC pause (G1 Evacuation Pause) (young) 4048K->913K(8192K), 0.0008238 secs]
18.648: [GC pause (G1 Evacuation Pause) (young) 3985K->976K(8192K), 0.0011439 secs]
18.651: [GC pause (G1 Evacuation Pause) (young) 4048K->913K(8192K), 0.0008139 secs]
18.654: [GC pause (G1 Evacuation Pause) (young) 3985K->976K(8192K), 0.0011654 secs]
18.658: [GC pause (G1 Evacuation Pause) (young) 4048K->913K(8192K), 0.0010004 secs]
18.661: [GC pause (G1 Evacuation Pause) (young) 3985K->976K(8192K), 0.0011445 secs]
18.664: [GC pause (G1 Evacuation Pause) (young) 4048K->913K(8192K), 0.0008546 secs]
18.667: [GC pause (G1 Evacuation Pause) (young) 3985K->976K(8192K), 0.0011340 secs]
18.670: [GC pause (G1 Evacuation Pause) (young) 4048K->913K(8192K), 0.0008134 secs]
18.673: [GC pause (G1 Evacuation Pause) (young) 3985K->976K(8192K), 0.0011208 secs]
18.677: [GC pause (G1 Evacuation Pause) (young) 4048K->913K(8192K), 0.0008436 secs]
18.679: [GC pause (G1 Evacuation Pause) (young) 3985K->976K(8192K), 0.0015410 secs]
18.683: [GC pause (G1 Evacuation Pause) (young) 4048K->913K(8192K), 0.0008172 secs]
18.686: [GC pause (G1 Evacuation Pause) (young) 3985K->976K(8192K), 0.0011571 secs]
18.689: [GC pause (G1 Evacuation Pause) (young) 4048K->913K(8192K), 0.0008046 secs]
18.692: [GC pause (G1 Evacuation Pause) (young) 3985K->976K(8192K), 0.0011159 secs]
18.696: [GC pause (G1 Evacuation Pause) (young) 4048K->913K(8192K), 0.0012875 secs]
18.699: [GC pause (G1 Evacuation Pause) (young) 3985K->1003K(8192K), 0.0012116 secs]
18.702: [GC pause (G1 Evacuation Pause) (young) 4075K->913K(8192K), 0.0008029 secs]
18.705: [GC pause (G1 Evacuation Pause) (young) 3985K->976K(8192K), 0.0011335 secs]
18.709: [GC pause (G1 Evacuation Pause) (young) 4048K->913K(8192K), 0.0009041 secs]
18.712: [GC pause (G1 Evacuation Pause) (young) 3985K->976K(8192K), 0.0011516 secs]
18.715: [GC pause (G1 Evacuation Pause) (young) 4048K->913K(8192K), 0.0008381 secs]
18.718: [GC pause (G1 Evacuation Pause) (young) 3985K->976K(8192K), 0.0011296 secs]
18.721: [GC pause (G1 Evacuation Pause) (young) 4048K->913K(8192K), 0.0008172 secs]
18.724: [GC pause (G1 Evacuation Pause) (young) 3985K->976K(8192K), 0.0033833 secs]
18.730: [GC pause (G1 Evacuation Pause) (young) 4048K->913K(8192K), 0.0008359 secs]
18.733: [GC pause (G1 Evacuation Pause) (young) 3985K->976K(8192K), 0.0011390 secs]
18.736: [GC pause (G1 Evacuation Pause) (young) 4048K->913K(8192K), 0.0008161 secs]
18.739: [GC pause (G1 Evacuation Pause) (young) 3985K->976K(8192K), 0.0011170 secs]
18.742: [GC pause (G1 Evacuation Pause) (young) 4048K->913K(8192K), 0.0009311 secs]
18.745: [GC pause (G1 Evacuation Pause) (young) 3985K->976K(8192K), 0.0011219 secs]
18.748: [GC pause (G1 Evacuation Pause) (young) 4048K->913K(8192K), 0.0008607 secs]
18.751: [GC pause (G1 Evacuation Pause) (young) 3985K->976K(8192K), 0.0011687 secs]
18.755: [GC pause (G1 Evacuation Pause) (young) 4048K->913K(8192K), 0.0008453 secs]
18.758: [GC pause (G1 Evacuation Pause) (young) 3985K->1003K(8192K), 0.0012281 secs]
18.761: [GC pause (G1 Evacuation Pause) (young) 4075K->913K(8192K), 0.0009311 secs]
18.764: [GC pause (G1 Evacuation Pause) (young) 3985K->976K(8192K), 0.0011692 secs]
18.768: [GC pause (G1 Evacuation Pause) (young) 4048K->913K(8192K), 0.0008068 secs]
18.771: [GC pause (G1 Evacuation Pause) (young) 3985K->976K(8192K), 0.0011258 secs]
18.774: [GC pause (G1 Evacuation Pause) (young) 4048K->913K(8192K), 0.0008112 secs]
18.777: [GC pause (G1 Evacuation Pause) (young) 3985K->976K(8192K), 0.0011434 secs]
18.780: [GC pause (G1 Evacuation Pause) (young) 4048K->913K(8192K), 0.0008139 secs]
18.783: [GC pause (G1 Evacuation Pause) (young) 3985K->976K(8192K), 0.0011566 secs]
18.787: [GC pause (G1 Evacuation Pause) (young) 4048K->913K(8192K), 0.0008623 secs]
18.790: [GC pause (G1 Evacuation Pause) (young) 3985K->976K(8192K), 0.0011214 secs]
18.793: [GC pause (G1 Evacuation Pause) (young) 4048K->913K(8192K), 0.0008073 secs]
18.796: [GC pause (G1 Evacuation Pause) (young) 3985K->976K(8192K), 0.0011285 secs]
18.799: [GC pause (G1 Evacuation Pause) (young) 4048K->913K(8192K), 0.0008035 secs]
18.802: [GC pause (G1 Evacuation Pause) (young) 3985K->976K(8192K), 0.0011428 secs]
18.805: [GC pause (G1 Evacuation Pause) (young) 4048K->913K(8192K), 0.0008101 secs]
18.808: [GC pause (G1 Evacuation Pause) (young) 3985K->976K(8192K), 0.0011907 secs]
18.811: [GC pause (G1 Evacuation Pause) (young) 4048K->913K(8192K), 0.0011720 secs]
18.815: [GC pause (G1 Evacuation Pause) (young) 3985K->976K(8192K), 0.0011384 secs]
18.818: [GC pause (G1 Evacuation Pause) (young) 4048K->913K(8192K), 0.0008018 secs]
18.821: [GC pause (G1 Evacuation Pause) (young) 3985K->976K(8192K), 0.0011126 secs]
18.824: [GC pause (G1 Evacuation Pause) (young) 4048K->913K(8192K), 0.0008040 secs]
18.827: [GC pause (G1 Evacuation Pause) (young) 3985K->976K(8192K), 0.0011736 secs]
18.830: [GC pause (G1 Evacuation Pause) (young) 4048K->913K(8192K), 0.0008156 secs]
18.833: [GC pause (G1 Evacuation Pause) (young) 3985K->976K(8192K), 0.0011390 secs]
18.837: [GC pause (G1 Evacuation Pause) (young) 4048K->913K(8192K), 0.0008183 secs]
18.840: [GC pause (G1 Evacuation Pause) (young) 3985K->976K(8192K), 0.0011549 secs]
18.843: [GC pause (G1 Evacuation Pause) (young) 4048K->913K(8192K), 0.0009910 secs]
18.846: [GC pause (G1 Evacuation Pause) (young) 3985K->976K(8192K), 0.0011461 secs]
18.849: [GC pause (G1 Evacuation Pause) (young) 4048K->913K(8192K), 0.0008178 secs]
18.852: [GC pause (G1 Evacuation Pause) (young) 3985K->976K(8192K), 0.0011302 secs]
18.856: [GC pause (G1 Evacuation Pause) (young) 4048K->913K(8192K), 0.0008046 secs]
18.859: [GC pause (G1 Evacuation Pause) (young) 3985K->976K(8192K), 0.0011241 secs]
18.862: [GC pause (G1 Evacuation Pause) (young) 4048K->913K(8192K), 0.0020095 secs]
18.866: [GC pause (G1 Evacuation Pause) (young) 3985K->976K(8192K), 0.0011665 secs]
18.869: [GC pause (G1 Evacuation Pause) (young) 4048K->913K(8192K), 0.0008051 secs]
18.872: [GC pause (G1 Evacuation Pause) (young) 3985K->976K(8192K), 0.0011621 secs]
18.876: [GC pause (G1 Evacuation Pause) (young) 4048K->913K(8192K), 0.0008238 secs]
18.879: [GC pause (G1 Evacuation Pause) (young) 3985K->976K(8192K), 0.0011214 secs]
18.882: [GC pause (G1 Evacuation Pause) (young) 4048K->913K(8192K), 0.0008018 secs]
18.885: [GC pause (G1 Evacuation Pause) (young) 3985K->976K(8192K), 0.0011296 secs]
18.888: [GC pause (G1 Evacuation Pause) (young) 4048K->913K(8192K), 0.0008112 secs]
18.891: [GC pause (G1 Evacuation Pause) (young) 3985K->976K(8192K), 0.0012044 secs]
18.894: [GC pause (G1 Evacuation Pause) (young) 4048K->913K(8192K), 0.0008035 secs]
18.897: [GC pause (G1 Evacuation Pause) (young) 3985K->976K(8192K), 0.0011252 secs]
18.900: [GC pause (G1 Evacuation Pause) (young) 4048K->913K(8192K), 0.0008029 secs]
18.903: [GC pause (G1 Evacuation Pause) (young) 3985K->976K(8192K), 0.0011148 secs]
18.906: [GC pause (G1 Evacuation Pause) (young) 4048K->913K(8192K), 0.0008854 secs]
18.910: [GC pause (G1 Evacuation Pause) (young) 3985K->976K(8192K), 0.0205316 secs]
18.932: [GC pause (G1 Evacuation Pause) (young) 4048K->913K(8192K), 0.0015107 secs]
18.936: [GC pause (G1 Evacuation Pause) (young) 3985K->976K(8192K), 0.0113022 secs]
18.950: [GC pause (G1 Evacuation Pause) (young) 4048K->913K(8192K), 0.0008337 secs]
18.953: [GC pause (G1 Evacuation Pause) (young) 3985K->976K(8192K), 0.0494577 secs]
19.004: [GC pause (G1 Evacuation Pause) (young) 4048K->913K(8192K), 0.0008491 secs]
19.008: [GC pause (G1 Evacuation Pause) (young) 3985K->976K(8192K), 0.0017115 secs]
19.011: [GC pause (G1 Evacuation Pause) (young) 4048K->913K(8192K), 0.0008398 secs]
19.014: [GC pause (G1 Evacuation Pause) (young) 3985K->976K(8192K), 0.0011665 secs]
19.018: [GC pause (G1 Evacuation Pause) (young) 4048K->913K(8192K), 0.0008183 secs]
19.021: [GC pause (G1 Evacuation Pause) (young) 3985K->976K(8192K), 0.0011659 secs]
19.024: [GC pause (G1 Evacuation Pause) (young) 4048K->913K(8192K), 0.0009008 secs]
19.027: [GC pause (G1 Evacuation Pause) (young) 3985K->976K(8192K), 0.0011681 secs]
19.031: [GC pause (G1 Evacuation Pause) (young) 4048K->913K(8192K), 0.0008172 secs]
19.034: [GC pause (G1 Evacuation Pause) (young) 3985K->976K(8192K), 0.0011318 secs]
19.037: [GC pause (G1 Evacuation Pause) (young) 4048K->913K(8192K), 0.0008409 secs]
19.040: [GC pause (G1 Evacuation Pause) (young) 3985K->976K(8192K), 0.0012831 secs]
19.043: [GC pause (G1 Evacuation Pause) (young) 4048K->913K(8192K), 0.0008156 secs]
19.046: [GC pause (G1 Evacuation Pause) (young) 3985K->976K(8192K), 0.0011813 secs]
19.050: [GC pause (G1 Evacuation Pause) (young) 4048K->913K(8192K), 0.0008310 secs]
19.053: [GC pause (G1 Evacuation Pause) (young) 3985K->976K(8192K), 0.0011511 secs]
19.056: [GC pause (G1 Evacuation Pause) (young) 4048K->913K(8192K), 0.0009481 secs]
19.059: [GC pause (G1 Evacuation Pause) (young) 3985K->976K(8192K), 0.0012193 secs]
19.062: [GC pause (G1 Evacuation Pause) (young) 4048K->913K(8192K), 0.0007809 secs]
19.066: [GC pause (G1 Evacuation Pause) (young) 3985K->976K(8192K), 0.0011406 secs]
19.069: [GC pause (G1 Evacuation Pause) (young) 4048K->913K(8192K), 0.0009729 secs]
19.072: [GC pause (G1 Evacuation Pause) (young) 3985K->976K(8192K), 0.0011373 secs]
19.075: [GC pause (G1 Evacuation Pause) (young) 4048K->913K(8192K), 0.0009377 secs]
19.078: [GC pause (G1 Evacuation Pause) (young) 3985K->976K(8192K), 0.0011373 secs]
19.082: [GC pause (G1 Evacuation Pause) (young) 4048K->913K(8192K), 0.0008189 secs]
19.084: [GC pause (G1 Evacuation Pause) (young) 3985K->976K(8192K), 0.0011236 secs]
19.088: [GC pause (G1 Evacuation Pause) (young) 4048K->913K(8192K), 0.0008178 secs]
19.091: [GC pause (G1 Evacuation Pause) (young) 3985K->976K(8192K), 0.0011527 secs]
19.094: [GC pause (G1 Evacuation Pause) (young) 4048K->913K(8192K), 0.0009861 secs]
19.097: [GC pause (G1 Evacuation Pause) (young) 3985K->976K(8192K), 0.0012187 secs]
19.100: [GC pause (G1 Evacuation Pause) (young) 4048K->913K(8192K), 0.0008150 secs]
19.103: [GC pause (G1 Evacuation Pause) (young) 3985K->976K(8192K), 0.0011373 secs]
19.106: [GC pause (G1 Evacuation Pause) (young) 4048K->913K(8192K), 0.0008387 secs]
19.110: [GC pause (G1 Evacuation Pause) (young) 3985K->976K(8192K), 0.0015481 secs]
19.113: [GC pause (G1 Evacuation Pause) (young) 4048K->913K(8192K), 0.0008233 secs]
19.116: [GC pause (G1 Evacuation Pause) (young) 3985K->976K(8192K), 0.0011445 secs]
19.119: [GC pause (G1 Evacuation Pause) (young) 4048K->913K(8192K), 0.0008755 secs]
19.123: [GC pause (G1 Evacuation Pause) (young) 3985K->976K(8192K), 0.0011439 secs]
19.126: [GC pause (G1 Evacuation Pause) (young) 4048K->913K(8192K), 0.0009492 secs]
19.129: [GC pause (G1 Evacuation Pause) (young) 3985K->976K(8192K), 0.0011791 secs]
19.132: [GC pause (G1 Evacuation Pause) (young) 4048K->913K(8192K), 0.0008046 secs]
19.135: [GC pause (G1 Evacuation Pause) (young) 3985K->976K(8192K), 0.0012264 secs]
19.139: [GC pause (G1 Evacuation Pause) (young) 4048K->913K(8192K), 0.0008398 secs]
19.142: [GC pause (G1 Evacuation Pause) (young) 3985K->976K(8192K), 0.0011153 secs]
19.145: [GC pause (G1 Evacuation Pause) (young) 4048K->913K(8192K), 0.0008508 secs]
19.148: [GC pause (G1 Evacuation Pause) (young) 3985K->976K(8192K), 0.0011406 secs]
19.151: [GC pause (G1 Evacuation Pause) (young) 4048K->913K(8192K), 0.0008508 secs]
19.154: [GC pause (G1 Evacuation Pause) (young) 3985K->976K(8192K), 0.0011214 secs]
19.157: [GC pause (G1 Evacuation Pause) (young) 4048K->913K(8192K), 0.0009289 secs]
19.160: [GC pause (G1 Evacuation Pause) (young) 3985K->976K(8192K), 0.0012523 secs]
19.164: [GC pause (G1 Evacuation Pause) (young) 4048K->913K(8192K), 0.0008040 secs]
19.167: [GC pause (G1 Evacuation Pause) (young) 3985K->976K(8192K), 0.0012017 secs]
19.170: [GC pause (G1 Evacuation Pause) (young) 4048K->913K(8192K), 0.0008178 secs]
19.173: [GC pause (G1 Evacuation Pause) (young) 3985K->976K(8192K), 0.0011269 secs]
19.176: [GC pause (G1 Evacuation Pause) (young) 4048K->913K(8192K), 0.0008420 secs]
19.179: [GC pause (G1 Evacuation Pause) (young) 3985K->976K(8192K), 0.0011489 secs]
19.182: [GC pause (G1 Evacuation Pause) (young) 4048K->913K(8192K), 0.0007980 secs]
19.185: [GC pause (G1 Evacuation Pause) (young) 3985K->976K(8192K), 0.0011263 secs]
19.188: [GC pause (G1 Evacuation Pause) (young) 4048K->913K(8192K), 0.0008073 secs]
19.191: [GC pause (G1 Evacuation Pause) (young) 3985K->1003K(8192K), 0.0012138 secs]
19.195: [GC pause (G1 Evacuation Pause) (young) 4075K->913K(8192K), 0.0008354 secs]
19.198: [GC pause (G1 Evacuation Pause) (young) 3985K->976K(8192K), 0.0012875 secs]
19.201: [GC pause (G1 Evacuation Pause) (young) 4048K->913K(8192K), 0.0008557 secs]
19.204: [GC pause (G1 Evacuation Pause) (young) 3985K->976K(8192K), 0.0011241 secs]
19.207: [GC pause (G1 Evacuation Pause) (young) 4048K->913K(8192K), 0.0007996 secs]
19.210: [GC pause (G1 Evacuation Pause) (young) 3985K->976K(8192K), 0.0011159 secs]
19.213: [GC pause (G1 Evacuation Pause) (young) 4048K->913K(8192K), 0.0008194 secs]
19.216: [GC pause (G1 Evacuation Pause) (young) 3985K->976K(8192K), 0.0011978 secs]
19.220: [GC pause (G1 Evacuation Pause) (young) 4048K->913K(8192K), 0.0008057 secs]
19.222: [GC pause (G1 Evacuation Pause) (young) 3985K->976K(8192K), 0.0011819 secs]
19.226: [GC pause (G1 Evacuation Pause) (young) 4048K->913K(8192K), 0.0008249 secs]
19.229: [GC pause (G1 Evacuation Pause) (young) 3985K->976K(8192K), 0.0033443 secs]
19.234: [GC pause (G1 Evacuation Pause) (young) 4048K->913K(8192K), 0.0008211 secs]
19.237: [GC pause (G1 Evacuation Pause) (young) 3985K->976K(8192K), 0.0011236 secs]
19.241: [GC pause (G1 Evacuation Pause) (young) 4048K->913K(8192K), 0.0008304 secs]
19.243: [GC pause (G1 Evacuation Pause) (young) 3985K->976K(8192K), 0.0011258 secs]
19.247: [GC pause (G1 Evacuation Pause) (young) 4048K->913K(8192K), 0.0024160 secs]
19.251: [GC pause (G1 Evacuation Pause) (young) 3985K->976K(8192K), 0.0011395 secs]
19.254: [GC pause (G1 Evacuation Pause) (young) 4048K->913K(8192K), 0.0008101 secs]
19.257: [GC pause (G1 Evacuation Pause) (young) 3985K->976K(8192K), 0.0011643 secs]
19.261: [GC pause (G1 Evacuation Pause) (young) 4048K->913K(8192K), 0.0008117 secs]
19.264: [GC pause (G1 Evacuation Pause) (young) 3985K->976K(8192K), 0.0011252 secs]
19.267: [GC pause (G1 Evacuation Pause) (young) 4048K->913K(8192K), 0.0008579 secs]
19.270: [GC pause (G1 Evacuation Pause) (young) 3985K->976K(8192K), 0.0011423 secs]
19.273: [GC pause (G1 Evacuation Pause) (young) 4048K->913K(8192K), 0.0008073 secs]
19.276: [GC pause (G1 Evacuation Pause) (young) 3985K->976K(8192K), 0.0011879 secs]
19.280: [GC pause (G1 Evacuation Pause) (young) 4048K->913K(8192K), 0.0008062 secs]
19.283: [GC pause (G1 Evacuation Pause) (young) 3985K->976K(8192K), 0.0011874 secs]
19.286: [GC pause (G1 Evacuation Pause) (young) 4048K->913K(8192K), 0.0008178 secs]
19.289: [GC pause (G1 Evacuation Pause) (young) 3985K->976K(8192K), 0.0011142 secs]
19.292: [GC pause (G1 Evacuation Pause) (young) 4048K->913K(8192K), 0.0008095 secs]
19.295: [GC pause (G1 Evacuation Pause) (young) 3985K->976K(8192K), 0.0011236 secs]
19.298: [GC pause (G1 Evacuation Pause) (young) 4048K->913K(8192K), 0.0017258 secs]
19.302: [GC pause (G1 Evacuation Pause) (young) 3985K->976K(8192K), 0.0011483 secs]
19.305: [GC pause (G1 Evacuation Pause) (young) 4048K->913K(8192K), 0.0008134 secs]
19.308: [GC pause (G1 Evacuation Pause) (young) 3985K->976K(8192K), 0.0011214 secs]
19.311: [GC pause (G1 Evacuation Pause) (young) 4048K->913K(8192K), 0.0008101 secs]
19.314: [GC pause (G1 Evacuation Pause) (young) 3985K->976K(8192K), 0.0011604 secs]
19.318: [GC pause (G1 Evacuation Pause) (young) 4048K->913K(8192K), 0.0008134 secs]
19.320: [GC pause (G1 Evacuation Pause) (young) 3985K->976K(8192K), 0.0011236 secs]
19.324: [GC pause (G1 Evacuation Pause) (young) 4048K->913K(8192K), 0.0008557 secs]
19.327: [GC pause (G1 Evacuation Pause) (young) 3985K->976K(8192K), 0.0011758 secs]
19.330: [GC pause (G1 Evacuation Pause) (young) 4048K->913K(8192K), 0.0008519 secs]
19.333: [GC pause (G1 Evacuation Pause) (young) 3985K->976K(8192K), 0.0011280 secs]
19.336: [GC pause (G1 Evacuation Pause) (young) 4048K->913K(8192K), 0.0008101 secs]
19.339: [GC pause (G1 Evacuation Pause) (young) 3985K->976K(8192K), 0.0011241 secs]
19.342: [GC pause (G1 Evacuation Pause) (young) 4048K->913K(8192K), 0.0008018 secs]
19.345: [GC pause (G1 Evacuation Pause) (young) 3985K->976K(8192K), 0.0011780 secs]
19.348: [GC pause (G1 Evacuation Pause) (young) 4048K->913K(8192K), 0.0023890 secs]
19.353: [GC pause (G1 Evacuation Pause) (young) 3985K->976K(8192K), 0.0011467 secs]
19.356: [GC pause (G1 Evacuation Pause) (young) 4048K->913K(8192K), 0.0008106 secs]
19.359: [GC pause (G1 Evacuation Pause) (young) 3985K->976K(8192K), 0.0011318 secs]
19.362: [GC pause (G1 Evacuation Pause) (young) 4048K->913K(8192K), 0.0008480 secs]
19.365: [GC pause (G1 Evacuation Pause) (young) 3985K->976K(8192K), 0.0011318 secs]
19.369: [GC pause (G1 Evacuation Pause) (young) 4048K->913K(8192K), 0.0007985 secs]
19.372: [GC pause (G1 Evacuation Pause) (young) 3985K->976K(8192K), 0.0011720 secs]
19.375: [GC pause (G1 Evacuation Pause) (young) 4048K->913K(8192K), 0.0010031 secs]
19.378: [GC pause (G1 Evacuation Pause) (young) 3985K->976K(8192K), 0.0011280 secs]
19.381: [GC pause (G1 Evacuation Pause) (young) 4048K->913K(8192K), 0.0008073 secs]
19.384: [GC pause (G1 Evacuation Pause) (young) 3985K->976K(8192K), 0.0011203 secs]
19.387: [GC pause (G1 Evacuation Pause) (young) 4048K->913K(8192K), 0.0008343 secs]
19.390: [GC pause (G1 Evacuation Pause) (young) 3985K->976K(8192K), 0.0011560 secs]
19.394: [GC pause (G1 Evacuation Pause) (young) 4048K->913K(8192K), 0.0008046 secs]
19.396: [GC pause (G1 Evacuation Pause) (young) 3985K->976K(8192K), 0.0011483 secs]
19.400: [GC pause (G1 Evacuation Pause) (young) 4048K->913K(8192K), 0.0023863 secs]
19.404: [GC pause (G1 Evacuation Pause) (young) 3985K->976K(8192K), 0.0011434 secs]
19.407: [GC pause (G1 Evacuation Pause) (young) 4048K->913K(8192K), 0.0008095 secs]
19.410: [GC pause (G1 Evacuation Pause) (young) 3985K->976K(8192K), 0.0011676 secs]
19.414: [GC pause (G1 Evacuation Pause) (young) 4048K->913K(8192K), 0.0008480 secs]
19.417: [GC pause (G1 Evacuation Pause) (young) 3985K->976K(8192K), 0.0011747 secs]
19.420: [GC pause (G1 Evacuation Pause) (young) 4048K->913K(8192K), 0.0008381 secs]
19.423: [GC pause (G1 Evacuation Pause) (young) 3985K->976K(8192K), 0.0011412 secs]
19.426: [GC pause (G1 Evacuation Pause) (young) 4048K->913K(8192K), 0.0008117 secs]
19.429: [GC pause (G1 Evacuation Pause) (young) 3985K->1003K(8192K), 0.0232929 secs]
19.455: [GC pause (G1 Evacuation Pause) (young) 4075K->913K(8192K), 0.0191215 secs]
19.477: [GC pause (G1 Evacuation Pause) (young) 3985K->976K(8192K), 0.0377568 secs]
19.517: [GC pause (G1 Evacuation Pause) (young) 4048K->913K(8192K), 0.0112543 secs]
19.530: [GC pause (G1 Evacuation Pause) (young) 3985K->976K(8192K), 0.0011505 secs]
19.534: [GC pause (G1 Evacuation Pause) (young) 4048K->913K(8192K), 0.0008513 secs]
19.537: [GC pause (G1 Evacuation Pause) (young) 3985K->976K(8192K), 0.0011494 secs]
19.540: [GC pause (G1 Evacuation Pause) (young) 4048K->913K(8192K), 0.0009536 secs]
19.543: [GC pause (G1 Evacuation Pause) (young) 3985K->976K(8192K), 0.0011824 secs]
19.546: [GC pause (G1 Evacuation Pause) (young) 4048K->913K(8192K), 0.0008117 secs]
19.549: [GC pause (G1 Evacuation Pause) (young) 3985K->976K(8192K), 0.0011395 secs]
19.553: [GC pause (G1 Evacuation Pause) (young) 4048K->913K(8192K), 0.0008904 secs]
19.556: [GC pause (G1 Evacuation Pause) (young) 3985K->976K(8192K), 0.0015459 secs]
19.559: [GC pause (G1 Evacuation Pause) (young) 4048K->913K(8192K), 0.0008469 secs]
19.562: [GC pause (G1 Evacuation Pause) (young) 3985K->976K(8192K), 0.0012171 secs]
19.566: [GC pause (G1 Evacuation Pause) (young) 4048K->913K(8192K), 0.0008354 secs]
19.569: [GC pause (G1 Evacuation Pause) (young) 3985K->976K(8192K), 0.0012572 secs]
19.572: [GC pause (G1 Evacuation Pause) (young) 4048K->913K(8192K), 0.0009245 secs]
19.575: [GC pause (G1 Evacuation Pause) (young) 3985K->976K(8192K), 0.0013232 secs]
19.579: [GC pause (G1 Evacuation Pause) (young) 4048K->913K(8192K), 0.0008167 secs]
19.582: [GC pause (G1 Evacuation Pause) (young) 3985K->976K(8192K), 0.0011456 secs]
19.585: [GC pause (G1 Evacuation Pause) (young) 4048K->913K(8192K), 0.0015399 secs]
19.589: [GC pause (G1 Evacuation Pause) (young) 3985K->976K(8192K), 0.0011291 secs]
19.592: [GC pause (G1 Evacuation Pause) (young) 4048K->913K(8192K), 0.0009564 secs]
19.595: [GC pause (G1 Evacuation Pause) (young) 3985K->976K(8192K), 0.0011362 secs]
19.599: [GC pause (G1 Evacuation Pause) (young) 4048K->913K(8192K), 0.0008689 secs]
19.601: [GC pause (G1 Evacuation Pause) (young) 3985K->976K(8192K), 0.0014007 secs]
19.605: [GC pause (G1 Evacuation Pause) (young) 4048K->913K(8192K), 0.0008227 secs]
19.608: [GC pause (G1 Evacuation Pause) (young) 3985K->976K(8192K), 0.0011945 secs]
19.611: [GC pause (G1 Evacuation Pause) (young) 4048K->913K(8192K), 0.0008249 secs]
19.614: [GC pause (G1 Evacuation Pause) (young) 3985K->976K(8192K), 0.0011670 secs]
19.617: [GC pause (G1 Evacuation Pause) (young) 4048K->913K(8192K), 0.0014381 secs]
19.621: [GC pause (G1 Evacuation Pause) (young) 3985K->976K(8192K), 0.0012451 secs]
19.624: [GC pause (G1 Evacuation Pause) (young) 4048K->913K(8192K), 0.0008634 secs]
19.627: [GC pause (G1 Evacuation Pause) (young) 3985K->976K(8192K), 0.0011384 secs]
19.631: [GC pause (G1 Evacuation Pause) (young) 4048K->913K(8192K), 0.0008546 secs]
19.634: [GC pause (G1 Evacuation Pause) (young) 3985K->1003K(8192K), 0.0014183 secs]
19.637: [GC pause (G1 Evacuation Pause) (young) 4075K->913K(8192K), 0.0008216 secs]
19.640: [GC pause (G1 Evacuation Pause) (young) 3985K->976K(8192K), 0.0011258 secs]
19.643: [GC pause (G1 Evacuation Pause) (young) 4048K->913K(8192K), 0.0008123 secs]
19.646: [GC pause (G1 Evacuation Pause) (young) 3985K->976K(8192K), 0.0011505 secs]
19.650: [GC pause (G1 Evacuation Pause) (young) 4048K->913K(8192K), 0.0012781 secs]
19.653: [GC pause (G1 Evacuation Pause) (young) 3985K->976K(8192K), 0.0011846 secs]
19.656: [GC pause (G1 Evacuation Pause) (young) 4048K->913K(8192K), 0.0008684 secs]
19.659: [GC pause (G1 Evacuation Pause) (young) 3985K->976K(8192K), 0.0011643 secs]
19.663: [GC pause (G1 Evacuation Pause) (young) 4048K->913K(8192K), 0.0008618 secs]
19.666: [GC pause (G1 Evacuation Pause) (young) 3985K->976K(8192K), 0.0011780 secs]
19.669: [GC pause (G1 Evacuation Pause) (young) 4048K->913K(8192K), 0.0008161 secs]
19.672: [GC pause (G1 Evacuation Pause) (young) 3985K->976K(8192K), 0.0015520 secs]
19.676: [GC pause (G1 Evacuation Pause) (young) 4048K->913K(8192K), 0.0008343 secs]
19.679: [GC pause (G1 Evacuation Pause) (young) 3985K->976K(8192K), 0.0011296 secs]
19.682: [GC pause (G1 Evacuation Pause) (young) 4048K->913K(8192K), 0.0008172 secs]
19.685: [GC pause (G1 Evacuation Pause) (young) 3985K->976K(8192K), 0.0012077 secs]
19.689: [GC pause (G1 Evacuation Pause) (young) 4048K->913K(8192K), 0.0008266 secs]
19.692: [GC pause (G1 Evacuation Pause) (young) 3985K->976K(8192K), 0.0013347 secs]
19.695: [GC pause (G1 Evacuation Pause) (young) 4048K->913K(8192K), 0.0015360 secs]
19.699: [GC pause (G1 Evacuation Pause) (young) 3985K->976K(8192K), 0.0011307 secs]
19.702: [GC pause (G1 Evacuation Pause) (young) 4048K->913K(8192K), 0.0008145 secs]
19.705: [GC pause (G1 Evacuation Pause) (young) 3985K->976K(8192K), 0.0011324 secs]
19.709: [GC pause (G1 Evacuation Pause) (young) 4048K->913K(8192K), 0.0008475 secs]
19.711: [GC pause (G1 Evacuation Pause) (young) 3985K->976K(8192K), 0.0016592 secs]
19.715: [GC pause (G1 Evacuation Pause) (young) 4048K->913K(8192K), 0.0008079 secs]
19.718: [GC pause (G1 Evacuation Pause) (young) 3985K->976K(8192K), 0.0011225 secs]
19.722: [GC pause (G1 Evacuation Pause) (young) 4048K->913K(8192K), 0.0008640 secs]
19.725: [GC pause (G1 Evacuation Pause) (young) 3985K->976K(8192K), 0.0012088 secs]
19.728: [GC pause (G1 Evacuation Pause) (young) 4048K->913K(8192K), 0.0008590 secs]
19.731: [GC pause (G1 Evacuation Pause) (young) 3985K->976K(8192K), 0.0011659 secs]
19.734: [GC pause (G1 Evacuation Pause) (young) 4048K->913K(8192K), 0.0027256 secs]
19.739: [GC pause (G1 Evacuation Pause) (young) 3985K->976K(8192K), 0.0011417 secs]
19.743: [GC pause (G1 Evacuation Pause) (young) 4048K->913K(8192K), 0.0008475 secs]
19.746: [GC pause (G1 Evacuation Pause) (young) 3985K->976K(8192K), 0.0011296 secs]
19.749: [GC pause (G1 Evacuation Pause) (young) 4048K->913K(8192K), 0.0015179 secs]
19.753: [GC pause (G1 Evacuation Pause) (young) 3985K->976K(8192K), 0.0011318 secs]
19.756: [GC pause (G1 Evacuation Pause) (young) 4048K->913K(8192K), 0.0008117 secs]
19.759: [GC pause (G1 Evacuation Pause) (young) 3985K->976K(8192K), 0.0013199 secs]
19.762: [GC pause (G1 Evacuation Pause) (young) 4048K->913K(8192K), 0.0008112 secs]
19.765: [GC pause (G1 Evacuation Pause) (young) 3985K->976K(8192K), 0.0015305 secs]
19.769: [GC pause (G1 Evacuation Pause) (young) 4048K->913K(8192K), 0.0008051 secs]
19.771: [GC pause (G1 Evacuation Pause) (young) 3985K->976K(8192K), 0.0011560 secs]
19.775: [GC pause (G1 Evacuation Pause) (young) 4048K->913K(8192K), 0.0010169 secs]
19.778: [GC pause (G1 Evacuation Pause) (young) 3985K->976K(8192K), 0.0011544 secs]
19.781: [GC pause (G1 Evacuation Pause) (young) 4048K->913K(8192K), 0.0013666 secs]
19.785: [GC pause (G1 Evacuation Pause) (young) 3985K->976K(8192K), 0.0011621 secs]
19.788: [GC pause (G1 Evacuation Pause) (young) 4048K->913K(8192K), 0.0008062 secs]
19.791: [GC pause (G1 Evacuation Pause) (young) 3985K->976K(8192K), 0.0014458 secs]
19.795: [GC pause (G1 Evacuation Pause) (young) 4048K->913K(8192K), 0.0008370 secs]
19.797: [GC pause (G1 Evacuation Pause) (young) 3985K->976K(8192K), 0.0016059 secs]
19.801: [GC pause (G1 Evacuation Pause) (young) 4048K->913K(8192K), 0.0008062 secs]
19.804: [GC pause (G1 Evacuation Pause) (young) 3985K->976K(8192K), 0.0011780 secs]
19.808: [GC pause (G1 Evacuation Pause) (young) 4048K->913K(8192K), 0.0008942 secs]
19.811: [GC pause (G1 Evacuation Pause) (young) 3985K->976K(8192K), 0.0011577 secs]
19.814: [GC pause (G1 Evacuation Pause) (young) 4048K->913K(8192K), 0.0008211 secs]
19.817: [GC pause (G1 Evacuation Pause) (young) 3985K->976K(8192K), 0.0011973 secs]
19.821: [GC pause (G1 Evacuation Pause) (young) 4048K->913K(8192K), 0.0008854 secs]
19.824: [GC pause (G1 Evacuation Pause) (young) 3985K->1003K(8192K), 0.0023945 secs]
19.829: [GC pause (G1 Evacuation Pause) (young) 4075K->913K(8192K), 0.0009520 secs]
19.833: [GC pause (G1 Evacuation Pause) (young) 3985K->976K(8192K), 0.0012121 secs]
19.837: [GC pause (G1 Evacuation Pause) (young) 4048K->913K(8192K), 0.0008332 secs]
19.840: [GC pause (G1 Evacuation Pause) (young) 3985K->976K(8192K), 0.0011742 secs]
19.844: [GC pause (G1 Evacuation Pause) (young) 4048K->913K(8192K), 0.0008332 secs]
19.847: [GC pause (G1 Evacuation Pause) (young) 3985K->976K(8192K), 0.0011593 secs]
19.850: [GC pause (G1 Evacuation Pause) (young) 4048K->913K(8192K), 0.0008282 secs]
19.853: [GC pause (G1 Evacuation Pause) (young) 3985K->976K(8192K), 0.0011538 secs]
19.856: [GC pause (G1 Evacuation Pause) (young) 4048K->913K(8192K), 0.0008266 secs]
19.859: [GC pause (G1 Evacuation Pause) (young) 3985K->976K(8192K), 0.0011324 secs]
19.863: [GC pause (G1 Evacuation Pause) (young) 4048K->913K(8192K), 0.0008634 secs]
19.866: [GC pause (G1 Evacuation Pause) (young) 3985K->976K(8192K), 0.0011533 secs]
19.870: [GC pause (G1 Evacuation Pause) (young) 4048K->913K(8192K), 0.0008216 secs]
19.873: [GC pause (G1 Evacuation Pause) (young) 3985K->976K(8192K), 0.0013496 secs]
19.877: [GC pause (G1 Evacuation Pause) (young) 4048K->913K(8192K), 0.0010422 secs]
19.881: [GC pause (G1 Evacuation Pause) (young) 3985K->976K(8192K), 0.0012385 secs]
19.884: [GC pause (G1 Evacuation Pause) (young) 4048K->913K(8192K), 0.0008112 secs]
19.887: [GC pause (G1 Evacuation Pause) (young) 3985K->976K(8192K), 0.0011153 secs]
19.890: [GC pause (G1 Evacuation Pause) (young) 4048K->913K(8192K), 0.0008051 secs]
19.894: [GC pause (G1 Evacuation Pause) (young) 3985K->976K(8192K), 0.0012281 secs]
19.897: [GC pause (G1 Evacuation Pause) (young) 4048K->913K(8192K), 0.0010213 secs]
19.900: [GC pause (G1 Evacuation Pause) (young) 3985K->976K(8192K), 0.0011632 secs]
19.904: [GC pause (G1 Evacuation Pause) (young) 4048K->913K(8192K), 0.0008497 secs]
19.910: [GC pause (G1 Evacuation Pause) (young) 3985K->976K(8192K), 0.0214550 secs]
19.934: [GC pause (G1 Evacuation Pause) (young) 4048K->913K(8192K), 0.0144183 secs]
19.951: [GC pause (G1 Evacuation Pause) (young) 3985K->976K(8192K), 0.0011791 secs]
19.955: [GC pause (G1 Evacuation Pause) (young) 4048K->913K(8192K), 0.0080327 secs]
19.965: [GC pause (G1 Evacuation Pause) (young) 3985K->976K(8192K), 0.0011439 secs]
19.969: [GC pause (G1 Evacuation Pause) (young) 4048K->913K(8192K), 0.0012154 secs]
19.972: [GC pause (G1 Evacuation Pause) (young) 3985K->976K(8192K), 0.0027756 secs]
19.977: [GC pause (G1 Evacuation Pause) (young) 4048K->913K(8192K), 0.0008255 secs]
19.980: [GC pause (G1 Evacuation Pause) (young) 3985K->976K(8192K), 0.0011263 secs]
19.984: [GC pause (G1 Evacuation Pause) (young) 4048K->913K(8192K), 0.0008288 secs]
19.987: [GC pause (G1 Evacuation Pause) (young) 3985K->976K(8192K), 0.0011412 secs]
19.990: [GC pause (G1 Evacuation Pause) (young) 4048K->913K(8192K), 0.0008519 secs]
19.993: [GC pause (G1 Evacuation Pause) (young) 3985K->976K(8192K), 0.0012220 secs]
19.996: [GC pause (G1 Evacuation Pause) (young) 4048K->913K(8192K), 0.0008150 secs]
19.999: [GC pause (G1 Evacuation Pause) (young) 3985K->976K(8192K), 0.0011720 secs]
20.003: [GC pause (G1 Evacuation Pause) (young) 4048K->913K(8192K), 0.0008249 secs]
20.005: [GC pause (G1 Evacuation Pause) (young) 3985K->976K(8192K), 0.0011197 secs]
20.009: [GC pause (G1 Evacuation Pause) (young) 4048K->913K(8192K), 0.0008238 secs]
20.012: [GC pause (G1 Evacuation Pause) (young) 3985K->976K(8192K), 0.0011285 secs]
20.015: [GC pause (G1 Evacuation Pause) (young) 4048K->913K(8192K), 0.0008018 secs]
20.018: [GC pause (G1 Evacuation Pause) (young) 3985K->976K(8192K), 0.0011258 secs]
20.021: [GC pause (G1 Evacuation Pause) (young) 4048K->913K(8192K), 0.0008073 secs]
20.024: [GC pause (G1 Evacuation Pause) (young) 3985K->976K(8192K), 0.0011522 secs]
20.027: [GC pause (G1 Evacuation Pause) (young) 4048K->913K(8192K), 0.0009047 secs]
20.030: [GC pause (G1 Evacuation Pause) (young) 3985K->1003K(8192K), 0.0012176 secs]
20.033: [GC pause (G1 Evacuation Pause) (young) 4075K->913K(8192K), 0.0008079 secs]
20.036: [GC pause (G1 Evacuation Pause) (young) 3985K->976K(8192K), 0.0011153 secs]
20.039: [GC pause (G1 Evacuation Pause) (young) 4048K->913K(8192K), 0.0008552 secs]
20.042: [GC pause (G1 Evacuation Pause) (young) 3985K->976K(8192K), 0.0011307 secs]
20.046: [GC pause (G1 Evacuation Pause) (young) 4048K->913K(8192K), 0.0008073 secs]
20.048: [GC pause (G1 Evacuation Pause) (young) 3985K->976K(8192K), 0.0011225 secs]
20.052: [GC pause (G1 Evacuation Pause) (young) 4048K->913K(8192K), 0.0007980 secs]
20.054: [GC pause (G1 Evacuation Pause) (young) 3985K->976K(8192K), 0.0011192 secs]
20.058: [GC pause (G1 Evacuation Pause) (young) 4048K->913K(8192K), 0.0008612 secs]
20.061: [GC pause (G1 Evacuation Pause) (young) 3985K->976K(8192K), 0.0011324 secs]
20.064: [GC pause (G1 Evacuation Pause) (young) 4048K->913K(8192K), 0.0007930 secs]
20.067: [GC pause (G1 Evacuation Pause) (young) 3985K->976K(8192K), 0.0011346 secs]
20.070: [GC pause (G1 Evacuation Pause) (young) 4048K->913K(8192K), 0.0007991 secs]
20.073: [GC pause (G1 Evacuation Pause) (young) 3985K->976K(8192K), 0.0011104 secs]
20.076: [GC pause (G1 Evacuation Pause) (young) 4048K->913K(8192K), 0.0008051 secs]
20.101: [GC pause (G1 Evacuation Pause) (young) 3985K->1003K(8192K), 0.0017610 secs]
20.105: [GC pause (G1 Evacuation Pause) (young) 4075K->913K(8192K), 0.0100279 secs]
20.118: [GC pause (G1 Evacuation Pause) (young) 3985K->976K(8192K), 0.0012022 secs]
20.124: [GC pause (G1 Evacuation Pause) (young) 4048K->913K(8192K), 0.0008282 secs]
20.127: [GC pause (G1 Evacuation Pause) (young) 3985K->976K(8192K), 0.0011808 secs]
20.130: [GC pause (G1 Evacuation Pause) (young) 4048K->913K(8192K), 0.0008700 secs]
20.134: [GC pause (G1 Evacuation Pause) (young) 3985K->976K(8192K), 0.0011813 secs]
20.137: [GC pause (G1 Evacuation Pause) (young) 4048K->913K(8192K), 0.0008139 secs]
20.140: [GC pause (G1 Evacuation Pause) (young) 3985K->976K(8192K), 0.0011368 secs]
20.144: [GC pause (G1 Evacuation Pause) (young) 4048K->913K(8192K), 0.0010020 secs]
20.147: [GC pause (G1 Evacuation Pause) (young) 3985K->976K(8192K), 0.0011956 secs]
20.151: [GC pause (G1 Evacuation Pause) (young) 4048K->913K(8192K), 0.0008970 secs]
20.154: [GC pause (G1 Evacuation Pause) (young) 3985K->976K(8192K), 0.0011434 secs]
20.157: [GC pause (G1 Evacuation Pause) (young) 4048K->913K(8192K), 0.0027008 secs]
20.162: [GC pause (G1 Evacuation Pause) (young) 3985K->976K(8192K), 0.0011687 secs]
20.166: [GC pause (G1 Evacuation Pause) (young) 4048K->913K(8192K), 0.0008722 secs]
20.169: [GC pause (G1 Evacuation Pause) (young) 3985K->976K(8192K), 0.0011582 secs]
20.172: [GC pause (G1 Evacuation Pause) (young) 4048K->913K(8192K), 0.0008172 secs]
20.175: [GC pause (G1 Evacuation Pause) (young) 3985K->976K(8192K), 0.0011450 secs]
20.178: [GC pause (G1 Evacuation Pause) (young) 4048K->913K(8192K), 0.0008128 secs]
20.181: [GC pause (G1 Evacuation Pause) (young) 3985K->976K(8192K), 0.0011329 secs]
20.185: [GC pause (G1 Evacuation Pause) (young) 4048K->913K(8192K), 0.0008414 secs]
20.188: [GC pause (G1 Evacuation Pause) (young) 3985K->976K(8192K), 0.0012721 secs]
20.192: [GC pause (G1 Evacuation Pause) (young) 4048K->913K(8192K), 0.0016108 secs]
20.195: [GC pause (G1 Evacuation Pause) (young) 3985K->976K(8192K), 0.0011786 secs]
20.199: [GC pause (G1 Evacuation Pause) (young) 4048K->913K(8192K), 0.0008249 secs]
20.202: [GC pause (G1 Evacuation Pause) (young) 3985K->976K(8192K), 0.0011417 secs]
20.205: [GC pause (G1 Evacuation Pause) (young) 4048K->913K(8192K), 0.0008161 secs]
20.208: [GC pause (G1 Evacuation Pause) (young) 3985K->976K(8192K), 0.0027448 secs]
20.213: [GC pause (G1 Evacuation Pause) (young) 4048K->913K(8192K), 0.0008343 secs]
20.216: [GC pause (G1 Evacuation Pause) (young) 3985K->976K(8192K), 0.0011593 secs]
20.220: [GC pause (G1 Evacuation Pause) (young) 4048K->913K(8192K), 0.0008810 secs]
20.223: [GC pause (G1 Evacuation Pause) (young) 3985K->976K(8192K), 0.0012050 secs]
20.226: [GC pause (G1 Evacuation Pause) (young) 4048K->913K(8192K), 0.0009674 secs]
20.229: [GC pause (G1 Evacuation Pause) (young) 3985K->976K(8192K), 0.0011417 secs]
20.233: [GC pause (G1 Evacuation Pause) (young) 4048K->913K(8192K), 0.0008161 secs]
20.240: [GC pause (G1 Evacuation Pause) (young) 3985K->976K(8192K), 0.0011483 secs]
20.244: [GC pause (G1 Evacuation Pause) (young) 4048K->913K(8192K), 0.0008640 secs]
20.247: [GC pause (G1 Evacuation Pause) (young) 3985K->976K(8192K), 0.0011384 secs]
20.250: [GC pause (G1 Evacuation Pause) (young) 4048K->913K(8192K), 0.0008183 secs]
20.253: [GC pause (G1 Evacuation Pause) (young) 3985K->976K(8192K), 0.0011439 secs]
20.257: [GC pause (G1 Evacuation Pause) (young) 4048K->913K(8192K), 0.0008156 secs]
20.262: [GC pause (G1 Evacuation Pause) (young) 3985K->976K(8192K), 0.0011494 secs]
20.265: [GC pause (G1 Evacuation Pause) (young) 4048K->913K(8192K), 0.0008453 secs]
20.269: [GC pause (G1 Evacuation Pause) (young) 3985K->976K(8192K), 0.0011588 secs]
20.272: [GC pause (G1 Evacuation Pause) (young) 4048K->913K(8192K), 0.0008233 secs]
20.275: [GC pause (G1 Evacuation Pause) (young) 3985K->976K(8192K), 0.0012039 secs]
20.279: [GC pause (G1 Evacuation Pause) (young) 4048K->913K(8192K), 0.0008354 secs]
20.311: [GC pause (G1 Evacuation Pause) (young) 3985K->976K(8192K), 0.0496959 secs]
20.364: [GC pause (G1 Evacuation Pause) (young) 4048K->913K(8192K), 0.0057025 secs]
20.371: [GC pause (G1 Evacuation Pause) (young) 3985K->976K(8192K), 0.0011874 secs]
20.375: [GC pause (G1 Evacuation Pause) (young) 4048K->913K(8192K), 0.0016680 secs]
20.379: [GC pause (G1 Evacuation Pause) (young) 3985K->976K(8192K), 0.0011852 secs]
20.382: [GC pause (G1 Evacuation Pause) (young) 4048K->913K(8192K), 0.0008172 secs]
20.385: [GC pause (G1 Evacuation Pause) (young) 3985K->976K(8192K), 0.0011324 secs]
20.388: [GC pause (G1 Evacuation Pause) (young) 4048K->913K(8192K), 0.0008343 secs]
20.391: [GC pause (G1 Evacuation Pause) (young) 3985K->976K(8192K), 0.0013738 secs]
20.395: [GC pause (G1 Evacuation Pause) (young) 4048K->913K(8192K), 0.0008453 secs]
20.398: [GC pause (G1 Evacuation Pause) (young) 3985K->976K(8192K), 0.0013815 secs]
20.401: [GC pause (G1 Evacuation Pause) (young) 4048K->913K(8192K), 0.0008161 secs]
20.404: [GC pause (G1 Evacuation Pause) (young) 3985K->976K(8192K), 0.0011505 secs]
20.408: [GC pause (G1 Evacuation Pause) (young) 4048K->913K(8192K), 0.0008684 secs]
20.411: [GC pause (G1 Evacuation Pause) (young) 3985K->976K(8192K), 0.0011549 secs]
20.414: [GC pause (G1 Evacuation Pause) (young) 4048K->913K(8192K), 0.0009844 secs]
20.417: [GC pause (G1 Evacuation Pause) (young) 3985K->976K(8192K), 0.0011533 secs]
20.420: [GC pause (G1 Evacuation Pause) (young) 4048K->913K(8192K), 0.0008343 secs]
20.424: [GC pause (G1 Evacuation Pause) (young) 3985K->976K(8192K), 0.0011285 secs]
20.427: [GC pause (G1 Evacuation Pause) (young) 4048K->913K(8192K), 0.0008568 secs]
20.430: [GC pause (G1 Evacuation Pause) (young) 3985K->976K(8192K), 0.0013215 secs]
20.433: [GC pause (G1 Evacuation Pause) (young) 4048K->913K(8192K), 0.0008326 secs]
20.436: [GC pause (G1 Evacuation Pause) (young) 3985K->976K(8192K), 0.0011599 secs]
20.440: [GC pause (G1 Evacuation Pause) (young) 4048K->913K(8192K), 0.0009404 secs]
20.443: [GC pause (G1 Evacuation Pause) (young) 3985K->976K(8192K), 0.0011555 secs]
20.446: [GC pause (G1 Evacuation Pause) (young) 4048K->913K(8192K), 0.0008447 secs]
20.449: [GC pause (G1 Evacuation Pause) (young) 3985K->976K(8192K), 0.0011566 secs]
20.453: [GC pause (G1 Evacuation Pause) (young) 4048K->913K(8192K), 0.0008271 secs]
20.456: [GC pause (G1 Evacuation Pause) (young) 3985K->976K(8192K), 0.0012000 secs]
20.459: [GC pause (G1 Evacuation Pause) (young) 4048K->913K(8192K), 0.0008497 secs]
20.462: [GC pause (G1 Evacuation Pause) (young) 3985K->976K(8192K), 0.0012765 secs]
20.465: [GC pause (G1 Evacuation Pause) (young) 4048K->913K(8192K), 0.0008304 secs]
20.468: [GC pause (G1 Evacuation Pause) (young) 3985K->976K(8192K), 0.0011478 secs]
20.472: [GC pause (G1 Evacuation Pause) (young) 4048K->913K(8192K), 0.0008321 secs]
20.474: [GC pause (G1 Evacuation Pause) (young) 3985K->976K(8192K), 0.0013117 secs]
20.478: [GC pause (G1 Evacuation Pause) (young) 4048K->913K(8192K), 0.0008216 secs]
20.481: [GC pause (G1 Evacuation Pause) (young) 3985K->976K(8192K), 0.0013111 secs]
20.485: [GC pause (G1 Evacuation Pause) (young) 4048K->913K(8192K), 0.0008255 secs]
20.488: [GC pause (G1 Evacuation Pause) (young) 3985K->976K(8192K), 0.0011406 secs]
20.491: [GC pause (G1 Evacuation Pause) (young) 4048K->913K(8192K), 0.0008172 secs]
20.494: [GC pause (G1 Evacuation Pause) (young) 3985K->976K(8192K), 0.0011544 secs]
20.498: [GC pause (G1 Evacuation Pause) (young) 4048K->913K(8192K), 0.0008150 secs]
20.501: [GC pause (G1 Evacuation Pause) (young) 3985K->976K(8192K), 0.0011450 secs]
20.504: [GC pause (G1 Evacuation Pause) (young) 4048K->913K(8192K), 0.0008425 secs]
20.507: [GC pause (G1 Evacuation Pause) (young) 3985K->976K(8192K), 0.0014062 secs]
20.510: [GC pause (G1 Evacuation Pause) (young) 4048K->913K(8192K), 0.0008282 secs]
20.513: [GC pause (G1 Evacuation Pause) (young) 3985K->976K(8192K), 0.0011500 secs]
20.517: [GC pause (G1 Evacuation Pause) (young) 4048K->913K(8192K), 0.0008216 secs]
20.520: [GC pause (G1 Evacuation Pause) (young) 3985K->976K(8192K), 0.0011863 secs]
20.523: [GC pause (G1 Evacuation Pause) (young) 4048K->913K(8192K), 0.0011175 secs]
20.526: [GC pause (G1 Evacuation Pause) (young) 3985K->976K(8192K), 0.0012831 secs]
20.530: [GC pause (G1 Evacuation Pause) (young) 4048K->913K(8192K), 0.0008101 secs]
20.533: [GC pause (G1 Evacuation Pause) (young) 3985K->976K(8192K), 0.0011879 secs]
20.536: [GC pause (G1 Evacuation Pause) (young) 4048K->913K(8192K), 0.0008299 secs]
20.539: [GC pause (G1 Evacuation Pause) (young) 3985K->976K(8192K), 0.0017384 secs]
20.543: [GC pause (G1 Evacuation Pause) (young) 4048K->913K(8192K), 0.0009459 secs]
20.546: [GC pause (G1 Evacuation Pause) (young) 3985K->976K(8192K), 0.0011247 secs]
20.549: [GC pause (G1 Evacuation Pause) (young) 4048K->913K(8192K), 0.0008161 secs]
20.552: [GC pause (G1 Evacuation Pause) (young) 3985K->976K(8192K), 0.0011555 secs]
20.555: [GC pause (G1 Evacuation Pause) (young) 4048K->913K(8192K), 0.0015613 secs]
20.559: [GC pause (G1 Evacuation Pause) (young) 3985K->976K(8192K), 0.0011357 secs]
20.563: [GC pause (G1 Evacuation Pause) (young) 4048K->913K(8192K), 0.0008854 secs]
20.566: [GC pause (G1 Evacuation Pause) (young) 3985K->976K(8192K), 0.0011764 secs]
20.569: [GC pause (G1 Evacuation Pause) (young) 4048K->913K(8192K), 0.0014436 secs]
20.573: [GC pause (G1 Evacuation Pause) (young) 3985K->976K(8192K), 0.0012275 secs]
20.576: [GC pause (G1 Evacuation Pause) (young) 4048K->913K(8192K), 0.0008172 secs]
20.579: [GC pause (G1 Evacuation Pause) (young) 3985K->976K(8192K), 0.0011555 secs]
20.582: [GC pause (G1 Evacuation Pause) (young) 4048K->913K(8192K), 0.0008409 secs]
20.585: [GC pause (G1 Evacuation Pause) (young) 3985K->1003K(8192K), 0.0013837 secs]
20.589: [GC pause (G1 Evacuation Pause) (young) 4075K->913K(8192K), 0.0008288 secs]
20.592: [GC pause (G1 Evacuation Pause) (young) 3985K->976K(8192K), 0.0013468 secs]
20.595: [GC pause (G1 Evacuation Pause) (young) 4048K->913K(8192K), 0.0008271 secs]
20.598: [GC pause (G1 Evacuation Pause) (young) 3985K->976K(8192K), 0.0011417 secs]
20.602: [GC pause (G1 Evacuation Pause) (young) 4048K->913K(8192K), 0.0008227 secs]
20.604: [GC pause (G1 Evacuation Pause) (young) 3985K->976K(8192K), 0.0011610 secs]
20.608: [GC pause (G1 Evacuation Pause) (young) 4048K->913K(8192K), 0.0009668 secs]
20.611: [GC pause (G1 Evacuation Pause) (young) 3985K->976K(8192K), 0.0011439 secs]
20.614: [GC pause (G1 Evacuation Pause) (young) 4048K->913K(8192K), 0.0008101 secs]
20.617: [GC pause (G1 Evacuation Pause) (young) 3985K->1003K(8192K), 0.0014970 secs]
20.621: [GC pause (G1 Evacuation Pause) (young) 4075K->913K(8192K), 0.0020095 secs]
20.625: [GC pause (G1 Evacuation Pause) (young) 3985K->976K(8192K), 0.0020673 secs]
20.629: [GC pause (G1 Evacuation Pause) (young) 4048K->913K(8192K), 0.0008656 secs]
20.632: [GC pause (G1 Evacuation Pause) (young) 3985K->976K(8192K), 0.0011588 secs]
20.636: [GC pause (G1 Evacuation Pause) (young) 4048K->913K(8192K), 0.0008299 secs]
20.638: [GC pause (G1 Evacuation Pause) (young) 3985K->976K(8192K), 0.0013204 secs]
20.642: [GC pause (G1 Evacuation Pause) (young) 4048K->913K(8192K), 0.0010048 secs]
20.645: [GC pause (G1 Evacuation Pause) (young) 3985K->976K(8192K), 0.0012589 secs]
20.649: [GC pause (G1 Evacuation Pause) (young) 4048K->913K(8192K), 0.0008266 secs]
20.652: [GC pause (G1 Evacuation Pause) (young) 3985K->976K(8192K), 0.0011390 secs]
20.655: [GC pause (G1 Evacuation Pause) (young) 4048K->913K(8192K), 0.0008128 secs]
20.658: [GC pause (G1 Evacuation Pause) (young) 3985K->976K(8192K), 0.0012534 secs]
20.661: [GC pause (G1 Evacuation Pause) (young) 4048K->913K(8192K), 0.0007996 secs]
20.664: [GC pause (G1 Evacuation Pause) (young) 3985K->976K(8192K), 0.0012699 secs]
20.668: [GC pause (G1 Evacuation Pause) (young) 4048K->913K(8192K), 0.0008161 secs]
20.670: [GC pause (G1 Evacuation Pause) (young) 3985K->976K(8192K), 0.0013045 secs]
20.674: [GC pause (G1 Evacuation Pause) (young) 4048K->913K(8192K), 0.0008508 secs]
20.677: [GC pause (G1 Evacuation Pause) (young) 3985K->976K(8192K), 0.0011384 secs]
20.680: [GC pause (G1 Evacuation Pause) (young) 4048K->913K(8192K), 0.0008821 secs]
20.683: [GC pause (G1 Evacuation Pause) (young) 3985K->976K(8192K), 0.0011505 secs]
20.686: [GC pause (G1 Evacuation Pause) (young) 4048K->913K(8192K), 0.0008145 secs]
20.689: [GC pause (G1 Evacuation Pause) (young) 3985K->976K(8192K), 0.0011962 secs]
20.693: [GC pause (G1 Evacuation Pause) (young) 4048K->913K(8192K), 0.0008414 secs]
20.696: [GC pause (G1 Evacuation Pause) (young) 3985K->976K(8192K), 0.0011417 secs]
20.699: [GC pause (G1 Evacuation Pause) (young) 4048K->913K(8192K), 0.0008024 secs]
20.702: [GC pause (G1 Evacuation Pause) (young) 3985K->976K(8192K), 0.0011126 secs]
20.705: [GC pause (G1 Evacuation Pause) (young) 4048K->913K(8192K), 0.0008013 secs]
20.708: [GC pause (G1 Evacuation Pause) (young) 3985K->976K(8192K), 0.0014623 secs]
20.711: [GC pause (G1 Evacuation Pause) (young) 4048K->913K(8192K), 0.0008233 secs]
20.714: [GC pause (G1 Evacuation Pause) (young) 3985K->976K(8192K), 0.0011654 secs]
20.718: [GC pause (G1 Evacuation Pause) (young) 4048K->913K(8192K), 0.0008057 secs]
20.721: [GC pause (G1 Evacuation Pause) (young) 3985K->976K(8192K), 0.0011626 secs]
20.724: [GC pause (G1 Evacuation Pause) (young) 4048K->913K(8192K), 0.0009327 secs]
20.727: [GC pause (G1 Evacuation Pause) (young) 3985K->976K(8192K), 0.0011544 secs]
20.730: [GC pause (G1 Evacuation Pause) (young) 4048K->913K(8192K), 0.0008024 secs]
20.733: [GC pause (G1 Evacuation Pause) (young) 3985K->976K(8192K), 0.0012572 secs]
20.737: [GC pause (G1 Evacuation Pause) (young) 4048K->913K(8192K), 0.0016460 secs]
20.740: [GC pause (G1 Evacuation Pause) (young) 3985K->976K(8192K), 0.0013001 secs]
20.744: [GC pause (G1 Evacuation Pause) (young) 4048K->913K(8192K), 0.0369346 secs]
20.784: [GC pause (G1 Evacuation Pause) (young) 3985K->976K(8192K), 0.0349273 secs]
20.821: [GC pause (G1 Evacuation Pause) (young) 4048K->913K(8192K), 0.0075119 secs]
20.831: [GC pause (G1 Evacuation Pause) (young) 3985K->976K(8192K), 0.0011494 secs]
20.834: [GC pause (G1 Evacuation Pause) (young) 4048K->913K(8192K), 0.0008161 secs]
20.837: [GC pause (G1 Evacuation Pause) (young) 3985K->976K(8192K), 0.0012726 secs]
20.841: [GC pause (G1 Evacuation Pause) (young) 4048K->913K(8192K), 0.0008618 secs]
20.844: [GC pause (G1 Evacuation Pause) (young) 3985K->976K(8192K), 0.0011505 secs]
20.847: [GC pause (G1 Evacuation Pause) (young) 4048K->913K(8192K), 0.0008084 secs]
20.850: [GC pause (G1 Evacuation Pause) (young) 3985K->976K(8192K), 0.0011208 secs]
20.853: [GC pause (G1 Evacuation Pause) (young) 4048K->913K(8192K), 0.0008024 secs]
20.856: [GC pause (G1 Evacuation Pause) (young) 3985K->976K(8192K), 0.0011736 secs]
20.859: [GC pause (G1 Evacuation Pause) (young) 4048K->913K(8192K), 0.0088351 secs]
20.871: [GC pause (G1 Evacuation Pause) (young) 3985K->976K(8192K), 0.0011571 secs]
20.874: [GC pause (G1 Evacuation Pause) (young) 4048K->913K(8192K), 0.0008112 secs]
20.877: [GC pause (G1 Evacuation Pause) (young) 3985K->976K(8192K), 0.0011351 secs]
20.880: [GC pause (G1 Evacuation Pause) (young) 4048K->913K(8192K), 0.0008101 secs]
20.883: [GC pause (G1 Evacuation Pause) (young) 3985K->976K(8192K), 0.0011412 secs]
20.886: [GC pause (G1 Evacuation Pause) (young) 4048K->913K(8192K), 0.0008002 secs]
20.889: [GC pause (G1 Evacuation Pause) (young) 3985K->976K(8192K), 0.0011874 secs]
20.893: [GC pause (G1 Evacuation Pause) (young) 4048K->913K(8192K), 0.0008931 secs]
20.896: [GC pause (G1 Evacuation Pause) (young) 3985K->976K(8192K), 0.0011335 secs]
20.899: [GC pause (G1 Evacuation Pause) (young) 4048K->913K(8192K), 0.0008051 secs]
20.902: [GC pause (G1 Evacuation Pause) (young) 3985K->976K(8192K), 0.0011335 secs]
20.905: [GC pause (G1 Evacuation Pause) (young) 4048K->913K(8192K), 0.0009641 secs]
20.908: [GC pause (G1 Evacuation Pause) (young) 3985K->976K(8192K), 0.0014530 secs]
20.912: [GC pause (G1 Evacuation Pause) (young) 4048K->913K(8192K), 0.0008359 secs]
20.915: [GC pause (G1 Evacuation Pause) (young) 3985K->976K(8192K), 0.0011632 secs]
20.918: [GC pause (G1 Evacuation Pause) (young) 4048K->913K(8192K), 0.0008117 secs]
20.921: [GC pause (G1 Evacuation Pause) (young) 3985K->976K(8192K), 0.0011351 secs]
20.924: [GC pause (G1 Evacuation Pause) (young) 4048K->913K(8192K), 0.0008194 secs]
20.927: [GC pause (G1 Evacuation Pause) (young) 3985K->976K(8192K), 0.0011747 secs]
20.930: [GC pause (G1 Evacuation Pause) (young) 4048K->913K(8192K), 0.0007996 secs]
20.933: [GC pause (G1 Evacuation Pause) (young) 3985K->976K(8192K), 0.0011313 secs]
20.936: [GC pause (G1 Evacuation Pause) (young) 4048K->913K(8192K), 0.0008134 secs]
20.939: [GC pause (G1 Evacuation Pause) (young) 3985K->976K(8192K), 0.0012693 secs]
20.943: [GC pause (G1 Evacuation Pause) (young) 4048K->913K(8192K), 0.0008469 secs]
20.946: [GC pause (G1 Evacuation Pause) (young) 3985K->976K(8192K), 0.0011692 secs]
20.949: [GC pause (G1 Evacuation Pause) (young) 4048K->913K(8192K), 0.0008035 secs]
20.952: [GC pause (G1 Evacuation Pause) (young) 3985K->976K(8192K), 0.0012979 secs]
20.956: [GC pause (G1 Evacuation Pause) (young) 4048K->913K(8192K), 0.0008161 secs]
20.958: [GC pause (G1 Evacuation Pause) (young) 3985K->976K(8192K), 0.0013160 secs]
20.962: [GC pause (G1 Evacuation Pause) (young) 4048K->913K(8192K), 0.0008656 secs]
20.965: [GC pause (G1 Evacuation Pause) (young) 3985K->976K(8192K), 0.0011764 secs]
20.968: [GC pause (G1 Evacuation Pause) (young) 4048K->913K(8192K), 0.0008073 secs]
20.971: [GC pause (G1 Evacuation Pause) (young) 3985K->976K(8192K), 0.0011263 secs]
20.974: [GC pause (G1 Evacuation Pause) (young) 4048K->913K(8192K), 0.0008458 secs]
20.977: [GC pause (G1 Evacuation Pause) (young) 3985K->976K(8192K), 0.0011373 secs]
20.980: [GC pause (G1 Evacuation Pause) (young) 4048K->913K(8192K), 0.0008227 secs]
20.983: [GC pause (G1 Evacuation Pause) (young) 3985K->976K(8192K), 0.0011428 secs]
20.987: [GC pause (G1 Evacuation Pause) (young) 4048K->913K(8192K), 0.0008365 secs]
20.990: [GC pause (G1 Evacuation Pause) (young) 3985K->1003K(8192K), 0.0015943 secs]
20.994: [GC pause (G1 Evacuation Pause) (young) 4075K->913K(8192K), 0.0008728 secs]
20.997: [GC pause (G1 Evacuation Pause) (young) 3985K->976K(8192K), 0.0011412 secs]
21.000: [GC pause (G1 Evacuation Pause) (young) 4048K->913K(8192K), 0.0008607 secs]
21.003: [GC pause (G1 Evacuation Pause) (young) 3985K->976K(8192K), 0.0011808 secs]
21.006: [GC pause (G1 Evacuation Pause) (young) 4048K->913K(8192K), 0.0008084 secs]
21.009: [GC pause (G1 Evacuation Pause) (young) 3985K->976K(8192K), 0.0011747 secs]
21.012: [GC pause (G1 Evacuation Pause) (young) 4048K->913K(8192K), 0.0008112 secs]
21.015: [GC pause (G1 Evacuation Pause) (young) 3985K->976K(8192K), 0.0011087 secs]
21.018: [GC pause (G1 Evacuation Pause) (young) 4048K->913K(8192K), 0.0008002 secs]
21.021: [GC pause (G1 Evacuation Pause) (young) 3985K->976K(8192K), 0.0011120 secs]
21.024: [GC pause (G1 Evacuation Pause) (young) 4048K->913K(8192K), 0.0010785 secs]
21.028: [GC pause (G1 Evacuation Pause) (young) 3985K->976K(8192K), 0.0011665 secs]
21.031: [GC pause (G1 Evacuation Pause) (young) 4048K->913K(8192K), 0.0008183 secs]
21.034: [GC pause (G1 Evacuation Pause) (young) 3985K->976K(8192K), 0.0011324 secs]
21.037: [GC pause (G1 Evacuation Pause) (young) 4048K->913K(8192K), 0.0008233 secs]
21.040: [GC pause (G1 Evacuation Pause) (young) 3985K->976K(8192K), 0.0012138 secs]
21.043: [GC pause (G1 Evacuation Pause) (young) 4048K->913K(8192K), 0.0008194 secs]
21.046: [GC pause (G1 Evacuation Pause) (young) 3985K->976K(8192K), 0.0011582 secs]
21.049: [GC pause (G1 Evacuation Pause) (young) 4048K->913K(8192K), 0.0008112 secs]
21.052: [GC pause (G1 Evacuation Pause) (young) 3985K->976K(8192K), 0.0011368 secs]
21.056: [GC pause (G1 Evacuation Pause) (young) 4048K->913K(8192K), 0.0008139 secs]
21.058: [GC pause (G1 Evacuation Pause) (young) 3985K->976K(8192K), 0.0013270 secs]
21.062: [GC pause (G1 Evacuation Pause) (young) 4048K->913K(8192K), 0.0008227 secs]
21.065: [GC pause (G1 Evacuation Pause) (young) 3985K->976K(8192K), 0.0011131 secs]
21.068: [GC pause (G1 Evacuation Pause) (young) 4048K->913K(8192K), 0.0008134 secs]
21.071: [GC pause (G1 Evacuation Pause) (young) 3985K->976K(8192K), 0.0011527 secs]
21.074: [GC pause (G1 Evacuation Pause) (young) 4048K->913K(8192K), 0.0009608 secs]
21.077: [GC pause (G1 Evacuation Pause) (young) 3985K->976K(8192K), 0.0011291 secs]
21.081: [GC pause (G1 Evacuation Pause) (young) 4048K->913K(8192K), 0.0008156 secs]
21.083: [GC pause (G1 Evacuation Pause) (young) 3985K->976K(8192K), 0.0011252 secs]
21.087: [GC pause (G1 Evacuation Pause) (young) 4048K->913K(8192K), 0.0008194 secs]
21.090: [GC pause (G1 Evacuation Pause) (young) 3985K->976K(8192K), 0.0011731 secs]
21.093: [GC pause (G1 Evacuation Pause) (young) 4048K->913K(8192K), 0.0008266 secs]
21.096: [GC pause (G1 Evacuation Pause) (young) 3985K->976K(8192K), 0.0011445 secs]
21.099: [GC pause (G1 Evacuation Pause) (young) 4048K->913K(8192K), 0.0008167 secs]
21.102: [GC pause (G1 Evacuation Pause) (young) 3985K->976K(8192K), 0.0011406 secs]
21.105: [GC pause (G1 Evacuation Pause) (young) 4048K->913K(8192K), 0.0008073 secs]
21.108: [GC pause (G1 Evacuation Pause) (young) 3985K->976K(8192K), 0.0014216 secs]
21.112: [GC pause (G1 Evacuation Pause) (young) 4048K->913K(8192K), 0.0008519 secs]
21.115: [GC pause (G1 Evacuation Pause) (young) 3985K->976K(8192K), 0.0011384 secs]
21.118: [GC pause (G1 Evacuation Pause) (young) 4048K->913K(8192K), 0.0008172 secs]
21.121: [GC pause (G1 Evacuation Pause) (young) 3985K->976K(8192K), 0.0011324 secs]
21.124: [GC pause (G1 Evacuation Pause) (young) 4048K->913K(8192K), 0.0008519 secs]
21.127: [GC pause (G1 Evacuation Pause) (young) 3985K->976K(8192K), 0.0011269 secs]
21.130: [GC pause (G1 Evacuation Pause) (young) 4048K->913K(8192K), 0.0008117 secs]
21.133: [GC pause (G1 Evacuation Pause) (young) 3985K->976K(8192K), 0.0011434 secs]
21.137: [GC pause (G1 Evacuation Pause) (young) 4048K->913K(8192K), 0.0008134 secs]
21.139: [GC pause (G1 Evacuation Pause) (young) 3985K->976K(8192K), 0.0011324 secs]
21.143: [GC pause (G1 Evacuation Pause) (young) 4048K->913K(8192K), 0.0011929 secs]
21.146: [GC pause (G1 Evacuation Pause) (young) 3985K->976K(8192K), 0.0011813 secs]
21.149: [GC pause (G1 Evacuation Pause) (young) 4048K->913K(8192K), 0.0008629 secs]
21.152: [GC pause (G1 Evacuation Pause) (young) 3985K->976K(8192K), 0.0011555 secs]
21.156: [GC pause (G1 Evacuation Pause) (young) 4048K->913K(8192K), 0.0008222 secs]
21.159: [GC pause (G1 Evacuation Pause) (young) 3985K->976K(8192K), 0.0012688 secs]
21.162: [GC pause (G1 Evacuation Pause) (young) 4048K->913K(8192K), 0.0008211 secs]
21.165: [GC pause (G1 Evacuation Pause) (young) 3985K->976K(8192K), 0.0011159 secs]
21.168: [GC pause (G1 Evacuation Pause) (young) 4048K->913K(8192K), 0.0007980 secs]
21.171: [GC pause (G1 Evacuation Pause) (young) 3985K->976K(8192K), 0.0011340 secs]
21.174: [GC pause (G1 Evacuation Pause) (young) 4048K->913K(8192K), 0.0008293 secs]
21.177: [GC pause (G1 Evacuation Pause) (young) 3985K->976K(8192K), 0.0011192 secs]
21.180: [GC pause (G1 Evacuation Pause) (young) 4048K->913K(8192K), 0.0008178 secs]
21.183: [GC pause (G1 Evacuation Pause) (young) 3985K->976K(8192K), 0.0011307 secs]
21.187: [GC pause (G1 Evacuation Pause) (young) 4048K->913K(8192K), 0.0008447 secs]
21.189: [GC pause (G1 Evacuation Pause) (young) 3985K->976K(8192K), 0.0011362 secs]
21.193: [GC pause (G1 Evacuation Pause) (young) 4048K->913K(8192K), 0.0008865 secs]
21.196: [GC pause (G1 Evacuation Pause) (young) 3985K->976K(8192K), 0.0011786 secs]
21.199: [GC pause (G1 Evacuation Pause) (young) 4048K->913K(8192K), 0.0008112 secs]
21.202: [GC pause (G1 Evacuation Pause) (young) 3985K->976K(8192K), 0.0011285 secs]
21.205: [GC pause (G1 Evacuation Pause) (young) 4048K->913K(8192K), 0.0008062 secs]
21.208: [GC pause (G1 Evacuation Pause) (young) 3985K->976K(8192K), 0.0014491 secs]
21.212: [GC pause (G1 Evacuation Pause) (young) 4048K->913K(8192K), 0.0008370 secs]
21.215: [GC pause (G1 Evacuation Pause) (young) 3985K->976K(8192K), 0.0011571 secs]
21.218: [GC pause (G1 Evacuation Pause) (young) 4048K->913K(8192K), 0.0008051 secs]
21.221: [GC pause (G1 Evacuation Pause) (young) 3985K->976K(8192K), 0.0011280 secs]
21.224: [GC pause (G1 Evacuation Pause) (young) 4048K->913K(8192K), 0.0008084 secs]
21.227: [GC pause (G1 Evacuation Pause) (young) 3985K->976K(8192K), 0.0011324 secs]
21.230: [GC pause (G1 Evacuation Pause) (young) 4048K->913K(8192K), 0.0008222 secs]
21.233: [GC pause (G1 Evacuation Pause) (young) 3985K->976K(8192K), 0.0011483 secs]
21.240: [GC pause (G1 Evacuation Pause) (young) 4048K->913K(8192K), 0.0008447 secs]
21.243: [GC pause (G1 Evacuation Pause) (young) 3985K->976K(8192K), 0.0026145 secs]
21.248: [GC pause (G1 Evacuation Pause) (young) 4048K->913K(8192K), 0.0009558 secs]
21.252: [GC pause (G1 Evacuation Pause) (young) 3985K->976K(8192K), 0.0019502 secs]
21.256: [GC pause (G1 Evacuation Pause) (young) 4048K->913K(8192K), 0.0035263 secs]
21.262: [GC pause (G1 Evacuation Pause) (young) 3985K->976K(8192K), 0.0144623 secs]
21.279: [GC pause (G1 Evacuation Pause) (young) 4048K->913K(8192K), 0.0008227 secs]
21.281: [GC pause (G1 Evacuation Pause) (young) 3985K->976K(8192K), 0.0016064 secs]
21.285: [GC pause (G1 Evacuation Pause) (young) 4048K->913K(8192K), 0.0008563 secs]
21.288: [GC pause (G1 Evacuation Pause) (young) 3985K->976K(8192K), 0.0011687 secs]
21.292: [GC pause (G1 Evacuation Pause) (young) 4048K->913K(8192K), 0.0009657 secs]
21.295: [GC pause (G1 Evacuation Pause) (young) 3985K->976K(8192K), 0.0015498 secs]
21.298: [GC pause (G1 Evacuation Pause) (young) 4048K->913K(8192K), 0.0008249 secs]
21.301: [GC pause (G1 Evacuation Pause) (young) 3985K->976K(8192K), 0.0012583 secs]
21.305: [GC pause (G1 Evacuation Pause) (young) 4048K->913K(8192K), 0.0008167 secs]
21.308: [GC pause (G1 Evacuation Pause) (young) 3985K->976K(8192K), 0.0014051 secs]
21.312: [GC pause (G1 Evacuation Pause) (young) 4048K->913K(8192K), 0.0013193 secs]
21.315: [GC pause (G1 Evacuation Pause) (young) 3985K->976K(8192K), 0.0011648 secs]
21.318: [GC pause (G1 Evacuation Pause) (young) 4048K->913K(8192K), 0.0008183 secs]
21.321: [GC pause (G1 Evacuation Pause) (young) 3985K->976K(8192K), 0.0011346 secs]
21.325: [GC pause (G1 Evacuation Pause) (young) 4048K->913K(8192K), 0.0009234 secs]
21.328: [GC pause (G1 Evacuation Pause) (young) 3985K->976K(8192K), 0.0016295 secs]
21.331: [GC pause (G1 Evacuation Pause) (young) 4048K->913K(8192K), 0.0008233 secs]
21.334: [GC pause (G1 Evacuation Pause) (young) 3985K->976K(8192K), 0.0011621 secs]
21.338: [GC pause (G1 Evacuation Pause) (young) 4048K->913K(8192K), 0.0008321 secs]
21.341: [GC pause (G1 Evacuation Pause) (young) 3985K->976K(8192K), 0.0011522 secs]
21.344: [GC pause (G1 Evacuation Pause) (young) 4048K->913K(8192K), 0.0010301 secs]
21.347: [GC pause (G1 Evacuation Pause) (young) 3985K->976K(8192K), 0.0012121 secs]
21.350: [GC pause (G1 Evacuation Pause) (young) 4048K->913K(8192K), 0.0008310 secs]
21.353: [GC pause (G1 Evacuation Pause) (young) 3985K->976K(8192K), 0.0011555 secs]
21.357: [GC pause (G1 Evacuation Pause) (young) 4048K->913K(8192K), 0.0008293 secs]
21.360: [GC pause (G1 Evacuation Pause) (young) 3985K->976K(8192K), 0.0015828 secs]
21.363: [GC pause (G1 Evacuation Pause) (young) 4048K->913K(8192K), 0.0008150 secs]
21.366: [GC pause (G1 Evacuation Pause) (young) 3985K->976K(8192K), 0.0011357 secs]
21.370: [GC pause (G1 Evacuation Pause) (young) 4048K->913K(8192K), 0.0008293 secs]
21.373: [GC pause (G1 Evacuation Pause) (young) 3985K->976K(8192K), 0.0011604 secs]
21.376: [GC pause (G1 Evacuation Pause) (young) 4048K->913K(8192K), 0.0008491 secs]
21.379: [GC pause (G1 Evacuation Pause) (young) 3985K->976K(8192K), 0.0011571 secs]
21.382: [GC pause (G1 Evacuation Pause) (young) 4048K->913K(8192K), 0.0008007 secs]
21.385: [GC pause (G1 Evacuation Pause) (young) 3985K->976K(8192K), 0.0011665 secs]
21.389: [GC pause (G1 Evacuation Pause) (young) 4048K->913K(8192K), 0.0008139 secs]
21.392: [GC pause (G1 Evacuation Pause) (young) 3985K->976K(8192K), 0.0012440 secs]
21.395: [GC pause (G1 Evacuation Pause) (young) 4048K->913K(8192K), 0.0008090 secs]
21.398: [GC pause (G1 Evacuation Pause) (young) 3985K->976K(8192K), 0.0012622 secs]
21.401: [GC pause (G1 Evacuation Pause) (young) 4048K->913K(8192K), 0.0008310 secs]
21.404: [GC pause (G1 Evacuation Pause) (young) 3985K->976K(8192K), 0.0012303 secs]
21.408: [GC pause (G1 Evacuation Pause) (young) 4048K->913K(8192K), 0.0008464 secs]
21.411: [GC pause (G1 Evacuation Pause) (young) 3985K->976K(8192K), 0.0011450 secs]
21.414: [GC pause (G1 Evacuation Pause) (young) 4048K->913K(8192K), 0.0009690 secs]
21.417: [GC pause (G1 Evacuation Pause) (young) 3985K->976K(8192K), 0.0012297 secs]
21.420: [GC pause (G1 Evacuation Pause) (young) 4048K->913K(8192K), 0.0008112 secs]
21.423: [GC pause (G1 Evacuation Pause) (young) 3985K->976K(8192K), 0.0011384 secs]
21.427: [GC pause (G1 Evacuation Pause) (young) 4048K->913K(8192K), 0.0008227 secs]
21.430: [GC pause (G1 Evacuation Pause) (young) 3985K->976K(8192K), 0.0013034 secs]
21.433: [GC pause (G1 Evacuation Pause) (young) 4048K->913K(8192K), 0.0008101 secs]
21.436: [GC pause (G1 Evacuation Pause) (young) 3985K->976K(8192K), 0.0011346 secs]
21.440: [GC pause (G1 Evacuation Pause) (young) 4048K->913K(8192K), 0.0008084 secs]
21.442: [GC pause (G1 Evacuation Pause) (young) 3985K->976K(8192K), 0.0011456 secs]
21.446: [GC pause (G1 Evacuation Pause) (young) 4048K->913K(8192K), 0.0012402 secs]
21.449: [GC pause (G1 Evacuation Pause) (young) 3985K->976K(8192K), 0.0011714 secs]
21.453: [GC pause (G1 Evacuation Pause) (young) 4048K->913K(8192K), 0.0008282 secs]
21.455: [GC pause (G1 Evacuation Pause) (young) 3985K->976K(8192K), 0.0011236 secs]
21.459: [GC pause (G1 Evacuation Pause) (young) 4048K->913K(8192K), 0.0008172 secs]
21.462: [GC pause (G1 Evacuation Pause) (young) 3985K->976K(8192K), 0.0011692 secs]
21.465: [GC pause (G1 Evacuation Pause) (young) 4048K->913K(8192K), 0.0008365 secs]
21.468: [GC pause (G1 Evacuation Pause) (young) 3985K->976K(8192K), 0.0011302 secs]
21.471: [GC pause (G1 Evacuation Pause) (young) 4048K->913K(8192K), 0.0008128 secs]
21.474: [GC pause (G1 Evacuation Pause) (young) 3985K->976K(8192K), 0.0016180 secs]
21.478: [GC pause (G1 Evacuation Pause) (young) 4048K->913K(8192K), 0.0008178 secs]
21.481: [GC pause (G1 Evacuation Pause) (young) 3985K->976K(8192K), 0.0011208 secs]
21.484: [GC pause (G1 Evacuation Pause) (young) 4048K->913K(8192K), 0.0008040 secs]
21.487: [GC pause (G1 Evacuation Pause) (young) 3985K->976K(8192K), 0.0011247 secs]
21.490: [GC pause (G1 Evacuation Pause) (young) 4048K->913K(8192K), 0.0008260 secs]
21.493: [GC pause (G1 Evacuation Pause) (young) 3985K->976K(8192K), 0.0011516 secs]
21.496: [GC pause (G1 Evacuation Pause) (young) 4048K->913K(8192K), 0.0008167 secs]
21.499: [GC pause (G1 Evacuation Pause) (young) 3985K->976K(8192K), 0.0011236 secs]
21.502: [GC pause (G1 Evacuation Pause) (young) 4048K->913K(8192K), 0.0009168 secs]
21.505: [GC pause (G1 Evacuation Pause) (young) 3985K->976K(8192K), 0.0011885 secs]
21.509: [GC pause (G1 Evacuation Pause) (young) 4048K->913K(8192K), 0.0008073 secs]
21.512: [GC pause (G1 Evacuation Pause) (young) 3985K->976K(8192K), 0.0012897 secs]
21.515: [GC pause (G1 Evacuation Pause) (young) 4048K->913K(8192K), 0.0008321 secs]
21.518: [GC pause (G1 Evacuation Pause) (young) 3985K->976K(8192K), 0.0011109 secs]
21.521: [GC pause (G1 Evacuation Pause) (young) 4048K->913K(8192K), 0.0008035 secs]
21.524: [GC pause (G1 Evacuation Pause) (young) 3985K->976K(8192K), 0.0011538 secs]
21.527: [GC pause (G1 Evacuation Pause) (young) 4048K->913K(8192K), 0.0008150 secs]
21.530: [GC pause (G1 Evacuation Pause) (young) 3985K->976K(8192K), 0.0011945 secs]
21.534: [GC pause (G1 Evacuation Pause) (young) 4048K->913K(8192K), 0.0008216 secs]
21.537: [GC pause (G1 Evacuation Pause) (young) 3985K->976K(8192K), 0.0011252 secs]
21.540: [GC pause (G1 Evacuation Pause) (young) 4048K->913K(8192K), 0.0008035 secs]
21.543: [GC pause (G1 Evacuation Pause) (young) 3985K->976K(8192K), 0.0011236 secs]
21.546: [GC pause (G1 Evacuation Pause) (young) 4048K->913K(8192K), 0.0008183 secs]
21.549: [GC pause (G1 Evacuation Pause) (young) 3985K->976K(8192K), 0.0011170 secs]
21.552: [GC pause (G1 Evacuation Pause) (young) 4048K->913K(8192K), 0.0008893 secs]
21.555: [GC pause (G1 Evacuation Pause) (young) 3985K->976K(8192K), 0.0011632 secs]
21.558: [GC pause (G1 Evacuation Pause) (young) 4048K->913K(8192K), 0.0008310 secs]
21.561: [GC pause (G1 Evacuation Pause) (young) 3985K->976K(8192K), 0.0011494 secs]
21.565: [GC pause (G1 Evacuation Pause) (young) 4048K->913K(8192K), 0.0008117 secs]
21.568: [GC pause (G1 Evacuation Pause) (young) 3985K->976K(8192K), 0.0011362 secs]
21.571: [GC pause (G1 Evacuation Pause) (young) 4048K->913K(8192K), 0.0008029 secs]
21.574: [GC pause (G1 Evacuation Pause) (young) 3985K->976K(8192K), 0.0011302 secs]
21.577: [GC pause (G1 Evacuation Pause) (young) 4048K->913K(8192K), 0.0008766 secs]
21.580: [GC pause (G1 Evacuation Pause) (young) 3985K->976K(8192K), 0.0011247 secs]
21.583: [GC pause (G1 Evacuation Pause) (young) 4048K->913K(8192K), 0.0008051 secs]
21.586: [GC pause (G1 Evacuation Pause) (young) 3985K->976K(8192K), 0.0011362 secs]
21.589: [GC pause (G1 Evacuation Pause) (young) 4048K->913K(8192K), 0.0008227 secs]
21.592: [GC pause (G1 Evacuation Pause) (young) 3985K->976K(8192K), 0.0011610 secs]
21.596: [GC pause (G1 Evacuation Pause) (young) 4048K->913K(8192K), 0.0008392 secs]
21.599: [GC pause (G1 Evacuation Pause) (young) 3985K->976K(8192K), 0.0011203 secs]
21.602: [GC pause (G1 Evacuation Pause) (young) 4048K->913K(8192K), 0.0008315 secs]
21.605: [GC pause (G1 Evacuation Pause) (young) 3985K->976K(8192K), 0.0011659 secs]
21.608: [GC pause (G1 Evacuation Pause) (young) 4048K->913K(8192K), 0.0008332 secs]
21.611: [GC pause (G1 Evacuation Pause) (young) 3985K->976K(8192K), 0.0011285 secs]
21.614: [GC pause (G1 Evacuation Pause) (young) 4048K->913K(8192K), 0.0009300 secs]
21.617: [GC pause (G1 Evacuation Pause) (young) 3985K->976K(8192K), 0.0011423 secs]
21.621: [GC pause (G1 Evacuation Pause) (young) 4048K->913K(8192K), 0.0008183 secs]
21.623: [GC pause (G1 Evacuation Pause) (young) 3985K->976K(8192K), 0.0011384 secs]
21.627: [GC pause (G1 Evacuation Pause) (young) 4048K->913K(8192K), 0.0008260 secs]
21.630: [GC pause (G1 Evacuation Pause) (young) 3985K->976K(8192K), 0.0011560 secs]
21.633: [GC pause (G1 Evacuation Pause) (young) 4048K->913K(8192K), 0.0007980 secs]
21.636: [GC pause (G1 Evacuation Pause) (young) 3985K->976K(8192K), 0.0011192 secs]
21.639: [GC pause (G1 Evacuation Pause) (young) 4048K->913K(8192K), 0.0008414 secs]
21.642: [GC pause (G1 Evacuation Pause) (young) 3985K->976K(8192K), 0.0011247 secs]
21.645: [GC pause (G1 Evacuation Pause) (young) 4048K->913K(8192K), 0.0008546 secs]
21.648: [GC pause (G1 Evacuation Pause) (young) 3985K->976K(8192K), 0.0086228 secs]
21.659: [GC pause (G1 Evacuation Pause) (young) 4048K->913K(8192K), 0.0008332 secs]
21.662: [GC pause (G1 Evacuation Pause) (young) 3985K->976K(8192K), 0.0012088 secs]
21.666: [GC pause (G1 Evacuation Pause) (young) 4048K->913K(8192K), 0.0116800 secs]
21.680: [GC pause (G1 Evacuation Pause) (young) 3985K->976K(8192K), 0.0014194 secs]
21.683: [GC pause (G1 Evacuation Pause) (young) 4048K->913K(8192K), 0.0008777 secs]
21.687: [GC pause (G1 Evacuation Pause) (young) 3985K->976K(8192K), 0.0024270 secs]
21.691: [GC pause (G1 Evacuation Pause) (young) 4048K->913K(8192K), 0.0203127 secs]
21.714: [GC pause (G1 Evacuation Pause) (young) 3985K->976K(8192K), 0.0416131 secs]
21.758: [GC pause (G1 Evacuation Pause) (young) 4048K->913K(8192K), 0.0118483 secs]
21.772: [GC pause (G1 Evacuation Pause) (young) 3985K->976K(8192K), 0.0013353 secs]
21.776: [GC pause (G1 Evacuation Pause) (young) 4048K->913K(8192K), 0.0008315 secs]
21.779: [GC pause (G1 Evacuation Pause) (young) 3985K->976K(8192K), 0.0011692 secs]
21.782: [GC pause (G1 Evacuation Pause) (young) 4048K->913K(8192K), 0.0008183 secs]
21.785: [GC pause (G1 Evacuation Pause) (young) 3985K->976K(8192K), 0.0011808 secs]
21.789: [GC pause (G1 Evacuation Pause) (young) 4048K->913K(8192K), 0.0008007 secs]
21.792: [GC pause (G1 Evacuation Pause) (young) 3985K->976K(8192K), 0.0013562 secs]
21.795: [GC pause (G1 Evacuation Pause) (young) 4048K->913K(8192K), 0.0012792 secs]
21.798: [GC pause (G1 Evacuation Pause) (young) 3985K->976K(8192K), 0.0011560 secs]
21.802: [GC pause (G1 Evacuation Pause) (young) 4048K->913K(8192K), 0.0008079 secs]
21.805: [GC pause (G1 Evacuation Pause) (young) 3985K->976K(8192K), 0.0011379 secs]
21.808: [GC pause (G1 Evacuation Pause) (young) 4048K->913K(8192K), 0.0008612 secs]
21.811: [GC pause (G1 Evacuation Pause) (young) 3985K->976K(8192K), 0.0018831 secs]
21.815: [GC pause (G1 Evacuation Pause) (young) 4048K->913K(8192K), 0.0008310 secs]
21.818: [GC pause (G1 Evacuation Pause) (young) 3985K->976K(8192K), 0.0011203 secs]
21.822: [GC pause (G1 Evacuation Pause) (young) 4048K->913K(8192K), 0.0008480 secs]
21.825: [GC pause (G1 Evacuation Pause) (young) 3985K->976K(8192K), 0.0012770 secs]
21.828: [GC pause (G1 Evacuation Pause) (young) 4048K->913K(8192K), 0.0009404 secs]
21.831: [GC pause (G1 Evacuation Pause) (young) 3985K->976K(8192K), 0.0011423 secs]
21.834: [GC pause (G1 Evacuation Pause) (young) 4048K->913K(8192K), 0.0008618 secs]
21.837: [GC pause (G1 Evacuation Pause) (young) 3985K->976K(8192K), 0.0011461 secs]
21.840: [GC pause (G1 Evacuation Pause) (young) 4048K->913K(8192K), 0.0008178 secs]
21.843: [GC pause (G1 Evacuation Pause) (young) 3985K->976K(8192K), 0.0014062 secs]
21.847: [GC pause (G1 Evacuation Pause) (young) 4048K->913K(8192K), 0.0008178 secs]
21.850: [GC pause (G1 Evacuation Pause) (young) 3985K->976K(8192K), 0.0011258 secs]
21.853: [GC pause (G1 Evacuation Pause) (young) 4048K->913K(8192K), 0.0008134 secs]
21.856: [GC pause (G1 Evacuation Pause) (young) 3985K->976K(8192K), 0.0011890 secs]
21.860: [GC pause (G1 Evacuation Pause) (young) 4048K->913K(8192K), 0.0009668 secs]
21.863: [GC pause (G1 Evacuation Pause) (young) 3985K->976K(8192K), 0.0023533 secs]
21.867: [GC pause (G1 Evacuation Pause) (young) 4048K->913K(8192K), 0.0014491 secs]
21.871: [GC pause (G1 Evacuation Pause) (young) 3985K->976K(8192K), 0.0011291 secs]
21.874: [GC pause (G1 Evacuation Pause) (young) 4048K->913K(8192K), 0.0008227 secs]
21.877: [GC pause (G1 Evacuation Pause) (young) 3985K->976K(8192K), 0.0011219 secs]
21.880: [GC pause (G1 Evacuation Pause) (young) 4048K->913K(8192K), 0.0008161 secs]
21.883: [GC pause (G1 Evacuation Pause) (young) 3985K->976K(8192K), 0.0011340 secs]
21.886: [GC pause (G1 Evacuation Pause) (young) 4048K->913K(8192K), 0.0008068 secs]
21.889: [GC pause (G1 Evacuation Pause) (young) 3985K->976K(8192K), 0.0012127 secs]
21.893: [GC pause (G1 Evacuation Pause) (young) 4048K->913K(8192K), 0.0008651 secs]
21.896: [GC pause (G1 Evacuation Pause) (young) 3985K->976K(8192K), 0.0011544 secs]
21.899: [GC pause (G1 Evacuation Pause) (young) 4048K->913K(8192K), 0.0008172 secs]
21.902: [GC pause (G1 Evacuation Pause) (young) 3985K->976K(8192K), 0.0011615 secs]
21.905: [GC pause (G1 Evacuation Pause) (young) 4048K->913K(8192K), 0.0007974 secs]
21.908: [GC pause (G1 Evacuation Pause) (young) 3985K->976K(8192K), 0.0011984 secs]
21.912: [GC pause (G1 Evacuation Pause) (young) 4048K->913K(8192K), 0.0008629 secs]
21.915: [GC pause (G1 Evacuation Pause) (young) 3985K->976K(8192K), 0.0014227 secs]
21.918: [GC pause (G1 Evacuation Pause) (young) 4048K->913K(8192K), 0.0008112 secs]
21.921: [GC pause (G1 Evacuation Pause) (young) 3985K->976K(8192K), 0.0015289 secs]
21.925: [GC pause (G1 Evacuation Pause) (young) 4048K->913K(8192K), 0.0007919 secs]
21.928: [GC pause (G1 Evacuation Pause) (young) 3985K->976K(8192K), 0.0011269 secs]
21.931: [GC pause (G1 Evacuation Pause) (young) 4048K->913K(8192K), 0.0008161 secs]
21.934: [GC pause (G1 Evacuation Pause) (young) 3985K->976K(8192K), 0.0011357 secs]
21.937: [GC pause (G1 Evacuation Pause) (young) 4048K->913K(8192K), 0.0008117 secs]
21.940: [GC pause (G1 Evacuation Pause) (young) 3985K->976K(8192K), 0.0011197 secs]
21.943: [GC pause (G1 Evacuation Pause) (young) 4048K->913K(8192K), 0.0008117 secs]
21.946: [GC pause (G1 Evacuation Pause) (young) 3985K->976K(8192K), 0.0011571 secs]
21.950: [GC pause (G1 Evacuation Pause) (young) 4048K->913K(8192K), 0.0008167 secs]
21.953: [GC pause (G1 Evacuation Pause) (young) 3985K->976K(8192K), 0.0011571 secs]
21.956: [GC pause (G1 Evacuation Pause) (young) 4048K->913K(8192K), 0.0008029 secs]
21.959: [GC pause (G1 Evacuation Pause) (young) 3985K->976K(8192K), 0.0011313 secs]
21.962: [GC pause (G1 Evacuation Pause) (young) 4048K->913K(8192K), 0.0008222 secs]
21.965: [GC pause (G1 Evacuation Pause) (young) 3985K->976K(8192K), 0.0022983 secs]
21.969: [GC pause (G1 Evacuation Pause) (young) 4048K->913K(8192K), 0.0008244 secs]
21.972: [GC pause (G1 Evacuation Pause) (young) 3985K->976K(8192K), 0.0011417 secs]
21.976: [GC pause (G1 Evacuation Pause) (young) 4048K->913K(8192K), 0.0009740 secs]
21.979: [GC pause (G1 Evacuation Pause) (young) 3985K->976K(8192K), 0.0011263 secs]
21.982: [GC pause (G1 Evacuation Pause) (young) 4048K->913K(8192K), 0.0008051 secs]
21.985: [GC pause (G1 Evacuation Pause) (young) 3985K->976K(8192K), 0.0012457 secs]
21.989: [GC pause (G1 Evacuation Pause) (young) 4048K->913K(8192K), 0.0008117 secs]
21.992: [GC pause (G1 Evacuation Pause) (young) 3985K->976K(8192K), 0.0014106 secs]
21.995: [GC pause (G1 Evacuation Pause) (young) 4048K->913K(8192K), 0.0008266 secs]
21.998: [GC pause (G1 Evacuation Pause) (young) 3985K->976K(8192K), 0.0011379 secs]
22.001: [GC pause (G1 Evacuation Pause) (young) 4048K->913K(8192K), 0.0008013 secs]
22.004: [GC pause (G1 Evacuation Pause) (young) 3985K->976K(8192K), 0.0011076 secs]
22.007: [GC pause (G1 Evacuation Pause) (young) 4048K->913K(8192K), 0.0008079 secs]
22.010: [GC pause (G1 Evacuation Pause) (young) 3985K->976K(8192K), 0.0011406 secs]
22.013: [GC pause (G1 Evacuation Pause) (young) 4048K->913K(8192K), 0.0008777 secs]
22.016: [GC pause (G1 Evacuation Pause) (young) 3985K->976K(8192K), 0.0015333 secs]
22.020: [GC pause (G1 Evacuation Pause) (young) 4048K->913K(8192K), 0.0008497 secs]
22.023: [GC pause (G1 Evacuation Pause) (young) 3985K->976K(8192K), 0.0011230 secs]
22.026: [GC pause (G1 Evacuation Pause) (young) 4048K->913K(8192K), 0.0008095 secs]
22.029: [GC pause (G1 Evacuation Pause) (young) 3985K->976K(8192K), 0.0011566 secs]
22.032: [GC pause (G1 Evacuation Pause) (young) 4048K->913K(8192K), 0.0008134 secs]
22.035: [GC pause (G1 Evacuation Pause) (young) 3985K->976K(8192K), 0.0011318 secs]
22.039: [GC pause (G1 Evacuation Pause) (young) 4048K->913K(8192K), 0.0008068 secs]
22.041: [GC pause (G1 Evacuation Pause) (young) 3985K->976K(8192K), 0.0014695 secs]
22.045: [GC pause (G1 Evacuation Pause) (young) 4048K->913K(8192K), 0.0010664 secs]
22.048: [GC pause (G1 Evacuation Pause) (young) 3985K->976K(8192K), 0.0200922 secs]
22.071: [GC pause (G1 Evacuation Pause) (young) 4048K->913K(8192K), 0.0009547 secs]
22.075: [GC pause (G1 Evacuation Pause) (young) 3985K->976K(8192K), 0.0196858 secs]
22.097: [GC pause (G1 Evacuation Pause) (young) 4048K->913K(8192K), 0.0188454 secs]
22.119: [GC pause (G1 Evacuation Pause) (young) 3985K->976K(8192K), 0.0139084 secs]
22.135: [GC pause (G1 Evacuation Pause) (young) 4048K->913K(8192K), 0.0008387 secs]
22.138: [GC pause (G1 Evacuation Pause) (young) 3985K->976K(8192K), 0.0011544 secs]
22.141: [GC pause (G1 Evacuation Pause) (young) 4048K->913K(8192K), 0.0013331 secs]
22.145: [GC pause (G1 Evacuation Pause) (young) 3985K->976K(8192K), 0.0011379 secs]
22.148: [GC pause (G1 Evacuation Pause) (young) 4048K->913K(8192K), 0.0009514 secs]
22.151: [GC pause (G1 Evacuation Pause) (young) 3985K->976K(8192K), 0.0011263 secs]
22.154: [GC pause (G1 Evacuation Pause) (young) 4048K->913K(8192K), 0.0008068 secs]
22.157: [GC pause (G1 Evacuation Pause) (young) 3985K->976K(8192K), 0.0016350 secs]
22.161: [GC pause (G1 Evacuation Pause) (young) 4048K->913K(8192K), 0.0008596 secs]
22.164: [GC pause (G1 Evacuation Pause) (young) 3985K->976K(8192K), 0.0012077 secs]
22.168: [GC pause (G1 Evacuation Pause) (young) 4048K->913K(8192K), 0.0008552 secs]
22.171: [GC pause (G1 Evacuation Pause) (young) 3985K->976K(8192K), 0.0018693 secs]
22.175: [GC pause (G1 Evacuation Pause) (young) 4048K->913K(8192K), 0.0009228 secs]
22.177: [GC pause (G1 Evacuation Pause) (young) 3985K->976K(8192K), 0.0011324 secs]
22.181: [GC pause (G1 Evacuation Pause) (young) 4048K->913K(8192K), 0.0008425 secs]
22.184: [GC pause (G1 Evacuation Pause) (young) 3985K->1003K(8192K), 0.0015641 secs]
22.187: [GC pause (G1 Evacuation Pause) (young) 4075K->913K(8192K), 0.0013056 secs]
22.191: [GC pause (G1 Evacuation Pause) (young) 3985K->976K(8192K), 0.0011566 secs]
22.194: [GC pause (G1 Evacuation Pause) (young) 4048K->913K(8192K), 0.0008205 secs]
22.197: [GC pause (G1 Evacuation Pause) (young) 3985K->976K(8192K), 0.0011544 secs]
22.201: [GC pause (G1 Evacuation Pause) (young) 4048K->913K(8192K), 0.0008387 secs]
22.204: [GC pause (G1 Evacuation Pause) (young) 3985K->976K(8192K), 0.0012930 secs]
22.207: [GC pause (G1 Evacuation Pause) (young) 4048K->913K(8192K), 0.0008211 secs]
22.210: [GC pause (G1 Evacuation Pause) (young) 3985K->976K(8192K), 0.0012182 secs]
22.213: [GC pause (G1 Evacuation Pause) (young) 4048K->913K(8192K), 0.0008106 secs]
22.216: [GC pause (G1 Evacuation Pause) (young) 3985K->976K(8192K), 0.0011797 secs]
22.220: [GC pause (G1 Evacuation Pause) (young) 4048K->913K(8192K), 0.0008018 secs]
22.223: [GC pause (G1 Evacuation Pause) (young) 3985K->976K(8192K), 0.0011511 secs]
22.226: [GC pause (G1 Evacuation Pause) (young) 4048K->913K(8192K), 0.0009734 secs]
22.229: [GC pause (G1 Evacuation Pause) (young) 3985K->976K(8192K), 0.0011357 secs]
22.232: [GC pause (G1 Evacuation Pause) (young) 4048K->913K(8192K), 0.0008062 secs]
22.236: [GC pause (G1 Evacuation Pause) (young) 3985K->976K(8192K), 0.0011643 secs]
22.239: [GC pause (G1 Evacuation Pause) (young) 4048K->913K(8192K), 0.0012891 secs]
22.243: [GC pause (G1 Evacuation Pause) (young) 3985K->976K(8192K), 0.0012616 secs]
22.246: [GC pause (G1 Evacuation Pause) (young) 4048K->913K(8192K), 0.0008233 secs]
22.249: [GC pause (G1 Evacuation Pause) (young) 3985K->976K(8192K), 0.0014216 secs]
22.252: [GC pause (G1 Evacuation Pause) (young) 4048K->913K(8192K), 0.0008238 secs]
22.255: [GC pause (G1 Evacuation Pause) (young) 3985K->976K(8192K), 0.0011263 secs]
22.259: [GC pause (G1 Evacuation Pause) (young) 4048K->913K(8192K), 0.0009470 secs]
22.262: [GC pause (G1 Evacuation Pause) (young) 3985K->976K(8192K), 0.0011516 secs]
22.265: [GC pause (G1 Evacuation Pause) (young) 4048K->913K(8192K), 0.0008216 secs]
22.268: [GC pause (G1 Evacuation Pause) (young) 3985K->976K(8192K), 0.0011456 secs]
22.271: [GC pause (G1 Evacuation Pause) (young) 4048K->913K(8192K), 0.0008013 secs]
22.274: [GC pause (G1 Evacuation Pause) (young) 3985K->976K(8192K), 0.0012649 secs]
22.277: [GC pause (G1 Evacuation Pause) (young) 4048K->913K(8192K), 0.0008057 secs]
22.280: [GC pause (G1 Evacuation Pause) (young) 3985K->976K(8192K), 0.0011263 secs]
22.283: [GC pause (G1 Evacuation Pause) (young) 4048K->913K(8192K), 0.0008079 secs]
22.286: [GC pause (G1 Evacuation Pause) (young) 3985K->976K(8192K), 0.0012638 secs]
22.290: [GC pause (G1 Evacuation Pause) (young) 4048K->913K(8192K), 0.0008634 secs]
22.293: [GC pause (G1 Evacuation Pause) (young) 3985K->976K(8192K), 0.0011346 secs]
22.296: [GC pause (G1 Evacuation Pause) (young) 4048K->913K(8192K), 0.0008150 secs]
22.299: [GC pause (G1 Evacuation Pause) (young) 3985K->976K(8192K), 0.0011291 secs]
22.302: [GC pause (G1 Evacuation Pause) (young) 4048K->913K(8192K), 0.0007991 secs]
22.305: [GC pause (G1 Evacuation Pause) (young) 3985K->976K(8192K), 0.0011247 secs]
22.309: [GC pause (G1 Evacuation Pause) (young) 4048K->913K(8192K), 0.0009283 secs]
22.312: [GC pause (G1 Evacuation Pause) (young) 3985K->976K(8192K), 0.0011533 secs]
22.315: [GC pause (G1 Evacuation Pause) (young) 4048K->913K(8192K), 0.0008084 secs]
22.318: [GC pause (G1 Evacuation Pause) (young) 3985K->976K(8192K), 0.0011340 secs]
22.321: [GC pause (G1 Evacuation Pause) (young) 4048K->913K(8192K), 0.0007985 secs]
22.324: [GC pause (G1 Evacuation Pause) (young) 3985K->976K(8192K), 0.0012154 secs]
22.327: [GC pause (G1 Evacuation Pause) (young) 4048K->913K(8192K), 0.0008095 secs]
22.330: [GC pause (G1 Evacuation Pause) (young) 3985K->976K(8192K), 0.0011406 secs]
22.333: [GC pause (G1 Evacuation Pause) (young) 4048K->913K(8192K), 0.0008029 secs]
22.336: [GC pause (G1 Evacuation Pause) (young) 3985K->976K(8192K), 0.0012270 secs]
22.340: [GC pause (G1 Evacuation Pause) (young) 4048K->913K(8192K), 0.0008304 secs]
22.343: [GC pause (G1 Evacuation Pause) (young) 3985K->976K(8192K), 0.0011808 secs]
22.346: [GC pause (G1 Evacuation Pause) (young) 4048K->913K(8192K), 0.0008101 secs]
22.349: [GC pause (G1 Evacuation Pause) (young) 3985K->976K(8192K), 0.0011406 secs]
22.352: [GC pause (G1 Evacuation Pause) (young) 4048K->913K(8192K), 0.0008145 secs]
22.355: [GC pause (G1 Evacuation Pause) (young) 3985K->976K(8192K), 0.0011406 secs]
22.358: [GC pause (G1 Evacuation Pause) (young) 4048K->913K(8192K), 0.0009866 secs]
22.361: [GC pause (G1 Evacuation Pause) (young) 3985K->976K(8192K), 0.0011384 secs]
22.365: [GC pause (G1 Evacuation Pause) (young) 4048K->913K(8192K), 0.0008057 secs]
22.367: [GC pause (G1 Evacuation Pause) (young) 3985K->976K(8192K), 0.0011258 secs]
22.371: [GC pause (G1 Evacuation Pause) (young) 4048K->913K(8192K), 0.0008090 secs]
22.374: [GC pause (G1 Evacuation Pause) (young) 3985K->976K(8192K), 0.0011593 secs]
22.377: [GC pause (G1 Evacuation Pause) (young) 4048K->913K(8192K), 0.0008040 secs]
22.380: [GC pause (G1 Evacuation Pause) (young) 3985K->976K(8192K), 0.0011533 secs]
22.383: [GC pause (G1 Evacuation Pause) (young) 4048K->913K(8192K), 0.0008211 secs]
22.386: [GC pause (G1 Evacuation Pause) (young) 3985K->976K(8192K), 0.0011423 secs]
22.389: [GC pause (G1 Evacuation Pause) (young) 4048K->913K(8192K), 0.0010383 secs]
22.392: [GC pause (G1 Evacuation Pause) (young) 3985K->976K(8192K), 0.0011571 secs]
22.396: [GC pause (G1 Evacuation Pause) (young) 4048K->913K(8192K), 0.0009195 secs]
22.399: [GC pause (G1 Evacuation Pause) (young) 3985K->976K(8192K), 0.0011406 secs]
22.402: [GC pause (G1 Evacuation Pause) (young) 4048K->913K(8192K), 0.0008079 secs]
22.405: [GC pause (G1 Evacuation Pause) (young) 3985K->976K(8192K), 0.0011346 secs]
22.408: [GC pause (G1 Evacuation Pause) (young) 4048K->913K(8192K), 0.0011846 secs]
22.411: [GC pause (G1 Evacuation Pause) (young) 3985K->976K(8192K), 0.0011351 secs]
22.415: [GC pause (G1 Evacuation Pause) (young) 4048K->913K(8192K), 0.0008068 secs]
22.418: [GC pause (G1 Evacuation Pause) (young) 3985K->976K(8192K), 0.0011241 secs]
22.421: [GC pause (G1 Evacuation Pause) (young) 4048K->913K(8192K), 0.0008040 secs]
22.424: [GC pause (G1 Evacuation Pause) (young) 3985K->976K(8192K), 0.0011214 secs]
22.427: [GC pause (G1 Evacuation Pause) (young) 4048K->913K(8192K), 0.0008128 secs]
22.430: [GC pause (G1 Evacuation Pause) (young) 3985K->976K(8192K), 0.0011351 secs]
22.433: [GC pause (G1 Evacuation Pause) (young) 4048K->913K(8192K), 0.0008233 secs]
22.436: [GC pause (G1 Evacuation Pause) (young) 3985K->976K(8192K), 0.0011527 secs]
22.439: [GC pause (G1 Evacuation Pause) (young) 4048K->913K(8192K), 0.0008893 secs]
22.442: [GC pause (G1 Evacuation Pause) (young) 3985K->976K(8192K), 0.0011901 secs]
22.445: [GC pause (G1 Evacuation Pause) (young) 4048K->913K(8192K), 0.0008123 secs]
22.448: [GC pause (G1 Evacuation Pause) (young) 3985K->976K(8192K), 0.0011285 secs]
22.452: [GC pause (G1 Evacuation Pause) (young) 4048K->913K(8192K), 0.0008475 secs]
22.455: [GC pause (G1 Evacuation Pause) (young) 3985K->976K(8192K), 0.0011698 secs]
22.458: [GC pause (G1 Evacuation Pause) (young) 4048K->913K(8192K), 0.0011291 secs]
22.461: [GC pause (G1 Evacuation Pause) (young) 3985K->976K(8192K), 0.0011406 secs]
22.464: [GC pause (G1 Evacuation Pause) (young) 4048K->913K(8192K), 0.0008090 secs]
22.467: [GC pause (G1 Evacuation Pause) (young) 3985K->976K(8192K), 0.0011280 secs]
22.470: [GC pause (G1 Evacuation Pause) (young) 4048K->913K(8192K), 0.0007974 secs]
22.473: [GC pause (G1 Evacuation Pause) (young) 3985K->976K(8192K), 0.0011764 secs]
22.476: [GC pause (G1 Evacuation Pause) (young) 4048K->913K(8192K), 0.0008073 secs]
22.479: [GC pause (G1 Evacuation Pause) (young) 3985K->976K(8192K), 0.0011445 secs]
22.483: [GC pause (G1 Evacuation Pause) (young) 4048K->913K(8192K), 0.0008145 secs]
22.486: [GC pause (G1 Evacuation Pause) (young) 3985K->976K(8192K), 0.0011351 secs]
22.489: [GC pause (G1 Evacuation Pause) (young) 4048K->913K(8192K), 0.0008211 secs]
22.492: [GC pause (G1 Evacuation Pause) (young) 3985K->976K(8192K), 0.0011725 secs]
22.495: [GC pause (G1 Evacuation Pause) (young) 4048K->913K(8192K), 0.0008502 secs]
22.498: [GC pause (G1 Evacuation Pause) (young) 3985K->976K(8192K), 0.0011621 secs]
22.501: [GC pause (G1 Evacuation Pause) (young) 4048K->913K(8192K), 0.0008073 secs]
22.504: [GC pause (G1 Evacuation Pause) (young) 3985K->976K(8192K), 0.0012154 secs]
22.508: [GC pause (G1 Evacuation Pause) (young) 4048K->913K(8192K), 0.0008172 secs]
22.510: [GC pause (G1 Evacuation Pause) (young) 3985K->976K(8192K), 0.0011692 secs]
22.514: [GC pause (G1 Evacuation Pause) (young) 4048K->913K(8192K), 0.0008123 secs]
22.517: [GC pause (G1 Evacuation Pause) (young) 3985K->976K(8192K), 0.0011632 secs]
22.520: [GC pause (G1 Evacuation Pause) (young) 4048K->913K(8192K), 0.0008018 secs]
22.523: [GC pause (G1 Evacuation Pause) (young) 3985K->976K(8192K), 0.0011280 secs]
22.526: [GC pause (G1 Evacuation Pause) (young) 4048K->913K(8192K), 0.0008145 secs]
22.529: [GC pause (G1 Evacuation Pause) (young) 3985K->976K(8192K), 0.0011175 secs]
22.532: [GC pause (G1 Evacuation Pause) (young) 4048K->913K(8192K), 0.0008002 secs]
22.535: [GC pause (G1 Evacuation Pause) (young) 3985K->976K(8192K), 0.0011736 secs]
22.538: [GC pause (G1 Evacuation Pause) (young) 4048K->913K(8192K), 0.0008128 secs]
22.541: [GC pause (G1 Evacuation Pause) (young) 3985K->976K(8192K), 0.0026733 secs]
22.546: [GC pause (G1 Evacuation Pause) (young) 4048K->913K(8192K), 0.0009091 secs]
22.549: [GC pause (G1 Evacuation Pause) (young) 3985K->976K(8192K), 0.0012028 secs]
22.552: [GC pause (G1 Evacuation Pause) (young) 4048K->913K(8192K), 0.0008189 secs]
22.555: [GC pause (G1 Evacuation Pause) (young) 3985K->976K(8192K), 0.0011692 secs]
22.559: [GC pause (G1 Evacuation Pause) (young) 4048K->913K(8192K), 0.0009806 secs]
22.562: [GC pause (G1 Evacuation Pause) (young) 3985K->976K(8192K), 0.0011544 secs]
22.565: [GC pause (G1 Evacuation Pause) (young) 4048K->913K(8192K), 0.0008035 secs]
22.568: [GC pause (G1 Evacuation Pause) (young) 3985K->976K(8192K), 0.0011197 secs]
22.571: [GC pause (G1 Evacuation Pause) (young) 4048K->913K(8192K), 0.0007958 secs]
22.574: [GC pause (G1 Evacuation Pause) (young) 3985K->976K(8192K), 0.0012413 secs]
22.577: [GC pause (G1 Evacuation Pause) (young) 4048K->913K(8192K), 0.0008601 secs]
22.580: [GC pause (G1 Evacuation Pause) (young) 3985K->976K(8192K), 0.0011786 secs]
22.584: [GC pause (G1 Evacuation Pause) (young) 4048K->913K(8192K), 0.0008227 secs]
22.586: [GC pause (G1 Evacuation Pause) (young) 3985K->976K(8192K), 0.0011269 secs]
22.590: [GC pause (G1 Evacuation Pause) (young) 4048K->913K(8192K), 0.0008359 secs]
22.593: [GC pause (G1 Evacuation Pause) (young) 3985K->976K(8192K), 0.0011302 secs]
22.596: [GC pause (G1 Evacuation Pause) (young) 4048K->913K(8192K), 0.0008772 secs]
22.599: [GC pause (G1 Evacuation Pause) (young) 3985K->976K(8192K), 0.0011280 secs]
22.602: [GC pause (G1 Evacuation Pause) (young) 4048K->913K(8192K), 0.0008139 secs]
22.605: [GC pause (G1 Evacuation Pause) (young) 3985K->976K(8192K), 0.0011346 secs]
22.609: [GC pause (G1 Evacuation Pause) (young) 4048K->913K(8192K), 0.0009685 secs]
22.612: [GC pause (G1 Evacuation Pause) (young) 3985K->976K(8192K), 0.0011516 secs]
22.615: [GC pause (G1 Evacuation Pause) (young) 4048K->913K(8192K), 0.0008145 secs]
22.618: [GC pause (G1 Evacuation Pause) (young) 3985K->976K(8192K), 0.0011225 secs]
22.621: [GC pause (G1 Evacuation Pause) (young) 4048K->913K(8192K), 0.0008117 secs]
22.624: [GC pause (G1 Evacuation Pause) (young) 3985K->976K(8192K), 0.0011219 secs]
22.627: [GC pause (G1 Evacuation Pause) (young) 4048K->913K(8192K), 0.0008139 secs]
22.630: [GC pause (G1 Evacuation Pause) (young) 3985K->976K(8192K), 0.0011247 secs]
22.633: [GC pause (G1 Evacuation Pause) (young) 4048K->913K(8192K), 0.0008156 secs]
22.636: [GC pause (G1 Evacuation Pause) (young) 3985K->976K(8192K), 0.0011549 secs]
22.639: [GC pause (G1 Evacuation Pause) (young) 4048K->913K(8192K), 0.0008051 secs]
22.642: [GC pause (G1 Evacuation Pause) (young) 3985K->976K(8192K), 0.0011522 secs]
22.646: [GC pause (G1 Evacuation Pause) (young) 4048K->913K(8192K), 0.0009349 secs]
22.649: [GC pause (G1 Evacuation Pause) (young) 3985K->976K(8192K), 0.0011373 secs]
22.652: [GC pause (G1 Evacuation Pause) (young) 4048K->913K(8192K), 0.0008095 secs]
22.655: [GC pause (G1 Evacuation Pause) (young) 3985K->976K(8192K), 0.0011203 secs]
22.658: [GC pause (G1 Evacuation Pause) (young) 4048K->913K(8192K), 0.0012616 secs]
22.661: [GC pause (G1 Evacuation Pause) (young) 3985K->976K(8192K), 0.0011390 secs]
22.664: [GC pause (G1 Evacuation Pause) (young) 4048K->913K(8192K), 0.0008150 secs]
22.668: [GC pause (G1 Evacuation Pause) (young) 3985K->976K(8192K), 0.0011538 secs]
22.671: [GC pause (G1 Evacuation Pause) (young) 4048K->913K(8192K), 0.0008178 secs]
22.674: [GC pause (G1 Evacuation Pause) (young) 3985K->976K(8192K), 0.0011329 secs]
22.677: [GC pause (G1 Evacuation Pause) (young) 4048K->913K(8192K), 0.0008040 secs]
22.680: [GC pause (G1 Evacuation Pause) (young) 3985K->976K(8192K), 0.0011736 secs]
22.683: [GC pause (G1 Evacuation Pause) (young) 4048K->913K(8192K), 0.0008062 secs]
22.686: [GC pause (G1 Evacuation Pause) (young) 3985K->976K(8192K), 0.0011197 secs]
22.689: [GC pause (G1 Evacuation Pause) (young) 4048K->913K(8192K), 0.0008172 secs]
22.692: [GC pause (G1 Evacuation Pause) (young) 3985K->976K(8192K), 0.0013089 secs]
22.696: [GC pause (G1 Evacuation Pause) (young) 4048K->913K(8192K), 0.0013771 secs]
22.699: [GC pause (G1 Evacuation Pause) (young) 3985K->976K(8192K), 0.0011362 secs]
22.702: [GC pause (G1 Evacuation Pause) (young) 4048K->913K(8192K), 0.0008744 secs]
22.705: [GC pause (G1 Evacuation Pause) (young) 3985K->976K(8192K), 0.0011219 secs]
22.709: [GC pause (G1 Evacuation Pause) (young) 4048K->913K(8192K), 0.0009844 secs]
22.712: [GC pause (G1 Evacuation Pause) (young) 3985K->976K(8192K), 0.0011368 secs]
22.715: [GC pause (G1 Evacuation Pause) (young) 4048K->913K(8192K), 0.0008106 secs]
22.718: [GC pause (G1 Evacuation Pause) (young) 3985K->976K(8192K), 0.0011489 secs]
22.721: [GC pause (G1 Evacuation Pause) (young) 4048K->913K(8192K), 0.0008051 secs]
22.724: [GC pause (G1 Evacuation Pause) (young) 3985K->976K(8192K), 0.0012380 secs]
22.727: [GC pause (G1 Evacuation Pause) (young) 4048K->913K(8192K), 0.0008150 secs]
22.730: [GC pause (G1 Evacuation Pause) (young) 3985K->976K(8192K), 0.0011263 secs]
22.734: [GC pause (G1 Evacuation Pause) (young) 4048K->913K(8192K), 0.0007952 secs]
22.736: [GC pause (G1 Evacuation Pause) (young) 3985K->976K(8192K), 0.0011247 secs]
22.740: [GC pause (G1 Evacuation Pause) (young) 4048K->913K(8192K), 0.0013160 secs]
22.743: [GC pause (G1 Evacuation Pause) (young) 3985K->976K(8192K), 0.0011527 secs]
22.747: [GC pause (G1 Evacuation Pause) (young) 4048K->913K(8192K), 0.0014359 secs]
22.750: [GC pause (G1 Evacuation Pause) (young) 3985K->976K(8192K), 0.0011439 secs]
22.753: [GC pause (G1 Evacuation Pause) (young) 4048K->913K(8192K), 0.0008513 secs]
22.756: [GC pause (G1 Evacuation Pause) (young) 3985K->976K(8192K), 0.0011280 secs]
22.759: [GC pause (G1 Evacuation Pause) (young) 4048K->913K(8192K), 0.0008161 secs]
22.762: [GC pause (G1 Evacuation Pause) (young) 3985K->976K(8192K), 0.0012066 secs]
22.766: [GC pause (G1 Evacuation Pause) (young) 4048K->913K(8192K), 0.0008156 secs]
22.769: [GC pause (G1 Evacuation Pause) (young) 3985K->976K(8192K), 0.0011599 secs]
22.772: [GC pause (G1 Evacuation Pause) (young) 4048K->913K(8192K), 0.0008062 secs]
22.775: [GC pause (G1 Evacuation Pause) (young) 3985K->976K(8192K), 0.0012215 secs]
22.778: [GC pause (G1 Evacuation Pause) (young) 4048K->913K(8192K), 0.0008035 secs]
22.781: [GC pause (G1 Evacuation Pause) (young) 3985K->976K(8192K), 0.0011186 secs]
22.784: [GC pause (G1 Evacuation Pause) (young) 4048K->913K(8192K), 0.0009520 secs]
22.787: [GC pause (G1 Evacuation Pause) (young) 3985K->976K(8192K), 0.0020189 secs]
22.792: [GC pause (G1 Evacuation Pause) (young) 4048K->913K(8192K), 0.0367592 secs]
22.831: [GC pause (G1 Evacuation Pause) (young) 3985K->976K(8192K), 0.0014700 secs]
22.835: [GC pause (G1 Evacuation Pause) (young) 4048K->913K(8192K), 0.0305848 secs]
22.868: [GC pause (G1 Evacuation Pause) (young) 3985K->976K(8192K), 0.0373075 secs]
22.909: [GC pause (G1 Evacuation Pause) (young) 4048K->913K(8192K), 0.0017951 secs]
22.913: [GC pause (G1 Evacuation Pause) (young) 3985K->976K(8192K), 0.0090100 secs]
22.924: [GC pause (G1 Evacuation Pause) (young) 4048K->913K(8192K), 0.0008535 secs]
22.927: [GC pause (G1 Evacuation Pause) (young) 3985K->976K(8192K), 0.0011703 secs]
22.931: [GC pause (G1 Evacuation Pause) (young) 4048K->913K(8192K), 0.0008436 secs]
22.934: [GC pause (G1 Evacuation Pause) (young) 3985K->976K(8192K), 0.0011379 secs]
22.937: [GC pause (G1 Evacuation Pause) (young) 4048K->913K(8192K), 0.0012072 secs]
22.940: [GC pause (G1 Evacuation Pause) (young) 3985K->976K(8192K), 0.0011351 secs]
22.943: [GC pause (G1 Evacuation Pause) (young) 4048K->913K(8192K), 0.0008150 secs]
22.946: [GC pause (G1 Evacuation Pause) (young) 3985K->976K(8192K), 0.0011489 secs]
22.950: [GC pause (G1 Evacuation Pause) (young) 4048K->913K(8192K), 0.0008816 secs]
22.953: [GC pause (G1 Evacuation Pause) (young) 3985K->976K(8192K), 0.0018831 secs]
22.957: [GC pause (G1 Evacuation Pause) (young) 4048K->913K(8192K), 0.0008585 secs]
22.960: [GC pause (G1 Evacuation Pause) (young) 3985K->976K(8192K), 0.0012836 secs]
22.963: [GC pause (G1 Evacuation Pause) (young) 4048K->913K(8192K), 0.0008200 secs]
22.966: [GC pause (G1 Evacuation Pause) (young) 3985K->976K(8192K), 0.0011291 secs]
22.969: [GC pause (G1 Evacuation Pause) (young) 4048K->913K(8192K), 0.0008002 secs]
22.972: [GC pause (G1 Evacuation Pause) (young) 3985K->976K(8192K), 0.0011181 secs]
22.975: [GC pause (G1 Evacuation Pause) (young) 4048K->913K(8192K), 0.0011104 secs]
22.979: [GC pause (G1 Evacuation Pause) (young) 3985K->976K(8192K), 0.0011533 secs]
22.982: [GC pause (G1 Evacuation Pause) (young) 4048K->913K(8192K), 0.0008073 secs]
22.985: [GC pause (G1 Evacuation Pause) (young) 3985K->976K(8192K), 0.0011412 secs]
22.988: [GC pause (G1 Evacuation Pause) (young) 4048K->913K(8192K), 0.0008139 secs]
22.991: [GC pause (G1 Evacuation Pause) (young) 3985K->1003K(8192K), 0.0019007 secs]
22.995: [GC pause (G1 Evacuation Pause) (young) 4075K->913K(8192K), 0.0008354 secs]
22.998: [GC pause (G1 Evacuation Pause) (young) 3985K->976K(8192K), 0.0011197 secs]
23.001: [GC pause (G1 Evacuation Pause) (young) 4048K->913K(8192K), 0.0008200 secs]
23.004: [GC pause (G1 Evacuation Pause) (young) 3985K->976K(8192K), 0.0011324 secs]
23.008: [GC pause (G1 Evacuation Pause) (young) 4048K->913K(8192K), 0.0020761 secs]
23.012: [GC pause (G1 Evacuation Pause) (young) 3985K->976K(8192K), 0.0011340 secs]
23.015: [GC pause (G1 Evacuation Pause) (young) 4048K->913K(8192K), 0.0008359 secs]
23.018: [GC pause (G1 Evacuation Pause) (young) 3985K->976K(8192K), 0.0011302 secs]
23.021: [GC pause (G1 Evacuation Pause) (young) 4048K->913K(8192K), 0.0007996 secs]
23.024: [GC pause (G1 Evacuation Pause) (young) 3985K->976K(8192K), 0.0012534 secs]
23.028: [GC pause (G1 Evacuation Pause) (young) 4048K->913K(8192K), 0.0008986 secs]
23.031: [GC pause (G1 Evacuation Pause) (young) 3985K->976K(8192K), 0.0017093 secs]
23.034: [GC pause (G1 Evacuation Pause) (young) 4048K->913K(8192K), 0.0008172 secs]
23.037: [GC pause (G1 Evacuation Pause) (young) 3985K->976K(8192K), 0.0016510 secs]
23.041: [GC pause (G1 Evacuation Pause) (young) 4048K->913K(8192K), 0.0011302 secs]
23.044: [GC pause (G1 Evacuation Pause) (young) 3985K->976K(8192K), 0.0011307 secs]
23.048: [GC pause (G1 Evacuation Pause) (young) 4048K->913K(8192K), 0.0008073 secs]
23.050: [GC pause (G1 Evacuation Pause) (young) 3985K->976K(8192K), 0.0011357 secs]
23.054: [GC pause (G1 Evacuation Pause) (young) 4048K->913K(8192K), 0.0009982 secs]
23.057: [GC pause (G1 Evacuation Pause) (young) 3985K->976K(8192K), 0.0011395 secs]
23.060: [GC pause (G1 Evacuation Pause) (young) 4048K->913K(8192K), 0.0009278 secs]
23.063: [GC pause (G1 Evacuation Pause) (young) 3985K->976K(8192K), 0.0011549 secs]
23.067: [GC pause (G1 Evacuation Pause) (young) 4048K->913K(8192K), 0.0008161 secs]
23.069: [GC pause (G1 Evacuation Pause) (young) 3985K->976K(8192K), 0.0011175 secs]
23.073: [GC pause (G1 Evacuation Pause) (young) 4048K->913K(8192K), 0.0008095 secs]
23.076: [GC pause (G1 Evacuation Pause) (young) 3985K->976K(8192K), 0.0011280 secs]
23.079: [GC pause (G1 Evacuation Pause) (young) 4048K->913K(8192K), 0.0008469 secs]
23.082: [GC pause (G1 Evacuation Pause) (young) 3985K->976K(8192K), 0.0011252 secs]
23.085: [GC pause (G1 Evacuation Pause) (young) 4048K->913K(8192K), 0.0008073 secs]
23.088: [GC pause (G1 Evacuation Pause) (young) 3985K->976K(8192K), 0.0011615 secs]
23.091: [GC pause (G1 Evacuation Pause) (young) 4048K->913K(8192K), 0.0009806 secs]
23.095: [GC pause (G1 Evacuation Pause) (young) 3985K->976K(8192K), 0.0011395 secs]
23.098: [GC pause (G1 Evacuation Pause) (young) 4048K->913K(8192K), 0.0008249 secs]
23.101: [GC pause (G1 Evacuation Pause) (young) 3985K->976K(8192K), 0.0011368 secs]
23.104: [GC pause (G1 Evacuation Pause) (young) 4048K->913K(8192K), 0.0008139 secs]
23.107: [GC pause (G1 Evacuation Pause) (young) 3985K->976K(8192K), 0.0011236 secs]
23.110: [GC pause (G1 Evacuation Pause) (young) 4048K->913K(8192K), 0.0008937 secs]
23.113: [GC pause (G1 Evacuation Pause) (young) 3985K->976K(8192K), 0.0011450 secs]
23.117: [GC pause (G1 Evacuation Pause) (young) 4048K->913K(8192K), 0.0008266 secs]
23.120: [GC pause (G1 Evacuation Pause) (young) 3985K->976K(8192K), 0.0011417 secs]
23.123: [GC pause (G1 Evacuation Pause) (young) 4048K->913K(8192K), 0.0008200 secs]
23.126: [GC pause (G1 Evacuation Pause) (young) 3985K->976K(8192K), 0.0012842 secs]
23.129: [GC pause (G1 Evacuation Pause) (young) 4048K->913K(8192K), 0.0008436 secs]
23.132: [GC pause (G1 Evacuation Pause) (young) 3985K->976K(8192K), 0.0011192 secs]
23.135: [GC pause (G1 Evacuation Pause) (young) 4048K->913K(8192K), 0.0008046 secs]
23.138: [GC pause (G1 Evacuation Pause) (young) 3985K->976K(8192K), 0.0011230 secs]
23.141: [GC pause (G1 Evacuation Pause) (young) 4048K->913K(8192K), 0.0010097 secs]
23.144: [GC pause (G1 Evacuation Pause) (young) 3985K->976K(8192K), 0.0011373 secs]
23.148: [GC pause (G1 Evacuation Pause) (young) 4048K->913K(8192K), 0.0362780 secs]
23.187: [GC pause (G1 Evacuation Pause) (young) 3985K->976K(8192K), 0.0379004 secs]
23.228: [GC pause (G1 Evacuation Pause) (young) 4048K->913K(8192K), 0.0329727 secs]
23.263: [GC pause (G1 Evacuation Pause) (young) 3985K->976K(8192K), 0.0011439 secs]
23.266: [GC pause (G1 Evacuation Pause) (young) 4048K->913K(8192K), 0.0008315 secs]
23.269: [GC pause (G1 Evacuation Pause) (young) 3985K->976K(8192K), 0.0011219 secs]
23.272: [GC pause (G1 Evacuation Pause) (young) 4048K->913K(8192K), 0.0007947 secs]
23.276: [GC pause (G1 Evacuation Pause) (young) 3985K->976K(8192K), 0.0011472 secs]
23.279: [GC pause (G1 Evacuation Pause) (young) 4048K->913K(8192K), 0.0008134 secs]
23.282: [GC pause (G1 Evacuation Pause) (young) 3985K->976K(8192K), 0.0011192 secs]
23.285: [GC pause (G1 Evacuation Pause) (young) 4048K->913K(8192K), 0.0008101 secs]
23.289: [GC pause (G1 Evacuation Pause) (young) 3985K->976K(8192K), 0.0011478 secs]
23.292: [GC pause (G1 Evacuation Pause) (young) 4048K->913K(8192K), 0.0009349 secs]
23.295: [GC pause (G1 Evacuation Pause) (young) 3985K->976K(8192K), 0.0011357 secs]
23.298: [GC pause (G1 Evacuation Pause) (young) 4048K->913K(8192K), 0.0008150 secs]
23.301: [GC pause (G1 Evacuation Pause) (young) 3985K->976K(8192K), 0.0011148 secs]
23.304: [GC pause (G1 Evacuation Pause) (young) 4048K->913K(8192K), 0.0007963 secs]
23.307: [GC pause (G1 Evacuation Pause) (young) 3985K->976K(8192K), 0.0011109 secs]
23.310: [GC pause (G1 Evacuation Pause) (young) 4048K->913K(8192K), 0.0008112 secs]
23.313: [GC pause (G1 Evacuation Pause) (young) 3985K->976K(8192K), 0.0011780 secs]
23.316: [GC pause (G1 Evacuation Pause) (young) 4048K->913K(8192K), 0.0008134 secs]
23.319: [GC pause (G1 Evacuation Pause) (young) 3985K->976K(8192K), 0.0011313 secs]
23.323: [GC pause (G1 Evacuation Pause) (young) 4048K->913K(8192K), 0.0008299 secs]
23.326: [GC pause (G1 Evacuation Pause) (young) 3985K->976K(8192K), 0.0011313 secs]
23.329: [GC pause (G1 Evacuation Pause) (young) 4048K->913K(8192K), 0.0008150 secs]
23.332: [GC pause (G1 Evacuation Pause) (young) 3985K->976K(8192K), 0.0011241 secs]
23.335: [GC pause (G1 Evacuation Pause) (young) 4048K->913K(8192K), 0.0007991 secs]
23.338: [GC pause (G1 Evacuation Pause) (young) 3985K->976K(8192K), 0.0011186 secs]
23.341: [GC pause (G1 Evacuation Pause) (young) 4048K->913K(8192K), 0.0011725 secs]
23.344: [GC pause (G1 Evacuation Pause) (young) 3985K->976K(8192K), 0.0011412 secs]
23.348: [GC pause (G1 Evacuation Pause) (young) 4048K->913K(8192K), 0.0008112 secs]
23.351: [GC pause (G1 Evacuation Pause) (young) 3985K->976K(8192K), 0.0011335 secs]
23.354: [GC pause (G1 Evacuation Pause) (young) 4048K->913K(8192K), 0.0007991 secs]
23.357: [GC pause (G1 Evacuation Pause) (young) 3985K->976K(8192K), 0.0011274 secs]
23.360: [GC pause (G1 Evacuation Pause) (young) 4048K->913K(8192K), 0.0008040 secs]
23.363: [GC pause (G1 Evacuation Pause) (young) 3985K->976K(8192K), 0.0015553 secs]
23.367: [GC pause (G1 Evacuation Pause) (young) 4048K->913K(8192K), 0.0008271 secs]
23.370: [GC pause (G1 Evacuation Pause) (young) 3985K->976K(8192K), 0.0011709 secs]
23.373: [GC pause (G1 Evacuation Pause) (young) 4048K->913K(8192K), 0.0008062 secs]
23.376: [GC pause (G1 Evacuation Pause) (young) 3985K->976K(8192K), 0.0012352 secs]
23.379: [GC pause (G1 Evacuation Pause) (young) 4048K->913K(8192K), 0.0008167 secs]
23.382: [GC pause (G1 Evacuation Pause) (young) 3985K->976K(8192K), 0.0011307 secs]
23.385: [GC pause (G1 Evacuation Pause) (young) 4048K->913K(8192K), 0.0007974 secs]
23.388: [GC pause (G1 Evacuation Pause) (young) 3985K->976K(8192K), 0.0011181 secs]
23.391: [GC pause (G1 Evacuation Pause) (young) 4048K->913K(8192K), 0.0010966 secs]
23.395: [GC pause (G1 Evacuation Pause) (young) 3985K->976K(8192K), 0.0011307 secs]
23.398: [GC pause (G1 Evacuation Pause) (young) 4048K->913K(8192K), 0.0008046 secs]
23.401: [GC pause (G1 Evacuation Pause) (young) 3985K->976K(8192K), 0.0011269 secs]
23.404: [GC pause (G1 Evacuation Pause) (young) 4048K->913K(8192K), 0.0008002 secs]
23.407: [GC pause (G1 Evacuation Pause) (young) 3985K->976K(8192K), 0.0011406 secs]
23.410: [GC pause (G1 Evacuation Pause) (young) 4048K->913K(8192K), 0.0008040 secs]
23.413: [GC pause (G1 Evacuation Pause) (young) 3985K->976K(8192K), 0.0011296 secs]
23.416: [GC pause (G1 Evacuation Pause) (young) 4048K->913K(8192K), 0.0008535 secs]
23.419: [GC pause (G1 Evacuation Pause) (young) 3985K->976K(8192K), 0.0011390 secs]
23.422: [GC pause (G1 Evacuation Pause) (young) 4048K->913K(8192K), 0.0008139 secs]
23.425: [GC pause (G1 Evacuation Pause) (young) 3985K->976K(8192K), 0.0011285 secs]
23.429: [GC pause (G1 Evacuation Pause) (young) 4048K->913K(8192K), 0.0008161 secs]
23.432: [GC pause (G1 Evacuation Pause) (young) 3985K->976K(8192K), 0.0011236 secs]
23.435: [GC pause (G1 Evacuation Pause) (young) 4048K->913K(8192K), 0.0007963 secs]
23.438: [GC pause (G1 Evacuation Pause) (young) 3985K->976K(8192K), 0.0011236 secs]
23.441: [GC pause (G1 Evacuation Pause) (young) 4048K->913K(8192K), 0.0008887 secs]
23.444: [GC pause (G1 Evacuation Pause) (young) 3985K->976K(8192K), 0.0011379 secs]
23.447: [GC pause (G1 Evacuation Pause) (young) 4048K->913K(8192K), 0.0008101 secs]
23.450: [GC pause (G1 Evacuation Pause) (young) 3985K->976K(8192K), 0.0011186 secs]
23.453: [GC pause (G1 Evacuation Pause) (young) 4048K->913K(8192K), 0.0008183 secs]
23.456: [GC pause (G1 Evacuation Pause) (young) 3985K->976K(8192K), 0.0011764 secs]
23.460: [GC pause (G1 Evacuation Pause) (young) 4048K->913K(8192K), 0.0008112 secs]
23.462: [GC pause (G1 Evacuation Pause) (young) 3985K->976K(8192K), 0.0011274 secs]
23.466: [GC pause (G1 Evacuation Pause) (young) 4048K->913K(8192K), 0.0015393 secs]
23.469: [GC pause (G1 Evacuation Pause) (young) 3985K->976K(8192K), 0.0011274 secs]
23.473: [GC pause (G1 Evacuation Pause) (young) 4048K->913K(8192K), 0.0008706 secs]
23.475: [GC pause (G1 Evacuation Pause) (young) 3985K->976K(8192K), 0.0011439 secs]
23.479: [GC pause (G1 Evacuation Pause) (young) 4048K->913K(8192K), 0.0008194 secs]
23.482: [GC pause (G1 Evacuation Pause) (young) 3985K->976K(8192K), 0.0011263 secs]
23.485: [GC pause (G1 Evacuation Pause) (young) 4048K->913K(8192K), 0.0008068 secs]
23.488: [GC pause (G1 Evacuation Pause) (young) 3985K->976K(8192K), 0.0011241 secs]
23.491: [GC pause (G1 Evacuation Pause) (young) 4048K->913K(8192K), 0.0011995 secs]
23.494: [GC pause (G1 Evacuation Pause) (young) 3985K->976K(8192K), 0.0012061 secs]
23.498: [GC pause (G1 Evacuation Pause) (young) 4048K->913K(8192K), 0.0008447 secs]
23.501: [GC pause (G1 Evacuation Pause) (young) 3985K->976K(8192K), 0.0011467 secs]
23.504: [GC pause (G1 Evacuation Pause) (young) 4048K->913K(8192K), 0.0008090 secs]
23.507: [GC pause (G1 Evacuation Pause) (young) 3985K->976K(8192K), 0.0011670 secs]
23.510: [GC pause (G1 Evacuation Pause) (young) 4048K->913K(8192K), 0.0007991 secs]
23.513: [GC pause (G1 Evacuation Pause) (young) 3985K->976K(8192K), 0.0011544 secs]
23.516: [GC pause (G1 Evacuation Pause) (young) 4048K->913K(8192K), 0.0008387 secs]
23.519: [GC pause (G1 Evacuation Pause) (young) 3985K->976K(8192K), 0.0011632 secs]
23.522: [GC pause (G1 Evacuation Pause) (young) 4048K->913K(8192K), 0.0008172 secs]
23.525: [GC pause (G1 Evacuation Pause) (young) 3985K->976K(8192K), 0.0011285 secs]
23.529: [GC pause (G1 Evacuation Pause) (young) 4048K->913K(8192K), 0.0008986 secs]
23.532: [GC pause (G1 Evacuation Pause) (young) 3985K->976K(8192K), 0.0011307 secs]
23.535: [GC pause (G1 Evacuation Pause) (young) 4048K->913K(8192K), 0.0007980 secs]
23.538: [GC pause (G1 Evacuation Pause) (young) 3985K->976K(8192K), 0.0011258 secs]
23.541: [GC pause (G1 Evacuation Pause) (young) 4048K->913K(8192K), 0.0011643 secs]
23.544: [GC pause (G1 Evacuation Pause) (young) 3985K->976K(8192K), 0.0011390 secs]
23.547: [GC pause (G1 Evacuation Pause) (young) 4048K->913K(8192K), 0.0008051 secs]
23.550: [GC pause (G1 Evacuation Pause) (young) 3985K->976K(8192K), 0.0011175 secs]
23.554: [GC pause (G1 Evacuation Pause) (young) 4048K->913K(8192K), 0.0008150 secs]
23.556: [GC pause (G1 Evacuation Pause) (young) 3985K->976K(8192K), 0.0011588 secs]
23.560: [GC pause (G1 Evacuation Pause) (young) 4048K->913K(8192K), 0.0008585 secs]
23.563: [GC pause (G1 Evacuation Pause) (young) 3985K->976K(8192K), 0.0011351 secs]
23.566: [GC pause (G1 Evacuation Pause) (young) 4048K->913K(8192K), 0.0008106 secs]
23.569: [GC pause (G1 Evacuation Pause) (young) 3985K->976K(8192K), 0.0011582 secs]
23.573: [GC pause (G1 Evacuation Pause) (young) 4048K->913K(8192K), 0.0008200 secs]
23.575: [GC pause (G1 Evacuation Pause) (young) 3985K->976K(8192K), 0.0011390 secs]
23.579: [GC pause (G1 Evacuation Pause) (young) 4048K->913K(8192K), 0.0008216 secs]
23.582: [GC pause (G1 Evacuation Pause) (young) 3985K->976K(8192K), 0.0011153 secs]
23.585: [GC pause (G1 Evacuation Pause) (young) 4048K->913K(8192K), 0.0008002 secs]
23.588: [GC pause (G1 Evacuation Pause) (young) 3985K->976K(8192K), 0.0011307 secs]
23.591: [GC pause (G1 Evacuation Pause) (young) 4048K->913K(8192K), 0.0011626 secs]
23.594: [GC pause (G1 Evacuation Pause) (young) 3985K->976K(8192K), 0.0011302 secs]
23.597: [GC pause (G1 Evacuation Pause) (young) 4048K->913K(8192K), 0.0008150 secs]
23.600: [GC pause (G1 Evacuation Pause) (young) 3985K->976K(8192K), 0.0011494 secs]
23.604: [GC pause (G1 Evacuation Pause) (young) 4048K->913K(8192K), 0.0008695 secs]
23.607: [GC pause (G1 Evacuation Pause) (young) 3985K->976K(8192K), 0.0011456 secs]
23.610: [GC pause (G1 Evacuation Pause) (young) 4048K->913K(8192K), 0.0008084 secs]
23.613: [GC pause (G1 Evacuation Pause) (young) 3985K->976K(8192K), 0.0011263 secs]
23.616: [GC pause (G1 Evacuation Pause) (young) 4048K->913K(8192K), 0.0008376 secs]
23.619: [GC pause (G1 Evacuation Pause) (young) 3985K->976K(8192K), 0.0014172 secs]
23.623: [GC pause (G1 Evacuation Pause) (young) 4048K->913K(8192K), 0.0008227 secs]
23.626: [GC pause (G1 Evacuation Pause) (young) 3985K->976K(8192K), 0.0011340 secs]
23.629: [GC pause (G1 Evacuation Pause) (young) 4048K->913K(8192K), 0.0008590 secs]
23.632: [GC pause (G1 Evacuation Pause) (young) 3985K->976K(8192K), 0.0011709 secs]
23.635: [GC pause (G1 Evacuation Pause) (young) 4048K->913K(8192K), 0.0008024 secs]
23.638: [GC pause (G1 Evacuation Pause) (young) 3985K->976K(8192K), 0.0011131 secs]
23.641: [GC pause (G1 Evacuation Pause) (young) 4048K->913K(8192K), 0.0010642 secs]
23.645: [GC pause (G1 Evacuation Pause) (young) 3985K->976K(8192K), 0.0011329 secs]
23.648: [GC pause (G1 Evacuation Pause) (young) 4048K->913K(8192K), 0.0008161 secs]
23.651: [GC pause (G1 Evacuation Pause) (young) 3985K->976K(8192K), 0.0011351 secs]
23.654: [GC pause (G1 Evacuation Pause) (young) 4048K->913K(8192K), 0.0008145 secs]
23.657: [GC pause (G1 Evacuation Pause) (young) 3985K->976K(8192K), 0.0025936 secs]
23.662: [GC pause (G1 Evacuation Pause) (young) 4048K->913K(8192K), 0.0008348 secs]
23.665: [GC pause (G1 Evacuation Pause) (young) 3985K->976K(8192K), 0.0011857 secs]
23.669: [GC pause (G1 Evacuation Pause) (young) 4048K->913K(8192K), 0.0187580 secs]
23.690: [GC pause (G1 Evacuation Pause) (young) 3985K->976K(8192K), 0.0204535 secs]
23.713: [GC pause (G1 Evacuation Pause) (young) 4048K->913K(8192K), 0.0196297 secs]
23.735: [GC pause (G1 Evacuation Pause) (young) 3985K->976K(8192K), 0.0280149 secs]
23.766: [GC pause (G1 Evacuation Pause) (young) 4048K->913K(8192K), 0.0127739 secs]
23.781: [GC pause (G1 Evacuation Pause) (young) 3985K->976K(8192K), 0.0011450 secs]
23.784: [GC pause (G1 Evacuation Pause) (young) 4048K->913K(8192K), 0.0008282 secs]
23.787: [GC pause (G1 Evacuation Pause) (young) 3985K->976K(8192K), 0.0014948 secs]
23.791: [GC pause (G1 Evacuation Pause) (young) 4048K->913K(8192K), 0.0008299 secs]
23.794: [GC pause (G1 Evacuation Pause) (young) 3985K->976K(8192K), 0.0011478 secs]
23.797: [GC pause (G1 Evacuation Pause) (young) 4048K->913K(8192K), 0.0008205 secs]
23.800: [GC pause (G1 Evacuation Pause) (young) 3985K->976K(8192K), 0.0011379 secs]
23.803: [GC pause (G1 Evacuation Pause) (young) 4048K->913K(8192K), 0.0011192 secs]
23.807: [GC pause (G1 Evacuation Pause) (young) 3985K->1003K(8192K), 0.0014057 secs]
23.810: [GC pause (G1 Evacuation Pause) (young) 4075K->913K(8192K), 0.0008200 secs]
23.814: [GC pause (G1 Evacuation Pause) (young) 3985K->976K(8192K), 0.0011802 secs]
23.817: [GC pause (G1 Evacuation Pause) (young) 4048K->913K(8192K), 0.0008519 secs]
23.820: [GC pause (G1 Evacuation Pause) (young) 3985K->976K(8192K), 0.0012743 secs]
23.823: [GC pause (G1 Evacuation Pause) (young) 4048K->913K(8192K), 0.0008145 secs]
23.826: [GC pause (G1 Evacuation Pause) (young) 3985K->976K(8192K), 0.0011362 secs]
23.830: [GC pause (G1 Evacuation Pause) (young) 4048K->913K(8192K), 0.0008194 secs]
23.832: [GC pause (G1 Evacuation Pause) (young) 3985K->976K(8192K), 0.0011401 secs]
23.836: [GC pause (G1 Evacuation Pause) (young) 4048K->913K(8192K), 0.0009239 secs]
23.839: [GC pause (G1 Evacuation Pause) (young) 3985K->976K(8192K), 0.0011390 secs]
23.842: [GC pause (G1 Evacuation Pause) (young) 4048K->913K(8192K), 0.0008183 secs]
23.845: [GC pause (G1 Evacuation Pause) (young) 3985K->976K(8192K), 0.0011648 secs]
23.848: [GC pause (G1 Evacuation Pause) (young) 4048K->913K(8192K), 0.0008189 secs]
23.851: [GC pause (G1 Evacuation Pause) (young) 3985K->976K(8192K), 0.0011241 secs]
23.855: [GC pause (G1 Evacuation Pause) (young) 4048K->913K(8192K), 0.0008018 secs]
23.858: [GC pause (G1 Evacuation Pause) (young) 3985K->1003K(8192K), 0.0018814 secs]
23.862: [GC pause (G1 Evacuation Pause) (young) 4075K->913K(8192K), 0.0008359 secs]
23.865: [GC pause (G1 Evacuation Pause) (young) 3985K->976K(8192K), 0.0011291 secs]
23.868: [GC pause (G1 Evacuation Pause) (young) 4048K->913K(8192K), 0.0008337 secs]
23.871: [GC pause (G1 Evacuation Pause) (young) 3985K->976K(8192K), 0.0011219 secs]
23.874: [GC pause (G1 Evacuation Pause) (young) 4048K->913K(8192K), 0.0008607 secs]
23.877: [GC pause (G1 Evacuation Pause) (young) 3985K->976K(8192K), 0.0011428 secs]
23.881: [GC pause (G1 Evacuation Pause) (young) 4048K->913K(8192K), 0.0008216 secs]
23.884: [GC pause (G1 Evacuation Pause) (young) 3985K->976K(8192K), 0.0011247 secs]
23.887: [GC pause (G1 Evacuation Pause) (young) 4048K->913K(8192K), 0.0008150 secs]
23.890: [GC pause (G1 Evacuation Pause) (young) 3985K->976K(8192K), 0.0011296 secs]
23.893: [GC pause (G1 Evacuation Pause) (young) 4048K->913K(8192K), 0.0008128 secs]
23.896: [GC pause (G1 Evacuation Pause) (young) 3985K->976K(8192K), 0.0011582 secs]
23.899: [GC pause (G1 Evacuation Pause) (young) 4048K->913K(8192K), 0.0008238 secs]
23.902: [GC pause (G1 Evacuation Pause) (young) 3985K->976K(8192K), 0.0011197 secs]
23.905: [GC pause (G1 Evacuation Pause) (young) 4048K->913K(8192K), 0.0008046 secs]
23.908: [GC pause (G1 Evacuation Pause) (young) 3985K->976K(8192K), 0.0012264 secs]
23.912: [GC pause (G1 Evacuation Pause) (young) 4048K->913K(8192K), 0.0008293 secs]
23.915: [GC pause (G1 Evacuation Pause) (young) 3985K->976K(8192K), 0.0011395 secs]
23.918: [GC pause (G1 Evacuation Pause) (young) 4048K->913K(8192K), 0.0008062 secs]
23.921: [GC pause (G1 Evacuation Pause) (young) 3985K->1003K(8192K), 0.0012165 secs]
23.924: [GC pause (G1 Evacuation Pause) (young) 4075K->913K(8192K), 0.0008480 secs]
23.927: [GC pause (G1 Evacuation Pause) (young) 3985K->976K(8192K), 0.0011296 secs]
23.930: [GC pause (G1 Evacuation Pause) (young) 4048K->913K(8192K), 0.0008315 secs]
23.933: [GC pause (G1 Evacuation Pause) (young) 3985K->976K(8192K), 0.0011527 secs]
23.936: [GC pause (G1 Evacuation Pause) (young) 4048K->913K(8192K), 0.0008145 secs]
23.939: [GC pause (G1 Evacuation Pause) (young) 3985K->976K(8192K), 0.0011802 secs]
23.943: [GC pause (G1 Evacuation Pause) (young) 4048K->913K(8192K), 0.0008189 secs]
23.946: [GC pause (G1 Evacuation Pause) (young) 3985K->976K(8192K), 0.0011373 secs]
23.949: [GC pause (G1 Evacuation Pause) (young) 4048K->913K(8192K), 0.0008084 secs]
23.952: [GC pause (G1 Evacuation Pause) (young) 3985K->976K(8192K), 0.0011225 secs]
23.955: [GC pause (G1 Evacuation Pause) (young) 4048K->913K(8192K), 0.0008139 secs]
23.958: [GC pause (G1 Evacuation Pause) (young) 3985K->976K(8192K), 0.0013012 secs]
23.961: [GC pause (G1 Evacuation Pause) (young) 4048K->913K(8192K), 0.0008552 secs]
23.964: [GC pause (G1 Evacuation Pause) (young) 3985K->976K(8192K), 0.0011511 secs]
23.968: [GC pause (G1 Evacuation Pause) (young) 4048K->913K(8192K), 0.0008134 secs]
23.970: [GC pause (G1 Evacuation Pause) (young) 3985K->976K(8192K), 0.0011203 secs]
23.974: [GC pause (G1 Evacuation Pause) (young) 4048K->913K(8192K), 0.0008090 secs]
23.977: [GC pause (G1 Evacuation Pause) (young) 3985K->976K(8192K), 0.0013397 secs]
23.980: [GC pause (G1 Evacuation Pause) (young) 4048K->913K(8192K), 0.0008123 secs]
23.983: [GC pause (G1 Evacuation Pause) (young) 3985K->976K(8192K), 0.0011456 secs]
23.986: [GC pause (G1 Evacuation Pause) (young) 4048K->913K(8192K), 0.0008095 secs]
23.989: [GC pause (G1 Evacuation Pause) (young) 3985K->976K(8192K), 0.0011126 secs]
23.992: [GC pause (G1 Evacuation Pause) (young) 4048K->913K(8192K), 0.0008216 secs]
23.995: [GC pause (G1 Evacuation Pause) (young) 3985K->976K(8192K), 0.0011505 secs]
23.999: [GC pause (G1 Evacuation Pause) (young) 4048K->913K(8192K), 0.0008161 secs]
24.001: [GC pause (G1 Evacuation Pause) (young) 3985K->976K(8192K), 0.0011544 secs]
24.005: [GC pause (G1 Evacuation Pause) (young) 4048K->913K(8192K), 0.0008079 secs]
24.008: [GC pause (G1 Evacuation Pause) (young) 3985K->976K(8192K), 0.0011940 secs]
24.011: [GC pause (G1 Evacuation Pause) (young) 4048K->913K(8192K), 0.0007980 secs]
24.014: [GC pause (G1 Evacuation Pause) (young) 3985K->976K(8192K), 0.0011434 secs]
24.017: [GC pause (G1 Evacuation Pause) (young) 4048K->913K(8192K), 0.0242202 secs]
24.044: [GC pause (G1 Evacuation Pause) (young) 3985K->976K(8192K), 0.0230581 secs]
24.070: [GC pause (G1 Evacuation Pause) (young) 4048K->913K(8192K), 0.0195026 secs]
24.092: [GC pause (G1 Evacuation Pause) (young) 3985K->976K(8192K), 0.0239155 secs]
24.118: [GC pause (G1 Evacuation Pause) (young) 4048K->913K(8192K), 0.0008370 secs]
24.121: [GC pause (G1 Evacuation Pause) (young) 3985K->976K(8192K), 0.0011494 secs]
24.125: [GC pause (G1 Evacuation Pause) (young) 4048K->913K(8192K), 0.0013914 secs]
24.129: [GC pause (G1 Evacuation Pause) (young) 3985K->976K(8192K), 0.0011357 secs]
24.132: [GC pause (G1 Evacuation Pause) (young) 4048K->913K(8192K), 0.0009470 secs]
24.135: [GC pause (G1 Evacuation Pause) (young) 3985K->976K(8192K), 0.0011549 secs]
24.138: [GC pause (G1 Evacuation Pause) (young) 4048K->913K(8192K), 0.0008172 secs]
24.142: [GC pause (G1 Evacuation Pause) (young) 3985K->976K(8192K), 0.0014750 secs]
24.145: [GC pause (G1 Evacuation Pause) (young) 4048K->913K(8192K), 0.0008073 secs]
24.148: [GC pause (G1 Evacuation Pause) (young) 3985K->976K(8192K), 0.0012088 secs]
24.152: [GC pause (G1 Evacuation Pause) (young) 4048K->913K(8192K), 0.0008249 secs]
24.154: [GC pause (G1 Evacuation Pause) (young) 3985K->976K(8192K), 0.0012809 secs]
24.158: [GC pause (G1 Evacuation Pause) (young) 4048K->913K(8192K), 0.0013309 secs]
24.161: [GC pause (G1 Evacuation Pause) (young) 3985K->976K(8192K), 0.0011423 secs]
24.165: [GC pause (G1 Evacuation Pause) (young) 4048K->913K(8192K), 0.0008244 secs]
24.168: [GC pause (G1 Evacuation Pause) (young) 3985K->976K(8192K), 0.0011175 secs]
24.171: [GC pause (G1 Evacuation Pause) (young) 4048K->913K(8192K), 0.0012732 secs]
24.174: [GC pause (G1 Evacuation Pause) (young) 3985K->976K(8192K), 0.0012363 secs]
24.178: [GC pause (G1 Evacuation Pause) (young) 4048K->913K(8192K), 0.0008348 secs]
24.181: [GC pause (G1 Evacuation Pause) (young) 3985K->976K(8192K), 0.0011362 secs]
24.184: [GC pause (G1 Evacuation Pause) (young) 4048K->913K(8192K), 0.0008337 secs]
24.187: [GC pause (G1 Evacuation Pause) (young) 3985K->976K(8192K), 0.0011263 secs]
24.190: [GC pause (G1 Evacuation Pause) (young) 4048K->913K(8192K), 0.0008167 secs]
24.193: [GC pause (G1 Evacuation Pause) (young) 3985K->976K(8192K), 0.0014304 secs]
24.197: [GC pause (G1 Evacuation Pause) (young) 4048K->913K(8192K), 0.0008205 secs]
24.200: [GC pause (G1 Evacuation Pause) (young) 3985K->976K(8192K), 0.0011274 secs]
24.203: [GC pause (G1 Evacuation Pause) (young) 4048K->913K(8192K), 0.0008288 secs]
24.206: [GC pause (G1 Evacuation Pause) (young) 3985K->976K(8192K), 0.0011390 secs]
24.210: [GC pause (G1 Evacuation Pause) (young) 4048K->913K(8192K), 0.0008222 secs]
24.213: [GC pause (G1 Evacuation Pause) (young) 3985K->976K(8192K), 0.0011456 secs]
24.216: [GC pause (G1 Evacuation Pause) (young) 4048K->913K(8192K), 0.0008057 secs]
24.219: [GC pause (G1 Evacuation Pause) (young) 3985K->976K(8192K), 0.0011208 secs]
24.222: [GC pause (G1 Evacuation Pause) (young) 4048K->913K(8192K), 0.0008447 secs]
24.225: [GC pause (G1 Evacuation Pause) (young) 3985K->976K(8192K), 0.0011219 secs]
24.228: [GC pause (G1 Evacuation Pause) (young) 4048K->913K(8192K), 0.0008585 secs]
24.231: [GC pause (G1 Evacuation Pause) (young) 3985K->976K(8192K), 0.0011731 secs]
24.235: [GC pause (G1 Evacuation Pause) (young) 4048K->913K(8192K), 0.0008321 secs]
24.238: [GC pause (G1 Evacuation Pause) (young) 3985K->976K(8192K), 0.0011736 secs]
24.241: [GC pause (G1 Evacuation Pause) (young) 4048K->913K(8192K), 0.0034015 secs]
24.247: [GC pause (G1 Evacuation Pause) (young) 3985K->976K(8192K), 0.0011555 secs]
24.250: [GC pause (G1 Evacuation Pause) (young) 4048K->913K(8192K), 0.0012297 secs]
24.253: [GC pause (G1 Evacuation Pause) (young) 3985K->976K(8192K), 0.0011428 secs]
24.256: [GC pause (G1 Evacuation Pause) (young) 4048K->913K(8192K), 0.0008007 secs]
24.259: [GC pause (G1 Evacuation Pause) (young) 3985K->976K(8192K), 0.0011758 secs]
24.263: [GC pause (G1 Evacuation Pause) (young) 4048K->913K(8192K), 0.0008167 secs]
24.265: [GC pause (G1 Evacuation Pause) (young) 3985K->976K(8192K), 0.0011230 secs]
24.269: [GC pause (G1 Evacuation Pause) (young) 4048K->913K(8192K), 0.0008216 secs]
24.272: [GC pause (G1 Evacuation Pause) (young) 3985K->976K(8192K), 0.0015459 secs]
24.275: [GC pause (G1 Evacuation Pause) (young) 4048K->913K(8192K), 0.0009157 secs]
24.278: [GC pause (G1 Evacuation Pause) (young) 3985K->976K(8192K), 0.0013457 secs]
24.282: [GC pause (G1 Evacuation Pause) (young) 4048K->913K(8192K), 0.0008524 secs]
24.285: [GC pause (G1 Evacuation Pause) (young) 3985K->976K(8192K), 0.0011258 secs]
24.288: [GC pause (G1 Evacuation Pause) (young) 4048K->913K(8192K), 0.0008172 secs]
24.291: [GC pause (G1 Evacuation Pause) (young) 3985K->976K(8192K), 0.0012050 secs]
24.294: [GC pause (G1 Evacuation Pause) (young) 4048K->913K(8192K), 0.0008073 secs]
24.297: [GC pause (G1 Evacuation Pause) (young) 3985K->976K(8192K), 0.0011230 secs]
24.300: [GC pause (G1 Evacuation Pause) (young) 4048K->913K(8192K), 0.0008095 secs]
24.303: [GC pause (G1 Evacuation Pause) (young) 3985K->976K(8192K), 0.0011357 secs]
24.307: [GC pause (G1 Evacuation Pause) (young) 4048K->913K(8192K), 0.0008062 secs]
24.310: [GC pause (G1 Evacuation Pause) (young) 3985K->976K(8192K), 0.0011445 secs]
24.313: [GC pause (G1 Evacuation Pause) (young) 4048K->913K(8192K), 0.0008167 secs]
24.316: [GC pause (G1 Evacuation Pause) (young) 3985K->976K(8192K), 0.0011307 secs]
24.319: [GC pause (G1 Evacuation Pause) (young) 4048K->913K(8192K), 0.0008040 secs]
24.322: [GC pause (G1 Evacuation Pause) (young) 3985K->976K(8192K), 0.0011247 secs]
24.325: [GC pause (G1 Evacuation Pause) (young) 4048K->913K(8192K), 0.0008343 secs]
24.328: [GC pause (G1 Evacuation Pause) (young) 3985K->976K(8192K), 0.0012165 secs]
24.331: [GC pause (G1 Evacuation Pause) (young) 4048K->913K(8192K), 0.0008260 secs]
24.334: [GC pause (G1 Evacuation Pause) (young) 3985K->976K(8192K), 0.0011401 secs]
24.338: [GC pause (G1 Evacuation Pause) (young) 4048K->913K(8192K), 0.0007991 secs]
24.340: [GC pause (G1 Evacuation Pause) (young) 3985K->976K(8192K), 0.0011764 secs]
24.344: [GC pause (G1 Evacuation Pause) (young) 4048K->913K(8192K), 0.0009569 secs]
24.347: [GC pause (G1 Evacuation Pause) (young) 3985K->976K(8192K), 0.0011511 secs]
24.350: [GC pause (G1 Evacuation Pause) (young) 4048K->913K(8192K), 0.0008079 secs]
24.353: [GC pause (G1 Evacuation Pause) (young) 3985K->976K(8192K), 0.0011285 secs]
24.356: [GC pause (G1 Evacuation Pause) (young) 4048K->913K(8192K), 0.0008007 secs]
24.359: [GC pause (G1 Evacuation Pause) (young) 3985K->976K(8192K), 0.0011280 secs]
24.362: [GC pause (G1 Evacuation Pause) (young) 4048K->913K(8192K), 0.0008079 secs]
24.365: [GC pause (G1 Evacuation Pause) (young) 3985K->976K(8192K), 0.0011313 secs]
24.368: [GC pause (G1 Evacuation Pause) (young) 4048K->913K(8192K), 0.0008106 secs]
24.371: [GC pause (G1 Evacuation Pause) (young) 3985K->976K(8192K), 0.0011269 secs]
24.375: [GC pause (G1 Evacuation Pause) (young) 4048K->913K(8192K), 0.0007914 secs]
24.378: [GC pause (G1 Evacuation Pause) (young) 3985K->976K(8192K), 0.0011615 secs]
24.381: [GC pause (G1 Evacuation Pause) (young) 4048K->913K(8192K), 0.0008728 secs]
24.384: [GC pause (G1 Evacuation Pause) (young) 3985K->976K(8192K), 0.0011775 secs]
24.387: [GC pause (G1 Evacuation Pause) (young) 4048K->913K(8192K), 0.0007941 secs]
24.390: [GC pause (G1 Evacuation Pause) (young) 3985K->976K(8192K), 0.0011324 secs]
24.393: [GC pause (G1 Evacuation Pause) (young) 4048K->913K(8192K), 0.0008167 secs]
24.396: [GC pause (G1 Evacuation Pause) (young) 3985K->976K(8192K), 0.0011373 secs]
24.400: [GC pause (G1 Evacuation Pause) (young) 4048K->913K(8192K), 0.0008189 secs]
24.403: [GC pause (G1 Evacuation Pause) (young) 3985K->976K(8192K), 0.0011208 secs]
24.406: [GC pause (G1 Evacuation Pause) (young) 4048K->913K(8192K), 0.0008035 secs]
24.409: [GC pause (G1 Evacuation Pause) (young) 3985K->976K(8192K), 0.0011522 secs]
24.412: [GC pause (G1 Evacuation Pause) (young) 4048K->913K(8192K), 0.0008244 secs]
24.415: [GC pause (G1 Evacuation Pause) (young) 3985K->976K(8192K), 0.0011137 secs]
24.418: [GC pause (G1 Evacuation Pause) (young) 4048K->913K(8192K), 0.0008090 secs]
24.421: [GC pause (G1 Evacuation Pause) (young) 3985K->976K(8192K), 0.0011648 secs]
24.424: [GC pause (G1 Evacuation Pause) (young) 4048K->913K(8192K), 0.0009443 secs]
24.427: [GC pause (G1 Evacuation Pause) (young) 3985K->976K(8192K), 0.0011368 secs]
24.431: [GC pause (G1 Evacuation Pause) (young) 4048K->913K(8192K), 0.0015162 secs]
24.434: [GC pause (G1 Evacuation Pause) (young) 3985K->976K(8192K), 0.0011956 secs]
24.438: [GC pause (G1 Evacuation Pause) (young) 4048K->913K(8192K), 0.0009294 secs]
24.441: [GC pause (G1 Evacuation Pause) (young) 3985K->976K(8192K), 0.0011874 secs]
24.444: [GC pause (G1 Evacuation Pause) (young) 4048K->913K(8192K), 0.0008178 secs]
24.447: [GC pause (G1 Evacuation Pause) (young) 3985K->976K(8192K), 0.0011192 secs]
24.450: [GC pause (G1 Evacuation Pause) (young) 4048K->913K(8192K), 0.0008084 secs]
24.453: [GC pause (G1 Evacuation Pause) (young) 3985K->976K(8192K), 0.0011269 secs]
24.456: [GC pause (G1 Evacuation Pause) (young) 4048K->913K(8192K), 0.0008073 secs]
24.459: [GC pause (G1 Evacuation Pause) (young) 3985K->976K(8192K), 0.0011313 secs]
24.462: [GC pause (G1 Evacuation Pause) (young) 4048K->913K(8192K), 0.0008112 secs]
24.465: [GC pause (G1 Evacuation Pause) (young) 3985K->976K(8192K), 0.0011340 secs]
24.469: [GC pause (G1 Evacuation Pause) (young) 4048K->913K(8192K), 0.0008150 secs]
24.471: [GC pause (G1 Evacuation Pause) (young) 3985K->976K(8192K), 0.0011175 secs]
24.475: [GC pause (G1 Evacuation Pause) (young) 4048K->913K(8192K), 0.0008425 secs]
24.478: [GC pause (G1 Evacuation Pause) (young) 3985K->976K(8192K), 0.0011197 secs]
24.481: [GC pause (G1 Evacuation Pause) (young) 4048K->913K(8192K), 0.0008788 secs]
24.484: [GC pause (G1 Evacuation Pause) (young) 3985K->976K(8192K), 0.0196346 secs]
24.506: [GC pause (G1 Evacuation Pause) (young) 4048K->913K(8192K), 0.0012242 secs]
24.510: [GC pause (G1 Evacuation Pause) (young) 3985K->976K(8192K), 0.0201763 secs]
24.533: [GC pause (G1 Evacuation Pause) (young) 4048K->913K(8192K), 0.0367873 secs]
24.572: [GC pause (G1 Evacuation Pause) (young) 3985K->976K(8192K), 0.0011599 secs]
24.576: [GC pause (G1 Evacuation Pause) (young) 4048K->913K(8192K), 0.0008326 secs]
24.579: [GC pause (G1 Evacuation Pause) (young) 3985K->976K(8192K), 0.0011714 secs]
24.583: [GC pause (G1 Evacuation Pause) (young) 4048K->913K(8192K), 0.0137677 secs]
24.599: [GC pause (G1 Evacuation Pause) (young) 3985K->976K(8192K), 0.0011560 secs]
24.602: [GC pause (G1 Evacuation Pause) (young) 4048K->913K(8192K), 0.0012616 secs]
24.606: [GC pause (G1 Evacuation Pause) (young) 3985K->976K(8192K), 0.0011505 secs]
24.609: [GC pause (G1 Evacuation Pause) (young) 4048K->913K(8192K), 0.0008563 secs]
24.612: [GC pause (G1 Evacuation Pause) (young) 3985K->976K(8192K), 0.0011274 secs]
24.615: [GC pause (G1 Evacuation Pause) (young) 4048K->913K(8192K), 0.0013804 secs]
24.619: [GC pause (G1 Evacuation Pause) (young) 3985K->976K(8192K), 0.0011461 secs]
24.622: [GC pause (G1 Evacuation Pause) (young) 4048K->913K(8192K), 0.0008095 secs]
24.625: [GC pause (G1 Evacuation Pause) (young) 3985K->976K(8192K), 0.0013117 secs]
24.629: [GC pause (G1 Evacuation Pause) (young) 4048K->913K(8192K), 0.0009778 secs]
24.632: [GC pause (G1 Evacuation Pause) (young) 3985K->976K(8192K), 0.0012968 secs]
24.635: [GC pause (G1 Evacuation Pause) (young) 4048K->913K(8192K), 0.0008194 secs]
24.638: [GC pause (G1 Evacuation Pause) (young) 3985K->976K(8192K), 0.0012094 secs]
24.642: [GC pause (G1 Evacuation Pause) (young) 4048K->913K(8192K), 0.0009289 secs]
24.645: [GC pause (G1 Evacuation Pause) (young) 3985K->976K(8192K), 0.0011214 secs]
24.648: [GC pause (G1 Evacuation Pause) (young) 4048K->913K(8192K), 0.0008139 secs]
24.651: [GC pause (G1 Evacuation Pause) (young) 3985K->976K(8192K), 0.0011214 secs]
24.654: [GC pause (G1 Evacuation Pause) (young) 4048K->913K(8192K), 0.0008354 secs]
24.657: [GC pause (G1 Evacuation Pause) (young) 3985K->976K(8192K), 0.0013787 secs]
24.661: [GC pause (G1 Evacuation Pause) (young) 4048K->913K(8192K), 0.0008172 secs]
24.664: [GC pause (G1 Evacuation Pause) (young) 3985K->976K(8192K), 0.0011852 secs]
24.667: [GC pause (G1 Evacuation Pause) (young) 4048K->913K(8192K), 0.0008073 secs]
24.670: [GC pause (G1 Evacuation Pause) (young) 3985K->976K(8192K), 0.0011175 secs]
24.674: [GC pause (G1 Evacuation Pause) (young) 4048K->913K(8192K), 0.0008194 secs]
24.677: [GC pause (G1 Evacuation Pause) (young) 3985K->976K(8192K), 0.0011357 secs]
24.680: [GC pause (G1 Evacuation Pause) (young) 4048K->913K(8192K), 0.0008293 secs]
24.683: [GC pause (G1 Evacuation Pause) (young) 3985K->976K(8192K), 0.0011670 secs]
24.686: [GC pause (G1 Evacuation Pause) (young) 4048K->913K(8192K), 0.0008024 secs]
24.689: [GC pause (G1 Evacuation Pause) (young) 3985K->976K(8192K), 0.0011236 secs]
24.693: [GC pause (G1 Evacuation Pause) (young) 4048K->913K(8192K), 0.0010246 secs]
24.696: [GC pause (G1 Evacuation Pause) (young) 3985K->976K(8192K), 0.0011439 secs]
24.699: [GC pause (G1 Evacuation Pause) (young) 4048K->913K(8192K), 0.0008189 secs]
24.702: [GC pause (G1 Evacuation Pause) (young) 3985K->976K(8192K), 0.0011857 secs]
24.706: [GC pause (G1 Evacuation Pause) (young) 4048K->913K(8192K), 0.0008744 secs]
24.709: [GC pause (G1 Evacuation Pause) (young) 3985K->976K(8192K), 0.0013089 secs]
24.712: [GC pause (G1 Evacuation Pause) (young) 4048K->913K(8192K), 0.0008205 secs]
24.715: [GC pause (G1 Evacuation Pause) (young) 3985K->976K(8192K), 0.0011159 secs]
24.718: [GC pause (G1 Evacuation Pause) (young) 4048K->913K(8192K), 0.0008612 secs]
24.721: [GC pause (G1 Evacuation Pause) (young) 3985K->976K(8192K), 0.0011577 secs]
24.724: [GC pause (G1 Evacuation Pause) (young) 4048K->913K(8192K), 0.0012979 secs]
24.728: [GC pause (G1 Evacuation Pause) (young) 3985K->976K(8192K), 0.0011538 secs]
24.731: [GC pause (G1 Evacuation Pause) (young) 4048K->913K(8192K), 0.0008128 secs]
24.734: [GC pause (G1 Evacuation Pause) (young) 3985K->976K(8192K), 0.0011203 secs]
24.737: [GC pause (G1 Evacuation Pause) (young) 4048K->913K(8192K), 0.0008134 secs]
24.740: [GC pause (G1 Evacuation Pause) (young) 3985K->1003K(8192K), 0.0012022 secs]
24.743: [GC pause (G1 Evacuation Pause) (young) 4075K->913K(8192K), 0.0008145 secs]
24.746: [GC pause (G1 Evacuation Pause) (young) 3985K->976K(8192K), 0.0019892 secs]
24.751: [GC pause (G1 Evacuation Pause) (young) 4048K->913K(8192K), 0.0008321 secs]
24.754: [GC pause (G1 Evacuation Pause) (young) 3985K->976K(8192K), 0.0011445 secs]
24.757: [GC pause (G1 Evacuation Pause) (young) 4048K->913K(8192K), 0.0008365 secs]
24.760: [GC pause (G1 Evacuation Pause) (young) 3985K->976K(8192K), 0.0012303 secs]
24.763: [GC pause (G1 Evacuation Pause) (young) 4048K->913K(8192K), 0.0008238 secs]
24.766: [GC pause (G1 Evacuation Pause) (young) 3985K->976K(8192K), 0.0011197 secs]
24.769: [GC pause (G1 Evacuation Pause) (young) 4048K->913K(8192K), 0.0008084 secs]
24.772: [GC pause (G1 Evacuation Pause) (young) 3985K->976K(8192K), 0.0011714 secs]
24.776: [GC pause (G1 Evacuation Pause) (young) 4048K->913K(8192K), 0.0008557 secs]
24.779: [GC pause (G1 Evacuation Pause) (young) 3985K->976K(8192K), 0.0011390 secs]
24.782: [GC pause (G1 Evacuation Pause) (young) 4048K->913K(8192K), 0.0008260 secs]
24.785: [GC pause (G1 Evacuation Pause) (young) 3985K->976K(8192K), 0.0011335 secs]
24.788: [GC pause (G1 Evacuation Pause) (young) 4048K->913K(8192K), 0.0007980 secs]
24.791: [GC pause (G1 Evacuation Pause) (young) 3985K->1003K(8192K), 0.0012072 secs]
24.794: [GC pause (G1 Evacuation Pause) (young) 4075K->913K(8192K), 0.0008112 secs]
24.797: [GC pause (G1 Evacuation Pause) (young) 3985K->976K(8192K), 0.0011522 secs]
24.800: [GC pause (G1 Evacuation Pause) (young) 4048K->913K(8192K), 0.0008040 secs]
24.803: [GC pause (G1 Evacuation Pause) (young) 3985K->976K(8192K), 0.0011335 secs]
24.807: [GC pause (G1 Evacuation Pause) (young) 4048K->913K(8192K), 0.0008425 secs]
24.810: [GC pause (G1 Evacuation Pause) (young) 3985K->976K(8192K), 0.0011516 secs]
24.813: [GC pause (G1 Evacuation Pause) (young) 4048K->913K(8192K), 0.0064010 secs]
24.822: [GC pause (G1 Evacuation Pause) (young) 3985K->976K(8192K), 0.0387105 secs]
24.863: [GC pause (G1 Evacuation Pause) (young) 4048K->913K(8192K), 0.0173605 secs]
24.883: [GC pause (G1 Evacuation Pause) (young) 3985K->976K(8192K), 0.0011511 secs]
24.886: [GC pause (G1 Evacuation Pause) (young) 4048K->913K(8192K), 0.0008255 secs]
24.890: [GC pause (G1 Evacuation Pause) (young) 3985K->976K(8192K), 0.0011835 secs]
24.894: [GC pause (G1 Evacuation Pause) (young) 4048K->913K(8192K), 0.0065110 secs]
24.903: [GC pause (G1 Evacuation Pause) (young) 3985K->976K(8192K), 0.0011445 secs]
24.907: [GC pause (G1 Evacuation Pause) (young) 4048K->913K(8192K), 0.0008211 secs]
24.910: [GC pause (G1 Evacuation Pause) (young) 3985K->976K(8192K), 0.0011373 secs]
24.913: [GC pause (G1 Evacuation Pause) (young) 4048K->913K(8192K), 0.0018798 secs]
24.917: [GC pause (G1 Evacuation Pause) (young) 3985K->976K(8192K), 0.0011456 secs]
24.921: [GC pause (G1 Evacuation Pause) (young) 4048K->913K(8192K), 0.0008068 secs]
24.924: [GC pause (G1 Evacuation Pause) (young) 3985K->976K(8192K), 0.0011731 secs]
24.927: [GC pause (G1 Evacuation Pause) (young) 4048K->913K(8192K), 0.0008205 secs]
24.930: [GC pause (G1 Evacuation Pause) (young) 3985K->976K(8192K), 0.0011962 secs]
24.933: [GC pause (G1 Evacuation Pause) (young) 4048K->913K(8192K), 0.0008029 secs]
24.937: [GC pause (G1 Evacuation Pause) (young) 3985K->976K(8192K), 0.0011494 secs]
24.940: [GC pause (G1 Evacuation Pause) (young) 4048K->913K(8192K), 0.0008062 secs]
24.943: [GC pause (G1 Evacuation Pause) (young) 3985K->976K(8192K), 0.0025166 secs]
24.948: [GC pause (G1 Evacuation Pause) (young) 4048K->913K(8192K), 0.0008321 secs]
24.951: [GC pause (G1 Evacuation Pause) (young) 3985K->976K(8192K), 0.0015267 secs]
24.955: [GC pause (G1 Evacuation Pause) (young) 4048K->913K(8192K), 0.0008123 secs]
24.958: [GC pause (G1 Evacuation Pause) (young) 3985K->976K(8192K), 0.0012132 secs]
24.961: [GC pause (G1 Evacuation Pause) (young) 4048K->913K(8192K), 0.0008249 secs]
24.964: [GC pause (G1 Evacuation Pause) (young) 3985K->976K(8192K), 0.0014469 secs]
24.968: [GC pause (G1 Evacuation Pause) (young) 4048K->913K(8192K), 0.0008315 secs]
24.970: [GC pause (G1 Evacuation Pause) (young) 3985K->976K(8192K), 0.0011406 secs]
24.974: [GC pause (G1 Evacuation Pause) (young) 4048K->913K(8192K), 0.0008051 secs]
24.977: [GC pause (G1 Evacuation Pause) (young) 3985K->976K(8192K), 0.0011368 secs]
24.980: [GC pause (G1 Evacuation Pause) (young) 4048K->913K(8192K), 0.0008233 secs]
24.983: [GC pause (G1 Evacuation Pause) (young) 3985K->976K(8192K), 0.0011236 secs]
24.986: [GC pause (G1 Evacuation Pause) (young) 4048K->913K(8192K), 0.0008073 secs]
24.989: [GC pause (G1 Evacuation Pause) (young) 3985K->976K(8192K), 0.0011197 secs]
24.993: [GC pause (G1 Evacuation Pause) (young) 4048K->913K(8192K), 0.0008288 secs]
24.996: [GC pause (G1 Evacuation Pause) (young) 3985K->976K(8192K), 0.0011214 secs]
24.999: [GC pause (G1 Evacuation Pause) (young) 4048K->913K(8192K), 0.0008002 secs]
25.002: [GC pause (G1 Evacuation Pause) (young) 3985K->976K(8192K), 0.0011137 secs]
25.005: [GC pause (G1 Evacuation Pause) (young) 4048K->913K(8192K), 0.0008040 secs]
25.009: [GC pause (G1 Evacuation Pause) (young) 3985K->976K(8192K), 0.0011494 secs]
25.012: [GC pause (G1 Evacuation Pause) (young) 4048K->913K(8192K), 0.0008134 secs]
25.015: [GC pause (G1 Evacuation Pause) (young) 3985K->976K(8192K), 0.0015751 secs]
25.019: [GC pause (G1 Evacuation Pause) (young) 4048K->913K(8192K), 0.0008227 secs]
25.022: [GC pause (G1 Evacuation Pause) (young) 3985K->976K(8192K), 0.0014018 secs]
25.025: [GC pause (G1 Evacuation Pause) (young) 4048K->913K(8192K), 0.0008244 secs]
25.028: [GC pause (G1 Evacuation Pause) (young) 3985K->976K(8192K), 0.0011340 secs]
25.031: [GC pause (G1 Evacuation Pause) (young) 4048K->913K(8192K), 0.0008288 secs]
25.034: [GC pause (G1 Evacuation Pause) (young) 3985K->976K(8192K), 0.0011192 secs]
25.037: [GC pause (G1 Evacuation Pause) (young) 4048K->913K(8192K), 0.0008508 secs]
25.040: [GC pause (G1 Evacuation Pause) (young) 3985K->976K(8192K), 0.0011071 secs]
25.044: [GC pause (G1 Evacuation Pause) (young) 4048K->913K(8192K), 0.0008167 secs]
25.046: [GC pause (G1 Evacuation Pause) (young) 3985K->976K(8192K), 0.0011329 secs]
25.050: [GC pause (G1 Evacuation Pause) (young) 4048K->913K(8192K), 0.0008013 secs]
25.052: [GC pause (G1 Evacuation Pause) (young) 3985K->976K(8192K), 0.0011302 secs]
25.056: [GC pause (G1 Evacuation Pause) (young) 4048K->913K(8192K), 0.0008596 secs]
25.059: [GC pause (G1 Evacuation Pause) (young) 3985K->976K(8192K), 0.0011483 secs]
25.062: [GC pause (G1 Evacuation Pause) (young) 4048K->913K(8192K), 0.0008249 secs]
25.065: [GC pause (G1 Evacuation Pause) (young) 3985K->976K(8192K), 0.0011995 secs]
25.068: [GC pause (G1 Evacuation Pause) (young) 4048K->913K(8192K), 0.0008244 secs]
25.071: [GC pause (G1 Evacuation Pause) (young) 3985K->976K(8192K), 0.0011274 secs]
25.075: [GC pause (G1 Evacuation Pause) (young) 4048K->913K(8192K), 0.0007919 secs]
25.077: [GC pause (G1 Evacuation Pause) (young) 3985K->976K(8192K), 0.0011786 secs]
25.081: [GC pause (G1 Evacuation Pause) (young) 4048K->913K(8192K), 0.0008161 secs]
25.084: [GC pause (G1 Evacuation Pause) (young) 3985K->976K(8192K), 0.0011307 secs]
25.087: [GC pause (G1 Evacuation Pause) (young) 4048K->913K(8192K), 0.0008117 secs]
25.090: [GC pause (G1 Evacuation Pause) (young) 3985K->976K(8192K), 0.0011241 secs]
25.093: [GC pause (G1 Evacuation Pause) (young) 4048K->913K(8192K), 0.0008194 secs]
25.096: [GC pause (G1 Evacuation Pause) (young) 3985K->976K(8192K), 0.0011219 secs]
25.099: [GC pause (G1 Evacuation Pause) (young) 4048K->913K(8192K), 0.0008073 secs]
25.102: [GC pause (G1 Evacuation Pause) (young) 3985K->976K(8192K), 0.0011126 secs]
25.105: [GC pause (G1 Evacuation Pause) (young) 4048K->913K(8192K), 0.0008035 secs]
25.108: [GC pause (G1 Evacuation Pause) (young) 3985K->976K(8192K), 0.0011296 secs]
25.112: [GC pause (G1 Evacuation Pause) (young) 4048K->913K(8192K), 0.0008084 secs]
25.115: [GC pause (G1 Evacuation Pause) (young) 3985K->976K(8192K), 0.0011549 secs]
25.118: [GC pause (G1 Evacuation Pause) (young) 4048K->913K(8192K), 0.0008381 secs]
25.121: [GC pause (G1 Evacuation Pause) (young) 3985K->976K(8192K), 0.0011621 secs]
25.124: [GC pause (G1 Evacuation Pause) (young) 4048K->913K(8192K), 0.0008706 secs]
25.127: [GC pause (G1 Evacuation Pause) (young) 3985K->976K(8192K), 0.0011384 secs]
25.131: [GC pause (G1 Evacuation Pause) (young) 4048K->913K(8192K), 0.0008348 secs]
25.133: [GC pause (G1 Evacuation Pause) (young) 3985K->976K(8192K), 0.0011439 secs]
25.137: [GC pause (G1 Evacuation Pause) (young) 4048K->913K(8192K), 0.0007974 secs]
25.140: [GC pause (G1 Evacuation Pause) (young) 3985K->976K(8192K), 0.0011566 secs]
25.143: [GC pause (G1 Evacuation Pause) (young) 4048K->913K(8192K), 0.0008101 secs]
25.146: [GC pause (G1 Evacuation Pause) (young) 3985K->976K(8192K), 0.0011274 secs]
25.149: [GC pause (G1 Evacuation Pause) (young) 4048K->913K(8192K), 0.0008172 secs]
25.152: [GC pause (G1 Evacuation Pause) (young) 3985K->976K(8192K), 0.0011208 secs]
25.155: [GC pause (G1 Evacuation Pause) (young) 4048K->913K(8192K), 0.0008068 secs]
25.158: [GC pause (G1 Evacuation Pause) (young) 3985K->976K(8192K), 0.0012380 secs]
25.161: [GC pause (G1 Evacuation Pause) (young) 4048K->913K(8192K), 0.0008095 secs]
25.164: [GC pause (G1 Evacuation Pause) (young) 3985K->976K(8192K), 0.0011302 secs]
25.168: [GC pause (G1 Evacuation Pause) (young) 4048K->913K(8192K), 0.0014733 secs]
25.171: [GC pause (G1 Evacuation Pause) (young) 3985K->976K(8192K), 0.0011885 secs]
25.175: [GC pause (G1 Evacuation Pause) (young) 4048K->913K(8192K), 0.0008046 secs]
25.177: [GC pause (G1 Evacuation Pause) (young) 3985K->976K(8192K), 0.0011329 secs]
25.181: [GC pause (G1 Evacuation Pause) (young) 4048K->913K(8192K), 0.0008161 secs]
25.184: [GC pause (G1 Evacuation Pause) (young) 3985K->976K(8192K), 0.0011450 secs]
25.187: [GC pause (G1 Evacuation Pause) (young) 4048K->913K(8192K), 0.0009531 secs]
25.190: [GC pause (G1 Evacuation Pause) (young) 3985K->976K(8192K), 0.0011346 secs]
25.193: [GC pause (G1 Evacuation Pause) (young) 4048K->913K(8192K), 0.0008183 secs]
25.196: [GC pause (G1 Evacuation Pause) (young) 3985K->976K(8192K), 0.0011159 secs]
25.199: [GC pause (G1 Evacuation Pause) (young) 4048K->913K(8192K), 0.0008090 secs]
25.202: [GC pause (G1 Evacuation Pause) (young) 3985K->976K(8192K), 0.0011148 secs]
25.205: [GC pause (G1 Evacuation Pause) (young) 4048K->913K(8192K), 0.0008112 secs]
25.208: [GC pause (G1 Evacuation Pause) (young) 3985K->976K(8192K), 0.0012099 secs]
25.212: [GC pause (G1 Evacuation Pause) (young) 4048K->913K(8192K), 0.0008112 secs]
25.215: [GC pause (G1 Evacuation Pause) (young) 3985K->976K(8192K), 0.0011544 secs]
25.218: [GC pause (G1 Evacuation Pause) (young) 4048K->913K(8192K), 0.0008332 secs]
25.221: [GC pause (G1 Evacuation Pause) (young) 3985K->976K(8192K), 0.0011406 secs]
25.224: [GC pause (G1 Evacuation Pause) (young) 4048K->913K(8192K), 0.0008398 secs]
25.227: [GC pause (G1 Evacuation Pause) (young) 3985K->976K(8192K), 0.0011252 secs]
25.230: [GC pause (G1 Evacuation Pause) (young) 4048K->913K(8192K), 0.0008431 secs]
25.233: [GC pause (G1 Evacuation Pause) (young) 3985K->976K(8192K), 0.0011285 secs]
25.236: [GC pause (G1 Evacuation Pause) (young) 4048K->913K(8192K), 0.0008007 secs]
25.239: [GC pause (G1 Evacuation Pause) (young) 3985K->976K(8192K), 0.0011164 secs]
25.243: [GC pause (G1 Evacuation Pause) (young) 4048K->913K(8192K), 0.0008486 secs]
25.246: [GC pause (G1 Evacuation Pause) (young) 3985K->976K(8192K), 0.0036495 secs]
25.251: [GC pause (G1 Evacuation Pause) (young) 4048K->913K(8192K), 0.0008205 secs]
25.254: [GC pause (G1 Evacuation Pause) (young) 3985K->976K(8192K), 0.0011384 secs]
25.258: [GC pause (G1 Evacuation Pause) (young) 4048K->913K(8192K), 0.0008750 secs]
25.260: [GC pause (G1 Evacuation Pause) (young) 3985K->976K(8192K), 0.0011296 secs]
25.264: [GC pause (G1 Evacuation Pause) (young) 4048K->913K(8192K), 0.0008953 secs]
25.267: [GC pause (G1 Evacuation Pause) (young) 3985K->976K(8192K), 0.0011533 secs]
25.270: [GC pause (G1 Evacuation Pause) (young) 4048K->975K(8192K), 0.0011417 secs]
25.274: [GC pause (G1 Evacuation Pause) (young) 4047K->975K(8192K), 0.0197380 secs]
25.296: [GC pause (G1 Evacuation Pause) (young) 4047K->911K(8192K), 0.0368153 secs]
25.335: [GC pause (G1 Evacuation Pause) (young) 3983K->974K(8192K), 0.0013622 secs]
25.338: [GC pause (G1 Evacuation Pause) (young) 4046K->913K(8192K), 0.0008821 secs]
25.341: [GC pause (G1 Evacuation Pause) (young) 3985K->976K(8192K), 0.0013281 secs]
25.345: [GC pause (G1 Evacuation Pause) (young) 4048K->913K(8192K), 0.0302812 secs]
25.378: [GC pause (G1 Evacuation Pause) (young) 3985K->976K(8192K), 0.0011445 secs]
25.381: [GC pause (G1 Evacuation Pause) (young) 4048K->913K(8192K), 0.0012369 secs]
25.384: [GC pause (G1 Evacuation Pause) (young) 3985K->976K(8192K), 0.0011379 secs]
25.388: [GC pause (G1 Evacuation Pause) (young) 4048K->913K(8192K), 0.0008194 secs]
25.391: [GC pause (G1 Evacuation Pause) (young) 3985K->976K(8192K), 0.0013870 secs]
25.394: [GC pause (G1 Evacuation Pause) (young) 4048K->913K(8192K), 0.0008480 secs]
25.397: [GC pause (G1 Evacuation Pause) (young) 3985K->976K(8192K), 0.0013859 secs]
25.401: [GC pause (G1 Evacuation Pause) (young) 4048K->913K(8192K), 0.0008167 secs]
25.404: [GC pause (G1 Evacuation Pause) (young) 3985K->976K(8192K), 0.0011269 secs]
25.407: [GC pause (G1 Evacuation Pause) (young) 4048K->913K(8192K), 0.0008172 secs]
25.410: [GC pause (G1 Evacuation Pause) (young) 3985K->976K(8192K), 0.0011269 secs]
25.414: [GC pause (G1 Evacuation Pause) (young) 4048K->913K(8192K), 0.0009806 secs]
25.417: [GC pause (G1 Evacuation Pause) (young) 3985K->976K(8192K), 0.0011225 secs]
25.420: [GC pause (G1 Evacuation Pause) (young) 4048K->913K(8192K), 0.0008535 secs]
25.423: [GC pause (G1 Evacuation Pause) (young) 3985K->976K(8192K), 0.0011318 secs]
25.427: [GC pause (G1 Evacuation Pause) (young) 4048K->913K(8192K), 0.0011885 secs]
25.430: [GC pause (G1 Evacuation Pause) (young) 3985K->976K(8192K), 0.0011379 secs]
25.433: [GC pause (G1 Evacuation Pause) (young) 4048K->913K(8192K), 0.0008062 secs]
25.436: [GC pause (G1 Evacuation Pause) (young) 3985K->976K(8192K), 0.0012077 secs]
25.440: [GC pause (G1 Evacuation Pause) (young) 4048K->913K(8192K), 0.0008574 secs]
25.443: [GC pause (G1 Evacuation Pause) (young) 3985K->1003K(8192K), 0.0016246 secs]
25.446: [GC pause (G1 Evacuation Pause) (young) 4075K->913K(8192K), 0.0008326 secs]
25.449: [GC pause (G1 Evacuation Pause) (young) 3985K->976K(8192K), 0.0011346 secs]
25.453: [GC pause (G1 Evacuation Pause) (young) 4048K->913K(8192K), 0.0008288 secs]
25.456: [GC pause (G1 Evacuation Pause) (young) 3985K->976K(8192K), 0.0011203 secs]
25.459: [GC pause (G1 Evacuation Pause) (young) 4048K->913K(8192K), 0.0013254 secs]
25.462: [GC pause (G1 Evacuation Pause) (young) 3985K->976K(8192K), 0.0011560 secs]
25.466: [GC pause (G1 Evacuation Pause) (young) 4048K->913K(8192K), 0.0008040 secs]
25.469: [GC pause (G1 Evacuation Pause) (young) 3985K->976K(8192K), 0.0011544 secs]
25.472: [GC pause (G1 Evacuation Pause) (young) 4048K->913K(8192K), 0.0008128 secs]
25.475: [GC pause (G1 Evacuation Pause) (young) 3985K->976K(8192K), 0.0020178 secs]
25.479: [GC pause (G1 Evacuation Pause) (young) 4048K->913K(8192K), 0.0008084 secs]
25.482: [GC pause (G1 Evacuation Pause) (young) 3985K->976K(8192K), 0.0011247 secs]
25.485: [GC pause (G1 Evacuation Pause) (young) 4048K->913K(8192K), 0.0008013 secs]
25.488: [GC pause (G1 Evacuation Pause) (young) 3985K->976K(8192K), 0.0011170 secs]
25.491: [GC pause (G1 Evacuation Pause) (young) 4048K->913K(8192K), 0.0013958 secs]
25.495: [GC pause (G1 Evacuation Pause) (young) 3985K->976K(8192K), 0.0011406 secs]
25.498: [GC pause (G1 Evacuation Pause) (young) 4048K->913K(8192K), 0.0008315 secs]
25.501: [GC pause (G1 Evacuation Pause) (young) 3985K->976K(8192K), 0.0011291 secs]
25.504: [GC pause (G1 Evacuation Pause) (young) 4048K->913K(8192K), 0.0008156 secs]
25.507: [GC pause (G1 Evacuation Pause) (young) 3985K->976K(8192K), 0.0011478 secs]
25.511: [GC pause (G1 Evacuation Pause) (young) 4048K->913K(8192K), 0.0008535 secs]
25.513: [GC pause (G1 Evacuation Pause) (young) 3985K->976K(8192K), 0.0014310 secs]
25.517: [GC pause (G1 Evacuation Pause) (young) 4048K->913K(8192K), 0.0008216 secs]
25.520: [GC pause (G1 Evacuation Pause) (young) 3985K->976K(8192K), 0.0011285 secs]
25.523: [GC pause (G1 Evacuation Pause) (young) 4048K->913K(8192K), 0.0008161 secs]
25.526: [GC pause (G1 Evacuation Pause) (young) 3985K->976K(8192K), 0.0011236 secs]
25.529: [GC pause (G1 Evacuation Pause) (young) 4048K->913K(8192K), 0.0008464 secs]
25.532: [GC pause (G1 Evacuation Pause) (young) 3985K->976K(8192K), 0.0011340 secs]
25.536: [GC pause (G1 Evacuation Pause) (young) 4048K->913K(8192K), 0.0008013 secs]
25.538: [GC pause (G1 Evacuation Pause) (young) 3985K->976K(8192K), 0.0011373 secs]
25.542: [GC pause (G1 Evacuation Pause) (young) 4048K->913K(8192K), 0.0008112 secs]
25.545: [GC pause (G1 Evacuation Pause) (young) 3985K->976K(8192K), 0.0011445 secs]
25.548: [GC pause (G1 Evacuation Pause) (young) 4048K->913K(8192K), 0.0008227 secs]
25.551: [GC pause (G1 Evacuation Pause) (young) 3985K->976K(8192K), 0.0011318 secs]
25.554: [GC pause (G1 Evacuation Pause) (young) 4048K->913K(8192K), 0.0008117 secs]
25.557: [GC pause (G1 Evacuation Pause) (young) 3985K->976K(8192K), 0.0011153 secs]
25.560: [GC pause (G1 Evacuation Pause) (young) 4048K->913K(8192K), 0.0008167 secs]
25.563: [GC pause (G1 Evacuation Pause) (young) 3985K->976K(8192K), 0.0011384 secs]
25.566: [GC pause (G1 Evacuation Pause) (young) 4048K->913K(8192K), 0.0008095 secs]
25.569: [GC pause (G1 Evacuation Pause) (young) 3985K->976K(8192K), 0.0016372 secs]
25.573: [GC pause (G1 Evacuation Pause) (young) 4048K->913K(8192K), 0.0008156 secs]
25.576: [GC pause (G1 Evacuation Pause) (young) 3985K->976K(8192K), 0.0011362 secs]
25.579: [GC pause (G1 Evacuation Pause) (young) 4048K->913K(8192K), 0.0008079 secs]
25.582: [GC pause (G1 Evacuation Pause) (young) 3985K->976K(8192K), 0.0011285 secs]
25.586: [GC pause (G1 Evacuation Pause) (young) 4048K->913K(8192K), 0.0008073 secs]
25.588: [GC pause (G1 Evacuation Pause) (young) 3985K->976K(8192K), 0.0011258 secs]
25.592: [GC pause (G1 Evacuation Pause) (young) 4048K->913K(8192K), 0.0008200 secs]
25.595: [GC pause (G1 Evacuation Pause) (young) 3985K->976K(8192K), 0.0011263 secs]
25.598: [GC pause (G1 Evacuation Pause) (young) 4048K->913K(8192K), 0.0010873 secs]
25.601: [GC pause (G1 Evacuation Pause) (young) 3985K->976K(8192K), 0.0011555 secs]
25.604: [GC pause (G1 Evacuation Pause) (young) 4048K->913K(8192K), 0.0008167 secs]
25.607: [GC pause (G1 Evacuation Pause) (young) 3985K->976K(8192K), 0.0011687 secs]
25.611: [GC pause (G1 Evacuation Pause) (young) 4048K->913K(8192K), 0.0008073 secs]
25.614: [GC pause (G1 Evacuation Pause) (young) 3985K->976K(8192K), 0.0011269 secs]
25.617: [GC pause (G1 Evacuation Pause) (young) 4048K->913K(8192K), 0.0008035 secs]
25.620: [GC pause (G1 Evacuation Pause) (young) 3985K->976K(8192K), 0.0011208 secs]
25.623: [GC pause (G1 Evacuation Pause) (young) 4048K->913K(8192K), 0.0007952 secs]
25.626: [GC pause (G1 Evacuation Pause) (young) 3985K->976K(8192K), 0.0011373 secs]
25.629: [GC pause (G1 Evacuation Pause) (young) 4048K->913K(8192K), 0.0008277 secs]
25.632: [GC pause (G1 Evacuation Pause) (young) 3985K->976K(8192K), 0.0011307 secs]
25.635: [GC pause (G1 Evacuation Pause) (young) 4048K->913K(8192K), 0.0008068 secs]
25.638: [GC pause (G1 Evacuation Pause) (young) 3985K->976K(8192K), 0.0012633 secs]
25.642: [GC pause (G1 Evacuation Pause) (young) 4048K->913K(8192K), 0.0376479 secs]
25.682: [GC pause (G1 Evacuation Pause) (young) 3985K->976K(8192K), 0.0067969 secs]
25.691: [GC pause (G1 Evacuation Pause) (young) 4048K->913K(8192K), 0.0193464 secs]
25.713: [GC pause (G1 Evacuation Pause) (young) 3985K->976K(8192K), 0.0309725 secs]
25.746: [GC pause (G1 Evacuation Pause) (young) 4048K->913K(8192K), 0.0008244 secs]
25.749: [GC pause (G1 Evacuation Pause) (young) 3985K->976K(8192K), 0.0023978 secs]
25.754: [GC pause (G1 Evacuation Pause) (young) 4048K->913K(8192K), 0.0008299 secs]
25.757: [GC pause (G1 Evacuation Pause) (young) 3985K->976K(8192K), 0.0012369 secs]
25.760: [GC pause (G1 Evacuation Pause) (young) 4048K->913K(8192K), 0.0008271 secs]
25.763: [GC pause (G1 Evacuation Pause) (young) 3985K->976K(8192K), 0.0011280 secs]
25.766: [GC pause (G1 Evacuation Pause) (young) 4048K->913K(8192K), 0.0008079 secs]
25.769: [GC pause (G1 Evacuation Pause) (young) 3985K->976K(8192K), 0.0011324 secs]
25.772: [GC pause (G1 Evacuation Pause) (young) 4048K->913K(8192K), 0.0008161 secs]
25.775: [GC pause (G1 Evacuation Pause) (young) 3985K->976K(8192K), 0.0012022 secs]
25.779: [GC pause (G1 Evacuation Pause) (young) 4048K->913K(8192K), 0.0015256 secs]
25.782: [GC pause (G1 Evacuation Pause) (young) 3985K->976K(8192K), 0.0013716 secs]
25.786: [GC pause (G1 Evacuation Pause) (young) 4048K->913K(8192K), 0.0011109 secs]
25.789: [GC pause (G1 Evacuation Pause) (young) 3985K->976K(8192K), 0.0011753 secs]
25.793: [GC pause (G1 Evacuation Pause) (young) 4048K->913K(8192K), 0.0008997 secs]
25.796: [GC pause (G1 Evacuation Pause) (young) 3985K->976K(8192K), 0.0012693 secs]
25.799: [GC pause (G1 Evacuation Pause) (young) 4048K->913K(8192K), 0.0008117 secs]
25.802: [GC pause (G1 Evacuation Pause) (young) 3985K->976K(8192K), 0.0011236 secs]
25.805: [GC pause (G1 Evacuation Pause) (young) 4048K->913K(8192K), 0.0008068 secs]
25.808: [GC pause (G1 Evacuation Pause) (young) 3985K->976K(8192K), 0.0012028 secs]
25.811: [GC pause (G1 Evacuation Pause) (young) 4048K->913K(8192K), 0.0010812 secs]
25.815: [GC pause (G1 Evacuation Pause) (young) 3985K->976K(8192K), 0.0011307 secs]
25.818: [GC pause (G1 Evacuation Pause) (young) 4048K->913K(8192K), 0.0008139 secs]
25.821: [GC pause (G1 Evacuation Pause) (young) 3985K->976K(8192K), 0.0011274 secs]
25.824: [GC pause (G1 Evacuation Pause) (young) 4048K->913K(8192K), 0.0008029 secs]
25.827: [GC pause (G1 Evacuation Pause) (young) 3985K->976K(8192K), 0.0011307 secs]
25.830: [GC pause (G1 Evacuation Pause) (young) 4048K->913K(8192K), 0.0008018 secs]
25.833: [GC pause (G1 Evacuation Pause) (young) 3985K->976K(8192K), 0.0011148 secs]
25.836: [GC pause (G1 Evacuation Pause) (young) 4048K->913K(8192K), 0.0008123 secs]
25.839: [GC pause (G1 Evacuation Pause) (young) 3985K->976K(8192K), 0.0011428 secs]
25.842: [GC pause (G1 Evacuation Pause) (young) 4048K->913K(8192K), 0.0009685 secs]
25.846: [GC pause (G1 Evacuation Pause) (young) 3985K->976K(8192K), 0.0011362 secs]
25.849: [GC pause (G1 Evacuation Pause) (young) 4048K->913K(8192K), 0.0008112 secs]
25.852: [GC pause (G1 Evacuation Pause) (young) 3985K->976K(8192K), 0.0011654 secs]
25.855: [GC pause (G1 Evacuation Pause) (young) 4048K->913K(8192K), 0.0008227 secs]
25.858: [GC pause (G1 Evacuation Pause) (young) 3985K->976K(8192K), 0.0015322 secs]
25.861: [GC pause (G1 Evacuation Pause) (young) 4048K->913K(8192K), 0.0008084 secs]
25.864: [GC pause (G1 Evacuation Pause) (young) 3985K->976K(8192K), 0.0011307 secs]
25.868: [GC pause (G1 Evacuation Pause) (young) 4048K->913K(8192K), 0.0008139 secs]
25.871: [GC pause (G1 Evacuation Pause) (young) 3985K->976K(8192K), 0.0011296 secs]
25.874: [GC pause (G1 Evacuation Pause) (young) 4048K->913K(8192K), 0.0008073 secs]
25.877: [GC pause (G1 Evacuation Pause) (young) 3985K->976K(8192K), 0.0011362 secs]
25.880: [GC pause (G1 Evacuation Pause) (young) 4048K->913K(8192K), 0.0008139 secs]
25.883: [GC pause (G1 Evacuation Pause) (young) 3985K->976K(8192K), 0.0011285 secs]
25.886: [GC pause (G1 Evacuation Pause) (young) 4048K->913K(8192K), 0.0008266 secs]
25.889: [GC pause (G1 Evacuation Pause) (young) 3985K->976K(8192K), 0.0011703 secs]
25.892: [GC pause (G1 Evacuation Pause) (young) 4048K->913K(8192K), 0.0008084 secs]
25.895: [GC pause (G1 Evacuation Pause) (young) 3985K->976K(8192K), 0.0011593 secs]
25.899: [GC pause (G1 Evacuation Pause) (young) 4048K->913K(8192K), 0.0008123 secs]
25.902: [GC pause (G1 Evacuation Pause) (young) 3985K->976K(8192K), 0.0011241 secs]
25.905: [GC pause (G1 Evacuation Pause) (young) 4048K->913K(8192K), 0.0008277 secs]
25.908: [GC pause (G1 Evacuation Pause) (young) 3985K->976K(8192K), 0.0014095 secs]
25.911: [GC pause (G1 Evacuation Pause) (young) 4048K->913K(8192K), 0.0008145 secs]
25.914: [GC pause (G1 Evacuation Pause) (young) 3985K->976K(8192K), 0.0011351 secs]
25.918: [GC pause (G1 Evacuation Pause) (young) 4048K->913K(8192K), 0.0008178 secs]
25.921: [GC pause (G1 Evacuation Pause) (young) 3985K->976K(8192K), 0.0011247 secs]
25.924: [GC pause (G1 Evacuation Pause) (young) 4048K->913K(8192K), 0.0008139 secs]
25.927: [GC pause (G1 Evacuation Pause) (young) 3985K->976K(8192K), 0.0011362 secs]
25.930: [GC pause (G1 Evacuation Pause) (young) 4048K->913K(8192K), 0.0008007 secs]
25.933: [GC pause (G1 Evacuation Pause) (young) 3985K->976K(8192K), 0.0011131 secs]
25.936: [GC pause (G1 Evacuation Pause) (young) 4048K->913K(8192K), 0.0008084 secs]
25.939: [GC pause (G1 Evacuation Pause) (young) 3985K->976K(8192K), 0.0014937 secs]
25.943: [GC pause (G1 Evacuation Pause) (young) 4048K->913K(8192K), 0.0008667 secs]
25.946: [GC pause (G1 Evacuation Pause) (young) 3985K->976K(8192K), 0.0011340 secs]
25.949: [GC pause (G1 Evacuation Pause) (young) 4048K->913K(8192K), 0.0008062 secs]
25.952: [GC pause (G1 Evacuation Pause) (young) 3985K->976K(8192K), 0.0011214 secs]
25.955: [GC pause (G1 Evacuation Pause) (young) 4048K->913K(8192K), 0.0008046 secs]
25.958: [GC pause (G1 Evacuation Pause) (young) 3985K->976K(8192K), 0.0014882 secs]
25.961: [GC pause (G1 Evacuation Pause) (young) 4048K->913K(8192K), 0.0008090 secs]
25.964: [GC pause (G1 Evacuation Pause) (young) 3985K->976K(8192K), 0.0011439 secs]
25.968: [GC pause (G1 Evacuation Pause) (young) 4048K->913K(8192K), 0.0008051 secs]
25.971: [GC pause (G1 Evacuation Pause) (young) 3985K->976K(8192K), 0.0011544 secs]
25.974: [GC pause (G1 Evacuation Pause) (young) 4048K->913K(8192K), 0.0008112 secs]
25.977: [GC pause (G1 Evacuation Pause) (young) 3985K->976K(8192K), 0.0011252 secs]
25.980: [GC pause (G1 Evacuation Pause) (young) 4048K->913K(8192K), 0.0007974 secs]
25.983: [GC pause (G1 Evacuation Pause) (young) 3985K->976K(8192K), 0.0011247 secs]
25.986: [GC pause (G1 Evacuation Pause) (young) 4048K->913K(8192K), 0.0008062 secs]
25.989: [GC pause (G1 Evacuation Pause) (young) 3985K->976K(8192K), 0.0011153 secs]
25.992: [GC pause (G1 Evacuation Pause) (young) 4048K->913K(8192K), 0.0008293 secs]
25.995: [GC pause (G1 Evacuation Pause) (young) 3985K->976K(8192K), 0.0012660 secs]
25.999: [GC pause (G1 Evacuation Pause) (young) 4048K->913K(8192K), 0.0008189 secs]
26.002: [GC pause (G1 Evacuation Pause) (young) 3985K->976K(8192K), 0.0011285 secs]
26.005: [GC pause (G1 Evacuation Pause) (young) 4048K->913K(8192K), 0.0008310 secs]
26.008: [GC pause (G1 Evacuation Pause) (young) 3985K->976K(8192K), 0.0012605 secs]
26.011: [GC pause (G1 Evacuation Pause) (young) 4048K->913K(8192K), 0.0008596 secs]
26.014: [GC pause (G1 Evacuation Pause) (young) 3985K->976K(8192K), 0.0011175 secs]
26.017: [GC pause (G1 Evacuation Pause) (young) 4048K->913K(8192K), 0.0008084 secs]
26.020: [GC pause (G1 Evacuation Pause) (young) 3985K->976K(8192K), 0.0011269 secs]
26.023: [GC pause (G1 Evacuation Pause) (young) 4048K->913K(8192K), 0.0007985 secs]
26.026: [GC pause (G1 Evacuation Pause) (young) 3985K->976K(8192K), 0.0011368 secs]
26.030: [GC pause (G1 Evacuation Pause) (young) 4048K->913K(8192K), 0.0008167 secs]
26.033: [GC pause (G1 Evacuation Pause) (young) 3985K->976K(8192K), 0.0011219 secs]
26.036: [GC pause (G1 Evacuation Pause) (young) 4048K->913K(8192K), 0.0008112 secs]
26.039: [GC pause (G1 Evacuation Pause) (young) 3985K->976K(8192K), 0.0011269 secs]
26.042: [GC pause (G1 Evacuation Pause) (young) 4048K->913K(8192K), 0.0008255 secs]
26.045: [GC pause (G1 Evacuation Pause) (young) 3985K->976K(8192K), 0.0011615 secs]
26.048: [GC pause (G1 Evacuation Pause) (young) 4048K->913K(8192K), 0.0008612 secs]
26.051: [GC pause (G1 Evacuation Pause) (young) 3985K->976K(8192K), 0.0011258 secs]
26.054: [GC pause (G1 Evacuation Pause) (young) 4048K->913K(8192K), 0.0300723 secs]
26.087: [GC pause (G1 Evacuation Pause) (young) 3985K->976K(8192K), 0.0011654 secs]
26.091: [GC pause (G1 Evacuation Pause) (young) 4048K->913K(8192K), 0.0016383 secs]
26.095: [GC pause (G1 Evacuation Pause) (young) 3985K->976K(8192K), 0.0012033 secs]
26.098: [GC pause (G1 Evacuation Pause) (young) 4048K->913K(8192K), 0.0008189 secs]
26.101: [GC pause (G1 Evacuation Pause) (young) 3985K->976K(8192K), 0.0011764 secs]
26.105: [GC pause (G1 Evacuation Pause) (young) 4048K->913K(8192K), 0.0008838 secs]
26.108: [GC pause (G1 Evacuation Pause) (young) 3985K->976K(8192K), 0.0013589 secs]
26.112: [GC pause (G1 Evacuation Pause) (young) 4048K->913K(8192K), 0.0008194 secs]
26.115: [GC pause (G1 Evacuation Pause) (young) 3985K->976K(8192K), 0.0016983 secs]
26.118: [GC pause (G1 Evacuation Pause) (young) 4048K->913K(8192K), 0.0008810 secs]
26.122: [GC pause (G1 Evacuation Pause) (young) 3985K->976K(8192K), 0.0011896 secs]
26.126: [GC pause (G1 Evacuation Pause) (young) 4048K->913K(8192K), 0.0008420 secs]
26.130: [GC pause (G1 Evacuation Pause) (young) 3985K->976K(8192K), 0.0011874 secs]
26.133: [GC pause (G1 Evacuation Pause) (young) 4048K->913K(8192K), 0.0008205 secs]
26.137: [GC pause (G1 Evacuation Pause) (young) 3985K->976K(8192K), 0.0011357 secs]
26.140: [GC pause (G1 Evacuation Pause) (young) 4048K->913K(8192K), 0.0008183 secs]
26.144: [GC pause (G1 Evacuation Pause) (young) 3985K->976K(8192K), 0.0012083 secs]
26.148: [GC pause (G1 Evacuation Pause) (young) 4048K->913K(8192K), 0.0008315 secs]
26.151: [GC pause (G1 Evacuation Pause) (young) 3985K->976K(8192K), 0.0011467 secs]
26.154: [GC pause (G1 Evacuation Pause) (young) 4048K->913K(8192K), 0.0008271 secs]
26.157: [GC pause (G1 Evacuation Pause) (young) 3985K->976K(8192K), 0.0014541 secs]
26.161: [GC pause (G1 Evacuation Pause) (young) 4048K->913K(8192K), 0.0008255 secs]
26.164: [GC pause (G1 Evacuation Pause) (young) 3985K->976K(8192K), 0.0011450 secs]
26.167: [GC pause (G1 Evacuation Pause) (young) 4048K->913K(8192K), 0.0008299 secs]
26.170: [GC pause (G1 Evacuation Pause) (young) 3985K->976K(8192K), 0.0011478 secs]
26.174: [GC pause (G1 Evacuation Pause) (young) 4048K->913K(8192K), 0.0009107 secs]
26.177: [GC pause (G1 Evacuation Pause) (young) 3985K->976K(8192K), 0.0013639 secs]
26.180: [GC pause (G1 Evacuation Pause) (young) 4048K->913K(8192K), 0.0008183 secs]
26.183: [GC pause (G1 Evacuation Pause) (young) 3985K->976K(8192K), 0.0011351 secs]
26.187: [GC pause (G1 Evacuation Pause) (young) 4048K->913K(8192K), 0.0008200 secs]
26.190: [GC pause (G1 Evacuation Pause) (young) 3985K->976K(8192K), 0.0011434 secs]
26.193: [GC pause (G1 Evacuation Pause) (young) 4048K->913K(8192K), 0.0009833 secs]
26.196: [GC pause (G1 Evacuation Pause) (young) 3985K->976K(8192K), 0.0011335 secs]
26.200: [GC pause (G1 Evacuation Pause) (young) 4048K->913K(8192K), 0.0008145 secs]
26.203: [GC pause (G1 Evacuation Pause) (young) 3985K->976K(8192K), 0.0012286 secs]
26.206: [GC pause (G1 Evacuation Pause) (young) 4048K->913K(8192K), 0.0008134 secs]
26.209: [GC pause (G1 Evacuation Pause) (young) 3985K->976K(8192K), 0.0013485 secs]
26.213: [GC pause (G1 Evacuation Pause) (young) 4048K->913K(8192K), 0.0008233 secs]
26.216: [GC pause (G1 Evacuation Pause) (young) 3985K->976K(8192K), 0.0011846 secs]
26.219: [GC pause (G1 Evacuation Pause) (young) 4048K->913K(8192K), 0.0008222 secs]
26.222: [GC pause (G1 Evacuation Pause) (young) 3985K->976K(8192K), 0.0011467 secs]
26.225: [GC pause (G1 Evacuation Pause) (young) 4048K->913K(8192K), 0.0009272 secs]
26.228: [GC pause (G1 Evacuation Pause) (young) 3985K->976K(8192K), 0.0011456 secs]
26.232: [GC pause (G1 Evacuation Pause) (young) 4048K->913K(8192K), 0.0008398 secs]
26.235: [GC pause (G1 Evacuation Pause) (young) 3985K->976K(8192K), 0.0011357 secs]
26.238: [GC pause (G1 Evacuation Pause) (young) 4048K->913K(8192K), 0.0008101 secs]
26.241: [GC pause (G1 Evacuation Pause) (young) 3985K->976K(8192K), 0.0013188 secs]
26.245: [GC pause (G1 Evacuation Pause) (young) 4048K->913K(8192K), 0.0008161 secs]
26.248: [GC pause (G1 Evacuation Pause) (young) 3985K->976K(8192K), 0.0011566 secs]
26.251: [GC pause (G1 Evacuation Pause) (young) 4048K->913K(8192K), 0.0008227 secs]
26.254: [GC pause (G1 Evacuation Pause) (young) 3985K->976K(8192K), 0.0015668 secs]
26.258: [GC pause (G1 Evacuation Pause) (young) 4048K->913K(8192K), 0.0008260 secs]
26.261: [GC pause (G1 Evacuation Pause) (young) 3985K->976K(8192K), 0.0011340 secs]
26.265: [GC pause (G1 Evacuation Pause) (young) 4048K->913K(8192K), 0.0008222 secs]
26.267: [GC pause (G1 Evacuation Pause) (young) 3985K->976K(8192K), 0.0011291 secs]
26.271: [GC pause (G1 Evacuation Pause) (young) 4048K->913K(8192K), 0.0009652 secs]
26.274: [GC pause (G1 Evacuation Pause) (young) 3985K->976K(8192K), 0.0015173 secs]
26.278: [GC pause (G1 Evacuation Pause) (young) 4048K->913K(8192K), 0.0008706 secs]
26.281: [GC pause (G1 Evacuation Pause) (young) 3985K->976K(8192K), 0.0011280 secs]
26.284: [GC pause (G1 Evacuation Pause) (young) 4048K->913K(8192K), 0.0008101 secs]
26.287: [GC pause (G1 Evacuation Pause) (young) 3985K->976K(8192K), 0.0013298 secs]
26.290: [GC pause (G1 Evacuation Pause) (young) 4048K->913K(8192K), 0.0008431 secs]
26.293: [GC pause (G1 Evacuation Pause) (young) 3985K->976K(8192K), 0.0011274 secs]
26.296: [GC pause (G1 Evacuation Pause) (young) 4048K->913K(8192K), 0.0008046 secs]
26.299: [GC pause (G1 Evacuation Pause) (young) 3985K->976K(8192K), 0.0011335 secs]
26.303: [GC pause (G1 Evacuation Pause) (young) 4048K->913K(8192K), 0.0011984 secs]
26.306: [GC pause (G1 Evacuation Pause) (young) 3985K->976K(8192K), 0.0011379 secs]
26.309: [GC pause (G1 Evacuation Pause) (young) 4048K->913K(8192K), 0.0008348 secs]
26.312: [GC pause (G1 Evacuation Pause) (young) 3985K->976K(8192K), 0.0011401 secs]
26.316: [GC pause (G1 Evacuation Pause) (young) 4048K->913K(8192K), 0.0008145 secs]
26.319: [GC pause (G1 Evacuation Pause) (young) 3985K->976K(8192K), 0.0011181 secs]
26.322: [GC pause (G1 Evacuation Pause) (young) 4048K->913K(8192K), 0.0008150 secs]
26.325: [GC pause (G1 Evacuation Pause) (young) 3985K->976K(8192K), 0.0013787 secs]
26.328: [GC pause (G1 Evacuation Pause) (young) 4048K->913K(8192K), 0.0008282 secs]
26.331: [GC pause (G1 Evacuation Pause) (young) 3985K->976K(8192K), 0.0011368 secs]
26.335: [GC pause (G1 Evacuation Pause) (young) 4048K->913K(8192K), 0.0008271 secs]
26.338: [GC pause (G1 Evacuation Pause) (young) 3985K->976K(8192K), 0.0011307 secs]
26.341: [GC pause (G1 Evacuation Pause) (young) 4048K->913K(8192K), 0.0012000 secs]
26.344: [GC pause (G1 Evacuation Pause) (young) 3985K->976K(8192K), 0.0011830 secs]
26.348: [GC pause (G1 Evacuation Pause) (young) 4048K->913K(8192K), 0.0008172 secs]
26.351: [GC pause (G1 Evacuation Pause) (young) 3985K->976K(8192K), 0.0011148 secs]
26.354: [GC pause (G1 Evacuation Pause) (young) 4048K->913K(8192K), 0.0008095 secs]
26.357: [GC pause (G1 Evacuation Pause) (young) 3985K->976K(8192K), 0.0011703 secs]
26.360: [GC pause (G1 Evacuation Pause) (young) 4048K->913K(8192K), 0.0008255 secs]
26.363: [GC pause (G1 Evacuation Pause) (young) 3985K->976K(8192K), 0.0011423 secs]
26.366: [GC pause (G1 Evacuation Pause) (young) 4048K->913K(8192K), 0.0008101 secs]
26.369: [GC pause (G1 Evacuation Pause) (young) 3985K->976K(8192K), 0.0011280 secs]
26.372: [GC pause (G1 Evacuation Pause) (young) 4048K->913K(8192K), 0.0008101 secs]
26.375: [GC pause (G1 Evacuation Pause) (young) 3985K->976K(8192K), 0.0011483 secs]
26.379: [GC pause (G1 Evacuation Pause) (young) 4048K->913K(8192K), 0.0008953 secs]
26.382: [GC pause (G1 Evacuation Pause) (young) 3985K->976K(8192K), 0.0011670 secs]
26.385: [GC pause (G1 Evacuation Pause) (young) 4048K->913K(8192K), 0.0008178 secs]
26.388: [GC pause (G1 Evacuation Pause) (young) 3985K->976K(8192K), 0.0011824 secs]
26.391: [GC pause (G1 Evacuation Pause) (young) 4048K->913K(8192K), 0.0008200 secs]
26.394: [GC pause (G1 Evacuation Pause) (young) 3985K->976K(8192K), 0.0011302 secs]
26.397: [GC pause (G1 Evacuation Pause) (young) 4048K->913K(8192K), 0.0009597 secs]
26.400: [GC pause (G1 Evacuation Pause) (young) 3985K->976K(8192K), 0.0011439 secs]
26.404: [GC pause (G1 Evacuation Pause) (young) 4048K->913K(8192K), 0.0008304 secs]
26.407: [GC pause (G1 Evacuation Pause) (young) 3985K->976K(8192K), 0.0011549 secs]
26.410: [GC pause (G1 Evacuation Pause) (young) 4048K->913K(8192K), 0.0008194 secs]
26.413: [GC pause (G1 Evacuation Pause) (young) 3985K->976K(8192K), 0.0013523 secs]
26.417: [GC pause (G1 Evacuation Pause) (young) 4048K->913K(8192K), 0.0008337 secs]
26.420: [GC pause (G1 Evacuation Pause) (young) 3985K->976K(8192K), 0.0011505 secs]
26.423: [GC pause (G1 Evacuation Pause) (young) 4048K->913K(8192K), 0.0008277 secs]
26.427: [GC pause (G1 Evacuation Pause) (young) 3985K->1003K(8192K), 0.0013655 secs]
26.431: [GC pause (G1 Evacuation Pause) (young) 4075K->913K(8192K), 0.0008684 secs]
26.434: [GC pause (G1 Evacuation Pause) (young) 3985K->976K(8192K), 0.0012105 secs]
26.438: [GC pause (G1 Evacuation Pause) (young) 4048K->913K(8192K), 0.0008827 secs]
26.441: [GC pause (G1 Evacuation Pause) (young) 3985K->976K(8192K), 0.0014579 secs]
26.445: [GC pause (G1 Evacuation Pause) (young) 4048K->913K(8192K), 0.0008260 secs]
26.448: [GC pause (G1 Evacuation Pause) (young) 3985K->976K(8192K), 0.0011390 secs]
26.452: [GC pause (G1 Evacuation Pause) (young) 4048K->913K(8192K), 0.0366789 secs]
26.491: [GC pause (G1 Evacuation Pause) (young) 3985K->976K(8192K), 0.0106851 secs]
26.504: [GC pause (G1 Evacuation Pause) (young) 4048K->913K(8192K), 0.0008288 secs]
26.507: [GC pause (G1 Evacuation Pause) (young) 3985K->976K(8192K), 0.0157860 secs]
26.525: [GC pause (G1 Evacuation Pause) (young) 4048K->913K(8192K), 0.0008651 secs]
26.528: [GC pause (G1 Evacuation Pause) (young) 3985K->976K(8192K), 0.0011291 secs]
26.532: [GC pause (G1 Evacuation Pause) (young) 4048K->913K(8192K), 0.0244049 secs]
26.559: [GC pause (G1 Evacuation Pause) (young) 3985K->976K(8192K), 0.0011918 secs]
26.562: [GC pause (G1 Evacuation Pause) (young) 4048K->913K(8192K), 0.0009168 secs]
26.565: [GC pause (G1 Evacuation Pause) (young) 3985K->976K(8192K), 0.0011247 secs]
26.568: [GC pause (G1 Evacuation Pause) (young) 4048K->913K(8192K), 0.0008095 secs]
26.571: [GC pause (G1 Evacuation Pause) (young) 3985K->976K(8192K), 0.0011379 secs]
26.575: [GC pause (G1 Evacuation Pause) (young) 4048K->913K(8192K), 0.0011049 secs]
26.578: [GC pause (G1 Evacuation Pause) (young) 3985K->976K(8192K), 0.0011252 secs]
26.581: [GC pause (G1 Evacuation Pause) (young) 4048K->913K(8192K), 0.0008392 secs]
26.585: [GC pause (G1 Evacuation Pause) (young) 3985K->976K(8192K), 0.0011357 secs]
26.588: [GC pause (G1 Evacuation Pause) (young) 4048K->913K(8192K), 0.0008794 secs]
26.591: [GC pause (G1 Evacuation Pause) (young) 3985K->976K(8192K), 0.0012022 secs]
26.594: [GC pause (G1 Evacuation Pause) (young) 4048K->913K(8192K), 0.0008062 secs]
26.597: [GC pause (G1 Evacuation Pause) (young) 3985K->976K(8192K), 0.0011329 secs]
26.601: [GC pause (G1 Evacuation Pause) (young) 4048K->913K(8192K), 0.0008948 secs]
26.604: [GC pause (G1 Evacuation Pause) (young) 3985K->976K(8192K), 0.0011384 secs]
26.607: [GC pause (G1 Evacuation Pause) (young) 4048K->913K(8192K), 0.0009432 secs]
26.610: [GC pause (G1 Evacuation Pause) (young) 3985K->976K(8192K), 0.0011307 secs]
26.613: [GC pause (G1 Evacuation Pause) (young) 4048K->913K(8192K), 0.0008068 secs]
26.616: [GC pause (G1 Evacuation Pause) (young) 3985K->976K(8192K), 0.0012446 secs]
26.620: [GC pause (G1 Evacuation Pause) (young) 4048K->913K(8192K), 0.0008227 secs]
26.623: [GC pause (G1 Evacuation Pause) (young) 3985K->976K(8192K), 0.0011208 secs]
26.626: [GC pause (G1 Evacuation Pause) (young) 4048K->913K(8192K), 0.0008095 secs]
26.629: [GC pause (G1 Evacuation Pause) (young) 3985K->976K(8192K), 0.0011197 secs]
26.632: [GC pause (G1 Evacuation Pause) (young) 4048K->913K(8192K), 0.0009129 secs]
26.635: [GC pause (G1 Evacuation Pause) (young) 3985K->976K(8192K), 0.0011384 secs]
26.638: [GC pause (G1 Evacuation Pause) (young) 4048K->913K(8192K), 0.0008112 secs]
26.641: [GC pause (G1 Evacuation Pause) (young) 3985K->976K(8192K), 0.0011131 secs]
26.644: [GC pause (G1 Evacuation Pause) (young) 4048K->913K(8192K), 0.0008106 secs]
26.647: [GC pause (G1 Evacuation Pause) (young) 3985K->1003K(8192K), 0.0014343 secs]
26.651: [GC pause (G1 Evacuation Pause) (young) 4075K->913K(8192K), 0.0008227 secs]
26.654: [GC pause (G1 Evacuation Pause) (young) 3985K->976K(8192K), 0.0011274 secs]
26.657: [GC pause (G1 Evacuation Pause) (young) 4048K->913K(8192K), 0.0008205 secs]
26.660: [GC pause (G1 Evacuation Pause) (young) 3985K->976K(8192K), 0.0011648 secs]
26.663: [GC pause (G1 Evacuation Pause) (young) 4048K->913K(8192K), 0.0008233 secs]
26.666: [GC pause (G1 Evacuation Pause) (young) 3985K->976K(8192K), 0.0011214 secs]
26.669: [GC pause (G1 Evacuation Pause) (young) 4048K->913K(8192K), 0.0008315 secs]
26.672: [GC pause (G1 Evacuation Pause) (young) 3985K->976K(8192K), 0.0011159 secs]
26.676: [GC pause (G1 Evacuation Pause) (young) 4048K->913K(8192K), 0.0008183 secs]
26.679: [GC pause (G1 Evacuation Pause) (young) 3985K->976K(8192K), 0.0011500 secs]
26.682: [GC pause (G1 Evacuation Pause) (young) 4048K->913K(8192K), 0.0007991 secs]
26.685: [GC pause (G1 Evacuation Pause) (young) 3985K->976K(8192K), 0.0011373 secs]
26.688: [GC pause (G1 Evacuation Pause) (young) 4048K->913K(8192K), 0.0008656 secs]
26.691: [GC pause (G1 Evacuation Pause) (young) 3985K->976K(8192K), 0.0011379 secs]
26.694: [GC pause (G1 Evacuation Pause) (young) 4048K->913K(8192K), 0.0008106 secs]
26.697: [GC pause (G1 Evacuation Pause) (young) 3985K->976K(8192K), 0.0011450 secs]
26.701: [GC pause (G1 Evacuation Pause) (young) 4048K->913K(8192K), 0.0008040 secs]
26.704: [GC pause (G1 Evacuation Pause) (young) 3985K->976K(8192K), 0.0011483 secs]
26.707: [GC pause (G1 Evacuation Pause) (young) 4048K->913K(8192K), 0.0035065 secs]
26.712: [GC pause (G1 Evacuation Pause) (young) 3985K->976K(8192K), 0.0011362 secs]
26.716: [GC pause (G1 Evacuation Pause) (young) 4048K->913K(8192K), 0.0008266 secs]
26.719: [GC pause (G1 Evacuation Pause) (young) 3985K->976K(8192K), 0.0011764 secs]
26.722: [GC pause (G1 Evacuation Pause) (young) 4048K->913K(8192K), 0.0008321 secs]
26.725: [GC pause (G1 Evacuation Pause) (young) 3985K->976K(8192K), 0.0013150 secs]
26.728: [GC pause (G1 Evacuation Pause) (young) 4048K->913K(8192K), 0.0008057 secs]
26.731: [GC pause (G1 Evacuation Pause) (young) 3985K->976K(8192K), 0.0011335 secs]
26.734: [GC pause (G1 Evacuation Pause) (young) 4048K->913K(8192K), 0.0008057 secs]
26.737: [GC pause (G1 Evacuation Pause) (young) 3985K->976K(8192K), 0.0011340 secs]
26.741: [GC pause (G1 Evacuation Pause) (young) 4048K->913K(8192K), 0.0012292 secs]
26.744: [GC pause (G1 Evacuation Pause) (young) 3985K->976K(8192K), 0.0011401 secs]
26.747: [GC pause (G1 Evacuation Pause) (young) 4048K->913K(8192K), 0.0009525 secs]
26.750: [GC pause (G1 Evacuation Pause) (young) 3985K->976K(8192K), 0.0021201 secs]
26.755: [GC pause (G1 Evacuation Pause) (young) 4048K->913K(8192K), 0.0008326 secs]
26.758: [GC pause (G1 Evacuation Pause) (young) 3985K->976K(8192K), 0.0011852 secs]
26.761: [GC pause (G1 Evacuation Pause) (young) 4048K->913K(8192K), 0.0008854 secs]
26.764: [GC pause (G1 Evacuation Pause) (young) 3985K->976K(8192K), 0.0011285 secs]
26.767: [GC pause (G1 Evacuation Pause) (young) 4048K->913K(8192K), 0.0008557 secs]
26.770: [GC pause (G1 Evacuation Pause) (young) 3985K->976K(8192K), 0.0011208 secs]
26.774: [GC pause (G1 Evacuation Pause) (young) 4048K->913K(8192K), 0.0008062 secs]
26.777: [GC pause (G1 Evacuation Pause) (young) 3985K->976K(8192K), 0.0011494 secs]
26.780: [GC pause (G1 Evacuation Pause) (young) 4048K->913K(8192K), 0.0008183 secs]
26.783: [GC pause (G1 Evacuation Pause) (young) 3985K->976K(8192K), 0.0011285 secs]
26.786: [GC pause (G1 Evacuation Pause) (young) 4048K->913K(8192K), 0.0008046 secs]
26.789: [GC pause (G1 Evacuation Pause) (young) 3985K->976K(8192K), 0.0011929 secs]
26.792: [GC pause (G1 Evacuation Pause) (young) 4048K->913K(8192K), 0.0008343 secs]
26.795: [GC pause (G1 Evacuation Pause) (young) 3985K->976K(8192K), 0.0011335 secs]
26.798: [GC pause (G1 Evacuation Pause) (young) 4048K->913K(8192K), 0.0008271 secs]
26.801: [GC pause (G1 Evacuation Pause) (young) 3985K->976K(8192K), 0.0011241 secs]
26.805: [GC pause (G1 Evacuation Pause) (young) 4048K->913K(8192K), 0.0009877 secs]
26.808: [GC pause (G1 Evacuation Pause) (young) 3985K->976K(8192K), 0.0011747 secs]
26.811: [GC pause (G1 Evacuation Pause) (young) 4048K->975K(8192K), 0.0011214 secs]
26.814: [GC pause (G1 Evacuation Pause) (young) 4047K->998K(8192K), 0.0011401 secs]
26.818: [GC pause (G1 Evacuation Pause) (young) 4070K->911K(8192K), 0.0008205 secs]
26.821: [GC pause (G1 Evacuation Pause) (young) 3983K->974K(8192K), 0.0011164 secs]
26.824: [GC pause (G1 Evacuation Pause) (young) 4046K->913K(8192K), 0.0008601 secs]
26.827: [GC pause (G1 Evacuation Pause) (young) 3985K->976K(8192K), 0.0011923 secs]
26.830: [GC pause (G1 Evacuation Pause) (young) 4048K->913K(8192K), 0.0008101 secs]
26.833: [GC pause (G1 Evacuation Pause) (young) 3985K->976K(8192K), 0.0015047 secs]
26.837: [GC pause (G1 Evacuation Pause) (young) 4048K->913K(8192K), 0.0008299 secs]
26.840: [GC pause (G1 Evacuation Pause) (young) 3985K->976K(8192K), 0.0011362 secs]
26.843: [GC pause (G1 Evacuation Pause) (young) 4048K->913K(8192K), 0.0008205 secs]
26.846: [GC pause (G1 Evacuation Pause) (young) 3985K->976K(8192K), 0.0012033 secs]
26.849: [GC pause (G1 Evacuation Pause) (young) 4048K->913K(8192K), 0.0012924 secs]
26.852: [GC pause (G1 Evacuation Pause) (young) 3985K->976K(8192K), 0.0011450 secs]
26.856: [GC pause (G1 Evacuation Pause) (young) 4048K->913K(8192K), 0.0008172 secs]
26.859: [GC pause (G1 Evacuation Pause) (young) 3985K->976K(8192K), 0.0011269 secs]
26.862: [GC pause (G1 Evacuation Pause) (young) 4048K->913K(8192K), 0.0013545 secs]
26.865: [GC pause (G1 Evacuation Pause) (young) 3985K->976K(8192K), 0.0011395 secs]
26.869: [GC pause (G1 Evacuation Pause) (young) 4048K->913K(8192K), 0.0008706 secs]
26.872: [GC pause (G1 Evacuation Pause) (young) 3985K->976K(8192K), 0.0011203 secs]
26.875: [GC pause (G1 Evacuation Pause) (young) 4048K->913K(8192K), 0.0009553 secs]
26.878: [GC pause (G1 Evacuation Pause) (young) 3985K->976K(8192K), 0.0011571 secs]
26.881: [GC pause (G1 Evacuation Pause) (young) 4048K->913K(8192K), 0.0024132 secs]
26.886: [GC pause (G1 Evacuation Pause) (young) 3985K->976K(8192K), 0.0011412 secs]
26.889: [GC pause (G1 Evacuation Pause) (young) 4048K->913K(8192K), 0.0026882 secs]
26.894: [GC pause (G1 Evacuation Pause) (young) 3985K->976K(8192K), 0.0011780 secs]
26.897: [GC pause (G1 Evacuation Pause) (young) 4048K->913K(8192K), 0.0008288 secs]
26.900: [GC pause (G1 Evacuation Pause) (young) 3985K->976K(8192K), 0.0011236 secs]
26.903: [GC pause (G1 Evacuation Pause) (young) 4048K->913K(8192K), 0.0008266 secs]
26.906: [GC pause (G1 Evacuation Pause) (young) 3985K->976K(8192K), 0.0011192 secs]
26.910: [GC pause (G1 Evacuation Pause) (young) 4048K->913K(8192K), 0.0008183 secs]
26.914: [GC pause (G1 Evacuation Pause) (young) 3985K->976K(8192K), 0.0013820 secs]
26.918: [GC pause (G1 Evacuation Pause) (young) 4048K->913K(8192K), 0.0008178 secs]
26.921: [GC pause (G1 Evacuation Pause) (young) 3985K->976K(8192K), 0.0011401 secs]
26.924: [GC pause (G1 Evacuation Pause) (young) 4048K->913K(8192K), 0.0008414 secs]
26.927: [GC pause (G1 Evacuation Pause) (young) 3985K->976K(8192K), 0.0011461 secs]
26.930: [GC pause (G1 Evacuation Pause) (young) 4048K->913K(8192K), 0.0008183 secs]
26.933: [GC pause (G1 Evacuation Pause) (young) 3985K->976K(8192K), 0.0011280 secs]
26.936: [GC pause (G1 Evacuation Pause) (young) 4048K->913K(8192K), 0.0008024 secs]
26.939: [GC pause (G1 Evacuation Pause) (young) 3985K->976K(8192K), 0.0011302 secs]
26.943: [GC pause (G1 Evacuation Pause) (young) 4048K->913K(8192K), 0.0008035 secs]
26.945: [GC pause (G1 Evacuation Pause) (young) 3985K->976K(8192K), 0.0011357 secs]
26.949: [GC pause (G1 Evacuation Pause) (young) 4048K->913K(8192K), 0.0008139 secs]
26.952: [GC pause (G1 Evacuation Pause) (young) 3985K->976K(8192K), 0.0011439 secs]
26.955: [GC pause (G1 Evacuation Pause) (young) 4048K->913K(8192K), 0.0008832 secs]
26.958: [GC pause (G1 Evacuation Pause) (young) 3985K->976K(8192K), 0.0011285 secs]
26.961: [GC pause (G1 Evacuation Pause) (young) 4048K->913K(8192K), 0.0008024 secs]
26.964: [GC pause (G1 Evacuation Pause) (young) 3985K->1003K(8192K), 0.0015206 secs]
26.968: [GC pause (G1 Evacuation Pause) (young) 4075K->913K(8192K), 0.0008183 secs]
26.971: [GC pause (G1 Evacuation Pause) (young) 3985K->976K(8192K), 0.0011219 secs]
26.974: [GC pause (G1 Evacuation Pause) (young) 4048K->913K(8192K), 0.0012704 secs]
26.977: [GC pause (G1 Evacuation Pause) (young) 3985K->976K(8192K), 0.0011335 secs]
26.981: [GC pause (G1 Evacuation Pause) (young) 4048K->913K(8192K), 0.0008128 secs]
26.984: [GC pause (G1 Evacuation Pause) (young) 3985K->976K(8192K), 0.0011230 secs]
26.987: [GC pause (G1 Evacuation Pause) (young) 4048K->913K(8192K), 0.0008266 secs]
26.990: [GC pause (G1 Evacuation Pause) (young) 3985K->976K(8192K), 0.0011890 secs]
26.993: [GC pause (G1 Evacuation Pause) (young) 4048K->913K(8192K), 0.0008497 secs]
26.996: [GC pause (G1 Evacuation Pause) (young) 3985K->976K(8192K), 0.0011302 secs]
26.999: [GC pause (G1 Evacuation Pause) (young) 4048K->913K(8192K), 0.0008519 secs]
27.002: [GC pause (G1 Evacuation Pause) (young) 3985K->976K(8192K), 0.0011164 secs]
27.005: [GC pause (G1 Evacuation Pause) (young) 4048K->913K(8192K), 0.0008513 secs]
27.008: [GC pause (G1 Evacuation Pause) (young) 3985K->976K(8192K), 0.0011324 secs]
27.012: [GC pause (G1 Evacuation Pause) (young) 4048K->913K(8192K), 0.0008073 secs]
27.014: [GC pause (G1 Evacuation Pause) (young) 3985K->976K(8192K), 0.0017153 secs]
27.018: [GC pause (G1 Evacuation Pause) (young) 4048K->913K(8192K), 0.0008205 secs]
27.021: [GC pause (G1 Evacuation Pause) (young) 3985K->976K(8192K), 0.0011329 secs]
27.025: [GC pause (G1 Evacuation Pause) (young) 4048K->913K(8192K), 0.0009899 secs]
27.028: [GC pause (G1 Evacuation Pause) (young) 3985K->976K(8192K), 0.0011516 secs]
27.031: [GC pause (G1 Evacuation Pause) (young) 4048K->913K(8192K), 0.0008249 secs]
27.034: [GC pause (G1 Evacuation Pause) (young) 3985K->976K(8192K), 0.0011230 secs]
27.037: [GC pause (G1 Evacuation Pause) (young) 4048K->913K(8192K), 0.0008090 secs]
27.040: [GC pause (G1 Evacuation Pause) (young) 3985K->976K(8192K), 0.0012039 secs]
27.043: [GC pause (G1 Evacuation Pause) (young) 4048K->913K(8192K), 0.0008673 secs]
27.046: [GC pause (G1 Evacuation Pause) (young) 3985K->976K(8192K), 0.0011313 secs]
27.050: [GC pause (G1 Evacuation Pause) (young) 4048K->913K(8192K), 0.0008035 secs]
27.052: [GC pause (G1 Evacuation Pause) (young) 3985K->976K(8192K), 0.0011186 secs]
27.056: [GC pause (G1 Evacuation Pause) (young) 4048K->913K(8192K), 0.0008156 secs]
27.059: [GC pause (G1 Evacuation Pause) (young) 3985K->976K(8192K), 0.0011632 secs]
27.062: [GC pause (G1 Evacuation Pause) (young) 4048K->913K(8192K), 0.0008079 secs]
27.065: [GC pause (G1 Evacuation Pause) (young) 3985K->976K(8192K), 0.0011247 secs]
27.068: [GC pause (G1 Evacuation Pause) (young) 4048K->913K(8192K), 0.0008211 secs]
27.071: [GC pause (G1 Evacuation Pause) (young) 3985K->976K(8192K), 0.0011329 secs]
27.074: [GC pause (G1 Evacuation Pause) (young) 4048K->913K(8192K), 0.0010818 secs]
27.077: [GC pause (G1 Evacuation Pause) (young) 3985K->976K(8192K), 0.0011632 secs]
27.081: [GC pause (G1 Evacuation Pause) (young) 4048K->913K(8192K), 0.0008145 secs]
27.084: [GC pause (G1 Evacuation Pause) (young) 3985K->976K(8192K), 0.0011445 secs]
27.087: [GC pause (G1 Evacuation Pause) (young) 4048K->913K(8192K), 0.0008139 secs]
27.090: [GC pause (G1 Evacuation Pause) (young) 3985K->976K(8192K), 0.0011560 secs]
27.093: [GC pause (G1 Evacuation Pause) (young) 4048K->913K(8192K), 0.0008073 secs]
27.096: [GC pause (G1 Evacuation Pause) (young) 3985K->976K(8192K), 0.0011956 secs]
27.099: [GC pause (G1 Evacuation Pause) (young) 4048K->913K(8192K), 0.0008095 secs]
27.102: [GC pause (G1 Evacuation Pause) (young) 3985K->976K(8192K), 0.0011142 secs]
27.105: [GC pause (G1 Evacuation Pause) (young) 4048K->913K(8192K), 0.0007974 secs]
27.108: [GC pause (G1 Evacuation Pause) (young) 3985K->976K(8192K), 0.0011192 secs]
27.112: [GC pause (G1 Evacuation Pause) (young) 4048K->913K(8192K), 0.0008024 secs]
27.115: [GC pause (G1 Evacuation Pause) (young) 3985K->976K(8192K), 0.0011467 secs]
27.118: [GC pause (G1 Evacuation Pause) (young) 4048K->913K(8192K), 0.0008667 secs]
27.121: [GC pause (G1 Evacuation Pause) (young) 3985K->976K(8192K), 0.0011753 secs]
27.124: [GC pause (G1 Evacuation Pause) (young) 4048K->913K(8192K), 0.0010015 secs]
27.128: [GC pause (G1 Evacuation Pause) (young) 3985K->976K(8192K), 0.0011214 secs]
27.131: [GC pause (G1 Evacuation Pause) (young) 4048K->913K(8192K), 0.0008062 secs]
27.134: [GC pause (G1 Evacuation Pause) (young) 3985K->976K(8192K), 0.0011566 secs]
27.137: [GC pause (G1 Evacuation Pause) (young) 4048K->913K(8192K), 0.0008469 secs]
27.140: [GC pause (G1 Evacuation Pause) (young) 3985K->976K(8192K), 0.0011401 secs]
27.143: [GC pause (G1 Evacuation Pause) (young) 4048K->913K(8192K), 0.0008128 secs]
27.146: [GC pause (G1 Evacuation Pause) (young) 3985K->976K(8192K), 0.0011181 secs]
27.149: [GC pause (G1 Evacuation Pause) (young) 4048K->913K(8192K), 0.0007996 secs]
27.152: [GC pause (G1 Evacuation Pause) (young) 3985K->976K(8192K), 0.0011203 secs]
27.155: [GC pause (G1 Evacuation Pause) (young) 4048K->913K(8192K), 0.0008183 secs]
27.158: [GC pause (G1 Evacuation Pause) (young) 3985K->976K(8192K), 0.0011148 secs]
27.161: [GC pause (G1 Evacuation Pause) (young) 4048K->913K(8192K), 0.0008018 secs]
27.164: [GC pause (G1 Evacuation Pause) (young) 3985K->976K(8192K), 0.0011219 secs]
27.168: [GC pause (G1 Evacuation Pause) (young) 4048K->913K(8192K), 0.0015872 secs]
27.171: [GC pause (G1 Evacuation Pause) (young) 3985K->976K(8192K), 0.0011505 secs]
27.175: [GC pause (G1 Evacuation Pause) (young) 4048K->913K(8192K), 0.0010301 secs]
27.178: [GC pause (G1 Evacuation Pause) (young) 3985K->976K(8192K), 0.0011192 secs]
27.181: [GC pause (G1 Evacuation Pause) (young) 4048K->913K(8192K), 0.0008139 secs]
27.184: [GC pause (G1 Evacuation Pause) (young) 3985K->976K(8192K), 0.0011263 secs]
27.188: [GC pause (G1 Evacuation Pause) (young) 4048K->913K(8192K), 0.0008260 secs]
27.190: [GC pause (G1 Evacuation Pause) (young) 3985K->976K(8192K), 0.0012143 secs]
27.194: [GC pause (G1 Evacuation Pause) (young) 4048K->913K(8192K), 0.0008172 secs]
27.197: [GC pause (G1 Evacuation Pause) (young) 3985K->976K(8192K), 0.0011714 secs]
27.200: [GC pause (G1 Evacuation Pause) (young) 4048K->913K(8192K), 0.0008079 secs]
27.203: [GC pause (G1 Evacuation Pause) (young) 3985K->976K(8192K), 0.0373427 secs]
27.243: [GC pause (G1 Evacuation Pause) (young) 4048K->913K(8192K), 0.0270667 secs]
27.273: [GC pause (G1 Evacuation Pause) (young) 3985K->976K(8192K), 0.0208418 secs]
27.297: [GC pause (G1 Evacuation Pause) (young) 4048K->913K(8192K), 0.0236213 secs]
27.323: [GC pause (G1 Evacuation Pause) (young) 3985K->1003K(8192K), 0.0084166 secs]
27.334: [GC pause (G1 Evacuation Pause) (young) 4075K->913K(8192K), 0.0008948 secs]
27.337: [GC pause (G1 Evacuation Pause) (young) 3985K->976K(8192K), 0.0011258 secs]
27.340: [GC pause (G1 Evacuation Pause) (young) 4048K->913K(8192K), 0.0008062 secs]
27.343: [GC pause (G1 Evacuation Pause) (young) 3985K->976K(8192K), 0.0011401 secs]
27.347: [GC pause (G1 Evacuation Pause) (young) 4048K->913K(8192K), 0.0008073 secs]
27.349: [GC pause (G1 Evacuation Pause) (young) 3985K->976K(8192K), 0.0014563 secs]
27.353: [GC pause (G1 Evacuation Pause) (young) 4048K->913K(8192K), 0.0008651 secs]
27.356: [GC pause (G1 Evacuation Pause) (young) 3985K->976K(8192K), 0.0011857 secs]
27.360: [GC pause (G1 Evacuation Pause) (young) 4048K->913K(8192K), 0.0008315 secs]
27.362: [GC pause (G1 Evacuation Pause) (young) 3985K->976K(8192K), 0.0011236 secs]
27.366: [GC pause (G1 Evacuation Pause) (young) 4048K->913K(8192K), 0.0009536 secs]
27.369: [GC pause (G1 Evacuation Pause) (young) 3985K->976K(8192K), 0.0011335 secs]
27.372: [GC pause (G1 Evacuation Pause) (young) 4048K->913K(8192K), 0.0008128 secs]
27.375: [GC pause (G1 Evacuation Pause) (young) 3985K->976K(8192K), 0.0013166 secs]
27.379: [GC pause (G1 Evacuation Pause) (young) 4048K->913K(8192K), 0.0008040 secs]
27.381: [GC pause (G1 Evacuation Pause) (young) 3985K->1003K(8192K), 0.0014827 secs]
27.385: [GC pause (G1 Evacuation Pause) (young) 4075K->913K(8192K), 0.0008123 secs]
27.388: [GC pause (G1 Evacuation Pause) (young) 3985K->976K(8192K), 0.0011269 secs]
27.391: [GC pause (G1 Evacuation Pause) (young) 4048K->913K(8192K), 0.0008216 secs]
27.394: [GC pause (G1 Evacuation Pause) (young) 3985K->976K(8192K), 0.0011274 secs]
27.397: [GC pause (G1 Evacuation Pause) (young) 4048K->913K(8192K), 0.0008200 secs]
27.400: [GC pause (G1 Evacuation Pause) (young) 3985K->976K(8192K), 0.0011247 secs]
27.404: [GC pause (G1 Evacuation Pause) (young) 4048K->913K(8192K), 0.0008354 secs]
27.407: [GC pause (G1 Evacuation Pause) (young) 3985K->976K(8192K), 0.0011571 secs]
27.410: [GC pause (G1 Evacuation Pause) (young) 4048K->913K(8192K), 0.0008618 secs]
27.413: [GC pause (G1 Evacuation Pause) (young) 3985K->976K(8192K), 0.0011274 secs]
27.416: [GC pause (G1 Evacuation Pause) (young) 4048K->913K(8192K), 0.0008266 secs]
27.419: [GC pause (G1 Evacuation Pause) (young) 3985K->976K(8192K), 0.0011489 secs]
27.422: [GC pause (G1 Evacuation Pause) (young) 4048K->913K(8192K), 0.0007991 secs]
27.425: [GC pause (G1 Evacuation Pause) (young) 3985K->976K(8192K), 0.0011687 secs]
27.429: [GC pause (G1 Evacuation Pause) (young) 4048K->913K(8192K), 0.0008095 secs]
27.432: [GC pause (G1 Evacuation Pause) (young) 3985K->976K(8192K), 0.0013007 secs]
27.436: [GC pause (G1 Evacuation Pause) (young) 4048K->913K(8192K), 0.0009212 secs]
27.439: [GC pause (G1 Evacuation Pause) (young) 3985K->976K(8192K), 0.0012677 secs]
27.443: [GC pause (G1 Evacuation Pause) (young) 4048K->913K(8192K), 0.0009096 secs]
27.446: [GC pause (G1 Evacuation Pause) (young) 3985K->976K(8192K), 0.0013067 secs]
27.450: [GC pause (G1 Evacuation Pause) (young) 4048K->913K(8192K), 0.0009333 secs]
27.453: [GC pause (G1 Evacuation Pause) (young) 3985K->976K(8192K), 0.0014959 secs]
27.457: [GC pause (G1 Evacuation Pause) (young) 4048K->913K(8192K), 0.0009608 secs]
27.461: [GC pause (G1 Evacuation Pause) (young) 3985K->976K(8192K), 0.0013122 secs]
27.464: [GC pause (G1 Evacuation Pause) (young) 4048K->913K(8192K), 0.0009041 secs]
27.468: [GC pause (G1 Evacuation Pause) (young) 3985K->976K(8192K), 0.0013111 secs]
27.472: [GC pause (G1 Evacuation Pause) (young) 4048K->913K(8192K), 0.0009322 secs]
27.475: [GC pause (G1 Evacuation Pause) (young) 3985K->976K(8192K), 0.0014739 secs]
27.479: [GC pause (G1 Evacuation Pause) (young) 4048K->913K(8192K), 0.0008123 secs]
27.482: [GC pause (G1 Evacuation Pause) (young) 3985K->976K(8192K), 0.0011203 secs]
27.485: [GC pause (G1 Evacuation Pause) (young) 4048K->913K(8192K), 0.0008046 secs]
27.488: [GC pause (G1 Evacuation Pause) (young) 3985K->976K(8192K), 0.0011302 secs]
27.491: [GC pause (G1 Evacuation Pause) (young) 4048K->913K(8192K), 0.0008326 secs]
27.494: [GC pause (G1 Evacuation Pause) (young) 3985K->976K(8192K), 0.0011313 secs]
27.497: [GC pause (G1 Evacuation Pause) (young) 4048K->913K(8192K), 0.0008079 secs]
27.500: [GC pause (G1 Evacuation Pause) (young) 3985K->976K(8192K), 0.0011153 secs]
27.503: [GC pause (G1 Evacuation Pause) (young) 4048K->913K(8192K), 0.0008095 secs]
27.506: [GC pause (G1 Evacuation Pause) (young) 3985K->976K(8192K), 0.0011538 secs]
27.510: [GC pause (G1 Evacuation Pause) (young) 4048K->913K(8192K), 0.0008057 secs]
27.513: [GC pause (G1 Evacuation Pause) (young) 3985K->976K(8192K), 0.0011423 secs]
27.516: [GC pause (G1 Evacuation Pause) (young) 4048K->913K(8192K), 0.0008128 secs]
27.519: [GC pause (G1 Evacuation Pause) (young) 3985K->976K(8192K), 0.0011181 secs]
27.522: [GC pause (G1 Evacuation Pause) (young) 4048K->913K(8192K), 0.0008035 secs]
27.525: [GC pause (G1 Evacuation Pause) (young) 3985K->976K(8192K), 0.0012638 secs]
27.528: [GC pause (G1 Evacuation Pause) (young) 4048K->913K(8192K), 0.0008161 secs]
27.531: [GC pause (G1 Evacuation Pause) (young) 3985K->976K(8192K), 0.0011472 secs]
27.534: [GC pause (G1 Evacuation Pause) (young) 4048K->913K(8192K), 0.0008002 secs]
27.537: [GC pause (G1 Evacuation Pause) (young) 3985K->976K(8192K), 0.0011225 secs]
27.541: [GC pause (G1 Evacuation Pause) (young) 4048K->913K(8192K), 0.0008018 secs]
27.543: [GC pause (G1 Evacuation Pause) (young) 3985K->976K(8192K), 0.0011373 secs]
27.547: [GC pause (G1 Evacuation Pause) (young) 4048K->913K(8192K), 0.0008205 secs]
27.550: [GC pause (G1 Evacuation Pause) (young) 3985K->976K(8192K), 0.0011412 secs]
27.553: [GC pause (G1 Evacuation Pause) (young) 4048K->913K(8192K), 0.0008134 secs]
27.556: [GC pause (G1 Evacuation Pause) (young) 3985K->976K(8192K), 0.0011439 secs]
27.559: [GC pause (G1 Evacuation Pause) (young) 4048K->913K(8192K), 0.0008090 secs]
27.562: [GC pause (G1 Evacuation Pause) (young) 3985K->976K(8192K), 0.0011335 secs]
27.565: [GC pause (G1 Evacuation Pause) (young) 4048K->913K(8192K), 0.0007980 secs]
27.568: [GC pause (G1 Evacuation Pause) (young) 3985K->976K(8192K), 0.0011197 secs]
27.572: [GC pause (G1 Evacuation Pause) (young) 4048K->913K(8192K), 0.0007996 secs]
27.574: [GC pause (G1 Evacuation Pause) (young) 3985K->976K(8192K), 0.0013309 secs]
27.578: [GC pause (G1 Evacuation Pause) (young) 4048K->913K(8192K), 0.0008354 secs]
27.581: [GC pause (G1 Evacuation Pause) (young) 3985K->976K(8192K), 0.0011296 secs]
27.584: [GC pause (G1 Evacuation Pause) (young) 4048K->913K(8192K), 0.0008189 secs]
27.587: [GC pause (G1 Evacuation Pause) (young) 3985K->976K(8192K), 0.0011324 secs]
27.590: [GC pause (G1 Evacuation Pause) (young) 4048K->913K(8192K), 0.0008156 secs]
27.593: [GC pause (G1 Evacuation Pause) (young) 3985K->976K(8192K), 0.0011263 secs]
27.597: [GC pause (G1 Evacuation Pause) (young) 4048K->913K(8192K), 0.0008183 secs]
27.599: [GC pause (G1 Evacuation Pause) (young) 3985K->976K(8192K), 0.0011170 secs]
27.603: [GC pause (G1 Evacuation Pause) (young) 4048K->913K(8192K), 0.0007980 secs]
27.606: [GC pause (G1 Evacuation Pause) (young) 3985K->976K(8192K), 0.0015932 secs]
27.609: [GC pause (G1 Evacuation Pause) (young) 4048K->913K(8192K), 0.0008299 secs]
27.612: [GC pause (G1 Evacuation Pause) (young) 3985K->976K(8192K), 0.0011615 secs]
27.616: [GC pause (G1 Evacuation Pause) (young) 4048K->913K(8192K), 0.0008156 secs]
27.619: [GC pause (G1 Evacuation Pause) (young) 3985K->976K(8192K), 0.0011230 secs]
27.622: [GC pause (G1 Evacuation Pause) (young) 4048K->913K(8192K), 0.0008035 secs]
27.625: [GC pause (G1 Evacuation Pause) (young) 3985K->1003K(8192K), 0.0012550 secs]
27.628: [GC pause (G1 Evacuation Pause) (young) 4075K->913K(8192K), 0.0008073 secs]
27.631: [GC pause (G1 Evacuation Pause) (young) 3985K->976K(8192K), 0.0011291 secs]
27.634: [GC pause (G1 Evacuation Pause) (young) 4048K->913K(8192K), 0.0007980 secs]
27.637: [GC pause (G1 Evacuation Pause) (young) 3985K->976K(8192K), 0.0011395 secs]
27.640: [GC pause (G1 Evacuation Pause) (young) 4048K->913K(8192K), 0.0008101 secs]
27.643: [GC pause (G1 Evacuation Pause) (young) 3985K->976K(8192K), 0.0011285 secs]
27.646: [GC pause (G1 Evacuation Pause) (young) 4048K->913K(8192K), 0.0009272 secs]
27.649: [GC pause (G1 Evacuation Pause) (young) 3985K->976K(8192K), 0.0011709 secs]
27.653: [GC pause (G1 Evacuation Pause) (young) 4048K->913K(8192K), 0.0008106 secs]
27.656: [GC pause (G1 Evacuation Pause) (young) 3985K->976K(8192K), 0.0011368 secs]
27.659: [GC pause (G1 Evacuation Pause) (young) 4048K->913K(8192K), 0.0008282 secs]
27.662: [GC pause (G1 Evacuation Pause) (young) 3985K->976K(8192K), 0.0011351 secs]
27.665: [GC pause (G1 Evacuation Pause) (young) 4048K->913K(8192K), 0.0008090 secs]
27.668: [GC pause (G1 Evacuation Pause) (young) 3985K->976K(8192K), 0.0011225 secs]
27.671: [GC pause (G1 Evacuation Pause) (young) 4048K->913K(8192K), 0.0008359 secs]
27.674: [GC pause (G1 Evacuation Pause) (young) 3985K->1003K(8192K), 0.0013655 secs]
27.678: [GC pause (G1 Evacuation Pause) (young) 4075K->913K(8192K), 0.0008139 secs]
27.681: [GC pause (G1 Evacuation Pause) (young) 3985K->976K(8192K), 0.0011417 secs]
27.684: [GC pause (G1 Evacuation Pause) (young) 4048K->913K(8192K), 0.0008046 secs]
27.687: [GC pause (G1 Evacuation Pause) (young) 3985K->976K(8192K), 0.0011170 secs]
27.690: [GC pause (G1 Evacuation Pause) (young) 4048K->913K(8192K), 0.0008579 secs]
27.693: [GC pause (G1 Evacuation Pause) (young) 3985K->976K(8192K), 0.0011197 secs]
27.696: [GC pause (G1 Evacuation Pause) (young) 4048K->913K(8192K), 0.0008029 secs]
27.699: [GC pause (G1 Evacuation Pause) (young) 3985K->976K(8192K), 0.0011263 secs]
27.703: [GC pause (G1 Evacuation Pause) (young) 4048K->913K(8192K), 0.0008002 secs]
27.705: [GC pause (G1 Evacuation Pause) (young) 3985K->976K(8192K), 0.0011626 secs]
27.709: [GC pause (G1 Evacuation Pause) (young) 4048K->913K(8192K), 0.0011890 secs]
27.712: [GC pause (G1 Evacuation Pause) (young) 3985K->976K(8192K), 0.0011560 secs]
27.716: [GC pause (G1 Evacuation Pause) (young) 4048K->913K(8192K), 0.0008189 secs]
27.719: [GC pause (G1 Evacuation Pause) (young) 3985K->976K(8192K), 0.0011318 secs]
27.722: [GC pause (G1 Evacuation Pause) (young) 4048K->913K(8192K), 0.0008150 secs]
27.725: [GC pause (G1 Evacuation Pause) (young) 3985K->976K(8192K), 0.0013342 secs]
27.728: [GC pause (G1 Evacuation Pause) (young) 4048K->913K(8192K), 0.0008112 secs]
27.731: [GC pause (G1 Evacuation Pause) (young) 3985K->976K(8192K), 0.0011285 secs]
27.734: [GC pause (G1 Evacuation Pause) (young) 4048K->913K(8192K), 0.0008018 secs]
27.737: [GC pause (G1 Evacuation Pause) (young) 3985K->976K(8192K), 0.0011423 secs]
27.740: [GC pause (G1 Evacuation Pause) (young) 4048K->913K(8192K), 0.0008794 secs]
27.743: [GC pause (G1 Evacuation Pause) (young) 3985K->976K(8192K), 0.0011368 secs]
27.747: [GC pause (G1 Evacuation Pause) (young) 4048K->913K(8192K), 0.0008073 secs]
27.750: [GC pause (G1 Evacuation Pause) (young) 3985K->976K(8192K), 0.0011181 secs]
27.753: [GC pause (G1 Evacuation Pause) (young) 4048K->913K(8192K), 0.0008629 secs]
27.756: [GC pause (G1 Evacuation Pause) (young) 3985K->976K(8192K), 0.0018655 secs]
27.760: [GC pause (G1 Evacuation Pause) (young) 4048K->913K(8192K), 0.0009976 secs]
27.763: [GC pause (G1 Evacuation Pause) (young) 3985K->976K(8192K), 0.0011478 secs]
27.766: [GC pause (G1 Evacuation Pause) (young) 4048K->913K(8192K), 0.0007974 secs]
27.769: [GC pause (G1 Evacuation Pause) (young) 3985K->976K(8192K), 0.0011274 secs]
27.772: [GC pause (G1 Evacuation Pause) (young) 4048K->913K(8192K), 0.0008128 secs]
27.775: [GC pause (G1 Evacuation Pause) (young) 3985K->976K(8192K), 0.0011461 secs]
27.779: [GC pause (G1 Evacuation Pause) (young) 4048K->913K(8192K), 0.0008183 secs]
27.782: [GC pause (G1 Evacuation Pause) (young) 3985K->976K(8192K), 0.0011236 secs]
27.785: [GC pause (G1 Evacuation Pause) (young) 4048K->913K(8192K), 0.0008222 secs]
27.788: [GC pause (G1 Evacuation Pause) (young) 3985K->976K(8192K), 0.0011379 secs]
27.791: [GC pause (G1 Evacuation Pause) (young) 4048K->913K(8192K), 0.0008706 secs]
27.794: [GC pause (G1 Evacuation Pause) (young) 3985K->976K(8192K), 0.0011225 secs]
27.797: [GC pause (G1 Evacuation Pause) (young) 4048K->913K(8192K), 0.0008134 secs]
27.800: [GC pause (G1 Evacuation Pause) (young) 3985K->976K(8192K), 0.0011362 secs]
27.803: [GC pause (G1 Evacuation Pause) (young) 4048K->913K(8192K), 0.0008090 secs]
27.806: [GC pause (G1 Evacuation Pause) (young) 3985K->976K(8192K), 0.0011263 secs]
27.810: [GC pause (G1 Evacuation Pause) (young) 4048K->913K(8192K), 0.0008002 secs]
27.812: [GC pause (G1 Evacuation Pause) (young) 3985K->976K(8192K), 0.0011852 secs]
27.816: [GC pause (G1 Evacuation Pause) (young) 4048K->913K(8192K), 0.0009201 secs]
27.819: [GC pause (G1 Evacuation Pause) (young) 3985K->976K(8192K), 0.0011461 secs]
27.822: [GC pause (G1 Evacuation Pause) (young) 4048K->913K(8192K), 0.0008530 secs]
27.825: [GC pause (G1 Evacuation Pause) (young) 3985K->976K(8192K), 0.0012721 secs]
27.828: [GC pause (G1 Evacuation Pause) (young) 4048K->913K(8192K), 0.0008156 secs]
27.831: [GC pause (G1 Evacuation Pause) (young) 3985K->976K(8192K), 0.0011384 secs]
27.835: [GC pause (G1 Evacuation Pause) (young) 4048K->913K(8192K), 0.0008117 secs]
27.837: [GC pause (G1 Evacuation Pause) (young) 3985K->976K(8192K), 0.0011698 secs]
27.841: [GC pause (G1 Evacuation Pause) (young) 4048K->913K(8192K), 0.0008816 secs]
27.844: [GC pause (G1 Evacuation Pause) (young) 3985K->976K(8192K), 0.0011203 secs]
27.847: [GC pause (G1 Evacuation Pause) (young) 4048K->913K(8192K), 0.0008084 secs]
27.850: [GC pause (G1 Evacuation Pause) (young) 3985K->976K(8192K), 0.0011340 secs]
27.853: [GC pause (G1 Evacuation Pause) (young) 4048K->913K(8192K), 0.0008436 secs]
27.856: [GC pause (G1 Evacuation Pause) (young) 3985K->976K(8192K), 0.0011274 secs]
27.859: [GC pause (G1 Evacuation Pause) (young) 4048K->913K(8192K), 0.0008073 secs]
27.862: [GC pause (G1 Evacuation Pause) (young) 3985K->976K(8192K), 0.0012792 secs]
27.866: [GC pause (G1 Evacuation Pause) (young) 4048K->913K(8192K), 0.0008095 secs]
27.869: [GC pause (G1 Evacuation Pause) (young) 3985K->976K(8192K), 0.0011175 secs]
27.872: [GC pause (G1 Evacuation Pause) (young) 4048K->913K(8192K), 0.0008002 secs]
27.875: [GC pause (G1 Evacuation Pause) (young) 3985K->976K(8192K), 0.0013226 secs]
27.878: [GC pause (G1 Evacuation Pause) (young) 4048K->913K(8192K), 0.0008002 secs]
27.881: [GC pause (G1 Evacuation Pause) (young) 3985K->976K(8192K), 0.0011274 secs]
27.884: [GC pause (G1 Evacuation Pause) (young) 4048K->913K(8192K), 0.0008156 secs]
27.887: [GC pause (G1 Evacuation Pause) (young) 3985K->976K(8192K), 0.0011302 secs]
27.890: [GC pause (G1 Evacuation Pause) (young) 4048K->913K(8192K), 0.0008172 secs]
27.893: [GC pause (G1 Evacuation Pause) (young) 3985K->976K(8192K), 0.0011274 secs]
27.896: [GC pause (G1 Evacuation Pause) (young) 4048K->913K(8192K), 0.0008189 secs]
27.899: [GC pause (G1 Evacuation Pause) (young) 3985K->976K(8192K), 0.0011373 secs]
27.903: [GC pause (G1 Evacuation Pause) (young) 4048K->913K(8192K), 0.0008062 secs]
27.905: [GC pause (G1 Evacuation Pause) (young) 3985K->976K(8192K), 0.0011252 secs]
27.909: [GC pause (G1 Evacuation Pause) (young) 4048K->913K(8192K), 0.0008282 secs]
27.912: [GC pause (G1 Evacuation Pause) (young) 3985K->976K(8192K), 0.0011225 secs]
27.915: [GC pause (G1 Evacuation Pause) (young) 4048K->913K(8192K), 0.0009910 secs]
27.918: [GC pause (G1 Evacuation Pause) (young) 3985K->976K(8192K), 0.0012077 secs]
27.921: [GC pause (G1 Evacuation Pause) (young) 4048K->913K(8192K), 0.0008024 secs]
27.924: [GC pause (G1 Evacuation Pause) (young) 3985K->1003K(8192K), 0.0012748 secs]
27.928: [GC pause (G1 Evacuation Pause) (young) 4075K->913K(8192K), 0.0175409 secs]
27.948: [GC pause (G1 Evacuation Pause) (young) 3985K->976K(8192K), 0.0011802 secs]
27.951: [GC pause (G1 Evacuation Pause) (young) 4048K->913K(8192K), 0.0013798 secs]
27.955: [GC pause (G1 Evacuation Pause) (young) 3985K->976K(8192K), 0.0011533 secs]
27.959: [GC pause (G1 Evacuation Pause) (young) 4048K->913K(8192K), 0.0379653 secs]
27.999: [GC pause (G1 Evacuation Pause) (young) 3985K->1003K(8192K), 0.0016268 secs]
28.003: [GC pause (G1 Evacuation Pause) (young) 4075K->913K(8192K), 0.0009415 secs]
28.006: [GC pause (G1 Evacuation Pause) (young) 3985K->976K(8192K), 0.0012787 secs]
28.009: [GC pause (G1 Evacuation Pause) (young) 4048K->913K(8192K), 0.0008321 secs]
28.012: [GC pause (G1 Evacuation Pause) (young) 3985K->976K(8192K), 0.0011252 secs]
28.016: [GC pause (G1 Evacuation Pause) (young) 4048K->913K(8192K), 0.0008222 secs]
28.019: [GC pause (G1 Evacuation Pause) (young) 3985K->976K(8192K), 0.0011621 secs]
28.022: [GC pause (G1 Evacuation Pause) (young) 4048K->913K(8192K), 0.0008568 secs]
28.025: [GC pause (G1 Evacuation Pause) (young) 3985K->976K(8192K), 0.0012490 secs]
28.028: [GC pause (G1 Evacuation Pause) (young) 4048K->913K(8192K), 0.0008095 secs]
28.032: [GC pause (G1 Evacuation Pause) (young) 3985K->976K(8192K), 0.0011412 secs]
28.035: [GC pause (G1 Evacuation Pause) (young) 4048K->913K(8192K), 0.0008370 secs]
28.038: [GC pause (G1 Evacuation Pause) (young) 3985K->976K(8192K), 0.0012495 secs]
28.041: [GC pause (G1 Evacuation Pause) (young) 4048K->913K(8192K), 0.0009212 secs]
28.044: [GC pause (G1 Evacuation Pause) (young) 3985K->976K(8192K), 0.0011599 secs]
28.048: [GC pause (G1 Evacuation Pause) (young) 4048K->913K(8192K), 0.0008508 secs]
28.051: [GC pause (G1 Evacuation Pause) (young) 3985K->976K(8192K), 0.0011368 secs]
28.054: [GC pause (G1 Evacuation Pause) (young) 4048K->913K(8192K), 0.0008876 secs]
28.057: [GC pause (G1 Evacuation Pause) (young) 3985K->976K(8192K), 0.0016378 secs]
28.061: [GC pause (G1 Evacuation Pause) (young) 4048K->913K(8192K), 0.0014530 secs]
28.064: [GC pause (G1 Evacuation Pause) (young) 3985K->976K(8192K), 0.0011225 secs]
28.068: [GC pause (G1 Evacuation Pause) (young) 4048K->913K(8192K), 0.0008216 secs]
28.071: [GC pause (G1 Evacuation Pause) (young) 3985K->976K(8192K), 0.0011417 secs]
28.074: [GC pause (G1 Evacuation Pause) (young) 4048K->913K(8192K), 0.0009844 secs]
28.077: [GC pause (G1 Evacuation Pause) (young) 3985K->976K(8192K), 0.0011329 secs]
28.080: [GC pause (G1 Evacuation Pause) (young) 4048K->913K(8192K), 0.0008183 secs]
28.083: [GC pause (G1 Evacuation Pause) (young) 3985K->976K(8192K), 0.0011258 secs]
28.087: [GC pause (G1 Evacuation Pause) (young) 4048K->913K(8192K), 0.0008343 secs]
28.090: [GC pause (G1 Evacuation Pause) (young) 3985K->976K(8192K), 0.0011313 secs]
28.093: [GC pause (G1 Evacuation Pause) (young) 4048K->913K(8192K), 0.0008321 secs]
28.096: [GC pause (G1 Evacuation Pause) (young) 3985K->976K(8192K), 0.0011291 secs]
28.099: [GC pause (G1 Evacuation Pause) (young) 4048K->913K(8192K), 0.0008018 secs]
28.102: [GC pause (G1 Evacuation Pause) (young) 3985K->976K(8192K), 0.0011192 secs]
28.105: [GC pause (G1 Evacuation Pause) (young) 4048K->913K(8192K), 0.0008519 secs]
28.108: [GC pause (G1 Evacuation Pause) (young) 3985K->976K(8192K), 0.0011885 secs]
28.112: [GC pause (G1 Evacuation Pause) (young) 4048K->913K(8192K), 0.0008062 secs]
28.114: [GC pause (G1 Evacuation Pause) (young) 3985K->976K(8192K), 0.0011175 secs]
28.118: [GC pause (G1 Evacuation Pause) (young) 4048K->913K(8192K), 0.0008095 secs]
28.121: [GC pause (G1 Evacuation Pause) (young) 3985K->976K(8192K), 0.0011500 secs]
28.124: [GC pause (G1 Evacuation Pause) (young) 4048K->913K(8192K), 0.0009113 secs]
28.127: [GC pause (G1 Evacuation Pause) (young) 3985K->976K(8192K), 0.0011500 secs]
28.130: [GC pause (G1 Evacuation Pause) (young) 4048K->913K(8192K), 0.0008524 secs]
28.133: [GC pause (G1 Evacuation Pause) (young) 3985K->976K(8192K), 0.0011197 secs]
28.136: [GC pause (G1 Evacuation Pause) (young) 4048K->913K(8192K), 0.0009520 secs]
28.140: [GC pause (G1 Evacuation Pause) (young) 3985K->976K(8192K), 0.0011368 secs]
28.143: [GC pause (G1 Evacuation Pause) (young) 4048K->913K(8192K), 0.0009113 secs]
28.146: [GC pause (G1 Evacuation Pause) (young) 3985K->976K(8192K), 0.0011170 secs]
28.149: [GC pause (G1 Evacuation Pause) (young) 4048K->913K(8192K), 0.0008167 secs]
28.152: [GC pause (G1 Evacuation Pause) (young) 3985K->976K(8192K), 0.0011175 secs]
28.155: [GC pause (G1 Evacuation Pause) (young) 4048K->913K(8192K), 0.0008057 secs]
28.158: [GC pause (G1 Evacuation Pause) (young) 3985K->976K(8192K), 0.0014348 secs]
28.162: [GC pause (G1 Evacuation Pause) (young) 4048K->913K(8192K), 0.0008266 secs]
28.164: [GC pause (G1 Evacuation Pause) (young) 3985K->976K(8192K), 0.0011368 secs]
28.168: [GC pause (G1 Evacuation Pause) (young) 4048K->913K(8192K), 0.0008128 secs]
28.171: [GC pause (G1 Evacuation Pause) (young) 3985K->976K(8192K), 0.0011313 secs]
28.174: [GC pause (G1 Evacuation Pause) (young) 4048K->913K(8192K), 0.0008189 secs]
28.177: [GC pause (G1 Evacuation Pause) (young) 3985K->976K(8192K), 0.0011549 secs]
28.180: [GC pause (G1 Evacuation Pause) (young) 4048K->913K(8192K), 0.0008035 secs]
28.183: [GC pause (G1 Evacuation Pause) (young) 3985K->976K(8192K), 0.0011219 secs]
28.186: [GC pause (G1 Evacuation Pause) (young) 4048K->913K(8192K), 0.0008150 secs]
28.189: [GC pause (G1 Evacuation Pause) (young) 3985K->976K(8192K), 0.0011830 secs]
28.192: [GC pause (G1 Evacuation Pause) (young) 4048K->913K(8192K), 0.0008134 secs]
28.195: [GC pause (G1 Evacuation Pause) (young) 3985K->976K(8192K), 0.0011274 secs]
28.199: [GC pause (G1 Evacuation Pause) (young) 4048K->913K(8192K), 0.0008139 secs]
28.202: [GC pause (G1 Evacuation Pause) (young) 3985K->976K(8192K), 0.0011362 secs]
28.205: [GC pause (G1 Evacuation Pause) (young) 4048K->913K(8192K), 0.0008216 secs]
28.208: [GC pause (G1 Evacuation Pause) (young) 3985K->976K(8192K), 0.0013551 secs]
28.211: [GC pause (G1 Evacuation Pause) (young) 4048K->913K(8192K), 0.0008062 secs]
28.214: [GC pause (G1 Evacuation Pause) (young) 3985K->976K(8192K), 0.0011280 secs]
28.217: [GC pause (G1 Evacuation Pause) (young) 4048K->913K(8192K), 0.0008189 secs]
28.220: [GC pause (G1 Evacuation Pause) (young) 3985K->976K(8192K), 0.0011329 secs]
28.224: [GC pause (G1 Evacuation Pause) (young) 4048K->913K(8192K), 0.0008134 secs]
28.227: [GC pause (G1 Evacuation Pause) (young) 3985K->976K(8192K), 0.0011296 secs]
28.230: [GC pause (G1 Evacuation Pause) (young) 4048K->913K(8192K), 0.0008106 secs]
28.233: [GC pause (G1 Evacuation Pause) (young) 3985K->976K(8192K), 0.0011192 secs]
28.236: [GC pause (G1 Evacuation Pause) (young) 4048K->913K(8192K), 0.0008035 secs]
28.239: [GC pause (G1 Evacuation Pause) (young) 3985K->976K(8192K), 0.0012776 secs]
28.242: [GC pause (G1 Evacuation Pause) (young) 4048K->913K(8192K), 0.0008106 secs]
28.245: [GC pause (G1 Evacuation Pause) (young) 3985K->976K(8192K), 0.0011901 secs]
28.248: [GC pause (G1 Evacuation Pause) (young) 4048K->913K(8192K), 0.0008134 secs]
28.251: [GC pause (G1 Evacuation Pause) (young) 3985K->976K(8192K), 0.0011285 secs]
28.255: [GC pause (G1 Evacuation Pause) (young) 4048K->913K(8192K), 0.0040928 secs]
28.261: [GC pause (G1 Evacuation Pause) (young) 3985K->976K(8192K), 0.0011428 secs]
28.264: [GC pause (G1 Evacuation Pause) (young) 4048K->913K(8192K), 0.0008211 secs]
28.267: [GC pause (G1 Evacuation Pause) (young) 3985K->976K(8192K), 0.0011285 secs]
28.270: [GC pause (G1 Evacuation Pause) (young) 4048K->913K(8192K), 0.0008029 secs]
28.273: [GC pause (G1 Evacuation Pause) (young) 3985K->976K(8192K), 0.0011197 secs]
28.276: [GC pause (G1 Evacuation Pause) (young) 4048K->913K(8192K), 0.0008194 secs]
28.279: [GC pause (G1 Evacuation Pause) (young) 3985K->976K(8192K), 0.0011500 secs]
28.283: [GC pause (G1 Evacuation Pause) (young) 4048K->913K(8192K), 0.0008293 secs]
28.286: [GC pause (G1 Evacuation Pause) (young) 3985K->976K(8192K), 0.0011764 secs]
28.289: [GC pause (G1 Evacuation Pause) (young) 4048K->913K(8192K), 0.0012220 secs]
28.292: [GC pause (G1 Evacuation Pause) (young) 3985K->976K(8192K), 0.0011335 secs]
28.295: [GC pause (G1 Evacuation Pause) (young) 4048K->913K(8192K), 0.0008046 secs]
28.298: [GC pause (G1 Evacuation Pause) (young) 3985K->976K(8192K), 0.0011813 secs]
28.302: [GC pause (G1 Evacuation Pause) (young) 4048K->913K(8192K), 0.0007969 secs]
28.305: [GC pause (G1 Evacuation Pause) (young) 3985K->976K(8192K), 0.0011912 secs]
28.308: [GC pause (G1 Evacuation Pause) (young) 4048K->913K(8192K), 0.0010389 secs]
28.311: [GC pause (G1 Evacuation Pause) (young) 3985K->976K(8192K), 0.0011676 secs]
28.314: [GC pause (G1 Evacuation Pause) (young) 4048K->913K(8192K), 0.0008134 secs]
28.317: [GC pause (G1 Evacuation Pause) (young) 3985K->976K(8192K), 0.0011340 secs]
28.321: [GC pause (G1 Evacuation Pause) (young) 4048K->913K(8192K), 0.0008079 secs]
28.323: [GC pause (G1 Evacuation Pause) (young) 3985K->976K(8192K), 0.0011511 secs]
28.327: [GC pause (G1 Evacuation Pause) (young) 4048K->913K(8192K), 0.0070010 secs]
28.336: [GC pause (G1 Evacuation Pause) (young) 3985K->976K(8192K), 0.0011434 secs]
28.339: [GC pause (G1 Evacuation Pause) (young) 4048K->913K(8192K), 0.0008315 secs]
28.343: [GC pause (G1 Evacuation Pause) (young) 3985K->976K(8192K), 0.0379455 secs]
28.383: [GC pause (G1 Evacuation Pause) (young) 4048K->913K(8192K), 0.0372454 secs]
28.423: [GC pause (G1 Evacuation Pause) (young) 3985K->976K(8192K), 0.0341678 secs]
28.459: [GC pause (G1 Evacuation Pause) (young) 4048K->913K(8192K), 0.0013650 secs]
28.463: [GC pause (G1 Evacuation Pause) (young) 3985K->976K(8192K), 0.0011692 secs]
28.466: [GC pause (G1 Evacuation Pause) (young) 4048K->913K(8192K), 0.0008035 secs]
28.469: [GC pause (G1 Evacuation Pause) (young) 3985K->976K(8192K), 0.0011538 secs]
28.472: [GC pause (G1 Evacuation Pause) (young) 4048K->913K(8192K), 0.0008018 secs]
28.475: [GC pause (G1 Evacuation Pause) (young) 3985K->976K(8192K), 0.0017648 secs]
28.479: [GC pause (G1 Evacuation Pause) (young) 4048K->913K(8192K), 0.0008238 secs]
28.482: [GC pause (G1 Evacuation Pause) (young) 3985K->976K(8192K), 0.0012880 secs]
28.486: [GC pause (G1 Evacuation Pause) (young) 4048K->913K(8192K), 0.0008062 secs]
28.488: [GC pause (G1 Evacuation Pause) (young) 3985K->976K(8192K), 0.0018451 secs]
28.492: [GC pause (G1 Evacuation Pause) (young) 4048K->913K(8192K), 0.0008244 secs]
28.495: [GC pause (G1 Evacuation Pause) (young) 3985K->976K(8192K), 0.0011335 secs]
28.499: [GC pause (G1 Evacuation Pause) (young) 4048K->913K(8192K), 0.0008244 secs]
28.502: [GC pause (G1 Evacuation Pause) (young) 3985K->976K(8192K), 0.0012105 secs]
28.505: [GC pause (G1 Evacuation Pause) (young) 4048K->913K(8192K), 0.0011714 secs]
28.508: [GC pause (G1 Evacuation Pause) (young) 3985K->976K(8192K), 0.0011340 secs]
28.512: [GC pause (G1 Evacuation Pause) (young) 4048K->913K(8192K), 0.0011362 secs]
28.515: [GC pause (G1 Evacuation Pause) (young) 3985K->976K(8192K), 0.0011456 secs]
28.518: [GC pause (G1 Evacuation Pause) (young) 4048K->913K(8192K), 0.0008117 secs]
28.521: [GC pause (G1 Evacuation Pause) (young) 3985K->976K(8192K), 0.0014062 secs]
28.525: [GC pause (G1 Evacuation Pause) (young) 4048K->913K(8192K), 0.0008744 secs]
28.528: [GC pause (G1 Evacuation Pause) (young) 3985K->976K(8192K), 0.0011747 secs]
28.531: [GC pause (G1 Evacuation Pause) (young) 4048K->913K(8192K), 0.0008354 secs]
28.534: [GC pause (G1 Evacuation Pause) (young) 3985K->976K(8192K), 0.0011307 secs]
28.537: [GC pause (G1 Evacuation Pause) (young) 4048K->913K(8192K), 0.0013732 secs]
28.541: [GC pause (G1 Evacuation Pause) (young) 3985K->976K(8192K), 0.0014200 secs]
28.544: [GC pause (G1 Evacuation Pause) (young) 4048K->913K(8192K), 0.0008106 secs]
28.548: [GC pause (G1 Evacuation Pause) (young) 3985K->976K(8192K), 0.0011335 secs]
28.551: [GC pause (G1 Evacuation Pause) (young) 4048K->913K(8192K), 0.0008480 secs]
28.554: [GC pause (G1 Evacuation Pause) (young) 3985K->976K(8192K), 0.0011395 secs]
28.557: [GC pause (G1 Evacuation Pause) (young) 4048K->913K(8192K), 0.0009459 secs]
28.560: [GC pause (G1 Evacuation Pause) (young) 3985K->976K(8192K), 0.0011324 secs]
28.564: [GC pause (G1 Evacuation Pause) (young) 4048K->913K(8192K), 0.0008568 secs]
28.567: [GC pause (G1 Evacuation Pause) (young) 3985K->976K(8192K), 0.0014381 secs]
28.570: [GC pause (G1 Evacuation Pause) (young) 4048K->913K(8192K), 0.0008321 secs]
28.573: [GC pause (G1 Evacuation Pause) (young) 3985K->976K(8192K), 0.0011258 secs]
28.577: [GC pause (G1 Evacuation Pause) (young) 4048K->913K(8192K), 0.0008238 secs]
28.580: [GC pause (G1 Evacuation Pause) (young) 3985K->976K(8192K), 0.0011219 secs]
28.583: [GC pause (G1 Evacuation Pause) (young) 4048K->913K(8192K), 0.0014640 secs]
28.587: [GC pause (G1 Evacuation Pause) (young) 3985K->976K(8192K), 0.0011401 secs]
28.590: [GC pause (G1 Evacuation Pause) (young) 4048K->913K(8192K), 0.0008266 secs]
28.593: [GC pause (G1 Evacuation Pause) (young) 3985K->976K(8192K), 0.0011549 secs]
28.597: [GC pause (G1 Evacuation Pause) (young) 4048K->913K(8192K), 0.0008178 secs]
28.599: [GC pause (G1 Evacuation Pause) (young) 3985K->976K(8192K), 0.0011599 secs]
28.603: [GC pause (G1 Evacuation Pause) (young) 4048K->913K(8192K), 0.0008607 secs]
28.606: [GC pause (G1 Evacuation Pause) (young) 3985K->976K(8192K), 0.0011280 secs]
28.609: [GC pause (G1 Evacuation Pause) (young) 4048K->913K(8192K), 0.0008172 secs]
28.612: [GC pause (G1 Evacuation Pause) (young) 3985K->976K(8192K), 0.0011313 secs]
28.615: [GC pause (G1 Evacuation Pause) (young) 4048K->913K(8192K), 0.0008194 secs]
28.618: [GC pause (G1 Evacuation Pause) (young) 3985K->976K(8192K), 0.0011313 secs]
28.621: [GC pause (G1 Evacuation Pause) (young) 4048K->913K(8192K), 0.0008183 secs]
28.625: [GC pause (G1 Evacuation Pause) (young) 3985K->976K(8192K), 0.0012028 secs]
28.628: [GC pause (G1 Evacuation Pause) (young) 4048K->913K(8192K), 0.0008244 secs]
28.631: [GC pause (G1 Evacuation Pause) (young) 3985K->976K(8192K), 0.0011225 secs]
28.634: [GC pause (G1 Evacuation Pause) (young) 4048K->913K(8192K), 0.0008200 secs]
28.637: [GC pause (G1 Evacuation Pause) (young) 3985K->976K(8192K), 0.0011137 secs]
28.640: [GC pause (G1 Evacuation Pause) (young) 4048K->913K(8192K), 0.0008112 secs]
28.643: [GC pause (G1 Evacuation Pause) (young) 3985K->976K(8192K), 0.0011747 secs]
28.647: [GC pause (G1 Evacuation Pause) (young) 4048K->913K(8192K), 0.0008007 secs]
28.649: [GC pause (G1 Evacuation Pause) (young) 3985K->976K(8192K), 0.0011302 secs]
28.653: [GC pause (G1 Evacuation Pause) (young) 4048K->913K(8192K), 0.0008211 secs]
28.656: [GC pause (G1 Evacuation Pause) (young) 3985K->976K(8192K), 0.0011489 secs]
28.659: [GC pause (G1 Evacuation Pause) (young) 4048K->913K(8192K), 0.0008161 secs]
28.662: [GC pause (G1 Evacuation Pause) (young) 3985K->976K(8192K), 0.0011318 secs]
28.665: [GC pause (G1 Evacuation Pause) (young) 4048K->913K(8192K), 0.0008711 secs]
28.668: [GC pause (G1 Evacuation Pause) (young) 3985K->976K(8192K), 0.0011340 secs]
28.671: [GC pause (G1 Evacuation Pause) (young) 4048K->913K(8192K), 0.0008123 secs]
28.674: [GC pause (G1 Evacuation Pause) (young) 3985K->976K(8192K), 0.0011945 secs]
28.677: [GC pause (G1 Evacuation Pause) (young) 4048K->913K(8192K), 0.0008838 secs]
28.680: [GC pause (G1 Evacuation Pause) (young) 3985K->976K(8192K), 0.0011269 secs]
28.684: [GC pause (G1 Evacuation Pause) (young) 4048K->913K(8192K), 0.0008057 secs]
28.687: [GC pause (G1 Evacuation Pause) (young) 3985K->976K(8192K), 0.0011456 secs]
28.690: [GC pause (G1 Evacuation Pause) (young) 4048K->913K(8192K), 0.0008095 secs]
28.693: [GC pause (G1 Evacuation Pause) (young) 3985K->976K(8192K), 0.0011461 secs]
28.696: [GC pause (G1 Evacuation Pause) (young) 4048K->913K(8192K), 0.0008035 secs]
28.699: [GC pause (G1 Evacuation Pause) (young) 3985K->976K(8192K), 0.0011225 secs]
28.702: [GC pause (G1 Evacuation Pause) (young) 4048K->913K(8192K), 0.0008491 secs]
28.705: [GC pause (G1 Evacuation Pause) (young) 3985K->976K(8192K), 0.0011120 secs]
28.709: [GC pause (G1 Evacuation Pause) (young) 4048K->913K(8192K), 0.0008959 secs]
28.712: [GC pause (G1 Evacuation Pause) (young) 3985K->976K(8192K), 0.0011395 secs]
28.715: [GC pause (G1 Evacuation Pause) (young) 4048K->913K(8192K), 0.0011170 secs]
28.718: [GC pause (G1 Evacuation Pause) (young) 3985K->976K(8192K), 0.0011489 secs]
28.721: [GC pause (G1 Evacuation Pause) (young) 4048K->913K(8192K), 0.0008392 secs]
28.724: [GC pause (G1 Evacuation Pause) (young) 3985K->976K(8192K), 0.0011533 secs]
28.728: [GC pause (G1 Evacuation Pause) (young) 4048K->913K(8192K), 0.0008227 secs]
28.731: [GC pause (G1 Evacuation Pause) (young) 3985K->976K(8192K), 0.0011219 secs]
28.734: [GC pause (G1 Evacuation Pause) (young) 4048K->913K(8192K), 0.0009399 secs]
28.737: [GC pause (G1 Evacuation Pause) (young) 3985K->976K(8192K), 0.0011318 secs]
28.740: [GC pause (G1 Evacuation Pause) (young) 4048K->913K(8192K), 0.0008040 secs]
28.743: [GC pause (G1 Evacuation Pause) (young) 3985K->976K(8192K), 0.0011401 secs]
28.746: [GC pause (G1 Evacuation Pause) (young) 4048K->913K(8192K), 0.0008156 secs]
28.749: [GC pause (G1 Evacuation Pause) (young) 3985K->976K(8192K), 0.0011236 secs]
28.752: [GC pause (G1 Evacuation Pause) (young) 4048K->913K(8192K), 0.0008112 secs]
28.755: [GC pause (G1 Evacuation Pause) (young) 3985K->976K(8192K), 0.0011280 secs]
28.759: [GC pause (G1 Evacuation Pause) (young) 4048K->913K(8192K), 0.0019474 secs]
28.763: [GC pause (G1 Evacuation Pause) (young) 3985K->976K(8192K), 0.0011522 secs]
28.766: [GC pause (G1 Evacuation Pause) (young) 4048K->913K(8192K), 0.0009355 secs]
28.769: [GC pause (G1 Evacuation Pause) (young) 3985K->976K(8192K), 0.0011313 secs]
28.773: [GC pause (G1 Evacuation Pause) (young) 4048K->913K(8192K), 0.0196638 secs]
28.794: [GC pause (G1 Evacuation Pause) (young) 3985K->976K(8192K), 0.0211921 secs]
28.818: [GC pause (G1 Evacuation Pause) (young) 4048K->913K(8192K), 0.0041252 secs]
28.825: [GC pause (G1 Evacuation Pause) (young) 3985K->976K(8192K), 0.0028037 secs]
28.830: [GC pause (G1 Evacuation Pause) (young) 4048K->913K(8192K), 0.0190231 secs]
28.851: [GC pause (G1 Evacuation Pause) (young) 3985K->976K(8192K), 0.0054149 secs]
28.859: [GC pause (G1 Evacuation Pause) (young) 4048K->913K(8192K), 0.0240568 secs]
28.885: [GC pause (G1 Evacuation Pause) (young) 3985K->976K(8192K), 0.0011962 secs]
28.889: [GC pause (G1 Evacuation Pause) (young) 4048K->913K(8192K), 0.0015597 secs]
28.892: [GC pause (G1 Evacuation Pause) (young) 3985K->976K(8192K), 0.0011896 secs]
28.896: [GC pause (G1 Evacuation Pause) (young) 4048K->913K(8192K), 0.0008706 secs]
28.899: [GC pause (G1 Evacuation Pause) (young) 3985K->976K(8192K), 0.0011489 secs]
28.902: [GC pause (G1 Evacuation Pause) (young) 4048K->913K(8192K), 0.0008436 secs]
28.905: [GC pause (G1 Evacuation Pause) (young) 3985K->976K(8192K), 0.0011395 secs]
28.909: [GC pause (G1 Evacuation Pause) (young) 4048K->913K(8192K), 0.0008453 secs]
28.914: [GC pause (G1 Evacuation Pause) (young) 3985K->976K(8192K), 0.0011511 secs]
28.918: [GC pause (G1 Evacuation Pause) (young) 4048K->913K(8192K), 0.0008178 secs]
28.921: [GC pause (G1 Evacuation Pause) (young) 3985K->976K(8192K), 0.0011423 secs]
28.924: [GC pause (G1 Evacuation Pause) (young) 4048K->913K(8192K), 0.0008134 secs]
28.927: [GC pause (G1 Evacuation Pause) (young) 3985K->1003K(8192K), 0.0015091 secs]
28.930: [GC pause (G1 Evacuation Pause) (young) 4075K->913K(8192K), 0.0008282 secs]
28.933: [GC pause (G1 Evacuation Pause) (young) 3985K->1003K(8192K), 0.0013457 secs]
28.937: [GC pause (G1 Evacuation Pause) (young) 4075K->913K(8192K), 0.0008299 secs]
28.940: [GC pause (G1 Evacuation Pause) (young) 3985K->976K(8192K), 0.0011230 secs]
28.943: [GC pause (G1 Evacuation Pause) (young) 4048K->913K(8192K), 0.0009421 secs]
28.946: [GC pause (G1 Evacuation Pause) (young) 3985K->976K(8192K), 0.0011329 secs]
28.950: [GC pause (G1 Evacuation Pause) (young) 4048K->913K(8192K), 0.0008051 secs]
28.952: [GC pause (G1 Evacuation Pause) (young) 3985K->976K(8192K), 0.0011230 secs]
28.956: [GC pause (G1 Evacuation Pause) (young) 4048K->913K(8192K), 0.0008145 secs]
28.959: [GC pause (G1 Evacuation Pause) (young) 3985K->976K(8192K), 0.0014981 secs]
28.962: [GC pause (G1 Evacuation Pause) (young) 4048K->913K(8192K), 0.0008112 secs]
28.965: [GC pause (G1 Evacuation Pause) (young) 3985K->976K(8192K), 0.0011175 secs]
28.968: [GC pause (G1 Evacuation Pause) (young) 4048K->913K(8192K), 0.0007991 secs]
28.971: [GC pause (G1 Evacuation Pause) (young) 3985K->976K(8192K), 0.0011329 secs]
28.975: [GC pause (G1 Evacuation Pause) (young) 4048K->913K(8192K), 0.0008321 secs]
28.977: [GC pause (G1 Evacuation Pause) (young) 3985K->976K(8192K), 0.0011208 secs]
28.981: [GC pause (G1 Evacuation Pause) (young) 4048K->913K(8192K), 0.0008145 secs]
28.984: [GC pause (G1 Evacuation Pause) (young) 3985K->976K(8192K), 0.0012083 secs]
28.987: [GC pause (G1 Evacuation Pause) (young) 4048K->913K(8192K), 0.0008370 secs]
28.990: [GC pause (G1 Evacuation Pause) (young) 3985K->976K(8192K), 0.0011351 secs]
28.993: [GC pause (G1 Evacuation Pause) (young) 4048K->913K(8192K), 0.0008079 secs]
28.996: [GC pause (G1 Evacuation Pause) (young) 3985K->976K(8192K), 0.0011318 secs]
28.999: [GC pause (G1 Evacuation Pause) (young) 4048K->913K(8192K), 0.0008029 secs]
29.002: [GC pause (G1 Evacuation Pause) (young) 3985K->976K(8192K), 0.0011357 secs]
29.006: [GC pause (G1 Evacuation Pause) (young) 4048K->913K(8192K), 0.0008079 secs]
29.008: [GC pause (G1 Evacuation Pause) (young) 3985K->976K(8192K), 0.0011703 secs]
29.012: [GC pause (G1 Evacuation Pause) (young) 4048K->913K(8192K), 0.0008106 secs]
29.015: [GC pause (G1 Evacuation Pause) (young) 3985K->976K(8192K), 0.0011252 secs]
29.018: [GC pause (G1 Evacuation Pause) (young) 4048K->913K(8192K), 0.0008095 secs]
29.021: [GC pause (G1 Evacuation Pause) (young) 3985K->976K(8192K), 0.0011478 secs]
29.024: [GC pause (G1 Evacuation Pause) (young) 4048K->913K(8192K), 0.0008876 secs]
29.027: [GC pause (G1 Evacuation Pause) (young) 3985K->976K(8192K), 0.0011280 secs]
29.030: [GC pause (G1 Evacuation Pause) (young) 4048K->913K(8192K), 0.0008128 secs]
29.033: [GC pause (G1 Evacuation Pause) (young) 3985K->976K(8192K), 0.0011714 secs]
29.036: [GC pause (G1 Evacuation Pause) (young) 4048K->913K(8192K), 0.0010136 secs]
29.039: [GC pause (G1 Evacuation Pause) (young) 3985K->976K(8192K), 0.0011791 secs]
29.043: [GC pause (G1 Evacuation Pause) (young) 4048K->913K(8192K), 0.0009080 secs]
29.046: [GC pause (G1 Evacuation Pause) (young) 3985K->976K(8192K), 0.0011362 secs]
29.049: [GC pause (G1 Evacuation Pause) (young) 4048K->913K(8192K), 0.0008172 secs]
29.052: [GC pause (G1 Evacuation Pause) (young) 3985K->976K(8192K), 0.0011384 secs]
29.055: [GC pause (G1 Evacuation Pause) (young) 4048K->913K(8192K), 0.0007952 secs]
29.058: [GC pause (G1 Evacuation Pause) (young) 3985K->976K(8192K), 0.0013276 secs]
29.061: [GC pause (G1 Evacuation Pause) (young) 4048K->913K(8192K), 0.0008002 secs]
29.065: [GC pause (G1 Evacuation Pause) (young) 3985K->976K(8192K), 0.0011390 secs]
29.068: [GC pause (G1 Evacuation Pause) (young) 4048K->913K(8192K), 0.0008508 secs]
29.071: [GC pause (G1 Evacuation Pause) (young) 3985K->976K(8192K), 0.0011753 secs]
29.074: [GC pause (G1 Evacuation Pause) (young) 4048K->913K(8192K), 0.0009261 secs]
29.077: [GC pause (G1 Evacuation Pause) (young) 3985K->976K(8192K), 0.0011313 secs]
29.080: [GC pause (G1 Evacuation Pause) (young) 4048K->913K(8192K), 0.0008035 secs]
29.083: [GC pause (G1 Evacuation Pause) (young) 3985K->976K(8192K), 0.0011170 secs]
29.086: [GC pause (G1 Evacuation Pause) (young) 4048K->913K(8192K), 0.0008145 secs]
29.089: [GC pause (G1 Evacuation Pause) (young) 3985K->976K(8192K), 0.0011291 secs]
29.093: [GC pause (G1 Evacuation Pause) (young) 4048K->913K(8192K), 0.0008018 secs]
29.096: [GC pause (G1 Evacuation Pause) (young) 3985K->976K(8192K), 0.0011390 secs]
29.099: [GC pause (G1 Evacuation Pause) (young) 4048K->913K(8192K), 0.0008222 secs]
29.102: [GC pause (G1 Evacuation Pause) (young) 3985K->976K(8192K), 0.0011390 secs]
29.105: [GC pause (G1 Evacuation Pause) (young) 4048K->913K(8192K), 0.0008040 secs]
29.108: [GC pause (G1 Evacuation Pause) (young) 3985K->976K(8192K), 0.0014772 secs]
29.111: [GC pause (G1 Evacuation Pause) (young) 4048K->913K(8192K), 0.0008205 secs]
29.114: [GC pause (G1 Evacuation Pause) (young) 3985K->976K(8192K), 0.0011181 secs]
29.117: [GC pause (G1 Evacuation Pause) (young) 4048K->913K(8192K), 0.0008244 secs]
29.120: [GC pause (G1 Evacuation Pause) (young) 3985K->976K(8192K), 0.0011560 secs]
29.124: [GC pause (G1 Evacuation Pause) (young) 4048K->913K(8192K), 0.0008315 secs]
29.127: [GC pause (G1 Evacuation Pause) (young) 3985K->976K(8192K), 0.0011577 secs]
29.131: [GC pause (G1 Evacuation Pause) (young) 4048K->913K(8192K), 0.0008436 secs]
29.134: [GC pause (G1 Evacuation Pause) (young) 3985K->976K(8192K), 0.0012165 secs]
29.137: [GC pause (G1 Evacuation Pause) (young) 4048K->913K(8192K), 0.0027503 secs]
29.142: [GC pause (G1 Evacuation Pause) (young) 3985K->976K(8192K), 0.0011945 secs]
29.147: [GC pause (G1 Evacuation Pause) (young) 4048K->913K(8192K), 0.0009938 secs]
29.151: [GC pause (G1 Evacuation Pause) (young) 3985K->976K(8192K), 0.0011593 secs]
29.155: [GC pause (G1 Evacuation Pause) (young) 4048K->913K(8192K), 0.0008238 secs]
29.158: [GC pause (G1 Evacuation Pause) (young) 3985K->1003K(8192K), 0.0016620 secs]
29.162: [GC pause (G1 Evacuation Pause) (young) 4075K->913K(8192K), 0.0008304 secs]
29.165: [GC pause (G1 Evacuation Pause) (young) 3985K->976K(8192K), 0.0011428 secs]
29.168: [GC pause (G1 Evacuation Pause) (young) 4048K->913K(8192K), 0.0009976 secs]
29.171: [GC pause (G1 Evacuation Pause) (young) 3985K->976K(8192K), 0.0011296 secs]
29.174: [GC pause (G1 Evacuation Pause) (young) 4048K->913K(8192K), 0.0008766 secs]
29.177: [GC pause (G1 Evacuation Pause) (young) 3985K->976K(8192K), 0.0011318 secs]
29.180: [GC pause (G1 Evacuation Pause) (young) 4048K->913K(8192K), 0.0008255 secs]
29.183: [GC pause (G1 Evacuation Pause) (young) 3985K->976K(8192K), 0.0011296 secs]
29.186: [GC pause (G1 Evacuation Pause) (young) 4048K->913K(8192K), 0.0008013 secs]
29.189: [GC pause (G1 Evacuation Pause) (young) 3985K->976K(8192K), 0.0013298 secs]
29.193: [GC pause (G1 Evacuation Pause) (young) 4048K->913K(8192K), 0.0088851 secs]
29.204: [GC pause (G1 Evacuation Pause) (young) 3985K->976K(8192K), 0.0011434 secs]
29.207: [GC pause (G1 Evacuation Pause) (young) 4048K->913K(8192K), 0.0013804 secs]
29.211: [GC pause (G1 Evacuation Pause) (young) 3985K->976K(8192K), 0.0011324 secs]
29.214: [GC pause (G1 Evacuation Pause) (young) 4048K->913K(8192K), 0.0008425 secs]
29.217: [GC pause (G1 Evacuation Pause) (young) 3985K->976K(8192K), 0.0011357 secs]
29.220: [GC pause (G1 Evacuation Pause) (young) 4048K->913K(8192K), 0.0008216 secs]
29.223: [GC pause (G1 Evacuation Pause) (young) 3985K->976K(8192K), 0.0011170 secs]
29.226: [GC pause (G1 Evacuation Pause) (young) 4048K->913K(8192K), 0.0008288 secs]
29.229: [GC pause (G1 Evacuation Pause) (young) 3985K->976K(8192K), 0.0011390 secs]
29.233: [GC pause (G1 Evacuation Pause) (young) 4048K->913K(8192K), 0.0008062 secs]
29.235: [GC pause (G1 Evacuation Pause) (young) 3985K->976K(8192K), 0.0011247 secs]
29.239: [GC pause (G1 Evacuation Pause) (young) 4048K->913K(8192K), 0.0009679 secs]
29.243: [GC pause (G1 Evacuation Pause) (young) 3985K->976K(8192K), 0.0014189 secs]
29.247: [GC pause (G1 Evacuation Pause) (young) 4048K->913K(8192K), 0.0008178 secs]
29.250: [GC pause (G1 Evacuation Pause) (young) 3985K->976K(8192K), 0.0012935 secs]
29.254: [GC pause (G1 Evacuation Pause) (young) 4048K->913K(8192K), 0.0009250 secs]
29.257: [GC pause (G1 Evacuation Pause) (young) 3985K->976K(8192K), 0.0015410 secs]
29.267: [GC pause (G1 Evacuation Pause) (young) 4048K->913K(8192K), 0.0009586 secs]
29.270: [GC pause (G1 Evacuation Pause) (young) 3985K->976K(8192K), 0.0013270 secs]
29.274: [GC pause (G1 Evacuation Pause) (young) 4048K->913K(8192K), 0.0008249 secs]
29.277: [GC pause (G1 Evacuation Pause) (young) 3985K->976K(8192K), 0.0011489 secs]
29.281: [GC pause (G1 Evacuation Pause) (young) 4048K->913K(8192K), 0.0008211 secs]
29.284: [GC pause (G1 Evacuation Pause) (young) 3985K->976K(8192K), 0.0011478 secs]
29.287: [GC pause (G1 Evacuation Pause) (young) 4048K->913K(8192K), 0.0008200 secs]
29.290: [GC pause (G1 Evacuation Pause) (young) 3985K->976K(8192K), 0.0011533 secs]
29.294: [GC pause (G1 Evacuation Pause) (young) 4048K->913K(8192K), 0.0008282 secs]
29.297: [GC pause (G1 Evacuation Pause) (young) 3985K->976K(8192K), 0.0011324 secs]
29.300: [GC pause (G1 Evacuation Pause) (young) 4048K->913K(8192K), 0.0008068 secs]
29.303: [GC pause (G1 Evacuation Pause) (young) 3985K->976K(8192K), 0.0011230 secs]
29.306: [GC pause (G1 Evacuation Pause) (young) 4048K->913K(8192K), 0.0008024 secs]
29.309: [GC pause (G1 Evacuation Pause) (young) 3985K->976K(8192K), 0.0011951 secs]
29.313: [GC pause (G1 Evacuation Pause) (young) 4048K->913K(8192K), 0.0008073 secs]
29.316: [GC pause (G1 Evacuation Pause) (young) 3985K->976K(8192K), 0.0011335 secs]
29.319: [GC pause (G1 Evacuation Pause) (young) 4048K->913K(8192K), 0.0008090 secs]
29.322: [GC pause (G1 Evacuation Pause) (young) 3985K->976K(8192K), 0.0011159 secs]
29.325: [GC pause (G1 Evacuation Pause) (young) 4048K->913K(8192K), 0.0009421 secs]
29.328: [GC pause (G1 Evacuation Pause) (young) 3985K->976K(8192K), 0.0011219 secs]
29.331: [GC pause (G1 Evacuation Pause) (young) 4048K->913K(8192K), 0.0008178 secs]
29.334: [GC pause (G1 Evacuation Pause) (young) 3985K->976K(8192K), 0.0011687 secs]
29.337: [GC pause (G1 Evacuation Pause) (young) 4048K->913K(8192K), 0.0008194 secs]
29.340: [GC pause (G1 Evacuation Pause) (young) 3985K->976K(8192K), 0.0012605 secs]
29.344: [GC pause (G1 Evacuation Pause) (young) 4048K->913K(8192K), 0.0009536 secs]
29.347: [GC pause (G1 Evacuation Pause) (young) 3985K->976K(8192K), 0.0011819 secs]
29.350: [GC pause (G1 Evacuation Pause) (young) 4048K->913K(8192K), 0.0008046 secs]
29.353: [GC pause (G1 Evacuation Pause) (young) 3985K->976K(8192K), 0.0011142 secs]
29.356: [GC pause (G1 Evacuation Pause) (young) 4048K->913K(8192K), 0.0008161 secs]
29.359: [GC pause (G1 Evacuation Pause) (young) 3985K->976K(8192K), 0.0011225 secs]
29.363: [GC pause (G1 Evacuation Pause) (young) 4048K->913K(8192K), 0.0008068 secs]
29.366: [GC pause (G1 Evacuation Pause) (young) 3985K->976K(8192K), 0.0011395 secs]
29.369: [GC pause (G1 Evacuation Pause) (young) 4048K->913K(8192K), 0.0007985 secs]
29.372: [GC pause (G1 Evacuation Pause) (young) 3985K->976K(8192K), 0.0011351 secs]
29.375: [GC pause (G1 Evacuation Pause) (young) 4048K->913K(8192K), 0.0009294 secs]
29.378: [GC pause (G1 Evacuation Pause) (young) 3985K->976K(8192K), 0.0011329 secs]
29.381: [GC pause (G1 Evacuation Pause) (young) 4048K->913K(8192K), 0.0008073 secs]
29.384: [GC pause (G1 Evacuation Pause) (young) 3985K->976K(8192K), 0.0011203 secs]
29.387: [GC pause (G1 Evacuation Pause) (young) 4048K->913K(8192K), 0.0008310 secs]
29.390: [GC pause (G1 Evacuation Pause) (young) 3985K->976K(8192K), 0.0011203 secs]
29.393: [GC pause (G1 Evacuation Pause) (young) 4048K->913K(8192K), 0.0008535 secs]
29.405: [GC pause (G1 Evacuation Pause) (young) 3985K->976K(8192K), 0.0012347 secs]
29.408: [GC pause (G1 Evacuation Pause) (young) 4048K->913K(8192K), 0.0011148 secs]
29.411: [GC pause (G1 Evacuation Pause) (young) 3985K->976K(8192K), 0.0011313 secs]
29.414: [GC pause (G1 Evacuation Pause) (young) 4048K->913K(8192K), 0.0008172 secs]
29.417: [GC pause (G1 Evacuation Pause) (young) 3985K->976K(8192K), 0.0011175 secs]
29.420: [GC pause (G1 Evacuation Pause) (young) 4048K->913K(8192K), 0.0008497 secs]
29.424: [GC pause (G1 Evacuation Pause) (young) 3985K->976K(8192K), 0.0012028 secs]
29.427: [GC pause (G1 Evacuation Pause) (young) 4048K->913K(8192K), 0.0008321 secs]
29.430: [GC pause (G1 Evacuation Pause) (young) 3985K->976K(8192K), 0.0011863 secs]
29.433: [GC pause (G1 Evacuation Pause) (young) 4048K->913K(8192K), 0.0008046 secs]
29.436: [GC pause (G1 Evacuation Pause) (young) 3985K->976K(8192K), 0.0011175 secs]
29.439: [GC pause (G1 Evacuation Pause) (young) 4048K->913K(8192K), 0.0008035 secs]
29.442: [GC pause (G1 Evacuation Pause) (young) 3985K->976K(8192K), 0.0011214 secs]
29.445: [GC pause (G1 Evacuation Pause) (young) 4048K->913K(8192K), 0.0008139 secs]
29.448: [GC pause (G1 Evacuation Pause) (young) 3985K->976K(8192K), 0.0011676 secs]
29.451: [GC pause (G1 Evacuation Pause) (young) 4048K->913K(8192K), 0.0008090 secs]
29.454: [GC pause (G1 Evacuation Pause) (young) 3985K->976K(8192K), 0.0011621 secs]
29.458: [GC pause (G1 Evacuation Pause) (young) 4048K->913K(8192K), 0.0007985 secs]
29.461: [GC pause (G1 Evacuation Pause) (young) 3985K->976K(8192K), 0.0011511 secs]
29.464: [GC pause (G1 Evacuation Pause) (young) 4048K->913K(8192K), 0.0008079 secs]
29.467: [GC pause (G1 Evacuation Pause) (young) 3985K->976K(8192K), 0.0011324 secs]
29.470: [GC pause (G1 Evacuation Pause) (young) 4048K->913K(8192K), 0.0008057 secs]
29.473: [GC pause (G1 Evacuation Pause) (young) 3985K->976K(8192K), 0.0011307 secs]
29.476: [GC pause (G1 Evacuation Pause) (young) 4048K->913K(8192K), 0.0008040 secs]
29.479: [GC pause (G1 Evacuation Pause) (young) 3985K->976K(8192K), 0.0011274 secs]
29.482: [GC pause (G1 Evacuation Pause) (young) 4048K->913K(8192K), 0.0008090 secs]
29.485: [GC pause (G1 Evacuation Pause) (young) 3985K->976K(8192K), 0.0011197 secs]
29.488: [GC pause (G1 Evacuation Pause) (young) 4048K->913K(8192K), 0.0008018 secs]
29.491: [GC pause (G1 Evacuation Pause) (young) 3985K->976K(8192K), 0.0011373 secs]
29.494: [GC pause (G1 Evacuation Pause) (young) 4048K->913K(8192K), 0.0008249 secs]
29.497: [GC pause (G1 Evacuation Pause) (young) 3985K->976K(8192K), 0.0014601 secs]
29.501: [GC pause (G1 Evacuation Pause) (young) 4048K->913K(8192K), 0.0008183 secs]
29.504: [GC pause (G1 Evacuation Pause) (young) 3985K->976K(8192K), 0.0011417 secs]
29.507: [GC pause (G1 Evacuation Pause) (young) 4048K->913K(8192K), 0.0008370 secs]
29.510: [GC pause (G1 Evacuation Pause) (young) 3985K->976K(8192K), 0.0011258 secs]
29.513: [GC pause (G1 Evacuation Pause) (young) 4048K->913K(8192K), 0.0008007 secs]
29.516: [GC pause (G1 Evacuation Pause) (young) 3985K->976K(8192K), 0.0011247 secs]
29.519: [GC pause (G1 Evacuation Pause) (young) 4048K->913K(8192K), 0.0008178 secs]
29.522: [GC pause (G1 Evacuation Pause) (young) 3985K->976K(8192K), 0.0011324 secs]
29.526: [GC pause (G1 Evacuation Pause) (young) 4048K->913K(8192K), 0.0008161 secs]
29.528: [GC pause (G1 Evacuation Pause) (young) 3985K->976K(8192K), 0.0011571 secs]
29.532: [GC pause (G1 Evacuation Pause) (young) 4048K->913K(8192K), 0.0008051 secs]
29.535: [GC pause (G1 Evacuation Pause) (young) 3985K->976K(8192K), 0.0011236 secs]
29.538: [GC pause (G1 Evacuation Pause) (young) 4048K->913K(8192K), 0.0007958 secs]
29.541: [GC pause (G1 Evacuation Pause) (young) 3985K->976K(8192K), 0.0011967 secs]
29.544: [GC pause (G1 Evacuation Pause) (young) 4048K->913K(8192K), 0.0008123 secs]
29.547: [GC pause (G1 Evacuation Pause) (young) 3985K->976K(8192K), 0.0011258 secs]
29.550: [GC pause (G1 Evacuation Pause) (young) 4048K->913K(8192K), 0.0008260 secs]
29.553: [GC pause (G1 Evacuation Pause) (young) 3985K->976K(8192K), 0.0011758 secs]
29.556: [GC pause (G1 Evacuation Pause) (young) 4048K->913K(8192K), 0.0008194 secs]
29.559: [GC pause (G1 Evacuation Pause) (young) 3985K->976K(8192K), 0.0011159 secs]
29.562: [GC pause (G1 Evacuation Pause) (young) 4048K->913K(8192K), 0.0008040 secs]
29.565: [GC pause (G1 Evacuation Pause) (young) 3985K->976K(8192K), 0.0011252 secs]
29.569: [GC pause (G1 Evacuation Pause) (young) 4048K->913K(8192K), 0.0008002 secs]
29.571: [GC pause (G1 Evacuation Pause) (young) 3985K->976K(8192K), 0.0011335 secs]
29.575: [GC pause (G1 Evacuation Pause) (young) 4048K->913K(8192K), 0.0009905 secs]
29.578: [GC pause (G1 Evacuation Pause) (young) 3985K->976K(8192K), 0.0011549 secs]
29.581: [GC pause (G1 Evacuation Pause) (young) 4048K->913K(8192K), 0.0008051 secs]
29.584: [GC pause (G1 Evacuation Pause) (young) 3985K->976K(8192K), 0.0011175 secs]
29.587: [GC pause (G1 Evacuation Pause) (young) 4048K->913K(8192K), 0.0008079 secs]
29.590: [GC pause (G1 Evacuation Pause) (young) 3985K->976K(8192K), 0.0012578 secs]
29.594: [GC pause (G1 Evacuation Pause) (young) 4048K->913K(8192K), 0.0008057 secs]
29.596: [GC pause (G1 Evacuation Pause) (young) 3985K->976K(8192K), 0.0011621 secs]
29.600: [GC pause (G1 Evacuation Pause) (young) 4048K->913K(8192K), 0.0009272 secs]
29.603: [GC pause (G1 Evacuation Pause) (young) 3985K->976K(8192K), 0.0011186 secs]
29.606: [GC pause (G1 Evacuation Pause) (young) 4048K->913K(8192K), 0.0008145 secs]
29.609: [GC pause (G1 Evacuation Pause) (young) 3985K->1003K(8192K), 0.0012039 secs]
29.612: [GC pause (G1 Evacuation Pause) (young) 4075K->913K(8192K), 0.0008150 secs]
29.615: [GC pause (G1 Evacuation Pause) (young) 3985K->976K(8192K), 0.0011373 secs]
29.618: [GC pause (G1 Evacuation Pause) (young) 4048K->913K(8192K), 0.0008002 secs]
29.621: [GC pause (G1 Evacuation Pause) (young) 3985K->976K(8192K), 0.0011142 secs]
29.625: [GC pause (G1 Evacuation Pause) (young) 4048K->913K(8192K), 0.0010724 secs]
29.628: [GC pause (G1 Evacuation Pause) (young) 3985K->976K(8192K), 0.0011285 secs]
29.631: [GC pause (G1 Evacuation Pause) (young) 4048K->913K(8192K), 0.0008101 secs]
29.634: [GC pause (G1 Evacuation Pause) (young) 3985K->976K(8192K), 0.0011175 secs]
29.637: [GC pause (G1 Evacuation Pause) (young) 4048K->913K(8192K), 0.0008106 secs]
29.640: [GC pause (G1 Evacuation Pause) (young) 3985K->976K(8192K), 0.0011791 secs]
29.643: [GC pause (G1 Evacuation Pause) (young) 4048K->913K(8192K), 0.0008645 secs]
29.646: [GC pause (G1 Evacuation Pause) (young) 3985K->976K(8192K), 0.0011318 secs]
29.649: [GC pause (G1 Evacuation Pause) (young) 4048K->913K(8192K), 0.0008106 secs]
29.652: [GC pause (G1 Evacuation Pause) (young) 3985K->976K(8192K), 0.0011456 secs]
29.656: [GC pause (G1 Evacuation Pause) (young) 4048K->913K(8192K), 0.0007936 secs]
29.658: [GC pause (G1 Evacuation Pause) (young) 3985K->976K(8192K), 0.0011643 secs]
29.662: [GC pause (G1 Evacuation Pause) (young) 4048K->913K(8192K), 0.0009751 secs]
29.665: [GC pause (G1 Evacuation Pause) (young) 3985K->976K(8192K), 0.0011285 secs]
29.668: [GC pause (G1 Evacuation Pause) (young) 4048K->913K(8192K), 0.0008068 secs]
29.671: [GC pause (G1 Evacuation Pause) (young) 3985K->976K(8192K), 0.0011346 secs]
29.674: [GC pause (G1 Evacuation Pause) (young) 4048K->913K(8192K), 0.0012039 secs]
29.678: [GC pause (G1 Evacuation Pause) (young) 3985K->976K(8192K), 0.0011258 secs]
29.681: [GC pause (G1 Evacuation Pause) (young) 4048K->913K(8192K), 0.0008200 secs]
29.684: [GC pause (G1 Evacuation Pause) (young) 3985K->976K(8192K), 0.0011362 secs]
29.687: [GC pause (G1 Evacuation Pause) (young) 4048K->913K(8192K), 0.0008277 secs]
29.690: [GC pause (G1 Evacuation Pause) (young) 3985K->976K(8192K), 0.0011329 secs]
29.693: [GC pause (G1 Evacuation Pause) (young) 4048K->913K(8192K), 0.0008073 secs]
29.696: [GC pause (G1 Evacuation Pause) (young) 3985K->976K(8192K), 0.0011549 secs]
29.699: [GC pause (G1 Evacuation Pause) (young) 4048K->913K(8192K), 0.0008029 secs]
29.702: [GC pause (G1 Evacuation Pause) (young) 3985K->976K(8192K), 0.0011417 secs]
29.705: [GC pause (G1 Evacuation Pause) (young) 4048K->913K(8192K), 0.0008134 secs]
29.709: [GC pause (G1 Evacuation Pause) (young) 3985K->976K(8192K), 0.0012864 secs]
29.712: [GC pause (G1 Evacuation Pause) (young) 4048K->913K(8192K), 0.0008486 secs]
29.715: [GC pause (G1 Evacuation Pause) (young) 3985K->976K(8192K), 0.0011313 secs]
29.718: [GC pause (G1 Evacuation Pause) (young) 4048K->913K(8192K), 0.0008051 secs]
29.721: [GC pause (G1 Evacuation Pause) (young) 3985K->976K(8192K), 0.0011241 secs]
29.724: [GC pause (G1 Evacuation Pause) (young) 4048K->913K(8192K), 0.0013067 secs]
29.728: [GC pause (G1 Evacuation Pause) (young) 3985K->976K(8192K), 0.0060347 secs]
29.736: [GC pause (G1 Evacuation Pause) (young) 4048K->913K(8192K), 0.0008326 secs]
29.739: [GC pause (G1 Evacuation Pause) (young) 3985K->976K(8192K), 0.0094131 secs]
29.751: [GC pause (G1 Evacuation Pause) (young) 4048K->913K(8192K), 0.0008255 secs]
29.754: [GC pause (G1 Evacuation Pause) (young) 3985K->976K(8192K), 0.0011555 secs]
29.757: [GC pause (G1 Evacuation Pause) (young) 4048K->913K(8192K), 0.0194735 secs]
29.779: [GC pause (G1 Evacuation Pause) (young) 3985K->976K(8192K), 0.0201719 secs]
29.802: [GC pause (G1 Evacuation Pause) (young) 4048K->913K(8192K), 0.0197985 secs]
29.824: [GC pause (G1 Evacuation Pause) (young) 3985K->976K(8192K), 0.0133222 secs]
29.839: [GC pause (G1 Evacuation Pause) (young) 4048K->913K(8192K), 0.0008244 secs]
29.843: [GC pause (G1 Evacuation Pause) (young) 3985K->976K(8192K), 0.0196082 secs]
29.865: [GC pause (G1 Evacuation Pause) (young) 4048K->913K(8192K), 0.0008398 secs]
29.868: [GC pause (G1 Evacuation Pause) (young) 3985K->976K(8192K), 0.0011929 secs]
29.871: [GC pause (G1 Evacuation Pause) (young) 4048K->913K(8192K), 0.0009850 secs]
29.875: [GC pause (G1 Evacuation Pause) (young) 3985K->976K(8192K), 0.0064400 secs]
29.884: [GC pause (G1 Evacuation Pause) (young) 4048K->913K(8192K), 0.0050860 secs]
29.891: [GC pause (G1 Evacuation Pause) (young) 3985K->976K(8192K), 0.0015168 secs]
29.895: [GC pause (G1 Evacuation Pause) (young) 4048K->913K(8192K), 0.0009602 secs]
29.898: [GC pause (G1 Evacuation Pause) (young) 3985K->1003K(8192K), 0.0012314 secs]
29.901: [GC pause (G1 Evacuation Pause) (young) 4075K->913K(8192K), 0.0008040 secs]
29.904: [GC pause (G1 Evacuation Pause) (young) 3985K->976K(8192K), 0.0011890 secs]
29.907: [GC pause (G1 Evacuation Pause) (young) 4048K->913K(8192K), 0.0037375 secs]
29.913: [GC pause (G1 Evacuation Pause) (young) 3985K->1003K(8192K), 0.0014348 secs]
29.917: [GC pause (G1 Evacuation Pause) (young) 4075K->913K(8192K), 0.0008161 secs]
29.920: [GC pause (G1 Evacuation Pause) (young) 3985K->976K(8192K), 0.0011577 secs]
29.924: [GC pause (G1 Evacuation Pause) (young) 4048K->913K(8192K), 0.0008101 secs]
29.926: [GC pause (G1 Evacuation Pause) (young) 3985K->976K(8192K), 0.0011500 secs]
29.930: [GC pause (G1 Evacuation Pause) (young) 4048K->913K(8192K), 0.0007996 secs]
29.933: [GC pause (G1 Evacuation Pause) (young) 3985K->976K(8192K), 0.0011351 secs]
29.936: [GC pause (G1 Evacuation Pause) (young) 4048K->913K(8192K), 0.0009789 secs]
29.939: [GC pause (G1 Evacuation Pause) (young) 3985K->976K(8192K), 0.0011351 secs]
29.942: [GC pause (G1 Evacuation Pause) (young) 4048K->913K(8192K), 0.0008189 secs]
29.945: [GC pause (G1 Evacuation Pause) (young) 3985K->976K(8192K), 0.0011797 secs]
29.949: [GC pause (G1 Evacuation Pause) (young) 4048K->913K(8192K), 0.0008101 secs]
29.952: [GC pause (G1 Evacuation Pause) (young) 3985K->976K(8192K), 0.0013040 secs]
29.955: [GC pause (G1 Evacuation Pause) (young) 4048K->913K(8192K), 0.0008079 secs]
29.958: [GC pause (G1 Evacuation Pause) (young) 3985K->976K(8192K), 0.0011291 secs]
29.962: [GC pause (G1 Evacuation Pause) (young) 4048K->913K(8192K), 0.0008557 secs]
29.965: [GC pause (G1 Evacuation Pause) (young) 3985K->976K(8192K), 0.0012968 secs]
29.968: [GC pause (G1 Evacuation Pause) (young) 4048K->913K(8192K), 0.0008189 secs]
29.971: [GC pause (G1 Evacuation Pause) (young) 3985K->976K(8192K), 0.0011401 secs]
29.975: [GC pause (G1 Evacuation Pause) (young) 4048K->913K(8192K), 0.0008112 secs]
29.977: [GC pause (G1 Evacuation Pause) (young) 3985K->976K(8192K), 0.0011775 secs]
29.981: [GC pause (G1 Evacuation Pause) (young) 4048K->913K(8192K), 0.0008029 secs]
29.984: [GC pause (G1 Evacuation Pause) (young) 3985K->976K(8192K), 0.0011170 secs]
29.987: [GC pause (G1 Evacuation Pause) (young) 4048K->913K(8192K), 0.0008249 secs]
29.990: [GC pause (G1 Evacuation Pause) (young) 3985K->976K(8192K), 0.0015657 secs]
29.993: [GC pause (G1 Evacuation Pause) (young) 4048K->913K(8192K), 0.0008200 secs]
29.996: [GC pause (G1 Evacuation Pause) (young) 3985K->976K(8192K), 0.0011401 secs]
30.000: [GC pause (G1 Evacuation Pause) (young) 4048K->913K(8192K), 0.0008029 secs]
30.002: [GC pause (G1 Evacuation Pause) (young) 3985K->976K(8192K), 0.0011478 secs]
30.006: [GC pause (G1 Evacuation Pause) (young) 4048K->913K(8192K), 0.0008271 secs]
30.009: [GC pause (G1 Evacuation Pause) (young) 3985K->976K(8192K), 0.0011307 secs]
30.012: [GC pause (G1 Evacuation Pause) (young) 4048K->913K(8192K), 0.0008051 secs]
30.015: [GC pause (G1 Evacuation Pause) (young) 3985K->976K(8192K), 0.0011170 secs]
30.018: [GC pause (G1 Evacuation Pause) (young) 4048K->913K(8192K), 0.0008068 secs]
30.021: [GC pause (G1 Evacuation Pause) (young) 3985K->976K(8192K), 0.0011450 secs]
30.025: [GC pause (G1 Evacuation Pause) (young) 4048K->913K(8192K), 0.0008200 secs]
30.028: [GC pause (G1 Evacuation Pause) (young) 3985K->976K(8192K), 0.0011307 secs]
30.031: [GC pause (G1 Evacuation Pause) (young) 4048K->913K(8192K), 0.0008134 secs]
30.034: [GC pause (G1 Evacuation Pause) (young) 3985K->976K(8192K), 0.0011335 secs]
30.037: [GC pause (G1 Evacuation Pause) (young) 4048K->913K(8192K), 0.0008090 secs]
30.040: [GC pause (G1 Evacuation Pause) (young) 3985K->976K(8192K), 0.0011126 secs]
30.043: [GC pause (G1 Evacuation Pause) (young) 4048K->913K(8192K), 0.0008095 secs]
30.046: [GC pause (G1 Evacuation Pause) (young) 3985K->976K(8192K), 0.0011225 secs]
30.049: [GC pause (G1 Evacuation Pause) (young) 4048K->913K(8192K), 0.0008249 secs]
30.052: [GC pause (G1 Evacuation Pause) (young) 3985K->976K(8192K), 0.0011247 secs]
30.056: [GC pause (G1 Evacuation Pause) (young) 4048K->913K(8192K), 0.0008079 secs]
30.058: [GC pause (G1 Evacuation Pause) (young) 3985K->976K(8192K), 0.0011324 secs]
30.062: [GC pause (G1 Evacuation Pause) (young) 4048K->913K(8192K), 0.0008018 secs]
30.065: [GC pause (G1 Evacuation Pause) (young) 3985K->1003K(8192K), 0.0012138 secs]
30.068: [GC pause (G1 Evacuation Pause) (young) 4075K->913K(8192K), 0.0008920 secs]
30.071: [GC pause (G1 Evacuation Pause) (young) 3985K->976K(8192K), 0.0014189 secs]
30.074: [GC pause (G1 Evacuation Pause) (young) 4048K->913K(8192K), 0.0008139 secs]
30.077: [GC pause (G1 Evacuation Pause) (young) 3985K->976K(8192K), 0.0011544 secs]
30.081: [GC pause (G1 Evacuation Pause) (young) 4048K->913K(8192K), 0.0007980 secs]
30.083: [GC pause (G1 Evacuation Pause) (young) 3985K->976K(8192K), 0.0011544 secs]
30.087: [GC pause (G1 Evacuation Pause) (young) 4048K->913K(8192K), 0.0008018 secs]
30.089: [GC pause (G1 Evacuation Pause) (young) 3985K->976K(8192K), 0.0011500 secs]
30.093: [GC pause (G1 Evacuation Pause) (young) 4048K->913K(8192K), 0.0008238 secs]
30.096: [GC pause (G1 Evacuation Pause) (young) 3985K->976K(8192K), 0.0011241 secs]
30.099: [GC pause (G1 Evacuation Pause) (young) 4048K->913K(8192K), 0.0008040 secs]
30.102: [GC pause (G1 Evacuation Pause) (young) 3985K->976K(8192K), 0.0011302 secs]
30.105: [GC pause (G1 Evacuation Pause) (young) 4048K->913K(8192K), 0.0008062 secs]
30.108: [GC pause (G1 Evacuation Pause) (young) 3985K->976K(8192K), 0.0011192 secs]
30.111: [GC pause (G1 Evacuation Pause) (young) 4048K->913K(8192K), 0.0008139 secs]
30.114: [GC pause (G1 Evacuation Pause) (young) 3985K->976K(8192K), 0.0011274 secs]
30.117: [GC pause (G1 Evacuation Pause) (young) 4048K->913K(8192K), 0.0008161 secs]
30.120: [GC pause (G1 Evacuation Pause) (young) 3985K->976K(8192K), 0.0011901 secs]
30.137: [GC pause (G1 Evacuation Pause) (young) 4048K->913K(8192K), 0.0216596 secs]
30.161: [GC pause (G1 Evacuation Pause) (young) 3985K->976K(8192K), 0.0058428 secs]
30.170: [GC pause (G1 Evacuation Pause) (young) 4048K->913K(8192K), 0.0261164 secs]
30.198: [GC pause (G1 Evacuation Pause) (young) 3985K->976K(8192K), 0.0011593 secs]
30.201: [GC pause (G1 Evacuation Pause) (young) 4048K->913K(8192K), 0.0008783 secs]
30.205: [GC pause (G1 Evacuation Pause) (young) 3985K->976K(8192K), 0.0200185 secs]
30.228: [GC pause (G1 Evacuation Pause) (young) 4048K->913K(8192K), 0.0013881 secs]
30.234: [GC pause (G1 Evacuation Pause) (young) 3985K->976K(8192K), 0.0130478 secs]
30.250: [GC pause (G1 Evacuation Pause) (young) 4048K->913K(8192K), 0.0008244 secs]
30.253: [GC pause (G1 Evacuation Pause) (young) 3985K->976K(8192K), 0.0011362 secs]
30.256: [GC pause (G1 Evacuation Pause) (young) 4048K->913K(8192K), 0.0008255 secs]
30.259: [GC pause (G1 Evacuation Pause) (young) 3985K->976K(8192K), 0.0012226 secs]
30.263: [GC pause (G1 Evacuation Pause) (young) 4048K->913K(8192K), 0.0021267 secs]
30.267: [GC pause (G1 Evacuation Pause) (young) 3985K->976K(8192K), 0.0011395 secs]
30.270: [GC pause (G1 Evacuation Pause) (young) 4048K->913K(8192K), 0.0008139 secs]
30.273: [GC pause (G1 Evacuation Pause) (young) 3985K->976K(8192K), 0.0011423 secs]
30.277: [GC pause (G1 Evacuation Pause) (young) 4048K->913K(8192K), 0.0008277 secs]
30.280: [GC pause (G1 Evacuation Pause) (young) 3985K->976K(8192K), 0.0011879 secs]
30.283: [GC pause (G1 Evacuation Pause) (young) 4048K->913K(8192K), 0.0008106 secs]
30.286: [GC pause (G1 Evacuation Pause) (young) 3985K->976K(8192K), 0.0011362 secs]
30.290: [GC pause (G1 Evacuation Pause) (young) 4048K->913K(8192K), 0.0008156 secs]
30.293: [GC pause (G1 Evacuation Pause) (young) 3985K->976K(8192K), 0.0011731 secs]
30.296: [GC pause (G1 Evacuation Pause) (young) 4048K->913K(8192K), 0.0008216 secs]
30.299: [GC pause (G1 Evacuation Pause) (young) 3985K->976K(8192K), 0.0013259 secs]
30.302: [GC pause (G1 Evacuation Pause) (young) 4048K->913K(8192K), 0.0008024 secs]
30.305: [GC pause (G1 Evacuation Pause) (young) 3985K->976K(8192K), 0.0011670 secs]
30.308: [GC pause (G1 Evacuation Pause) (young) 4048K->913K(8192K), 0.0008612 secs]
30.312: [GC pause (G1 Evacuation Pause) (young) 3985K->976K(8192K), 0.0011549 secs]
30.315: [GC pause (G1 Evacuation Pause) (young) 4048K->913K(8192K), 0.0008486 secs]
30.318: [GC pause (G1 Evacuation Pause) (young) 3985K->976K(8192K), 0.0011373 secs]
30.321: [GC pause (G1 Evacuation Pause) (young) 4048K->913K(8192K), 0.0008194 secs]
30.324: [GC pause (G1 Evacuation Pause) (young) 3985K->976K(8192K), 0.0013947 secs]
30.327: [GC pause (G1 Evacuation Pause) (young) 4048K->913K(8192K), 0.0008167 secs]
30.330: [GC pause (G1 Evacuation Pause) (young) 3985K->976K(8192K), 0.0011753 secs]
30.333: [GC pause (G1 Evacuation Pause) (young) 4048K->913K(8192K), 0.0008002 secs]
30.336: [GC pause (G1 Evacuation Pause) (young) 3985K->976K(8192K), 0.0011098 secs]
30.340: [GC pause (G1 Evacuation Pause) (young) 4048K->913K(8192K), 0.0007996 secs]
30.342: [GC pause (G1 Evacuation Pause) (young) 3985K->976K(8192K), 0.0011390 secs]
30.346: [GC pause (G1 Evacuation Pause) (young) 4048K->913K(8192K), 0.0008172 secs]
30.349: [GC pause (G1 Evacuation Pause) (young) 3985K->1003K(8192K), 0.0017467 secs]
30.353: [GC pause (G1 Evacuation Pause) (young) 4075K->913K(8192K), 0.0008084 secs]
30.355: [GC pause (G1 Evacuation Pause) (young) 3985K->976K(8192K), 0.0011258 secs]
30.359: [GC pause (G1 Evacuation Pause) (young) 4048K->913K(8192K), 0.0008018 secs]
30.362: [GC pause (G1 Evacuation Pause) (young) 3985K->976K(8192K), 0.0011307 secs]
30.365: [GC pause (G1 Evacuation Pause) (young) 4048K->913K(8192K), 0.0008227 secs]
30.368: [GC pause (G1 Evacuation Pause) (young) 3985K->976K(8192K), 0.0011263 secs]
30.371: [GC pause (G1 Evacuation Pause) (young) 4048K->913K(8192K), 0.0008117 secs]
30.374: [GC pause (G1 Evacuation Pause) (young) 3985K->976K(8192K), 0.0013683 secs]
30.377: [GC pause (G1 Evacuation Pause) (young) 4048K->913K(8192K), 0.0008244 secs]
30.380: [GC pause (G1 Evacuation Pause) (young) 3985K->976K(8192K), 0.0011258 secs]
30.384: [GC pause (G1 Evacuation Pause) (young) 4048K->913K(8192K), 0.0008244 secs]
30.386: [GC pause (G1 Evacuation Pause) (young) 3985K->976K(8192K), 0.0011368 secs]
30.390: [GC pause (G1 Evacuation Pause) (young) 4048K->913K(8192K), 0.0008024 secs]
30.393: [GC pause (G1 Evacuation Pause) (young) 3985K->976K(8192K), 0.0011401 secs]
30.396: [GC pause (G1 Evacuation Pause) (young) 4048K->913K(8192K), 0.0008233 secs]
30.399: [GC pause (G1 Evacuation Pause) (young) 3985K->976K(8192K), 0.0011186 secs]
30.402: [GC pause (G1 Evacuation Pause) (young) 4048K->913K(8192K), 0.0008238 secs]
30.405: [GC pause (G1 Evacuation Pause) (young) 3985K->976K(8192K), 0.0011412 secs]
30.408: [GC pause (G1 Evacuation Pause) (young) 4048K->913K(8192K), 0.0008167 secs]
30.411: [GC pause (G1 Evacuation Pause) (young) 3985K->976K(8192K), 0.0011219 secs]
30.415: [GC pause (G1 Evacuation Pause) (young) 4048K->913K(8192K), 0.0008007 secs]
30.417: [GC pause (G1 Evacuation Pause) (young) 3985K->976K(8192K), 0.0011065 secs]
30.421: [GC pause (G1 Evacuation Pause) (young) 4048K->913K(8192K), 0.0008002 secs]
30.423: [GC pause (G1 Evacuation Pause) (young) 3985K->976K(8192K), 0.0011703 secs]
30.427: [GC pause (G1 Evacuation Pause) (young) 4048K->913K(8192K), 0.0008684 secs]
30.430: [GC pause (G1 Evacuation Pause) (young) 3985K->976K(8192K), 0.0011329 secs]
30.433: [GC pause (G1 Evacuation Pause) (young) 4048K->913K(8192K), 0.0008139 secs]
30.436: [GC pause (G1 Evacuation Pause) (young) 3985K->976K(8192K), 0.0011192 secs]
30.439: [GC pause (G1 Evacuation Pause) (young) 4048K->913K(8192K), 0.0008480 secs]
30.442: [GC pause (G1 Evacuation Pause) (young) 3985K->976K(8192K), 0.0011236 secs]
30.446: [GC pause (G1 Evacuation Pause) (young) 4048K->913K(8192K), 0.0007991 secs]
30.448: [GC pause (G1 Evacuation Pause) (young) 3985K->976K(8192K), 0.0011137 secs]
30.452: [GC pause (G1 Evacuation Pause) (young) 4048K->913K(8192K), 0.0009300 secs]
30.455: [GC pause (G1 Evacuation Pause) (young) 3985K->976K(8192K), 0.0011313 secs]
30.458: [GC pause (G1 Evacuation Pause) (young) 4048K->913K(8192K), 0.0008480 secs]
30.461: [GC pause (G1 Evacuation Pause) (young) 3985K->976K(8192K), 0.0012341 secs]
30.464: [GC pause (G1 Evacuation Pause) (young) 4048K->913K(8192K), 0.0008161 secs]
30.467: [GC pause (G1 Evacuation Pause) (young) 3985K->976K(8192K), 0.0011318 secs]
30.470: [GC pause (G1 Evacuation Pause) (young) 4048K->913K(8192K), 0.0008035 secs]
30.473: [GC pause (G1 Evacuation Pause) (young) 3985K->976K(8192K), 0.0011241 secs]
30.477: [GC pause (G1 Evacuation Pause) (young) 4048K->913K(8192K), 0.0008172 secs]
30.480: [GC pause (G1 Evacuation Pause) (young) 3985K->976K(8192K), 0.0011346 secs]
30.483: [GC pause (G1 Evacuation Pause) (young) 4048K->913K(8192K), 0.0008029 secs]
30.486: [GC pause (G1 Evacuation Pause) (young) 3985K->976K(8192K), 0.0011874 secs]
30.489: [GC pause (G1 Evacuation Pause) (young) 4048K->913K(8192K), 0.0008585 secs]
30.492: [GC pause (G1 Evacuation Pause) (young) 3985K->976K(8192K), 0.0011252 secs]
30.495: [GC pause (G1 Evacuation Pause) (young) 4048K->913K(8192K), 0.0008073 secs]
30.498: [GC pause (G1 Evacuation Pause) (young) 3985K->976K(8192K), 0.0011417 secs]
30.502: [GC pause (G1 Evacuation Pause) (young) 4048K->913K(8192K), 0.0023362 secs]
30.506: [GC pause (G1 Evacuation Pause) (young) 3985K->976K(8192K), 0.0011467 secs]
30.509: [GC pause (G1 Evacuation Pause) (young) 4048K->913K(8192K), 0.0008167 secs]
30.512: [GC pause (G1 Evacuation Pause) (young) 3985K->976K(8192K), 0.0012220 secs]
30.516: [GC pause (G1 Evacuation Pause) (young) 4048K->913K(8192K), 0.0008205 secs]
30.518: [GC pause (G1 Evacuation Pause) (young) 3985K->976K(8192K), 0.0011362 secs]
30.522: [GC pause (G1 Evacuation Pause) (young) 4048K->913K(8192K), 0.0008024 secs]
30.525: [GC pause (G1 Evacuation Pause) (young) 3985K->976K(8192K), 0.0012880 secs]
30.528: [GC pause (G1 Evacuation Pause) (young) 4048K->913K(8192K), 0.0008288 secs]
30.531: [GC pause (G1 Evacuation Pause) (young) 3985K->976K(8192K), 0.0011302 secs]
30.534: [GC pause (G1 Evacuation Pause) (young) 4048K->913K(8192K), 0.0008106 secs]
30.537: [GC pause (G1 Evacuation Pause) (young) 3985K->976K(8192K), 0.0011153 secs]
30.540: [GC pause (G1 Evacuation Pause) (young) 4048K->913K(8192K), 0.0008051 secs]
30.543: [GC pause (G1 Evacuation Pause) (young) 3985K->976K(8192K), 0.0011318 secs]
30.546: [GC pause (G1 Evacuation Pause) (young) 4048K->913K(8192K), 0.0008150 secs]
30.549: [GC pause (G1 Evacuation Pause) (young) 3985K->976K(8192K), 0.0011252 secs]
30.553: [GC pause (G1 Evacuation Pause) (young) 4048K->913K(8192K), 0.0015943 secs]
30.556: [GC pause (G1 Evacuation Pause) (young) 3985K->976K(8192K), 0.0011731 secs]
30.560: [GC pause (G1 Evacuation Pause) (young) 4048K->913K(8192K), 0.0008117 secs]
30.563: [GC pause (G1 Evacuation Pause) (young) 3985K->976K(8192K), 0.0012292 secs]
30.566: [GC pause (G1 Evacuation Pause) (young) 4048K->913K(8192K), 0.0008178 secs]
30.569: [GC pause (G1 Evacuation Pause) (young) 3985K->976K(8192K), 0.0011489 secs]
30.572: [GC pause (G1 Evacuation Pause) (young) 4048K->913K(8192K), 0.0007974 secs]
30.575: [GC pause (G1 Evacuation Pause) (young) 3985K->976K(8192K), 0.0011890 secs]
30.578: [GC pause (G1 Evacuation Pause) (young) 4048K->913K(8192K), 0.0008728 secs]
30.581: [GC pause (G1 Evacuation Pause) (young) 3985K->976K(8192K), 0.0011307 secs]
30.585: [GC pause (G1 Evacuation Pause) (young) 4048K->913K(8192K), 0.0008040 secs]
30.587: [GC pause (G1 Evacuation Pause) (young) 3985K->976K(8192K), 0.0011335 secs]
30.591: [GC pause (G1 Evacuation Pause) (young) 4048K->913K(8192K), 0.0008827 secs]
30.594: [GC pause (G1 Evacuation Pause) (young) 3985K->976K(8192K), 0.0011676 secs]
30.597: [GC pause (G1 Evacuation Pause) (young) 4048K->913K(8192K), 0.0008420 secs]
30.600: [GC pause (G1 Evacuation Pause) (young) 3985K->976K(8192K), 0.0011533 secs]
30.603: [GC pause (G1 Evacuation Pause) (young) 4048K->913K(8192K), 0.0008816 secs]
30.606: [GC pause (G1 Evacuation Pause) (young) 3985K->976K(8192K), 0.0011423 secs]
30.609: [GC pause (G1 Evacuation Pause) (young) 4048K->913K(8192K), 0.0008068 secs]
30.612: [GC pause (G1 Evacuation Pause) (young) 3985K->976K(8192K), 0.0011219 secs]
30.616: [GC pause (G1 Evacuation Pause) (young) 4048K->913K(8192K), 0.0008046 secs]
30.619: [GC pause (G1 Evacuation Pause) (young) 3985K->976K(8192K), 0.0011329 secs]
30.622: [GC pause (G1 Evacuation Pause) (young) 4048K->913K(8192K), 0.0008178 secs]
30.625: [GC pause (G1 Evacuation Pause) (young) 3985K->976K(8192K), 0.0013056 secs]
30.628: [GC pause (G1 Evacuation Pause) (young) 4048K->913K(8192K), 0.0008101 secs]
30.631: [GC pause (G1 Evacuation Pause) (young) 3985K->976K(8192K), 0.0011527 secs]
30.634: [GC pause (G1 Evacuation Pause) (young) 4048K->913K(8192K), 0.0008046 secs]
30.637: [GC pause (G1 Evacuation Pause) (young) 3985K->976K(8192K), 0.0011318 secs]
30.640: [GC pause (G1 Evacuation Pause) (young) 4048K->913K(8192K), 0.0008046 secs]
30.643: [GC pause (G1 Evacuation Pause) (young) 3985K->976K(8192K), 0.0011263 secs]
30.646: [GC pause (G1 Evacuation Pause) (young) 4048K->913K(8192K), 0.0007980 secs]
30.649: [GC pause (G1 Evacuation Pause) (young) 3985K->976K(8192K), 0.0011170 secs]
30.653: [GC pause (G1 Evacuation Pause) (young) 4048K->913K(8192K), 0.0008128 secs]
30.656: [GC pause (G1 Evacuation Pause) (young) 3985K->976K(8192K), 0.0012963 secs]
30.659: [GC pause (G1 Evacuation Pause) (young) 4048K->913K(8192K), 0.0008244 secs]
30.662: [GC pause (G1 Evacuation Pause) (young) 3985K->976K(8192K), 0.0011329 secs]
30.665: [GC pause (G1 Evacuation Pause) (young) 4048K->913K(8192K), 0.0008376 secs]
30.668: [GC pause (G1 Evacuation Pause) (young) 3985K->976K(8192K), 0.0011258 secs]
30.671: [GC pause (G1 Evacuation Pause) (young) 4048K->913K(8192K), 0.0008024 secs]
30.674: [GC pause (G1 Evacuation Pause) (young) 3985K->976K(8192K), 0.0013287 secs]
30.678: [GC pause (G1 Evacuation Pause) (young) 4048K->913K(8192K), 0.0008579 secs]
30.681: [GC pause (G1 Evacuation Pause) (young) 3985K->976K(8192K), 0.0011225 secs]
30.684: [GC pause (G1 Evacuation Pause) (young) 4048K->913K(8192K), 0.0007996 secs]
30.687: [GC pause (G1 Evacuation Pause) (young) 3985K->976K(8192K), 0.0011395 secs]
30.690: [GC pause (G1 Evacuation Pause) (young) 4048K->913K(8192K), 0.0008079 secs]
30.693: [GC pause (G1 Evacuation Pause) (young) 3985K->976K(8192K), 0.0011764 secs]
30.696: [GC pause (G1 Evacuation Pause) (young) 4048K->913K(8192K), 0.0008722 secs]
30.699: [GC pause (G1 Evacuation Pause) (young) 3985K->976K(8192K), 0.0011203 secs]
30.702: [GC pause (G1 Evacuation Pause) (young) 4048K->913K(8192K), 0.0008046 secs]
30.705: [GC pause (G1 Evacuation Pause) (young) 3985K->976K(8192K), 0.0011219 secs]
30.709: [GC pause (G1 Evacuation Pause) (young) 4048K->913K(8192K), 0.0008832 secs]
30.712: [GC pause (G1 Evacuation Pause) (young) 3985K->976K(8192K), 0.0011313 secs]
30.716: [GC pause (G1 Evacuation Pause) (young) 4048K->913K(8192K), 0.0008090 secs]
30.719: [GC pause (G1 Evacuation Pause) (young) 3985K->976K(8192K), 0.0011346 secs]
30.722: [GC pause (G1 Evacuation Pause) (young) 4048K->913K(8192K), 0.0008079 secs]
30.725: [GC pause (G1 Evacuation Pause) (young) 3985K->976K(8192K), 0.0013468 secs]
30.728: [GC pause (G1 Evacuation Pause) (young) 4048K->913K(8192K), 0.0008117 secs]
30.731: [GC pause (G1 Evacuation Pause) (young) 3985K->976K(8192K), 0.0011571 secs]
30.734: [GC pause (G1 Evacuation Pause) (young) 4048K->913K(8192K), 0.0008013 secs]
30.737: [GC pause (G1 Evacuation Pause) (young) 3985K->976K(8192K), 0.0011230 secs]
30.740: [GC pause (G1 Evacuation Pause) (young) 4048K->913K(8192K), 0.0008139 secs]
30.743: [GC pause (G1 Evacuation Pause) (young) 3985K->976K(8192K), 0.0011186 secs]
30.747: [GC pause (G1 Evacuation Pause) (young) 4048K->913K(8192K), 0.0008189 secs]
30.750: [GC pause (G1 Evacuation Pause) (young) 3985K->976K(8192K), 0.0011346 secs]
30.753: [GC pause (G1 Evacuation Pause) (young) 4048K->913K(8192K), 0.0008156 secs]
30.756: [GC pause (G1 Evacuation Pause) (young) 3985K->976K(8192K), 0.0011456 secs]
30.759: [GC pause (G1 Evacuation Pause) (young) 4048K->913K(8192K), 0.0008277 secs]
30.762: [GC pause (G1 Evacuation Pause) (young) 3985K->976K(8192K), 0.0039031 secs]
30.768: [GC pause (G1 Evacuation Pause) (young) 4048K->913K(8192K), 0.0008337 secs]
30.771: [GC pause (G1 Evacuation Pause) (young) 3985K->976K(8192K), 0.0011252 secs]
30.774: [GC pause (G1 Evacuation Pause) (young) 4048K->975K(8192K), 0.0011247 secs]
30.777: [GC pause (G1 Evacuation Pause) (young) 4047K->998K(8192K), 0.0011280 secs]
30.781: [GC pause (G1 Evacuation Pause) (young) 4070K->911K(8192K), 0.0008233 secs]
30.784: [GC pause (G1 Evacuation Pause) (young) 3983K->974K(8192K), 0.0011478 secs]
30.787: [GC pause (G1 Evacuation Pause) (young) 4046K->913K(8192K), 0.0008409 secs]
30.790: [GC pause (G1 Evacuation Pause) (young) 3985K->976K(8192K), 0.0011296 secs]
30.793: [GC pause (G1 Evacuation Pause) (young) 4048K->913K(8192K), 0.0008068 secs]
30.796: [GC pause (G1 Evacuation Pause) (young) 3985K->976K(8192K), 0.0011555 secs]
30.799: [GC pause (G1 Evacuation Pause) (young) 4048K->913K(8192K), 0.0008150 secs]
30.802: [GC pause (G1 Evacuation Pause) (young) 3985K->976K(8192K), 0.0011263 secs]
30.806: [GC pause (G1 Evacuation Pause) (young) 4048K->913K(8192K), 0.0008084 secs]
30.809: [GC pause (G1 Evacuation Pause) (young) 3985K->976K(8192K), 0.0012682 secs]
30.812: [GC pause (G1 Evacuation Pause) (young) 4048K->913K(8192K), 0.0008156 secs]
30.815: [GC pause (G1 Evacuation Pause) (young) 3985K->976K(8192K), 0.0011390 secs]
30.818: [GC pause (G1 Evacuation Pause) (young) 4048K->913K(8192K), 0.0008623 secs]
30.821: [GC pause (G1 Evacuation Pause) (young) 3985K->976K(8192K), 0.0011175 secs]
30.824: [GC pause (G1 Evacuation Pause) (young) 4048K->913K(8192K), 0.0011527 secs]
30.828: [GC pause (G1 Evacuation Pause) (young) 3985K->976K(8192K), 0.0011313 secs]
30.831: [GC pause (G1 Evacuation Pause) (young) 4048K->913K(8192K), 0.0008557 secs]
30.834: [GC pause (G1 Evacuation Pause) (young) 3985K->976K(8192K), 0.0011450 secs]
30.837: [GC pause (G1 Evacuation Pause) (young) 4048K->913K(8192K), 0.0008090 secs]
30.840: [GC pause (G1 Evacuation Pause) (young) 3985K->976K(8192K), 0.0011203 secs]
30.843: [GC pause (G1 Evacuation Pause) (young) 4048K->913K(8192K), 0.0008139 secs]
30.846: [GC pause (G1 Evacuation Pause) (young) 3985K->976K(8192K), 0.0011153 secs]
30.849: [GC pause (G1 Evacuation Pause) (young) 4048K->913K(8192K), 0.0008029 secs]
30.852: [GC pause (G1 Evacuation Pause) (young) 3985K->976K(8192K), 0.0011214 secs]
30.855: [GC pause (G1 Evacuation Pause) (young) 4048K->913K(8192K), 0.0008013 secs]
30.858: [GC pause (G1 Evacuation Pause) (young) 3985K->976K(8192K), 0.0011263 secs]
30.862: [GC pause (G1 Evacuation Pause) (young) 4048K->913K(8192K), 0.0009080 secs]
30.865: [GC pause (G1 Evacuation Pause) (young) 3985K->976K(8192K), 0.0011643 secs]
30.868: [GC pause (G1 Evacuation Pause) (young) 4048K->913K(8192K), 0.0008156 secs]
30.871: [GC pause (G1 Evacuation Pause) (young) 3985K->976K(8192K), 0.0011230 secs]
30.874: [GC pause (G1 Evacuation Pause) (young) 4048K->913K(8192K), 0.0011027 secs]
30.877: [GC pause (G1 Evacuation Pause) (young) 3985K->976K(8192K), 0.0016900 secs]
30.881: [GC pause (G1 Evacuation Pause) (young) 4048K->913K(8192K), 0.0008436 secs]
30.884: [GC pause (G1 Evacuation Pause) (young) 3985K->1003K(8192K), 0.0012121 secs]
30.887: [GC pause (G1 Evacuation Pause) (young) 4075K->913K(8192K), 0.0008161 secs]
30.890: [GC pause (G1 Evacuation Pause) (young) 3985K->976K(8192K), 0.0012787 secs]
30.894: [GC pause (G1 Evacuation Pause) (young) 4048K->913K(8192K), 0.0008079 secs]
30.896: [GC pause (G1 Evacuation Pause) (young) 3985K->976K(8192K), 0.0011241 secs]
30.900: [GC pause (G1 Evacuation Pause) (young) 4048K->913K(8192K), 0.0008249 secs]
30.903: [GC pause (G1 Evacuation Pause) (young) 3985K->976K(8192K), 0.0011918 secs]
30.906: [GC pause (G1 Evacuation Pause) (young) 4048K->913K(8192K), 0.0008348 secs]
30.909: [GC pause (G1 Evacuation Pause) (young) 3985K->976K(8192K), 0.0012611 secs]
30.913: [GC pause (G1 Evacuation Pause) (young) 4048K->913K(8192K), 0.0008282 secs]
30.916: [GC pause (G1 Evacuation Pause) (young) 3985K->976K(8192K), 0.0011280 secs]
30.919: [GC pause (G1 Evacuation Pause) (young) 4048K->913K(8192K), 0.0008156 secs]
30.922: [GC pause (G1 Evacuation Pause) (young) 3985K->976K(8192K), 0.0011417 secs]
30.925: [GC pause (G1 Evacuation Pause) (young) 4048K->913K(8192K), 0.0008271 secs]
30.928: [GC pause (G1 Evacuation Pause) (young) 3985K->976K(8192K), 0.0011241 secs]
30.931: [GC pause (G1 Evacuation Pause) (young) 4048K->913K(8192K), 0.0008095 secs]
30.934: [GC pause (G1 Evacuation Pause) (young) 3985K->976K(8192K), 0.0011401 secs]
30.938: [GC pause (G1 Evacuation Pause) (young) 4048K->913K(8192K), 0.0008013 secs]
30.941: [GC pause (G1 Evacuation Pause) (young) 3985K->1003K(8192K), 0.0012171 secs]
30.944: [GC pause (G1 Evacuation Pause) (young) 4075K->913K(8192K), 0.0008145 secs]
30.947: [GC pause (G1 Evacuation Pause) (young) 3985K->976K(8192K), 0.0011555 secs]
30.950: [GC pause (G1 Evacuation Pause) (young) 4048K->913K(8192K), 0.0008018 secs]
30.953: [GC pause (G1 Evacuation Pause) (young) 3985K->976K(8192K), 0.0011280 secs]
30.956: [GC pause (G1 Evacuation Pause) (young) 4048K->913K(8192K), 0.0008007 secs]
30.959: [GC pause (G1 Evacuation Pause) (young) 3985K->976K(8192K), 0.0011511 secs]
30.962: [GC pause (G1 Evacuation Pause) (young) 4048K->913K(8192K), 0.0008040 secs]
30.965: [GC pause (G1 Evacuation Pause) (young) 3985K->976K(8192K), 0.0011225 secs]
30.969: [GC pause (G1 Evacuation Pause) (young) 4048K->913K(8192K), 0.0008145 secs]
30.971: [GC pause (G1 Evacuation Pause) (young) 3985K->976K(8192K), 0.0011478 secs]
30.975: [GC pause (G1 Evacuation Pause) (young) 4048K->913K(8192K), 0.0007996 secs]
30.978: [GC pause (G1 Evacuation Pause) (young) 3985K->976K(8192K), 0.0011648 secs]
30.981: [GC pause (G1 Evacuation Pause) (young) 4048K->913K(8192K), 0.0008222 secs]
30.984: [GC pause (G1 Evacuation Pause) (young) 3985K->976K(8192K), 0.0011978 secs]
30.987: [GC pause (G1 Evacuation Pause) (young) 4048K->913K(8192K), 0.0008051 secs]
30.990: [GC pause (G1 Evacuation Pause) (young) 3985K->976K(8192K), 0.0011764 secs]
30.993: [GC pause (G1 Evacuation Pause) (young) 4048K->913K(8192K), 0.0008453 secs]
30.996: [GC pause (G1 Evacuation Pause) (young) 3985K->976K(8192K), 0.0011313 secs]
31.000: [GC pause (G1 Evacuation Pause) (young) 4048K->913K(8192K), 0.0008101 secs]
31.002: [GC pause (G1 Evacuation Pause) (young) 3985K->976K(8192K), 0.0011753 secs]
31.006: [GC pause (G1 Evacuation Pause) (young) 4048K->913K(8192K), 0.0008354 secs]
31.009: [GC pause (G1 Evacuation Pause) (young) 3985K->976K(8192K), 0.0011527 secs]
31.012: [GC pause (G1 Evacuation Pause) (young) 4048K->913K(8192K), 0.0008876 secs]
31.015: [GC pause (G1 Evacuation Pause) (young) 3985K->976K(8192K), 0.0011307 secs]
31.018: [GC pause (G1 Evacuation Pause) (young) 4048K->913K(8192K), 0.0008051 secs]
31.021: [GC pause (G1 Evacuation Pause) (young) 3985K->976K(8192K), 0.0011626 secs]
31.024: [GC pause (G1 Evacuation Pause) (young) 4048K->913K(8192K), 0.0008480 secs]
31.027: [GC pause (G1 Evacuation Pause) (young) 3985K->976K(8192K), 0.0011346 secs]
31.030: [GC pause (G1 Evacuation Pause) (young) 4048K->913K(8192K), 0.0008200 secs]
31.033: [GC pause (G1 Evacuation Pause) (young) 3985K->976K(8192K), 0.0011230 secs]
31.036: [GC pause (G1 Evacuation Pause) (young) 4048K->913K(8192K), 0.0008040 secs]
31.039: [GC pause (G1 Evacuation Pause) (young) 3985K->976K(8192K), 0.0011285 secs]
31.043: [GC pause (G1 Evacuation Pause) (young) 4048K->913K(8192K), 0.0008574 secs]
31.046: [GC pause (G1 Evacuation Pause) (young) 3985K->976K(8192K), 0.0082406 secs]
31.056: [GC pause (G1 Evacuation Pause) (young) 4048K->913K(8192K), 0.0008387 secs]
31.059: [GC pause (G1 Evacuation Pause) (young) 3985K->976K(8192K), 0.0051900 secs]
31.067: [GC pause (G1 Evacuation Pause) (young) 4048K->913K(8192K), 0.0008343 secs]
31.070: [GC pause (G1 Evacuation Pause) (young) 3985K->976K(8192K), 0.0011714 secs]
31.073: [GC pause (G1 Evacuation Pause) (young) 4048K->913K(8192K), 0.0008304 secs]
31.076: [GC pause (G1 Evacuation Pause) (young) 3985K->976K(8192K), 0.0374885 secs]
31.116: [GC pause (G1 Evacuation Pause) (young) 4048K->913K(8192K), 0.0219923 secs]
31.140: [GC pause (G1 Evacuation Pause) (young) 3985K->976K(8192K), 0.0197655 secs]
31.162: [GC pause (G1 Evacuation Pause) (young) 4048K->913K(8192K), 0.0127854 secs]
31.177: [GC pause (G1 Evacuation Pause) (young) 3985K->976K(8192K), 0.0011703 secs]
31.181: [GC pause (G1 Evacuation Pause) (young) 4048K->913K(8192K), 0.0008772 secs]
31.184: [GC pause (G1 Evacuation Pause) (young) 3985K->976K(8192K), 0.0011604 secs]
31.187: [GC pause (G1 Evacuation Pause) (young) 4048K->913K(8192K), 0.0146888 secs]
31.204: [GC pause (G1 Evacuation Pause) (young) 3985K->976K(8192K), 0.0011527 secs]
31.208: [GC pause (G1 Evacuation Pause) (young) 4048K->913K(8192K), 0.0010389 secs]
31.211: [GC pause (G1 Evacuation Pause) (young) 3985K->976K(8192K), 0.0058499 secs]
31.219: [GC pause (G1 Evacuation Pause) (young) 4048K->913K(8192K), 0.0061419 secs]
31.228: [GC pause (G1 Evacuation Pause) (young) 3985K->976K(8192K), 0.0011995 secs]
31.231: [GC pause (G1 Evacuation Pause) (young) 4048K->913K(8192K), 0.0015080 secs]
31.235: [GC pause (G1 Evacuation Pause) (young) 3985K->976K(8192K), 0.0012413 secs]
31.238: [GC pause (G1 Evacuation Pause) (young) 4048K->913K(8192K), 0.0008799 secs]
31.241: [GC pause (G1 Evacuation Pause) (young) 3985K->976K(8192K), 0.0015300 secs]
31.245: [GC pause (G1 Evacuation Pause) (young) 4048K->913K(8192K), 0.0008200 secs]
31.248: [GC pause (G1 Evacuation Pause) (young) 3985K->976K(8192K), 0.0012935 secs]
31.251: [GC pause (G1 Evacuation Pause) (young) 4048K->913K(8192K), 0.0008431 secs]
31.254: [GC pause (G1 Evacuation Pause) (young) 3985K->976K(8192K), 0.0011368 secs]
31.257: [GC pause (G1 Evacuation Pause) (young) 4048K->913K(8192K), 0.0013155 secs]
31.261: [GC pause (G1 Evacuation Pause) (young) 3985K->976K(8192K), 0.0012495 secs]
31.264: [GC pause (G1 Evacuation Pause) (young) 4048K->913K(8192K), 0.0014546 secs]
31.268: [GC pause (G1 Evacuation Pause) (young) 3985K->976K(8192K), 0.0011423 secs]
31.271: [GC pause (G1 Evacuation Pause) (young) 4048K->913K(8192K), 0.0012506 secs]
31.275: [GC pause (G1 Evacuation Pause) (young) 3985K->976K(8192K), 0.0011582 secs]
31.278: [GC pause (G1 Evacuation Pause) (young) 4048K->913K(8192K), 0.0008150 secs]
31.281: [GC pause (G1 Evacuation Pause) (young) 3985K->976K(8192K), 0.0011247 secs]
31.284: [GC pause (G1 Evacuation Pause) (young) 4048K->913K(8192K), 0.0008266 secs]
31.287: [GC pause (G1 Evacuation Pause) (young) 3985K->976K(8192K), 0.0013567 secs]
31.291: [GC pause (G1 Evacuation Pause) (young) 4048K->913K(8192K), 0.0012044 secs]
31.294: [GC pause (G1 Evacuation Pause) (young) 3985K->976K(8192K), 0.0013029 secs]
31.298: [GC pause (G1 Evacuation Pause) (young) 4048K->913K(8192K), 0.0008227 secs]
31.300: [GC pause (G1 Evacuation Pause) (young) 3985K->976K(8192K), 0.0017043 secs]
31.304: [GC pause (G1 Evacuation Pause) (young) 4048K->913K(8192K), 0.0008123 secs]
31.307: [GC pause (G1 Evacuation Pause) (young) 3985K->976K(8192K), 0.0013952 secs]
31.311: [GC pause (G1 Evacuation Pause) (young) 4048K->913K(8192K), 0.0008183 secs]
31.314: [GC pause (G1 Evacuation Pause) (young) 3985K->976K(8192K), 0.0011285 secs]
31.317: [GC pause (G1 Evacuation Pause) (young) 4048K->913K(8192K), 0.0008018 secs]
31.320: [GC pause (G1 Evacuation Pause) (young) 3985K->976K(8192K), 0.0011791 secs]
31.323: [GC pause (G1 Evacuation Pause) (young) 4048K->913K(8192K), 0.0008557 secs]
31.326: [GC pause (G1 Evacuation Pause) (young) 3985K->976K(8192K), 0.0011775 secs]
31.329: [GC pause (G1 Evacuation Pause) (young) 4048K->913K(8192K), 0.0008095 secs]
31.332: [GC pause (G1 Evacuation Pause) (young) 3985K->976K(8192K), 0.0011857 secs]
31.335: [GC pause (G1 Evacuation Pause) (young) 4048K->913K(8192K), 0.0008216 secs]
31.338: [GC pause (G1 Evacuation Pause) (young) 3985K->976K(8192K), 0.0011588 secs]
31.342: [GC pause (G1 Evacuation Pause) (young) 4048K->913K(8192K), 0.0008651 secs]
31.344: [GC pause (G1 Evacuation Pause) (young) 3985K->976K(8192K), 0.0011225 secs]
31.348: [GC pause (G1 Evacuation Pause) (young) 4048K->913K(8192K), 0.0008018 secs]
31.351: [GC pause (G1 Evacuation Pause) (young) 3985K->976K(8192K), 0.0011203 secs]
31.354: [GC pause (G1 Evacuation Pause) (young) 4048K->913K(8192K), 0.0008117 secs]
31.357: [GC pause (G1 Evacuation Pause) (young) 3985K->976K(8192K), 0.0011846 secs]
31.360: [GC pause (G1 Evacuation Pause) (young) 4048K->913K(8192K), 0.0008700 secs]
31.363: [GC pause (G1 Evacuation Pause) (young) 3985K->976K(8192K), 0.0011302 secs]
31.366: [GC pause (G1 Evacuation Pause) (young) 4048K->913K(8192K), 0.0008002 secs]
31.369: [GC pause (G1 Evacuation Pause) (young) 3985K->976K(8192K), 0.0011318 secs]
31.372: [GC pause (G1 Evacuation Pause) (young) 4048K->913K(8192K), 0.0008200 secs]
31.375: [GC pause (G1 Evacuation Pause) (young) 3985K->976K(8192K), 0.0011148 secs]
31.378: [GC pause (G1 Evacuation Pause) (young) 4048K->913K(8192K), 0.0008117 secs]
31.381: [GC pause (G1 Evacuation Pause) (young) 3985K->976K(8192K), 0.0011236 secs]
31.385: [GC pause (G1 Evacuation Pause) (young) 4048K->913K(8192K), 0.0009520 secs]
31.388: [GC pause (G1 Evacuation Pause) (young) 3985K->976K(8192K), 0.0011384 secs]
31.391: [GC pause (G1 Evacuation Pause) (young) 4048K->913K(8192K), 0.0007996 secs]
31.394: [GC pause (G1 Evacuation Pause) (young) 3985K->976K(8192K), 0.0011676 secs]
31.397: [GC pause (G1 Evacuation Pause) (young) 4048K->913K(8192K), 0.0008293 secs]
31.400: [GC pause (G1 Evacuation Pause) (young) 3985K->976K(8192K), 0.0011362 secs]
31.403: [GC pause (G1 Evacuation Pause) (young) 4048K->913K(8192K), 0.0007947 secs]
31.406: [GC pause (G1 Evacuation Pause) (young) 3985K->976K(8192K), 0.0011351 secs]
31.409: [GC pause (G1 Evacuation Pause) (young) 4048K->913K(8192K), 0.0008222 secs]
31.412: [GC pause (G1 Evacuation Pause) (young) 3985K->976K(8192K), 0.0011368 secs]
31.416: [GC pause (G1 Evacuation Pause) (young) 4048K->913K(8192K), 0.0008051 secs]
31.418: [GC pause (G1 Evacuation Pause) (young) 3985K->976K(8192K), 0.0011164 secs]
31.422: [GC pause (G1 Evacuation Pause) (young) 4048K->913K(8192K), 0.0008007 secs]
31.424: [GC pause (G1 Evacuation Pause) (young) 3985K->976K(8192K), 0.0011483 secs]
31.428: [GC pause (G1 Evacuation Pause) (young) 4048K->913K(8192K), 0.0008079 secs]
31.431: [GC pause (G1 Evacuation Pause) (young) 3985K->976K(8192K), 0.0011230 secs]
31.434: [GC pause (G1 Evacuation Pause) (young) 4048K->913K(8192K), 0.0008062 secs]
31.437: [GC pause (G1 Evacuation Pause) (young) 3985K->976K(8192K), 0.0011483 secs]
31.440: [GC pause (G1 Evacuation Pause) (young) 4048K->913K(8192K), 0.0008117 secs]
31.443: [GC pause (G1 Evacuation Pause) (young) 3985K->976K(8192K), 0.0011390 secs]
31.446: [GC pause (G1 Evacuation Pause) (young) 4048K->913K(8192K), 0.0008172 secs]
31.449: [GC pause (G1 Evacuation Pause) (young) 3985K->976K(8192K), 0.0011318 secs]
31.453: [GC pause (G1 Evacuation Pause) (young) 4048K->913K(8192K), 0.0008095 secs]
31.455: [GC pause (G1 Evacuation Pause) (young) 3985K->976K(8192K), 0.0011450 secs]
31.459: [GC pause (G1 Evacuation Pause) (young) 4048K->913K(8192K), 0.0008145 secs]
31.462: [GC pause (G1 Evacuation Pause) (young) 3985K->976K(8192K), 0.0011555 secs]
31.465: [GC pause (G1 Evacuation Pause) (young) 4048K->913K(8192K), 0.0008304 secs]
31.468: [GC pause (G1 Evacuation Pause) (young) 3985K->976K(8192K), 0.0011258 secs]
31.471: [GC pause (G1 Evacuation Pause) (young) 4048K->913K(8192K), 0.0007996 secs]
31.474: [GC pause (G1 Evacuation Pause) (young) 3985K->976K(8192K), 0.0011967 secs]
31.477: [GC pause (G1 Evacuation Pause) (young) 4048K->913K(8192K), 0.0008062 secs]
31.480: [GC pause (G1 Evacuation Pause) (young) 3985K->976K(8192K), 0.0011263 secs]
31.483: [GC pause (G1 Evacuation Pause) (young) 4048K->913K(8192K), 0.0008106 secs]
31.486: [GC pause (G1 Evacuation Pause) (young) 3985K->976K(8192K), 0.0012721 secs]
31.490: [GC pause (G1 Evacuation Pause) (young) 4048K->913K(8192K), 0.0008194 secs]
31.493: [GC pause (G1 Evacuation Pause) (young) 3985K->976K(8192K), 0.0011379 secs]
31.496: [GC pause (G1 Evacuation Pause) (young) 4048K->913K(8192K), 0.0008134 secs]
31.499: [GC pause (G1 Evacuation Pause) (young) 3985K->976K(8192K), 0.0011071 secs]
31.502: [GC pause (G1 Evacuation Pause) (young) 4048K->913K(8192K), 0.0008018 secs]
31.505: [GC pause (G1 Evacuation Pause) (young) 3985K->976K(8192K), 0.0011626 secs]
31.508: [GC pause (G1 Evacuation Pause) (young) 4048K->913K(8192K), 0.0009437 secs]
31.511: [GC pause (G1 Evacuation Pause) (young) 3985K->976K(8192K), 0.0011214 secs]
31.515: [GC pause (G1 Evacuation Pause) (young) 4048K->913K(8192K), 0.0008150 secs]
31.517: [GC pause (G1 Evacuation Pause) (young) 3985K->976K(8192K), 0.0011357 secs]
31.521: [GC pause (G1 Evacuation Pause) (young) 4048K->913K(8192K), 0.0008024 secs]
31.523: [GC pause (G1 Evacuation Pause) (young) 3985K->976K(8192K), 0.0011698 secs]
31.527: [GC pause (G1 Evacuation Pause) (young) 4048K->913K(8192K), 0.0008112 secs]
31.530: [GC pause (G1 Evacuation Pause) (young) 3985K->976K(8192K), 0.0011703 secs]
31.533: [GC pause (G1 Evacuation Pause) (young) 4048K->913K(8192K), 0.0008095 secs]
31.536: [GC pause (G1 Evacuation Pause) (young) 3985K->1003K(8192K), 0.0012666 secs]
31.539: [GC pause (G1 Evacuation Pause) (young) 4075K->913K(8192K), 0.0008288 secs]
31.542: [GC pause (G1 Evacuation Pause) (young) 3985K->976K(8192K), 0.0011269 secs]
31.545: [GC pause (G1 Evacuation Pause) (young) 4048K->913K(8192K), 0.0008079 secs]
31.548: [GC pause (G1 Evacuation Pause) (young) 3985K->976K(8192K), 0.0011269 secs]
31.552: [GC pause (G1 Evacuation Pause) (young) 4048K->913K(8192K), 0.0008211 secs]
31.554: [GC pause (G1 Evacuation Pause) (young) 3985K->976K(8192K), 0.0011835 secs]
31.558: [GC pause (G1 Evacuation Pause) (young) 4048K->913K(8192K), 0.0010444 secs]
31.561: [GC pause (G1 Evacuation Pause) (young) 3985K->976K(8192K), 0.0011406 secs]
31.564: [GC pause (G1 Evacuation Pause) (young) 4048K->913K(8192K), 0.0008035 secs]
31.567: [GC pause (G1 Evacuation Pause) (young) 3985K->976K(8192K), 0.0011439 secs]
31.570: [GC pause (G1 Evacuation Pause) (young) 4048K->913K(8192K), 0.0008002 secs]
31.573: [GC pause (G1 Evacuation Pause) (young) 3985K->976K(8192K), 0.0011230 secs]
31.576: [GC pause (G1 Evacuation Pause) (young) 4048K->913K(8192K), 0.0008084 secs]
31.579: [GC pause (G1 Evacuation Pause) (young) 3985K->976K(8192K), 0.0011368 secs]
31.583: [GC pause (G1 Evacuation Pause) (young) 4048K->913K(8192K), 0.0008134 secs]
31.586: [GC pause (G1 Evacuation Pause) (young) 3985K->976K(8192K), 0.0011241 secs]
31.589: [GC pause (G1 Evacuation Pause) (young) 4048K->913K(8192K), 0.0008332 secs]
31.592: [GC pause (G1 Evacuation Pause) (young) 3985K->976K(8192K), 0.0011390 secs]
31.595: [GC pause (G1 Evacuation Pause) (young) 4048K->913K(8192K), 0.0008139 secs]
31.598: [GC pause (G1 Evacuation Pause) (young) 3985K->976K(8192K), 0.0011346 secs]
31.601: [GC pause (G1 Evacuation Pause) (young) 4048K->913K(8192K), 0.0008480 secs]
31.604: [GC pause (G1 Evacuation Pause) (young) 3985K->976K(8192K), 0.0011296 secs]
31.607: [GC pause (G1 Evacuation Pause) (young) 4048K->913K(8192K), 0.0010647 secs]
31.611: [GC pause (G1 Evacuation Pause) (young) 3985K->976K(8192K), 0.0011357 secs]
31.614: [GC pause (G1 Evacuation Pause) (young) 4048K->913K(8192K), 0.0008315 secs]
31.617: [GC pause (G1 Evacuation Pause) (young) 3985K->976K(8192K), 0.0011335 secs]
31.620: [GC pause (G1 Evacuation Pause) (young) 4048K->913K(8192K), 0.0008018 secs]
31.623: [GC pause (G1 Evacuation Pause) (young) 3985K->976K(8192K), 0.0011153 secs]
31.626: [GC pause (G1 Evacuation Pause) (young) 4048K->913K(8192K), 0.0008007 secs]
31.629: [GC pause (G1 Evacuation Pause) (young) 3985K->976K(8192K), 0.0011241 secs]
31.632: [GC pause (G1 Evacuation Pause) (young) 4048K->913K(8192K), 0.0008178 secs]
31.635: [GC pause (G1 Evacuation Pause) (young) 3985K->976K(8192K), 0.0011346 secs]
31.638: [GC pause (G1 Evacuation Pause) (young) 4048K->913K(8192K), 0.0008123 secs]
31.641: [GC pause (G1 Evacuation Pause) (young) 3985K->976K(8192K), 0.0011813 secs]
31.644: [GC pause (G1 Evacuation Pause) (young) 4048K->913K(8192K), 0.0008288 secs]
31.647: [GC pause (G1 Evacuation Pause) (young) 3985K->976K(8192K), 0.0011175 secs]
31.651: [GC pause (G1 Evacuation Pause) (young) 4048K->913K(8192K), 0.0008090 secs]
31.654: [GC pause (G1 Evacuation Pause) (young) 3985K->976K(8192K), 0.0011258 secs]
31.657: [GC pause (G1 Evacuation Pause) (young) 4048K->913K(8192K), 0.0008051 secs]
31.660: [GC pause (G1 Evacuation Pause) (young) 3985K->976K(8192K), 0.0011368 secs]
31.663: [GC pause (G1 Evacuation Pause) (young) 4048K->913K(8192K), 0.0008156 secs]
31.666: [GC pause (G1 Evacuation Pause) (young) 3985K->976K(8192K), 0.0011241 secs]
31.669: [GC pause (G1 Evacuation Pause) (young) 4048K->913K(8192K), 0.0008161 secs]
31.672: [GC pause (G1 Evacuation Pause) (young) 3985K->976K(8192K), 0.0011225 secs]
31.676: [GC pause (G1 Evacuation Pause) (young) 4048K->913K(8192K), 0.0008178 secs]
31.678: [GC pause (G1 Evacuation Pause) (young) 3985K->976K(8192K), 0.0012050 secs]
31.682: [GC pause (G1 Evacuation Pause) (young) 4048K->913K(8192K), 0.0008139 secs]
31.685: [GC pause (G1 Evacuation Pause) (young) 3985K->976K(8192K), 0.0011192 secs]
31.688: [GC pause (G1 Evacuation Pause) (young) 4048K->913K(8192K), 0.0008057 secs]
31.691: [GC pause (G1 Evacuation Pause) (young) 3985K->976K(8192K), 0.0011896 secs]
31.694: [GC pause (G1 Evacuation Pause) (young) 4048K->913K(8192K), 0.0008194 secs]
31.697: [GC pause (G1 Evacuation Pause) (young) 3985K->976K(8192K), 0.0011258 secs]
31.700: [GC pause (G1 Evacuation Pause) (young) 4048K->913K(8192K), 0.0008178 secs]
31.703: [GC pause (G1 Evacuation Pause) (young) 3985K->1003K(8192K), 0.0012550 secs]
31.707: [GC pause (G1 Evacuation Pause) (young) 4075K->913K(8192K), 0.0008013 secs]
31.710: [GC pause (G1 Evacuation Pause) (young) 3985K->976K(8192K), 0.0011758 secs]
31.713: [GC pause (G1 Evacuation Pause) (young) 4048K->913K(8192K), 0.0008101 secs]
31.716: [GC pause (G1 Evacuation Pause) (young) 3985K->976K(8192K), 0.0011142 secs]
31.719: [GC pause (G1 Evacuation Pause) (young) 4048K->913K(8192K), 0.0008359 secs]
31.722: [GC pause (G1 Evacuation Pause) (young) 3985K->976K(8192K), 0.0011263 secs]
31.726: [GC pause (G1 Evacuation Pause) (young) 4048K->913K(8192K), 0.0008040 secs]
31.729: [GC pause (G1 Evacuation Pause) (young) 3985K->976K(8192K), 0.0011340 secs]
31.732: [GC pause (G1 Evacuation Pause) (young) 4048K->913K(8192K), 0.0008150 secs]
31.735: [GC pause (G1 Evacuation Pause) (young) 3985K->976K(8192K), 0.0011230 secs]
31.738: [GC pause (G1 Evacuation Pause) (young) 4048K->913K(8192K), 0.0008673 secs]
31.741: [GC pause (G1 Evacuation Pause) (young) 3985K->976K(8192K), 0.0013188 secs]
31.745: [GC pause (G1 Evacuation Pause) (young) 4048K->913K(8192K), 0.0008293 secs]
31.747: [GC pause (G1 Evacuation Pause) (young) 3985K->976K(8192K), 0.0011181 secs]
31.751: [GC pause (G1 Evacuation Pause) (young) 4048K->913K(8192K), 0.0008656 secs]
31.754: [GC pause (G1 Evacuation Pause) (young) 3985K->976K(8192K), 0.0011302 secs]
31.757: [GC pause (G1 Evacuation Pause) (young) 4048K->913K(8192K), 0.0008326 secs]
31.760: [GC pause (G1 Evacuation Pause) (young) 3985K->976K(8192K), 0.0012099 secs]
31.763: [GC pause (G1 Evacuation Pause) (young) 4048K->913K(8192K), 0.0034251 secs]
31.769: [GC pause (G1 Evacuation Pause) (young) 3985K->976K(8192K), 0.0011747 secs]
31.772: [GC pause (G1 Evacuation Pause) (young) 4048K->913K(8192K), 0.0074294 secs]
31.782: [GC pause (G1 Evacuation Pause) (young) 3985K->976K(8192K), 0.0011538 secs]
31.785: [GC pause (G1 Evacuation Pause) (young) 4048K->913K(8192K), 0.0008128 secs]
31.789: [GC pause (G1 Evacuation Pause) (young) 3985K->976K(8192K), 0.0260878 secs]
31.817: [GC pause (G1 Evacuation Pause) (young) 4048K->913K(8192K), 0.0010284 secs]
31.820: [GC pause (G1 Evacuation Pause) (young) 3985K->976K(8192K), 0.0011604 secs]
31.824: [GC pause (G1 Evacuation Pause) (young) 4048K->913K(8192K), 0.0008266 secs]
31.827: [GC pause (G1 Evacuation Pause) (young) 3985K->976K(8192K), 0.0375951 secs]
31.867: [GC pause (G1 Evacuation Pause) (young) 4048K->913K(8192K), 0.0250632 secs]
31.894: [GC pause (G1 Evacuation Pause) (young) 3985K->976K(8192K), 0.0017780 secs]
31.898: [GC pause (G1 Evacuation Pause) (young) 4048K->913K(8192K), 0.0008178 secs]
31.901: [GC pause (G1 Evacuation Pause) (young) 3985K->976K(8192K), 0.0014953 secs]
31.905: [GC pause (G1 Evacuation Pause) (young) 4048K->913K(8192K), 0.0008370 secs]
31.908: [GC pause (G1 Evacuation Pause) (young) 3985K->976K(8192K), 0.0012952 secs]
31.912: [GC pause (G1 Evacuation Pause) (young) 4048K->913K(8192K), 0.0008425 secs]
31.914: [GC pause (G1 Evacuation Pause) (young) 3985K->976K(8192K), 0.0011241 secs]
31.918: [GC pause (G1 Evacuation Pause) (young) 4048K->913K(8192K), 0.0007991 secs]
31.921: [GC pause (G1 Evacuation Pause) (young) 3985K->976K(8192K), 0.0011852 secs]
31.924: [GC pause (G1 Evacuation Pause) (young) 4048K->913K(8192K), 0.0011489 secs]
31.927: [GC pause (G1 Evacuation Pause) (young) 3985K->976K(8192K), 0.0011197 secs]
31.930: [GC pause (G1 Evacuation Pause) (young) 4048K->913K(8192K), 0.0008128 secs]
31.933: [GC pause (G1 Evacuation Pause) (young) 3985K->976K(8192K), 0.0011428 secs]
31.937: [GC pause (G1 Evacuation Pause) (young) 4048K->913K(8192K), 0.0008150 secs]
31.939: [GC pause (G1 Evacuation Pause) (young) 3985K->976K(8192K), 0.0011346 secs]
31.943: [GC pause (G1 Evacuation Pause) (young) 4048K->913K(8192K), 0.0014469 secs]
31.946: [GC pause (G1 Evacuation Pause) (young) 3985K->976K(8192K), 0.0011401 secs]
31.950: [GC pause (G1 Evacuation Pause) (young) 4048K->913K(8192K), 0.0008106 secs]
31.953: [GC pause (G1 Evacuation Pause) (young) 3985K->976K(8192K), 0.0014018 secs]
31.956: [GC pause (G1 Evacuation Pause) (young) 4048K->913K(8192K), 0.0008189 secs]
31.959: [GC pause (G1 Evacuation Pause) (young) 3985K->976K(8192K), 0.0011379 secs]
31.962: [GC pause (G1 Evacuation Pause) (young) 4048K->913K(8192K), 0.0007958 secs]
31.965: [GC pause (G1 Evacuation Pause) (young) 3985K->976K(8192K), 0.0016048 secs]
31.969: [GC pause (G1 Evacuation Pause) (young) 4048K->913K(8192K), 0.0008189 secs]
31.972: [GC pause (G1 Evacuation Pause) (young) 3985K->976K(8192K), 0.0011214 secs]
31.975: [GC pause (G1 Evacuation Pause) (young) 4048K->913K(8192K), 0.0008183 secs]
31.978: [GC pause (G1 Evacuation Pause) (young) 3985K->976K(8192K), 0.0011291 secs]
31.981: [GC pause (G1 Evacuation Pause) (young) 4048K->913K(8192K), 0.0008161 secs]
31.984: [GC pause (G1 Evacuation Pause) (young) 3985K->976K(8192K), 0.0011197 secs]
31.987: [GC pause (G1 Evacuation Pause) (young) 4048K->913K(8192K), 0.0008046 secs]
31.990: [GC pause (G1 Evacuation Pause) (young) 3985K->976K(8192K), 0.0012396 secs]
31.994: [GC pause (G1 Evacuation Pause) (young) 4048K->913K(8192K), 0.0008101 secs]
31.997: [GC pause (G1 Evacuation Pause) (young) 3985K->976K(8192K), 0.0011307 secs]
32.000: [GC pause (G1 Evacuation Pause) (young) 4048K->913K(8192K), 0.0008189 secs]
32.003: [GC pause (G1 Evacuation Pause) (young) 3985K->1003K(8192K), 0.0017461 secs]
32.007: [GC pause (G1 Evacuation Pause) (young) 4075K->913K(8192K), 0.0008167 secs]
32.010: [GC pause (G1 Evacuation Pause) (young) 3985K->976K(8192K), 0.0011868 secs]
32.013: [GC pause (G1 Evacuation Pause) (young) 4048K->913K(8192K), 0.0008205 secs]
32.016: [GC pause (G1 Evacuation Pause) (young) 3985K->976K(8192K), 0.0011428 secs]
32.019: [GC pause (G1 Evacuation Pause) (young) 4048K->913K(8192K), 0.0008139 secs]
32.022: [GC pause (G1 Evacuation Pause) (young) 3985K->976K(8192K), 0.0011258 secs]
32.025: [GC pause (G1 Evacuation Pause) (young) 4048K->913K(8192K), 0.0008145 secs]
32.028: [GC pause (G1 Evacuation Pause) (young) 3985K->976K(8192K), 0.0011142 secs]
32.031: [GC pause (G1 Evacuation Pause) (young) 4048K->913K(8192K), 0.0008348 secs]
32.034: [GC pause (G1 Evacuation Pause) (young) 3985K->976K(8192K), 0.0011219 secs]
32.038: [GC pause (G1 Evacuation Pause) (young) 4048K->913K(8192K), 0.0007980 secs]
32.041: [GC pause (G1 Evacuation Pause) (young) 3985K->976K(8192K), 0.0012099 secs]
32.044: [GC pause (G1 Evacuation Pause) (young) 4048K->913K(8192K), 0.0008090 secs]
32.047: [GC pause (G1 Evacuation Pause) (young) 3985K->976K(8192K), 0.0011241 secs]
32.050: [GC pause (G1 Evacuation Pause) (young) 4048K->913K(8192K), 0.0008211 secs]
32.053: [GC pause (G1 Evacuation Pause) (young) 3985K->976K(8192K), 0.0011126 secs]
32.056: [GC pause (G1 Evacuation Pause) (young) 4048K->913K(8192K), 0.0008238 secs]
32.059: [GC pause (G1 Evacuation Pause) (young) 3985K->976K(8192K), 0.0011269 secs]
32.062: [GC pause (G1 Evacuation Pause) (young) 4048K->913K(8192K), 0.0008145 secs]
32.065: [GC pause (G1 Evacuation Pause) (young) 3985K->976K(8192K), 0.0011104 secs]
32.068: [GC pause (G1 Evacuation Pause) (young) 4048K->913K(8192K), 0.0008161 secs]
32.071: [GC pause (G1 Evacuation Pause) (young) 3985K->976K(8192K), 0.0011104 secs]
32.075: [GC pause (G1 Evacuation Pause) (young) 4048K->913K(8192K), 0.0009916 secs]
32.078: [GC pause (G1 Evacuation Pause) (young) 3985K->976K(8192K), 0.0011879 secs]
32.081: [GC pause (G1 Evacuation Pause) (young) 4048K->913K(8192K), 0.0008123 secs]
32.084: [GC pause (G1 Evacuation Pause) (young) 3985K->976K(8192K), 0.0011170 secs]
32.087: [GC pause (G1 Evacuation Pause) (young) 4048K->913K(8192K), 0.0008112 secs]
32.090: [GC pause (G1 Evacuation Pause) (young) 3985K->976K(8192K), 0.0011885 secs]
32.093: [GC pause (G1 Evacuation Pause) (young) 4048K->913K(8192K), 0.0008530 secs]
32.096: [GC pause (G1 Evacuation Pause) (young) 3985K->976K(8192K), 0.0011109 secs]
32.100: [GC pause (G1 Evacuation Pause) (young) 4048K->913K(8192K), 0.0008106 secs]
32.103: [GC pause (G1 Evacuation Pause) (young) 3985K->976K(8192K), 0.0011285 secs]
32.106: [GC pause (G1 Evacuation Pause) (young) 4048K->913K(8192K), 0.0015377 secs]
32.109: [GC pause (G1 Evacuation Pause) (young) 3985K->976K(8192K), 0.0011467 secs]
32.113: [GC pause (G1 Evacuation Pause) (young) 4048K->913K(8192K), 0.0008975 secs]
32.116: [GC pause (G1 Evacuation Pause) (young) 3985K->976K(8192K), 0.0011269 secs]
32.119: [GC pause (G1 Evacuation Pause) (young) 4048K->913K(8192K), 0.0008766 secs]
32.122: [GC pause (G1 Evacuation Pause) (young) 3985K->976K(8192K), 0.0011362 secs]
32.125: [GC pause (G1 Evacuation Pause) (young) 4048K->913K(8192K), 0.0008194 secs]
32.128: [GC pause (G1 Evacuation Pause) (young) 3985K->976K(8192K), 0.0011379 secs]
32.132: [GC pause (G1 Evacuation Pause) (young) 4048K->913K(8192K), 0.0008090 secs]
32.135: [GC pause (G1 Evacuation Pause) (young) 3985K->976K(8192K), 0.0011384 secs]
32.138: [GC pause (G1 Evacuation Pause) (young) 4048K->913K(8192K), 0.0008035 secs]
32.141: [GC pause (G1 Evacuation Pause) (young) 3985K->976K(8192K), 0.0012143 secs]
32.144: [GC pause (G1 Evacuation Pause) (young) 4048K->913K(8192K), 0.0008035 secs]
32.147: [GC pause (G1 Evacuation Pause) (young) 3985K->976K(8192K), 0.0011412 secs]
32.150: [GC pause (G1 Evacuation Pause) (young) 4048K->913K(8192K), 0.0008013 secs]
32.153: [GC pause (G1 Evacuation Pause) (young) 3985K->976K(8192K), 0.0011780 secs]
32.156: [GC pause (G1 Evacuation Pause) (young) 4048K->913K(8192K), 0.0008029 secs]
32.159: [GC pause (G1 Evacuation Pause) (young) 3985K->976K(8192K), 0.0011340 secs]
32.162: [GC pause (G1 Evacuation Pause) (young) 4048K->913K(8192K), 0.0009223 secs]
32.165: [GC pause (G1 Evacuation Pause) (young) 3985K->976K(8192K), 0.0011208 secs]
32.169: [GC pause (G1 Evacuation Pause) (young) 4048K->913K(8192K), 0.0008783 secs]
32.172: [GC pause (G1 Evacuation Pause) (young) 3985K->976K(8192K), 0.0011439 secs]
32.175: [GC pause (G1 Evacuation Pause) (young) 4048K->913K(8192K), 0.0008134 secs]
32.178: [GC pause (G1 Evacuation Pause) (young) 3985K->976K(8192K), 0.0011318 secs]
32.181: [GC pause (G1 Evacuation Pause) (young) 4048K->913K(8192K), 0.0008101 secs]
32.184: [GC pause (G1 Evacuation Pause) (young) 3985K->976K(8192K), 0.0011214 secs]
32.187: [GC pause (G1 Evacuation Pause) (young) 4048K->913K(8192K), 0.0008002 secs]
32.190: [GC pause (G1 Evacuation Pause) (young) 3985K->976K(8192K), 0.0012600 secs]
32.194: [GC pause (G1 Evacuation Pause) (young) 4048K->913K(8192K), 0.0008106 secs]
32.196: [GC pause (G1 Evacuation Pause) (young) 3985K->976K(8192K), 0.0011236 secs]
32.200: [GC pause (G1 Evacuation Pause) (young) 4048K->913K(8192K), 0.0007985 secs]
32.203: [GC pause (G1 Evacuation Pause) (young) 3985K->976K(8192K), 0.0011423 secs]
32.206: [GC pause (G1 Evacuation Pause) (young) 4048K->913K(8192K), 0.0008057 secs]
32.209: [GC pause (G1 Evacuation Pause) (young) 3985K->976K(8192K), 0.0013045 secs]
32.212: [GC pause (G1 Evacuation Pause) (young) 4048K->913K(8192K), 0.0008464 secs]
32.215: [GC pause (G1 Evacuation Pause) (young) 3985K->976K(8192K), 0.0012644 secs]
32.219: [GC pause (G1 Evacuation Pause) (young) 4048K->913K(8192K), 0.0008040 secs]
32.221: [GC pause (G1 Evacuation Pause) (young) 3985K->976K(8192K), 0.0011940 secs]
32.225: [GC pause (G1 Evacuation Pause) (young) 4048K->913K(8192K), 0.0009228 secs]
32.228: [GC pause (G1 Evacuation Pause) (young) 3985K->976K(8192K), 0.0011923 secs]
32.231: [GC pause (G1 Evacuation Pause) (young) 4048K->913K(8192K), 0.0008200 secs]
32.234: [GC pause (G1 Evacuation Pause) (young) 3985K->976K(8192K), 0.0011412 secs]
32.237: [GC pause (G1 Evacuation Pause) (young) 4048K->913K(8192K), 0.0008073 secs]
32.240: [GC pause (G1 Evacuation Pause) (young) 3985K->976K(8192K), 0.0012094 secs]
32.243: [GC pause (G1 Evacuation Pause) (young) 4048K->913K(8192K), 0.0008073 secs]
32.246: [GC pause (G1 Evacuation Pause) (young) 3985K->976K(8192K), 0.0011186 secs]
32.250: [GC pause (G1 Evacuation Pause) (young) 4048K->913K(8192K), 0.0007985 secs]
32.252: [GC pause (G1 Evacuation Pause) (young) 3985K->976K(8192K), 0.0011153 secs]
32.256: [GC pause (G1 Evacuation Pause) (young) 4048K->913K(8192K), 0.0007980 secs]
32.259: [GC pause (G1 Evacuation Pause) (young) 3985K->976K(8192K), 0.0011203 secs]
32.262: [GC pause (G1 Evacuation Pause) (young) 4048K->913K(8192K), 0.0008794 secs]
32.265: [GC pause (G1 Evacuation Pause) (young) 3985K->976K(8192K), 0.0020018 secs]
32.269: [GC pause (G1 Evacuation Pause) (young) 4048K->913K(8192K), 0.0008508 secs]
32.272: [GC pause (G1 Evacuation Pause) (young) 3985K->976K(8192K), 0.0011203 secs]
32.275: [GC pause (G1 Evacuation Pause) (young) 4048K->913K(8192K), 0.0008156 secs]
32.278: [GC pause (G1 Evacuation Pause) (young) 3985K->976K(8192K), 0.0011225 secs]
32.282: [GC pause (G1 Evacuation Pause) (young) 4048K->913K(8192K), 0.0009168 secs]
32.285: [GC pause (G1 Evacuation Pause) (young) 3985K->976K(8192K), 0.0011538 secs]
32.288: [GC pause (G1 Evacuation Pause) (young) 4048K->913K(8192K), 0.0008200 secs]
32.291: [GC pause (G1 Evacuation Pause) (young) 3985K->976K(8192K), 0.0016158 secs]
32.295: [GC pause (G1 Evacuation Pause) (young) 4048K->913K(8192K), 0.0008178 secs]
32.297: [GC pause (G1 Evacuation Pause) (young) 3985K->976K(8192K), 0.0011450 secs]
32.301: [GC pause (G1 Evacuation Pause) (young) 4048K->913K(8192K), 0.0008040 secs]
32.303: [GC pause (G1 Evacuation Pause) (young) 3985K->976K(8192K), 0.0011340 secs]
32.307: [GC pause (G1 Evacuation Pause) (young) 4048K->913K(8192K), 0.0008046 secs]
32.310: [GC pause (G1 Evacuation Pause) (young) 3985K->976K(8192K), 0.0011802 secs]
32.313: [GC pause (G1 Evacuation Pause) (young) 4048K->913K(8192K), 0.0008249 secs]
32.316: [GC pause (G1 Evacuation Pause) (young) 3985K->976K(8192K), 0.0011791 secs]
32.319: [GC pause (G1 Evacuation Pause) (young) 4048K->913K(8192K), 0.0008189 secs]
32.322: [GC pause (G1 Evacuation Pause) (young) 3985K->976K(8192K), 0.0011296 secs]
32.326: [GC pause (G1 Evacuation Pause) (young) 4048K->913K(8192K), 0.0008156 secs]
32.329: [GC pause (G1 Evacuation Pause) (young) 3985K->976K(8192K), 0.0011247 secs]
32.332: [GC pause (G1 Evacuation Pause) (young) 4048K->913K(8192K), 0.0008271 secs]
32.335: [GC pause (G1 Evacuation Pause) (young) 3985K->976K(8192K), 0.0011461 secs]
32.338: [GC pause (G1 Evacuation Pause) (young) 4048K->913K(8192K), 0.0008194 secs]
32.341: [GC pause (G1 Evacuation Pause) (young) 3985K->976K(8192K), 0.0011857 secs]
32.344: [GC pause (G1 Evacuation Pause) (young) 4048K->913K(8192K), 0.0008183 secs]
32.347: [GC pause (G1 Evacuation Pause) (young) 3985K->976K(8192K), 0.0011879 secs]
32.350: [GC pause (G1 Evacuation Pause) (young) 4048K->913K(8192K), 0.0008502 secs]
32.353: [GC pause (G1 Evacuation Pause) (young) 3985K->976K(8192K), 0.0011175 secs]
32.356: [GC pause (G1 Evacuation Pause) (young) 4048K->913K(8192K), 0.0008018 secs]
32.359: [GC pause (G1 Evacuation Pause) (young) 3985K->976K(8192K), 0.0011329 secs]
32.363: [GC pause (G1 Evacuation Pause) (young) 4048K->913K(8192K), 0.0009740 secs]
32.366: [GC pause (G1 Evacuation Pause) (young) 3985K->976K(8192K), 0.0012435 secs]
32.369: [GC pause (G1 Evacuation Pause) (young) 4048K->913K(8192K), 0.0008134 secs]
32.372: [GC pause (G1 Evacuation Pause) (young) 3985K->976K(8192K), 0.0011505 secs]
32.375: [GC pause (G1 Evacuation Pause) (young) 4048K->913K(8192K), 0.0008178 secs]
32.378: [GC pause (G1 Evacuation Pause) (young) 3985K->976K(8192K), 0.0011241 secs]
32.381: [GC pause (G1 Evacuation Pause) (young) 4048K->913K(8192K), 0.0008172 secs]
32.384: [GC pause (G1 Evacuation Pause) (young) 3985K->976K(8192K), 0.0011351 secs]
32.388: [GC pause (G1 Evacuation Pause) (young) 4048K->913K(8192K), 0.0008117 secs]
32.391: [GC pause (G1 Evacuation Pause) (young) 3985K->976K(8192K), 0.0011962 secs]
32.394: [GC pause (G1 Evacuation Pause) (young) 4048K->913K(8192K), 0.0008211 secs]
32.397: [GC pause (G1 Evacuation Pause) (young) 3985K->976K(8192K), 0.0011197 secs]
32.400: [GC pause (G1 Evacuation Pause) (young) 4048K->913K(8192K), 0.0008156 secs]
32.403: [GC pause (G1 Evacuation Pause) (young) 3985K->976K(8192K), 0.0011225 secs]
32.406: [GC pause (G1 Evacuation Pause) (young) 4048K->913K(8192K), 0.0008178 secs]
32.409: [GC pause (G1 Evacuation Pause) (young) 3985K->976K(8192K), 0.0011192 secs]
32.412: [GC pause (G1 Evacuation Pause) (young) 4048K->913K(8192K), 0.0007996 secs]
32.415: [GC pause (G1 Evacuation Pause) (young) 3985K->976K(8192K), 0.0011522 secs]
32.419: [GC pause (G1 Evacuation Pause) (young) 4048K->913K(8192K), 0.0008216 secs]
32.422: [GC pause (G1 Evacuation Pause) (young) 3985K->976K(8192K), 0.0011511 secs]
32.425: [GC pause (G1 Evacuation Pause) (young) 4048K->913K(8192K), 0.0008755 secs]
32.428: [GC pause (G1 Evacuation Pause) (young) 3985K->976K(8192K), 0.0011357 secs]
32.431: [GC pause (G1 Evacuation Pause) (young) 4048K->913K(8192K), 0.0008167 secs]
32.434: [GC pause (G1 Evacuation Pause) (young) 3985K->976K(8192K), 0.0011395 secs]
32.437: [GC pause (G1 Evacuation Pause) (young) 4048K->913K(8192K), 0.0008651 secs]
32.440: [GC pause (G1 Evacuation Pause) (young) 3985K->976K(8192K), 0.0011879 secs]
32.443: [GC pause (G1 Evacuation Pause) (young) 4048K->913K(8192K), 0.0008222 secs]
32.446: [GC pause (G1 Evacuation Pause) (young) 3985K->976K(8192K), 0.0011285 secs]
32.450: [GC pause (G1 Evacuation Pause) (young) 4048K->913K(8192K), 0.0008040 secs]
32.453: [GC pause (G1 Evacuation Pause) (young) 3985K->976K(8192K), 0.0011181 secs]
32.456: [GC pause (G1 Evacuation Pause) (young) 4048K->913K(8192K), 0.0008084 secs]
32.459: [GC pause (G1 Evacuation Pause) (young) 3985K->976K(8192K), 0.0011324 secs]
32.462: [GC pause (G1 Evacuation Pause) (young) 4048K->913K(8192K), 0.0008172 secs]
32.465: [GC pause (G1 Evacuation Pause) (young) 3985K->976K(8192K), 0.0011461 secs]
32.468: [GC pause (G1 Evacuation Pause) (young) 4048K->913K(8192K), 0.0009547 secs]
32.471: [GC pause (G1 Evacuation Pause) (young) 3985K->976K(8192K), 0.0011571 secs]
32.474: [GC pause (G1 Evacuation Pause) (young) 4048K->913K(8192K), 0.0009410 secs]
32.478: [GC pause (G1 Evacuation Pause) (young) 3985K->976K(8192K), 0.0011439 secs]
32.481: [GC pause (G1 Evacuation Pause) (young) 4048K->913K(8192K), 0.0008095 secs]
32.484: [GC pause (G1 Evacuation Pause) (young) 3985K->976K(8192K), 0.0011208 secs]
32.487: [GC pause (G1 Evacuation Pause) (young) 4048K->913K(8192K), 0.0008007 secs]
32.490: [GC pause (G1 Evacuation Pause) (young) 3985K->976K(8192K), 0.0011472 secs]
32.493: [GC pause (G1 Evacuation Pause) (young) 4048K->913K(8192K), 0.0008277 secs]
32.496: [GC pause (G1 Evacuation Pause) (young) 3985K->976K(8192K), 0.0011335 secs]
32.499: [GC pause (G1 Evacuation Pause) (young) 4048K->913K(8192K), 0.0008134 secs]
32.502: [GC pause (G1 Evacuation Pause) (young) 3985K->976K(8192K), 0.0011395 secs]
32.505: [GC pause (G1 Evacuation Pause) (young) 4048K->913K(8192K), 0.0008101 secs]
32.508: [GC pause (G1 Evacuation Pause) (young) 3985K->976K(8192K), 0.0011258 secs]
32.511: [GC pause (G1 Evacuation Pause) (young) 4048K->913K(8192K), 0.0008057 secs]
32.514: [GC pause (G1 Evacuation Pause) (young) 3985K->976K(8192K), 0.0011252 secs]
32.518: [GC pause (G1 Evacuation Pause) (young) 4048K->913K(8192K), 0.0008227 secs]
32.521: [GC pause (G1 Evacuation Pause) (young) 3985K->976K(8192K), 0.0011274 secs]
32.524: [GC pause (G1 Evacuation Pause) (young) 4048K->913K(8192K), 0.0012776 secs]
32.527: [GC pause (G1 Evacuation Pause) (young) 3985K->976K(8192K), 0.0011291 secs]
32.531: [GC pause (G1 Evacuation Pause) (young) 4048K->913K(8192K), 0.0007991 secs]
32.533: [GC pause (G1 Evacuation Pause) (young) 3985K->976K(8192K), 0.0011137 secs]
32.537: [GC pause (G1 Evacuation Pause) (young) 4048K->913K(8192K), 0.0008046 secs]
32.540: [GC pause (G1 Evacuation Pause) (young) 3985K->976K(8192K), 0.0011533 secs]
32.543: [GC pause (G1 Evacuation Pause) (young) 4048K->913K(8192K), 0.0008249 secs]
32.546: [GC pause (G1 Evacuation Pause) (young) 3985K->976K(8192K), 0.0011412 secs]
32.549: [GC pause (G1 Evacuation Pause) (young) 4048K->913K(8192K), 0.0008112 secs]
32.552: [GC pause (G1 Evacuation Pause) (young) 3985K->976K(8192K), 0.0011219 secs]
32.555: [GC pause (G1 Evacuation Pause) (young) 4048K->913K(8192K), 0.0008431 secs]
32.558: [GC pause (G1 Evacuation Pause) (young) 3985K->976K(8192K), 0.0011676 secs]
32.561: [GC pause (G1 Evacuation Pause) (young) 4048K->913K(8192K), 0.0008029 secs]
32.564: [GC pause (G1 Evacuation Pause) (young) 3985K->976K(8192K), 0.0011940 secs]
32.568: [GC pause (G1 Evacuation Pause) (young) 4048K->913K(8192K), 0.0010664 secs]
32.571: [GC pause (G1 Evacuation Pause) (young) 3985K->976K(8192K), 0.0011401 secs]
32.574: [GC pause (G1 Evacuation Pause) (young) 4048K->975K(8192K), 0.0010669 secs]
32.577: [GC pause (G1 Evacuation Pause) (young) 4047K->998K(8192K), 0.0011291 secs]
32.580: [GC pause (G1 Evacuation Pause) (young) 4070K->911K(8192K), 0.0008090 secs]
32.583: [GC pause (G1 Evacuation Pause) (young) 3983K->974K(8192K), 0.0011258 secs]
32.587: [GC pause (G1 Evacuation Pause) (young) 4046K->913K(8192K), 0.0008117 secs]
32.589: [GC pause (G1 Evacuation Pause) (young) 3985K->976K(8192K), 0.0011208 secs]
32.593: [GC pause (G1 Evacuation Pause) (young) 4048K->913K(8192K), 0.0008079 secs]
32.596: [GC pause (G1 Evacuation Pause) (young) 3985K->976K(8192K), 0.0011406 secs]
32.599: [GC pause (G1 Evacuation Pause) (young) 4048K->913K(8192K), 0.0013930 secs]
32.602: [GC pause (G1 Evacuation Pause) (young) 3985K->976K(8192K), 0.0011285 secs]
32.605: [GC pause (G1 Evacuation Pause) (young) 4048K->913K(8192K), 0.0008090 secs]
32.608: [GC pause (G1 Evacuation Pause) (young) 3985K->976K(8192K), 0.0011368 secs]
32.612: [GC pause (G1 Evacuation Pause) (young) 4048K->913K(8192K), 0.0008024 secs]
32.615: [GC pause (G1 Evacuation Pause) (young) 3985K->976K(8192K), 0.0017043 secs]
32.618: [GC pause (G1 Evacuation Pause) (young) 4048K->913K(8192K), 0.0008205 secs]
32.622: [GC pause (G1 Evacuation Pause) (young) 3985K->976K(8192K), 0.0013040 secs]
32.625: [GC pause (G1 Evacuation Pause) (young) 4048K->913K(8192K), 0.0008425 secs]
32.628: [GC pause (G1 Evacuation Pause) (young) 3985K->976K(8192K), 0.0011571 secs]
32.631: [GC pause (G1 Evacuation Pause) (young) 4048K->913K(8192K), 0.0008013 secs]
32.634: [GC pause (G1 Evacuation Pause) (young) 3985K->976K(8192K), 0.0011203 secs]
32.638: [GC pause (G1 Evacuation Pause) (young) 4048K->913K(8192K), 0.0009223 secs]
32.641: [GC pause (G1 Evacuation Pause) (young) 3985K->976K(8192K), 0.0011654 secs]
32.644: [GC pause (G1 Evacuation Pause) (young) 4048K->913K(8192K), 0.0008227 secs]
32.647: [GC pause (G1 Evacuation Pause) (young) 3985K->976K(8192K), 0.0011390 secs]
32.650: [GC pause (G1 Evacuation Pause) (young) 4048K->913K(8192K), 0.0008134 secs]
32.653: [GC pause (G1 Evacuation Pause) (young) 3985K->976K(8192K), 0.0017604 secs]
32.657: [GC pause (G1 Evacuation Pause) (young) 4048K->913K(8192K), 0.0008227 secs]
32.660: [GC pause (G1 Evacuation Pause) (young) 3985K->976K(8192K), 0.0011533 secs]
32.663: [GC pause (G1 Evacuation Pause) (young) 4048K->913K(8192K), 0.0008139 secs]
32.666: [GC pause (G1 Evacuation Pause) (young) 3985K->976K(8192K), 0.0011285 secs]
32.670: [GC pause (G1 Evacuation Pause) (young) 4048K->913K(8192K), 0.0008953 secs]
32.673: [GC pause (G1 Evacuation Pause) (young) 3985K->976K(8192K), 0.0011368 secs]
32.676: [GC pause (G1 Evacuation Pause) (young) 4048K->913K(8192K), 0.0007991 secs]
32.679: [GC pause (G1 Evacuation Pause) (young) 3985K->976K(8192K), 0.0011131 secs]
32.682: [GC pause (G1 Evacuation Pause) (young) 4048K->913K(8192K), 0.0008062 secs]
32.685: [GC pause (G1 Evacuation Pause) (young) 3985K->1003K(8192K), 0.0016933 secs]
32.689: [GC pause (G1 Evacuation Pause) (young) 4075K->913K(8192K), 0.0008211 secs]
32.692: [GC pause (G1 Evacuation Pause) (young) 3985K->976K(8192K), 0.0011280 secs]
32.695: [GC pause (G1 Evacuation Pause) (young) 4048K->913K(8192K), 0.0008282 secs]
32.698: [GC pause (G1 Evacuation Pause) (young) 3985K->976K(8192K), 0.0011329 secs]
32.701: [GC pause (G1 Evacuation Pause) (young) 4048K->913K(8192K), 0.0008057 secs]
32.704: [GC pause (G1 Evacuation Pause) (young) 3985K->976K(8192K), 0.0011219 secs]
32.708: [GC pause (G1 Evacuation Pause) (young) 4048K->913K(8192K), 0.0010521 secs]
32.711: [GC pause (G1 Evacuation Pause) (young) 3985K->976K(8192K), 0.0011450 secs]
32.714: [GC pause (G1 Evacuation Pause) (young) 4048K->913K(8192K), 0.0008057 secs]
32.717: [GC pause (G1 Evacuation Pause) (young) 3985K->976K(8192K), 0.0011269 secs]
32.720: [GC pause (G1 Evacuation Pause) (young) 4048K->913K(8192K), 0.0008068 secs]
32.723: [GC pause (G1 Evacuation Pause) (young) 3985K->976K(8192K), 0.0011236 secs]
32.727: [GC pause (G1 Evacuation Pause) (young) 4048K->913K(8192K), 0.0008425 secs]
32.730: [GC pause (G1 Evacuation Pause) (young) 3985K->976K(8192K), 0.0011544 secs]
32.733: [GC pause (G1 Evacuation Pause) (young) 4048K->913K(8192K), 0.0008112 secs]
32.736: [GC pause (G1 Evacuation Pause) (young) 3985K->976K(8192K), 0.0011736 secs]
32.739: [GC pause (G1 Evacuation Pause) (young) 4048K->913K(8192K), 0.0008029 secs]
32.742: [GC pause (G1 Evacuation Pause) (young) 3985K->976K(8192K), 0.0011208 secs]
32.745: [GC pause (G1 Evacuation Pause) (young) 4048K->913K(8192K), 0.0008249 secs]
32.748: [GC pause (G1 Evacuation Pause) (young) 3985K->976K(8192K), 0.0011142 secs]
32.751: [GC pause (G1 Evacuation Pause) (young) 4048K->913K(8192K), 0.0008178 secs]
32.754: [GC pause (G1 Evacuation Pause) (young) 3985K->976K(8192K), 0.0011648 secs]
32.758: [GC pause (G1 Evacuation Pause) (young) 4048K->913K(8192K), 0.0007985 secs]
32.760: [GC pause (G1 Evacuation Pause) (young) 3985K->976K(8192K), 0.0011131 secs]
32.764: [GC pause (G1 Evacuation Pause) (young) 4048K->913K(8192K), 0.0037606 secs]
32.770: [GC pause (G1 Evacuation Pause) (young) 3985K->976K(8192K), 0.0011593 secs]
32.773: [GC pause (G1 Evacuation Pause) (young) 4048K->913K(8192K), 0.0008150 secs]
32.776: [GC pause (G1 Evacuation Pause) (young) 3985K->976K(8192K), 0.0011522 secs]
32.779: [GC pause (G1 Evacuation Pause) (young) 4048K->913K(8192K), 0.0008150 secs]
32.782: [GC pause (G1 Evacuation Pause) (young) 3985K->976K(8192K), 0.0011236 secs]
32.785: [GC pause (G1 Evacuation Pause) (young) 4048K->913K(8192K), 0.0008255 secs]
32.788: [GC pause (G1 Evacuation Pause) (young) 3985K->976K(8192K), 0.0011318 secs]
32.792: [GC pause (G1 Evacuation Pause) (young) 4048K->913K(8192K), 0.0008981 secs]
32.794: [GC pause (G1 Evacuation Pause) (young) 3985K->976K(8192K), 0.0011236 secs]
32.798: [GC pause (G1 Evacuation Pause) (young) 4048K->913K(8192K), 0.0008090 secs]
32.801: [GC pause (G1 Evacuation Pause) (young) 3985K->976K(8192K), 0.0011258 secs]
32.804: [GC pause (G1 Evacuation Pause) (young) 4048K->913K(8192K), 0.0008128 secs]
32.807: [GC pause (G1 Evacuation Pause) (young) 3985K->976K(8192K), 0.0012138 secs]
32.810: [GC pause (G1 Evacuation Pause) (young) 4048K->913K(8192K), 0.0008233 secs]
32.813: [GC pause (G1 Evacuation Pause) (young) 3985K->976K(8192K), 0.0011313 secs]
32.816: [GC pause (G1 Evacuation Pause) (young) 4048K->913K(8192K), 0.0008002 secs]
32.819: [GC pause (G1 Evacuation Pause) (young) 3985K->976K(8192K), 0.0011274 secs]
32.822: [GC pause (G1 Evacuation Pause) (young) 4048K->913K(8192K), 0.0008035 secs]
32.825: [GC pause (G1 Evacuation Pause) (young) 3985K->976K(8192K), 0.0011214 secs]
32.828: [GC pause (G1 Evacuation Pause) (young) 4048K->913K(8192K), 0.0008552 secs]
32.832: [GC pause (G1 Evacuation Pause) (young) 3985K->976K(8192K), 0.0011494 secs]
32.835: [GC pause (G1 Evacuation Pause) (young) 4048K->913K(8192K), 0.0008145 secs]
32.838: [GC pause (G1 Evacuation Pause) (young) 3985K->976K(8192K), 0.0011252 secs]
32.841: [GC pause (G1 Evacuation Pause) (young) 4048K->913K(8192K), 0.0007963 secs]
32.844: [GC pause (G1 Evacuation Pause) (young) 3985K->976K(8192K), 0.0011313 secs]
32.847: [GC pause (G1 Evacuation Pause) (young) 4048K->913K(8192K), 0.0008425 secs]
32.850: [GC pause (G1 Evacuation Pause) (young) 3985K->976K(8192K), 0.0011313 secs]
32.853: [GC pause (G1 Evacuation Pause) (young) 4048K->913K(8192K), 0.0008024 secs]
32.856: [GC pause (G1 Evacuation Pause) (young) 3985K->976K(8192K), 0.0011384 secs]
32.859: [GC pause (G1 Evacuation Pause) (young) 4048K->913K(8192K), 0.0008002 secs]
32.862: [GC pause (G1 Evacuation Pause) (young) 3985K->976K(8192K), 0.0011478 secs]
32.866: [GC pause (G1 Evacuation Pause) (young) 4048K->913K(8192K), 0.0008233 secs]
32.869: [GC pause (G1 Evacuation Pause) (young) 3985K->976K(8192K), 0.0011417 secs]
32.872: [GC pause (G1 Evacuation Pause) (young) 4048K->913K(8192K), 0.0008260 secs]
32.875: [GC pause (G1 Evacuation Pause) (young) 3985K->976K(8192K), 0.0011527 secs]
32.878: [GC pause (G1 Evacuation Pause) (young) 4048K->913K(8192K), 0.0008057 secs]
32.881: [GC pause (G1 Evacuation Pause) (young) 3985K->976K(8192K), 0.0011434 secs]
32.885: [GC pause (G1 Evacuation Pause) (young) 4048K->913K(8192K), 0.0008062 secs]
32.888: [GC pause (G1 Evacuation Pause) (young) 3985K->976K(8192K), 0.0011797 secs]
32.891: [GC pause (G1 Evacuation Pause) (young) 4048K->913K(8192K), 0.0008002 secs]
32.894: [GC pause (G1 Evacuation Pause) (young) 3985K->976K(8192K), 0.0011236 secs]
32.897: [GC pause (G1 Evacuation Pause) (young) 4048K->913K(8192K), 0.0068943 secs]
32.906: [GC pause (G1 Evacuation Pause) (young) 3985K->976K(8192K), 0.0014354 secs]
32.910: [GC pause (G1 Evacuation Pause) (young) 4048K->913K(8192K), 0.0008189 secs]
32.913: [GC pause (G1 Evacuation Pause) (young) 3985K->976K(8192K), 0.0020849 secs]
32.918: [GC pause (G1 Evacuation Pause) (young) 4048K->913K(8192K), 0.0220033 secs]
32.942: [GC pause (G1 Evacuation Pause) (young) 3985K->976K(8192K), 0.0368642 secs]
32.981: [GC pause (G1 Evacuation Pause) (young) 4048K->913K(8192K), 0.0095522 secs]
32.994: [GC pause (G1 Evacuation Pause) (young) 3985K->976K(8192K), 0.0018875 secs]
32.998: [GC pause (G1 Evacuation Pause) (young) 4048K->913K(8192K), 0.0093086 secs]
33.009: [GC pause (G1 Evacuation Pause) (young) 3985K->976K(8192K), 0.0011505 secs]
33.013: [GC pause (G1 Evacuation Pause) (young) 4048K->913K(8192K), 0.0167160 secs]
33.032: [GC pause (G1 Evacuation Pause) (young) 3985K->976K(8192K), 0.0011582 secs]
33.035: [GC pause (G1 Evacuation Pause) (young) 4048K->913K(8192K), 0.0083566 secs]
33.046: [GC pause (G1 Evacuation Pause) (young) 3985K->976K(8192K), 0.0011626 secs]
33.049: [GC pause (G1 Evacuation Pause) (young) 4048K->913K(8192K), 0.0008233 secs]
33.052: [GC pause (G1 Evacuation Pause) (young) 3985K->976K(8192K), 0.0072243 secs]
33.061: [GC pause (G1 Evacuation Pause) (young) 4048K->913K(8192K), 0.0008271 secs]
33.064: [GC pause (G1 Evacuation Pause) (young) 3985K->976K(8192K), 0.0011318 secs]
33.068: [GC pause (G1 Evacuation Pause) (young) 4048K->913K(8192K), 0.0009613 secs]
33.071: [GC pause (G1 Evacuation Pause) (young) 3985K->976K(8192K), 0.0011461 secs]
33.074: [GC pause (G1 Evacuation Pause) (young) 4048K->913K(8192K), 0.0010988 secs]
33.077: [GC pause (G1 Evacuation Pause) (young) 3985K->976K(8192K), 0.0011329 secs]
33.080: [GC pause (G1 Evacuation Pause) (young) 4048K->913K(8192K), 0.0009349 secs]
33.084: [GC pause (G1 Evacuation Pause) (young) 3985K->976K(8192K), 0.0012820 secs]
33.087: [GC pause (G1 Evacuation Pause) (young) 4048K->913K(8192K), 0.0008288 secs]
33.090: [GC pause (G1 Evacuation Pause) (young) 3985K->976K(8192K), 0.0012462 secs]
33.093: [GC pause (G1 Evacuation Pause) (young) 4048K->913K(8192K), 0.0008442 secs]
33.096: [GC pause (G1 Evacuation Pause) (young) 3985K->976K(8192K), 0.0011725 secs]
33.100: [GC pause (G1 Evacuation Pause) (young) 4048K->913K(8192K), 0.0008172 secs]
33.102: [GC pause (G1 Evacuation Pause) (young) 3985K->976K(8192K), 0.0011230 secs]
33.106: [GC pause (G1 Evacuation Pause) (young) 4048K->913K(8192K), 0.0008376 secs]
33.109: [GC pause (G1 Evacuation Pause) (young) 3985K->976K(8192K), 0.0011786 secs]
33.112: [GC pause (G1 Evacuation Pause) (young) 4048K->913K(8192K), 0.0008634 secs]
33.115: [GC pause (G1 Evacuation Pause) (young) 3985K->976K(8192K), 0.0011863 secs]
33.118: [GC pause (G1 Evacuation Pause) (young) 4048K->913K(8192K), 0.0008282 secs]
33.121: [GC pause (G1 Evacuation Pause) (young) 3985K->1003K(8192K), 0.0014288 secs]
33.125: [GC pause (G1 Evacuation Pause) (young) 4075K->913K(8192K), 0.0008271 secs]
33.128: [GC pause (G1 Evacuation Pause) (young) 3985K->976K(8192K), 0.0011324 secs]
33.132: [GC pause (G1 Evacuation Pause) (young) 4048K->913K(8192K), 0.0008623 secs]
33.135: [GC pause (G1 Evacuation Pause) (young) 3985K->976K(8192K), 0.0011797 secs]
33.138: [GC pause (G1 Evacuation Pause) (young) 4048K->913K(8192K), 0.0008288 secs]
33.141: [GC pause (G1 Evacuation Pause) (young) 3985K->976K(8192K), 0.0012935 secs]
33.144: [GC pause (G1 Evacuation Pause) (young) 4048K->913K(8192K), 0.0008134 secs]
33.147: [GC pause (G1 Evacuation Pause) (young) 3985K->976K(8192K), 0.0011698 secs]
33.151: [GC pause (G1 Evacuation Pause) (young) 4048K->913K(8192K), 0.0008046 secs]
33.153: [GC pause (G1 Evacuation Pause) (young) 3985K->976K(8192K), 0.0011280 secs]
33.157: [GC pause (G1 Evacuation Pause) (young) 4048K->913K(8192K), 0.0007991 secs]
33.160: [GC pause (G1 Evacuation Pause) (young) 3985K->976K(8192K), 0.0011324 secs]
33.163: [GC pause (G1 Evacuation Pause) (young) 4048K->913K(8192K), 0.0008486 secs]
33.166: [GC pause (G1 Evacuation Pause) (young) 3985K->976K(8192K), 0.0011500 secs]
33.169: [GC pause (G1 Evacuation Pause) (young) 4048K->913K(8192K), 0.0008304 secs]
33.172: [GC pause (G1 Evacuation Pause) (young) 3985K->976K(8192K), 0.0011269 secs]
33.175: [GC pause (G1 Evacuation Pause) (young) 4048K->913K(8192K), 0.0008607 secs]
33.178: [GC pause (G1 Evacuation Pause) (young) 3985K->976K(8192K), 0.0011252 secs]
33.182: [GC pause (G1 Evacuation Pause) (young) 4048K->913K(8192K), 0.0012781 secs]
33.185: [GC pause (G1 Evacuation Pause) (young) 3985K->976K(8192K), 0.0017483 secs]
33.189: [GC pause (G1 Evacuation Pause) (young) 4048K->913K(8192K), 0.0008123 secs]
33.192: [GC pause (G1 Evacuation Pause) (young) 3985K->976K(8192K), 0.0012132 secs]
33.195: [GC pause (G1 Evacuation Pause) (young) 4048K->913K(8192K), 0.0008150 secs]
33.198: [GC pause (G1 Evacuation Pause) (young) 3985K->976K(8192K), 0.0011219 secs]
33.202: [GC pause (G1 Evacuation Pause) (young) 4048K->913K(8192K), 0.0008018 secs]
33.204: [GC pause (G1 Evacuation Pause) (young) 3985K->976K(8192K), 0.0012242 secs]
33.208: [GC pause (G1 Evacuation Pause) (young) 4048K->913K(8192K), 0.0010026 secs]
33.211: [GC pause (G1 Evacuation Pause) (young) 3985K->976K(8192K), 0.0011340 secs]
33.214: [GC pause (G1 Evacuation Pause) (young) 4048K->913K(8192K), 0.0008156 secs]
33.217: [GC pause (G1 Evacuation Pause) (young) 3985K->976K(8192K), 0.0011291 secs]
33.220: [GC pause (G1 Evacuation Pause) (young) 4048K->913K(8192K), 0.0008035 secs]
33.223: [GC pause (G1 Evacuation Pause) (young) 3985K->976K(8192K), 0.0011093 secs]
33.226: [GC pause (G1 Evacuation Pause) (young) 4048K->913K(8192K), 0.0008271 secs]
33.229: [GC pause (G1 Evacuation Pause) (young) 3985K->976K(8192K), 0.0011318 secs]
33.232: [GC pause (G1 Evacuation Pause) (young) 4048K->913K(8192K), 0.0008321 secs]
33.235: [GC pause (G1 Evacuation Pause) (young) 3985K->976K(8192K), 0.0011802 secs]
33.239: [GC pause (G1 Evacuation Pause) (young) 4048K->913K(8192K), 0.0008134 secs]
33.242: [GC pause (G1 Evacuation Pause) (young) 3985K->976K(8192K), 0.0011313 secs]
33.245: [GC pause (G1 Evacuation Pause) (young) 4048K->913K(8192K), 0.0008414 secs]
33.248: [GC pause (G1 Evacuation Pause) (young) 3985K->976K(8192K), 0.0011313 secs]
33.251: [GC pause (G1 Evacuation Pause) (young) 4048K->913K(8192K), 0.0008255 secs]
33.254: [GC pause (G1 Evacuation Pause) (young) 3985K->976K(8192K), 0.0011252 secs]
33.257: [GC pause (G1 Evacuation Pause) (young) 4048K->913K(8192K), 0.0194130 secs]
33.279: [GC pause (G1 Evacuation Pause) (young) 3985K->976K(8192K), 0.0377447 secs]
33.319: [GC pause (G1 Evacuation Pause) (young) 4048K->913K(8192K), 0.0192914 secs]
33.341: [GC pause (G1 Evacuation Pause) (young) 3985K->976K(8192K), 0.0032453 secs]
33.346: [GC pause (G1 Evacuation Pause) (young) 4048K->913K(8192K), 0.0008337 secs]
33.349: [GC pause (G1 Evacuation Pause) (young) 3985K->976K(8192K), 0.0096413 secs]
33.361: [GC pause (G1 Evacuation Pause) (young) 4048K->913K(8192K), 0.0008403 secs]
33.364: [GC pause (G1 Evacuation Pause) (young) 3985K->976K(8192K), 0.0015135 secs]
33.368: [GC pause (G1 Evacuation Pause) (young) 4048K->913K(8192K), 0.0063124 secs]
33.377: [GC pause (G1 Evacuation Pause) (young) 3985K->976K(8192K), 0.0011472 secs]
33.380: [GC pause (G1 Evacuation Pause) (young) 4048K->913K(8192K), 0.0008200 secs]
33.383: [GC pause (G1 Evacuation Pause) (young) 3985K->976K(8192K), 0.0011274 secs]
33.386: [GC pause (G1 Evacuation Pause) (young) 4048K->913K(8192K), 0.0008266 secs]
33.389: [GC pause (G1 Evacuation Pause) (young) 3985K->976K(8192K), 0.0011472 secs]
33.392: [GC pause (G1 Evacuation Pause) (young) 4048K->913K(8192K), 0.0008134 secs]
33.395: [GC pause (G1 Evacuation Pause) (young) 3985K->976K(8192K), 0.0011318 secs]
33.398: [GC pause (G1 Evacuation Pause) (young) 4048K->913K(8192K), 0.0008117 secs]
33.401: [GC pause (G1 Evacuation Pause) (young) 3985K->976K(8192K), 0.0011159 secs]
33.405: [GC pause (G1 Evacuation Pause) (young) 4048K->913K(8192K), 0.0008007 secs]
33.407: [GC pause (G1 Evacuation Pause) (young) 3985K->976K(8192K), 0.0011753 secs]
33.411: [GC pause (G1 Evacuation Pause) (young) 4048K->913K(8192K), 0.0009663 secs]
33.414: [GC pause (G1 Evacuation Pause) (young) 3985K->976K(8192K), 0.0011302 secs]
33.417: [GC pause (G1 Evacuation Pause) (young) 4048K->913K(8192K), 0.0008172 secs]
33.420: [GC pause (G1 Evacuation Pause) (young) 3985K->976K(8192K), 0.0011236 secs]
33.423: [GC pause (G1 Evacuation Pause) (young) 4048K->913K(8192K), 0.0008007 secs]
33.426: [GC pause (G1 Evacuation Pause) (young) 3985K->976K(8192K), 0.0011219 secs]
33.429: [GC pause (G1 Evacuation Pause) (young) 4048K->913K(8192K), 0.0008040 secs]
33.432: [GC pause (G1 Evacuation Pause) (young) 3985K->976K(8192K), 0.0011104 secs]
33.435: [GC pause (G1 Evacuation Pause) (young) 4048K->913K(8192K), 0.0007947 secs]
33.438: [GC pause (G1 Evacuation Pause) (young) 3985K->976K(8192K), 0.0011098 secs]
33.442: [GC pause (G1 Evacuation Pause) (young) 4048K->913K(8192K), 0.0008194 secs]
33.445: [GC pause (G1 Evacuation Pause) (young) 3985K->976K(8192K), 0.0011450 secs]
33.448: [GC pause (G1 Evacuation Pause) (young) 4048K->913K(8192K), 0.0008673 secs]
33.451: [GC pause (G1 Evacuation Pause) (young) 3985K->976K(8192K), 0.0011329 secs]
33.454: [GC pause (G1 Evacuation Pause) (young) 4048K->913K(8192K), 0.0008150 secs]
33.457: [GC pause (G1 Evacuation Pause) (young) 3985K->1003K(8192K), 0.0011874 secs]
33.460: [GC pause (G1 Evacuation Pause) (young) 4075K->913K(8192K), 0.0008178 secs]
33.463: [GC pause (G1 Evacuation Pause) (young) 3985K->976K(8192K), 0.0011439 secs]
33.467: [GC pause (G1 Evacuation Pause) (young) 4048K->913K(8192K), 0.0008172 secs]
33.469: [GC pause (G1 Evacuation Pause) (young) 3985K->976K(8192K), 0.0011236 secs]
33.473: [GC pause (G1 Evacuation Pause) (young) 4048K->913K(8192K), 0.0008134 secs]
33.476: [GC pause (G1 Evacuation Pause) (young) 3985K->976K(8192K), 0.0011450 secs]
33.479: [GC pause (G1 Evacuation Pause) (young) 4048K->913K(8192K), 0.0008222 secs]
33.482: [GC pause (G1 Evacuation Pause) (young) 3985K->976K(8192K), 0.0011318 secs]
33.485: [GC pause (G1 Evacuation Pause) (young) 4048K->913K(8192K), 0.0008123 secs]
33.488: [GC pause (G1 Evacuation Pause) (young) 3985K->976K(8192K), 0.0011236 secs]
33.491: [GC pause (G1 Evacuation Pause) (young) 4048K->913K(8192K), 0.0009498 secs]
33.494: [GC pause (G1 Evacuation Pause) (young) 3985K->976K(8192K), 0.0011258 secs]
33.498: [GC pause (G1 Evacuation Pause) (young) 4048K->913K(8192K), 0.0008167 secs]
33.500: [GC pause (G1 Evacuation Pause) (young) 3985K->976K(8192K), 0.0011252 secs]
33.504: [GC pause (G1 Evacuation Pause) (young) 4048K->913K(8192K), 0.0008046 secs]
33.507: [GC pause (G1 Evacuation Pause) (young) 3985K->976K(8192K), 0.0011351 secs]
33.510: [GC pause (G1 Evacuation Pause) (young) 4048K->913K(8192K), 0.0008200 secs]
33.513: [GC pause (G1 Evacuation Pause) (young) 3985K->976K(8192K), 0.0013111 secs]
33.516: [GC pause (G1 Evacuation Pause) (young) 4048K->913K(8192K), 0.0008579 secs]
33.519: [GC pause (G1 Evacuation Pause) (young) 3985K->976K(8192K), 0.0011373 secs]
33.522: [GC pause (G1 Evacuation Pause) (young) 4048K->913K(8192K), 0.0008068 secs]
33.525: [GC pause (G1 Evacuation Pause) (young) 3985K->976K(8192K), 0.0011186 secs]
33.528: [GC pause (G1 Evacuation Pause) (young) 4048K->913K(8192K), 0.0008051 secs]
33.531: [GC pause (G1 Evacuation Pause) (young) 3985K->976K(8192K), 0.0011269 secs]
33.535: [GC pause (G1 Evacuation Pause) (young) 4048K->913K(8192K), 0.0008024 secs]
33.537: [GC pause (G1 Evacuation Pause) (young) 3985K->976K(8192K), 0.0011269 secs]
33.541: [GC pause (G1 Evacuation Pause) (young) 4048K->913K(8192K), 0.0009877 secs]
33.544: [GC pause (G1 Evacuation Pause) (young) 3985K->976K(8192K), 0.0011560 secs]
33.547: [GC pause (G1 Evacuation Pause) (young) 4048K->913K(8192K), 0.0008238 secs]
33.550: [GC pause (G1 Evacuation Pause) (young) 3985K->976K(8192K), 0.0011423 secs]
33.553: [GC pause (G1 Evacuation Pause) (young) 4048K->913K(8192K), 0.0007947 secs]
33.556: [GC pause (G1 Evacuation Pause) (young) 3985K->976K(8192K), 0.0011406 secs]
33.559: [GC pause (G1 Evacuation Pause) (young) 4048K->913K(8192K), 0.0008161 secs]
33.562: [GC pause (G1 Evacuation Pause) (young) 3985K->976K(8192K), 0.0011236 secs]
33.566: [GC pause (G1 Evacuation Pause) (young) 4048K->913K(8192K), 0.0008282 secs]
33.569: [GC pause (G1 Evacuation Pause) (young) 3985K->976K(8192K), 0.0011269 secs]
33.572: [GC pause (G1 Evacuation Pause) (young) 4048K->913K(8192K), 0.0008079 secs]
33.575: [GC pause (G1 Evacuation Pause) (young) 3985K->976K(8192K), 0.0011241 secs]
33.578: [GC pause (G1 Evacuation Pause) (young) 4048K->913K(8192K), 0.0008079 secs]
33.581: [GC pause (G1 Evacuation Pause) (young) 3985K->976K(8192K), 0.0011967 secs]
33.584: [GC pause (G1 Evacuation Pause) (young) 4048K->913K(8192K), 0.0008596 secs]
33.587: [GC pause (G1 Evacuation Pause) (young) 3985K->976K(8192K), 0.0011241 secs]
33.590: [GC pause (G1 Evacuation Pause) (young) 4048K->913K(8192K), 0.0012891 secs]
33.594: [GC pause (G1 Evacuation Pause) (young) 3985K->976K(8192K), 0.0011428 secs]
33.597: [GC pause (G1 Evacuation Pause) (young) 4048K->913K(8192K), 0.0008161 secs]
33.600: [GC pause (G1 Evacuation Pause) (young) 3985K->976K(8192K), 0.0011852 secs]
33.603: [GC pause (G1 Evacuation Pause) (young) 4048K->913K(8192K), 0.0008227 secs]
33.606: [GC pause (G1 Evacuation Pause) (young) 3985K->976K(8192K), 0.0011203 secs]
33.609: [GC pause (G1 Evacuation Pause) (young) 4048K->913K(8192K), 0.0008161 secs]
33.612: [GC pause (G1 Evacuation Pause) (young) 3985K->976K(8192K), 0.0011230 secs]
33.616: [GC pause (G1 Evacuation Pause) (young) 4048K->913K(8192K), 0.0008326 secs]
33.619: [GC pause (G1 Evacuation Pause) (young) 3985K->976K(8192K), 0.0011318 secs]
33.622: [GC pause (G1 Evacuation Pause) (young) 4048K->913K(8192K), 0.0008062 secs]
33.625: [GC pause (G1 Evacuation Pause) (young) 3985K->976K(8192K), 0.0011324 secs]
33.628: [GC pause (G1 Evacuation Pause) (young) 4048K->913K(8192K), 0.0009426 secs]
33.631: [GC pause (G1 Evacuation Pause) (young) 3985K->976K(8192K), 0.0011390 secs]
33.634: [GC pause (G1 Evacuation Pause) (young) 4048K->913K(8192K), 0.0008145 secs]
33.637: [GC pause (G1 Evacuation Pause) (young) 3985K->976K(8192K), 0.0011412 secs]
33.640: [GC pause (G1 Evacuation Pause) (young) 4048K->913K(8192K), 0.0008321 secs]
33.643: [GC pause (G1 Evacuation Pause) (young) 3985K->976K(8192K), 0.0011368 secs]
33.647: [GC pause (G1 Evacuation Pause) (young) 4048K->913K(8192K), 0.0008222 secs]
33.649: [GC pause (G1 Evacuation Pause) (young) 3985K->976K(8192K), 0.0011329 secs]
33.653: [GC pause (G1 Evacuation Pause) (young) 4048K->913K(8192K), 0.0008057 secs]
33.656: [GC pause (G1 Evacuation Pause) (young) 3985K->976K(8192K), 0.0011225 secs]
33.659: [GC pause (G1 Evacuation Pause) (young) 4048K->913K(8192K), 0.0008046 secs]
33.662: [GC pause (G1 Evacuation Pause) (young) 3985K->976K(8192K), 0.0011489 secs]
33.665: [GC pause (G1 Evacuation Pause) (young) 4048K->913K(8192K), 0.0012143 secs]
33.668: [GC pause (G1 Evacuation Pause) (young) 3985K->976K(8192K), 0.0011302 secs]
33.672: [GC pause (G1 Evacuation Pause) (young) 4048K->913K(8192K), 0.0008062 secs]
33.675: [GC pause (G1 Evacuation Pause) (young) 3985K->976K(8192K), 0.0011285 secs]
33.678: [GC pause (G1 Evacuation Pause) (young) 4048K->913K(8192K), 0.0008007 secs]
33.681: [GC pause (G1 Evacuation Pause) (young) 3985K->976K(8192K), 0.0011456 secs]
33.684: [GC pause (G1 Evacuation Pause) (young) 4048K->913K(8192K), 0.0008090 secs]
33.687: [GC pause (G1 Evacuation Pause) (young) 3985K->976K(8192K), 0.0011318 secs]
33.690: [GC pause (G1 Evacuation Pause) (young) 4048K->913K(8192K), 0.0008057 secs]
33.693: [GC pause (G1 Evacuation Pause) (young) 3985K->976K(8192K), 0.0011318 secs]
33.696: [GC pause (G1 Evacuation Pause) (young) 4048K->913K(8192K), 0.0008200 secs]
33.699: [GC pause (G1 Evacuation Pause) (young) 3985K->976K(8192K), 0.0011115 secs]
33.702: [GC pause (G1 Evacuation Pause) (young) 4048K->913K(8192K), 0.0008249 secs]
33.705: [GC pause (G1 Evacuation Pause) (young) 3985K->976K(8192K), 0.0011758 secs]
33.709: [GC pause (G1 Evacuation Pause) (young) 4048K->913K(8192K), 0.0008167 secs]
33.712: [GC pause (G1 Evacuation Pause) (young) 3985K->976K(8192K), 0.0011318 secs]
33.715: [GC pause (G1 Evacuation Pause) (young) 4048K->913K(8192K), 0.0008145 secs]
33.718: [GC pause (G1 Evacuation Pause) (young) 3985K->976K(8192K), 0.0011593 secs]
33.721: [GC pause (G1 Evacuation Pause) (young) 4048K->913K(8192K), 0.0008183 secs]
33.724: [GC pause (G1 Evacuation Pause) (young) 3985K->976K(8192K), 0.0011412 secs]
33.727: [GC pause (G1 Evacuation Pause) (young) 4048K->913K(8192K), 0.0008035 secs]
33.730: [GC pause (G1 Evacuation Pause) (young) 3985K->976K(8192K), 0.0012352 secs]
33.734: [GC pause (G1 Evacuation Pause) (young) 4048K->913K(8192K), 0.0008068 secs]
33.736: [GC pause (G1 Evacuation Pause) (young) 3985K->976K(8192K), 0.0011291 secs]
33.740: [GC pause (G1 Evacuation Pause) (young) 4048K->913K(8192K), 0.0008018 secs]
33.743: [GC pause (G1 Evacuation Pause) (young) 3985K->976K(8192K), 0.0011225 secs]
33.746: [GC pause (G1 Evacuation Pause) (young) 4048K->913K(8192K), 0.0008040 secs]
33.749: [GC pause (G1 Evacuation Pause) (young) 3985K->976K(8192K), 0.0011648 secs]
33.752: [GC pause (G1 Evacuation Pause) (young) 4048K->913K(8192K), 0.0008134 secs]
33.755: [GC pause (G1 Evacuation Pause) (young) 3985K->976K(8192K), 0.0012077 secs]
33.758: [GC pause (G1 Evacuation Pause) (young) 4048K->913K(8192K), 0.0008513 secs]
33.761: [GC pause (G1 Evacuation Pause) (young) 3985K->976K(8192K), 0.0011269 secs]
33.765: [GC pause (G1 Evacuation Pause) (young) 4048K->913K(8192K), 0.0008128 secs]
33.767: [GC pause (G1 Evacuation Pause) (young) 3985K->976K(8192K), 0.0014354 secs]
33.771: [GC pause (G1 Evacuation Pause) (young) 4048K->913K(8192K), 0.0013507 secs]
33.775: [GC pause (G1 Evacuation Pause) (young) 3985K->976K(8192K), 0.0011500 secs]
33.778: [GC pause (G1 Evacuation Pause) (young) 4048K->913K(8192K), 0.0008079 secs]
33.781: [GC pause (G1 Evacuation Pause) (young) 3985K->976K(8192K), 0.0012457 secs]
33.784: [GC pause (G1 Evacuation Pause) (young) 4048K->913K(8192K), 0.0008205 secs]
33.787: [GC pause (G1 Evacuation Pause) (young) 3985K->976K(8192K), 0.0011219 secs]
33.790: [GC pause (G1 Evacuation Pause) (young) 4048K->913K(8192K), 0.0012550 secs]
33.794: [GC pause (G1 Evacuation Pause) (young) 3985K->976K(8192K), 0.0011406 secs]
33.797: [GC pause (G1 Evacuation Pause) (young) 4048K->913K(8192K), 0.0008508 secs]
33.800: [GC pause (G1 Evacuation Pause) (young) 3985K->976K(8192K), 0.0011192 secs]
33.803: [GC pause (G1 Evacuation Pause) (young) 4048K->913K(8192K), 0.0008057 secs]
33.806: [GC pause (G1 Evacuation Pause) (young) 3985K->976K(8192K), 0.0011236 secs]
33.809: [GC pause (G1 Evacuation Pause) (young) 4048K->913K(8192K), 0.0184615 secs]
33.830: [GC pause (G1 Evacuation Pause) (young) 3985K->976K(8192K), 0.0200729 secs]
33.853: [GC pause (G1 Evacuation Pause) (young) 4048K->913K(8192K), 0.0191886 secs]
33.874: [GC pause (G1 Evacuation Pause) (young) 3985K->976K(8192K), 0.0218674 secs]
33.898: [GC pause (G1 Evacuation Pause) (young) 4048K->913K(8192K), 0.0014035 secs]
33.902: [GC pause (G1 Evacuation Pause) (young) 3985K->976K(8192K), 0.0012924 secs]
33.906: [GC pause (G1 Evacuation Pause) (young) 4048K->913K(8192K), 0.0069845 secs]
33.915: [GC pause (G1 Evacuation Pause) (young) 3985K->976K(8192K), 0.0011593 secs]
33.918: [GC pause (G1 Evacuation Pause) (young) 4048K->913K(8192K), 0.0008013 secs]
33.921: [GC pause (G1 Evacuation Pause) (young) 3985K->976K(8192K), 0.0070065 secs]
33.931: [GC pause (G1 Evacuation Pause) (young) 4048K->913K(8192K), 0.0008194 secs]
33.934: [GC pause (G1 Evacuation Pause) (young) 3985K->976K(8192K), 0.0011274 secs]
33.937: [GC pause (G1 Evacuation Pause) (young) 4048K->913K(8192K), 0.0068354 secs]
33.946: [GC pause (G1 Evacuation Pause) (young) 3985K->976K(8192K), 0.0011659 secs]
33.949: [GC pause (G1 Evacuation Pause) (young) 4048K->913K(8192K), 0.0076983 secs]
33.959: [GC pause (G1 Evacuation Pause) (young) 3985K->976K(8192K), 0.0011637 secs]
33.963: [GC pause (G1 Evacuation Pause) (young) 4048K->913K(8192K), 0.0008326 secs]
33.966: [GC pause (G1 Evacuation Pause) (young) 3985K->976K(8192K), 0.0011945 secs]
33.969: [GC pause (G1 Evacuation Pause) (young) 4048K->913K(8192K), 0.0008051 secs]
33.972: [GC pause (G1 Evacuation Pause) (young) 3985K->976K(8192K), 0.0011302 secs]
33.975: [GC pause (G1 Evacuation Pause) (young) 4048K->913K(8192K), 0.0008552 secs]
33.978: [GC pause (G1 Evacuation Pause) (young) 3985K->976K(8192K), 0.0011351 secs]
33.982: [GC pause (G1 Evacuation Pause) (young) 4048K->913K(8192K), 0.0008018 secs]
33.984: [GC pause (G1 Evacuation Pause) (young) 3985K->976K(8192K), 0.0011302 secs]
33.988: [GC pause (G1 Evacuation Pause) (young) 4048K->913K(8192K), 0.0008057 secs]
33.990: [GC pause (G1 Evacuation Pause) (young) 3985K->1003K(8192K), 0.0014629 secs]
33.994: [GC pause (G1 Evacuation Pause) (young) 4075K->913K(8192K), 0.0008194 secs]
33.997: [GC pause (G1 Evacuation Pause) (young) 3985K->976K(8192K), 0.0011406 secs]
34.000: [GC pause (G1 Evacuation Pause) (young) 4048K->913K(8192K), 0.0008084 secs]
34.003: [GC pause (G1 Evacuation Pause) (young) 3985K->976K(8192K), 0.0011208 secs]
34.006: [GC pause (G1 Evacuation Pause) (young) 4048K->913K(8192K), 0.0008216 secs]
34.009: [GC pause (G1 Evacuation Pause) (young) 3985K->976K(8192K), 0.0011467 secs]
34.013: [GC pause (G1 Evacuation Pause) (young) 4048K->913K(8192K), 0.0015168 secs]
34.016: [GC pause (G1 Evacuation Pause) (young) 3985K->976K(8192K), 0.0011313 secs]
34.020: [GC pause (G1 Evacuation Pause) (young) 4048K->913K(8192K), 0.0008216 secs]
34.022: [GC pause (G1 Evacuation Pause) (young) 3985K->976K(8192K), 0.0011313 secs]
34.026: [GC pause (G1 Evacuation Pause) (young) 4048K->913K(8192K), 0.0008057 secs]
34.029: [GC pause (G1 Evacuation Pause) (young) 3985K->976K(8192K), 0.0011357 secs]
34.032: [GC pause (G1 Evacuation Pause) (young) 4048K->913K(8192K), 0.0008502 secs]
34.035: [GC pause (G1 Evacuation Pause) (young) 3985K->976K(8192K), 0.0015146 secs]
34.038: [GC pause (G1 Evacuation Pause) (young) 4048K->913K(8192K), 0.0008117 secs]
34.041: [GC pause (G1 Evacuation Pause) (young) 3985K->976K(8192K), 0.0011329 secs]
34.045: [GC pause (G1 Evacuation Pause) (young) 4048K->913K(8192K), 0.0008051 secs]
34.048: [GC pause (G1 Evacuation Pause) (young) 3985K->976K(8192K), 0.0011791 secs]
34.051: [GC pause (G1 Evacuation Pause) (young) 4048K->913K(8192K), 0.0008013 secs]
34.054: [GC pause (G1 Evacuation Pause) (young) 3985K->976K(8192K), 0.0011351 secs]
34.057: [GC pause (G1 Evacuation Pause) (young) 4048K->913K(8192K), 0.0008865 secs]
34.060: [GC pause (G1 Evacuation Pause) (young) 3985K->976K(8192K), 0.0011516 secs]
34.064: [GC pause (G1 Evacuation Pause) (young) 4048K->913K(8192K), 0.0008068 secs]
34.066: [GC pause (G1 Evacuation Pause) (young) 3985K->976K(8192K), 0.0011379 secs]
34.070: [GC pause (G1 Evacuation Pause) (young) 4048K->913K(8192K), 0.0008095 secs]
34.073: [GC pause (G1 Evacuation Pause) (young) 3985K->976K(8192K), 0.0011648 secs]
34.076: [GC pause (G1 Evacuation Pause) (young) 4048K->913K(8192K), 0.0008436 secs]
34.079: [GC pause (G1 Evacuation Pause) (young) 3985K->976K(8192K), 0.0011665 secs]
34.082: [GC pause (G1 Evacuation Pause) (young) 4048K->913K(8192K), 0.0007996 secs]
34.085: [GC pause (G1 Evacuation Pause) (young) 3985K->976K(8192K), 0.0011357 secs]
34.089: [GC pause (G1 Evacuation Pause) (young) 4048K->913K(8192K), 0.0008211 secs]
34.091: [GC pause (G1 Evacuation Pause) (young) 3985K->976K(8192K), 0.0011769 secs]
34.095: [GC pause (G1 Evacuation Pause) (young) 4048K->913K(8192K), 0.0008156 secs]
34.098: [GC pause (G1 Evacuation Pause) (young) 3985K->976K(8192K), 0.0011274 secs]
34.101: [GC pause (G1 Evacuation Pause) (young) 4048K->913K(8192K), 0.0008090 secs]
34.104: [GC pause (G1 Evacuation Pause) (young) 3985K->976K(8192K), 0.0011219 secs]
34.107: [GC pause (G1 Evacuation Pause) (young) 4048K->913K(8192K), 0.0008029 secs]
34.110: [GC pause (G1 Evacuation Pause) (young) 3985K->976K(8192K), 0.0011775 secs]
34.113: [GC pause (G1 Evacuation Pause) (young) 4048K->913K(8192K), 0.0008106 secs]
34.116: [GC pause (G1 Evacuation Pause) (young) 3985K->976K(8192K), 0.0011241 secs]
34.120: [GC pause (G1 Evacuation Pause) (young) 4048K->913K(8192K), 0.0008277 secs]
34.123: [GC pause (G1 Evacuation Pause) (young) 3985K->976K(8192K), 0.0012187 secs]
34.126: [GC pause (G1 Evacuation Pause) (young) 4048K->913K(8192K), 0.0009861 secs]
34.129: [GC pause (G1 Evacuation Pause) (young) 3985K->976K(8192K), 0.0013182 secs]
34.133: [GC pause (G1 Evacuation Pause) (young) 4048K->913K(8192K), 0.0008728 secs]
34.136: [GC pause (G1 Evacuation Pause) (young) 3985K->976K(8192K), 0.0011571 secs]
34.139: [GC pause (G1 Evacuation Pause) (young) 4048K->913K(8192K), 0.0008337 secs]
34.142: [GC pause (G1 Evacuation Pause) (young) 3985K->976K(8192K), 0.0011665 secs]
34.146: [GC pause (G1 Evacuation Pause) (young) 4048K->913K(8192K), 0.0008337 secs]
34.149: [GC pause (G1 Evacuation Pause) (young) 3985K->976K(8192K), 0.0012319 secs]
34.153: [GC pause (G1 Evacuation Pause) (young) 4048K->913K(8192K), 0.0416615 secs]
34.198: [GC pause (G1 Evacuation Pause) (young) 3985K->976K(8192K), 0.0199772 secs]
34.220: [GC pause (G1 Evacuation Pause) (young) 4048K->913K(8192K), 0.0205805 secs]
34.243: [GC pause (G1 Evacuation Pause) (young) 3985K->976K(8192K), 0.0118637 secs]
34.257: [GC pause (G1 Evacuation Pause) (young) 4048K->913K(8192K), 0.0195582 secs]
34.279: [GC pause (G1 Evacuation Pause) (young) 3985K->976K(8192K), 0.0012132 secs]
34.282: [GC pause (G1 Evacuation Pause) (young) 4048K->913K(8192K), 0.0008458 secs]
34.285: [GC pause (G1 Evacuation Pause) (young) 3985K->976K(8192K), 0.0011175 secs]
34.288: [GC pause (G1 Evacuation Pause) (young) 4048K->913K(8192K), 0.0007952 secs]
34.291: [GC pause (G1 Evacuation Pause) (young) 3985K->976K(8192K), 0.0012039 secs]
34.295: [GC pause (G1 Evacuation Pause) (young) 4048K->913K(8192K), 0.0008029 secs]
34.298: [GC pause (G1 Evacuation Pause) (young) 3985K->976K(8192K), 0.0011164 secs]
34.301: [GC pause (G1 Evacuation Pause) (young) 4048K->913K(8192K), 0.0008189 secs]
34.304: [GC pause (G1 Evacuation Pause) (young) 3985K->976K(8192K), 0.0011593 secs]
34.307: [GC pause (G1 Evacuation Pause) (young) 4048K->913K(8192K), 0.0013023 secs]
34.311: [GC pause (G1 Evacuation Pause) (young) 3985K->976K(8192K), 0.0011313 secs]
34.314: [GC pause (G1 Evacuation Pause) (young) 4048K->913K(8192K), 0.0008073 secs]
34.317: [GC pause (G1 Evacuation Pause) (young) 3985K->976K(8192K), 0.0011208 secs]
34.320: [GC pause (G1 Evacuation Pause) (young) 4048K->913K(8192K), 0.0008766 secs]
34.323: [GC pause (G1 Evacuation Pause) (young) 3985K->976K(8192K), 0.0011258 secs]
34.326: [GC pause (G1 Evacuation Pause) (young) 4048K->913K(8192K), 0.0008035 secs]
34.329: [GC pause (G1 Evacuation Pause) (young) 3985K->976K(8192K), 0.0011511 secs]
34.332: [GC pause (G1 Evacuation Pause) (young) 4048K->913K(8192K), 0.0008216 secs]
34.335: [GC pause (G1 Evacuation Pause) (young) 3985K->976K(8192K), 0.0011714 secs]
34.338: [GC pause (G1 Evacuation Pause) (young) 4048K->913K(8192K), 0.0008112 secs]
34.341: [GC pause (G1 Evacuation Pause) (young) 3985K->976K(8192K), 0.0011478 secs]
34.345: [GC pause (G1 Evacuation Pause) (young) 4048K->913K(8192K), 0.0008365 secs]
34.348: [GC pause (G1 Evacuation Pause) (young) 3985K->976K(8192K), 0.0011164 secs]
34.351: [GC pause (G1 Evacuation Pause) (young) 4048K->913K(8192K), 0.0008101 secs]
34.354: [GC pause (G1 Evacuation Pause) (young) 3985K->976K(8192K), 0.0011115 secs]
34.357: [GC pause (G1 Evacuation Pause) (young) 4048K->913K(8192K), 0.0007952 secs]
34.360: [GC pause (G1 Evacuation Pause) (young) 3985K->976K(8192K), 0.0011742 secs]
34.363: [GC pause (G1 Evacuation Pause) (young) 4048K->913K(8192K), 0.0008161 secs]
34.366: [GC pause (G1 Evacuation Pause) (young) 3985K->976K(8192K), 0.0011401 secs]
34.369: [GC pause (G1 Evacuation Pause) (young) 4048K->913K(8192K), 0.0008046 secs]
34.372: [GC pause (G1 Evacuation Pause) (young) 3985K->976K(8192K), 0.0011263 secs]
34.375: [GC pause (G1 Evacuation Pause) (young) 4048K->913K(8192K), 0.0008051 secs]
34.378: [GC pause (G1 Evacuation Pause) (young) 3985K->976K(8192K), 0.0014227 secs]
34.382: [GC pause (G1 Evacuation Pause) (young) 4048K->913K(8192K), 0.0008299 secs]
34.385: [GC pause (G1 Evacuation Pause) (young) 3985K->976K(8192K), 0.0011483 secs]
34.388: [GC pause (G1 Evacuation Pause) (young) 4048K->913K(8192K), 0.0008645 secs]
34.391: [GC pause (G1 Evacuation Pause) (young) 3985K->976K(8192K), 0.0012275 secs]
34.394: [GC pause (G1 Evacuation Pause) (young) 4048K->913K(8192K), 0.0008662 secs]
34.397: [GC pause (G1 Evacuation Pause) (young) 3985K->976K(8192K), 0.0011263 secs]
34.401: [GC pause (G1 Evacuation Pause) (young) 4048K->913K(8192K), 0.0008200 secs]
34.404: [GC pause (G1 Evacuation Pause) (young) 3985K->976K(8192K), 0.0011192 secs]
34.407: [GC pause (G1 Evacuation Pause) (young) 4048K->913K(8192K), 0.0008101 secs]
34.410: [GC pause (G1 Evacuation Pause) (young) 3985K->976K(8192K), 0.0011758 secs]
34.413: [GC pause (G1 Evacuation Pause) (young) 4048K->913K(8192K), 0.0008249 secs]
34.416: [GC pause (G1 Evacuation Pause) (young) 3985K->976K(8192K), 0.0011390 secs]
34.419: [GC pause (G1 Evacuation Pause) (young) 4048K->913K(8192K), 0.0007991 secs]
34.422: [GC pause (G1 Evacuation Pause) (young) 3985K->976K(8192K), 0.0011632 secs]
34.425: [GC pause (G1 Evacuation Pause) (young) 4048K->913K(8192K), 0.0008123 secs]
34.428: [GC pause (G1 Evacuation Pause) (young) 3985K->976K(8192K), 0.0011164 secs]
34.432: [GC pause (G1 Evacuation Pause) (young) 4048K->913K(8192K), 0.0008255 secs]
34.435: [GC pause (G1 Evacuation Pause) (young) 3985K->976K(8192K), 0.0011208 secs]
34.438: [GC pause (G1 Evacuation Pause) (young) 4048K->913K(8192K), 0.0008117 secs]
34.441: [GC pause (G1 Evacuation Pause) (young) 3985K->976K(8192K), 0.0011478 secs]
34.444: [GC pause (G1 Evacuation Pause) (young) 4048K->913K(8192K), 0.0008178 secs]
34.447: [GC pause (G1 Evacuation Pause) (young) 3985K->976K(8192K), 0.0011406 secs]
34.450: [GC pause (G1 Evacuation Pause) (young) 4048K->913K(8192K), 0.0008090 secs]
34.453: [GC pause (G1 Evacuation Pause) (young) 3985K->976K(8192K), 0.0011236 secs]
34.456: [GC pause (G1 Evacuation Pause) (young) 4048K->913K(8192K), 0.0008249 secs]
34.459: [GC pause (G1 Evacuation Pause) (young) 3985K->976K(8192K), 0.0011423 secs]
34.462: [GC pause (G1 Evacuation Pause) (young) 4048K->913K(8192K), 0.0008200 secs]
34.465: [GC pause (G1 Evacuation Pause) (young) 3985K->976K(8192K), 0.0011291 secs]
34.469: [GC pause (G1 Evacuation Pause) (young) 4048K->913K(8192K), 0.0008068 secs]
34.472: [GC pause (G1 Evacuation Pause) (young) 3985K->976K(8192K), 0.0011263 secs]
34.475: [GC pause (G1 Evacuation Pause) (young) 4048K->913K(8192K), 0.0007980 secs]
34.478: [GC pause (G1 Evacuation Pause) (young) 3985K->976K(8192K), 0.0011434 secs]
34.481: [GC pause (G1 Evacuation Pause) (young) 4048K->913K(8192K), 0.0009921 secs]
34.484: [GC pause (G1 Evacuation Pause) (young) 3985K->976K(8192K), 0.0011219 secs]
34.487: [GC pause (G1 Evacuation Pause) (young) 4048K->913K(8192K), 0.0008112 secs]
34.490: [GC pause (G1 Evacuation Pause) (young) 3985K->976K(8192K), 0.0011560 secs]
34.493: [GC pause (G1 Evacuation Pause) (young) 4048K->913K(8192K), 0.0008442 secs]
34.496: [GC pause (G1 Evacuation Pause) (young) 3985K->976K(8192K), 0.0011313 secs]
34.500: [GC pause (G1 Evacuation Pause) (young) 4048K->913K(8192K), 0.0008123 secs]
34.503: [GC pause (G1 Evacuation Pause) (young) 3985K->976K(8192K), 0.0011148 secs]
34.506: [GC pause (G1 Evacuation Pause) (young) 4048K->913K(8192K), 0.0008002 secs]
34.509: [GC pause (G1 Evacuation Pause) (young) 3985K->976K(8192K), 0.0011368 secs]
34.512: [GC pause (G1 Evacuation Pause) (young) 4048K->913K(8192K), 0.0008128 secs]
34.515: [GC pause (G1 Evacuation Pause) (young) 3985K->976K(8192K), 0.0011307 secs]
34.518: [GC pause (G1 Evacuation Pause) (young) 4048K->913K(8192K), 0.0008656 secs]
34.521: [GC pause (G1 Evacuation Pause) (young) 3985K->976K(8192K), 0.0011142 secs]
34.525: [GC pause (G1 Evacuation Pause) (young) 4048K->913K(8192K), 0.0009421 secs]
34.528: [GC pause (G1 Evacuation Pause) (young) 3985K->976K(8192K), 0.0011214 secs]
34.531: [GC pause (G1 Evacuation Pause) (young) 4048K->913K(8192K), 0.0012996 secs]
34.534: [GC pause (G1 Evacuation Pause) (young) 3985K->976K(8192K), 0.0011313 secs]
34.538: [GC pause (G1 Evacuation Pause) (young) 4048K->913K(8192K), 0.0008051 secs]
34.540: [GC pause (G1 Evacuation Pause) (young) 3985K->976K(8192K), 0.0011489 secs]
34.544: [GC pause (G1 Evacuation Pause) (young) 4048K->913K(8192K), 0.0008227 secs]
34.547: [GC pause (G1 Evacuation Pause) (young) 3985K->976K(8192K), 0.0011269 secs]
34.550: [GC pause (G1 Evacuation Pause) (young) 4048K->913K(8192K), 0.0008062 secs]
34.553: [GC pause (G1 Evacuation Pause) (young) 3985K->976K(8192K), 0.0011241 secs]
34.556: [GC pause (G1 Evacuation Pause) (young) 4048K->913K(8192K), 0.0008475 secs]
34.559: [GC pause (G1 Evacuation Pause) (young) 3985K->976K(8192K), 0.0011692 secs]
34.562: [GC pause (G1 Evacuation Pause) (young) 4048K->913K(8192K), 0.0008051 secs]
34.565: [GC pause (G1 Evacuation Pause) (young) 3985K->976K(8192K), 0.0011335 secs]
34.568: [GC pause (G1 Evacuation Pause) (young) 4048K->913K(8192K), 0.0008046 secs]
34.571: [GC pause (G1 Evacuation Pause) (young) 3985K->976K(8192K), 0.0011192 secs]
34.575: [GC pause (G1 Evacuation Pause) (young) 4048K->913K(8192K), 0.0008189 secs]
34.578: [GC pause (G1 Evacuation Pause) (young) 3985K->976K(8192K), 0.0012484 secs]
34.581: [GC pause (G1 Evacuation Pause) (young) 4048K->913K(8192K), 0.0008167 secs]
34.584: [GC pause (G1 Evacuation Pause) (young) 3985K->976K(8192K), 0.0011555 secs]
34.587: [GC pause (G1 Evacuation Pause) (young) 4048K->913K(8192K), 0.0008007 secs]
34.590: [GC pause (G1 Evacuation Pause) (young) 3985K->976K(8192K), 0.0011456 secs]
34.593: [GC pause (G1 Evacuation Pause) (young) 4048K->913K(8192K), 0.0008123 secs]
34.596: [GC pause (G1 Evacuation Pause) (young) 3985K->976K(8192K), 0.0011879 secs]
34.600: [GC pause (G1 Evacuation Pause) (young) 4048K->913K(8192K), 0.0008079 secs]
34.603: [GC pause (G1 Evacuation Pause) (young) 3985K->976K(8192K), 0.0011219 secs]
34.606: [GC pause (G1 Evacuation Pause) (young) 4048K->913K(8192K), 0.0008101 secs]
34.609: [GC pause (G1 Evacuation Pause) (young) 3985K->976K(8192K), 0.0011494 secs]
34.612: [GC pause (G1 Evacuation Pause) (young) 4048K->913K(8192K), 0.0008343 secs]
34.616: [GC pause (G1 Evacuation Pause) (young) 3985K->976K(8192K), 0.0063487 secs]
34.624: [GC pause (G1 Evacuation Pause) (young) 4048K->913K(8192K), 0.0009157 secs]
34.627: [GC pause (G1 Evacuation Pause) (young) 3985K->976K(8192K), 0.0011357 secs]
34.631: [GC pause (G1 Evacuation Pause) (young) 4048K->913K(8192K), 0.0069795 secs]
34.640: [GC pause (G1 Evacuation Pause) (young) 3985K->1003K(8192K), 0.0014799 secs]
34.644: [GC pause (G1 Evacuation Pause) (young) 4075K->913K(8192K), 0.0008205 secs]
34.647: [GC pause (G1 Evacuation Pause) (young) 3985K->976K(8192K), 0.0197517 secs]
34.669: [GC pause (G1 Evacuation Pause) (young) 4048K->913K(8192K), 0.0109029 secs]
34.682: [GC pause (G1 Evacuation Pause) (young) 3985K->976K(8192K), 0.0194163 secs]
34.704: [GC pause (G1 Evacuation Pause) (young) 4048K->913K(8192K), 0.0183626 secs]
34.725: [GC pause (G1 Evacuation Pause) (young) 3985K->976K(8192K), 0.0011703 secs]
34.729: [GC pause (G1 Evacuation Pause) (young) 4048K->913K(8192K), 0.0008640 secs]
34.732: [GC pause (G1 Evacuation Pause) (young) 3985K->976K(8192K), 0.0013128 secs]
34.735: [GC pause (G1 Evacuation Pause) (young) 4048K->913K(8192K), 0.0008211 secs]
34.738: [GC pause (G1 Evacuation Pause) (young) 3985K->976K(8192K), 0.0011857 secs]
34.741: [GC pause (G1 Evacuation Pause) (young) 4048K->913K(8192K), 0.0009212 secs]
34.744: [GC pause (G1 Evacuation Pause) (young) 3985K->976K(8192K), 0.0011258 secs]
34.748: [GC pause (G1 Evacuation Pause) (young) 4048K->913K(8192K), 0.0009613 secs]
34.751: [GC pause (G1 Evacuation Pause) (young) 3985K->976K(8192K), 0.0011406 secs]
34.754: [GC pause (G1 Evacuation Pause) (young) 4048K->913K(8192K), 0.0008216 secs]
34.757: [GC pause (G1 Evacuation Pause) (young) 3985K->976K(8192K), 0.0016675 secs]
34.761: [GC pause (G1 Evacuation Pause) (young) 4048K->913K(8192K), 0.0008288 secs]
34.764: [GC pause (G1 Evacuation Pause) (young) 3985K->976K(8192K), 0.0011577 secs]
34.767: [GC pause (G1 Evacuation Pause) (young) 4048K->913K(8192K), 0.0008101 secs]
34.771: [GC pause (G1 Evacuation Pause) (young) 3985K->976K(8192K), 0.0036479 secs]
34.777: [GC pause (G1 Evacuation Pause) (young) 4048K->913K(8192K), 0.0015135 secs]
34.780: [GC pause (G1 Evacuation Pause) (young) 3985K->976K(8192K), 0.0011478 secs]
34.783: [GC pause (G1 Evacuation Pause) (young) 4048K->913K(8192K), 0.0008161 secs]
34.787: [GC pause (G1 Evacuation Pause) (young) 3985K->976K(8192K), 0.0011428 secs]
34.790: [GC pause (G1 Evacuation Pause) (young) 4048K->913K(8192K), 0.0008216 secs]
34.793: [GC pause (G1 Evacuation Pause) (young) 3985K->976K(8192K), 0.0011417 secs]
34.796: [GC pause (G1 Evacuation Pause) (young) 4048K->913K(8192K), 0.0008090 secs]
34.799: [GC pause (G1 Evacuation Pause) (young) 3985K->976K(8192K), 0.0011252 secs]
34.803: [GC pause (G1 Evacuation Pause) (young) 4048K->913K(8192K), 0.0008172 secs]
34.806: [GC pause (G1 Evacuation Pause) (young) 3985K->976K(8192K), 0.0011434 secs]
34.809: [GC pause (G1 Evacuation Pause) (young) 4048K->913K(8192K), 0.0012935 secs]
34.813: [GC pause (G1 Evacuation Pause) (young) 3985K->976K(8192K), 0.0011588 secs]
34.816: [GC pause (G1 Evacuation Pause) (young) 4048K->913K(8192K), 0.0008266 secs]
34.820: [GC pause (G1 Evacuation Pause) (young) 3985K->976K(8192K), 0.0011571 secs]
34.823: [GC pause (G1 Evacuation Pause) (young) 4048K->913K(8192K), 0.0008343 secs]
34.828: [GC pause (G1 Evacuation Pause) (young) 3985K->976K(8192K), 0.0011824 secs]
34.831: [GC pause (G1 Evacuation Pause) (young) 4048K->913K(8192K), 0.0008227 secs]
34.835: [GC pause (G1 Evacuation Pause) (young) 3985K->976K(8192K), 0.0011637 secs]
34.838: [GC pause (G1 Evacuation Pause) (young) 4048K->913K(8192K), 0.0008370 secs]
34.842: [GC pause (G1 Evacuation Pause) (young) 3985K->976K(8192K), 0.0014310 secs]
34.846: [GC pause (G1 Evacuation Pause) (young) 4048K->913K(8192K), 0.0008431 secs]
34.849: [GC pause (G1 Evacuation Pause) (young) 3985K->976K(8192K), 0.0015206 secs]
34.853: [GC pause (G1 Evacuation Pause) (young) 4048K->913K(8192K), 0.0008695 secs]
34.856: [GC pause (G1 Evacuation Pause) (young) 3985K->976K(8192K), 0.0013281 secs]
34.859: [GC pause (G1 Evacuation Pause) (young) 4048K->913K(8192K), 0.0008915 secs]
34.862: [GC pause (G1 Evacuation Pause) (young) 3985K->976K(8192K), 0.0011318 secs]
34.866: [GC pause (G1 Evacuation Pause) (young) 4048K->913K(8192K), 0.0008123 secs]
34.868: [GC pause (G1 Evacuation Pause) (young) 3985K->976K(8192K), 0.0011192 secs]
34.872: [GC pause (G1 Evacuation Pause) (young) 4048K->913K(8192K), 0.0009415 secs]
34.875: [GC pause (G1 Evacuation Pause) (young) 3985K->976K(8192K), 0.0011582 secs]
34.879: [GC pause (G1 Evacuation Pause) (young) 4048K->913K(8192K), 0.0015393 secs]
34.882: [GC pause (G1 Evacuation Pause) (young) 3985K->976K(8192K), 0.0011329 secs]
34.885: [GC pause (G1 Evacuation Pause) (young) 4048K->913K(8192K), 0.0008046 secs]
34.888: [GC pause (G1 Evacuation Pause) (young) 3985K->976K(8192K), 0.0011406 secs]
34.892: [GC pause (G1 Evacuation Pause) (young) 4048K->913K(8192K), 0.0008211 secs]
34.895: [GC pause (G1 Evacuation Pause) (young) 3985K->976K(8192K), 0.0011384 secs]
34.898: [GC pause (G1 Evacuation Pause) (young) 4048K->913K(8192K), 0.0008040 secs]
34.901: [GC pause (G1 Evacuation Pause) (young) 3985K->976K(8192K), 0.0011274 secs]
34.904: [GC pause (G1 Evacuation Pause) (young) 4048K->913K(8192K), 0.0008343 secs]
34.907: [GC pause (G1 Evacuation Pause) (young) 3985K->976K(8192K), 0.0012941 secs]
34.913: [GC pause (G1 Evacuation Pause) (young) 4048K->913K(8192K), 0.0008277 secs]
34.916: [GC pause (G1 Evacuation Pause) (young) 3985K->976K(8192K), 0.0011951 secs]
34.919: [GC pause (G1 Evacuation Pause) (young) 4048K->913K(8192K), 0.0008128 secs]
34.922: [GC pause (G1 Evacuation Pause) (young) 3985K->976K(8192K), 0.0011170 secs]
34.926: [GC pause (G1 Evacuation Pause) (young) 4048K->913K(8192K), 0.0008134 secs]
34.928: [GC pause (G1 Evacuation Pause) (young) 3985K->976K(8192K), 0.0011313 secs]
34.932: [GC pause (G1 Evacuation Pause) (young) 4048K->913K(8192K), 0.0008073 secs]
34.935: [GC pause (G1 Evacuation Pause) (young) 3985K->976K(8192K), 0.0011280 secs]
34.938: [GC pause (G1 Evacuation Pause) (young) 4048K->913K(8192K), 0.0008112 secs]
34.941: [GC pause (G1 Evacuation Pause) (young) 3985K->976K(8192K), 0.0011434 secs]
34.944: [GC pause (G1 Evacuation Pause) (young) 4048K->913K(8192K), 0.0008167 secs]
34.947: [GC pause (G1 Evacuation Pause) (young) 3985K->976K(8192K), 0.0011417 secs]
34.950: [GC pause (G1 Evacuation Pause) (young) 4048K->913K(8192K), 0.0008084 secs]
34.953: [GC pause (G1 Evacuation Pause) (young) 3985K->976K(8192K), 0.0011274 secs]
34.956: [GC pause (G1 Evacuation Pause) (young) 4048K->913K(8192K), 0.0008112 secs]
34.959: [GC pause (G1 Evacuation Pause) (young) 3985K->976K(8192K), 0.0011428 secs]
34.963: [GC pause (G1 Evacuation Pause) (young) 4048K->913K(8192K), 0.0008211 secs]
34.965: [GC pause (G1 Evacuation Pause) (young) 3985K->976K(8192K), 0.0011186 secs]
34.969: [GC pause (G1 Evacuation Pause) (young) 4048K->913K(8192K), 0.0008139 secs]
34.972: [GC pause (G1 Evacuation Pause) (young) 3985K->976K(8192K), 0.0011522 secs]
34.975: [GC pause (G1 Evacuation Pause) (young) 4048K->913K(8192K), 0.0008271 secs]
34.978: [GC pause (G1 Evacuation Pause) (young) 3985K->976K(8192K), 0.0011357 secs]
34.981: [GC pause (G1 Evacuation Pause) (young) 4048K->913K(8192K), 0.0008123 secs]
34.984: [GC pause (G1 Evacuation Pause) (young) 3985K->976K(8192K), 0.0011192 secs]
34.987: [GC pause (G1 Evacuation Pause) (young) 4048K->913K(8192K), 0.0008695 secs]
34.990: [GC pause (G1 Evacuation Pause) (young) 3985K->976K(8192K), 0.0012347 secs]
34.993: [GC pause (G1 Evacuation Pause) (young) 4048K->913K(8192K), 0.0008046 secs]
34.996: [GC pause (G1 Evacuation Pause) (young) 3985K->976K(8192K), 0.0011252 secs]
35.000: [GC pause (G1 Evacuation Pause) (young) 4048K->913K(8192K), 0.0008090 secs]
35.002: [GC pause (G1 Evacuation Pause) (young) 3985K->976K(8192K), 0.0011131 secs]
35.006: [GC pause (G1 Evacuation Pause) (young) 4048K->913K(8192K), 0.0074288 secs]
35.016: [GC pause (G1 Evacuation Pause) (young) 3985K->976K(8192K), 0.0199987 secs]
35.038: [GC pause (G1 Evacuation Pause) (young) 4048K->913K(8192K), 0.0198452 secs]
35.060: [GC pause (G1 Evacuation Pause) (young) 3985K->976K(8192K), 0.0012050 secs]
35.064: [GC pause (G1 Evacuation Pause) (young) 4048K->913K(8192K), 0.0008216 secs]
35.067: [GC pause (G1 Evacuation Pause) (young) 3985K->976K(8192K), 0.0200108 secs]
35.089: [GC pause (G1 Evacuation Pause) (young) 4048K->913K(8192K), 0.0048341 secs]
35.096: [GC pause (G1 Evacuation Pause) (young) 3985K->976K(8192K), 0.0012424 secs]
35.100: [GC pause (G1 Evacuation Pause) (young) 4048K->913K(8192K), 0.0008150 secs]
35.102: [GC pause (G1 Evacuation Pause) (young) 3985K->976K(8192K), 0.0011302 secs]
35.106: [GC pause (G1 Evacuation Pause) (young) 4048K->913K(8192K), 0.0008447 secs]
35.109: [GC pause (G1 Evacuation Pause) (young) 3985K->976K(8192K), 0.0011236 secs]
35.112: [GC pause (G1 Evacuation Pause) (young) 4048K->913K(8192K), 0.0008079 secs]
35.115: [GC pause (G1 Evacuation Pause) (young) 3985K->976K(8192K), 0.0011742 secs]
35.119: [GC pause (G1 Evacuation Pause) (young) 4048K->913K(8192K), 0.0008315 secs]
35.122: [GC pause (G1 Evacuation Pause) (young) 3985K->976K(8192K), 0.0011665 secs]
35.126: [GC pause (G1 Evacuation Pause) (young) 4048K->913K(8192K), 0.0008277 secs]
35.129: [GC pause (G1 Evacuation Pause) (young) 3985K->976K(8192K), 0.0016559 secs]
35.133: [GC pause (G1 Evacuation Pause) (young) 4048K->913K(8192K), 0.0008420 secs]
35.137: [GC pause (G1 Evacuation Pause) (young) 3985K->976K(8192K), 0.0018160 secs]
35.141: [GC pause (G1 Evacuation Pause) (young) 4048K->913K(8192K), 0.0011313 secs]
35.144: [GC pause (G1 Evacuation Pause) (young) 3985K->976K(8192K), 0.0015085 secs]
35.148: [GC pause (G1 Evacuation Pause) (young) 4048K->913K(8192K), 0.0008266 secs]
35.151: [GC pause (G1 Evacuation Pause) (young) 3985K->976K(8192K), 0.0011307 secs]
35.154: [GC pause (G1 Evacuation Pause) (young) 4048K->913K(8192K), 0.0008871 secs]
35.157: [GC pause (G1 Evacuation Pause) (young) 3985K->976K(8192K), 0.0012292 secs]
35.160: [GC pause (G1 Evacuation Pause) (young) 4048K->913K(8192K), 0.0008172 secs]
35.163: [GC pause (G1 Evacuation Pause) (young) 3985K->976K(8192K), 0.0011351 secs]
35.167: [GC pause (G1 Evacuation Pause) (young) 4048K->913K(8192K), 0.0008200 secs]
35.170: [GC pause (G1 Evacuation Pause) (young) 3985K->976K(8192K), 0.0011813 secs]
35.173: [GC pause (G1 Evacuation Pause) (young) 4048K->913K(8192K), 0.0008139 secs]
35.176: [GC pause (G1 Evacuation Pause) (young) 3985K->976K(8192K), 0.0011428 secs]
35.180: [GC pause (G1 Evacuation Pause) (young) 4048K->913K(8192K), 0.0008183 secs]
35.182: [GC pause (G1 Evacuation Pause) (young) 3985K->1003K(8192K), 0.0016455 secs]
35.186: [GC pause (G1 Evacuation Pause) (young) 4075K->913K(8192K), 0.0008249 secs]
35.189: [GC pause (G1 Evacuation Pause) (young) 3985K->976K(8192K), 0.0011335 secs]
35.192: [GC pause (G1 Evacuation Pause) (young) 4048K->913K(8192K), 0.0008189 secs]
35.195: [GC pause (G1 Evacuation Pause) (young) 3985K->976K(8192K), 0.0011274 secs]
35.199: [GC pause (G1 Evacuation Pause) (young) 4048K->913K(8192K), 0.0013100 secs]
35.202: [GC pause (G1 Evacuation Pause) (young) 3985K->976K(8192K), 0.0012264 secs]
35.205: [GC pause (G1 Evacuation Pause) (young) 4048K->913K(8192K), 0.0008139 secs]
35.208: [GC pause (G1 Evacuation Pause) (young) 3985K->976K(8192K), 0.0011390 secs]
35.212: [GC pause (G1 Evacuation Pause) (young) 4048K->913K(8192K), 0.0008035 secs]
35.215: [GC pause (G1 Evacuation Pause) (young) 3985K->976K(8192K), 0.0014882 secs]
35.219: [GC pause (G1 Evacuation Pause) (young) 4048K->913K(8192K), 0.0008288 secs]
35.224: [GC pause (G1 Evacuation Pause) (young) 3985K->976K(8192K), 0.0011934 secs]
35.228: [GC pause (G1 Evacuation Pause) (young) 4048K->913K(8192K), 0.0008700 secs]
35.231: [GC pause (G1 Evacuation Pause) (young) 3985K->976K(8192K), 0.0011362 secs]
35.234: [GC pause (G1 Evacuation Pause) (young) 4048K->913K(8192K), 0.0008194 secs]
35.237: [GC pause (G1 Evacuation Pause) (young) 3985K->976K(8192K), 0.0012011 secs]
35.241: [GC pause (G1 Evacuation Pause) (young) 4048K->913K(8192K), 0.0011109 secs]
35.244: [GC pause (G1 Evacuation Pause) (young) 3985K->976K(8192K), 0.0011500 secs]
35.247: [GC pause (G1 Evacuation Pause) (young) 4048K->913K(8192K), 0.0008315 secs]
35.250: [GC pause (G1 Evacuation Pause) (young) 3985K->976K(8192K), 0.0011219 secs]
35.253: [GC pause (G1 Evacuation Pause) (young) 4048K->913K(8192K), 0.0008068 secs]
35.256: [GC pause (G1 Evacuation Pause) (young) 3985K->976K(8192K), 0.0011120 secs]
35.259: [GC pause (G1 Evacuation Pause) (young) 4048K->913K(8192K), 0.0008040 secs]
35.262: [GC pause (G1 Evacuation Pause) (young) 3985K->976K(8192K), 0.0011313 secs]
35.266: [GC pause (G1 Evacuation Pause) (young) 4048K->913K(8192K), 0.0008161 secs]
35.268: [GC pause (G1 Evacuation Pause) (young) 3985K->976K(8192K), 0.0011263 secs]
35.272: [GC pause (G1 Evacuation Pause) (young) 4048K->913K(8192K), 0.0027591 secs]
35.277: [GC pause (G1 Evacuation Pause) (young) 3985K->976K(8192K), 0.0011593 secs]
35.280: [GC pause (G1 Evacuation Pause) (young) 4048K->913K(8192K), 0.0008150 secs]
35.283: [GC pause (G1 Evacuation Pause) (young) 3985K->976K(8192K), 0.0011318 secs]
35.286: [GC pause (G1 Evacuation Pause) (young) 4048K->913K(8192K), 0.0008145 secs]
35.290: [GC pause (G1 Evacuation Pause) (young) 3985K->976K(8192K), 0.0011164 secs]
35.293: [GC pause (G1 Evacuation Pause) (young) 4048K->913K(8192K), 0.0008172 secs]
35.296: [GC pause (G1 Evacuation Pause) (young) 3985K->976K(8192K), 0.0011808 secs]
35.299: [GC pause (G1 Evacuation Pause) (young) 4048K->913K(8192K), 0.0008018 secs]
35.302: [GC pause (G1 Evacuation Pause) (young) 3985K->976K(8192K), 0.0011423 secs]
35.305: [GC pause (G1 Evacuation Pause) (young) 4048K->913K(8192K), 0.0008117 secs]
35.308: [GC pause (G1 Evacuation Pause) (young) 3985K->976K(8192K), 0.0011445 secs]
35.311: [GC pause (G1 Evacuation Pause) (young) 4048K->913K(8192K), 0.0007996 secs]
35.314: [GC pause (G1 Evacuation Pause) (young) 3985K->976K(8192K), 0.0011203 secs]
35.317: [GC pause (G1 Evacuation Pause) (young) 4048K->913K(8192K), 0.0008123 secs]
35.320: [GC pause (G1 Evacuation Pause) (young) 3985K->976K(8192K), 0.0011643 secs]
35.323: [GC pause (G1 Evacuation Pause) (young) 4048K->913K(8192K), 0.0008156 secs]
35.326: [GC pause (G1 Evacuation Pause) (young) 3985K->976K(8192K), 0.0011472 secs]
35.330: [GC pause (G1 Evacuation Pause) (young) 4048K->913K(8192K), 0.0008106 secs]
35.333: [GC pause (G1 Evacuation Pause) (young) 3985K->976K(8192K), 0.0011214 secs]
35.336: [GC pause (G1 Evacuation Pause) (young) 4048K->913K(8192K), 0.0008431 secs]
35.339: [GC pause (G1 Evacuation Pause) (young) 3985K->976K(8192K), 0.0011241 secs]
35.342: [GC pause (G1 Evacuation Pause) (young) 4048K->913K(8192K), 0.0008084 secs]
35.345: [GC pause (G1 Evacuation Pause) (young) 3985K->976K(8192K), 0.0011824 secs]
35.348: [GC pause (G1 Evacuation Pause) (young) 4048K->913K(8192K), 0.0008062 secs]
35.351: [GC pause (G1 Evacuation Pause) (young) 3985K->976K(8192K), 0.0011731 secs]
35.355: [GC pause (G1 Evacuation Pause) (young) 4048K->913K(8192K), 0.0008057 secs]
35.357: [GC pause (G1 Evacuation Pause) (young) 3985K->976K(8192K), 0.0011258 secs]
35.361: [GC pause (G1 Evacuation Pause) (young) 4048K->913K(8192K), 0.0008046 secs]
35.364: [GC pause (G1 Evacuation Pause) (young) 3985K->976K(8192K), 0.0011318 secs]
35.367: [GC pause (G1 Evacuation Pause) (young) 4048K->913K(8192K), 0.0008145 secs]
35.370: [GC pause (G1 Evacuation Pause) (young) 3985K->976K(8192K), 0.0011258 secs]
35.373: [GC pause (G1 Evacuation Pause) (young) 4048K->913K(8192K), 0.0008266 secs]
35.376: [GC pause (G1 Evacuation Pause) (young) 3985K->976K(8192K), 0.0017032 secs]
35.380: [GC pause (G1 Evacuation Pause) (young) 4048K->913K(8192K), 0.0008233 secs]
35.383: [GC pause (G1 Evacuation Pause) (young) 3985K->976K(8192K), 0.0011236 secs]
35.386: [GC pause (G1 Evacuation Pause) (young) 4048K->913K(8192K), 0.0008150 secs]
35.389: [GC pause (G1 Evacuation Pause) (young) 3985K->976K(8192K), 0.0011384 secs]
35.392: [GC pause (G1 Evacuation Pause) (young) 4048K->913K(8192K), 0.0008227 secs]
35.395: [GC pause (G1 Evacuation Pause) (young) 3985K->976K(8192K), 0.0011588 secs]
35.398: [GC pause (G1 Evacuation Pause) (young) 4048K->913K(8192K), 0.0008150 secs]
35.401: [GC pause (G1 Evacuation Pause) (young) 3985K->976K(8192K), 0.0011874 secs]
35.405: [GC pause (G1 Evacuation Pause) (young) 4048K->913K(8192K), 0.0008073 secs]
35.407: [GC pause (G1 Evacuation Pause) (young) 3985K->976K(8192K), 0.0011324 secs]
35.411: [GC pause (G1 Evacuation Pause) (young) 4048K->913K(8192K), 0.0008024 secs]
35.414: [GC pause (G1 Evacuation Pause) (young) 3985K->976K(8192K), 0.0011247 secs]
35.417: [GC pause (G1 Evacuation Pause) (young) 4048K->913K(8192K), 0.0008024 secs]
35.420: [GC pause (G1 Evacuation Pause) (young) 3985K->976K(8192K), 0.0011390 secs]
35.423: [GC pause (G1 Evacuation Pause) (young) 4048K->913K(8192K), 0.0008343 secs]
35.426: [GC pause (G1 Evacuation Pause) (young) 3985K->976K(8192K), 0.0011417 secs]
35.430: [GC pause (G1 Evacuation Pause) (young) 4048K->913K(8192K), 0.0008662 secs]
35.432: [GC pause (G1 Evacuation Pause) (young) 3985K->976K(8192K), 0.0011808 secs]
35.436: [GC pause (G1 Evacuation Pause) (young) 4048K->913K(8192K), 0.0008024 secs]
35.439: [GC pause (G1 Evacuation Pause) (young) 3985K->976K(8192K), 0.0011291 secs]
35.442: [GC pause (G1 Evacuation Pause) (young) 4048K->913K(8192K), 0.0008079 secs]
35.445: [GC pause (G1 Evacuation Pause) (young) 3985K->976K(8192K), 0.0011252 secs]
35.448: [GC pause (G1 Evacuation Pause) (young) 4048K->913K(8192K), 0.0008167 secs]
35.451: [GC pause (G1 Evacuation Pause) (young) 3985K->976K(8192K), 0.0011302 secs]
35.454: [GC pause (G1 Evacuation Pause) (young) 4048K->913K(8192K), 0.0008343 secs]
35.457: [GC pause (G1 Evacuation Pause) (young) 3985K->976K(8192K), 0.0011654 secs]
35.461: [GC pause (G1 Evacuation Pause) (young) 4048K->913K(8192K), 0.0008084 secs]
35.463: [GC pause (G1 Evacuation Pause) (young) 3985K->976K(8192K), 0.0011263 secs]
35.467: [GC pause (G1 Evacuation Pause) (young) 4048K->913K(8192K), 0.0008057 secs]
35.470: [GC pause (G1 Evacuation Pause) (young) 3985K->976K(8192K), 0.0011335 secs]
35.473: [GC pause (G1 Evacuation Pause) (young) 4048K->913K(8192K), 0.0008057 secs]
35.476: [GC pause (G1 Evacuation Pause) (young) 3985K->976K(8192K), 0.0011478 secs]
35.479: [GC pause (G1 Evacuation Pause) (young) 4048K->913K(8192K), 0.0009311 secs]
35.482: [GC pause (G1 Evacuation Pause) (young) 3985K->976K(8192K), 0.0011373 secs]
35.485: [GC pause (G1 Evacuation Pause) (young) 4048K->913K(8192K), 0.0008117 secs]
35.488: [GC pause (G1 Evacuation Pause) (young) 3985K->976K(8192K), 0.0011197 secs]
35.491: [GC pause (G1 Evacuation Pause) (young) 4048K->913K(8192K), 0.0009811 secs]
35.495: [GC pause (G1 Evacuation Pause) (young) 3985K->976K(8192K), 0.0011214 secs]
35.498: [GC pause (G1 Evacuation Pause) (young) 4048K->913K(8192K), 0.0008073 secs]
35.501: [GC pause (G1 Evacuation Pause) (young) 3985K->976K(8192K), 0.0011313 secs]
35.504: [GC pause (G1 Evacuation Pause) (young) 4048K->913K(8192K), 0.0008035 secs]
35.507: [GC pause (G1 Evacuation Pause) (young) 3985K->976K(8192K), 0.0012039 secs]
35.510: [GC pause (G1 Evacuation Pause) (young) 4048K->913K(8192K), 0.0008222 secs]
35.513: [GC pause (G1 Evacuation Pause) (young) 3985K->976K(8192K), 0.0011313 secs]
35.516: [GC pause (G1 Evacuation Pause) (young) 4048K->913K(8192K), 0.0008216 secs]
35.519: [GC pause (G1 Evacuation Pause) (young) 3985K->976K(8192K), 0.0011274 secs]
35.522: [GC pause (G1 Evacuation Pause) (young) 4048K->913K(8192K), 0.0008024 secs]
35.525: [GC pause (G1 Evacuation Pause) (young) 3985K->976K(8192K), 0.0011142 secs]
35.529: [GC pause (G1 Evacuation Pause) (young) 4048K->913K(8192K), 0.0008139 secs]
35.532: [GC pause (G1 Evacuation Pause) (young) 3985K->976K(8192K), 0.0011885 secs]
35.535: [GC pause (G1 Evacuation Pause) (young) 4048K->913K(8192K), 0.0008123 secs]
35.538: [GC pause (G1 Evacuation Pause) (young) 3985K->976K(8192K), 0.0011538 secs]
35.541: [GC pause (G1 Evacuation Pause) (young) 4048K->913K(8192K), 0.0009564 secs]
35.544: [GC pause (G1 Evacuation Pause) (young) 3985K->976K(8192K), 0.0011225 secs]
35.547: [GC pause (G1 Evacuation Pause) (young) 4048K->913K(8192K), 0.0007974 secs]
35.550: [GC pause (G1 Evacuation Pause) (young) 3985K->976K(8192K), 0.0011285 secs]
35.554: [GC pause (G1 Evacuation Pause) (young) 4048K->913K(8192K), 0.0008227 secs]
35.556: [GC pause (G1 Evacuation Pause) (young) 3985K->976K(8192K), 0.0011159 secs]
35.560: [GC pause (G1 Evacuation Pause) (young) 4048K->913K(8192K), 0.0008117 secs]
35.562: [GC pause (G1 Evacuation Pause) (young) 3985K->976K(8192K), 0.0011192 secs]
35.566: [GC pause (G1 Evacuation Pause) (young) 4048K->913K(8192K), 0.0007980 secs]
35.569: [GC pause (G1 Evacuation Pause) (young) 3985K->976K(8192K), 0.0011148 secs]
35.572: [GC pause (G1 Evacuation Pause) (young) 4048K->913K(8192K), 0.0008552 secs]
35.575: [GC pause (G1 Evacuation Pause) (young) 3985K->976K(8192K), 0.0011181 secs]
35.578: [GC pause (G1 Evacuation Pause) (young) 4048K->913K(8192K), 0.0008051 secs]
35.581: [GC pause (G1 Evacuation Pause) (young) 3985K->976K(8192K), 0.0012836 secs]
35.585: [GC pause (G1 Evacuation Pause) (young) 4048K->913K(8192K), 0.0008222 secs]
35.587: [GC pause (G1 Evacuation Pause) (young) 3985K->976K(8192K), 0.0011329 secs]
35.591: [GC pause (G1 Evacuation Pause) (young) 4048K->913K(8192K), 0.0009894 secs]
35.594: [GC pause (G1 Evacuation Pause) (young) 3985K->1003K(8192K), 0.0012204 secs]
35.597: [GC pause (G1 Evacuation Pause) (young) 4075K->913K(8192K), 0.0008046 secs]
35.600: [GC pause (G1 Evacuation Pause) (young) 3985K->976K(8192K), 0.0011175 secs]
35.603: [GC pause (G1 Evacuation Pause) (young) 4048K->913K(8192K), 0.0008079 secs]
35.606: [GC pause (G1 Evacuation Pause) (young) 3985K->976K(8192K), 0.0011214 secs]
35.609: [GC pause (G1 Evacuation Pause) (young) 4048K->913K(8192K), 0.0008172 secs]
35.612: [GC pause (G1 Evacuation Pause) (young) 3985K->976K(8192K), 0.0011115 secs]
35.616: [GC pause (G1 Evacuation Pause) (young) 4048K->913K(8192K), 0.0008172 secs]
35.619: [GC pause (G1 Evacuation Pause) (young) 3985K->976K(8192K), 0.0011263 secs]
35.622: [GC pause (G1 Evacuation Pause) (young) 4048K->913K(8192K), 0.0007963 secs]
35.625: [GC pause (G1 Evacuation Pause) (young) 3985K->976K(8192K), 0.0011577 secs]
35.628: [GC pause (G1 Evacuation Pause) (young) 4048K->913K(8192K), 0.0008156 secs]
35.631: [GC pause (G1 Evacuation Pause) (young) 3985K->976K(8192K), 0.0017104 secs]
35.635: [GC pause (G1 Evacuation Pause) (young) 4048K->913K(8192K), 0.0008183 secs]
35.638: [GC pause (G1 Evacuation Pause) (young) 3985K->976K(8192K), 0.0204221 secs]
35.660: [GC pause (G1 Evacuation Pause) (young) 4048K->913K(8192K), 0.0213499 secs]
35.684: [GC pause (G1 Evacuation Pause) (young) 3985K->976K(8192K), 0.0478656 secs]
35.734: [GC pause (G1 Evacuation Pause) (young) 4048K->913K(8192K), 0.0195796 secs]
35.756: [GC pause (G1 Evacuation Pause) (young) 3985K->976K(8192K), 0.0011753 secs]
35.760: [GC pause (G1 Evacuation Pause) (young) 4048K->913K(8192K), 0.0008332 secs]
35.764: [GC pause (G1 Evacuation Pause) (young) 3985K->976K(8192K), 0.0011791 secs]
35.767: [GC pause (G1 Evacuation Pause) (young) 4048K->913K(8192K), 0.0008117 secs]
35.770: [GC pause (G1 Evacuation Pause) (young) 3985K->976K(8192K), 0.0011890 secs]
35.773: [GC pause (G1 Evacuation Pause) (young) 4048K->913K(8192K), 0.0026002 secs]
35.778: [GC pause (G1 Evacuation Pause) (young) 3985K->976K(8192K), 0.0011538 secs]
35.781: [GC pause (G1 Evacuation Pause) (young) 4048K->913K(8192K), 0.0008227 secs]
35.784: [GC pause (G1 Evacuation Pause) (young) 3985K->976K(8192K), 0.0016224 secs]
35.788: [GC pause (G1 Evacuation Pause) (young) 4048K->913K(8192K), 0.0008392 secs]
35.791: [GC pause (G1 Evacuation Pause) (young) 3985K->976K(8192K), 0.0012484 secs]
35.795: [GC pause (G1 Evacuation Pause) (young) 4048K->913K(8192K), 0.0009146 secs]
35.798: [GC pause (G1 Evacuation Pause) (young) 3985K->976K(8192K), 0.0011203 secs]
35.801: [GC pause (G1 Evacuation Pause) (young) 4048K->913K(8192K), 0.0012319 secs]
35.804: [GC pause (G1 Evacuation Pause) (young) 3985K->976K(8192K), 0.0011340 secs]
35.808: [GC pause (G1 Evacuation Pause) (young) 4048K->913K(8192K), 0.0008310 secs]
35.811: [GC pause (G1 Evacuation Pause) (young) 3985K->976K(8192K), 0.0011577 secs]
35.814: [GC pause (G1 Evacuation Pause) (young) 4048K->913K(8192K), 0.0008095 secs]
35.817: [GC pause (G1 Evacuation Pause) (young) 3985K->976K(8192K), 0.0012831 secs]
35.821: [GC pause (G1 Evacuation Pause) (young) 4048K->913K(8192K), 0.0008233 secs]
35.824: [GC pause (G1 Evacuation Pause) (young) 3985K->976K(8192K), 0.0015602 secs]
35.828: [GC pause (G1 Evacuation Pause) (young) 4048K->913K(8192K), 0.0008216 secs]
35.830: [GC pause (G1 Evacuation Pause) (young) 3985K->976K(8192K), 0.0012171 secs]
35.834: [GC pause (G1 Evacuation Pause) (young) 4048K->913K(8192K), 0.0008288 secs]
35.837: [GC pause (G1 Evacuation Pause) (young) 3985K->976K(8192K), 0.0011555 secs]
35.840: [GC pause (G1 Evacuation Pause) (young) 4048K->913K(8192K), 0.0008200 secs]
35.844: [GC pause (G1 Evacuation Pause) (young) 3985K->976K(8192K), 0.0011346 secs]
35.847: [GC pause (G1 Evacuation Pause) (young) 4048K->913K(8192K), 0.0008073 secs]
35.850: [GC pause (G1 Evacuation Pause) (young) 3985K->976K(8192K), 0.0011241 secs]
35.853: [GC pause (G1 Evacuation Pause) (young) 4048K->913K(8192K), 0.0008029 secs]
35.856: [GC pause (G1 Evacuation Pause) (young) 3985K->976K(8192K), 0.0012605 secs]
35.859: [GC pause (G1 Evacuation Pause) (young) 4048K->913K(8192K), 0.0008260 secs]
35.862: [GC pause (G1 Evacuation Pause) (young) 3985K->1003K(8192K), 0.0016059 secs]
35.866: [GC pause (G1 Evacuation Pause) (young) 4075K->913K(8192K), 0.0008717 secs]
35.869: [GC pause (G1 Evacuation Pause) (young) 3985K->976K(8192K), 0.0011329 secs]
35.873: [GC pause (G1 Evacuation Pause) (young) 4048K->913K(8192K), 0.0008167 secs]
35.876: [GC pause (G1 Evacuation Pause) (young) 3985K->976K(8192K), 0.0011379 secs]
35.879: [GC pause (G1 Evacuation Pause) (young) 4048K->913K(8192K), 0.0008150 secs]
35.882: [GC pause (G1 Evacuation Pause) (young) 3985K->976K(8192K), 0.0011241 secs]
35.885: [GC pause (G1 Evacuation Pause) (young) 4048K->913K(8192K), 0.0008007 secs]
35.888: [GC pause (G1 Evacuation Pause) (young) 3985K->976K(8192K), 0.0011423 secs]
35.891: [GC pause (G1 Evacuation Pause) (young) 4048K->913K(8192K), 0.0008123 secs]
35.894: [GC pause (G1 Evacuation Pause) (young) 3985K->976K(8192K), 0.0011604 secs]
35.898: [GC pause (G1 Evacuation Pause) (young) 4048K->913K(8192K), 0.0008123 secs]
35.900: [GC pause (G1 Evacuation Pause) (young) 3985K->976K(8192K), 0.0011170 secs]
35.904: [GC pause (G1 Evacuation Pause) (young) 4048K->913K(8192K), 0.0009069 secs]
35.907: [GC pause (G1 Evacuation Pause) (young) 3985K->976K(8192K), 0.0012418 secs]
35.910: [GC pause (G1 Evacuation Pause) (young) 4048K->913K(8192K), 0.0008216 secs]
35.913: [GC pause (G1 Evacuation Pause) (young) 3985K->976K(8192K), 0.0011395 secs]
35.916: [GC pause (G1 Evacuation Pause) (young) 4048K->913K(8192K), 0.0008040 secs]
35.920: [GC pause (G1 Evacuation Pause) (young) 3985K->976K(8192K), 0.0013221 secs]
35.923: [GC pause (G1 Evacuation Pause) (young) 4048K->913K(8192K), 0.0008035 secs]
35.926: [GC pause (G1 Evacuation Pause) (young) 3985K->976K(8192K), 0.0011566 secs]
35.929: [GC pause (G1 Evacuation Pause) (young) 4048K->913K(8192K), 0.0008057 secs]
35.932: [GC pause (G1 Evacuation Pause) (young) 3985K->976K(8192K), 0.0011252 secs]
35.935: [GC pause (G1 Evacuation Pause) (young) 4048K->913K(8192K), 0.0008007 secs]
35.938: [GC pause (G1 Evacuation Pause) (young) 3985K->976K(8192K), 0.0011346 secs]
35.942: [GC pause (G1 Evacuation Pause) (young) 4048K->913K(8192K), 0.0008057 secs]
35.945: [GC pause (G1 Evacuation Pause) (young) 3985K->976K(8192K), 0.0012022 secs]
35.948: [GC pause (G1 Evacuation Pause) (young) 4048K->913K(8192K), 0.0007980 secs]
35.951: [GC pause (G1 Evacuation Pause) (young) 3985K->976K(8192K), 0.0011500 secs]
35.954: [GC pause (G1 Evacuation Pause) (young) 4048K->913K(8192K), 0.0008029 secs]
35.957: [GC pause (G1 Evacuation Pause) (young) 3985K->976K(8192K), 0.0011478 secs]
35.960: [GC pause (G1 Evacuation Pause) (young) 4048K->913K(8192K), 0.0009305 secs]
35.963: [GC pause (G1 Evacuation Pause) (young) 3985K->976K(8192K), 0.0011709 secs]
35.967: [GC pause (G1 Evacuation Pause) (young) 4048K->913K(8192K), 0.0008040 secs]
35.969: [GC pause (G1 Evacuation Pause) (young) 3985K->976K(8192K), 0.0011219 secs]
35.973: [GC pause (G1 Evacuation Pause) (young) 4048K->913K(8192K), 0.0008161 secs]
35.976: [GC pause (G1 Evacuation Pause) (young) 3985K->976K(8192K), 0.0011533 secs]
35.979: [GC pause (G1 Evacuation Pause) (young) 4048K->913K(8192K), 0.0008194 secs]
35.982: [GC pause (G1 Evacuation Pause) (young) 3985K->976K(8192K), 0.0011505 secs]
35.985: [GC pause (G1 Evacuation Pause) (young) 4048K->913K(8192K), 0.0008299 secs]
35.988: [GC pause (G1 Evacuation Pause) (young) 3985K->976K(8192K), 0.0076604 secs]
35.998: [GC pause (G1 Evacuation Pause) (young) 4048K->913K(8192K), 0.0008876 secs]
36.002: [GC pause (G1 Evacuation Pause) (young) 3985K->976K(8192K), 0.0554473 secs]
36.060: [GC pause (G1 Evacuation Pause) (young) 4048K->913K(8192K), 0.0190511 secs]
36.081: [GC pause (G1 Evacuation Pause) (young) 3985K->1003K(8192K), 0.0017247 secs]
36.085: [GC pause (G1 Evacuation Pause) (young) 4075K->913K(8192K), 0.0008425 secs]
36.088: [GC pause (G1 Evacuation Pause) (young) 3985K->976K(8192K), 0.0011263 secs]
36.092: [GC pause (G1 Evacuation Pause) (young) 4048K->975K(8192K), 0.0012347 secs]
36.095: [GC pause (G1 Evacuation Pause) (young) 4047K->998K(8192K), 0.0011445 secs]
36.099: [GC pause (G1 Evacuation Pause) (young) 4070K->911K(8192K), 0.0008288 secs]
36.102: [GC pause (G1 Evacuation Pause) (young) 3983K->974K(8192K), 0.0011313 secs]
36.105: [GC pause (G1 Evacuation Pause) (young) 4046K->913K(8192K), 0.0012682 secs]
36.108: [GC pause (G1 Evacuation Pause) (young) 3985K->976K(8192K), 0.0012182 secs]
36.112: [GC pause (G1 Evacuation Pause) (young) 4048K->913K(8192K), 0.0008150 secs]
36.115: [GC pause (G1 Evacuation Pause) (young) 3985K->976K(8192K), 0.0011857 secs]
36.119: [GC pause (G1 Evacuation Pause) (young) 4048K->913K(8192K), 0.0009245 secs]
36.122: [GC pause (G1 Evacuation Pause) (young) 3985K->976K(8192K), 0.0012033 secs]
36.125: [GC pause (G1 Evacuation Pause) (young) 4048K->913K(8192K), 0.0008513 secs]
36.128: [GC pause (G1 Evacuation Pause) (young) 3985K->976K(8192K), 0.0013386 secs]
36.132: [GC pause (G1 Evacuation Pause) (young) 4048K->913K(8192K), 0.0008134 secs]
36.135: [GC pause (G1 Evacuation Pause) (young) 3985K->976K(8192K), 0.0012132 secs]
36.138: [GC pause (G1 Evacuation Pause) (young) 4048K->913K(8192K), 0.0008172 secs]
36.141: [GC pause (G1 Evacuation Pause) (young) 3985K->976K(8192K), 0.0012913 secs]
36.144: [GC pause (G1 Evacuation Pause) (young) 4048K->913K(8192K), 0.0008321 secs]
36.147: [GC pause (G1 Evacuation Pause) (young) 3985K->976K(8192K), 0.0011428 secs]
36.151: [GC pause (G1 Evacuation Pause) (young) 4048K->913K(8192K), 0.0008233 secs]
36.154: [GC pause (G1 Evacuation Pause) (young) 3985K->976K(8192K), 0.0011236 secs]
36.157: [GC pause (G1 Evacuation Pause) (young) 4048K->913K(8192K), 0.0009096 secs]
36.160: [GC pause (G1 Evacuation Pause) (young) 3985K->976K(8192K), 0.0011571 secs]
36.163: [GC pause (G1 Evacuation Pause) (young) 4048K->913K(8192K), 0.0008282 secs]
36.166: [GC pause (G1 Evacuation Pause) (young) 3985K->976K(8192K), 0.0011346 secs]
36.169: [GC pause (G1 Evacuation Pause) (young) 4048K->913K(8192K), 0.0008172 secs]
36.172: [GC pause (G1 Evacuation Pause) (young) 3985K->976K(8192K), 0.0011291 secs]
36.176: [GC pause (G1 Evacuation Pause) (young) 4048K->913K(8192K), 0.0008442 secs]
36.179: [GC pause (G1 Evacuation Pause) (young) 3985K->976K(8192K), 0.0011478 secs]
36.182: [GC pause (G1 Evacuation Pause) (young) 4048K->913K(8192K), 0.0008172 secs]
36.185: [GC pause (G1 Evacuation Pause) (young) 3985K->976K(8192K), 0.0011681 secs]
36.188: [GC pause (G1 Evacuation Pause) (young) 4048K->913K(8192K), 0.0008051 secs]
36.191: [GC pause (G1 Evacuation Pause) (young) 3985K->976K(8192K), 0.0016141 secs]
36.195: [GC pause (G1 Evacuation Pause) (young) 4048K->913K(8192K), 0.0008326 secs]
36.198: [GC pause (G1 Evacuation Pause) (young) 3985K->976K(8192K), 0.0011621 secs]
36.201: [GC pause (G1 Evacuation Pause) (young) 4048K->913K(8192K), 0.0008139 secs]
36.204: [GC pause (G1 Evacuation Pause) (young) 3985K->976K(8192K), 0.0011494 secs]
36.207: [GC pause (G1 Evacuation Pause) (young) 4048K->913K(8192K), 0.0008161 secs]
36.210: [GC pause (G1 Evacuation Pause) (young) 3985K->976K(8192K), 0.0011302 secs]
36.214: [GC pause (G1 Evacuation Pause) (young) 4048K->913K(8192K), 0.0008073 secs]
36.216: [GC pause (G1 Evacuation Pause) (young) 3985K->976K(8192K), 0.0011192 secs]
36.220: [GC pause (G1 Evacuation Pause) (young) 4048K->913K(8192K), 0.0008156 secs]
36.223: [GC pause (G1 Evacuation Pause) (young) 3985K->976K(8192K), 0.0011318 secs]
36.226: [GC pause (G1 Evacuation Pause) (young) 4048K->913K(8192K), 0.0008458 secs]
36.229: [GC pause (G1 Evacuation Pause) (young) 3985K->976K(8192K), 0.0011324 secs]
36.232: [GC pause (G1 Evacuation Pause) (young) 4048K->913K(8192K), 0.0008161 secs]
36.235: [GC pause (G1 Evacuation Pause) (young) 3985K->976K(8192K), 0.0011340 secs]
36.238: [GC pause (G1 Evacuation Pause) (young) 4048K->913K(8192K), 0.0008156 secs]
36.241: [GC pause (G1 Evacuation Pause) (young) 3985K->976K(8192K), 0.0011329 secs]
36.245: [GC pause (G1 Evacuation Pause) (young) 4048K->913K(8192K), 0.0009448 secs]
36.248: [GC pause (G1 Evacuation Pause) (young) 3985K->976K(8192K), 0.0011802 secs]
36.251: [GC pause (G1 Evacuation Pause) (young) 4048K->913K(8192K), 0.0008189 secs]
36.254: [GC pause (G1 Evacuation Pause) (young) 3985K->976K(8192K), 0.0011357 secs]
36.257: [GC pause (G1 Evacuation Pause) (young) 4048K->913K(8192K), 0.0008497 secs]
36.260: [GC pause (G1 Evacuation Pause) (young) 3985K->976K(8192K), 0.0011956 secs]
36.263: [GC pause (G1 Evacuation Pause) (young) 4048K->913K(8192K), 0.0008645 secs]
36.266: [GC pause (G1 Evacuation Pause) (young) 3985K->976K(8192K), 0.0011593 secs]
36.270: [GC pause (G1 Evacuation Pause) (young) 4048K->913K(8192K), 0.0008189 secs]
36.273: [GC pause (G1 Evacuation Pause) (young) 3985K->976K(8192K), 0.0023368 secs]
36.277: [GC pause (G1 Evacuation Pause) (young) 4048K->913K(8192K), 0.0008337 secs]
36.280: [GC pause (G1 Evacuation Pause) (young) 3985K->976K(8192K), 0.0011434 secs]
36.283: [GC pause (G1 Evacuation Pause) (young) 4048K->913K(8192K), 0.0008156 secs]
36.286: [GC pause (G1 Evacuation Pause) (young) 3985K->976K(8192K), 0.0011307 secs]
36.289: [GC pause (G1 Evacuation Pause) (young) 4048K->913K(8192K), 0.0008145 secs]
36.293: [GC pause (G1 Evacuation Pause) (young) 3985K->976K(8192K), 0.0011527 secs]
36.296: [GC pause (G1 Evacuation Pause) (young) 4048K->913K(8192K), 0.0010251 secs]
36.299: [GC pause (G1 Evacuation Pause) (young) 3985K->976K(8192K), 0.0011302 secs]
36.302: [GC pause (G1 Evacuation Pause) (young) 4048K->913K(8192K), 0.0008062 secs]
36.305: [GC pause (G1 Evacuation Pause) (young) 3985K->976K(8192K), 0.0011263 secs]
36.308: [GC pause (G1 Evacuation Pause) (young) 4048K->913K(8192K), 0.0008117 secs]
36.311: [GC pause (G1 Evacuation Pause) (young) 3985K->976K(8192K), 0.0012363 secs]
36.315: [GC pause (G1 Evacuation Pause) (young) 4048K->913K(8192K), 0.0008123 secs]
36.318: [GC pause (G1 Evacuation Pause) (young) 3985K->976K(8192K), 0.0011153 secs]
36.321: [GC pause (G1 Evacuation Pause) (young) 4048K->913K(8192K), 0.0007996 secs]
36.324: [GC pause (G1 Evacuation Pause) (young) 3985K->976K(8192K), 0.0014585 secs]
36.327: [GC pause (G1 Evacuation Pause) (young) 4048K->913K(8192K), 0.0008222 secs]
36.330: [GC pause (G1 Evacuation Pause) (young) 3985K->976K(8192K), 0.0011208 secs]
36.333: [GC pause (G1 Evacuation Pause) (young) 4048K->913K(8192K), 0.0008332 secs]
36.336: [GC pause (G1 Evacuation Pause) (young) 3985K->976K(8192K), 0.0011280 secs]
36.340: [GC pause (G1 Evacuation Pause) (young) 4048K->913K(8192K), 0.0008189 secs]
36.342: [GC pause (G1 Evacuation Pause) (young) 3985K->976K(8192K), 0.0011351 secs]
36.346: [GC pause (G1 Evacuation Pause) (young) 4048K->913K(8192K), 0.0008095 secs]
36.349: [GC pause (G1 Evacuation Pause) (young) 3985K->976K(8192K), 0.0011951 secs]
36.352: [GC pause (G1 Evacuation Pause) (young) 4048K->913K(8192K), 0.0008172 secs]
36.355: [GC pause (G1 Evacuation Pause) (young) 3985K->976K(8192K), 0.0011329 secs]
36.358: [GC pause (G1 Evacuation Pause) (young) 4048K->913K(8192K), 0.0008436 secs]
36.361: [GC pause (G1 Evacuation Pause) (young) 3985K->976K(8192K), 0.0012567 secs]
36.364: [GC pause (G1 Evacuation Pause) (young) 4048K->913K(8192K), 0.0008112 secs]
36.367: [GC pause (G1 Evacuation Pause) (young) 3985K->976K(8192K), 0.0011758 secs]
36.371: [GC pause (G1 Evacuation Pause) (young) 4048K->913K(8192K), 0.0008090 secs]
36.374: [GC pause (G1 Evacuation Pause) (young) 3985K->976K(8192K), 0.0013584 secs]
36.377: [GC pause (G1 Evacuation Pause) (young) 4048K->913K(8192K), 0.0008062 secs]
36.380: [GC pause (G1 Evacuation Pause) (young) 3985K->976K(8192K), 0.0011236 secs]
36.383: [GC pause (G1 Evacuation Pause) (young) 4048K->913K(8192K), 0.0008046 secs]
36.386: [GC pause (G1 Evacuation Pause) (young) 3985K->976K(8192K), 0.0011296 secs]
36.389: [GC pause (G1 Evacuation Pause) (young) 4048K->913K(8192K), 0.0008596 secs]
36.392: [GC pause (G1 Evacuation Pause) (young) 3985K->976K(8192K), 0.0011604 secs]
36.396: [GC pause (G1 Evacuation Pause) (young) 4048K->913K(8192K), 0.0008128 secs]
36.399: [GC pause (G1 Evacuation Pause) (young) 3985K->976K(8192K), 0.0011560 secs]
36.402: [GC pause (G1 Evacuation Pause) (young) 4048K->913K(8192K), 0.0008095 secs]
36.405: [GC pause (G1 Evacuation Pause) (young) 3985K->976K(8192K), 0.0011203 secs]
36.408: [GC pause (G1 Evacuation Pause) (young) 4048K->913K(8192K), 0.0008117 secs]
36.411: [GC pause (G1 Evacuation Pause) (young) 3985K->976K(8192K), 0.0011505 secs]
36.414: [GC pause (G1 Evacuation Pause) (young) 4048K->913K(8192K), 0.0008255 secs]
36.417: [GC pause (G1 Evacuation Pause) (young) 3985K->976K(8192K), 0.0011307 secs]
36.420: [GC pause (G1 Evacuation Pause) (young) 4048K->913K(8192K), 0.0008024 secs]
36.423: [GC pause (G1 Evacuation Pause) (young) 3985K->976K(8192K), 0.0011159 secs]
36.426: [GC pause (G1 Evacuation Pause) (young) 4048K->913K(8192K), 0.0008189 secs]
36.429: [GC pause (G1 Evacuation Pause) (young) 3985K->976K(8192K), 0.0011390 secs]
36.433: [GC pause (G1 Evacuation Pause) (young) 4048K->913K(8192K), 0.0008040 secs]
36.436: [GC pause (G1 Evacuation Pause) (young) 3985K->976K(8192K), 0.0011164 secs]
36.439: [GC pause (G1 Evacuation Pause) (young) 4048K->913K(8192K), 0.0008029 secs]
36.442: [GC pause (G1 Evacuation Pause) (young) 3985K->976K(8192K), 0.0011445 secs]
36.445: [GC pause (G1 Evacuation Pause) (young) 4048K->913K(8192K), 0.0007996 secs]
36.448: [GC pause (G1 Evacuation Pause) (young) 3985K->976K(8192K), 0.0011258 secs]
36.451: [GC pause (G1 Evacuation Pause) (young) 4048K->913K(8192K), 0.0008277 secs]
36.454: [GC pause (G1 Evacuation Pause) (young) 3985K->976K(8192K), 0.0012655 secs]
36.457: [GC pause (G1 Evacuation Pause) (young) 4048K->913K(8192K), 0.0008024 secs]
36.460: [GC pause (G1 Evacuation Pause) (young) 3985K->976K(8192K), 0.0011412 secs]
36.463: [GC pause (G1 Evacuation Pause) (young) 4048K->913K(8192K), 0.0008695 secs]
36.466: [GC pause (G1 Evacuation Pause) (young) 3985K->976K(8192K), 0.0011236 secs]
36.470: [GC pause (G1 Evacuation Pause) (young) 4048K->913K(8192K), 0.0008777 secs]
36.473: [GC pause (G1 Evacuation Pause) (young) 3985K->976K(8192K), 0.0011335 secs]
36.476: [GC pause (G1 Evacuation Pause) (young) 4048K->913K(8192K), 0.0008238 secs]
36.479: [GC pause (G1 Evacuation Pause) (young) 3985K->976K(8192K), 0.0011247 secs]
36.482: [GC pause (G1 Evacuation Pause) (young) 4048K->913K(8192K), 0.0008002 secs]
36.485: [GC pause (G1 Evacuation Pause) (young) 3985K->976K(8192K), 0.0011654 secs]
36.488: [GC pause (G1 Evacuation Pause) (young) 4048K->913K(8192K), 0.0008420 secs]
36.491: [GC pause (G1 Evacuation Pause) (young) 3985K->976K(8192K), 0.0011428 secs]
36.494: [GC pause (G1 Evacuation Pause) (young) 4048K->913K(8192K), 0.0008040 secs]
36.497: [GC pause (G1 Evacuation Pause) (young) 3985K->976K(8192K), 0.0011714 secs]
36.501: [GC pause (G1 Evacuation Pause) (young) 4048K->913K(8192K), 0.0011038 secs]
36.504: [GC pause (G1 Evacuation Pause) (young) 3985K->976K(8192K), 0.0011373 secs]
36.507: [GC pause (G1 Evacuation Pause) (young) 4048K->913K(8192K), 0.0008249 secs]
36.510: [GC pause (G1 Evacuation Pause) (young) 3985K->976K(8192K), 0.0011274 secs]
36.513: [GC pause (G1 Evacuation Pause) (young) 4048K->913K(8192K), 0.0008579 secs]
36.516: [GC pause (G1 Evacuation Pause) (young) 3985K->976K(8192K), 0.0011258 secs]
36.519: [GC pause (G1 Evacuation Pause) (young) 4048K->913K(8192K), 0.0008073 secs]
36.522: [GC pause (G1 Evacuation Pause) (young) 3985K->976K(8192K), 0.0011335 secs]
36.526: [GC pause (G1 Evacuation Pause) (young) 4048K->913K(8192K), 0.0008145 secs]
36.528: [GC pause (G1 Evacuation Pause) (young) 3985K->976K(8192K), 0.0011137 secs]
36.532: [GC pause (G1 Evacuation Pause) (young) 4048K->913K(8192K), 0.0008090 secs]
36.534: [GC pause (G1 Evacuation Pause) (young) 3985K->976K(8192K), 0.0011175 secs]
36.538: [GC pause (G1 Evacuation Pause) (young) 4048K->913K(8192K), 0.0008073 secs]
36.541: [GC pause (G1 Evacuation Pause) (young) 3985K->976K(8192K), 0.0012303 secs]
36.544: [GC pause (G1 Evacuation Pause) (young) 4048K->913K(8192K), 0.0008084 secs]
36.547: [GC pause (G1 Evacuation Pause) (young) 3985K->976K(8192K), 0.0011489 secs]
36.550: [GC pause (G1 Evacuation Pause) (young) 4048K->913K(8192K), 0.0008189 secs]
36.553: [GC pause (G1 Evacuation Pause) (young) 3985K->976K(8192K), 0.0012083 secs]
36.556: [GC pause (G1 Evacuation Pause) (young) 4048K->913K(8192K), 0.0008233 secs]
36.559: [GC pause (G1 Evacuation Pause) (young) 3985K->976K(8192K), 0.0011230 secs]
36.562: [GC pause (G1 Evacuation Pause) (young) 4048K->913K(8192K), 0.0008057 secs]
36.565: [GC pause (G1 Evacuation Pause) (young) 3985K->976K(8192K), 0.0012528 secs]
36.569: [GC pause (G1 Evacuation Pause) (young) 4048K->913K(8192K), 0.0008007 secs]
36.572: [GC pause (G1 Evacuation Pause) (young) 3985K->976K(8192K), 0.0011907 secs]
36.575: [GC pause (G1 Evacuation Pause) (young) 4048K->913K(8192K), 0.0008662 secs]
36.578: [GC pause (G1 Evacuation Pause) (young) 3985K->976K(8192K), 0.0011258 secs]
36.581: [GC pause (G1 Evacuation Pause) (young) 4048K->913K(8192K), 0.0008068 secs]
36.584: [GC pause (G1 Evacuation Pause) (young) 3985K->976K(8192K), 0.0011285 secs]
36.587: [GC pause (G1 Evacuation Pause) (young) 4048K->913K(8192K), 0.0008205 secs]
36.590: [GC pause (G1 Evacuation Pause) (young) 3985K->976K(8192K), 0.0012490 secs]
36.594: [GC pause (G1 Evacuation Pause) (young) 4048K->913K(8192K), 0.0008266 secs]
36.597: [GC pause (G1 Evacuation Pause) (young) 3985K->976K(8192K), 0.0011296 secs]
36.600: [GC pause (G1 Evacuation Pause) (young) 4048K->913K(8192K), 0.0008073 secs]
36.603: [GC pause (G1 Evacuation Pause) (young) 3985K->976K(8192K), 0.0012787 secs]
36.606: [GC pause (G1 Evacuation Pause) (young) 4048K->913K(8192K), 0.0075784 secs]
36.616: [GC pause (G1 Evacuation Pause) (young) 3985K->976K(8192K), 0.0012187 secs]
36.619: [GC pause (G1 Evacuation Pause) (young) 4048K->913K(8192K), 0.0008205 secs]
36.623: [GC pause (G1 Evacuation Pause) (young) 3985K->976K(8192K), 0.0199954 secs]
36.645: [GC pause (G1 Evacuation Pause) (young) 4048K->913K(8192K), 0.0278009 secs]
36.676: [GC pause (G1 Evacuation Pause) (young) 3985K->976K(8192K), 0.0062783 secs]
36.684: [GC pause (G1 Evacuation Pause) (young) 4048K->913K(8192K), 0.0175354 secs]
36.704: [GC pause (G1 Evacuation Pause) (young) 3985K->976K(8192K), 0.0011566 secs]
36.709: [GC pause (G1 Evacuation Pause) (young) 4048K->913K(8192K), 0.0159009 secs]
36.728: [GC pause (G1 Evacuation Pause) (young) 3985K->976K(8192K), 0.0011555 secs]
36.731: [GC pause (G1 Evacuation Pause) (young) 4048K->913K(8192K), 0.0158723 secs]
36.749: [GC pause (G1 Evacuation Pause) (young) 3985K->976K(8192K), 0.0052417 secs]
36.757: [GC pause (G1 Evacuation Pause) (young) 4048K->913K(8192K), 0.0013276 secs]
36.760: [GC pause (G1 Evacuation Pause) (young) 3985K->976K(8192K), 0.0017296 secs]
36.764: [GC pause (G1 Evacuation Pause) (young) 4048K->913K(8192K), 0.0008145 secs]
36.767: [GC pause (G1 Evacuation Pause) (young) 3985K->976K(8192K), 0.0011219 secs]
36.771: [GC pause (G1 Evacuation Pause) (young) 4048K->913K(8192K), 0.0008211 secs]
36.774: [GC pause (G1 Evacuation Pause) (young) 3985K->976K(8192K), 0.0013837 secs]
36.777: [GC pause (G1 Evacuation Pause) (young) 4048K->913K(8192K), 0.0026634 secs]
36.782: [GC pause (G1 Evacuation Pause) (young) 3985K->976K(8192K), 0.0011428 secs]
36.786: [GC pause (G1 Evacuation Pause) (young) 4048K->913K(8192K), 0.0008343 secs]
36.789: [GC pause (G1 Evacuation Pause) (young) 3985K->976K(8192K), 0.0011406 secs]
36.792: [GC pause (G1 Evacuation Pause) (young) 4048K->913K(8192K), 0.0008222 secs]
36.795: [GC pause (G1 Evacuation Pause) (young) 3985K->976K(8192K), 0.0011384 secs]
36.799: [GC pause (G1 Evacuation Pause) (young) 4048K->913K(8192K), 0.0008090 secs]
36.801: [GC pause (G1 Evacuation Pause) (young) 3985K->976K(8192K), 0.0011104 secs]
36.805: [GC pause (G1 Evacuation Pause) (young) 4048K->913K(8192K), 0.0008068 secs]
36.808: [GC pause (G1 Evacuation Pause) (young) 3985K->976K(8192K), 0.0013441 secs]
36.811: [GC pause (G1 Evacuation Pause) (young) 4048K->913K(8192K), 0.0008288 secs]
36.814: [GC pause (G1 Evacuation Pause) (young) 3985K->976K(8192K), 0.0011302 secs]
36.818: [GC pause (G1 Evacuation Pause) (young) 4048K->913K(8192K), 0.0008293 secs]
36.821: [GC pause (G1 Evacuation Pause) (young) 3985K->976K(8192K), 0.0011291 secs]
36.824: [GC pause (G1 Evacuation Pause) (young) 4048K->913K(8192K), 0.0008541 secs]
36.827: [GC pause (G1 Evacuation Pause) (young) 3985K->976K(8192K), 0.0012149 secs]
36.830: [GC pause (G1 Evacuation Pause) (young) 4048K->913K(8192K), 0.0014970 secs]
36.834: [GC pause (G1 Evacuation Pause) (young) 3985K->976K(8192K), 0.0011918 secs]
36.837: [GC pause (G1 Evacuation Pause) (young) 4048K->913K(8192K), 0.0008167 secs]
36.840: [GC pause (G1 Evacuation Pause) (young) 3985K->976K(8192K), 0.0011483 secs]
36.844: [GC pause (G1 Evacuation Pause) (young) 4048K->913K(8192K), 0.0008123 secs]
36.847: [GC pause (G1 Evacuation Pause) (young) 3985K->976K(8192K), 0.0013930 secs]
36.850: [GC pause (G1 Evacuation Pause) (young) 4048K->913K(8192K), 0.0008216 secs]
36.853: [GC pause (G1 Evacuation Pause) (young) 3985K->976K(8192K), 0.0011307 secs]
36.856: [GC pause (G1 Evacuation Pause) (young) 4048K->913K(8192K), 0.0008563 secs]
36.859: [GC pause (G1 Evacuation Pause) (young) 3985K->976K(8192K), 0.0011687 secs]
36.863: [GC pause (G1 Evacuation Pause) (young) 4048K->913K(8192K), 0.0008150 secs]
36.866: [GC pause (G1 Evacuation Pause) (young) 3985K->976K(8192K), 0.0011280 secs]
36.869: [GC pause (G1 Evacuation Pause) (young) 4048K->913K(8192K), 0.0008013 secs]
36.872: [GC pause (G1 Evacuation Pause) (young) 3985K->976K(8192K), 0.0013298 secs]
36.875: [GC pause (G1 Evacuation Pause) (young) 4048K->913K(8192K), 0.0008150 secs]
36.878: [GC pause (G1 Evacuation Pause) (young) 3985K->976K(8192K), 0.0011439 secs]
36.882: [GC pause (G1 Evacuation Pause) (young) 4048K->913K(8192K), 0.0009701 secs]
36.885: [GC pause (G1 Evacuation Pause) (young) 3985K->976K(8192K), 0.0011362 secs]
36.888: [GC pause (G1 Evacuation Pause) (young) 4048K->913K(8192K), 0.0008172 secs]
36.891: [GC pause (G1 Evacuation Pause) (young) 3985K->976K(8192K), 0.0011434 secs]
36.894: [GC pause (G1 Evacuation Pause) (young) 4048K->913K(8192K), 0.0008161 secs]
36.897: [GC pause (G1 Evacuation Pause) (young) 3985K->976K(8192K), 0.0011208 secs]
36.900: [GC pause (G1 Evacuation Pause) (young) 4048K->913K(8192K), 0.0008073 secs]
36.903: [GC pause (G1 Evacuation Pause) (young) 3985K->976K(8192K), 0.0012831 secs]
36.907: [GC pause (G1 Evacuation Pause) (young) 4048K->913K(8192K), 0.0015058 secs]
36.914: [GC pause (G1 Evacuation Pause) (young) 3985K->976K(8192K), 0.0013160 secs]
36.918: [GC pause (G1 Evacuation Pause) (young) 4048K->913K(8192K), 0.0009091 secs]
36.921: [GC pause (G1 Evacuation Pause) (young) 3985K->976K(8192K), 0.0012248 secs]
36.925: [GC pause (G1 Evacuation Pause) (young) 4048K->913K(8192K), 0.0008557 secs]
36.928: [GC pause (G1 Evacuation Pause) (young) 3985K->976K(8192K), 0.0011896 secs]
36.931: [GC pause (G1 Evacuation Pause) (young) 4048K->913K(8192K), 0.0009256 secs]
36.934: [GC pause (G1 Evacuation Pause) (young) 3985K->976K(8192K), 0.0011489 secs]
36.938: [GC pause (G1 Evacuation Pause) (young) 4048K->913K(8192K), 0.0008172 secs]
36.941: [GC pause (G1 Evacuation Pause) (young) 3985K->976K(8192K), 0.0011263 secs]
36.944: [GC pause (G1 Evacuation Pause) (young) 4048K->913K(8192K), 0.0008667 secs]
36.947: [GC pause (G1 Evacuation Pause) (young) 3985K->976K(8192K), 0.0011357 secs]
36.950: [GC pause (G1 Evacuation Pause) (young) 4048K->913K(8192K), 0.0007985 secs]
36.953: [GC pause (G1 Evacuation Pause) (young) 3985K->976K(8192K), 0.0011373 secs]
36.956: [GC pause (G1 Evacuation Pause) (young) 4048K->913K(8192K), 0.0008106 secs]
36.959: [GC pause (G1 Evacuation Pause) (young) 3985K->976K(8192K), 0.0011313 secs]
36.962: [GC pause (G1 Evacuation Pause) (young) 4048K->913K(8192K), 0.0008090 secs]
36.965: [GC pause (G1 Evacuation Pause) (young) 3985K->976K(8192K), 0.0011368 secs]
36.968: [GC pause (G1 Evacuation Pause) (young) 4048K->913K(8192K), 0.0008046 secs]
36.971: [GC pause (G1 Evacuation Pause) (young) 3985K->976K(8192K), 0.0011340 secs]
36.975: [GC pause (G1 Evacuation Pause) (young) 4048K->913K(8192K), 0.0008233 secs]
36.978: [GC pause (G1 Evacuation Pause) (young) 3985K->976K(8192K), 0.0011225 secs]
36.981: [GC pause (G1 Evacuation Pause) (young) 4048K->913K(8192K), 0.0007991 secs]
36.984: [GC pause (G1 Evacuation Pause) (young) 3985K->976K(8192K), 0.0012281 secs]
36.987: [GC pause (G1 Evacuation Pause) (young) 4048K->913K(8192K), 0.0008579 secs]
36.990: [GC pause (G1 Evacuation Pause) (young) 3985K->976K(8192K), 0.0195637 secs]
37.012: [GC pause (G1 Evacuation Pause) (young) 4048K->913K(8192K), 0.0168051 secs]
37.031: [GC pause (G1 Evacuation Pause) (young) 3985K->976K(8192K), 0.0011544 secs]
37.035: [GC pause (G1 Evacuation Pause) (young) 4048K->913K(8192K), 0.0192023 secs]
37.056: [GC pause (G1 Evacuation Pause) (young) 3985K->976K(8192K), 0.0219114 secs]
37.080: [GC pause (G1 Evacuation Pause) (young) 4048K->913K(8192K), 0.0015316 secs]
37.084: [GC pause (G1 Evacuation Pause) (young) 3985K->976K(8192K), 0.0101924 secs]
37.097: [GC pause (G1 Evacuation Pause) (young) 4048K->913K(8192K), 0.0008486 secs]
37.099: [GC pause (G1 Evacuation Pause) (young) 3985K->976K(8192K), 0.0011236 secs]
37.103: [GC pause (G1 Evacuation Pause) (young) 4048K->913K(8192K), 0.0008090 secs]
37.106: [GC pause (G1 Evacuation Pause) (young) 3985K->976K(8192K), 0.0011769 secs]
37.109: [GC pause (G1 Evacuation Pause) (young) 4048K->913K(8192K), 0.0008172 secs]
37.112: [GC pause (G1 Evacuation Pause) (young) 3985K->976K(8192K), 0.0016499 secs]
37.116: [GC pause (G1 Evacuation Pause) (young) 4048K->913K(8192K), 0.0008706 secs]
37.119: [GC pause (G1 Evacuation Pause) (young) 3985K->976K(8192K), 0.0012182 secs]
37.123: [GC pause (G1 Evacuation Pause) (young) 4048K->913K(8192K), 0.0008266 secs]
37.126: [GC pause (G1 Evacuation Pause) (young) 3985K->976K(8192K), 0.0011577 secs]
37.129: [GC pause (G1 Evacuation Pause) (young) 4048K->913K(8192K), 0.0013611 secs]
37.132: [GC pause (G1 Evacuation Pause) (young) 3985K->976K(8192K), 0.0011390 secs]
37.136: [GC pause (G1 Evacuation Pause) (young) 4048K->913K(8192K), 0.0008068 secs]
37.138: [GC pause (G1 Evacuation Pause) (young) 3985K->976K(8192K), 0.0011263 secs]
37.142: [GC pause (G1 Evacuation Pause) (young) 4048K->913K(8192K), 0.0008018 secs]
37.145: [GC pause (G1 Evacuation Pause) (young) 3985K->976K(8192K), 0.0011131 secs]
37.148: [GC pause (G1 Evacuation Pause) (young) 4048K->913K(8192K), 0.0008304 secs]
37.151: [GC pause (G1 Evacuation Pause) (young) 3985K->976K(8192K), 0.0011599 secs]
37.154: [GC pause (G1 Evacuation Pause) (young) 4048K->913K(8192K), 0.0008172 secs]
37.157: [GC pause (G1 Evacuation Pause) (young) 3985K->976K(8192K), 0.0012215 secs]
37.161: [GC pause (G1 Evacuation Pause) (young) 4048K->913K(8192K), 0.0008106 secs]
37.163: [GC pause (G1 Evacuation Pause) (young) 3985K->976K(8192K), 0.0011197 secs]
37.167: [GC pause (G1 Evacuation Pause) (young) 4048K->913K(8192K), 0.0007963 secs]
37.170: [GC pause (G1 Evacuation Pause) (young) 3985K->976K(8192K), 0.0011868 secs]
37.173: [GC pause (G1 Evacuation Pause) (young) 4048K->913K(8192K), 0.0008029 secs]
37.176: [GC pause (G1 Evacuation Pause) (young) 3985K->976K(8192K), 0.0011819 secs]
37.179: [GC pause (G1 Evacuation Pause) (young) 4048K->913K(8192K), 0.0008216 secs]
37.182: [GC pause (G1 Evacuation Pause) (young) 3985K->976K(8192K), 0.0011285 secs]
37.185: [GC pause (G1 Evacuation Pause) (young) 4048K->913K(8192K), 0.0008101 secs]
37.188: [GC pause (G1 Evacuation Pause) (young) 3985K->976K(8192K), 0.0011384 secs]
37.192: [GC pause (G1 Evacuation Pause) (young) 4048K->913K(8192K), 0.0008189 secs]
37.195: [GC pause (G1 Evacuation Pause) (young) 3985K->976K(8192K), 0.0011313 secs]
37.198: [GC pause (G1 Evacuation Pause) (young) 4048K->913K(8192K), 0.0009800 secs]
37.201: [GC pause (G1 Evacuation Pause) (young) 3985K->976K(8192K), 0.0011219 secs]
37.204: [GC pause (G1 Evacuation Pause) (young) 4048K->913K(8192K), 0.0008007 secs]
37.207: [GC pause (G1 Evacuation Pause) (young) 3985K->976K(8192K), 0.0011241 secs]
37.210: [GC pause (G1 Evacuation Pause) (young) 4048K->913K(8192K), 0.0008134 secs]
37.213: [GC pause (G1 Evacuation Pause) (young) 3985K->976K(8192K), 0.0011241 secs]
37.217: [GC pause (G1 Evacuation Pause) (young) 4048K->913K(8192K), 0.0008128 secs]
37.220: [GC pause (G1 Evacuation Pause) (young) 3985K->976K(8192K), 0.0011318 secs]
37.223: [GC pause (G1 Evacuation Pause) (young) 4048K->913K(8192K), 0.0008018 secs]
37.226: [GC pause (G1 Evacuation Pause) (young) 3985K->976K(8192K), 0.0011384 secs]
37.229: [GC pause (G1 Evacuation Pause) (young) 4048K->913K(8192K), 0.0008194 secs]
37.232: [GC pause (G1 Evacuation Pause) (young) 3985K->976K(8192K), 0.0012275 secs]
37.236: [GC pause (G1 Evacuation Pause) (young) 4048K->913K(8192K), 0.0008271 secs]
37.238: [GC pause (G1 Evacuation Pause) (young) 3985K->976K(8192K), 0.0011247 secs]
37.242: [GC pause (G1 Evacuation Pause) (young) 4048K->913K(8192K), 0.0008057 secs]
37.245: [GC pause (G1 Evacuation Pause) (young) 3985K->976K(8192K), 0.0011291 secs]
37.248: [GC pause (G1 Evacuation Pause) (young) 4048K->913K(8192K), 0.0010103 secs]
37.251: [GC pause (G1 Evacuation Pause) (young) 3985K->976K(8192K), 0.0011384 secs]
37.254: [GC pause (G1 Evacuation Pause) (young) 4048K->913K(8192K), 0.0008222 secs]
37.257: [GC pause (G1 Evacuation Pause) (young) 3985K->976K(8192K), 0.0011115 secs]
37.260: [GC pause (G1 Evacuation Pause) (young) 4048K->913K(8192K), 0.0008024 secs]
37.263: [GC pause (G1 Evacuation Pause) (young) 3985K->976K(8192K), 0.0011197 secs]
37.267: [GC pause (G1 Evacuation Pause) (young) 4048K->913K(8192K), 0.0007996 secs]
37.269: [GC pause (G1 Evacuation Pause) (young) 3985K->976K(8192K), 0.0011164 secs]
37.273: [GC pause (G1 Evacuation Pause) (young) 4048K->913K(8192K), 0.0008079 secs]
37.276: [GC pause (G1 Evacuation Pause) (young) 3985K->976K(8192K), 0.0011373 secs]
37.279: [GC pause (G1 Evacuation Pause) (young) 4048K->913K(8192K), 0.0012913 secs]
37.282: [GC pause (G1 Evacuation Pause) (young) 3985K->976K(8192K), 0.0011461 secs]
37.286: [GC pause (G1 Evacuation Pause) (young) 4048K->913K(8192K), 0.0008211 secs]
37.289: [GC pause (G1 Evacuation Pause) (young) 3985K->976K(8192K), 0.0011852 secs]
37.292: [GC pause (G1 Evacuation Pause) (young) 4048K->913K(8192K), 0.0008227 secs]
37.295: [GC pause (G1 Evacuation Pause) (young) 3985K->976K(8192K), 0.0011439 secs]
37.298: [GC pause (G1 Evacuation Pause) (young) 4048K->913K(8192K), 0.0012237 secs]
37.302: [GC pause (G1 Evacuation Pause) (young) 3985K->976K(8192K), 0.0011329 secs]
37.305: [GC pause (G1 Evacuation Pause) (young) 4048K->913K(8192K), 0.0008029 secs]
37.308: [GC pause (G1 Evacuation Pause) (young) 3985K->976K(8192K), 0.0014299 secs]
37.311: [GC pause (G1 Evacuation Pause) (young) 4048K->913K(8192K), 0.0008645 secs]
37.314: [GC pause (G1 Evacuation Pause) (young) 3985K->976K(8192K), 0.0011170 secs]
37.317: [GC pause (G1 Evacuation Pause) (young) 4048K->913K(8192K), 0.0008134 secs]
37.320: [GC pause (G1 Evacuation Pause) (young) 3985K->976K(8192K), 0.0011175 secs]
37.324: [GC pause (G1 Evacuation Pause) (young) 4048K->913K(8192K), 0.0013925 secs]
37.327: [GC pause (G1 Evacuation Pause) (young) 3985K->976K(8192K), 0.0011461 secs]
37.330: [GC pause (G1 Evacuation Pause) (young) 4048K->913K(8192K), 0.0008029 secs]
37.333: [GC pause (G1 Evacuation Pause) (young) 3985K->976K(8192K), 0.0011610 secs]
37.336: [GC pause (G1 Evacuation Pause) (young) 4048K->913K(8192K), 0.0008497 secs]
37.339: [GC pause (G1 Evacuation Pause) (young) 3985K->976K(8192K), 0.0011258 secs]
37.342: [GC pause (G1 Evacuation Pause) (young) 4048K->913K(8192K), 0.0008200 secs]
37.345: [GC pause (G1 Evacuation Pause) (young) 3985K->976K(8192K), 0.0011263 secs]
37.349: [GC pause (G1 Evacuation Pause) (young) 4048K->913K(8192K), 0.0008541 secs]
37.352: [GC pause (G1 Evacuation Pause) (young) 3985K->976K(8192K), 0.0011681 secs]
37.355: [GC pause (G1 Evacuation Pause) (young) 4048K->913K(8192K), 0.0008134 secs]
37.358: [GC pause (G1 Evacuation Pause) (young) 3985K->976K(8192K), 0.0011329 secs]
37.361: [GC pause (G1 Evacuation Pause) (young) 4048K->913K(8192K), 0.0009707 secs]
37.364: [GC pause (G1 Evacuation Pause) (young) 3985K->976K(8192K), 0.0011175 secs]
37.367: [GC pause (G1 Evacuation Pause) (young) 4048K->913K(8192K), 0.0008002 secs]
37.370: [GC pause (G1 Evacuation Pause) (young) 3985K->976K(8192K), 0.0011274 secs]
37.373: [GC pause (G1 Evacuation Pause) (young) 4048K->913K(8192K), 0.0008436 secs]
37.376: [GC pause (G1 Evacuation Pause) (young) 3985K->976K(8192K), 0.0011291 secs]
37.380: [GC pause (G1 Evacuation Pause) (young) 4048K->913K(8192K), 0.0008200 secs]
37.383: [GC pause (G1 Evacuation Pause) (young) 3985K->976K(8192K), 0.0011274 secs]
37.386: [GC pause (G1 Evacuation Pause) (young) 4048K->913K(8192K), 0.0008156 secs]
37.389: [GC pause (G1 Evacuation Pause) (young) 3985K->976K(8192K), 0.0011346 secs]
37.392: [GC pause (G1 Evacuation Pause) (young) 4048K->913K(8192K), 0.0008068 secs]
37.395: [GC pause (G1 Evacuation Pause) (young) 3985K->976K(8192K), 0.0011346 secs]
37.398: [GC pause (G1 Evacuation Pause) (young) 4048K->913K(8192K), 0.0008095 secs]
37.401: [GC pause (G1 Evacuation Pause) (young) 3985K->976K(8192K), 0.0012649 secs]
37.405: [GC pause (G1 Evacuation Pause) (young) 4048K->913K(8192K), 0.0008189 secs]
37.407: [GC pause (G1 Evacuation Pause) (young) 3985K->976K(8192K), 0.0011599 secs]
37.411: [GC pause (G1 Evacuation Pause) (young) 4048K->913K(8192K), 0.0008090 secs]
37.414: [GC pause (G1 Evacuation Pause) (young) 3985K->976K(8192K), 0.0011164 secs]
37.417: [GC pause (G1 Evacuation Pause) (young) 4048K->913K(8192K), 0.0007996 secs]
37.420: [GC pause (G1 Evacuation Pause) (young) 3985K->976K(8192K), 0.0011676 secs]
37.423: [GC pause (G1 Evacuation Pause) (young) 4048K->913K(8192K), 0.0008035 secs]
37.426: [GC pause (G1 Evacuation Pause) (young) 3985K->976K(8192K), 0.0012121 secs]
37.429: [GC pause (G1 Evacuation Pause) (young) 4048K->913K(8192K), 0.0008178 secs]
37.432: [GC pause (G1 Evacuation Pause) (young) 3985K->976K(8192K), 0.0013606 secs]
37.436: [GC pause (G1 Evacuation Pause) (young) 4048K->913K(8192K), 0.0008112 secs]
37.439: [GC pause (G1 Evacuation Pause) (young) 3985K->976K(8192K), 0.0012292 secs]
37.442: [GC pause (G1 Evacuation Pause) (young) 4048K->913K(8192K), 0.0008084 secs]
37.445: [GC pause (G1 Evacuation Pause) (young) 3985K->976K(8192K), 0.0011302 secs]
37.448: [GC pause (G1 Evacuation Pause) (young) 4048K->913K(8192K), 0.0007991 secs]
37.451: [GC pause (G1 Evacuation Pause) (young) 3985K->976K(8192K), 0.0011329 secs]
37.454: [GC pause (G1 Evacuation Pause) (young) 4048K->913K(8192K), 0.0008464 secs]
37.457: [GC pause (G1 Evacuation Pause) (young) 3985K->976K(8192K), 0.0011571 secs]
37.460: [GC pause (G1 Evacuation Pause) (young) 4048K->913K(8192K), 0.0008046 secs]
37.463: [GC pause (G1 Evacuation Pause) (young) 3985K->976K(8192K), 0.0012347 secs]
37.466: [GC pause (G1 Evacuation Pause) (young) 4048K->913K(8192K), 0.0008024 secs]
37.469: [GC pause (G1 Evacuation Pause) (young) 3985K->976K(8192K), 0.0011252 secs]
37.473: [GC pause (G1 Evacuation Pause) (young) 4048K->913K(8192K), 0.0008227 secs]
37.476: [GC pause (G1 Evacuation Pause) (young) 3985K->976K(8192K), 0.0011362 secs]
37.479: [GC pause (G1 Evacuation Pause) (young) 4048K->913K(8192K), 0.0008068 secs]
37.482: [GC pause (G1 Evacuation Pause) (young) 3985K->976K(8192K), 0.0011676 secs]
37.485: [GC pause (G1 Evacuation Pause) (young) 4048K->913K(8192K), 0.0008035 secs]
37.488: [GC pause (G1 Evacuation Pause) (young) 3985K->976K(8192K), 0.0011186 secs]
37.491: [GC pause (G1 Evacuation Pause) (young) 4048K->913K(8192K), 0.0008051 secs]
37.494: [GC pause (G1 Evacuation Pause) (young) 3985K->976K(8192K), 0.0011093 secs]
37.497: [GC pause (G1 Evacuation Pause) (young) 4048K->913K(8192K), 0.0008299 secs]
37.500: [GC pause (G1 Evacuation Pause) (young) 3985K->976K(8192K), 0.0011896 secs]
37.503: [GC pause (G1 Evacuation Pause) (young) 4048K->913K(8192K), 0.0010862 secs]
37.507: [GC pause (G1 Evacuation Pause) (young) 3985K->976K(8192K), 0.0012099 secs]
37.510: [GC pause (G1 Evacuation Pause) (young) 4048K->913K(8192K), 0.0008535 secs]
37.513: [GC pause (G1 Evacuation Pause) (young) 3985K->976K(8192K), 0.0011296 secs]
37.516: [GC pause (G1 Evacuation Pause) (young) 4048K->913K(8192K), 0.0008167 secs]
37.519: [GC pause (G1 Evacuation Pause) (young) 3985K->976K(8192K), 0.0011285 secs]
37.522: [GC pause (G1 Evacuation Pause) (young) 4048K->913K(8192K), 0.0008359 secs]
37.525: [GC pause (G1 Evacuation Pause) (young) 3985K->976K(8192K), 0.0011373 secs]
37.528: [GC pause (G1 Evacuation Pause) (young) 4048K->913K(8192K), 0.0008084 secs]
37.531: [GC pause (G1 Evacuation Pause) (young) 3985K->976K(8192K), 0.0011626 secs]
37.535: [GC pause (G1 Evacuation Pause) (young) 4048K->913K(8192K), 0.0008205 secs]
37.538: [GC pause (G1 Evacuation Pause) (young) 3985K->976K(8192K), 0.0011313 secs]
37.541: [GC pause (G1 Evacuation Pause) (young) 4048K->913K(8192K), 0.0008997 secs]
37.544: [GC pause (G1 Evacuation Pause) (young) 3985K->976K(8192K), 0.0011280 secs]
37.547: [GC pause (G1 Evacuation Pause) (young) 4048K->913K(8192K), 0.0008205 secs]
37.550: [GC pause (G1 Evacuation Pause) (young) 3985K->976K(8192K), 0.0011241 secs]
37.553: [GC pause (G1 Evacuation Pause) (young) 4048K->913K(8192K), 0.0023071 secs]
37.558: [GC pause (G1 Evacuation Pause) (young) 3985K->976K(8192K), 0.0012033 secs]
37.561: [GC pause (G1 Evacuation Pause) (young) 4048K->913K(8192K), 0.0008101 secs]
37.564: [GC pause (G1 Evacuation Pause) (young) 3985K->976K(8192K), 0.0011819 secs]
37.567: [GC pause (G1 Evacuation Pause) (young) 4048K->913K(8192K), 0.0008117 secs]
37.570: [GC pause (G1 Evacuation Pause) (young) 3985K->976K(8192K), 0.0011450 secs]
37.573: [GC pause (G1 Evacuation Pause) (young) 4048K->913K(8192K), 0.0008046 secs]
37.576: [GC pause (G1 Evacuation Pause) (young) 3985K->976K(8192K), 0.0011599 secs]
37.579: [GC pause (G1 Evacuation Pause) (young) 4048K->913K(8192K), 0.0008068 secs]
37.582: [GC pause (G1 Evacuation Pause) (young) 3985K->976K(8192K), 0.0011203 secs]
37.586: [GC pause (G1 Evacuation Pause) (young) 4048K->913K(8192K), 0.0008057 secs]
37.588: [GC pause (G1 Evacuation Pause) (young) 3985K->976K(8192K), 0.0011280 secs]
37.592: [GC pause (G1 Evacuation Pause) (young) 4048K->913K(8192K), 0.0008167 secs]
37.595: [GC pause (G1 Evacuation Pause) (young) 3985K->976K(8192K), 0.0011373 secs]
37.598: [GC pause (G1 Evacuation Pause) (young) 4048K->913K(8192K), 0.0008145 secs]
37.601: [GC pause (G1 Evacuation Pause) (young) 3985K->976K(8192K), 0.0011236 secs]
37.604: [GC pause (G1 Evacuation Pause) (young) 4048K->913K(8192K), 0.0008172 secs]
37.607: [GC pause (G1 Evacuation Pause) (young) 3985K->976K(8192K), 0.0011505 secs]
37.610: [GC pause (G1 Evacuation Pause) (young) 4048K->913K(8192K), 0.0008139 secs]
37.613: [GC pause (G1 Evacuation Pause) (young) 3985K->976K(8192K), 0.0011208 secs]
37.617: [GC pause (G1 Evacuation Pause) (young) 4048K->913K(8192K), 0.0008282 secs]
37.619: [GC pause (G1 Evacuation Pause) (young) 3985K->976K(8192K), 0.0011214 secs]
37.623: [GC pause (G1 Evacuation Pause) (young) 4048K->913K(8192K), 0.0008178 secs]
37.626: [GC pause (G1 Evacuation Pause) (young) 3985K->976K(8192K), 0.0011214 secs]
37.629: [GC pause (G1 Evacuation Pause) (young) 4048K->913K(8192K), 0.0008101 secs]
37.632: [GC pause (G1 Evacuation Pause) (young) 3985K->976K(8192K), 0.0011758 secs]
37.635: [GC pause (G1 Evacuation Pause) (young) 4048K->913K(8192K), 0.0008123 secs]
37.638: [GC pause (G1 Evacuation Pause) (young) 3985K->976K(8192K), 0.0011181 secs]
37.641: [GC pause (G1 Evacuation Pause) (young) 4048K->913K(8192K), 0.0008073 secs]
37.644: [GC pause (G1 Evacuation Pause) (young) 3985K->976K(8192K), 0.0011197 secs]
37.647: [GC pause (G1 Evacuation Pause) (young) 4048K->913K(8192K), 0.0008090 secs]
37.650: [GC pause (G1 Evacuation Pause) (young) 3985K->976K(8192K), 0.0011291 secs]
37.653: [GC pause (G1 Evacuation Pause) (young) 4048K->913K(8192K), 0.0008051 secs]
37.656: [GC pause (G1 Evacuation Pause) (young) 3985K->976K(8192K), 0.0014953 secs]
37.660: [GC pause (G1 Evacuation Pause) (young) 4048K->913K(8192K), 0.0008260 secs]
37.663: [GC pause (G1 Evacuation Pause) (young) 3985K->976K(8192K), 0.0011318 secs]
37.666: [GC pause (G1 Evacuation Pause) (young) 4048K->913K(8192K), 0.0008332 secs]
37.669: [GC pause (G1 Evacuation Pause) (young) 3985K->976K(8192K), 0.0011731 secs]
37.672: [GC pause (G1 Evacuation Pause) (young) 4048K->913K(8192K), 0.0008095 secs]
37.675: [GC pause (G1 Evacuation Pause) (young) 3985K->976K(8192K), 0.0011225 secs]
37.679: [GC pause (G1 Evacuation Pause) (young) 4048K->913K(8192K), 0.0008051 secs]
37.681: [GC pause (G1 Evacuation Pause) (young) 3985K->976K(8192K), 0.0011203 secs]
37.685: [GC pause (G1 Evacuation Pause) (young) 4048K->913K(8192K), 0.0008711 secs]
37.688: [GC pause (G1 Evacuation Pause) (young) 3985K->976K(8192K), 0.0011104 secs]
37.691: [GC pause (G1 Evacuation Pause) (young) 4048K->913K(8192K), 0.0008310 secs]
37.694: [GC pause (G1 Evacuation Pause) (young) 3985K->976K(8192K), 0.0011637 secs]
37.697: [GC pause (G1 Evacuation Pause) (young) 4048K->913K(8192K), 0.0008145 secs]
37.700: [GC pause (G1 Evacuation Pause) (young) 3985K->976K(8192K), 0.0011137 secs]
37.703: [GC pause (G1 Evacuation Pause) (young) 4048K->913K(8192K), 0.0008035 secs]
37.706: [GC pause (G1 Evacuation Pause) (young) 3985K->976K(8192K), 0.0018550 secs]
37.710: [GC pause (G1 Evacuation Pause) (young) 4048K->913K(8192K), 0.0008282 secs]
37.713: [GC pause (G1 Evacuation Pause) (young) 3985K->976K(8192K), 0.0011835 secs]
37.717: [GC pause (G1 Evacuation Pause) (young) 4048K->913K(8192K), 0.0008249 secs]
37.720: [GC pause (G1 Evacuation Pause) (young) 3985K->976K(8192K), 0.0011170 secs]
37.723: [GC pause (G1 Evacuation Pause) (young) 4048K->913K(8192K), 0.0008260 secs]
37.726: [GC pause (G1 Evacuation Pause) (young) 3985K->976K(8192K), 0.0011428 secs]
37.729: [GC pause (G1 Evacuation Pause) (young) 4048K->913K(8192K), 0.0008106 secs]
37.732: [GC pause (G1 Evacuation Pause) (young) 3985K->976K(8192K), 0.0011291 secs]
37.735: [GC pause (G1 Evacuation Pause) (young) 4048K->913K(8192K), 0.0008321 secs]
37.738: [GC pause (G1 Evacuation Pause) (young) 3985K->976K(8192K), 0.0011428 secs]
37.741: [GC pause (G1 Evacuation Pause) (young) 4048K->913K(8192K), 0.0008216 secs]
37.744: [GC pause (G1 Evacuation Pause) (young) 3985K->976K(8192K), 0.0012930 secs]
37.747: [GC pause (G1 Evacuation Pause) (young) 4048K->913K(8192K), 0.0008024 secs]
37.750: [GC pause (G1 Evacuation Pause) (young) 3985K->976K(8192K), 0.0011307 secs]
37.754: [GC pause (G1 Evacuation Pause) (young) 4048K->913K(8192K), 0.0061843 secs]
37.763: [GC pause (G1 Evacuation Pause) (young) 3985K->976K(8192K), 0.0011632 secs]
37.766: [GC pause (G1 Evacuation Pause) (young) 4048K->913K(8192K), 0.0349267 secs]
37.804: [GC pause (G1 Evacuation Pause) (young) 3985K->976K(8192K), 0.0380104 secs]
37.845: [GC pause (G1 Evacuation Pause) (young) 4048K->913K(8192K), 0.0136802 secs]
37.861: [GC pause (G1 Evacuation Pause) (young) 3985K->976K(8192K), 0.0011538 secs]
37.865: [GC pause (G1 Evacuation Pause) (young) 4048K->913K(8192K), 0.0008194 secs]
37.867: [GC pause (G1 Evacuation Pause) (young) 3985K->976K(8192K), 0.0011285 secs]
37.871: [GC pause (G1 Evacuation Pause) (young) 4048K->913K(8192K), 0.0013468 secs]
37.874: [GC pause (G1 Evacuation Pause) (young) 3985K->1003K(8192K), 0.0013023 secs]
37.878: [GC pause (G1 Evacuation Pause) (young) 4075K->913K(8192K), 0.0008238 secs]
37.881: [GC pause (G1 Evacuation Pause) (young) 3985K->976K(8192K), 0.0011544 secs]
37.884: [GC pause (G1 Evacuation Pause) (young) 4048K->913K(8192K), 0.0008090 secs]
37.887: [GC pause (G1 Evacuation Pause) (young) 3985K->976K(8192K), 0.0015938 secs]
37.890: [GC pause (G1 Evacuation Pause) (young) 4048K->913K(8192K), 0.0009052 secs]
37.894: [GC pause (G1 Evacuation Pause) (young) 3985K->976K(8192K), 0.0011467 secs]
37.897: [GC pause (G1 Evacuation Pause) (young) 4048K->913K(8192K), 0.0008266 secs]
37.900: [GC pause (G1 Evacuation Pause) (young) 3985K->976K(8192K), 0.0011544 secs]
37.904: [GC pause (G1 Evacuation Pause) (young) 4048K->913K(8192K), 0.0009272 secs]
37.907: [GC pause (G1 Evacuation Pause) (young) 3985K->976K(8192K), 0.0016037 secs]
37.910: [GC pause (G1 Evacuation Pause) (young) 4048K->913K(8192K), 0.0008233 secs]
37.913: [GC pause (G1 Evacuation Pause) (young) 3985K->976K(8192K), 0.0011549 secs]
37.917: [GC pause (G1 Evacuation Pause) (young) 4048K->913K(8192K), 0.0014535 secs]
37.920: [GC pause (G1 Evacuation Pause) (young) 3985K->976K(8192K), 0.0011417 secs]
37.923: [GC pause (G1 Evacuation Pause) (young) 4048K->913K(8192K), 0.0009327 secs]
37.927: [GC pause (G1 Evacuation Pause) (young) 3985K->976K(8192K), 0.0011313 secs]
37.930: [GC pause (G1 Evacuation Pause) (young) 4048K->913K(8192K), 0.0008365 secs]
37.933: [GC pause (G1 Evacuation Pause) (young) 3985K->976K(8192K), 0.0017027 secs]
37.937: [GC pause (G1 Evacuation Pause) (young) 4048K->913K(8192K), 0.0008326 secs]
37.940: [GC pause (G1 Evacuation Pause) (young) 3985K->976K(8192K), 0.0011274 secs]
37.943: [GC pause (G1 Evacuation Pause) (young) 4048K->913K(8192K), 0.0008189 secs]
37.946: [GC pause (G1 Evacuation Pause) (young) 3985K->976K(8192K), 0.0011175 secs]
37.949: [GC pause (G1 Evacuation Pause) (young) 4048K->913K(8192K), 0.0009487 secs]
37.952: [GC pause (G1 Evacuation Pause) (young) 3985K->976K(8192K), 0.0011351 secs]
37.956: [GC pause (G1 Evacuation Pause) (young) 4048K->913K(8192K), 0.0008073 secs]
37.959: [GC pause (G1 Evacuation Pause) (young) 3985K->976K(8192K), 0.0012017 secs]
37.962: [GC pause (G1 Evacuation Pause) (young) 4048K->913K(8192K), 0.0008156 secs]
37.965: [GC pause (G1 Evacuation Pause) (young) 3985K->976K(8192K), 0.0015261 secs]
37.968: [GC pause (G1 Evacuation Pause) (young) 4048K->913K(8192K), 0.0008205 secs]
37.971: [GC pause (G1 Evacuation Pause) (young) 3985K->976K(8192K), 0.0011203 secs]
37.975: [GC pause (G1 Evacuation Pause) (young) 4048K->913K(8192K), 0.0008321 secs]
37.978: [GC pause (G1 Evacuation Pause) (young) 3985K->976K(8192K), 0.0011181 secs]
37.981: [GC pause (G1 Evacuation Pause) (young) 4048K->913K(8192K), 0.0012094 secs]
37.984: [GC pause (G1 Evacuation Pause) (young) 3985K->976K(8192K), 0.0011808 secs]
37.987: [GC pause (G1 Evacuation Pause) (young) 4048K->913K(8192K), 0.0008090 secs]
37.990: [GC pause (G1 Evacuation Pause) (young) 3985K->976K(8192K), 0.0011417 secs]
37.994: [GC pause (G1 Evacuation Pause) (young) 4048K->913K(8192K), 0.0008062 secs]
37.997: [GC pause (G1 Evacuation Pause) (young) 3985K->976K(8192K), 0.0011423 secs]
38.000: [GC pause (G1 Evacuation Pause) (young) 4048K->913K(8192K), 0.0008029 secs]
38.003: [GC pause (G1 Evacuation Pause) (young) 3985K->976K(8192K), 0.0015327 secs]
38.006: [GC pause (G1 Evacuation Pause) (young) 4048K->913K(8192K), 0.0008172 secs]
38.009: [GC pause (G1 Evacuation Pause) (young) 3985K->976K(8192K), 0.0011368 secs]
38.013: [GC pause (G1 Evacuation Pause) (young) 4048K->913K(8192K), 0.0008123 secs]
38.016: [GC pause (G1 Evacuation Pause) (young) 3985K->976K(8192K), 0.0011307 secs]
38.019: [GC pause (G1 Evacuation Pause) (young) 4048K->913K(8192K), 0.0011632 secs]
38.022: [GC pause (G1 Evacuation Pause) (young) 3985K->976K(8192K), 0.0011208 secs]
38.025: [GC pause (G1 Evacuation Pause) (young) 4048K->913K(8192K), 0.0008046 secs]
38.028: [GC pause (G1 Evacuation Pause) (young) 3985K->976K(8192K), 0.0011307 secs]
38.031: [GC pause (G1 Evacuation Pause) (young) 4048K->913K(8192K), 0.0009432 secs]
38.034: [GC pause (G1 Evacuation Pause) (young) 3985K->976K(8192K), 0.0015223 secs]
38.038: [GC pause (G1 Evacuation Pause) (young) 4048K->913K(8192K), 0.0008161 secs]
38.041: [GC pause (G1 Evacuation Pause) (young) 3985K->976K(8192K), 0.0011241 secs]
38.044: [GC pause (G1 Evacuation Pause) (young) 4048K->913K(8192K), 0.0008095 secs]
38.047: [GC pause (G1 Evacuation Pause) (young) 3985K->976K(8192K), 0.0011175 secs]
38.050: [GC pause (G1 Evacuation Pause) (young) 4048K->913K(8192K), 0.0015173 secs]
38.054: [GC pause (G1 Evacuation Pause) (young) 3985K->976K(8192K), 0.0011549 secs]
38.058: [GC pause (G1 Evacuation Pause) (young) 4048K->913K(8192K), 0.0010015 secs]
38.061: [GC pause (G1 Evacuation Pause) (young) 3985K->976K(8192K), 0.0011373 secs]
38.064: [GC pause (G1 Evacuation Pause) (young) 4048K->913K(8192K), 0.0008007 secs]
38.067: [GC pause (G1 Evacuation Pause) (young) 3985K->976K(8192K), 0.0011208 secs]
38.070: [GC pause (G1 Evacuation Pause) (young) 4048K->913K(8192K), 0.0008007 secs]
38.073: [GC pause (G1 Evacuation Pause) (young) 3985K->976K(8192K), 0.0019315 secs]
38.077: [GC pause (G1 Evacuation Pause) (young) 4048K->913K(8192K), 0.0008183 secs]
38.080: [GC pause (G1 Evacuation Pause) (young) 3985K->976K(8192K), 0.0011450 secs]
38.083: [GC pause (G1 Evacuation Pause) (young) 4048K->913K(8192K), 0.0008249 secs]
38.086: [GC pause (G1 Evacuation Pause) (young) 3985K->976K(8192K), 0.0011555 secs]
38.089: [GC pause (G1 Evacuation Pause) (young) 4048K->913K(8192K), 0.0009619 secs]
38.092: [GC pause (G1 Evacuation Pause) (young) 3985K->976K(8192K), 0.0011219 secs]
38.096: [GC pause (G1 Evacuation Pause) (young) 4048K->913K(8192K), 0.0008150 secs]
38.099: [GC pause (G1 Evacuation Pause) (young) 3985K->976K(8192K), 0.0011153 secs]
38.102: [GC pause (G1 Evacuation Pause) (young) 4048K->913K(8192K), 0.0008046 secs]
38.105: [GC pause (G1 Evacuation Pause) (young) 3985K->976K(8192K), 0.0011714 secs]
38.108: [GC pause (G1 Evacuation Pause) (young) 4048K->913K(8192K), 0.0008926 secs]
38.111: [GC pause (G1 Evacuation Pause) (young) 3985K->976K(8192K), 0.0011450 secs]
38.114: [GC pause (G1 Evacuation Pause) (young) 4048K->913K(8192K), 0.0008211 secs]
38.117: [GC pause (G1 Evacuation Pause) (young) 3985K->976K(8192K), 0.0011610 secs]
38.121: [GC pause (G1 Evacuation Pause) (young) 4048K->913K(8192K), 0.0008343 secs]
38.124: [GC pause (G1 Evacuation Pause) (young) 3985K->976K(8192K), 0.0012044 secs]
38.127: [GC pause (G1 Evacuation Pause) (young) 4048K->913K(8192K), 0.0008161 secs]
38.130: [GC pause (G1 Evacuation Pause) (young) 3985K->976K(8192K), 0.0011236 secs]
38.133: [GC pause (G1 Evacuation Pause) (young) 4048K->975K(8192K), 0.0012275 secs]
38.136: [GC pause (G1 Evacuation Pause) (young) 4047K->998K(8192K), 0.0011368 secs]
38.140: [GC pause (G1 Evacuation Pause) (young) 4070K->911K(8192K), 0.0008145 secs]
38.143: [GC pause (G1 Evacuation Pause) (young) 3983K->974K(8192K), 0.0011329 secs]
38.146: [GC pause (G1 Evacuation Pause) (young) 4046K->913K(8192K), 0.0009459 secs]
38.149: [GC pause (G1 Evacuation Pause) (young) 3985K->976K(8192K), 0.0011203 secs]
38.152: [GC pause (G1 Evacuation Pause) (young) 4048K->913K(8192K), 0.0008051 secs]
38.155: [GC pause (G1 Evacuation Pause) (young) 3985K->976K(8192K), 0.0011351 secs]
38.158: [GC pause (G1 Evacuation Pause) (young) 4048K->913K(8192K), 0.0008288 secs]
38.161: [GC pause (G1 Evacuation Pause) (young) 3985K->976K(8192K), 0.0011637 secs]
38.164: [GC pause (G1 Evacuation Pause) (young) 4048K->913K(8192K), 0.0007919 secs]
38.167: [GC pause (G1 Evacuation Pause) (young) 3985K->976K(8192K), 0.0011324 secs]
38.170: [GC pause (G1 Evacuation Pause) (young) 4048K->913K(8192K), 0.0007969 secs]
38.173: [GC pause (G1 Evacuation Pause) (young) 3985K->976K(8192K), 0.0011918 secs]
38.177: [GC pause (G1 Evacuation Pause) (young) 4048K->913K(8192K), 0.0008645 secs]
38.180: [GC pause (G1 Evacuation Pause) (young) 3985K->976K(8192K), 0.0011929 secs]
38.183: [GC pause (G1 Evacuation Pause) (young) 4048K->913K(8192K), 0.0062266 secs]
38.192: [GC pause (G1 Evacuation Pause) (young) 3985K->976K(8192K), 0.0012121 secs]
38.195: [GC pause (G1 Evacuation Pause) (young) 4048K->913K(8192K), 0.0195169 secs]
38.217: [GC pause (G1 Evacuation Pause) (young) 3985K->1003K(8192K), 0.0020607 secs]
38.221: [GC pause (G1 Evacuation Pause) (young) 4075K->913K(8192K), 0.0008299 secs]
38.225: [GC pause (G1 Evacuation Pause) (young) 3985K->976K(8192K), 0.0155204 secs]
38.243: [GC pause (G1 Evacuation Pause) (young) 4048K->913K(8192K), 0.0008475 secs]
38.246: [GC pause (G1 Evacuation Pause) (young) 3985K->976K(8192K), 0.0167528 secs]
38.265: [GC pause (G1 Evacuation Pause) (young) 4048K->913K(8192K), 0.0008425 secs]
38.268: [GC pause (G1 Evacuation Pause) (young) 3985K->976K(8192K), 0.0011390 secs]
38.271: [GC pause (G1 Evacuation Pause) (young) 4048K->913K(8192K), 0.0107143 secs]
38.284: [GC pause (G1 Evacuation Pause) (young) 3985K->976K(8192K), 0.0011461 secs]
38.287: [GC pause (G1 Evacuation Pause) (young) 4048K->913K(8192K), 0.0070763 secs]
38.297: [GC pause (G1 Evacuation Pause) (young) 3985K->976K(8192K), 0.0012165 secs]
38.300: [GC pause (G1 Evacuation Pause) (young) 4048K->913K(8192K), 0.0008167 secs]
38.303: [GC pause (G1 Evacuation Pause) (young) 3985K->976K(8192K), 0.0072831 secs]
38.313: [GC pause (G1 Evacuation Pause) (young) 4048K->913K(8192K), 0.0008898 secs]
38.316: [GC pause (G1 Evacuation Pause) (young) 3985K->976K(8192K), 0.0052406 secs]
38.323: [GC pause (G1 Evacuation Pause) (young) 4048K->913K(8192K), 0.0009349 secs]
38.327: [GC pause (G1 Evacuation Pause) (young) 3985K->976K(8192K), 0.0011406 secs]
38.330: [GC pause (G1 Evacuation Pause) (young) 4048K->913K(8192K), 0.0012308 secs]
38.334: [GC pause (G1 Evacuation Pause) (young) 3985K->976K(8192K), 0.0061172 secs]
38.342: [GC pause (G1 Evacuation Pause) (young) 4048K->913K(8192K), 0.0008574 secs]
38.346: [GC pause (G1 Evacuation Pause) (young) 3985K->976K(8192K), 0.0013952 secs]
38.349: [GC pause (G1 Evacuation Pause) (young) 4048K->913K(8192K), 0.0065396 secs]
38.358: [GC pause (G1 Evacuation Pause) (young) 3985K->976K(8192K), 0.0013809 secs]
38.362: [GC pause (G1 Evacuation Pause) (young) 4048K->913K(8192K), 0.0008145 secs]
38.365: [GC pause (G1 Evacuation Pause) (young) 3985K->976K(8192K), 0.0011280 secs]
38.368: [GC pause (G1 Evacuation Pause) (young) 4048K->913K(8192K), 0.0008150 secs]
38.371: [GC pause (G1 Evacuation Pause) (young) 3985K->1003K(8192K), 0.0013369 secs]
38.375: [GC pause (G1 Evacuation Pause) (young) 4075K->913K(8192K), 0.0012710 secs]
38.378: [GC pause (G1 Evacuation Pause) (young) 3985K->976K(8192K), 0.0028213 secs]
38.383: [GC pause (G1 Evacuation Pause) (young) 4048K->913K(8192K), 0.0008200 secs]
38.386: [GC pause (G1 Evacuation Pause) (young) 3985K->976K(8192K), 0.0011566 secs]
38.389: [GC pause (G1 Evacuation Pause) (young) 4048K->913K(8192K), 0.0008123 secs]
38.393: [GC pause (G1 Evacuation Pause) (young) 3985K->976K(8192K), 0.0093377 secs]
38.404: [GC pause (G1 Evacuation Pause) (young) 4048K->913K(8192K), 0.0008260 secs]
38.407: [GC pause (G1 Evacuation Pause) (young) 3985K->976K(8192K), 0.0017555 secs]
38.411: [GC pause (G1 Evacuation Pause) (young) 4048K->913K(8192K), 0.0008134 secs]
38.414: [GC pause (G1 Evacuation Pause) (young) 3985K->976K(8192K), 0.0011241 secs]
38.417: [GC pause (G1 Evacuation Pause) (young) 4048K->913K(8192K), 0.0012831 secs]
38.421: [GC pause (G1 Evacuation Pause) (young) 3985K->976K(8192K), 0.0011291 secs]
38.424: [GC pause (G1 Evacuation Pause) (young) 4048K->913K(8192K), 0.0010680 secs]
38.427: [GC pause (G1 Evacuation Pause) (young) 3985K->976K(8192K), 0.0011439 secs]
38.430: [GC pause (G1 Evacuation Pause) (young) 4048K->913K(8192K), 0.0008167 secs]
38.433: [GC pause (G1 Evacuation Pause) (young) 3985K->976K(8192K), 0.0011280 secs]
38.436: [GC pause (G1 Evacuation Pause) (young) 4048K->913K(8192K), 0.0008018 secs]
38.439: [GC pause (G1 Evacuation Pause) (young) 3985K->976K(8192K), 0.0011137 secs]
38.442: [GC pause (G1 Evacuation Pause) (young) 4048K->913K(8192K), 0.0008084 secs]
38.445: [GC pause (G1 Evacuation Pause) (young) 3985K->976K(8192K), 0.0011813 secs]
38.449: [GC pause (G1 Evacuation Pause) (young) 4048K->913K(8192K), 0.0014821 secs]
38.452: [GC pause (G1 Evacuation Pause) (young) 3985K->976K(8192K), 0.0011401 secs]
38.456: [GC pause (G1 Evacuation Pause) (young) 4048K->913K(8192K), 0.0008860 secs]
38.459: [GC pause (G1 Evacuation Pause) (young) 3985K->976K(8192K), 0.0011395 secs]
38.462: [GC pause (G1 Evacuation Pause) (young) 4048K->913K(8192K), 0.0008651 secs]
38.465: [GC pause (G1 Evacuation Pause) (young) 3985K->976K(8192K), 0.0011813 secs]
38.468: [GC pause (G1 Evacuation Pause) (young) 4048K->913K(8192K), 0.0008266 secs]
38.471: [GC pause (G1 Evacuation Pause) (young) 3985K->976K(8192K), 0.0011346 secs]
38.474: [GC pause (G1 Evacuation Pause) (young) 4048K->913K(8192K), 0.0010059 secs]
38.477: [GC pause (G1 Evacuation Pause) (young) 3985K->976K(8192K), 0.0011423 secs]
38.481: [GC pause (G1 Evacuation Pause) (young) 4048K->913K(8192K), 0.0008299 secs]
38.484: [GC pause (G1 Evacuation Pause) (young) 3985K->976K(8192K), 0.0011340 secs]
38.487: [GC pause (G1 Evacuation Pause) (young) 4048K->913K(8192K), 0.0008244 secs]
38.490: [GC pause (G1 Evacuation Pause) (young) 3985K->976K(8192K), 0.0011082 secs]
38.493: [GC pause (G1 Evacuation Pause) (young) 4048K->913K(8192K), 0.0008062 secs]
38.496: [GC pause (G1 Evacuation Pause) (young) 3985K->976K(8192K), 0.0011175 secs]
38.499: [GC pause (G1 Evacuation Pause) (young) 4048K->913K(8192K), 0.0008062 secs]
38.502: [GC pause (G1 Evacuation Pause) (young) 3985K->976K(8192K), 0.0011186 secs]
38.505: [GC pause (G1 Evacuation Pause) (young) 4048K->913K(8192K), 0.0009388 secs]
38.508: [GC pause (G1 Evacuation Pause) (young) 3985K->976K(8192K), 0.0012391 secs]
38.511: [GC pause (G1 Evacuation Pause) (young) 4048K->913K(8192K), 0.0008172 secs]
38.514: [GC pause (G1 Evacuation Pause) (young) 3985K->976K(8192K), 0.0011351 secs]
38.518: [GC pause (G1 Evacuation Pause) (young) 4048K->913K(8192K), 0.0008222 secs]
38.521: [GC pause (G1 Evacuation Pause) (young) 3985K->976K(8192K), 0.0011247 secs]
38.524: [GC pause (G1 Evacuation Pause) (young) 4048K->913K(8192K), 0.0012077 secs]
38.527: [GC pause (G1 Evacuation Pause) (young) 3985K->976K(8192K), 0.0011307 secs]
38.530: [GC pause (G1 Evacuation Pause) (young) 4048K->913K(8192K), 0.0008299 secs]
38.533: [GC pause (G1 Evacuation Pause) (young) 3985K->976K(8192K), 0.0011362 secs]
38.536: [GC pause (G1 Evacuation Pause) (young) 4048K->913K(8192K), 0.0008541 secs]
38.539: [GC pause (G1 Evacuation Pause) (young) 3985K->976K(8192K), 0.0011280 secs]
38.543: [GC pause (G1 Evacuation Pause) (young) 4048K->913K(8192K), 0.0008183 secs]
38.545: [GC pause (G1 Evacuation Pause) (young) 3985K->976K(8192K), 0.0011175 secs]
38.549: [GC pause (G1 Evacuation Pause) (young) 4048K->913K(8192K), 0.0008073 secs]
38.552: [GC pause (G1 Evacuation Pause) (young) 3985K->976K(8192K), 0.0011868 secs]
38.555: [GC pause (G1 Evacuation Pause) (young) 4048K->913K(8192K), 0.0014915 secs]
38.559: [GC pause (G1 Evacuation Pause) (young) 3985K->976K(8192K), 0.0011505 secs]
38.562: [GC pause (G1 Evacuation Pause) (young) 4048K->913K(8192K), 0.0008205 secs]
38.565: [GC pause (G1 Evacuation Pause) (young) 3985K->976K(8192K), 0.0011236 secs]
38.568: [GC pause (G1 Evacuation Pause) (young) 4048K->913K(8192K), 0.0008150 secs]
38.571: [GC pause (G1 Evacuation Pause) (young) 3985K->976K(8192K), 0.0011148 secs]
38.574: [GC pause (G1 Evacuation Pause) (young) 4048K->913K(8192K), 0.0009294 secs]
38.577: [GC pause (G1 Evacuation Pause) (young) 3985K->976K(8192K), 0.0011313 secs]
38.581: [GC pause (G1 Evacuation Pause) (young) 4048K->913K(8192K), 0.0008321 secs]
38.584: [GC pause (G1 Evacuation Pause) (young) 3985K->976K(8192K), 0.0011104 secs]
38.587: [GC pause (G1 Evacuation Pause) (young) 4048K->913K(8192K), 0.0008090 secs]
38.590: [GC pause (G1 Evacuation Pause) (young) 3985K->976K(8192K), 0.0011797 secs]
38.593: [GC pause (G1 Evacuation Pause) (young) 4048K->913K(8192K), 0.0008222 secs]
38.596: [GC pause (G1 Evacuation Pause) (young) 3985K->976K(8192K), 0.0011384 secs]
38.599: [GC pause (G1 Evacuation Pause) (young) 4048K->913K(8192K), 0.0008178 secs]
38.602: [GC pause (G1 Evacuation Pause) (young) 3985K->976K(8192K), 0.0011841 secs]
38.605: [GC pause (G1 Evacuation Pause) (young) 4048K->913K(8192K), 0.0008079 secs]
38.608: [GC pause (G1 Evacuation Pause) (young) 3985K->976K(8192K), 0.0011593 secs]
38.612: [GC pause (G1 Evacuation Pause) (young) 4048K->913K(8192K), 0.0008563 secs]
38.615: [GC pause (G1 Evacuation Pause) (young) 3985K->976K(8192K), 0.0011219 secs]
38.618: [GC pause (G1 Evacuation Pause) (young) 4048K->913K(8192K), 0.0008491 secs]
38.621: [GC pause (G1 Evacuation Pause) (young) 3985K->976K(8192K), 0.0011362 secs]
38.624: [GC pause (G1 Evacuation Pause) (young) 4048K->913K(8192K), 0.0009399 secs]
38.627: [GC pause (G1 Evacuation Pause) (young) 3985K->976K(8192K), 0.0011467 secs]
38.630: [GC pause (G1 Evacuation Pause) (young) 4048K->913K(8192K), 0.0008178 secs]
38.633: [GC pause (G1 Evacuation Pause) (young) 3985K->976K(8192K), 0.0011516 secs]
38.636: [GC pause (G1 Evacuation Pause) (young) 4048K->913K(8192K), 0.0008090 secs]
38.639: [GC pause (G1 Evacuation Pause) (young) 3985K->976K(8192K), 0.0011203 secs]
38.643: [GC pause (G1 Evacuation Pause) (young) 4048K->913K(8192K), 0.0008068 secs]
38.646: [GC pause (G1 Evacuation Pause) (young) 3985K->976K(8192K), 0.0011236 secs]
38.649: [GC pause (G1 Evacuation Pause) (young) 4048K->913K(8192K), 0.0008018 secs]
38.652: [GC pause (G1 Evacuation Pause) (young) 3985K->976K(8192K), 0.0011153 secs]
38.655: [GC pause (G1 Evacuation Pause) (young) 4048K->913K(8192K), 0.0008062 secs]
38.658: [GC pause (G1 Evacuation Pause) (young) 3985K->976K(8192K), 0.0014590 secs]
38.662: [GC pause (G1 Evacuation Pause) (young) 4048K->913K(8192K), 0.0065253 secs]
38.670: [GC pause (G1 Evacuation Pause) (young) 3985K->976K(8192K), 0.0011544 secs]
38.674: [GC pause (G1 Evacuation Pause) (young) 4048K->913K(8192K), 0.0012567 secs]
38.677: [GC pause (G1 Evacuation Pause) (young) 3985K->976K(8192K), 0.0377436 secs]
38.717: [GC pause (G1 Evacuation Pause) (young) 4048K->913K(8192K), 0.0008343 secs]
38.721: [GC pause (G1 Evacuation Pause) (young) 3985K->976K(8192K), 0.0317029 secs]
38.755: [GC pause (G1 Evacuation Pause) (young) 4048K->913K(8192K), 0.0068772 secs]
38.764: [GC pause (G1 Evacuation Pause) (young) 3985K->976K(8192K), 0.0012259 secs]
38.767: [GC pause (G1 Evacuation Pause) (young) 4048K->913K(8192K), 0.0008128 secs]
38.770: [GC pause (G1 Evacuation Pause) (young) 3985K->976K(8192K), 0.0014348 secs]
38.774: [GC pause (G1 Evacuation Pause) (young) 4048K->913K(8192K), 0.0011373 secs]
38.777: [GC pause (G1 Evacuation Pause) (young) 3985K->976K(8192K), 0.0053522 secs]
38.785: [GC pause (G1 Evacuation Pause) (young) 4048K->913K(8192K), 0.0013325 secs]
38.788: [GC pause (G1 Evacuation Pause) (young) 3985K->976K(8192K), 0.0011560 secs]
38.792: [GC pause (G1 Evacuation Pause) (young) 4048K->913K(8192K), 0.0008541 secs]
38.795: [GC pause (G1 Evacuation Pause) (young) 3985K->976K(8192K), 0.0011368 secs]
38.798: [GC pause (G1 Evacuation Pause) (young) 4048K->913K(8192K), 0.0008161 secs]
38.801: [GC pause (G1 Evacuation Pause) (young) 3985K->976K(8192K), 0.0015206 secs]
38.804: [GC pause (G1 Evacuation Pause) (young) 4048K->913K(8192K), 0.0008106 secs]
38.807: [GC pause (G1 Evacuation Pause) (young) 3985K->976K(8192K), 0.0016108 secs]
38.811: [GC pause (G1 Evacuation Pause) (young) 4048K->913K(8192K), 0.0008189 secs]
38.814: [GC pause (G1 Evacuation Pause) (young) 3985K->976K(8192K), 0.0018671 secs]
38.818: [GC pause (G1 Evacuation Pause) (young) 4048K->913K(8192K), 0.0008194 secs]
38.821: [GC pause (G1 Evacuation Pause) (young) 3985K->976K(8192K), 0.0015124 secs]
38.825: [GC pause (G1 Evacuation Pause) (young) 4048K->913K(8192K), 0.0008117 secs]
38.828: [GC pause (G1 Evacuation Pause) (young) 3985K->976K(8192K), 0.0011439 secs]
38.832: [GC pause (G1 Evacuation Pause) (young) 4048K->913K(8192K), 0.0009624 secs]
38.835: [GC pause (G1 Evacuation Pause) (young) 3985K->976K(8192K), 0.0011241 secs]
38.838: [GC pause (G1 Evacuation Pause) (young) 4048K->913K(8192K), 0.0008123 secs]
38.841: [GC pause (G1 Evacuation Pause) (young) 3985K->976K(8192K), 0.0011505 secs]
38.844: [GC pause (G1 Evacuation Pause) (young) 4048K->913K(8192K), 0.0008183 secs]
38.847: [GC pause (G1 Evacuation Pause) (young) 3985K->976K(8192K), 0.0014051 secs]
38.851: [GC pause (G1 Evacuation Pause) (young) 4048K->913K(8192K), 0.0008183 secs]
38.854: [GC pause (G1 Evacuation Pause) (young) 3985K->976K(8192K), 0.0011357 secs]
38.857: [GC pause (G1 Evacuation Pause) (young) 4048K->913K(8192K), 0.0008315 secs]
38.860: [GC pause (G1 Evacuation Pause) (young) 3985K->976K(8192K), 0.0011362 secs]
38.863: [GC pause (G1 Evacuation Pause) (young) 4048K->913K(8192K), 0.0008090 secs]
38.866: [GC pause (G1 Evacuation Pause) (young) 3985K->976K(8192K), 0.0011764 secs]
38.870: [GC pause (G1 Evacuation Pause) (young) 4048K->913K(8192K), 0.0008062 secs]
38.873: [GC pause (G1 Evacuation Pause) (young) 3985K->976K(8192K), 0.0012171 secs]
38.877: [GC pause (G1 Evacuation Pause) (young) 4048K->913K(8192K), 0.0008310 secs]
38.879: [GC pause (G1 Evacuation Pause) (young) 3985K->976K(8192K), 0.0011329 secs]
38.883: [GC pause (G1 Evacuation Pause) (young) 4048K->913K(8192K), 0.0008068 secs]
38.886: [GC pause (G1 Evacuation Pause) (young) 3985K->976K(8192K), 0.0011164 secs]
38.889: [GC pause (G1 Evacuation Pause) (young) 4048K->913K(8192K), 0.0008849 secs]
38.892: [GC pause (G1 Evacuation Pause) (young) 3985K->976K(8192K), 0.0011511 secs]
38.896: [GC pause (G1 Evacuation Pause) (young) 4048K->913K(8192K), 0.0009333 secs]
38.899: [GC pause (G1 Evacuation Pause) (young) 3985K->976K(8192K), 0.0011318 secs]
38.902: [GC pause (G1 Evacuation Pause) (young) 4048K->913K(8192K), 0.0008128 secs]
38.905: [GC pause (G1 Evacuation Pause) (young) 3985K->976K(8192K), 0.0011362 secs]
38.908: [GC pause (G1 Evacuation Pause) (young) 4048K->913K(8192K), 0.0008299 secs]
38.914: [GC pause (G1 Evacuation Pause) (young) 3985K->976K(8192K), 0.0011456 secs]
38.917: [GC pause (G1 Evacuation Pause) (young) 4048K->913K(8192K), 0.0014013 secs]
38.920: [GC pause (G1 Evacuation Pause) (young) 3985K->976K(8192K), 0.0011241 secs]
38.924: [GC pause (G1 Evacuation Pause) (young) 4048K->913K(8192K), 0.0009267 secs]
38.927: [GC pause (G1 Evacuation Pause) (young) 3985K->1003K(8192K), 0.0012627 secs]
38.930: [GC pause (G1 Evacuation Pause) (young) 4075K->913K(8192K), 0.0008997 secs]
38.933: [GC pause (G1 Evacuation Pause) (young) 3985K->976K(8192K), 0.0013139 secs]
38.937: [GC pause (G1 Evacuation Pause) (young) 4048K->913K(8192K), 0.0008541 secs]
38.940: [GC pause (G1 Evacuation Pause) (young) 3985K->1003K(8192K), 0.0021674 secs]
38.944: [GC pause (G1 Evacuation Pause) (young) 4075K->913K(8192K), 0.0008310 secs]
38.947: [GC pause (G1 Evacuation Pause) (young) 3985K->976K(8192K), 0.0011313 secs]
38.950: [GC pause (G1 Evacuation Pause) (young) 4048K->913K(8192K), 0.0008216 secs]
38.953: [GC pause (G1 Evacuation Pause) (young) 3985K->976K(8192K), 0.0011494 secs]
38.957: [GC pause (G1 Evacuation Pause) (young) 4048K->913K(8192K), 0.0015294 secs]
38.960: [GC pause (G1 Evacuation Pause) (young) 3985K->976K(8192K), 0.0011478 secs]
38.964: [GC pause (G1 Evacuation Pause) (young) 4048K->913K(8192K), 0.0008139 secs]
38.967: [GC pause (G1 Evacuation Pause) (young) 3985K->976K(8192K), 0.0011324 secs]
38.970: [GC pause (G1 Evacuation Pause) (young) 4048K->913K(8192K), 0.0008139 secs]
38.973: [GC pause (G1 Evacuation Pause) (young) 3985K->1003K(8192K), 0.0012176 secs]
38.976: [GC pause (G1 Evacuation Pause) (young) 4075K->913K(8192K), 0.0009756 secs]
38.980: [GC pause (G1 Evacuation Pause) (young) 3985K->976K(8192K), 0.0012809 secs]
38.983: [GC pause (G1 Evacuation Pause) (young) 4048K->913K(8192K), 0.0008189 secs]
38.986: [GC pause (G1 Evacuation Pause) (young) 3985K->976K(8192K), 0.0011379 secs]
38.989: [GC pause (G1 Evacuation Pause) (young) 4048K->913K(8192K), 0.0008310 secs]
38.992: [GC pause (G1 Evacuation Pause) (young) 3985K->976K(8192K), 0.0012732 secs]
38.995: [GC pause (G1 Evacuation Pause) (young) 4048K->913K(8192K), 0.0008205 secs]
38.999: [GC pause (G1 Evacuation Pause) (young) 3985K->976K(8192K), 0.0011863 secs]
39.002: [GC pause (G1 Evacuation Pause) (young) 4048K->913K(8192K), 0.0007985 secs]
39.005: [GC pause (G1 Evacuation Pause) (young) 3985K->976K(8192K), 0.0011340 secs]
39.008: [GC pause (G1 Evacuation Pause) (young) 4048K->913K(8192K), 0.0008975 secs]
39.011: [GC pause (G1 Evacuation Pause) (young) 3985K->976K(8192K), 0.0016603 secs]
39.015: [GC pause (G1 Evacuation Pause) (young) 4048K->913K(8192K), 0.0008040 secs]
39.018: [GC pause (G1 Evacuation Pause) (young) 3985K->976K(8192K), 0.0011681 secs]
39.021: [GC pause (G1 Evacuation Pause) (young) 4048K->913K(8192K), 0.0008200 secs]
39.024: [GC pause (G1 Evacuation Pause) (young) 3985K->976K(8192K), 0.0011252 secs]
39.027: [GC pause (G1 Evacuation Pause) (young) 4048K->913K(8192K), 0.0009399 secs]
39.030: [GC pause (G1 Evacuation Pause) (young) 3985K->976K(8192K), 0.0011296 secs]
39.034: [GC pause (G1 Evacuation Pause) (young) 4048K->913K(8192K), 0.0008238 secs]
39.037: [GC pause (G1 Evacuation Pause) (young) 3985K->976K(8192K), 0.0011285 secs]
39.040: [GC pause (G1 Evacuation Pause) (young) 4048K->913K(8192K), 0.0007996 secs]
39.043: [GC pause (G1 Evacuation Pause) (young) 3985K->976K(8192K), 0.0011384 secs]
39.046: [GC pause (G1 Evacuation Pause) (young) 4048K->913K(8192K), 0.0008183 secs]
39.049: [GC pause (G1 Evacuation Pause) (young) 3985K->976K(8192K), 0.0011181 secs]
39.052: [GC pause (G1 Evacuation Pause) (young) 4048K->913K(8192K), 0.0008084 secs]
39.055: [GC pause (G1 Evacuation Pause) (young) 3985K->976K(8192K), 0.0011890 secs]
39.058: [GC pause (G1 Evacuation Pause) (young) 4048K->913K(8192K), 0.0008068 secs]
39.061: [GC pause (G1 Evacuation Pause) (young) 3985K->976K(8192K), 0.0011247 secs]
39.065: [GC pause (G1 Evacuation Pause) (young) 4048K->913K(8192K), 0.0008062 secs]
39.067: [GC pause (G1 Evacuation Pause) (young) 3985K->976K(8192K), 0.0011252 secs]
39.071: [GC pause (G1 Evacuation Pause) (young) 4048K->913K(8192K), 0.0008018 secs]
39.073: [GC pause (G1 Evacuation Pause) (young) 3985K->976K(8192K), 0.0011368 secs]
39.077: [GC pause (G1 Evacuation Pause) (young) 4048K->913K(8192K), 0.0009360 secs]
39.080: [GC pause (G1 Evacuation Pause) (young) 3985K->976K(8192K), 0.0011373 secs]
39.084: [GC pause (G1 Evacuation Pause) (young) 4048K->913K(8192K), 0.0193921 secs]
39.105: [GC pause (G1 Evacuation Pause) (young) 3985K->976K(8192K), 0.0100741 secs]
39.120: [GC pause (G1 Evacuation Pause) (young) 4048K->913K(8192K), 0.0370512 secs]
39.160: [GC pause (G1 Evacuation Pause) (young) 3985K->976K(8192K), 0.0197440 secs]
39.182: [GC pause (G1 Evacuation Pause) (young) 4048K->913K(8192K), 0.0010119 secs]
39.185: [GC pause (G1 Evacuation Pause) (young) 3985K->976K(8192K), 0.0011472 secs]
39.189: [GC pause (G1 Evacuation Pause) (young) 4048K->913K(8192K), 0.0008123 secs]
39.192: [GC pause (G1 Evacuation Pause) (young) 3985K->976K(8192K), 0.0011494 secs]
39.195: [GC pause (G1 Evacuation Pause) (young) 4048K->913K(8192K), 0.0008106 secs]
39.198: [GC pause (G1 Evacuation Pause) (young) 3985K->976K(8192K), 0.0011291 secs]
39.201: [GC pause (G1 Evacuation Pause) (young) 4048K->913K(8192K), 0.0007985 secs]
39.204: [GC pause (G1 Evacuation Pause) (young) 3985K->976K(8192K), 0.0011335 secs]
39.207: [GC pause (G1 Evacuation Pause) (young) 4048K->913K(8192K), 0.0027657 secs]
39.212: [GC pause (G1 Evacuation Pause) (young) 3985K->976K(8192K), 0.0011511 secs]
39.215: [GC pause (G1 Evacuation Pause) (young) 4048K->913K(8192K), 0.0008216 secs]
39.218: [GC pause (G1 Evacuation Pause) (young) 3985K->976K(8192K), 0.0011230 secs]
39.222: [GC pause (G1 Evacuation Pause) (young) 4048K->913K(8192K), 0.0008106 secs]
39.225: [GC pause (G1 Evacuation Pause) (young) 3985K->976K(8192K), 0.0011863 secs]
39.228: [GC pause (G1 Evacuation Pause) (young) 4048K->913K(8192K), 0.0008156 secs]
39.231: [GC pause (G1 Evacuation Pause) (young) 3985K->976K(8192K), 0.0011263 secs]
39.234: [GC pause (G1 Evacuation Pause) (young) 4048K->913K(8192K), 0.0008084 secs]
39.237: [GC pause (G1 Evacuation Pause) (young) 3985K->976K(8192K), 0.0011236 secs]
39.240: [GC pause (G1 Evacuation Pause) (young) 4048K->913K(8192K), 0.0008541 secs]
39.243: [GC pause (G1 Evacuation Pause) (young) 3985K->976K(8192K), 0.0011368 secs]
39.246: [GC pause (G1 Evacuation Pause) (young) 4048K->913K(8192K), 0.0008348 secs]
39.249: [GC pause (G1 Evacuation Pause) (young) 3985K->976K(8192K), 0.0011654 secs]
39.253: [GC pause (G1 Evacuation Pause) (young) 4048K->913K(8192K), 0.0007974 secs]
39.255: [GC pause (G1 Evacuation Pause) (young) 3985K->976K(8192K), 0.0011373 secs]
39.259: [GC pause (G1 Evacuation Pause) (young) 4048K->913K(8192K), 0.0008040 secs]
39.262: [GC pause (G1 Evacuation Pause) (young) 3985K->976K(8192K), 0.0011472 secs]
39.265: [GC pause (G1 Evacuation Pause) (young) 4048K->913K(8192K), 0.0008106 secs]
39.268: [GC pause (G1 Evacuation Pause) (young) 3985K->976K(8192K), 0.0011236 secs]
39.271: [GC pause (G1 Evacuation Pause) (young) 4048K->913K(8192K), 0.0008029 secs]
39.274: [GC pause (G1 Evacuation Pause) (young) 3985K->976K(8192K), 0.0012726 secs]
39.277: [GC pause (G1 Evacuation Pause) (young) 4048K->913K(8192K), 0.0008123 secs]
39.280: [GC pause (G1 Evacuation Pause) (young) 3985K->976K(8192K), 0.0026832 secs]
39.285: [GC pause (G1 Evacuation Pause) (young) 4048K->913K(8192K), 0.0008321 secs]
39.288: [GC pause (G1 Evacuation Pause) (young) 3985K->976K(8192K), 0.0011538 secs]
39.291: [GC pause (G1 Evacuation Pause) (young) 4048K->913K(8192K), 0.0008865 secs]
39.294: [GC pause (G1 Evacuation Pause) (young) 3985K->976K(8192K), 0.0011258 secs]
39.298: [GC pause (G1 Evacuation Pause) (young) 4048K->913K(8192K), 0.0008376 secs]
39.300: [GC pause (G1 Evacuation Pause) (young) 3985K->976K(8192K), 0.0011192 secs]
39.304: [GC pause (G1 Evacuation Pause) (young) 4048K->913K(8192K), 0.0008425 secs]
39.307: [GC pause (G1 Evacuation Pause) (young) 3985K->1003K(8192K), 0.0015674 secs]
39.310: [GC pause (G1 Evacuation Pause) (young) 4075K->975K(8192K), 0.0011511 secs]
39.314: [GC pause (G1 Evacuation Pause) (young) 4047K->998K(8192K), 0.0011604 secs]
39.317: [GC pause (G1 Evacuation Pause) (young) 4070K->911K(8192K), 0.0008139 secs]
39.320: [GC pause (G1 Evacuation Pause) (young) 3983K->974K(8192K), 0.0012044 secs]
39.323: [GC pause (G1 Evacuation Pause) (young) 4046K->913K(8192K), 0.0008684 secs]
39.326: [GC pause (G1 Evacuation Pause) (young) 3985K->976K(8192K), 0.0012149 secs]
39.330: [GC pause (G1 Evacuation Pause) (young) 4048K->913K(8192K), 0.0008161 secs]
39.333: [GC pause (G1 Evacuation Pause) (young) 3985K->976K(8192K), 0.0011131 secs]
39.336: [GC pause (G1 Evacuation Pause) (young) 4048K->913K(8192K), 0.0008079 secs]
39.339: [GC pause (G1 Evacuation Pause) (young) 3985K->976K(8192K), 0.0011263 secs]
39.342: [GC pause (G1 Evacuation Pause) (young) 4048K->913K(8192K), 0.0008414 secs]
39.345: [GC pause (G1 Evacuation Pause) (young) 3985K->976K(8192K), 0.0011390 secs]
39.348: [GC pause (G1 Evacuation Pause) (young) 4048K->913K(8192K), 0.0008552 secs]
39.351: [GC pause (G1 Evacuation Pause) (young) 3985K->976K(8192K), 0.0011247 secs]
39.355: [GC pause (G1 Evacuation Pause) (young) 4048K->913K(8192K), 0.0008453 secs]
39.357: [GC pause (G1 Evacuation Pause) (young) 3985K->976K(8192K), 0.0012231 secs]
39.361: [GC pause (G1 Evacuation Pause) (young) 4048K->913K(8192K), 0.0008013 secs]
39.364: [GC pause (G1 Evacuation Pause) (young) 3985K->976K(8192K), 0.0011406 secs]
39.367: [GC pause (G1 Evacuation Pause) (young) 4048K->913K(8192K), 0.0008029 secs]
39.370: [GC pause (G1 Evacuation Pause) (young) 3985K->976K(8192K), 0.0011434 secs]
39.373: [GC pause (G1 Evacuation Pause) (young) 4048K->913K(8192K), 0.0008029 secs]
39.376: [GC pause (G1 Evacuation Pause) (young) 3985K->976K(8192K), 0.0012660 secs]
39.379: [GC pause (G1 Evacuation Pause) (young) 4048K->913K(8192K), 0.0008491 secs]
39.382: [GC pause (G1 Evacuation Pause) (young) 3985K->976K(8192K), 0.0013007 secs]
39.386: [GC pause (G1 Evacuation Pause) (young) 4048K->913K(8192K), 0.0008057 secs]
39.389: [GC pause (G1 Evacuation Pause) (young) 3985K->976K(8192K), 0.0011153 secs]
39.392: [GC pause (G1 Evacuation Pause) (young) 4048K->913K(8192K), 0.0008156 secs]
39.395: [GC pause (G1 Evacuation Pause) (young) 3985K->976K(8192K), 0.0011417 secs]
39.398: [GC pause (G1 Evacuation Pause) (young) 4048K->913K(8192K), 0.0008101 secs]
39.401: [GC pause (G1 Evacuation Pause) (young) 3985K->976K(8192K), 0.0011412 secs]
39.404: [GC pause (G1 Evacuation Pause) (young) 4048K->913K(8192K), 0.0008167 secs]
39.407: [GC pause (G1 Evacuation Pause) (young) 3985K->976K(8192K), 0.0012407 secs]
39.410: [GC pause (G1 Evacuation Pause) (young) 4048K->913K(8192K), 0.0008161 secs]
39.413: [GC pause (G1 Evacuation Pause) (young) 3985K->976K(8192K), 0.0011786 secs]
39.417: [GC pause (G1 Evacuation Pause) (young) 4048K->913K(8192K), 0.0008420 secs]
39.420: [GC pause (G1 Evacuation Pause) (young) 3985K->976K(8192K), 0.0011263 secs]
39.423: [GC pause (G1 Evacuation Pause) (young) 4048K->913K(8192K), 0.0008079 secs]
39.426: [GC pause (G1 Evacuation Pause) (young) 3985K->976K(8192K), 0.0011802 secs]
39.429: [GC pause (G1 Evacuation Pause) (young) 4048K->913K(8192K), 0.0008057 secs]
39.432: [GC pause (G1 Evacuation Pause) (young) 3985K->976K(8192K), 0.0011192 secs]
39.435: [GC pause (G1 Evacuation Pause) (young) 4048K->913K(8192K), 0.0008095 secs]
39.438: [GC pause (G1 Evacuation Pause) (young) 3985K->976K(8192K), 0.0011335 secs]
39.441: [GC pause (G1 Evacuation Pause) (young) 4048K->913K(8192K), 0.0008222 secs]
39.444: [GC pause (G1 Evacuation Pause) (young) 3985K->976K(8192K), 0.0011439 secs]
39.448: [GC pause (G1 Evacuation Pause) (young) 4048K->913K(8192K), 0.0008134 secs]
39.450: [GC pause (G1 Evacuation Pause) (young) 3985K->976K(8192K), 0.0011291 secs]
39.454: [GC pause (G1 Evacuation Pause) (young) 4048K->913K(8192K), 0.0009300 secs]
39.457: [GC pause (G1 Evacuation Pause) (young) 3985K->976K(8192K), 0.0011918 secs]
39.461: [GC pause (G1 Evacuation Pause) (young) 4048K->913K(8192K), 0.0008403 secs]
39.464: [GC pause (G1 Evacuation Pause) (young) 3985K->976K(8192K), 0.0012732 secs]
39.467: [GC pause (G1 Evacuation Pause) (young) 4048K->913K(8192K), 0.0008205 secs]
39.470: [GC pause (G1 Evacuation Pause) (young) 3985K->976K(8192K), 0.0011269 secs]
39.474: [GC pause (G1 Evacuation Pause) (young) 4048K->913K(8192K), 0.0008931 secs]
39.477: [GC pause (G1 Evacuation Pause) (young) 3985K->976K(8192K), 0.0011280 secs]
39.480: [GC pause (G1 Evacuation Pause) (young) 4048K->913K(8192K), 0.0008123 secs]
39.483: [GC pause (G1 Evacuation Pause) (young) 3985K->976K(8192K), 0.0011214 secs]
39.486: [GC pause (G1 Evacuation Pause) (young) 4048K->913K(8192K), 0.0008079 secs]
39.489: [GC pause (G1 Evacuation Pause) (young) 3985K->976K(8192K), 0.0011483 secs]
39.492: [GC pause (G1 Evacuation Pause) (young) 4048K->913K(8192K), 0.0008194 secs]
39.495: [GC pause (G1 Evacuation Pause) (young) 3985K->976K(8192K), 0.0141906 secs]
39.512: [GC pause (G1 Evacuation Pause) (young) 4048K->913K(8192K), 0.0082070 secs]
39.522: [GC pause (G1 Evacuation Pause) (young) 3985K->976K(8192K), 0.0011604 secs]
39.525: [GC pause (G1 Evacuation Pause) (young) 4048K->913K(8192K), 0.0008585 secs]
39.529: [GC pause (G1 Evacuation Pause) (young) 3985K->976K(8192K), 0.0202242 secs]
39.551: [GC pause (G1 Evacuation Pause) (young) 4048K->913K(8192K), 0.0374401 secs]
39.592: [GC pause (G1 Evacuation Pause) (young) 3985K->976K(8192K), 0.0042539 secs]
39.598: [GC pause (G1 Evacuation Pause) (young) 4048K->913K(8192K), 0.0112488 secs]
39.612: [GC pause (G1 Evacuation Pause) (young) 3985K->976K(8192K), 0.0011566 secs]
39.615: [GC pause (G1 Evacuation Pause) (young) 4048K->913K(8192K), 0.0008964 secs]
39.618: [GC pause (G1 Evacuation Pause) (young) 3985K->976K(8192K), 0.0011263 secs]
39.622: [GC pause (G1 Evacuation Pause) (young) 4048K->913K(8192K), 0.0009784 secs]
39.625: [GC pause (G1 Evacuation Pause) (young) 3985K->976K(8192K), 0.0011846 secs]
39.628: [GC pause (G1 Evacuation Pause) (young) 4048K->913K(8192K), 0.0008172 secs]
39.631: [GC pause (G1 Evacuation Pause) (young) 3985K->976K(8192K), 0.0011368 secs]
39.634: [GC pause (G1 Evacuation Pause) (young) 4048K->913K(8192K), 0.0008183 secs]
39.637: [GC pause (G1 Evacuation Pause) (young) 3985K->976K(8192K), 0.0012638 secs]
39.641: [GC pause (G1 Evacuation Pause) (young) 4048K->913K(8192K), 0.0010020 secs]
39.644: [GC pause (G1 Evacuation Pause) (young) 3985K->976K(8192K), 0.0012083 secs]
39.647: [GC pause (G1 Evacuation Pause) (young) 4048K->913K(8192K), 0.0008557 secs]
39.650: [GC pause (G1 Evacuation Pause) (young) 3985K->976K(8192K), 0.0017098 secs]
39.654: [GC pause (G1 Evacuation Pause) (young) 4048K->913K(8192K), 0.0008194 secs]
39.657: [GC pause (G1 Evacuation Pause) (young) 3985K->976K(8192K), 0.0013699 secs]
39.661: [GC pause (G1 Evacuation Pause) (young) 4048K->913K(8192K), 0.0008255 secs]
39.664: [GC pause (G1 Evacuation Pause) (young) 3985K->976K(8192K), 0.0011280 secs]
39.667: [GC pause (G1 Evacuation Pause) (young) 4048K->913K(8192K), 0.0010702 secs]
39.670: [GC pause (G1 Evacuation Pause) (young) 3985K->976K(8192K), 0.0011269 secs]
39.673: [GC pause (G1 Evacuation Pause) (young) 4048K->913K(8192K), 0.0008541 secs]
39.676: [GC pause (G1 Evacuation Pause) (young) 3985K->976K(8192K), 0.0011483 secs]
39.680: [GC pause (G1 Evacuation Pause) (young) 4048K->913K(8192K), 0.0008128 secs]
39.682: [GC pause (G1 Evacuation Pause) (young) 3985K->976K(8192K), 0.0015234 secs]
39.686: [GC pause (G1 Evacuation Pause) (young) 4048K->913K(8192K), 0.0008326 secs]
39.689: [GC pause (G1 Evacuation Pause) (young) 3985K->976K(8192K), 0.0011219 secs]
39.693: [GC pause (G1 Evacuation Pause) (young) 4048K->913K(8192K), 0.0008376 secs]
39.696: [GC pause (G1 Evacuation Pause) (young) 3985K->976K(8192K), 0.0011186 secs]
39.699: [GC pause (G1 Evacuation Pause) (young) 4048K->913K(8192K), 0.0013897 secs]
39.702: [GC pause (G1 Evacuation Pause) (young) 3985K->976K(8192K), 0.0011808 secs]
39.706: [GC pause (G1 Evacuation Pause) (young) 4048K->913K(8192K), 0.0008183 secs]
39.709: [GC pause (G1 Evacuation Pause) (young) 3985K->976K(8192K), 0.0012946 secs]
39.712: [GC pause (G1 Evacuation Pause) (young) 4048K->913K(8192K), 0.0008337 secs]
39.715: [GC pause (G1 Evacuation Pause) (young) 3985K->976K(8192K), 0.0011450 secs]
39.719: [GC pause (G1 Evacuation Pause) (young) 4048K->913K(8192K), 0.0008728 secs]
39.722: [GC pause (G1 Evacuation Pause) (young) 3985K->976K(8192K), 0.0011621 secs]
39.725: [GC pause (G1 Evacuation Pause) (young) 4048K->913K(8192K), 0.0008266 secs]
39.728: [GC pause (G1 Evacuation Pause) (young) 3985K->976K(8192K), 0.0017159 secs]
39.732: [GC pause (G1 Evacuation Pause) (young) 4048K->913K(8192K), 0.0008134 secs]
39.735: [GC pause (G1 Evacuation Pause) (young) 3985K->976K(8192K), 0.0011313 secs]
39.738: [GC pause (G1 Evacuation Pause) (young) 4048K->913K(8192K), 0.0008106 secs]
39.741: [GC pause (G1 Evacuation Pause) (young) 3985K->976K(8192K), 0.0011351 secs]
39.744: [GC pause (G1 Evacuation Pause) (young) 4048K->913K(8192K), 0.0009883 secs]
39.748: [GC pause (G1 Evacuation Pause) (young) 3985K->976K(8192K), 0.0011401 secs]
39.751: [GC pause (G1 Evacuation Pause) (young) 4048K->913K(8192K), 0.0008304 secs]
39.754: [GC pause (G1 Evacuation Pause) (young) 3985K->976K(8192K), 0.0011313 secs]
39.757: [GC pause (G1 Evacuation Pause) (young) 4048K->913K(8192K), 0.0007963 secs]
39.760: [GC pause (G1 Evacuation Pause) (young) 3985K->976K(8192K), 0.0017659 secs]
39.764: [GC pause (G1 Evacuation Pause) (young) 4048K->913K(8192K), 0.0008106 secs]
39.767: [GC pause (G1 Evacuation Pause) (young) 3985K->976K(8192K), 0.0011417 secs]
39.770: [GC pause (G1 Evacuation Pause) (young) 4048K->913K(8192K), 0.0008475 secs]
39.773: [GC pause (G1 Evacuation Pause) (young) 3985K->976K(8192K), 0.0014200 secs]
39.777: [GC pause (G1 Evacuation Pause) (young) 4048K->913K(8192K), 0.0008073 secs]
39.780: [GC pause (G1 Evacuation Pause) (young) 3985K->976K(8192K), 0.0011571 secs]
39.783: [GC pause (G1 Evacuation Pause) (young) 4048K->913K(8192K), 0.0020816 secs]
39.788: [GC pause (G1 Evacuation Pause) (young) 3985K->976K(8192K), 0.0011384 secs]
39.791: [GC pause (G1 Evacuation Pause) (young) 4048K->913K(8192K), 0.0009784 secs]
39.794: [GC pause (G1 Evacuation Pause) (young) 3985K->976K(8192K), 0.0011692 secs]
39.797: [GC pause (G1 Evacuation Pause) (young) 4048K->913K(8192K), 0.0008117 secs]
39.800: [GC pause (G1 Evacuation Pause) (young) 3985K->1003K(8192K), 0.0014079 secs]
39.804: [GC pause (G1 Evacuation Pause) (young) 4075K->913K(8192K), 0.0008260 secs]
39.807: [GC pause (G1 Evacuation Pause) (young) 3985K->976K(8192K), 0.0022334 secs]
39.811: [GC pause (G1 Evacuation Pause) (young) 4048K->913K(8192K), 0.0008227 secs]
39.814: [GC pause (G1 Evacuation Pause) (young) 3985K->976K(8192K), 0.0011291 secs]
39.818: [GC pause (G1 Evacuation Pause) (young) 4048K->913K(8192K), 0.0008068 secs]
39.821: [GC pause (G1 Evacuation Pause) (young) 3985K->976K(8192K), 0.0011164 secs]
39.824: [GC pause (G1 Evacuation Pause) (young) 4048K->913K(8192K), 0.0013078 secs]
39.827: [GC pause (G1 Evacuation Pause) (young) 3985K->976K(8192K), 0.0011406 secs]
39.830: [GC pause (G1 Evacuation Pause) (young) 4048K->913K(8192K), 0.0008018 secs]
39.833: [GC pause (G1 Evacuation Pause) (young) 3985K->976K(8192K), 0.0011379 secs]
39.837: [GC pause (G1 Evacuation Pause) (young) 4048K->913K(8192K), 0.0008266 secs]
39.840: [GC pause (G1 Evacuation Pause) (young) 3985K->976K(8192K), 0.0012693 secs]
39.843: [GC pause (G1 Evacuation Pause) (young) 4048K->913K(8192K), 0.0008431 secs]
39.846: [GC pause (G1 Evacuation Pause) (young) 3985K->976K(8192K), 0.0011406 secs]
39.849: [GC pause (G1 Evacuation Pause) (young) 4048K->913K(8192K), 0.0008106 secs]
39.852: [GC pause (G1 Evacuation Pause) (young) 3985K->976K(8192K), 0.0011390 secs]
39.856: [GC pause (G1 Evacuation Pause) (young) 4048K->913K(8192K), 0.0008112 secs]
39.858: [GC pause (G1 Evacuation Pause) (young) 3985K->976K(8192K), 0.0011302 secs]
39.862: [GC pause (G1 Evacuation Pause) (young) 4048K->913K(8192K), 0.0008513 secs]
39.865: [GC pause (G1 Evacuation Pause) (young) 3985K->976K(8192K), 0.0011478 secs]
39.868: [GC pause (G1 Evacuation Pause) (young) 4048K->913K(8192K), 0.0008392 secs]
39.871: [GC pause (G1 Evacuation Pause) (young) 3985K->976K(8192K), 0.0011263 secs]
39.875: [GC pause (G1 Evacuation Pause) (young) 4048K->913K(8192K), 0.0008244 secs]
39.878: [GC pause (G1 Evacuation Pause) (young) 3985K->976K(8192K), 0.0011258 secs]
39.881: [GC pause (G1 Evacuation Pause) (young) 4048K->913K(8192K), 0.0008084 secs]
39.884: [GC pause (G1 Evacuation Pause) (young) 3985K->976K(8192K), 0.0011098 secs]
39.887: [GC pause (G1 Evacuation Pause) (young) 4048K->913K(8192K), 0.0007980 secs]
39.890: [GC pause (G1 Evacuation Pause) (young) 3985K->976K(8192K), 0.0012473 secs]
39.893: [GC pause (G1 Evacuation Pause) (young) 4048K->913K(8192K), 0.0008464 secs]
39.896: [GC pause (G1 Evacuation Pause) (young) 3985K->976K(8192K), 0.0011615 secs]
39.899: [GC pause (G1 Evacuation Pause) (young) 4048K->913K(8192K), 0.0008271 secs]
39.902: [GC pause (G1 Evacuation Pause) (young) 3985K->976K(8192K), 0.0011846 secs]
39.906: [GC pause (G1 Evacuation Pause) (young) 4048K->913K(8192K), 0.0008227 secs]
39.909: [GC pause (G1 Evacuation Pause) (young) 3985K->976K(8192K), 0.0015866 secs]
39.912: [GC pause (G1 Evacuation Pause) (young) 4048K->913K(8192K), 0.0009987 secs]
39.915: [GC pause (G1 Evacuation Pause) (young) 3985K->976K(8192K), 0.0011164 secs]
39.919: [GC pause (G1 Evacuation Pause) (young) 4048K->913K(8192K), 0.0008299 secs]
39.922: [GC pause (G1 Evacuation Pause) (young) 3985K->976K(8192K), 0.0011544 secs]
39.925: [GC pause (G1 Evacuation Pause) (young) 4048K->913K(8192K), 0.0008112 secs]
39.928: [GC pause (G1 Evacuation Pause) (young) 3985K->976K(8192K), 0.0011560 secs]
39.931: [GC pause (G1 Evacuation Pause) (young) 4048K->913K(8192K), 0.0008051 secs]
39.934: [GC pause (G1 Evacuation Pause) (young) 3985K->976K(8192K), 0.0073931 secs]
39.944: [GC pause (G1 Evacuation Pause) (young) 4048K->913K(8192K), 0.0371172 secs]
39.983: [GC pause (G1 Evacuation Pause) (young) 3985K->976K(8192K), 0.0199178 secs]
40.006: [GC pause (G1 Evacuation Pause) (young) 4048K->913K(8192K), 0.0047362 secs]
40.013: [GC pause (G1 Evacuation Pause) (young) 3985K->976K(8192K), 0.0171818 secs]
40.032: [GC pause (G1 Evacuation Pause) (young) 4048K->913K(8192K), 0.0008574 secs]
40.036: [GC pause (G1 Evacuation Pause) (young) 3985K->976K(8192K), 0.0011874 secs]
40.039: [GC pause (G1 Evacuation Pause) (young) 4048K->913K(8192K), 0.0195956 secs]
40.061: [GC pause (G1 Evacuation Pause) (young) 3985K->976K(8192K), 0.0023093 secs]
40.066: [GC pause (G1 Evacuation Pause) (young) 4048K->913K(8192K), 0.0008260 secs]
40.069: [GC pause (G1 Evacuation Pause) (young) 3985K->976K(8192K), 0.0011340 secs]
40.072: [GC pause (G1 Evacuation Pause) (young) 4048K->913K(8192K), 0.0008002 secs]
40.075: [GC pause (G1 Evacuation Pause) (young) 3985K->976K(8192K), 0.0011857 secs]
40.078: [GC pause (G1 Evacuation Pause) (young) 4048K->913K(8192K), 0.0008018 secs]
40.081: [GC pause (G1 Evacuation Pause) (young) 3985K->1003K(8192K), 0.0014359 secs]
40.085: [GC pause (G1 Evacuation Pause) (young) 4075K->913K(8192K), 0.0008183 secs]
40.088: [GC pause (G1 Evacuation Pause) (young) 3985K->976K(8192K), 0.0011225 secs]
40.091: [GC pause (G1 Evacuation Pause) (young) 4048K->913K(8192K), 0.0008794 secs]
40.095: [GC pause (G1 Evacuation Pause) (young) 3985K->976K(8192K), 0.0011368 secs]
40.098: [GC pause (G1 Evacuation Pause) (young) 4048K->913K(8192K), 0.0008189 secs]
40.101: [GC pause (G1 Evacuation Pause) (young) 3985K->976K(8192K), 0.0011302 secs]
40.104: [GC pause (G1 Evacuation Pause) (young) 4048K->913K(8192K), 0.0008035 secs]
40.107: [GC pause (G1 Evacuation Pause) (young) 3985K->976K(8192K), 0.0014535 secs]
40.110: [GC pause (G1 Evacuation Pause) (young) 4048K->913K(8192K), 0.0008618 secs]
40.113: [GC pause (G1 Evacuation Pause) (young) 3985K->976K(8192K), 0.0013325 secs]
40.117: [GC pause (G1 Evacuation Pause) (young) 4048K->913K(8192K), 0.0008645 secs]
40.120: [GC pause (G1 Evacuation Pause) (young) 3985K->976K(8192K), 0.0012072 secs]
40.123: [GC pause (G1 Evacuation Pause) (young) 4048K->913K(8192K), 0.0008359 secs]
40.126: [GC pause (G1 Evacuation Pause) (young) 3985K->976K(8192K), 0.0011368 secs]
40.129: [GC pause (G1 Evacuation Pause) (young) 4048K->913K(8192K), 0.0008145 secs]
40.132: [GC pause (G1 Evacuation Pause) (young) 3985K->976K(8192K), 0.0011549 secs]
40.136: [GC pause (G1 Evacuation Pause) (young) 4048K->913K(8192K), 0.0008046 secs]
40.138: [GC pause (G1 Evacuation Pause) (young) 3985K->976K(8192K), 0.0011225 secs]
40.142: [GC pause (G1 Evacuation Pause) (young) 4048K->913K(8192K), 0.0008161 secs]
40.145: [GC pause (G1 Evacuation Pause) (young) 3985K->976K(8192K), 0.0011208 secs]
40.148: [GC pause (G1 Evacuation Pause) (young) 4048K->913K(8192K), 0.0008002 secs]
40.151: [GC pause (G1 Evacuation Pause) (young) 3985K->976K(8192K), 0.0011258 secs]
40.154: [GC pause (G1 Evacuation Pause) (young) 4048K->913K(8192K), 0.0007969 secs]
40.157: [GC pause (G1 Evacuation Pause) (young) 3985K->976K(8192K), 0.0012484 secs]
40.160: [GC pause (G1 Evacuation Pause) (young) 4048K->913K(8192K), 0.0008629 secs]
40.163: [GC pause (G1 Evacuation Pause) (young) 3985K->976K(8192K), 0.0011258 secs]
40.166: [GC pause (G1 Evacuation Pause) (young) 4048K->913K(8192K), 0.0008040 secs]
40.169: [GC pause (G1 Evacuation Pause) (young) 3985K->976K(8192K), 0.0011142 secs]
40.172: [GC pause (G1 Evacuation Pause) (young) 4048K->913K(8192K), 0.0007980 secs]
40.175: [GC pause (G1 Evacuation Pause) (young) 3985K->976K(8192K), 0.0011346 secs]
40.179: [GC pause (G1 Evacuation Pause) (young) 4048K->913K(8192K), 0.0008222 secs]
40.182: [GC pause (G1 Evacuation Pause) (young) 3985K->976K(8192K), 0.0011401 secs]
40.185: [GC pause (G1 Evacuation Pause) (young) 4048K->913K(8192K), 0.0008079 secs]
40.188: [GC pause (G1 Evacuation Pause) (young) 3985K->976K(8192K), 0.0011714 secs]
40.191: [GC pause (G1 Evacuation Pause) (young) 4048K->913K(8192K), 0.0010383 secs]
40.194: [GC pause (G1 Evacuation Pause) (young) 3985K->976K(8192K), 0.0011610 secs]
40.198: [GC pause (G1 Evacuation Pause) (young) 4048K->913K(8192K), 0.0008244 secs]
40.201: [GC pause (G1 Evacuation Pause) (young) 3985K->976K(8192K), 0.0011258 secs]
40.204: [GC pause (G1 Evacuation Pause) (young) 4048K->913K(8192K), 0.0008145 secs]
40.207: [GC pause (G1 Evacuation Pause) (young) 3985K->976K(8192K), 0.0013688 secs]
40.210: [GC pause (G1 Evacuation Pause) (young) 4048K->913K(8192K), 0.0008381 secs]
40.213: [GC pause (G1 Evacuation Pause) (young) 3985K->976K(8192K), 0.0011505 secs]
40.216: [GC pause (G1 Evacuation Pause) (young) 4048K->913K(8192K), 0.0008090 secs]
40.219: [GC pause (G1 Evacuation Pause) (young) 3985K->976K(8192K), 0.0011313 secs]
40.223: [GC pause (G1 Evacuation Pause) (young) 4048K->913K(8192K), 0.0008805 secs]
40.226: [GC pause (G1 Evacuation Pause) (young) 3985K->976K(8192K), 0.0011824 secs]
40.229: [GC pause (G1 Evacuation Pause) (young) 4048K->913K(8192K), 0.0007969 secs]
40.232: [GC pause (G1 Evacuation Pause) (young) 3985K->976K(8192K), 0.0011390 secs]
40.235: [GC pause (G1 Evacuation Pause) (young) 4048K->913K(8192K), 0.0008046 secs]
40.238: [GC pause (G1 Evacuation Pause) (young) 3985K->976K(8192K), 0.0012264 secs]
40.241: [GC pause (G1 Evacuation Pause) (young) 4048K->913K(8192K), 0.0013100 secs]
40.245: [GC pause (G1 Evacuation Pause) (young) 3985K->976K(8192K), 0.0011335 secs]
40.248: [GC pause (G1 Evacuation Pause) (young) 4048K->913K(8192K), 0.0008073 secs]
40.251: [GC pause (G1 Evacuation Pause) (young) 3985K->976K(8192K), 0.0011274 secs]
40.254: [GC pause (G1 Evacuation Pause) (young) 4048K->913K(8192K), 0.0008029 secs]
40.257: [GC pause (G1 Evacuation Pause) (young) 3985K->976K(8192K), 0.0013204 secs]
40.261: [GC pause (G1 Evacuation Pause) (young) 4048K->913K(8192K), 0.0008167 secs]
40.263: [GC pause (G1 Evacuation Pause) (young) 3985K->976K(8192K), 0.0011192 secs]
40.267: [GC pause (G1 Evacuation Pause) (young) 4048K->913K(8192K), 0.0009113 secs]
40.270: [GC pause (G1 Evacuation Pause) (young) 3985K->976K(8192K), 0.0011395 secs]
40.273: [GC pause (G1 Evacuation Pause) (young) 4048K->913K(8192K), 0.0008057 secs]
40.276: [GC pause (G1 Evacuation Pause) (young) 3985K->976K(8192K), 0.0011478 secs]
40.279: [GC pause (G1 Evacuation Pause) (young) 4048K->913K(8192K), 0.0008167 secs]
40.282: [GC pause (G1 Evacuation Pause) (young) 3985K->976K(8192K), 0.0027135 secs]
40.287: [GC pause (G1 Evacuation Pause) (young) 4048K->913K(8192K), 0.0008233 secs]
40.290: [GC pause (G1 Evacuation Pause) (young) 3985K->976K(8192K), 0.0011522 secs]
40.293: [GC pause (G1 Evacuation Pause) (young) 4048K->913K(8192K), 0.0010614 secs]
40.296: [GC pause (G1 Evacuation Pause) (young) 3985K->976K(8192K), 0.0011698 secs]
40.300: [GC pause (G1 Evacuation Pause) (young) 4048K->913K(8192K), 0.0008057 secs]
40.302: [GC pause (G1 Evacuation Pause) (young) 3985K->976K(8192K), 0.0011252 secs]
40.306: [GC pause (G1 Evacuation Pause) (young) 4048K->913K(8192K), 0.0008090 secs]
40.309: [GC pause (G1 Evacuation Pause) (young) 3985K->976K(8192K), 0.0011417 secs]
40.312: [GC pause (G1 Evacuation Pause) (young) 4048K->913K(8192K), 0.0008062 secs]
40.315: [GC pause (G1 Evacuation Pause) (young) 3985K->976K(8192K), 0.0011368 secs]
40.318: [GC pause (G1 Evacuation Pause) (young) 4048K->913K(8192K), 0.0008150 secs]
40.321: [GC pause (G1 Evacuation Pause) (young) 3985K->976K(8192K), 0.0011197 secs]
40.324: [GC pause (G1 Evacuation Pause) (young) 4048K->913K(8192K), 0.0008112 secs]
40.327: [GC pause (G1 Evacuation Pause) (young) 3985K->976K(8192K), 0.0011753 secs]
40.330: [GC pause (G1 Evacuation Pause) (young) 4048K->913K(8192K), 0.0008046 secs]
40.333: [GC pause (G1 Evacuation Pause) (young) 3985K->976K(8192K), 0.0011307 secs]
40.336: [GC pause (G1 Evacuation Pause) (young) 4048K->913K(8192K), 0.0008101 secs]
40.339: [GC pause (G1 Evacuation Pause) (young) 3985K->976K(8192K), 0.0011379 secs]
40.343: [GC pause (G1 Evacuation Pause) (young) 4048K->913K(8192K), 0.0008227 secs]
40.346: [GC pause (G1 Evacuation Pause) (young) 3985K->976K(8192K), 0.0011995 secs]
40.349: [GC pause (G1 Evacuation Pause) (young) 4048K->913K(8192K), 0.0008244 secs]
40.352: [GC pause (G1 Evacuation Pause) (young) 3985K->976K(8192K), 0.0011258 secs]
40.355: [GC pause (G1 Evacuation Pause) (young) 4048K->913K(8192K), 0.0008260 secs]
40.358: [GC pause (G1 Evacuation Pause) (young) 3985K->976K(8192K), 0.0011280 secs]
40.361: [GC pause (G1 Evacuation Pause) (young) 4048K->913K(8192K), 0.0009646 secs]
40.365: [GC pause (G1 Evacuation Pause) (young) 3985K->976K(8192K), 0.0069823 secs]
40.374: [GC pause (G1 Evacuation Pause) (young) 4048K->913K(8192K), 0.0010906 secs]
40.377: [GC pause (G1 Evacuation Pause) (young) 3985K->976K(8192K), 0.0376457 secs]
40.417: [GC pause (G1 Evacuation Pause) (young) 4048K->913K(8192K), 0.0048726 secs]
40.425: [GC pause (G1 Evacuation Pause) (young) 3985K->1003K(8192K), 0.0013974 secs]
40.428: [GC pause (G1 Evacuation Pause) (young) 4075K->913K(8192K), 0.0008519 secs]
40.432: [GC pause (G1 Evacuation Pause) (young) 3985K->976K(8192K), 0.0011500 secs]
40.435: [GC pause (G1 Evacuation Pause) (young) 4048K->913K(8192K), 0.0369583 secs]
40.474: [GC pause (G1 Evacuation Pause) (young) 3985K->976K(8192K), 0.0013128 secs]
40.478: [GC pause (G1 Evacuation Pause) (young) 4048K->913K(8192K), 0.0008112 secs]
40.481: [GC pause (G1 Evacuation Pause) (young) 3985K->976K(8192K), 0.0011879 secs]
40.484: [GC pause (G1 Evacuation Pause) (young) 4048K->913K(8192K), 0.0008156 secs]
40.487: [GC pause (G1 Evacuation Pause) (young) 3985K->976K(8192K), 0.0016053 secs]
40.491: [GC pause (G1 Evacuation Pause) (young) 4048K->913K(8192K), 0.0009723 secs]
40.494: [GC pause (G1 Evacuation Pause) (young) 3985K->976K(8192K), 0.0011483 secs]
40.497: [GC pause (G1 Evacuation Pause) (young) 4048K->913K(8192K), 0.0008634 secs]
40.500: [GC pause (G1 Evacuation Pause) (young) 3985K->976K(8192K), 0.0011390 secs]
40.503: [GC pause (G1 Evacuation Pause) (young) 4048K->913K(8192K), 0.0009718 secs]
40.506: [GC pause (G1 Evacuation Pause) (young) 3985K->976K(8192K), 0.0012099 secs]
40.510: [GC pause (G1 Evacuation Pause) (young) 4048K->913K(8192K), 0.0009553 secs]
40.513: [GC pause (G1 Evacuation Pause) (young) 3985K->976K(8192K), 0.0011505 secs]
40.517: [GC pause (G1 Evacuation Pause) (young) 4048K->913K(8192K), 0.0008282 secs]
40.520: [GC pause (G1 Evacuation Pause) (young) 3985K->976K(8192K), 0.0011461 secs]
40.523: [GC pause (G1 Evacuation Pause) (young) 4048K->913K(8192K), 0.0009091 secs]
40.526: [GC pause (G1 Evacuation Pause) (young) 3985K->976K(8192K), 0.0017665 secs]
40.530: [GC pause (G1 Evacuation Pause) (young) 4048K->913K(8192K), 0.0008299 secs]
40.533: [GC pause (G1 Evacuation Pause) (young) 3985K->976K(8192K), 0.0011423 secs]
40.536: [GC pause (G1 Evacuation Pause) (young) 4048K->913K(8192K), 0.0007980 secs]
40.539: [GC pause (G1 Evacuation Pause) (young) 3985K->976K(8192K), 0.0011846 secs]
40.543: [GC pause (G1 Evacuation Pause) (young) 4048K->913K(8192K), 0.0008337 secs]
40.545: [GC pause (G1 Evacuation Pause) (young) 3985K->976K(8192K), 0.0011285 secs]
40.549: [GC pause (G1 Evacuation Pause) (young) 4048K->913K(8192K), 0.0012682 secs]
40.552: [GC pause (G1 Evacuation Pause) (young) 3985K->976K(8192K), 0.0011632 secs]
40.555: [GC pause (G1 Evacuation Pause) (young) 4048K->913K(8192K), 0.0008057 secs]
40.559: [GC pause (G1 Evacuation Pause) (young) 3985K->976K(8192K), 0.0011962 secs]
40.562: [GC pause (G1 Evacuation Pause) (young) 4048K->913K(8192K), 0.0008260 secs]
40.565: [GC pause (G1 Evacuation Pause) (young) 3985K->976K(8192K), 0.0011362 secs]
40.568: [GC pause (G1 Evacuation Pause) (young) 4048K->913K(8192K), 0.0008244 secs]
40.571: [GC pause (G1 Evacuation Pause) (young) 3985K->976K(8192K), 0.0011863 secs]
40.575: [GC pause (G1 Evacuation Pause) (young) 4048K->913K(8192K), 0.0009168 secs]
40.578: [GC pause (G1 Evacuation Pause) (young) 3985K->976K(8192K), 0.0011296 secs]
40.581: [GC pause (G1 Evacuation Pause) (young) 4048K->913K(8192K), 0.0012798 secs]
40.584: [GC pause (G1 Evacuation Pause) (young) 3985K->976K(8192K), 0.0011879 secs]
40.588: [GC pause (G1 Evacuation Pause) (young) 4048K->913K(8192K), 0.0008079 secs]
40.591: [GC pause (G1 Evacuation Pause) (young) 3985K->976K(8192K), 0.0013292 secs]
40.594: [GC pause (G1 Evacuation Pause) (young) 4048K->913K(8192K), 0.0008117 secs]
40.597: [GC pause (G1 Evacuation Pause) (young) 3985K->976K(8192K), 0.0011445 secs]
40.600: [GC pause (G1 Evacuation Pause) (young) 4048K->913K(8192K), 0.0008453 secs]
40.603: [GC pause (G1 Evacuation Pause) (young) 3985K->976K(8192K), 0.0011203 secs]
40.606: [GC pause (G1 Evacuation Pause) (young) 4048K->913K(8192K), 0.0008310 secs]
40.609: [GC pause (G1 Evacuation Pause) (young) 3985K->976K(8192K), 0.0011307 secs]
40.613: [GC pause (G1 Evacuation Pause) (young) 4048K->913K(8192K), 0.0013666 secs]
40.616: [GC pause (G1 Evacuation Pause) (young) 3985K->976K(8192K), 0.0011604 secs]
40.619: [GC pause (G1 Evacuation Pause) (young) 4048K->913K(8192K), 0.0008084 secs]
40.622: [GC pause (G1 Evacuation Pause) (young) 3985K->976K(8192K), 0.0011384 secs]
40.625: [GC pause (G1 Evacuation Pause) (young) 4048K->913K(8192K), 0.0009520 secs]
40.628: [GC pause (G1 Evacuation Pause) (young) 3985K->976K(8192K), 0.0011373 secs]
40.632: [GC pause (G1 Evacuation Pause) (young) 4048K->913K(8192K), 0.0008029 secs]
40.635: [GC pause (G1 Evacuation Pause) (young) 3985K->976K(8192K), 0.0011395 secs]
40.638: [GC pause (G1 Evacuation Pause) (young) 4048K->913K(8192K), 0.0008046 secs]
40.641: [GC pause (G1 Evacuation Pause) (young) 3985K->976K(8192K), 0.0012671 secs]
40.644: [GC pause (G1 Evacuation Pause) (young) 4048K->913K(8192K), 0.0008172 secs]
40.647: [GC pause (G1 Evacuation Pause) (young) 3985K->976K(8192K), 0.0011384 secs]
40.650: [GC pause (G1 Evacuation Pause) (young) 4048K->913K(8192K), 0.0008073 secs]
40.653: [GC pause (G1 Evacuation Pause) (young) 3985K->976K(8192K), 0.0011318 secs]
40.657: [GC pause (G1 Evacuation Pause) (young) 4048K->913K(8192K), 0.0008530 secs]
40.660: [GC pause (G1 Evacuation Pause) (young) 3985K->976K(8192K), 0.0012099 secs]
40.663: [GC pause (G1 Evacuation Pause) (young) 4048K->913K(8192K), 0.0008222 secs]
40.666: [GC pause (G1 Evacuation Pause) (young) 3985K->976K(8192K), 0.0011439 secs]
40.670: [GC pause (G1 Evacuation Pause) (young) 4048K->913K(8192K), 0.0008249 secs]
40.672: [GC pause (G1 Evacuation Pause) (young) 3985K->976K(8192K), 0.0011307 secs]
40.676: [GC pause (G1 Evacuation Pause) (young) 4048K->913K(8192K), 0.0008409 secs]
40.679: [GC pause (G1 Evacuation Pause) (young) 3985K->976K(8192K), 0.0011379 secs]
40.682: [GC pause (G1 Evacuation Pause) (young) 4048K->913K(8192K), 0.0008073 secs]
40.685: [GC pause (G1 Evacuation Pause) (young) 3985K->976K(8192K), 0.0011131 secs]
40.688: [GC pause (G1 Evacuation Pause) (young) 4048K->913K(8192K), 0.0007952 secs]
40.691: [GC pause (G1 Evacuation Pause) (young) 3985K->976K(8192K), 0.0016807 secs]
40.695: [GC pause (G1 Evacuation Pause) (young) 4048K->913K(8192K), 0.0008172 secs]
40.698: [GC pause (G1 Evacuation Pause) (young) 3985K->976K(8192K), 0.0011340 secs]
40.701: [GC pause (G1 Evacuation Pause) (young) 4048K->913K(8192K), 0.0008288 secs]
40.704: [GC pause (G1 Evacuation Pause) (young) 3985K->976K(8192K), 0.0011373 secs]
40.707: [GC pause (G1 Evacuation Pause) (young) 4048K->913K(8192K), 0.0011214 secs]
40.711: [GC pause (G1 Evacuation Pause) (young) 3985K->976K(8192K), 0.0013067 secs]
40.714: [GC pause (G1 Evacuation Pause) (young) 4048K->913K(8192K), 0.0008150 secs]
40.717: [GC pause (G1 Evacuation Pause) (young) 3985K->976K(8192K), 0.0011450 secs]
40.720: [GC pause (G1 Evacuation Pause) (young) 4048K->913K(8192K), 0.0008172 secs]
40.723: [GC pause (G1 Evacuation Pause) (young) 3985K->976K(8192K), 0.0011753 secs]
40.727: [GC pause (G1 Evacuation Pause) (young) 4048K->913K(8192K), 0.0008029 secs]
40.730: [GC pause (G1 Evacuation Pause) (young) 3985K->976K(8192K), 0.0011357 secs]
40.733: [GC pause (G1 Evacuation Pause) (young) 4048K->913K(8192K), 0.0008095 secs]
40.736: [GC pause (G1 Evacuation Pause) (young) 3985K->976K(8192K), 0.0011104 secs]
40.739: [GC pause (G1 Evacuation Pause) (young) 4048K->913K(8192K), 0.0008211 secs]
40.742: [GC pause (G1 Evacuation Pause) (young) 3985K->976K(8192K), 0.0011390 secs]
40.745: [GC pause (G1 Evacuation Pause) (young) 4048K->913K(8192K), 0.0008123 secs]
40.748: [GC pause (G1 Evacuation Pause) (young) 3985K->976K(8192K), 0.0011318 secs]
40.751: [GC pause (G1 Evacuation Pause) (young) 4048K->913K(8192K), 0.0008156 secs]
40.754: [GC pause (G1 Evacuation Pause) (young) 3985K->976K(8192K), 0.0011808 secs]
40.758: [GC pause (G1 Evacuation Pause) (young) 4048K->913K(8192K), 0.0008398 secs]
40.761: [GC pause (G1 Evacuation Pause) (young) 3985K->976K(8192K), 0.0011170 secs]
40.764: [GC pause (G1 Evacuation Pause) (young) 4048K->913K(8192K), 0.0008651 secs]
40.767: [GC pause (G1 Evacuation Pause) (young) 3985K->1003K(8192K), 0.0013831 secs]
40.770: [GC pause (G1 Evacuation Pause) (young) 4075K->913K(8192K), 0.0008772 secs]
40.773: [GC pause (G1 Evacuation Pause) (young) 3985K->976K(8192K), 0.0011544 secs]
40.777: [GC pause (G1 Evacuation Pause) (young) 4048K->913K(8192K), 0.0008057 secs]
40.780: [GC pause (G1 Evacuation Pause) (young) 3985K->976K(8192K), 0.0011247 secs]
40.783: [GC pause (G1 Evacuation Pause) (young) 4048K->913K(8192K), 0.0008035 secs]
40.786: [GC pause (G1 Evacuation Pause) (young) 3985K->976K(8192K), 0.0033426 secs]
40.792: [GC pause (G1 Evacuation Pause) (young) 4048K->913K(8192K), 0.0008436 secs]
40.794: [GC pause (G1 Evacuation Pause) (young) 3985K->976K(8192K), 0.0011615 secs]
40.798: [GC pause (G1 Evacuation Pause) (young) 4048K->913K(8192K), 0.0008040 secs]
40.801: [GC pause (G1 Evacuation Pause) (young) 3985K->976K(8192K), 0.0011417 secs]
40.804: [GC pause (G1 Evacuation Pause) (young) 4048K->913K(8192K), 0.0008106 secs]
40.807: [GC pause (G1 Evacuation Pause) (young) 3985K->976K(8192K), 0.0014673 secs]
40.810: [GC pause (G1 Evacuation Pause) (young) 4048K->913K(8192K), 0.0008255 secs]
40.813: [GC pause (G1 Evacuation Pause) (young) 3985K->976K(8192K), 0.0011445 secs]
40.817: [GC pause (G1 Evacuation Pause) (young) 4048K->913K(8192K), 0.0008623 secs]
40.820: [GC pause (G1 Evacuation Pause) (young) 3985K->976K(8192K), 0.0011351 secs]
40.823: [GC pause (G1 Evacuation Pause) (young) 4048K->913K(8192K), 0.0256797 secs]
40.851: [GC pause (G1 Evacuation Pause) (young) 3985K->976K(8192K), 0.0147273 secs]
40.868: [GC pause (G1 Evacuation Pause) (young) 4048K->913K(8192K), 0.0191363 secs]
40.889: [GC pause (G1 Evacuation Pause) (young) 3985K->976K(8192K), 0.0189978 secs]
40.911: [GC pause (G1 Evacuation Pause) (young) 4048K->913K(8192K), 0.0068222 secs]
40.920: [GC pause (G1 Evacuation Pause) (young) 3985K->976K(8192K), 0.0011445 secs]
40.923: [GC pause (G1 Evacuation Pause) (young) 4048K->913K(8192K), 0.0014106 secs]
40.927: [GC pause (G1 Evacuation Pause) (young) 3985K->976K(8192K), 0.0011604 secs]
40.930: [GC pause (G1 Evacuation Pause) (young) 4048K->913K(8192K), 0.0008282 secs]
40.933: [GC pause (G1 Evacuation Pause) (young) 3985K->976K(8192K), 0.0012495 secs]
40.936: [GC pause (G1 Evacuation Pause) (young) 4048K->913K(8192K), 0.0008216 secs]
40.939: [GC pause (G1 Evacuation Pause) (young) 3985K->976K(8192K), 0.0011423 secs]
40.943: [GC pause (G1 Evacuation Pause) (young) 4048K->913K(8192K), 0.0008244 secs]
40.946: [GC pause (G1 Evacuation Pause) (young) 3985K->976K(8192K), 0.0011274 secs]
40.949: [GC pause (G1 Evacuation Pause) (young) 4048K->913K(8192K), 0.0008117 secs]
40.952: [GC pause (G1 Evacuation Pause) (young) 3985K->976K(8192K), 0.0011175 secs]
40.955: [GC pause (G1 Evacuation Pause) (young) 4048K->913K(8192K), 0.0007952 secs]
40.958: [GC pause (G1 Evacuation Pause) (young) 3985K->976K(8192K), 0.0011692 secs]
40.961: [GC pause (G1 Evacuation Pause) (young) 4048K->913K(8192K), 0.0008249 secs]
40.964: [GC pause (G1 Evacuation Pause) (young) 3985K->976K(8192K), 0.0011472 secs]
40.968: [GC pause (G1 Evacuation Pause) (young) 4048K->913K(8192K), 0.0008128 secs]
40.970: [GC pause (G1 Evacuation Pause) (young) 3985K->976K(8192K), 0.0011219 secs]
40.974: [GC pause (G1 Evacuation Pause) (young) 4048K->913K(8192K), 0.0008733 secs]
40.977: [GC pause (G1 Evacuation Pause) (young) 3985K->976K(8192K), 0.0011417 secs]
40.980: [GC pause (G1 Evacuation Pause) (young) 4048K->913K(8192K), 0.0008002 secs]
40.983: [GC pause (G1 Evacuation Pause) (young) 3985K->976K(8192K), 0.0011230 secs]
40.986: [GC pause (G1 Evacuation Pause) (young) 4048K->913K(8192K), 0.0008139 secs]
40.989: [GC pause (G1 Evacuation Pause) (young) 3985K->976K(8192K), 0.0011252 secs]
40.992: [GC pause (G1 Evacuation Pause) (young) 4048K->913K(8192K), 0.0008029 secs]
40.995: [GC pause (G1 Evacuation Pause) (young) 3985K->976K(8192K), 0.0011247 secs]
40.998: [GC pause (G1 Evacuation Pause) (young) 4048K->913K(8192K), 0.0008128 secs]
41.001: [GC pause (G1 Evacuation Pause) (young) 3985K->976K(8192K), 0.0011247 secs]
41.004: [GC pause (G1 Evacuation Pause) (young) 4048K->913K(8192K), 0.0007936 secs]
41.007: [GC pause (G1 Evacuation Pause) (young) 3985K->976K(8192K), 0.0013567 secs]
41.011: [GC pause (G1 Evacuation Pause) (young) 4048K->913K(8192K), 0.0008464 secs]
41.014: [GC pause (G1 Evacuation Pause) (young) 3985K->976K(8192K), 0.0011142 secs]
41.017: [GC pause (G1 Evacuation Pause) (young) 4048K->913K(8192K), 0.0008024 secs]
41.020: [GC pause (G1 Evacuation Pause) (young) 3985K->976K(8192K), 0.0012204 secs]
41.023: [GC pause (G1 Evacuation Pause) (young) 4048K->913K(8192K), 0.0008453 secs]
41.026: [GC pause (G1 Evacuation Pause) (young) 3985K->1003K(8192K), 0.0015927 secs]
41.030: [GC pause (G1 Evacuation Pause) (young) 4075K->913K(8192K), 0.0008381 secs]
41.033: [GC pause (G1 Evacuation Pause) (young) 3985K->976K(8192K), 0.0011203 secs]
41.036: [GC pause (G1 Evacuation Pause) (young) 4048K->913K(8192K), 0.0008211 secs]
41.039: [GC pause (G1 Evacuation Pause) (young) 3985K->976K(8192K), 0.0011362 secs]
41.042: [GC pause (G1 Evacuation Pause) (young) 4048K->913K(8192K), 0.0009701 secs]
41.045: [GC pause (G1 Evacuation Pause) (young) 3985K->976K(8192K), 0.0011802 secs]
41.049: [GC pause (G1 Evacuation Pause) (young) 4048K->913K(8192K), 0.0008057 secs]
41.051: [GC pause (G1 Evacuation Pause) (young) 3985K->976K(8192K), 0.0011428 secs]
41.055: [GC pause (G1 Evacuation Pause) (young) 4048K->913K(8192K), 0.0008145 secs]
41.058: [GC pause (G1 Evacuation Pause) (young) 3985K->976K(8192K), 0.0011742 secs]
41.061: [GC pause (G1 Evacuation Pause) (young) 4048K->913K(8192K), 0.0008046 secs]
41.064: [GC pause (G1 Evacuation Pause) (young) 3985K->976K(8192K), 0.0011291 secs]
41.067: [GC pause (G1 Evacuation Pause) (young) 4048K->913K(8192K), 0.0008068 secs]
41.070: [GC pause (G1 Evacuation Pause) (young) 3985K->976K(8192K), 0.0011758 secs]
41.073: [GC pause (G1 Evacuation Pause) (young) 4048K->913K(8192K), 0.0008255 secs]
41.076: [GC pause (G1 Evacuation Pause) (young) 3985K->976K(8192K), 0.0011896 secs]
41.080: [GC pause (G1 Evacuation Pause) (young) 4048K->913K(8192K), 0.0008299 secs]
41.082: [GC pause (G1 Evacuation Pause) (young) 3985K->976K(8192K), 0.0011698 secs]
41.086: [GC pause (G1 Evacuation Pause) (young) 4048K->913K(8192K), 0.0008040 secs]
41.089: [GC pause (G1 Evacuation Pause) (young) 3985K->976K(8192K), 0.0011373 secs]
41.092: [GC pause (G1 Evacuation Pause) (young) 4048K->913K(8192K), 0.0008194 secs]
41.095: [GC pause (G1 Evacuation Pause) (young) 3985K->976K(8192K), 0.0011351 secs]
41.098: [GC pause (G1 Evacuation Pause) (young) 4048K->913K(8192K), 0.0008139 secs]
41.101: [GC pause (G1 Evacuation Pause) (young) 3985K->976K(8192K), 0.0011241 secs]
41.104: [GC pause (G1 Evacuation Pause) (young) 4048K->913K(8192K), 0.0008491 secs]
41.107: [GC pause (G1 Evacuation Pause) (young) 3985K->976K(8192K), 0.0015041 secs]
41.111: [GC pause (G1 Evacuation Pause) (young) 4048K->913K(8192K), 0.0008062 secs]
41.114: [GC pause (G1 Evacuation Pause) (young) 3985K->976K(8192K), 0.0011175 secs]
41.117: [GC pause (G1 Evacuation Pause) (young) 4048K->913K(8192K), 0.0008156 secs]
41.120: [GC pause (G1 Evacuation Pause) (young) 3985K->976K(8192K), 0.0011698 secs]
41.123: [GC pause (G1 Evacuation Pause) (young) 4048K->913K(8192K), 0.0011219 secs]
41.128: [GC pause (G1 Evacuation Pause) (young) 3985K->976K(8192K), 0.0012088 secs]
41.133: [GC pause (G1 Evacuation Pause) (young) 4048K->913K(8192K), 0.0008794 secs]
41.136: [GC pause (G1 Evacuation Pause) (young) 3985K->976K(8192K), 0.0012072 secs]
41.140: [GC pause (G1 Evacuation Pause) (young) 4048K->913K(8192K), 0.0008321 secs]
41.142: [GC pause (G1 Evacuation Pause) (young) 3985K->976K(8192K), 0.0011351 secs]
41.146: [GC pause (G1 Evacuation Pause) (young) 4048K->913K(8192K), 0.0008337 secs]
41.149: [GC pause (G1 Evacuation Pause) (young) 3985K->976K(8192K), 0.0011340 secs]
41.152: [GC pause (G1 Evacuation Pause) (young) 4048K->913K(8192K), 0.0008420 secs]
41.155: [GC pause (G1 Evacuation Pause) (young) 3985K->976K(8192K), 0.0011274 secs]
41.158: [GC pause (G1 Evacuation Pause) (young) 4048K->913K(8192K), 0.0008277 secs]
41.161: [GC pause (G1 Evacuation Pause) (young) 3985K->976K(8192K), 0.0011324 secs]
41.164: [GC pause (G1 Evacuation Pause) (young) 4048K->913K(8192K), 0.0008255 secs]
41.167: [GC pause (G1 Evacuation Pause) (young) 3985K->976K(8192K), 0.0011318 secs]
41.170: [GC pause (G1 Evacuation Pause) (young) 4048K->913K(8192K), 0.0008486 secs]
41.173: [GC pause (G1 Evacuation Pause) (young) 3985K->976K(8192K), 0.0012176 secs]
41.177: [GC pause (G1 Evacuation Pause) (young) 4048K->913K(8192K), 0.0008211 secs]
41.180: [GC pause (G1 Evacuation Pause) (young) 3985K->976K(8192K), 0.0012468 secs]
41.183: [GC pause (G1 Evacuation Pause) (young) 4048K->913K(8192K), 0.0008271 secs]
41.186: [GC pause (G1 Evacuation Pause) (young) 3985K->976K(8192K), 0.0011214 secs]
41.189: [GC pause (G1 Evacuation Pause) (young) 4048K->913K(8192K), 0.0008073 secs]
41.192: [GC pause (G1 Evacuation Pause) (young) 3985K->976K(8192K), 0.0011511 secs]
41.195: [GC pause (G1 Evacuation Pause) (young) 4048K->913K(8192K), 0.0009052 secs]
41.198: [GC pause (G1 Evacuation Pause) (young) 3985K->976K(8192K), 0.0011241 secs]
41.201: [GC pause (G1 Evacuation Pause) (young) 4048K->913K(8192K), 0.0008095 secs]
41.204: [GC pause (G1 Evacuation Pause) (young) 3985K->976K(8192K), 0.0011324 secs]
41.208: [GC pause (G1 Evacuation Pause) (young) 4048K->913K(8192K), 0.0009459 secs]
41.211: [GC pause (G1 Evacuation Pause) (young) 3985K->976K(8192K), 0.0013276 secs]
41.215: [GC pause (G1 Evacuation Pause) (young) 4048K->913K(8192K), 0.0008381 secs]
41.219: [GC pause (G1 Evacuation Pause) (young) 3985K->976K(8192K), 0.0011681 secs]
41.222: [GC pause (G1 Evacuation Pause) (young) 4048K->913K(8192K), 0.0008497 secs]
41.225: [GC pause (G1 Evacuation Pause) (young) 3985K->1003K(8192K), 0.0014271 secs]
41.229: [GC pause (G1 Evacuation Pause) (young) 4075K->913K(8192K), 0.0009019 secs]
41.234: [GC pause (G1 Evacuation Pause) (young) 3985K->976K(8192K), 0.0011577 secs]
41.237: [GC pause (G1 Evacuation Pause) (young) 4048K->913K(8192K), 0.0008282 secs]
41.240: [GC pause (G1 Evacuation Pause) (young) 3985K->976K(8192K), 0.0011857 secs]
41.244: [GC pause (G1 Evacuation Pause) (young) 4048K->913K(8192K), 0.0008414 secs]
41.247: [GC pause (G1 Evacuation Pause) (young) 3985K->976K(8192K), 0.0011654 secs]
41.250: [GC pause (G1 Evacuation Pause) (young) 4048K->913K(8192K), 0.0008266 secs]
41.253: [GC pause (G1 Evacuation Pause) (young) 3985K->976K(8192K), 0.0011236 secs]
41.256: [GC pause (G1 Evacuation Pause) (young) 4048K->913K(8192K), 0.0008255 secs]
41.259: [GC pause (G1 Evacuation Pause) (young) 3985K->976K(8192K), 0.0011368 secs]
41.262: [GC pause (G1 Evacuation Pause) (young) 4048K->913K(8192K), 0.0008183 secs]
41.265: [GC pause (G1 Evacuation Pause) (young) 3985K->976K(8192K), 0.0011219 secs]
41.268: [GC pause (G1 Evacuation Pause) (young) 4048K->913K(8192K), 0.0008134 secs]
41.271: [GC pause (G1 Evacuation Pause) (young) 3985K->976K(8192K), 0.0011214 secs]
41.275: [GC pause (G1 Evacuation Pause) (young) 4048K->913K(8192K), 0.0008029 secs]
41.277: [GC pause (G1 Evacuation Pause) (young) 3985K->976K(8192K), 0.0011269 secs]
41.281: [GC pause (G1 Evacuation Pause) (young) 4048K->913K(8192K), 0.0008079 secs]
41.284: [GC pause (G1 Evacuation Pause) (young) 3985K->976K(8192K), 0.0014585 secs]
41.287: [GC pause (G1 Evacuation Pause) (young) 4048K->913K(8192K), 0.0026310 secs]
41.292: [GC pause (G1 Evacuation Pause) (young) 3985K->976K(8192K), 0.0011412 secs]
41.295: [GC pause (G1 Evacuation Pause) (young) 4048K->913K(8192K), 0.0008519 secs]
41.298: [GC pause (G1 Evacuation Pause) (young) 3985K->976K(8192K), 0.0011379 secs]
41.302: [GC pause (G1 Evacuation Pause) (young) 4048K->913K(8192K), 0.0008068 secs]
41.304: [GC pause (G1 Evacuation Pause) (young) 3985K->976K(8192K), 0.0011230 secs]
41.308: [GC pause (G1 Evacuation Pause) (young) 4048K->913K(8192K), 0.0009305 secs]
41.311: [GC pause (G1 Evacuation Pause) (young) 3985K->976K(8192K), 0.0011258 secs]
41.314: [GC pause (G1 Evacuation Pause) (young) 4048K->913K(8192K), 0.0008007 secs]
41.317: [GC pause (G1 Evacuation Pause) (young) 3985K->976K(8192K), 0.0011610 secs]
41.320: [GC pause (G1 Evacuation Pause) (young) 4048K->913K(8192K), 0.0008139 secs]
41.323: [GC pause (G1 Evacuation Pause) (young) 3985K->976K(8192K), 0.0012039 secs]
41.326: [GC pause (G1 Evacuation Pause) (young) 4048K->913K(8192K), 0.0008315 secs]
41.329: [GC pause (G1 Evacuation Pause) (young) 3985K->976K(8192K), 0.0011346 secs]
41.332: [GC pause (G1 Evacuation Pause) (young) 4048K->913K(8192K), 0.0008370 secs]
41.335: [GC pause (G1 Evacuation Pause) (young) 3985K->976K(8192K), 0.0011643 secs]
41.339: [GC pause (G1 Evacuation Pause) (young) 4048K->913K(8192K), 0.0008128 secs]
41.342: [GC pause (G1 Evacuation Pause) (young) 3985K->976K(8192K), 0.0011252 secs]
41.345: [GC pause (G1 Evacuation Pause) (young) 4048K->913K(8192K), 0.0008579 secs]
41.348: [GC pause (G1 Evacuation Pause) (young) 3985K->976K(8192K), 0.0011230 secs]
41.351: [GC pause (G1 Evacuation Pause) (young) 4048K->913K(8192K), 0.0008084 secs]
41.354: [GC pause (G1 Evacuation Pause) (young) 3985K->976K(8192K), 0.0011329 secs]
41.357: [GC pause (G1 Evacuation Pause) (young) 4048K->913K(8192K), 0.0009597 secs]
41.360: [GC pause (G1 Evacuation Pause) (young) 3985K->976K(8192K), 0.0011560 secs]
41.364: [GC pause (G1 Evacuation Pause) (young) 4048K->913K(8192K), 0.0008112 secs]
41.366: [GC pause (G1 Evacuation Pause) (young) 3985K->976K(8192K), 0.0011296 secs]
41.370: [GC pause (G1 Evacuation Pause) (young) 4048K->913K(8192K), 0.0293381 secs]
41.401: [GC pause (G1 Evacuation Pause) (young) 3985K->976K(8192K), 0.0011786 secs]
41.405: [GC pause (G1 Evacuation Pause) (young) 4048K->913K(8192K), 0.0008216 secs]
41.408: [GC pause (G1 Evacuation Pause) (young) 3985K->976K(8192K), 0.0377893 secs]
41.448: [GC pause (G1 Evacuation Pause) (young) 4048K->913K(8192K), 0.0153246 secs]
41.466: [GC pause (G1 Evacuation Pause) (young) 3985K->976K(8192K), 0.0011516 secs]
41.469: [GC pause (G1 Evacuation Pause) (young) 4048K->913K(8192K), 0.0008420 secs]
41.472: [GC pause (G1 Evacuation Pause) (young) 3985K->976K(8192K), 0.0011379 secs]
41.475: [GC pause (G1 Evacuation Pause) (young) 4048K->913K(8192K), 0.0008304 secs]
41.478: [GC pause (G1 Evacuation Pause) (young) 3985K->1003K(8192K), 0.0015608 secs]
41.482: [GC pause (G1 Evacuation Pause) (young) 4075K->913K(8192K), 0.0008222 secs]
41.485: [GC pause (G1 Evacuation Pause) (young) 3985K->976K(8192K), 0.0011390 secs]
41.488: [GC pause (G1 Evacuation Pause) (young) 4048K->913K(8192K), 0.0008392 secs]
41.491: [GC pause (G1 Evacuation Pause) (young) 3985K->976K(8192K), 0.0011747 secs]
41.495: [GC pause (G1 Evacuation Pause) (young) 4048K->913K(8192K), 0.0015652 secs]
41.498: [GC pause (G1 Evacuation Pause) (young) 3985K->976K(8192K), 0.0011456 secs]
41.502: [GC pause (G1 Evacuation Pause) (young) 4048K->913K(8192K), 0.0008321 secs]
41.505: [GC pause (G1 Evacuation Pause) (young) 3985K->976K(8192K), 0.0011395 secs]
41.508: [GC pause (G1 Evacuation Pause) (young) 4048K->913K(8192K), 0.0008255 secs]
41.511: [GC pause (G1 Evacuation Pause) (young) 3985K->976K(8192K), 0.0011412 secs]
41.514: [GC pause (G1 Evacuation Pause) (young) 4048K->913K(8192K), 0.0008095 secs]
41.517: [GC pause (G1 Evacuation Pause) (young) 3985K->976K(8192K), 0.0011252 secs]
41.520: [GC pause (G1 Evacuation Pause) (young) 4048K->913K(8192K), 0.0008046 secs]
41.523: [GC pause (G1 Evacuation Pause) (young) 3985K->976K(8192K), 0.0012671 secs]
41.526: [GC pause (G1 Evacuation Pause) (young) 4048K->913K(8192K), 0.0014101 secs]
41.530: [GC pause (G1 Evacuation Pause) (young) 3985K->976K(8192K), 0.0011896 secs]
41.533: [GC pause (G1 Evacuation Pause) (young) 4048K->913K(8192K), 0.0009047 secs]
41.536: [GC pause (G1 Evacuation Pause) (young) 3985K->976K(8192K), 0.0011280 secs]
41.539: [GC pause (G1 Evacuation Pause) (young) 4048K->913K(8192K), 0.0008057 secs]
41.542: [GC pause (G1 Evacuation Pause) (young) 3985K->976K(8192K), 0.0011698 secs]
41.546: [GC pause (G1 Evacuation Pause) (young) 4048K->913K(8192K), 0.0008073 secs]
41.549: [GC pause (G1 Evacuation Pause) (young) 3985K->976K(8192K), 0.0011219 secs]
41.552: [GC pause (G1 Evacuation Pause) (young) 4048K->913K(8192K), 0.0008249 secs]
41.555: [GC pause (G1 Evacuation Pause) (young) 3985K->976K(8192K), 0.0011390 secs]
41.558: [GC pause (G1 Evacuation Pause) (young) 4048K->913K(8192K), 0.0008585 secs]
41.561: [GC pause (G1 Evacuation Pause) (young) 3985K->976K(8192K), 0.0011412 secs]
41.565: [GC pause (G1 Evacuation Pause) (young) 4048K->913K(8192K), 0.0008084 secs]
41.568: [GC pause (G1 Evacuation Pause) (young) 3985K->976K(8192K), 0.0011659 secs]
41.571: [GC pause (G1 Evacuation Pause) (young) 4048K->913K(8192K), 0.0008101 secs]
41.574: [GC pause (G1 Evacuation Pause) (young) 3985K->976K(8192K), 0.0015371 secs]
41.577: [GC pause (G1 Evacuation Pause) (young) 4048K->913K(8192K), 0.0008183 secs]
41.580: [GC pause (G1 Evacuation Pause) (young) 3985K->976K(8192K), 0.0011214 secs]
41.583: [GC pause (G1 Evacuation Pause) (young) 4048K->913K(8192K), 0.0008359 secs]
41.586: [GC pause (G1 Evacuation Pause) (young) 3985K->976K(8192K), 0.0011346 secs]
41.590: [GC pause (G1 Evacuation Pause) (young) 4048K->913K(8192K), 0.0009421 secs]
41.593: [GC pause (G1 Evacuation Pause) (young) 3985K->976K(8192K), 0.0011544 secs]
41.596: [GC pause (G1 Evacuation Pause) (young) 4048K->913K(8192K), 0.0008238 secs]
41.599: [GC pause (G1 Evacuation Pause) (young) 3985K->976K(8192K), 0.0011307 secs]
41.602: [GC pause (G1 Evacuation Pause) (young) 4048K->913K(8192K), 0.0008579 secs]
41.605: [GC pause (G1 Evacuation Pause) (young) 3985K->976K(8192K), 0.0011533 secs]
41.609: [GC pause (G1 Evacuation Pause) (young) 4048K->913K(8192K), 0.0008447 secs]
41.612: [GC pause (G1 Evacuation Pause) (young) 3985K->976K(8192K), 0.0011687 secs]
41.615: [GC pause (G1 Evacuation Pause) (young) 4048K->913K(8192K), 0.0008095 secs]
41.618: [GC pause (G1 Evacuation Pause) (young) 3985K->976K(8192K), 0.0011208 secs]
41.621: [GC pause (G1 Evacuation Pause) (young) 4048K->913K(8192K), 0.0008167 secs]
41.624: [GC pause (G1 Evacuation Pause) (young) 3985K->976K(8192K), 0.0013292 secs]
41.628: [GC pause (G1 Evacuation Pause) (young) 4048K->913K(8192K), 0.0008172 secs]
41.631: [GC pause (G1 Evacuation Pause) (young) 3985K->976K(8192K), 0.0011467 secs]
41.634: [GC pause (G1 Evacuation Pause) (young) 4048K->913K(8192K), 0.0008134 secs]
41.637: [GC pause (G1 Evacuation Pause) (young) 3985K->976K(8192K), 0.0011269 secs]
41.640: [GC pause (G1 Evacuation Pause) (young) 4048K->913K(8192K), 0.0008277 secs]
41.643: [GC pause (G1 Evacuation Pause) (young) 3985K->976K(8192K), 0.0011285 secs]
41.646: [GC pause (G1 Evacuation Pause) (young) 4048K->913K(8192K), 0.0007996 secs]
41.649: [GC pause (G1 Evacuation Pause) (young) 3985K->976K(8192K), 0.0028141 secs]
41.654: [GC pause (G1 Evacuation Pause) (young) 4048K->913K(8192K), 0.0008739 secs]
41.657: [GC pause (G1 Evacuation Pause) (young) 3985K->976K(8192K), 0.0011769 secs]
41.661: [GC pause (G1 Evacuation Pause) (young) 4048K->913K(8192K), 0.0008106 secs]
41.663: [GC pause (G1 Evacuation Pause) (young) 3985K->976K(8192K), 0.0011263 secs]
41.667: [GC pause (G1 Evacuation Pause) (young) 4048K->913K(8192K), 0.0015382 secs]
41.670: [GC pause (G1 Evacuation Pause) (young) 3985K->976K(8192K), 0.0011423 secs]
41.674: [GC pause (G1 Evacuation Pause) (young) 4048K->975K(8192K), 0.0010356 secs]
41.677: [GC pause (G1 Evacuation Pause) (young) 4047K->998K(8192K), 0.0011346 secs]
41.680: [GC pause (G1 Evacuation Pause) (young) 4070K->911K(8192K), 0.0008079 secs]
41.683: [GC pause (G1 Evacuation Pause) (young) 3983K->974K(8192K), 0.0011797 secs]
41.686: [GC pause (G1 Evacuation Pause) (young) 4046K->913K(8192K), 0.0008123 secs]
41.689: [GC pause (G1 Evacuation Pause) (young) 3985K->976K(8192K), 0.0011621 secs]
41.692: [GC pause (G1 Evacuation Pause) (young) 4048K->913K(8192K), 0.0008915 secs]
41.695: [GC pause (G1 Evacuation Pause) (young) 3985K->976K(8192K), 0.0011296 secs]
41.699: [GC pause (G1 Evacuation Pause) (young) 4048K->913K(8192K), 0.0008106 secs]
41.701: [GC pause (G1 Evacuation Pause) (young) 3985K->976K(8192K), 0.0013314 secs]
41.705: [GC pause (G1 Evacuation Pause) (young) 4048K->913K(8192K), 0.0008101 secs]
41.708: [GC pause (G1 Evacuation Pause) (young) 3985K->1003K(8192K), 0.0016191 secs]
41.712: [GC pause (G1 Evacuation Pause) (young) 4075K->913K(8192K), 0.0008211 secs]
41.715: [GC pause (G1 Evacuation Pause) (young) 3985K->976K(8192K), 0.0011357 secs]
41.718: [GC pause (G1 Evacuation Pause) (young) 4048K->913K(8192K), 0.0008139 secs]
41.721: [GC pause (G1 Evacuation Pause) (young) 3985K->976K(8192K), 0.0011285 secs]
41.724: [GC pause (G1 Evacuation Pause) (young) 4048K->913K(8192K), 0.0009921 secs]
41.727: [GC pause (G1 Evacuation Pause) (young) 3985K->976K(8192K), 0.0011324 secs]
41.730: [GC pause (G1 Evacuation Pause) (young) 4048K->913K(8192K), 0.0008200 secs]
41.733: [GC pause (G1 Evacuation Pause) (young) 3985K->976K(8192K), 0.0011280 secs]
41.737: [GC pause (G1 Evacuation Pause) (young) 4048K->913K(8192K), 0.0008029 secs]
41.739: [GC pause (G1 Evacuation Pause) (young) 3985K->976K(8192K), 0.0011175 secs]
41.743: [GC pause (G1 Evacuation Pause) (young) 4048K->913K(8192K), 0.0008117 secs]
41.746: [GC pause (G1 Evacuation Pause) (young) 3985K->976K(8192K), 0.0011329 secs]
41.749: [GC pause (G1 Evacuation Pause) (young) 4048K->913K(8192K), 0.0008035 secs]
41.752: [GC pause (G1 Evacuation Pause) (young) 3985K->976K(8192K), 0.0011192 secs]
41.755: [GC pause (G1 Evacuation Pause) (young) 4048K->913K(8192K), 0.0008178 secs]
41.758: [GC pause (G1 Evacuation Pause) (young) 3985K->976K(8192K), 0.0011797 secs]
41.761: [GC pause (G1 Evacuation Pause) (young) 4048K->913K(8192K), 0.0009415 secs]
41.764: [GC pause (G1 Evacuation Pause) (young) 3985K->976K(8192K), 0.0011302 secs]
41.767: [GC pause (G1 Evacuation Pause) (young) 4048K->913K(8192K), 0.0008112 secs]
41.770: [GC pause (G1 Evacuation Pause) (young) 3985K->976K(8192K), 0.0011472 secs]
41.774: [GC pause (G1 Evacuation Pause) (young) 4048K->975K(8192K), 0.0010224 secs]
41.777: [GC pause (G1 Evacuation Pause) (young) 4047K->998K(8192K), 0.0011384 secs]
41.780: [GC pause (G1 Evacuation Pause) (young) 4070K->911K(8192K), 0.0008112 secs]
41.783: [GC pause (G1 Evacuation Pause) (young) 3983K->974K(8192K), 0.0199998 secs]
41.806: [GC pause (G1 Evacuation Pause) (young) 4046K->913K(8192K), 0.0020183 secs]
41.810: [GC pause (G1 Evacuation Pause) (young) 3985K->975K(8192K), 0.0012220 secs]
41.814: [GC pause (G1 Evacuation Pause) (young) 4047K->913K(8192K), 0.0008761 secs]
41.817: [GC pause (G1 Evacuation Pause) (young) 3985K->976K(8192K), 0.0197413 secs]
41.839: [GC pause (G1 Evacuation Pause) (young) 4048K->913K(8192K), 0.0021118 secs]
41.844: [GC pause (G1 Evacuation Pause) (young) 3985K->976K(8192K), 0.0011709 secs]
41.847: [GC pause (G1 Evacuation Pause) (young) 4048K->913K(8192K), 0.0184670 secs]
41.868: [GC pause (G1 Evacuation Pause) (young) 3985K->976K(8192K), 0.0011813 secs]
41.872: [GC pause (G1 Evacuation Pause) (young) 4048K->913K(8192K), 0.0067084 secs]
41.880: [GC pause (G1 Evacuation Pause) (young) 3985K->976K(8192K), 0.0011346 secs]
41.884: [GC pause (G1 Evacuation Pause) (young) 4048K->913K(8192K), 0.0008535 secs]
41.887: [GC pause (G1 Evacuation Pause) (young) 3985K->976K(8192K), 0.0011131 secs]
41.890: [GC pause (G1 Evacuation Pause) (young) 4048K->913K(8192K), 0.0008068 secs]
41.893: [GC pause (G1 Evacuation Pause) (young) 3985K->976K(8192K), 0.0011379 secs]
41.896: [GC pause (G1 Evacuation Pause) (young) 4048K->913K(8192K), 0.0008183 secs]
41.899: [GC pause (G1 Evacuation Pause) (young) 3985K->976K(8192K), 0.0011384 secs]
41.902: [GC pause (G1 Evacuation Pause) (young) 4048K->913K(8192K), 0.0008656 secs]
41.905: [GC pause (G1 Evacuation Pause) (young) 3985K->976K(8192K), 0.0011302 secs]
41.909: [GC pause (G1 Evacuation Pause) (young) 4048K->913K(8192K), 0.0008260 secs]
41.912: [GC pause (G1 Evacuation Pause) (young) 3985K->976K(8192K), 0.0011164 secs]
41.915: [GC pause (G1 Evacuation Pause) (young) 4048K->913K(8192K), 0.0008101 secs]
41.918: [GC pause (G1 Evacuation Pause) (young) 3985K->976K(8192K), 0.0011522 secs]
41.921: [GC pause (G1 Evacuation Pause) (young) 4048K->913K(8192K), 0.0008244 secs]
41.924: [GC pause (G1 Evacuation Pause) (young) 3985K->976K(8192K), 0.0011670 secs]
41.927: [GC pause (G1 Evacuation Pause) (young) 4048K->913K(8192K), 0.0008101 secs]
41.930: [GC pause (G1 Evacuation Pause) (young) 3985K->976K(8192K), 0.0011373 secs]
41.933: [GC pause (G1 Evacuation Pause) (young) 4048K->913K(8192K), 0.0008315 secs]
41.936: [GC pause (G1 Evacuation Pause) (young) 3985K->976K(8192K), 0.0011780 secs]
41.940: [GC pause (G1 Evacuation Pause) (young) 4048K->913K(8192K), 0.0008073 secs]
41.943: [GC pause (G1 Evacuation Pause) (young) 3985K->976K(8192K), 0.0012765 secs]
41.946: [GC pause (G1 Evacuation Pause) (young) 4048K->913K(8192K), 0.0008200 secs]
41.949: [GC pause (G1 Evacuation Pause) (young) 3985K->976K(8192K), 0.0011346 secs]
41.952: [GC pause (G1 Evacuation Pause) (young) 4048K->913K(8192K), 0.0008134 secs]
41.955: [GC pause (G1 Evacuation Pause) (young) 3985K->976K(8192K), 0.0011560 secs]
41.958: [GC pause (G1 Evacuation Pause) (young) 4048K->913K(8192K), 0.0007980 secs]
41.961: [GC pause (G1 Evacuation Pause) (young) 3985K->976K(8192K), 0.0011269 secs]
41.965: [GC pause (G1 Evacuation Pause) (young) 4048K->913K(8192K), 0.0008106 secs]
41.968: [GC pause (G1 Evacuation Pause) (young) 3985K->976K(8192K), 0.0011599 secs]
41.971: [GC pause (G1 Evacuation Pause) (young) 4048K->913K(8192K), 0.0008222 secs]
41.974: [GC pause (G1 Evacuation Pause) (young) 3985K->976K(8192K), 0.0012380 secs]
41.977: [GC pause (G1 Evacuation Pause) (young) 4048K->913K(8192K), 0.0008200 secs]
41.980: [GC pause (G1 Evacuation Pause) (young) 3985K->976K(8192K), 0.0011263 secs]
41.983: [GC pause (G1 Evacuation Pause) (young) 4048K->913K(8192K), 0.0008123 secs]
41.986: [GC pause (G1 Evacuation Pause) (young) 3985K->976K(8192K), 0.0011274 secs]
41.989: [GC pause (G1 Evacuation Pause) (young) 4048K->913K(8192K), 0.0008051 secs]
41.992: [GC pause (G1 Evacuation Pause) (young) 3985K->976K(8192K), 0.0011329 secs]
41.996: [GC pause (G1 Evacuation Pause) (young) 4048K->913K(8192K), 0.0008233 secs]
41.999: [GC pause (G1 Evacuation Pause) (young) 3985K->976K(8192K), 0.0012506 secs]
42.002: [GC pause (G1 Evacuation Pause) (young) 4048K->913K(8192K), 0.0008057 secs]
42.005: [GC pause (G1 Evacuation Pause) (young) 3985K->976K(8192K), 0.0011274 secs]
42.008: [GC pause (G1 Evacuation Pause) (young) 4048K->913K(8192K), 0.0008095 secs]
42.011: [GC pause (G1 Evacuation Pause) (young) 3985K->976K(8192K), 0.0011263 secs]
42.014: [GC pause (G1 Evacuation Pause) (young) 4048K->913K(8192K), 0.0008117 secs]
42.017: [GC pause (G1 Evacuation Pause) (young) 3985K->976K(8192K), 0.0017142 secs]
42.021: [GC pause (G1 Evacuation Pause) (young) 4048K->913K(8192K), 0.0008216 secs]
42.024: [GC pause (G1 Evacuation Pause) (young) 3985K->976K(8192K), 0.0011175 secs]
42.027: [GC pause (G1 Evacuation Pause) (young) 4048K->913K(8192K), 0.0008046 secs]
42.030: [GC pause (G1 Evacuation Pause) (young) 3985K->976K(8192K), 0.0011912 secs]
42.033: [GC pause (G1 Evacuation Pause) (young) 4048K->913K(8192K), 0.0008271 secs]
42.036: [GC pause (G1 Evacuation Pause) (young) 3985K->976K(8192K), 0.0011764 secs]
42.039: [GC pause (G1 Evacuation Pause) (young) 4048K->913K(8192K), 0.0007985 secs]
42.042: [GC pause (G1 Evacuation Pause) (young) 3985K->976K(8192K), 0.0011269 secs]
42.046: [GC pause (G1 Evacuation Pause) (young) 4048K->913K(8192K), 0.0009965 secs]
42.049: [GC pause (G1 Evacuation Pause) (young) 3985K->976K(8192K), 0.0011164 secs]
42.052: [GC pause (G1 Evacuation Pause) (young) 4048K->913K(8192K), 0.0008024 secs]
42.055: [GC pause (G1 Evacuation Pause) (young) 3985K->976K(8192K), 0.0011445 secs]
42.058: [GC pause (G1 Evacuation Pause) (young) 4048K->913K(8192K), 0.0008073 secs]
42.061: [GC pause (G1 Evacuation Pause) (young) 3985K->976K(8192K), 0.0011329 secs]
42.064: [GC pause (G1 Evacuation Pause) (young) 4048K->913K(8192K), 0.0008051 secs]
42.067: [GC pause (G1 Evacuation Pause) (young) 3985K->976K(8192K), 0.0011335 secs]
42.070: [GC pause (G1 Evacuation Pause) (young) 4048K->913K(8192K), 0.0008266 secs]
42.073: [GC pause (G1 Evacuation Pause) (young) 3985K->976K(8192K), 0.0011604 secs]
42.077: [GC pause (G1 Evacuation Pause) (young) 4048K->913K(8192K), 0.0008706 secs]
42.079: [GC pause (G1 Evacuation Pause) (young) 3985K->976K(8192K), 0.0011186 secs]
42.083: [GC pause (G1 Evacuation Pause) (young) 4048K->913K(8192K), 0.0008106 secs]
42.086: [GC pause (G1 Evacuation Pause) (young) 3985K->976K(8192K), 0.0011153 secs]
42.089: [GC pause (G1 Evacuation Pause) (young) 4048K->913K(8192K), 0.0008117 secs]
42.092: [GC pause (G1 Evacuation Pause) (young) 3985K->976K(8192K), 0.0011494 secs]
42.095: [GC pause (G1 Evacuation Pause) (young) 4048K->913K(8192K), 0.0008062 secs]
42.098: [GC pause (G1 Evacuation Pause) (young) 3985K->976K(8192K), 0.0011236 secs]
42.101: [GC pause (G1 Evacuation Pause) (young) 4048K->913K(8192K), 0.0009080 secs]
42.104: [GC pause (G1 Evacuation Pause) (young) 3985K->976K(8192K), 0.0011296 secs]
42.108: [GC pause (G1 Evacuation Pause) (young) 4048K->913K(8192K), 0.0008073 secs]
42.110: [GC pause (G1 Evacuation Pause) (young) 3985K->976K(8192K), 0.0011357 secs]
42.114: [GC pause (G1 Evacuation Pause) (young) 4048K->913K(8192K), 0.0008046 secs]
42.117: [GC pause (G1 Evacuation Pause) (young) 3985K->976K(8192K), 0.0011186 secs]
42.121: [GC pause (G1 Evacuation Pause) (young) 4048K->913K(8192K), 0.0008315 secs]
42.124: [GC pause (G1 Evacuation Pause) (young) 3985K->976K(8192K), 0.0011390 secs]
42.127: [GC pause (G1 Evacuation Pause) (young) 4048K->913K(8192K), 0.0009135 secs]
42.130: [GC pause (G1 Evacuation Pause) (young) 3985K->976K(8192K), 0.0011181 secs]
42.134: [GC pause (G1 Evacuation Pause) (young) 4048K->913K(8192K), 0.0008425 secs]
42.137: [GC pause (G1 Evacuation Pause) (young) 3985K->976K(8192K), 0.0011362 secs]
42.140: [GC pause (G1 Evacuation Pause) (young) 4048K->913K(8192K), 0.0008084 secs]
42.143: [GC pause (G1 Evacuation Pause) (young) 3985K->976K(8192K), 0.0011434 secs]
42.146: [GC pause (G1 Evacuation Pause) (young) 4048K->913K(8192K), 0.0008106 secs]
42.149: [GC pause (G1 Evacuation Pause) (young) 3985K->976K(8192K), 0.0011412 secs]
42.152: [GC pause (G1 Evacuation Pause) (young) 4048K->913K(8192K), 0.0008156 secs]
42.155: [GC pause (G1 Evacuation Pause) (young) 3985K->976K(8192K), 0.0011214 secs]
42.158: [GC pause (G1 Evacuation Pause) (young) 4048K->913K(8192K), 0.0008018 secs]
42.161: [GC pause (G1 Evacuation Pause) (young) 3985K->976K(8192K), 0.0011423 secs]
42.164: [GC pause (G1 Evacuation Pause) (young) 4048K->913K(8192K), 0.0007991 secs]
42.167: [GC pause (G1 Evacuation Pause) (young) 3985K->976K(8192K), 0.0011588 secs]
42.171: [GC pause (G1 Evacuation Pause) (young) 4048K->913K(8192K), 0.0010796 secs]
42.174: [GC pause (G1 Evacuation Pause) (young) 3985K->976K(8192K), 0.0011918 secs]
42.177: [GC pause (G1 Evacuation Pause) (young) 4048K->913K(8192K), 0.0008139 secs]
42.180: [GC pause (G1 Evacuation Pause) (young) 3985K->976K(8192K), 0.0011384 secs]
42.183: [GC pause (G1 Evacuation Pause) (young) 4048K->913K(8192K), 0.0008205 secs]
42.186: [GC pause (G1 Evacuation Pause) (young) 3985K->976K(8192K), 0.0011274 secs]
42.189: [GC pause (G1 Evacuation Pause) (young) 4048K->913K(8192K), 0.0008579 secs]
42.192: [GC pause (G1 Evacuation Pause) (young) 3985K->976K(8192K), 0.0011390 secs]
42.196: [GC pause (G1 Evacuation Pause) (young) 4048K->913K(8192K), 0.0008403 secs]
42.199: [GC pause (G1 Evacuation Pause) (young) 3985K->976K(8192K), 0.0011296 secs]
42.202: [GC pause (G1 Evacuation Pause) (young) 4048K->913K(8192K), 0.0008090 secs]
42.205: [GC pause (G1 Evacuation Pause) (young) 3985K->976K(8192K), 0.0011241 secs]
42.208: [GC pause (G1 Evacuation Pause) (young) 4048K->913K(8192K), 0.0007991 secs]
42.211: [GC pause (G1 Evacuation Pause) (young) 3985K->976K(8192K), 0.0011203 secs]
42.214: [GC pause (G1 Evacuation Pause) (young) 4048K->913K(8192K), 0.0007996 secs]
42.217: [GC pause (G1 Evacuation Pause) (young) 3985K->976K(8192K), 0.0011758 secs]
42.220: [GC pause (G1 Evacuation Pause) (young) 4048K->913K(8192K), 0.0008123 secs]
42.223: [GC pause (G1 Evacuation Pause) (young) 3985K->976K(8192K), 0.0011747 secs]
42.227: [GC pause (G1 Evacuation Pause) (young) 4048K->913K(8192K), 0.0008304 secs]
42.230: [GC pause (G1 Evacuation Pause) (young) 3985K->976K(8192K), 0.0011852 secs]
42.233: [GC pause (G1 Evacuation Pause) (young) 4048K->913K(8192K), 0.0008035 secs]
42.236: [GC pause (G1 Evacuation Pause) (young) 3985K->976K(8192K), 0.0011280 secs]
42.239: [GC pause (G1 Evacuation Pause) (young) 4048K->913K(8192K), 0.0007958 secs]
42.242: [GC pause (G1 Evacuation Pause) (young) 3985K->976K(8192K), 0.0011522 secs]
42.245: [GC pause (G1 Evacuation Pause) (young) 4048K->913K(8192K), 0.0008101 secs]
42.248: [GC pause (G1 Evacuation Pause) (young) 3985K->976K(8192K), 0.0011170 secs]
42.251: [GC pause (G1 Evacuation Pause) (young) 4048K->913K(8192K), 0.0008018 secs]
42.254: [GC pause (G1 Evacuation Pause) (young) 3985K->976K(8192K), 0.0011313 secs]
42.258: [GC pause (G1 Evacuation Pause) (young) 4048K->913K(8192K), 0.0008150 secs]
42.260: [GC pause (G1 Evacuation Pause) (young) 3985K->976K(8192K), 0.0011225 secs]
42.264: [GC pause (G1 Evacuation Pause) (young) 4048K->913K(8192K), 0.0008079 secs]
42.266: [GC pause (G1 Evacuation Pause) (young) 3985K->976K(8192K), 0.0011098 secs]
42.270: [GC pause (G1 Evacuation Pause) (young) 4048K->913K(8192K), 0.0008090 secs]
42.273: [GC pause (G1 Evacuation Pause) (young) 3985K->1003K(8192K), 0.0014106 secs]
42.276: [GC pause (G1 Evacuation Pause) (young) 4075K->913K(8192K), 0.0008178 secs]
42.279: [GC pause (G1 Evacuation Pause) (young) 3985K->976K(8192K), 0.0011329 secs]
42.282: [GC pause (G1 Evacuation Pause) (young) 4048K->913K(8192K), 0.0008134 secs]
42.285: [GC pause (G1 Evacuation Pause) (young) 3985K->976K(8192K), 0.0011390 secs]
42.289: [GC pause (G1 Evacuation Pause) (young) 4048K->913K(8192K), 0.0035225 secs]
42.296: [GC pause (G1 Evacuation Pause) (young) 3985K->976K(8192K), 0.0011621 secs]
42.299: [GC pause (G1 Evacuation Pause) (young) 4048K->913K(8192K), 0.0008271 secs]
42.302: [GC pause (G1 Evacuation Pause) (young) 3985K->976K(8192K), 0.0011340 secs]
42.305: [GC pause (G1 Evacuation Pause) (young) 4048K->913K(8192K), 0.0008090 secs]
42.308: [GC pause (G1 Evacuation Pause) (young) 3985K->976K(8192K), 0.0011291 secs]
42.312: [GC pause (G1 Evacuation Pause) (young) 4048K->913K(8192K), 0.0008117 secs]
42.315: [GC pause (G1 Evacuation Pause) (young) 3985K->976K(8192K), 0.0011181 secs]
42.318: [GC pause (G1 Evacuation Pause) (young) 4048K->913K(8192K), 0.0008029 secs]
42.321: [GC pause (G1 Evacuation Pause) (young) 3985K->976K(8192K), 0.0011241 secs]
42.324: [GC pause (G1 Evacuation Pause) (young) 4048K->913K(8192K), 0.0010323 secs]
42.327: [GC pause (G1 Evacuation Pause) (young) 3985K->976K(8192K), 0.0011203 secs]
42.330: [GC pause (G1 Evacuation Pause) (young) 4048K->913K(8192K), 0.0008134 secs]
42.334: [GC pause (G1 Evacuation Pause) (young) 3985K->976K(8192K), 0.0062783 secs]
42.342: [GC pause (G1 Evacuation Pause) (young) 4048K->913K(8192K), 0.0008409 secs]
42.345: [GC pause (G1 Evacuation Pause) (young) 3985K->976K(8192K), 0.0011417 secs]
42.349: [GC pause (G1 Evacuation Pause) (young) 4048K->913K(8192K), 0.0008134 secs]
42.352: [GC pause (G1 Evacuation Pause) (young) 3985K->976K(8192K), 0.0011186 secs]
42.355: [GC pause (G1 Evacuation Pause) (young) 4048K->913K(8192K), 0.0008040 secs]
42.358: [GC pause (G1 Evacuation Pause) (young) 3985K->976K(8192K), 0.0011659 secs]
42.361: [GC pause (G1 Evacuation Pause) (young) 4048K->913K(8192K), 0.0008145 secs]
42.364: [GC pause (G1 Evacuation Pause) (young) 3985K->976K(8192K), 0.0011241 secs]
42.367: [GC pause (G1 Evacuation Pause) (young) 4048K->913K(8192K), 0.0008216 secs]
42.370: [GC pause (G1 Evacuation Pause) (young) 3985K->976K(8192K), 0.0075911 secs]
42.380: [GC pause (G1 Evacuation Pause) (young) 4048K->913K(8192K), 0.0008315 secs]
42.383: [GC pause (G1 Evacuation Pause) (young) 3985K->976K(8192K), 0.0011489 secs]
42.386: [GC pause (G1 Evacuation Pause) (young) 4048K->913K(8192K), 0.0007991 secs]
42.389: [GC pause (G1 Evacuation Pause) (young) 3985K->976K(8192K), 0.0011362 secs]
42.392: [GC pause (G1 Evacuation Pause) (young) 4048K->913K(8192K), 0.0045564 secs]
42.399: [GC pause (G1 Evacuation Pause) (young) 3985K->976K(8192K), 0.0011582 secs]
42.403: [GC pause (G1 Evacuation Pause) (young) 4048K->913K(8192K), 0.0008376 secs]
42.406: [GC pause (G1 Evacuation Pause) (young) 3985K->976K(8192K), 0.0011626 secs]
42.409: [GC pause (G1 Evacuation Pause) (young) 4048K->913K(8192K), 0.0186744 secs]
42.430: [GC pause (G1 Evacuation Pause) (young) 3985K->976K(8192K), 0.0197814 secs]
42.452: [GC pause (G1 Evacuation Pause) (young) 4048K->913K(8192K), 0.0207065 secs]
42.475: [GC pause (G1 Evacuation Pause) (young) 3985K->976K(8192K), 0.0022889 secs]
42.480: [GC pause (G1 Evacuation Pause) (young) 4048K->913K(8192K), 0.0008343 secs]
42.483: [GC pause (G1 Evacuation Pause) (young) 3985K->976K(8192K), 0.0011637 secs]
42.486: [GC pause (G1 Evacuation Pause) (young) 4048K->913K(8192K), 0.0014475 secs]
42.490: [GC pause (G1 Evacuation Pause) (young) 3985K->976K(8192K), 0.0016262 secs]
42.493: [GC pause (G1 Evacuation Pause) (young) 4048K->913K(8192K), 0.0008189 secs]
42.496: [GC pause (G1 Evacuation Pause) (young) 3985K->976K(8192K), 0.0011637 secs]
42.500: [GC pause (G1 Evacuation Pause) (young) 4048K->913K(8192K), 0.0008095 secs]
42.503: [GC pause (G1 Evacuation Pause) (young) 3985K->976K(8192K), 0.0011230 secs]
42.506: [GC pause (G1 Evacuation Pause) (young) 4048K->913K(8192K), 0.0008040 secs]
42.509: [GC pause (G1 Evacuation Pause) (young) 3985K->976K(8192K), 0.0011395 secs]
42.512: [GC pause (G1 Evacuation Pause) (young) 4048K->913K(8192K), 0.0008249 secs]
42.515: [GC pause (G1 Evacuation Pause) (young) 3985K->976K(8192K), 0.0011307 secs]
42.518: [GC pause (G1 Evacuation Pause) (young) 4048K->913K(8192K), 0.0008304 secs]
42.521: [GC pause (G1 Evacuation Pause) (young) 3985K->976K(8192K), 0.0011390 secs]
42.525: [GC pause (G1 Evacuation Pause) (young) 4048K->913K(8192K), 0.0013617 secs]
42.528: [GC pause (G1 Evacuation Pause) (young) 3985K->976K(8192K), 0.0011670 secs]
42.531: [GC pause (G1 Evacuation Pause) (young) 4048K->913K(8192K), 0.0008161 secs]
42.534: [GC pause (G1 Evacuation Pause) (young) 3985K->976K(8192K), 0.0011214 secs]
42.537: [GC pause (G1 Evacuation Pause) (young) 4048K->913K(8192K), 0.0010070 secs]
42.541: [GC pause (G1 Evacuation Pause) (young) 3985K->976K(8192K), 0.0017670 secs]
42.545: [GC pause (G1 Evacuation Pause) (young) 4048K->913K(8192K), 0.0008156 secs]
42.547: [GC pause (G1 Evacuation Pause) (young) 3985K->976K(8192K), 0.0011577 secs]
42.551: [GC pause (G1 Evacuation Pause) (young) 4048K->913K(8192K), 0.0008167 secs]
42.554: [GC pause (G1 Evacuation Pause) (young) 3985K->976K(8192K), 0.0011274 secs]
42.557: [GC pause (G1 Evacuation Pause) (young) 4048K->913K(8192K), 0.0012407 secs]
42.561: [GC pause (G1 Evacuation Pause) (young) 3985K->976K(8192K), 0.0011362 secs]
42.564: [GC pause (G1 Evacuation Pause) (young) 4048K->913K(8192K), 0.0008024 secs]
42.567: [GC pause (G1 Evacuation Pause) (young) 3985K->976K(8192K), 0.0012033 secs]
42.571: [GC pause (G1 Evacuation Pause) (young) 4048K->913K(8192K), 0.0008530 secs]
42.574: [GC pause (G1 Evacuation Pause) (young) 3985K->976K(8192K), 0.0011852 secs]
42.577: [GC pause (G1 Evacuation Pause) (young) 4048K->913K(8192K), 0.0008145 secs]
42.580: [GC pause (G1 Evacuation Pause) (young) 3985K->976K(8192K), 0.0011538 secs]
42.583: [GC pause (G1 Evacuation Pause) (young) 4048K->913K(8192K), 0.0008123 secs]
42.586: [GC pause (G1 Evacuation Pause) (young) 3985K->976K(8192K), 0.0011203 secs]
42.589: [GC pause (G1 Evacuation Pause) (young) 4048K->913K(8192K), 0.0010279 secs]
42.593: [GC pause (G1 Evacuation Pause) (young) 3985K->976K(8192K), 0.0011417 secs]
42.596: [GC pause (G1 Evacuation Pause) (young) 4048K->913K(8192K), 0.0008156 secs]
42.599: [GC pause (G1 Evacuation Pause) (young) 3985K->976K(8192K), 0.0011390 secs]
42.602: [GC pause (G1 Evacuation Pause) (young) 4048K->913K(8192K), 0.0008849 secs]
42.605: [GC pause (G1 Evacuation Pause) (young) 3985K->976K(8192K), 0.0011478 secs]
42.608: [GC pause (G1 Evacuation Pause) (young) 4048K->913K(8192K), 0.0008123 secs]
42.612: [GC pause (G1 Evacuation Pause) (young) 3985K->976K(8192K), 0.0012484 secs]
42.615: [GC pause (G1 Evacuation Pause) (young) 4048K->913K(8192K), 0.0008079 secs]
42.618: [GC pause (G1 Evacuation Pause) (young) 3985K->976K(8192K), 0.0011555 secs]
42.621: [GC pause (G1 Evacuation Pause) (young) 4048K->913K(8192K), 0.0008024 secs]
42.624: [GC pause (G1 Evacuation Pause) (young) 3985K->976K(8192K), 0.0011560 secs]
42.627: [GC pause (G1 Evacuation Pause) (young) 4048K->913K(8192K), 0.0009646 secs]
42.630: [GC pause (G1 Evacuation Pause) (young) 3985K->976K(8192K), 0.0011324 secs]
42.634: [GC pause (G1 Evacuation Pause) (young) 4048K->913K(8192K), 0.0008117 secs]
42.637: [GC pause (G1 Evacuation Pause) (young) 3985K->976K(8192K), 0.0011241 secs]
42.640: [GC pause (G1 Evacuation Pause) (young) 4048K->913K(8192K), 0.0009091 secs]
42.643: [GC pause (G1 Evacuation Pause) (young) 3985K->976K(8192K), 0.0012160 secs]
42.646: [GC pause (G1 Evacuation Pause) (young) 4048K->913K(8192K), 0.0008018 secs]
42.649: [GC pause (G1 Evacuation Pause) (young) 3985K->976K(8192K), 0.0011725 secs]
42.652: [GC pause (G1 Evacuation Pause) (young) 4048K->913K(8192K), 0.0008200 secs]
42.655: [GC pause (G1 Evacuation Pause) (young) 3985K->976K(8192K), 0.0011538 secs]
42.658: [GC pause (G1 Evacuation Pause) (young) 4048K->913K(8192K), 0.0008497 secs]
42.662: [GC pause (G1 Evacuation Pause) (young) 3985K->976K(8192K), 0.0011302 secs]
42.665: [GC pause (G1 Evacuation Pause) (young) 4048K->913K(8192K), 0.0008117 secs]
42.668: [GC pause (G1 Evacuation Pause) (young) 3985K->976K(8192K), 0.0011241 secs]
42.671: [GC pause (G1 Evacuation Pause) (young) 4048K->913K(8192K), 0.0008046 secs]
42.674: [GC pause (G1 Evacuation Pause) (young) 3985K->976K(8192K), 0.0011736 secs]
42.677: [GC pause (G1 Evacuation Pause) (young) 4048K->913K(8192K), 0.0008018 secs]
42.680: [GC pause (G1 Evacuation Pause) (young) 3985K->976K(8192K), 0.0011307 secs]
42.683: [GC pause (G1 Evacuation Pause) (young) 4048K->913K(8192K), 0.0008002 secs]
42.686: [GC pause (G1 Evacuation Pause) (young) 3985K->976K(8192K), 0.0011296 secs]
42.689: [GC pause (G1 Evacuation Pause) (young) 4048K->913K(8192K), 0.0012380 secs]
42.693: [GC pause (G1 Evacuation Pause) (young) 3985K->976K(8192K), 0.0011307 secs]
42.696: [GC pause (G1 Evacuation Pause) (young) 4048K->913K(8192K), 0.0008145 secs]
42.699: [GC pause (G1 Evacuation Pause) (young) 3985K->976K(8192K), 0.0011318 secs]
42.702: [GC pause (G1 Evacuation Pause) (young) 4048K->913K(8192K), 0.0008002 secs]
42.705: [GC pause (G1 Evacuation Pause) (young) 3985K->976K(8192K), 0.0011659 secs]
42.708: [GC pause (G1 Evacuation Pause) (young) 4048K->913K(8192K), 0.0009179 secs]
42.711: [GC pause (G1 Evacuation Pause) (young) 3985K->976K(8192K), 0.0011302 secs]
42.715: [GC pause (G1 Evacuation Pause) (young) 4048K->913K(8192K), 0.0008145 secs]
42.718: [GC pause (G1 Evacuation Pause) (young) 3985K->976K(8192K), 0.0011148 secs]
42.721: [GC pause (G1 Evacuation Pause) (young) 4048K->913K(8192K), 0.0008145 secs]
42.724: [GC pause (G1 Evacuation Pause) (young) 3985K->976K(8192K), 0.0011120 secs]
42.727: [GC pause (G1 Evacuation Pause) (young) 4048K->913K(8192K), 0.0008112 secs]
42.730: [GC pause (G1 Evacuation Pause) (young) 3985K->976K(8192K), 0.0011153 secs]
42.733: [GC pause (G1 Evacuation Pause) (young) 4048K->913K(8192K), 0.0008068 secs]
42.736: [GC pause (G1 Evacuation Pause) (young) 3985K->976K(8192K), 0.0011582 secs]
42.739: [GC pause (G1 Evacuation Pause) (young) 4048K->913K(8192K), 0.0008128 secs]
42.742: [GC pause (G1 Evacuation Pause) (young) 3985K->976K(8192K), 0.0011412 secs]
42.745: [GC pause (G1 Evacuation Pause) (young) 4048K->913K(8192K), 0.0008502 secs]
42.748: [GC pause (G1 Evacuation Pause) (young) 3985K->976K(8192K), 0.0011274 secs]
42.752: [GC pause (G1 Evacuation Pause) (young) 4048K->913K(8192K), 0.0008068 secs]
42.754: [GC pause (G1 Evacuation Pause) (young) 3985K->976K(8192K), 0.0011175 secs]
42.758: [GC pause (G1 Evacuation Pause) (young) 4048K->913K(8192K), 0.0008475 secs]
42.761: [GC pause (G1 Evacuation Pause) (young) 3985K->976K(8192K), 0.0011280 secs]
42.764: [GC pause (G1 Evacuation Pause) (young) 4048K->913K(8192K), 0.0008156 secs]
42.767: [GC pause (G1 Evacuation Pause) (young) 3985K->976K(8192K), 0.0011500 secs]
42.770: [GC pause (G1 Evacuation Pause) (young) 4048K->913K(8192K), 0.0009426 secs]
42.773: [GC pause (G1 Evacuation Pause) (young) 3985K->1003K(8192K), 0.0011995 secs]
42.777: [GC pause (G1 Evacuation Pause) (young) 4075K->913K(8192K), 0.0008123 secs]
42.780: [GC pause (G1 Evacuation Pause) (young) 3985K->976K(8192K), 0.0011203 secs]
42.783: [GC pause (G1 Evacuation Pause) (young) 4048K->913K(8192K), 0.0010328 secs]
42.786: [GC pause (G1 Evacuation Pause) (young) 3985K->976K(8192K), 0.0095671 secs]
42.798: [GC pause (G1 Evacuation Pause) (young) 4048K->913K(8192K), 0.0010004 secs]
42.801: [GC pause (G1 Evacuation Pause) (young) 3985K->976K(8192K), 0.0012253 secs]
42.805: [GC pause (G1 Evacuation Pause) (young) 4048K->913K(8192K), 0.0008315 secs]
42.808: [GC pause (G1 Evacuation Pause) (young) 3985K->976K(8192K), 0.0011753 secs]
42.812: [GC pause (G1 Evacuation Pause) (young) 4048K->913K(8192K), 0.0008898 secs]
42.815: [GC pause (G1 Evacuation Pause) (young) 3985K->976K(8192K), 0.0200905 secs]
42.837: [GC pause (G1 Evacuation Pause) (young) 4048K->913K(8192K), 0.0197803 secs]
42.859: [GC pause (G1 Evacuation Pause) (young) 3985K->976K(8192K), 0.0377084 secs]
42.899: [GC pause (G1 Evacuation Pause) (young) 4048K->913K(8192K), 0.0055755 secs]
42.908: [GC pause (G1 Evacuation Pause) (young) 3985K->976K(8192K), 0.0012226 secs]
42.911: [GC pause (G1 Evacuation Pause) (young) 4048K->913K(8192K), 0.0159328 secs]
42.930: [GC pause (G1 Evacuation Pause) (young) 3985K->976K(8192K), 0.0011758 secs]
42.933: [GC pause (G1 Evacuation Pause) (young) 4048K->913K(8192K), 0.0008337 secs]
42.936: [GC pause (G1 Evacuation Pause) (young) 3985K->976K(8192K), 0.0011769 secs]
42.939: [GC pause (G1 Evacuation Pause) (young) 4048K->913K(8192K), 0.0009558 secs]
42.942: [GC pause (G1 Evacuation Pause) (young) 3985K->976K(8192K), 0.0011604 secs]
42.946: [GC pause (G1 Evacuation Pause) (young) 4048K->913K(8192K), 0.0008123 secs]
42.949: [GC pause (G1 Evacuation Pause) (young) 3985K->976K(8192K), 0.0011269 secs]
42.952: [GC pause (G1 Evacuation Pause) (young) 4048K->913K(8192K), 0.0008084 secs]
42.955: [GC pause (G1 Evacuation Pause) (young) 3985K->976K(8192K), 0.0011175 secs]
42.958: [GC pause (G1 Evacuation Pause) (young) 4048K->913K(8192K), 0.0008480 secs]
42.961: [GC pause (G1 Evacuation Pause) (young) 3985K->976K(8192K), 0.0011412 secs]
42.964: [GC pause (G1 Evacuation Pause) (young) 4048K->913K(8192K), 0.0008183 secs]
42.967: [GC pause (G1 Evacuation Pause) (young) 3985K->976K(8192K), 0.0011318 secs]
42.971: [GC pause (G1 Evacuation Pause) (young) 4048K->913K(8192K), 0.0008266 secs]
42.973: [GC pause (G1 Evacuation Pause) (young) 3985K->976K(8192K), 0.0012545 secs]
42.977: [GC pause (G1 Evacuation Pause) (young) 4048K->913K(8192K), 0.0008172 secs]
42.980: [GC pause (G1 Evacuation Pause) (young) 3985K->976K(8192K), 0.0011511 secs]
42.983: [GC pause (G1 Evacuation Pause) (young) 4048K->913K(8192K), 0.0008079 secs]
42.986: [GC pause (G1 Evacuation Pause) (young) 3985K->976K(8192K), 0.0011214 secs]
42.989: [GC pause (G1 Evacuation Pause) (young) 4048K->913K(8192K), 0.0008128 secs]
42.992: [GC pause (G1 Evacuation Pause) (young) 3985K->976K(8192K), 0.0011780 secs]
42.996: [GC pause (G1 Evacuation Pause) (young) 4048K->913K(8192K), 0.0008145 secs]
42.998: [GC pause (G1 Evacuation Pause) (young) 3985K->976K(8192K), 0.0011307 secs]
43.002: [GC pause (G1 Evacuation Pause) (young) 4048K->913K(8192K), 0.0008068 secs]
43.004: [GC pause (G1 Evacuation Pause) (young) 3985K->976K(8192K), 0.0011192 secs]
43.008: [GC pause (G1 Evacuation Pause) (young) 4048K->913K(8192K), 0.0008156 secs]
43.011: [GC pause (G1 Evacuation Pause) (young) 3985K->976K(8192K), 0.0011384 secs]
43.014: [GC pause (G1 Evacuation Pause) (young) 4048K->913K(8192K), 0.0008101 secs]
43.017: [GC pause (G1 Evacuation Pause) (young) 3985K->976K(8192K), 0.0011219 secs]
43.020: [GC pause (G1 Evacuation Pause) (young) 4048K->913K(8192K), 0.0008029 secs]
43.023: [GC pause (G1 Evacuation Pause) (young) 3985K->976K(8192K), 0.0013204 secs]
43.026: [GC pause (G1 Evacuation Pause) (young) 4048K->913K(8192K), 0.0008156 secs]
43.030: [GC pause (G1 Evacuation Pause) (young) 3985K->976K(8192K), 0.0011549 secs]
43.033: [GC pause (G1 Evacuation Pause) (young) 4048K->913K(8192K), 0.0008079 secs]
43.036: [GC pause (G1 Evacuation Pause) (young) 3985K->976K(8192K), 0.0011164 secs]
43.039: [GC pause (G1 Evacuation Pause) (young) 4048K->913K(8192K), 0.0008013 secs]
43.042: [GC pause (G1 Evacuation Pause) (young) 3985K->976K(8192K), 0.0011896 secs]
43.045: [GC pause (G1 Evacuation Pause) (young) 4048K->913K(8192K), 0.0008062 secs]
43.048: [GC pause (G1 Evacuation Pause) (young) 3985K->976K(8192K), 0.0011731 secs]
43.051: [GC pause (G1 Evacuation Pause) (young) 4048K->913K(8192K), 0.0008260 secs]
43.054: [GC pause (G1 Evacuation Pause) (young) 3985K->976K(8192K), 0.0011593 secs]
43.057: [GC pause (G1 Evacuation Pause) (young) 4048K->913K(8192K), 0.0009404 secs]
43.060: [GC pause (G1 Evacuation Pause) (young) 3985K->976K(8192K), 0.0011335 secs]
43.064: [GC pause (G1 Evacuation Pause) (young) 4048K->913K(8192K), 0.0008073 secs]
43.067: [GC pause (G1 Evacuation Pause) (young) 3985K->976K(8192K), 0.0011285 secs]
43.070: [GC pause (G1 Evacuation Pause) (young) 4048K->913K(8192K), 0.0008678 secs]
43.073: [GC pause (G1 Evacuation Pause) (young) 3985K->976K(8192K), 0.0011390 secs]
43.076: [GC pause (G1 Evacuation Pause) (young) 4048K->913K(8192K), 0.0008029 secs]
43.079: [GC pause (G1 Evacuation Pause) (young) 3985K->976K(8192K), 0.0011610 secs]
43.082: [GC pause (G1 Evacuation Pause) (young) 4048K->913K(8192K), 0.0008227 secs]
43.085: [GC pause (G1 Evacuation Pause) (young) 3985K->976K(8192K), 0.0011335 secs]
43.089: [GC pause (G1 Evacuation Pause) (young) 4048K->913K(8192K), 0.0007952 secs]
43.091: [GC pause (G1 Evacuation Pause) (young) 3985K->976K(8192K), 0.0011291 secs]
43.095: [GC pause (G1 Evacuation Pause) (young) 4048K->913K(8192K), 0.0008013 secs]
43.098: [GC pause (G1 Evacuation Pause) (young) 3985K->976K(8192K), 0.0011159 secs]
43.101: [GC pause (G1 Evacuation Pause) (young) 4048K->913K(8192K), 0.0008095 secs]
43.104: [GC pause (G1 Evacuation Pause) (young) 3985K->976K(8192K), 0.0011461 secs]
43.107: [GC pause (G1 Evacuation Pause) (young) 4048K->913K(8192K), 0.0014585 secs]
43.111: [GC pause (G1 Evacuation Pause) (young) 3985K->976K(8192K), 0.0011412 secs]
43.114: [GC pause (G1 Evacuation Pause) (young) 4048K->913K(8192K), 0.0008238 secs]
43.117: [GC pause (G1 Evacuation Pause) (young) 3985K->976K(8192K), 0.0011329 secs]
43.120: [GC pause (G1 Evacuation Pause) (young) 4048K->913K(8192K), 0.0008189 secs]
43.123: [GC pause (G1 Evacuation Pause) (young) 3985K->976K(8192K), 0.0012726 secs]
43.127: [GC pause (G1 Evacuation Pause) (young) 4048K->913K(8192K), 0.0008447 secs]
43.130: [GC pause (G1 Evacuation Pause) (young) 3985K->976K(8192K), 0.0011203 secs]
43.133: [GC pause (G1 Evacuation Pause) (young) 4048K->913K(8192K), 0.0008728 secs]
43.136: [GC pause (G1 Evacuation Pause) (young) 3985K->976K(8192K), 0.0011324 secs]
43.139: [GC pause (G1 Evacuation Pause) (young) 4048K->913K(8192K), 0.0008090 secs]
43.142: [GC pause (G1 Evacuation Pause) (young) 3985K->976K(8192K), 0.0011291 secs]
43.145: [GC pause (G1 Evacuation Pause) (young) 4048K->913K(8192K), 0.0008755 secs]
43.148: [GC pause (G1 Evacuation Pause) (young) 3985K->976K(8192K), 0.0011467 secs]
43.151: [GC pause (G1 Evacuation Pause) (young) 4048K->913K(8192K), 0.0008123 secs]
43.154: [GC pause (G1 Evacuation Pause) (young) 3985K->976K(8192K), 0.0011412 secs]
43.158: [GC pause (G1 Evacuation Pause) (young) 4048K->913K(8192K), 0.0008827 secs]
43.161: [GC pause (G1 Evacuation Pause) (young) 3985K->976K(8192K), 0.0011247 secs]
43.164: [GC pause (G1 Evacuation Pause) (young) 4048K->913K(8192K), 0.0008068 secs]
43.167: [GC pause (G1 Evacuation Pause) (young) 3985K->976K(8192K), 0.0011071 secs]
43.170: [GC pause (G1 Evacuation Pause) (young) 4048K->913K(8192K), 0.0008007 secs]
43.173: [GC pause (G1 Evacuation Pause) (young) 3985K->976K(8192K), 0.0013540 secs]
43.176: [GC pause (G1 Evacuation Pause) (young) 4048K->913K(8192K), 0.0008299 secs]
43.179: [GC pause (G1 Evacuation Pause) (young) 3985K->976K(8192K), 0.0011302 secs]
43.183: [GC pause (G1 Evacuation Pause) (young) 4048K->913K(8192K), 0.0008381 secs]
43.186: [GC pause (G1 Evacuation Pause) (young) 3985K->976K(8192K), 0.0011285 secs]
43.189: [GC pause (G1 Evacuation Pause) (young) 4048K->913K(8192K), 0.0008046 secs]
43.192: [GC pause (G1 Evacuation Pause) (young) 3985K->976K(8192K), 0.0011225 secs]
43.195: [GC pause (G1 Evacuation Pause) (young) 4048K->913K(8192K), 0.0008893 secs]
43.198: [GC pause (G1 Evacuation Pause) (young) 3985K->976K(8192K), 0.0011417 secs]
43.201: [GC pause (G1 Evacuation Pause) (young) 4048K->913K(8192K), 0.0008068 secs]
43.204: [GC pause (G1 Evacuation Pause) (young) 3985K->976K(8192K), 0.0011522 secs]
43.207: [GC pause (G1 Evacuation Pause) (young) 4048K->913K(8192K), 0.0009778 secs]
43.210: [GC pause (G1 Evacuation Pause) (young) 3985K->976K(8192K), 0.0011285 secs]
43.214: [GC pause (G1 Evacuation Pause) (young) 4048K->913K(8192K), 0.0007969 secs]
43.216: [GC pause (G1 Evacuation Pause) (young) 3985K->976K(8192K), 0.0011390 secs]
43.220: [GC pause (G1 Evacuation Pause) (young) 4048K->913K(8192K), 0.0008370 secs]
43.223: [GC pause (G1 Evacuation Pause) (young) 3985K->976K(8192K), 0.0011241 secs]
43.226: [GC pause (G1 Evacuation Pause) (young) 4048K->913K(8192K), 0.0008112 secs]
43.229: [GC pause (G1 Evacuation Pause) (young) 3985K->976K(8192K), 0.0011747 secs]
43.232: [GC pause (G1 Evacuation Pause) (young) 4048K->913K(8192K), 0.0014194 secs]
43.236: [GC pause (G1 Evacuation Pause) (young) 3985K->976K(8192K), 0.0011368 secs]
43.239: [GC pause (G1 Evacuation Pause) (young) 4048K->913K(8192K), 0.0008057 secs]
43.242: [GC pause (G1 Evacuation Pause) (young) 3985K->976K(8192K), 0.0011307 secs]
43.245: [GC pause (G1 Evacuation Pause) (young) 4048K->913K(8192K), 0.0008194 secs]
43.248: [GC pause (G1 Evacuation Pause) (young) 3985K->976K(8192K), 0.0011285 secs]
43.251: [GC pause (G1 Evacuation Pause) (young) 4048K->913K(8192K), 0.0008359 secs]
43.254: [GC pause (G1 Evacuation Pause) (young) 3985K->976K(8192K), 0.0011472 secs]
43.257: [GC pause (G1 Evacuation Pause) (young) 4048K->913K(8192K), 0.0009861 secs]
43.260: [GC pause (G1 Evacuation Pause) (young) 3985K->976K(8192K), 0.0011313 secs]
43.264: [GC pause (G1 Evacuation Pause) (young) 4048K->913K(8192K), 0.0008073 secs]
43.267: [GC pause (G1 Evacuation Pause) (young) 3985K->976K(8192K), 0.0011269 secs]
43.270: [GC pause (G1 Evacuation Pause) (young) 4048K->913K(8192K), 0.0008112 secs]
43.273: [GC pause (G1 Evacuation Pause) (young) 3985K->976K(8192K), 0.0011274 secs]
43.276: [GC pause (G1 Evacuation Pause) (young) 4048K->913K(8192K), 0.0008315 secs]
43.279: [GC pause (G1 Evacuation Pause) (young) 3985K->976K(8192K), 0.0011516 secs]
43.282: [GC pause (G1 Evacuation Pause) (young) 4048K->913K(8192K), 0.0008414 secs]
43.285: [GC pause (G1 Evacuation Pause) (young) 3985K->976K(8192K), 0.0011439 secs]
43.289: [GC pause (G1 Evacuation Pause) (young) 4048K->913K(8192K), 0.0008073 secs]
43.292: [GC pause (G1 Evacuation Pause) (young) 3985K->1003K(8192K), 0.0017676 secs]
43.296: [GC pause (G1 Evacuation Pause) (young) 4075K->913K(8192K), 0.0008205 secs]
43.299: [GC pause (G1 Evacuation Pause) (young) 3985K->976K(8192K), 0.0011236 secs]
43.302: [GC pause (G1 Evacuation Pause) (young) 4048K->913K(8192K), 0.0008183 secs]
43.305: [GC pause (G1 Evacuation Pause) (young) 3985K->976K(8192K), 0.0011214 secs]
43.308: [GC pause (G1 Evacuation Pause) (young) 4048K->913K(8192K), 0.0008167 secs]
43.311: [GC pause (G1 Evacuation Pause) (young) 3985K->976K(8192K), 0.0011280 secs]
43.314: [GC pause (G1 Evacuation Pause) (young) 4048K->913K(8192K), 0.0008057 secs]
43.317: [GC pause (G1 Evacuation Pause) (young) 3985K->976K(8192K), 0.0011164 secs]
43.320: [GC pause (G1 Evacuation Pause) (young) 4048K->913K(8192K), 0.0008035 secs]
43.323: [GC pause (G1 Evacuation Pause) (young) 3985K->1003K(8192K), 0.0011929 secs]
43.326: [GC pause (G1 Evacuation Pause) (young) 4075K->913K(8192K), 0.0008040 secs]
43.329: [GC pause (G1 Evacuation Pause) (young) 3985K->976K(8192K), 0.0011720 secs]
43.333: [GC pause (G1 Evacuation Pause) (young) 4048K->913K(8192K), 0.0008007 secs]
43.335: [GC pause (G1 Evacuation Pause) (young) 3985K->976K(8192K), 0.0012600 secs]
43.339: [GC pause (G1 Evacuation Pause) (young) 4048K->913K(8192K), 0.0008227 secs]
43.342: [GC pause (G1 Evacuation Pause) (young) 3985K->976K(8192K), 0.0011307 secs]
43.345: [GC pause (G1 Evacuation Pause) (young) 4048K->913K(8192K), 0.0008024 secs]
43.348: [GC pause (G1 Evacuation Pause) (young) 3985K->976K(8192K), 0.0012050 secs]
43.351: [GC pause (G1 Evacuation Pause) (young) 4048K->913K(8192K), 0.0008073 secs]
43.354: [GC pause (G1 Evacuation Pause) (young) 3985K->976K(8192K), 0.0011280 secs]
43.357: [GC pause (G1 Evacuation Pause) (young) 4048K->913K(8192K), 0.0009817 secs]
43.360: [GC pause (G1 Evacuation Pause) (young) 3985K->976K(8192K), 0.0011489 secs]
43.364: [GC pause (G1 Evacuation Pause) (young) 4048K->913K(8192K), 0.0008678 secs]
43.367: [GC pause (G1 Evacuation Pause) (young) 3985K->976K(8192K), 0.0011357 secs]
43.370: [GC pause (G1 Evacuation Pause) (young) 4048K->913K(8192K), 0.0008013 secs]
43.373: [GC pause (G1 Evacuation Pause) (young) 3985K->976K(8192K), 0.0012149 secs]
43.376: [GC pause (G1 Evacuation Pause) (young) 4048K->913K(8192K), 0.0008838 secs]
43.379: [GC pause (G1 Evacuation Pause) (young) 3985K->976K(8192K), 0.0011368 secs]
43.382: [GC pause (G1 Evacuation Pause) (young) 4048K->913K(8192K), 0.0008183 secs]
43.385: [GC pause (G1 Evacuation Pause) (young) 3985K->976K(8192K), 0.0016532 secs]
43.389: [GC pause (G1 Evacuation Pause) (young) 4048K->913K(8192K), 0.0008183 secs]
43.392: [GC pause (G1 Evacuation Pause) (young) 3985K->976K(8192K), 0.0012567 secs]
43.395: [GC pause (G1 Evacuation Pause) (young) 4048K->913K(8192K), 0.0008200 secs]
43.399: [GC pause (G1 Evacuation Pause) (young) 3985K->976K(8192K), 0.0011951 secs]
43.402: [GC pause (G1 Evacuation Pause) (young) 4048K->913K(8192K), 0.0008150 secs]
43.405: [GC pause (G1 Evacuation Pause) (young) 3985K->976K(8192K), 0.0011709 secs]
43.408: [GC pause (G1 Evacuation Pause) (young) 4048K->913K(8192K), 0.0008189 secs]
43.411: [GC pause (G1 Evacuation Pause) (young) 3985K->976K(8192K), 0.0011236 secs]
43.414: [GC pause (G1 Evacuation Pause) (young) 4048K->913K(8192K), 0.0008040 secs]
43.417: [GC pause (G1 Evacuation Pause) (young) 3985K->976K(8192K), 0.0011461 secs]
43.420: [GC pause (G1 Evacuation Pause) (young) 4048K->913K(8192K), 0.0007996 secs]
43.423: [GC pause (G1 Evacuation Pause) (young) 3985K->1003K(8192K), 0.0012451 secs]
43.427: [GC pause (G1 Evacuation Pause) (young) 4075K->913K(8192K), 0.0008326 secs]
43.430: [GC pause (G1 Evacuation Pause) (young) 3985K->976K(8192K), 0.0011659 secs]
43.433: [GC pause (G1 Evacuation Pause) (young) 4048K->913K(8192K), 0.0007980 secs]
43.436: [GC pause (G1 Evacuation Pause) (young) 3985K->976K(8192K), 0.0011175 secs]
43.439: [GC pause (G1 Evacuation Pause) (young) 4048K->913K(8192K), 0.0008255 secs]
43.442: [GC pause (G1 Evacuation Pause) (young) 3985K->976K(8192K), 0.0011362 secs]
43.445: [GC pause (G1 Evacuation Pause) (young) 4048K->913K(8192K), 0.0008227 secs]
43.448: [GC pause (G1 Evacuation Pause) (young) 3985K->976K(8192K), 0.0011307 secs]
43.451: [GC pause (G1 Evacuation Pause) (young) 4048K->913K(8192K), 0.0008035 secs]
43.454: [GC pause (G1 Evacuation Pause) (young) 3985K->976K(8192K), 0.0011439 secs]
43.458: [GC pause (G1 Evacuation Pause) (young) 4048K->913K(8192K), 0.0009052 secs]
43.461: [GC pause (G1 Evacuation Pause) (young) 3985K->976K(8192K), 0.0011346 secs]
43.464: [GC pause (G1 Evacuation Pause) (young) 4048K->913K(8192K), 0.0008101 secs]
43.467: [GC pause (G1 Evacuation Pause) (young) 3985K->976K(8192K), 0.0011340 secs]
43.470: [GC pause (G1 Evacuation Pause) (young) 4048K->913K(8192K), 0.0008062 secs]
43.473: [GC pause (G1 Evacuation Pause) (young) 3985K->976K(8192K), 0.0011868 secs]
43.476: [GC pause (G1 Evacuation Pause) (young) 4048K->913K(8192K), 0.0007969 secs]
43.479: [GC pause (G1 Evacuation Pause) (young) 3985K->976K(8192K), 0.0011973 secs]
43.482: [GC pause (G1 Evacuation Pause) (young) 4048K->913K(8192K), 0.0008018 secs]
43.485: [GC pause (G1 Evacuation Pause) (young) 3985K->976K(8192K), 0.0012528 secs]
43.489: [GC pause (G1 Evacuation Pause) (young) 4048K->975K(8192K), 0.0011258 secs]
43.492: [GC pause (G1 Evacuation Pause) (young) 4047K->998K(8192K), 0.0011395 secs]
43.495: [GC pause (G1 Evacuation Pause) (young) 4070K->911K(8192K), 0.0008090 secs]
43.498: [GC pause (G1 Evacuation Pause) (young) 3983K->974K(8192K), 0.0011148 secs]
43.501: [GC pause (G1 Evacuation Pause) (young) 4046K->913K(8192K), 0.0008123 secs]
43.504: [GC pause (G1 Evacuation Pause) (young) 3985K->976K(8192K), 0.0011247 secs]
43.507: [GC pause (G1 Evacuation Pause) (young) 4048K->913K(8192K), 0.0009987 secs]
43.510: [GC pause (G1 Evacuation Pause) (young) 3985K->976K(8192K), 0.0011280 secs]
43.514: [GC pause (G1 Evacuation Pause) (young) 4048K->913K(8192K), 0.0008013 secs]
43.517: [GC pause (G1 Evacuation Pause) (young) 3985K->976K(8192K), 0.0011632 secs]
43.520: [GC pause (G1 Evacuation Pause) (young) 4048K->913K(8192K), 0.0008222 secs]
43.523: [GC pause (G1 Evacuation Pause) (young) 3985K->976K(8192K), 0.0012226 secs]
43.526: [GC pause (G1 Evacuation Pause) (young) 4048K->913K(8192K), 0.0008073 secs]
43.529: [GC pause (G1 Evacuation Pause) (young) 3985K->976K(8192K), 0.0011335 secs]
43.532: [GC pause (G1 Evacuation Pause) (young) 4048K->913K(8192K), 0.0008189 secs]
43.535: [GC pause (G1 Evacuation Pause) (young) 3985K->976K(8192K), 0.0012413 secs]
43.538: [GC pause (G1 Evacuation Pause) (young) 4048K->913K(8192K), 0.0008717 secs]
43.541: [GC pause (G1 Evacuation Pause) (young) 3985K->976K(8192K), 0.0011412 secs]
43.545: [GC pause (G1 Evacuation Pause) (young) 4048K->913K(8192K), 0.0008172 secs]
43.548: [GC pause (G1 Evacuation Pause) (young) 3985K->976K(8192K), 0.0012435 secs]
43.551: [GC pause (G1 Evacuation Pause) (young) 4048K->913K(8192K), 0.0008167 secs]
43.554: [GC pause (G1 Evacuation Pause) (young) 3985K->976K(8192K), 0.0011324 secs]
43.557: [GC pause (G1 Evacuation Pause) (young) 4048K->913K(8192K), 0.0010092 secs]
43.560: [GC pause (G1 Evacuation Pause) (young) 3985K->976K(8192K), 0.0011219 secs]
43.563: [GC pause (G1 Evacuation Pause) (young) 4048K->913K(8192K), 0.0008546 secs]
43.566: [GC pause (G1 Evacuation Pause) (young) 3985K->976K(8192K), 0.0011258 secs]
43.570: [GC pause (G1 Evacuation Pause) (young) 4048K->913K(8192K), 0.0008073 secs]
43.573: [GC pause (G1 Evacuation Pause) (young) 3985K->976K(8192K), 0.0011500 secs]
43.576: [GC pause (G1 Evacuation Pause) (young) 4048K->913K(8192K), 0.0008084 secs]
43.579: [GC pause (G1 Evacuation Pause) (young) 3985K->976K(8192K), 0.0011236 secs]
43.582: [GC pause (G1 Evacuation Pause) (young) 4048K->913K(8192K), 0.0008117 secs]
43.585: [GC pause (G1 Evacuation Pause) (young) 3985K->976K(8192K), 0.0011373 secs]
43.588: [GC pause (G1 Evacuation Pause) (young) 4048K->913K(8192K), 0.0008788 secs]
43.591: [GC pause (G1 Evacuation Pause) (young) 3985K->976K(8192K), 0.0011742 secs]
43.595: [GC pause (G1 Evacuation Pause) (young) 4048K->913K(8192K), 0.0008315 secs]
43.598: [GC pause (G1 Evacuation Pause) (young) 3985K->976K(8192K), 0.0011263 secs]
43.601: [GC pause (G1 Evacuation Pause) (young) 4048K->913K(8192K), 0.0008112 secs]
43.604: [GC pause (G1 Evacuation Pause) (young) 3985K->976K(8192K), 0.0011296 secs]
43.607: [GC pause (G1 Evacuation Pause) (young) 4048K->913K(8192K), 0.0011153 secs]
43.610: [GC pause (G1 Evacuation Pause) (young) 3985K->976K(8192K), 0.0011505 secs]
43.614: [GC pause (G1 Evacuation Pause) (young) 4048K->913K(8192K), 0.0008244 secs]
43.617: [GC pause (G1 Evacuation Pause) (young) 3985K->976K(8192K), 0.0011181 secs]
43.620: [GC pause (G1 Evacuation Pause) (young) 4048K->913K(8192K), 0.0008117 secs]
43.623: [GC pause (G1 Evacuation Pause) (young) 3985K->976K(8192K), 0.0011159 secs]
43.626: [GC pause (G1 Evacuation Pause) (young) 4048K->913K(8192K), 0.0007930 secs]
43.629: [GC pause (G1 Evacuation Pause) (young) 3985K->976K(8192K), 0.0011197 secs]
43.632: [GC pause (G1 Evacuation Pause) (young) 4048K->913K(8192K), 0.0008051 secs]
43.635: [GC pause (G1 Evacuation Pause) (young) 3985K->976K(8192K), 0.0011252 secs]
43.638: [GC pause (G1 Evacuation Pause) (young) 4048K->913K(8192K), 0.0009267 secs]
43.641: [GC pause (G1 Evacuation Pause) (young) 3985K->976K(8192K), 0.0012209 secs]
43.644: [GC pause (G1 Evacuation Pause) (young) 4048K->913K(8192K), 0.0072369 secs]
43.654: [GC pause (G1 Evacuation Pause) (young) 3985K->976K(8192K), 0.0011494 secs]
43.657: [GC pause (G1 Evacuation Pause) (young) 4048K->913K(8192K), 0.0009729 secs]
43.660: [GC pause (G1 Evacuation Pause) (young) 3985K->976K(8192K), 0.0197149 secs]
43.683: [GC pause (G1 Evacuation Pause) (young) 4048K->913K(8192K), 0.0185935 secs]
43.704: [GC pause (G1 Evacuation Pause) (young) 3985K->976K(8192K), 0.0012770 secs]
43.709: [GC pause (G1 Evacuation Pause) (young) 4048K->913K(8192K), 0.0008376 secs]
43.712: [GC pause (G1 Evacuation Pause) (young) 3985K->976K(8192K), 0.0015718 secs]
43.716: [GC pause (G1 Evacuation Pause) (young) 4048K->913K(8192K), 0.0191270 secs]
43.738: [GC pause (G1 Evacuation Pause) (young) 3985K->976K(8192K), 0.0093273 secs]
43.749: [GC pause (G1 Evacuation Pause) (young) 4048K->913K(8192K), 0.0008376 secs]
43.752: [GC pause (G1 Evacuation Pause) (young) 3985K->976K(8192K), 0.0014920 secs]
43.756: [GC pause (G1 Evacuation Pause) (young) 4048K->913K(8192K), 0.0008464 secs]
43.759: [GC pause (G1 Evacuation Pause) (young) 3985K->976K(8192K), 0.0015399 secs]
43.762: [GC pause (G1 Evacuation Pause) (young) 4048K->913K(8192K), 0.0008205 secs]
43.765: [GC pause (G1 Evacuation Pause) (young) 3985K->976K(8192K), 0.0011357 secs]
43.769: [GC pause (G1 Evacuation Pause) (young) 4048K->913K(8192K), 0.0008244 secs]
43.772: [GC pause (G1 Evacuation Pause) (young) 3985K->976K(8192K), 0.0011511 secs]
43.775: [GC pause (G1 Evacuation Pause) (young) 4048K->913K(8192K), 0.0011104 secs]
43.778: [GC pause (G1 Evacuation Pause) (young) 3985K->976K(8192K), 0.0011676 secs]
43.782: [GC pause (G1 Evacuation Pause) (young) 4048K->913K(8192K), 0.0008112 secs]
43.784: [GC pause (G1 Evacuation Pause) (young) 3985K->976K(8192K), 0.0011362 secs]
43.788: [GC pause (G1 Evacuation Pause) (young) 4048K->913K(8192K), 0.0008139 secs]
43.791: [GC pause (G1 Evacuation Pause) (young) 3985K->976K(8192K), 0.0031034 secs]
43.797: [GC pause (G1 Evacuation Pause) (young) 4048K->913K(8192K), 0.0008453 secs]
43.800: [GC pause (G1 Evacuation Pause) (young) 3985K->976K(8192K), 0.0011995 secs]
43.803: [GC pause (G1 Evacuation Pause) (young) 4048K->913K(8192K), 0.0008266 secs]
43.806: [GC pause (G1 Evacuation Pause) (young) 3985K->976K(8192K), 0.0018501 secs]
43.810: [GC pause (G1 Evacuation Pause) (young) 4048K->913K(8192K), 0.0008288 secs]
43.813: [GC pause (G1 Evacuation Pause) (young) 3985K->976K(8192K), 0.0011533 secs]
43.817: [GC pause (G1 Evacuation Pause) (young) 4048K->913K(8192K), 0.0008266 secs]
43.820: [GC pause (G1 Evacuation Pause) (young) 3985K->976K(8192K), 0.0011291 secs]
43.823: [GC pause (G1 Evacuation Pause) (young) 4048K->913K(8192K), 0.0012193 secs]
43.826: [GC pause (G1 Evacuation Pause) (young) 3985K->976K(8192K), 0.0011593 secs]
43.830: [GC pause (G1 Evacuation Pause) (young) 4048K->913K(8192K), 0.0008123 secs]
43.833: [GC pause (G1 Evacuation Pause) (young) 3985K->976K(8192K), 0.0011285 secs]
43.836: [GC pause (G1 Evacuation Pause) (young) 4048K->913K(8192K), 0.0008128 secs]
43.839: [GC pause (G1 Evacuation Pause) (young) 3985K->976K(8192K), 0.0017731 secs]
43.843: [GC pause (G1 Evacuation Pause) (young) 4048K->913K(8192K), 0.0008359 secs]
43.846: [GC pause (G1 Evacuation Pause) (young) 3985K->976K(8192K), 0.0011494 secs]
43.849: [GC pause (G1 Evacuation Pause) (young) 4048K->913K(8192K), 0.0008211 secs]
43.852: [GC pause (G1 Evacuation Pause) (young) 3985K->976K(8192K), 0.0018457 secs]
43.856: [GC pause (G1 Evacuation Pause) (young) 4048K->913K(8192K), 0.0008436 secs]
43.859: [GC pause (G1 Evacuation Pause) (young) 3985K->976K(8192K), 0.0011329 secs]
43.862: [GC pause (G1 Evacuation Pause) (young) 4048K->913K(8192K), 0.0008194 secs]
43.865: [GC pause (G1 Evacuation Pause) (young) 3985K->976K(8192K), 0.0011219 secs]
43.869: [GC pause (G1 Evacuation Pause) (young) 4048K->913K(8192K), 0.0012979 secs]
43.872: [GC pause (G1 Evacuation Pause) (young) 3985K->976K(8192K), 0.0011340 secs]
43.875: [GC pause (G1 Evacuation Pause) (young) 4048K->913K(8192K), 0.0008497 secs]
43.878: [GC pause (G1 Evacuation Pause) (young) 3985K->976K(8192K), 0.0011357 secs]
43.882: [GC pause (G1 Evacuation Pause) (young) 4048K->913K(8192K), 0.0008222 secs]
43.885: [GC pause (G1 Evacuation Pause) (young) 3985K->976K(8192K), 0.0018671 secs]
43.889: [GC pause (G1 Evacuation Pause) (young) 4048K->913K(8192K), 0.0008018 secs]
43.892: [GC pause (G1 Evacuation Pause) (young) 3985K->976K(8192K), 0.0011263 secs]
43.895: [GC pause (G1 Evacuation Pause) (young) 4048K->913K(8192K), 0.0008139 secs]
43.898: [GC pause (G1 Evacuation Pause) (young) 3985K->976K(8192K), 0.0011747 secs]
43.901: [GC pause (G1 Evacuation Pause) (young) 4048K->913K(8192K), 0.0008106 secs]
43.904: [GC pause (G1 Evacuation Pause) (young) 3985K->976K(8192K), 0.0011406 secs]
43.907: [GC pause (G1 Evacuation Pause) (young) 4048K->913K(8192K), 0.0008299 secs]
43.911: [GC pause (G1 Evacuation Pause) (young) 3985K->976K(8192K), 0.0011357 secs]
43.914: [GC pause (G1 Evacuation Pause) (young) 4048K->913K(8192K), 0.0008194 secs]
43.917: [GC pause (G1 Evacuation Pause) (young) 3985K->976K(8192K), 0.0014123 secs]
43.920: [GC pause (G1 Evacuation Pause) (young) 4048K->913K(8192K), 0.0008189 secs]
43.924: [GC pause (G1 Evacuation Pause) (young) 3985K->976K(8192K), 0.0014557 secs]
43.927: [GC pause (G1 Evacuation Pause) (young) 4048K->913K(8192K), 0.0008150 secs]
43.930: [GC pause (G1 Evacuation Pause) (young) 3985K->976K(8192K), 0.0011390 secs]
43.934: [GC pause (G1 Evacuation Pause) (young) 4048K->913K(8192K), 0.0008535 secs]
43.936: [GC pause (G1 Evacuation Pause) (young) 3985K->976K(8192K), 0.0011445 secs]
43.940: [GC pause (G1 Evacuation Pause) (young) 4048K->913K(8192K), 0.0009404 secs]
43.943: [GC pause (G1 Evacuation Pause) (young) 3985K->976K(8192K), 0.0011335 secs]
43.946: [GC pause (G1 Evacuation Pause) (young) 4048K->913K(8192K), 0.0011835 secs]
43.950: [GC pause (G1 Evacuation Pause) (young) 3985K->976K(8192K), 0.0011285 secs]
43.953: [GC pause (G1 Evacuation Pause) (young) 4048K->913K(8192K), 0.0008167 secs]
43.956: [GC pause (G1 Evacuation Pause) (young) 3985K->976K(8192K), 0.0011269 secs]
43.959: [GC pause (G1 Evacuation Pause) (young) 4048K->913K(8192K), 0.0009437 secs]
43.962: [GC pause (G1 Evacuation Pause) (young) 3985K->976K(8192K), 0.0016141 secs]
43.966: [GC pause (G1 Evacuation Pause) (young) 4048K->913K(8192K), 0.0008398 secs]
43.969: [GC pause (G1 Evacuation Pause) (young) 3985K->976K(8192K), 0.0011186 secs]
43.972: [GC pause (G1 Evacuation Pause) (young) 4048K->913K(8192K), 0.0008359 secs]
43.975: [GC pause (G1 Evacuation Pause) (young) 3985K->976K(8192K), 0.0011747 secs]
43.979: [GC pause (G1 Evacuation Pause) (young) 4048K->913K(8192K), 0.0012473 secs]
43.982: [GC pause (G1 Evacuation Pause) (young) 3985K->976K(8192K), 0.0011648 secs]
43.985: [GC pause (G1 Evacuation Pause) (young) 4048K->913K(8192K), 0.0008062 secs]
43.988: [GC pause (G1 Evacuation Pause) (young) 3985K->976K(8192K), 0.0011192 secs]
43.991: [GC pause (G1 Evacuation Pause) (young) 4048K->913K(8192K), 0.0008079 secs]
43.994: [GC pause (G1 Evacuation Pause) (young) 3985K->976K(8192K), 0.0018374 secs]
43.998: [GC pause (G1 Evacuation Pause) (young) 4048K->913K(8192K), 0.0008194 secs]
44.002: [GC pause (G1 Evacuation Pause) (young) 3985K->976K(8192K), 0.0012325 secs]
44.005: [GC pause (G1 Evacuation Pause) (young) 4048K->913K(8192K), 0.0008084 secs]
44.008: [GC pause (G1 Evacuation Pause) (young) 3985K->976K(8192K), 0.0011236 secs]
44.011: [GC pause (G1 Evacuation Pause) (young) 4048K->913K(8192K), 0.0008431 secs]
44.014: [GC pause (G1 Evacuation Pause) (young) 3985K->976K(8192K), 0.0011901 secs]
44.018: [GC pause (G1 Evacuation Pause) (young) 4048K->913K(8192K), 0.0008233 secs]
44.021: [GC pause (G1 Evacuation Pause) (young) 3985K->976K(8192K), 0.0011241 secs]
44.024: [GC pause (G1 Evacuation Pause) (young) 4048K->913K(8192K), 0.0009916 secs]
44.027: [GC pause (G1 Evacuation Pause) (young) 3985K->976K(8192K), 0.0011439 secs]
44.030: [GC pause (G1 Evacuation Pause) (young) 4048K->913K(8192K), 0.0008574 secs]
44.033: [GC pause (G1 Evacuation Pause) (young) 3985K->976K(8192K), 0.0011879 secs]
44.037: [GC pause (G1 Evacuation Pause) (young) 4048K->913K(8192K), 0.0008601 secs]
44.040: [GC pause (G1 Evacuation Pause) (young) 3985K->976K(8192K), 0.0012325 secs]
44.043: [GC pause (G1 Evacuation Pause) (young) 4048K->913K(8192K), 0.0008073 secs]
44.046: [GC pause (G1 Evacuation Pause) (young) 3985K->976K(8192K), 0.0011181 secs]
44.049: [GC pause (G1 Evacuation Pause) (young) 4048K->913K(8192K), 0.0008062 secs]
44.052: [GC pause (G1 Evacuation Pause) (young) 3985K->976K(8192K), 0.0011137 secs]
44.055: [GC pause (G1 Evacuation Pause) (young) 4048K->913K(8192K), 0.0008464 secs]
44.058: [GC pause (G1 Evacuation Pause) (young) 3985K->976K(8192K), 0.0011494 secs]
44.061: [GC pause (G1 Evacuation Pause) (young) 4048K->913K(8192K), 0.0009619 secs]
44.064: [GC pause (G1 Evacuation Pause) (young) 3985K->976K(8192K), 0.0011357 secs]
44.068: [GC pause (G1 Evacuation Pause) (young) 4048K->913K(8192K), 0.0008167 secs]
44.070: [GC pause (G1 Evacuation Pause) (young) 3985K->976K(8192K), 0.0011236 secs]
44.074: [GC pause (G1 Evacuation Pause) (young) 4048K->913K(8192K), 0.0009371 secs]
44.077: [GC pause (G1 Evacuation Pause) (young) 3985K->976K(8192K), 0.0011676 secs]
44.080: [GC pause (G1 Evacuation Pause) (young) 4048K->913K(8192K), 0.0008073 secs]
44.083: [GC pause (G1 Evacuation Pause) (young) 3985K->976K(8192K), 0.0011296 secs]
44.086: [GC pause (G1 Evacuation Pause) (young) 4048K->913K(8192K), 0.0011989 secs]
44.090: [GC pause (G1 Evacuation Pause) (young) 3985K->976K(8192K), 0.0194432 secs]
44.112: [GC pause (G1 Evacuation Pause) (young) 4048K->913K(8192K), 0.0225637 secs]
44.137: [GC pause (G1 Evacuation Pause) (young) 3985K->976K(8192K), 0.0345676 secs]
44.174: [GC pause (G1 Evacuation Pause) (young) 4048K->913K(8192K), 0.0158602 secs]
44.192: [GC pause (G1 Evacuation Pause) (young) 3985K->976K(8192K), 0.0011544 secs]
44.195: [GC pause (G1 Evacuation Pause) (young) 4048K->913K(8192K), 0.0009184 secs]
44.198: [GC pause (G1 Evacuation Pause) (young) 3985K->976K(8192K), 0.0013771 secs]
44.202: [GC pause (G1 Evacuation Pause) (young) 4048K->913K(8192K), 0.0008293 secs]
44.205: [GC pause (G1 Evacuation Pause) (young) 3985K->976K(8192K), 0.0011560 secs]
44.209: [GC pause (G1 Evacuation Pause) (young) 4048K->913K(8192K), 0.0008931 secs]
44.212: [GC pause (G1 Evacuation Pause) (young) 3985K->976K(8192K), 0.0015212 secs]
44.216: [GC pause (G1 Evacuation Pause) (young) 4048K->913K(8192K), 0.0061661 secs]
44.224: [GC pause (G1 Evacuation Pause) (young) 3985K->976K(8192K), 0.0012160 secs]
44.228: [GC pause (G1 Evacuation Pause) (young) 4048K->913K(8192K), 0.0008222 secs]
44.231: [GC pause (G1 Evacuation Pause) (young) 3985K->976K(8192K), 0.0011258 secs]
44.234: [GC pause (G1 Evacuation Pause) (young) 4048K->913K(8192K), 0.0008079 secs]
44.237: [GC pause (G1 Evacuation Pause) (young) 3985K->976K(8192K), 0.0011395 secs]
44.240: [GC pause (G1 Evacuation Pause) (young) 4048K->913K(8192K), 0.0011390 secs]
44.243: [GC pause (G1 Evacuation Pause) (young) 3985K->976K(8192K), 0.0011351 secs]
44.247: [GC pause (G1 Evacuation Pause) (young) 4048K->913K(8192K), 0.0008095 secs]
44.249: [GC pause (G1 Evacuation Pause) (young) 3985K->976K(8192K), 0.0011500 secs]
44.253: [GC pause (G1 Evacuation Pause) (young) 4048K->913K(8192K), 0.0070829 secs]
44.262: [GC pause (G1 Evacuation Pause) (young) 3985K->976K(8192K), 0.0011445 secs]
44.265: [GC pause (G1 Evacuation Pause) (young) 4048K->913K(8192K), 0.0008447 secs]
44.268: [GC pause (G1 Evacuation Pause) (young) 3985K->976K(8192K), 0.0011291 secs]
44.272: [GC pause (G1 Evacuation Pause) (young) 4048K->913K(8192K), 0.0008183 secs]
44.275: [GC pause (G1 Evacuation Pause) (young) 3985K->976K(8192K), 0.0011709 secs]
44.278: [GC pause (G1 Evacuation Pause) (young) 4048K->913K(8192K), 0.0008079 secs]
44.281: [GC pause (G1 Evacuation Pause) (young) 3985K->976K(8192K), 0.0011258 secs]
44.284: [GC pause (G1 Evacuation Pause) (young) 4048K->913K(8192K), 0.0008117 secs]
44.287: [GC pause (G1 Evacuation Pause) (young) 3985K->976K(8192K), 0.0011219 secs]
44.290: [GC pause (G1 Evacuation Pause) (young) 4048K->913K(8192K), 0.0049293 secs]
44.297: [GC pause (G1 Evacuation Pause) (young) 3985K->976K(8192K), 0.0011434 secs]
44.300: [GC pause (G1 Evacuation Pause) (young) 4048K->913K(8192K), 0.0008161 secs]
44.303: [GC pause (G1 Evacuation Pause) (young) 3985K->976K(8192K), 0.0011230 secs]
44.307: [GC pause (G1 Evacuation Pause) (young) 4048K->913K(8192K), 0.0011313 secs]
44.310: [GC pause (G1 Evacuation Pause) (young) 3985K->976K(8192K), 0.0011434 secs]
44.313: [GC pause (G1 Evacuation Pause) (young) 4048K->913K(8192K), 0.0008145 secs]
44.316: [GC pause (G1 Evacuation Pause) (young) 3985K->976K(8192K), 0.0011203 secs]
44.319: [GC pause (G1 Evacuation Pause) (young) 4048K->913K(8192K), 0.0007980 secs]
44.322: [GC pause (G1 Evacuation Pause) (young) 3985K->976K(8192K), 0.0012325 secs]
44.326: [GC pause (G1 Evacuation Pause) (young) 4048K->913K(8192K), 0.0008332 secs]
44.329: [GC pause (G1 Evacuation Pause) (young) 3985K->976K(8192K), 0.0011296 secs]
44.332: [GC pause (G1 Evacuation Pause) (young) 4048K->913K(8192K), 0.0008123 secs]
44.335: [GC pause (G1 Evacuation Pause) (young) 3985K->976K(8192K), 0.0011291 secs]
44.338: [GC pause (G1 Evacuation Pause) (young) 4048K->913K(8192K), 0.0008007 secs]
44.341: [GC pause (G1 Evacuation Pause) (young) 3985K->976K(8192K), 0.0011967 secs]
44.344: [GC pause (G1 Evacuation Pause) (young) 4048K->913K(8192K), 0.0008150 secs]
44.347: [GC pause (G1 Evacuation Pause) (young) 3985K->976K(8192K), 0.0011368 secs]
44.350: [GC pause (G1 Evacuation Pause) (young) 4048K->913K(8192K), 0.0008101 secs]
44.353: [GC pause (G1 Evacuation Pause) (young) 3985K->976K(8192K), 0.0011197 secs]
44.357: [GC pause (G1 Evacuation Pause) (young) 4048K->913K(8192K), 0.0008931 secs]
44.359: [GC pause (G1 Evacuation Pause) (young) 3985K->976K(8192K), 0.0011423 secs]
44.363: [GC pause (G1 Evacuation Pause) (young) 4048K->913K(8192K), 0.0007963 secs]
44.366: [GC pause (G1 Evacuation Pause) (young) 3985K->976K(8192K), 0.0011318 secs]
44.369: [GC pause (G1 Evacuation Pause) (young) 4048K->913K(8192K), 0.0008178 secs]
44.372: [GC pause (G1 Evacuation Pause) (young) 3985K->976K(8192K), 0.0011203 secs]
44.375: [GC pause (G1 Evacuation Pause) (young) 4048K->913K(8192K), 0.0009349 secs]
44.378: [GC pause (G1 Evacuation Pause) (young) 3985K->976K(8192K), 0.0011373 secs]
44.381: [GC pause (G1 Evacuation Pause) (young) 4048K->913K(8192K), 0.0008249 secs]
44.384: [GC pause (G1 Evacuation Pause) (young) 3985K->976K(8192K), 0.0011192 secs]
44.387: [GC pause (G1 Evacuation Pause) (young) 4048K->913K(8192K), 0.0008090 secs]
44.390: [GC pause (G1 Evacuation Pause) (young) 3985K->976K(8192K), 0.0012275 secs]
44.394: [GC pause (G1 Evacuation Pause) (young) 4048K->913K(8192K), 0.0008546 secs]
44.397: [GC pause (G1 Evacuation Pause) (young) 3985K->976K(8192K), 0.0011802 secs]
44.400: [GC pause (G1 Evacuation Pause) (young) 4048K->913K(8192K), 0.0009393 secs]
44.403: [GC pause (G1 Evacuation Pause) (young) 3985K->976K(8192K), 0.0011472 secs]
44.406: [GC pause (G1 Evacuation Pause) (young) 4048K->913K(8192K), 0.0008200 secs]
44.409: [GC pause (G1 Evacuation Pause) (young) 3985K->976K(8192K), 0.0011384 secs]
44.413: [GC pause (G1 Evacuation Pause) (young) 4048K->913K(8192K), 0.0008095 secs]
44.415: [GC pause (G1 Evacuation Pause) (young) 3985K->976K(8192K), 0.0011236 secs]
44.419: [GC pause (G1 Evacuation Pause) (young) 4048K->913K(8192K), 0.0008018 secs]
44.422: [GC pause (G1 Evacuation Pause) (young) 3985K->976K(8192K), 0.0011516 secs]
44.425: [GC pause (G1 Evacuation Pause) (young) 4048K->913K(8192K), 0.0008189 secs]
44.428: [GC pause (G1 Evacuation Pause) (young) 3985K->976K(8192K), 0.0011505 secs]
44.431: [GC pause (G1 Evacuation Pause) (young) 4048K->913K(8192K), 0.0008139 secs]
44.434: [GC pause (G1 Evacuation Pause) (young) 3985K->976K(8192K), 0.0011258 secs]
44.437: [GC pause (G1 Evacuation Pause) (young) 4048K->913K(8192K), 0.0008013 secs]
44.440: [GC pause (G1 Evacuation Pause) (young) 3985K->976K(8192K), 0.0011439 secs]
44.443: [GC pause (G1 Evacuation Pause) (young) 4048K->913K(8192K), 0.0008183 secs]
44.446: [GC pause (G1 Evacuation Pause) (young) 3985K->976K(8192K), 0.0011406 secs]
44.449: [GC pause (G1 Evacuation Pause) (young) 4048K->913K(8192K), 0.0008656 secs]
44.452: [GC pause (G1 Evacuation Pause) (young) 3985K->976K(8192K), 0.0011555 secs]
44.456: [GC pause (G1 Evacuation Pause) (young) 4048K->913K(8192K), 0.0008277 secs]
44.459: [GC pause (G1 Evacuation Pause) (young) 3985K->976K(8192K), 0.0011329 secs]
44.462: [GC pause (G1 Evacuation Pause) (young) 4048K->913K(8192K), 0.0008068 secs]
44.465: [GC pause (G1 Evacuation Pause) (young) 3985K->976K(8192K), 0.0011203 secs]
44.468: [GC pause (G1 Evacuation Pause) (young) 4048K->913K(8192K), 0.0008095 secs]
44.471: [GC pause (G1 Evacuation Pause) (young) 3985K->976K(8192K), 0.0011230 secs]
44.474: [GC pause (G1 Evacuation Pause) (young) 4048K->913K(8192K), 0.0008376 secs]
44.477: [GC pause (G1 Evacuation Pause) (young) 3985K->976K(8192K), 0.0012743 secs]
44.481: [GC pause (G1 Evacuation Pause) (young) 4048K->913K(8192K), 0.0008139 secs]
44.484: [GC pause (G1 Evacuation Pause) (young) 3985K->976K(8192K), 0.0011582 secs]
44.487: [GC pause (G1 Evacuation Pause) (young) 4048K->913K(8192K), 0.0008029 secs]
44.490: [GC pause (G1 Evacuation Pause) (young) 3985K->976K(8192K), 0.0011445 secs]
44.493: [GC pause (G1 Evacuation Pause) (young) 4048K->913K(8192K), 0.0008387 secs]
44.496: [GC pause (G1 Evacuation Pause) (young) 3985K->976K(8192K), 0.0011329 secs]
44.499: [GC pause (G1 Evacuation Pause) (young) 4048K->913K(8192K), 0.0008024 secs]
44.502: [GC pause (G1 Evacuation Pause) (young) 3985K->1003K(8192K), 0.0013782 secs]
44.506: [GC pause (G1 Evacuation Pause) (young) 4075K->913K(8192K), 0.0008128 secs]
44.509: [GC pause (G1 Evacuation Pause) (young) 3985K->976K(8192K), 0.0011472 secs]
44.512: [GC pause (G1 Evacuation Pause) (young) 4048K->913K(8192K), 0.0008117 secs]
44.515: [GC pause (G1 Evacuation Pause) (young) 3985K->976K(8192K), 0.0011269 secs]
44.518: [GC pause (G1 Evacuation Pause) (young) 4048K->913K(8192K), 0.0008293 secs]
44.521: [GC pause (G1 Evacuation Pause) (young) 3985K->976K(8192K), 0.0011379 secs]
44.524: [GC pause (G1 Evacuation Pause) (young) 4048K->913K(8192K), 0.0010955 secs]
44.528: [GC pause (G1 Evacuation Pause) (young) 3985K->976K(8192K), 0.0013617 secs]
44.531: [GC pause (G1 Evacuation Pause) (young) 4048K->913K(8192K), 0.0008238 secs]
44.534: [GC pause (G1 Evacuation Pause) (young) 3985K->1003K(8192K), 0.0014189 secs]
44.538: [GC pause (G1 Evacuation Pause) (young) 4075K->913K(8192K), 0.0008249 secs]
44.541: [GC pause (G1 Evacuation Pause) (young) 3985K->976K(8192K), 0.0028383 secs]
44.546: [GC pause (G1 Evacuation Pause) (young) 4048K->913K(8192K), 0.0008288 secs]
44.549: [GC pause (G1 Evacuation Pause) (young) 3985K->976K(8192K), 0.0013798 secs]
44.552: [GC pause (G1 Evacuation Pause) (young) 4048K->913K(8192K), 0.0008656 secs]
44.555: [GC pause (G1 Evacuation Pause) (young) 3985K->976K(8192K), 0.0011384 secs]
44.559: [GC pause (G1 Evacuation Pause) (young) 4048K->913K(8192K), 0.0008277 secs]
44.562: [GC pause (G1 Evacuation Pause) (young) 3985K->976K(8192K), 0.0011791 secs]
44.566: [GC pause (G1 Evacuation Pause) (young) 4048K->913K(8192K), 0.0013661 secs]
44.569: [GC pause (G1 Evacuation Pause) (young) 3985K->976K(8192K), 0.0011467 secs]
44.572: [GC pause (G1 Evacuation Pause) (young) 4048K->913K(8192K), 0.0010229 secs]
44.576: [GC pause (G1 Evacuation Pause) (young) 3985K->976K(8192K), 0.0011461 secs]
44.579: [GC pause (G1 Evacuation Pause) (young) 4048K->913K(8192K), 0.0026370 secs]
44.584: [GC pause (G1 Evacuation Pause) (young) 3985K->976K(8192K), 0.0011357 secs]
44.587: [GC pause (G1 Evacuation Pause) (young) 4048K->913K(8192K), 0.0023571 secs]
44.591: [GC pause (G1 Evacuation Pause) (young) 3985K->976K(8192K), 0.0011863 secs]
44.595: [GC pause (G1 Evacuation Pause) (young) 4048K->913K(8192K), 0.0011159 secs]
44.598: [GC pause (G1 Evacuation Pause) (young) 3985K->976K(8192K), 0.0011978 secs]
44.602: [GC pause (G1 Evacuation Pause) (young) 4048K->913K(8192K), 0.0008200 secs]
44.605: [GC pause (G1 Evacuation Pause) (young) 3985K->976K(8192K), 0.0014414 secs]
44.608: [GC pause (G1 Evacuation Pause) (young) 4048K->913K(8192K), 0.0008211 secs]
44.611: [GC pause (G1 Evacuation Pause) (young) 3985K->976K(8192K), 0.0018077 secs]
44.615: [GC pause (G1 Evacuation Pause) (young) 4048K->913K(8192K), 0.0008244 secs]
44.618: [GC pause (G1 Evacuation Pause) (young) 3985K->1003K(8192K), 0.0014706 secs]
44.622: [GC pause (G1 Evacuation Pause) (young) 4075K->913K(8192K), 0.0008244 secs]
44.625: [GC pause (G1 Evacuation Pause) (young) 3985K->976K(8192K), 0.0011456 secs]
44.628: [GC pause (G1 Evacuation Pause) (young) 4048K->913K(8192K), 0.0009899 secs]
44.631: [GC pause (G1 Evacuation Pause) (young) 3985K->976K(8192K), 0.0011494 secs]
44.635: [GC pause (G1 Evacuation Pause) (young) 4048K->913K(8192K), 0.0011687 secs]
44.638: [GC pause (G1 Evacuation Pause) (young) 3985K->976K(8192K), 0.0011472 secs]
44.642: [GC pause (G1 Evacuation Pause) (young) 4048K->913K(8192K), 0.0008227 secs]
44.645: [GC pause (G1 Evacuation Pause) (young) 3985K->976K(8192K), 0.0012732 secs]
44.648: [GC pause (G1 Evacuation Pause) (young) 4048K->913K(8192K), 0.0008106 secs]
44.651: [GC pause (G1 Evacuation Pause) (young) 3985K->976K(8192K), 0.0013600 secs]
44.654: [GC pause (G1 Evacuation Pause) (young) 4048K->913K(8192K), 0.0008260 secs]
44.657: [GC pause (G1 Evacuation Pause) (young) 3985K->976K(8192K), 0.0012506 secs]
44.661: [GC pause (G1 Evacuation Pause) (young) 4048K->913K(8192K), 0.0008255 secs]
44.664: [GC pause (G1 Evacuation Pause) (young) 3985K->976K(8192K), 0.0028576 secs]
44.669: [GC pause (G1 Evacuation Pause) (young) 4048K->913K(8192K), 0.0008150 secs]
44.672: [GC pause (G1 Evacuation Pause) (young) 3985K->976K(8192K), 0.0012660 secs]
44.676: [GC pause (G1 Evacuation Pause) (young) 4048K->913K(8192K), 0.0008255 secs]
44.679: [GC pause (G1 Evacuation Pause) (young) 3985K->976K(8192K), 0.0011340 secs]
44.682: [GC pause (G1 Evacuation Pause) (young) 4048K->913K(8192K), 0.0009410 secs]
44.686: [GC pause (G1 Evacuation Pause) (young) 3985K->976K(8192K), 0.0011896 secs]
44.689: [GC pause (G1 Evacuation Pause) (young) 4048K->913K(8192K), 0.0024600 secs]
44.693: [GC pause (G1 Evacuation Pause) (young) 3985K->976K(8192K), 0.0011335 secs]
44.697: [GC pause (G1 Evacuation Pause) (young) 4048K->913K(8192K), 0.0024226 secs]
44.701: [GC pause (G1 Evacuation Pause) (young) 3985K->976K(8192K), 0.0011362 secs]
44.704: [GC pause (G1 Evacuation Pause) (young) 4048K->913K(8192K), 0.0024814 secs]
44.709: [GC pause (G1 Evacuation Pause) (young) 3985K->976K(8192K), 0.0011626 secs]
44.713: [GC pause (G1 Evacuation Pause) (young) 4048K->913K(8192K), 0.0023406 secs]
44.717: [GC pause (G1 Evacuation Pause) (young) 3985K->976K(8192K), 0.0012039 secs]
44.720: [GC pause (G1 Evacuation Pause) (young) 4048K->913K(8192K), 0.0025920 secs]
44.725: [GC pause (G1 Evacuation Pause) (young) 3985K->976K(8192K), 0.0011390 secs]
44.728: [GC pause (G1 Evacuation Pause) (young) 4048K->913K(8192K), 0.0010229 secs]
44.732: [GC pause (G1 Evacuation Pause) (young) 3985K->1003K(8192K), 0.0013716 secs]
44.735: [GC pause (G1 Evacuation Pause) (young) 4075K->913K(8192K), 0.0008552 secs]
44.738: [GC pause (G1 Evacuation Pause) (young) 3985K->976K(8192K), 0.0013067 secs]
44.742: [GC pause (G1 Evacuation Pause) (young) 4048K->913K(8192K), 0.0008431 secs]
44.745: [GC pause (G1 Evacuation Pause) (young) 3985K->976K(8192K), 0.0011621 secs]
44.748: [GC pause (G1 Evacuation Pause) (young) 4048K->913K(8192K), 0.0008398 secs]
44.751: [GC pause (G1 Evacuation Pause) (young) 3985K->976K(8192K), 0.0017439 secs]
44.755: [GC pause (G1 Evacuation Pause) (young) 4048K->913K(8192K), 0.0008293 secs]
44.758: [GC pause (G1 Evacuation Pause) (young) 3985K->976K(8192K), 0.0027613 secs]
44.763: [GC pause (G1 Evacuation Pause) (young) 4048K->913K(8192K), 0.0008172 secs]
44.766: [GC pause (G1 Evacuation Pause) (young) 3985K->976K(8192K), 0.0026948 secs]
44.771: [GC pause (G1 Evacuation Pause) (young) 4048K->913K(8192K), 0.0008271 secs]
44.774: [GC pause (G1 Evacuation Pause) (young) 3985K->976K(8192K), 0.0027047 secs]
44.779: [GC pause (G1 Evacuation Pause) (young) 4048K->913K(8192K), 0.0008200 secs]
44.782: [GC pause (G1 Evacuation Pause) (young) 3985K->976K(8192K), 0.0028801 secs]
44.787: [GC pause (G1 Evacuation Pause) (young) 4048K->913K(8192K), 0.0008288 secs]
44.790: [GC pause (G1 Evacuation Pause) (young) 3985K->976K(8192K), 0.0015910 secs]
44.794: [GC pause (G1 Evacuation Pause) (young) 4048K->913K(8192K), 0.0031271 secs]
44.799: [GC pause (G1 Evacuation Pause) (young) 3985K->1003K(8192K), 0.0018451 secs]
44.803: [GC pause (G1 Evacuation Pause) (young) 4075K->913K(8192K), 0.0008134 secs]
44.806: [GC pause (G1 Evacuation Pause) (young) 3985K->976K(8192K), 0.0033459 secs]
44.812: [GC pause (G1 Evacuation Pause) (young) 4048K->913K(8192K), 0.0008293 secs]
44.815: [GC pause (G1 Evacuation Pause) (young) 3985K->976K(8192K), 0.0028735 secs]
44.820: [GC pause (G1 Evacuation Pause) (young) 4048K->913K(8192K), 0.0008150 secs]
44.823: [GC pause (G1 Evacuation Pause) (young) 3985K->976K(8192K), 0.0024913 secs]
44.827: [GC pause (G1 Evacuation Pause) (young) 4048K->913K(8192K), 0.0008194 secs]
44.831: [GC pause (G1 Evacuation Pause) (young) 3985K->976K(8192K), 0.0012523 secs]
44.834: [GC pause (G1 Evacuation Pause) (young) 4048K->913K(8192K), 0.0008326 secs]
44.837: [GC pause (G1 Evacuation Pause) (young) 3985K->976K(8192K), 0.0020007 secs]
44.841: [GC pause (G1 Evacuation Pause) (young) 4048K->913K(8192K), 0.0008150 secs]
44.844: [GC pause (G1 Evacuation Pause) (young) 3985K->976K(8192K), 0.0027795 secs]
44.849: [GC pause (G1 Evacuation Pause) (young) 4048K->913K(8192K), 0.0008244 secs]
44.852: [GC pause (G1 Evacuation Pause) (young) 3985K->1003K(8192K), 0.0028554 secs]
44.857: [GC pause (G1 Evacuation Pause) (young) 4075K->913K(8192K), 0.0010741 secs]
44.860: [GC pause (G1 Evacuation Pause) (young) 3985K->976K(8192K), 0.0012523 secs]
44.864: [GC pause (G1 Evacuation Pause) (young) 4048K->913K(8192K), 0.0008150 secs]
44.866: [GC pause (G1 Evacuation Pause) (young) 3985K->976K(8192K), 0.0011236 secs]
44.870: [GC pause (G1 Evacuation Pause) (young) 4048K->975K(8192K), 0.0012066 secs]
44.873: [GC pause (G1 Evacuation Pause) (young) 4047K->975K(8192K), 0.0012264 secs]
44.877: [GC pause (G1 Evacuation Pause) (young) 4047K->972K(8192K), 0.0023852 secs]
44.881: [GC pause (G1 Evacuation Pause) (young) 4044K->996K(8192K), 0.0011428 secs]
44.884: [GC pause (G1 Evacuation Pause) (young) 4068K->911K(8192K), 0.0009096 secs]
44.887: [GC pause (G1 Evacuation Pause) (young) 3983K->974K(8192K), 0.0011302 secs]
44.891: [GC pause (G1 Evacuation Pause) (young) 4046K->913K(8192K), 0.0009404 secs]
44.894: [GC pause (G1 Evacuation Pause) (young) 3985K->1003K(8192K), 0.0014458 secs]
44.898: [GC pause (G1 Evacuation Pause) (young) 4075K->913K(8192K), 0.0008172 secs]
44.900: [GC pause (G1 Evacuation Pause) (young) 3985K->1003K(8192K), 0.0012226 secs]
44.904: [GC pause (G1 Evacuation Pause) (young) 4075K->913K(8192K), 0.0008150 secs]
44.907: [GC pause (G1 Evacuation Pause) (young) 3985K->976K(8192K), 0.0030776 secs]
44.912: [GC pause (G1 Evacuation Pause) (young) 4048K->913K(8192K), 0.0009668 secs]
44.915: [GC pause (G1 Evacuation Pause) (young) 3985K->976K(8192K), 0.0018479 secs]
44.919: [GC pause (G1 Evacuation Pause) (young) 4048K->913K(8192K), 0.0008728 secs]
44.922: [GC pause (G1 Evacuation Pause) (young) 3985K->976K(8192K), 0.0025865 secs]
44.927: [GC pause (G1 Evacuation Pause) (young) 4048K->913K(8192K), 0.0008156 secs]
44.930: [GC pause (G1 Evacuation Pause) (young) 3985K->1003K(8192K), 0.0028477 secs]
44.935: [GC pause (G1 Evacuation Pause) (young) 4075K->913K(8192K), 0.0008244 secs]
44.938: [GC pause (G1 Evacuation Pause) (young) 3985K->976K(8192K), 0.0032184 secs]
44.944: [GC pause (G1 Evacuation Pause) (young) 4048K->913K(8192K), 0.0008293 secs]
44.946: [GC pause (G1 Evacuation Pause) (young) 3985K->976K(8192K), 0.0024627 secs]
44.951: [GC pause (G1 Evacuation Pause) (young) 4048K->913K(8192K), 0.0008123 secs]
44.954: [GC pause (G1 Evacuation Pause) (young) 3985K->976K(8192K), 0.0027608 secs]
44.959: [GC pause (G1 Evacuation Pause) (young) 4048K->913K(8192K), 0.0008211 secs]
44.962: [GC pause (G1 Evacuation Pause) (young) 3985K->976K(8192K), 0.0011340 secs]
44.965: [GC pause (G1 Evacuation Pause) (young) 4048K->913K(8192K), 0.0008233 secs]
44.968: [GC pause (G1 Evacuation Pause) (young) 3985K->976K(8192K), 0.0011412 secs]
44.972: [GC pause (G1 Evacuation Pause) (young) 4048K->913K(8192K), 0.0014475 secs]
44.975: [GC pause (G1 Evacuation Pause) (young) 3985K->976K(8192K), 0.0011461 secs]
44.978: [GC pause (G1 Evacuation Pause) (young) 4048K->913K(8192K), 0.0012380 secs]
44.982: [GC pause (G1 Evacuation Pause) (young) 3985K->976K(8192K), 0.0011412 secs]
44.985: [GC pause (G1 Evacuation Pause) (young) 4048K->913K(8192K), 0.0008249 secs]
44.988: [GC pause (G1 Evacuation Pause) (young) 3985K->1003K(8192K), 0.0013969 secs]
44.992: [GC pause (G1 Evacuation Pause) (young) 4075K->913K(8192K), 0.0008249 secs]
44.995: [GC pause (G1 Evacuation Pause) (young) 3985K->976K(8192K), 0.0012193 secs]
44.998: [GC pause (G1 Evacuation Pause) (young) 4048K->913K(8192K), 0.0008442 secs]
45.001: [GC pause (G1 Evacuation Pause) (young) 3985K->1003K(8192K), 0.0017522 secs]
45.005: [GC pause (G1 Evacuation Pause) (young) 4075K->913K(8192K), 0.0008150 secs]
45.008: [GC pause (G1 Evacuation Pause) (young) 3985K->1003K(8192K), 0.0029648 secs]
45.013: [GC pause (G1 Evacuation Pause) (young) 4075K->913K(8192K), 0.0008189 secs]
45.016: [GC pause (G1 Evacuation Pause) (young) 3985K->1003K(8192K), 0.0022537 secs]
45.021: [GC pause (G1 Evacuation Pause) (young) 4075K->913K(8192K), 0.0008227 secs]
45.024: [GC pause (G1 Evacuation Pause) (young) 3985K->976K(8192K), 0.0011742 secs]
45.027: [GC pause (G1 Evacuation Pause) (young) 4048K->913K(8192K), 0.0008238 secs]
45.030: [GC pause (G1 Evacuation Pause) (young) 3985K->976K(8192K), 0.0011758 secs]
45.033: [GC pause (G1 Evacuation Pause) (young) 4048K->913K(8192K), 0.0009767 secs]
45.037: [GC pause (G1 Evacuation Pause) (young) 3985K->976K(8192K), 0.0011511 secs]
45.040: [GC pause (G1 Evacuation Pause) (young) 4048K->913K(8192K), 0.0008651 secs]
45.043: [GC pause (G1 Evacuation Pause) (young) 3985K->976K(8192K), 0.0011423 secs]
45.046: [GC pause (G1 Evacuation Pause) (young) 4048K->913K(8192K), 0.0008189 secs]
45.049: [GC pause (G1 Evacuation Pause) (young) 3985K->976K(8192K), 0.0023335 secs]
45.053: [GC pause (G1 Evacuation Pause) (young) 4048K->913K(8192K), 0.0008211 secs]
45.056: [GC pause (G1 Evacuation Pause) (young) 3985K->976K(8192K), 0.0012396 secs]
45.060: [GC pause (G1 Evacuation Pause) (young) 4048K->913K(8192K), 0.0008068 secs]
45.063: [GC pause (G1 Evacuation Pause) (young) 3985K->976K(8192K), 0.0011527 secs]
45.066: [GC pause (G1 Evacuation Pause) (young) 4048K->913K(8192K), 0.0009547 secs]
45.069: [GC pause (G1 Evacuation Pause) (young) 3985K->976K(8192K), 0.0011307 secs]
45.072: [GC pause (G1 Evacuation Pause) (young) 4048K->913K(8192K), 0.0008931 secs]
45.075: [GC pause (G1 Evacuation Pause) (young) 3985K->976K(8192K), 0.0011324 secs]
45.079: [GC pause (G1 Evacuation Pause) (young) 4048K->913K(8192K), 0.0021745 secs]
45.083: [GC pause (G1 Evacuation Pause) (young) 3985K->976K(8192K), 0.0011280 secs]
45.086: [GC pause (G1 Evacuation Pause) (young) 4048K->913K(8192K), 0.0009806 secs]
45.089: [GC pause (G1 Evacuation Pause) (young) 3985K->976K(8192K), 0.0011395 secs]
45.093: [GC pause (G1 Evacuation Pause) (young) 4048K->913K(8192K), 0.0008475 secs]
45.096: [GC pause (G1 Evacuation Pause) (young) 3985K->1003K(8192K), 0.0013870 secs]
45.099: [GC pause (G1 Evacuation Pause) (young) 4075K->913K(8192K), 0.0008145 secs]
45.102: [GC pause (G1 Evacuation Pause) (young) 3985K->976K(8192K), 0.0023010 secs]
45.107: [GC pause (G1 Evacuation Pause) (young) 4048K->913K(8192K), 0.0008271 secs]
45.110: [GC pause (G1 Evacuation Pause) (young) 3985K->976K(8192K), 0.0011263 secs]
45.113: [GC pause (G1 Evacuation Pause) (young) 4048K->913K(8192K), 0.0008249 secs]
45.116: [GC pause (G1 Evacuation Pause) (young) 3985K->976K(8192K), 0.0011395 secs]
45.119: [GC pause (G1 Evacuation Pause) (young) 4048K->913K(8192K), 0.0008502 secs]
45.123: [GC pause (G1 Evacuation Pause) (young) 3985K->976K(8192K), 0.0011588 secs]
45.126: [GC pause (G1 Evacuation Pause) (young) 4048K->913K(8192K), 0.0008249 secs]
45.129: [GC pause (G1 Evacuation Pause) (young) 3985K->976K(8192K), 0.0011390 secs]
45.132: [GC pause (G1 Evacuation Pause) (young) 4048K->913K(8192K), 0.0008667 secs]
45.135: [GC pause (G1 Evacuation Pause) (young) 3985K->976K(8192K), 0.0011472 secs]
45.139: [GC pause (G1 Evacuation Pause) (young) 4048K->913K(8192K), 0.0008299 secs]
45.142: [GC pause (G1 Evacuation Pause) (young) 3985K->976K(8192K), 0.0011439 secs]
45.145: [GC pause (G1 Evacuation Pause) (young) 4048K->913K(8192K), 0.0008288 secs]
45.148: [GC pause (G1 Evacuation Pause) (young) 3985K->976K(8192K), 0.0011379 secs]
45.152: [GC pause (G1 Evacuation Pause) (young) 4048K->913K(8192K), 0.0008233 secs]
45.155: [GC pause (G1 Evacuation Pause) (young) 3985K->976K(8192K), 0.0011401 secs]
45.158: [GC pause (G1 Evacuation Pause) (young) 4048K->913K(8192K), 0.0008205 secs]
45.161: [GC pause (G1 Evacuation Pause) (young) 3985K->976K(8192K), 0.0011379 secs]
45.164: [GC pause (G1 Evacuation Pause) (young) 4048K->913K(8192K), 0.0008205 secs]
45.167: [GC pause (G1 Evacuation Pause) (young) 3985K->976K(8192K), 0.0012132 secs]
45.171: [GC pause (G1 Evacuation Pause) (young) 4048K->913K(8192K), 0.0008799 secs]
45.174: [GC pause (G1 Evacuation Pause) (young) 3985K->976K(8192K), 0.0011747 secs]
45.177: [GC pause (G1 Evacuation Pause) (young) 4048K->913K(8192K), 0.0008068 secs]
45.180: [GC pause (G1 Evacuation Pause) (young) 3985K->976K(8192K), 0.0011417 secs]
45.183: [GC pause (G1 Evacuation Pause) (young) 4048K->913K(8192K), 0.0008139 secs]
45.187: [GC pause (G1 Evacuation Pause) (young) 3985K->976K(8192K), 0.0011357 secs]
45.190: [GC pause (G1 Evacuation Pause) (young) 4048K->913K(8192K), 0.0008843 secs]
45.193: [GC pause (G1 Evacuation Pause) (young) 3985K->976K(8192K), 0.0011472 secs]
45.197: [GC pause (G1 Evacuation Pause) (young) 4048K->913K(8192K), 0.0008222 secs]
45.200: [GC pause (G1 Evacuation Pause) (young) 3985K->976K(8192K), 0.0011472 secs]
45.203: [GC pause (G1 Evacuation Pause) (young) 4048K->913K(8192K), 0.0008777 secs]
45.206: [GC pause (G1 Evacuation Pause) (young) 3985K->976K(8192K), 0.0011461 secs]
45.209: [GC pause (G1 Evacuation Pause) (young) 4048K->913K(8192K), 0.0008310 secs]
45.212: [GC pause (G1 Evacuation Pause) (young) 3985K->976K(8192K), 0.0011362 secs]
45.216: [GC pause (G1 Evacuation Pause) (young) 4048K->913K(8192K), 0.0008167 secs]
45.219: [GC pause (G1 Evacuation Pause) (young) 3985K->976K(8192K), 0.0011302 secs]
45.222: [GC pause (G1 Evacuation Pause) (young) 4048K->913K(8192K), 0.0008134 secs]
45.225: [GC pause (G1 Evacuation Pause) (young) 3985K->976K(8192K), 0.0011412 secs]
45.228: [GC pause (G1 Evacuation Pause) (young) 4048K->913K(8192K), 0.0008717 secs]
45.231: [GC pause (G1 Evacuation Pause) (young) 3985K->976K(8192K), 0.0012204 secs]
45.235: [GC pause (G1 Evacuation Pause) (young) 4048K->913K(8192K), 0.0008200 secs]
45.238: [GC pause (G1 Evacuation Pause) (young) 3985K->976K(8192K), 0.0011379 secs]
45.241: [GC pause (G1 Evacuation Pause) (young) 4048K->913K(8192K), 0.0008178 secs]
45.244: [GC pause (G1 Evacuation Pause) (young) 3985K->976K(8192K), 0.0011401 secs]
45.248: [GC pause (G1 Evacuation Pause) (young) 4048K->913K(8192K), 0.0008183 secs]
45.251: [GC pause (G1 Evacuation Pause) (young) 3985K->976K(8192K), 0.0011439 secs]
45.254: [GC pause (G1 Evacuation Pause) (young) 4048K->913K(8192K), 0.0008970 secs]
45.257: [GC pause (G1 Evacuation Pause) (young) 3985K->976K(8192K), 0.0011500 secs]
45.261: [GC pause (G1 Evacuation Pause) (young) 4048K->913K(8192K), 0.0008288 secs]
45.264: [GC pause (G1 Evacuation Pause) (young) 3985K->976K(8192K), 0.0011560 secs]
45.267: [GC pause (G1 Evacuation Pause) (young) 4048K->913K(8192K), 0.0411044 secs]
45.311: [GC pause (G1 Evacuation Pause) (young) 3985K->976K(8192K), 0.0011582 secs]
45.314: [GC pause (G1 Evacuation Pause) (young) 4048K->913K(8192K), 0.0008398 secs]
45.317: [GC pause (G1 Evacuation Pause) (young) 3985K->976K(8192K), 0.0011555 secs]
45.321: [GC pause (G1 Evacuation Pause) (young) 4048K->913K(8192K), 0.0008354 secs]
45.324: [GC pause (G1 Evacuation Pause) (young) 3985K->976K(8192K), 0.0015498 secs]
45.328: [GC pause (G1 Evacuation Pause) (young) 4048K->913K(8192K), 0.0008381 secs]
45.331: [GC pause (G1 Evacuation Pause) (young) 3985K->976K(8192K), 0.0011522 secs]
45.334: [GC pause (G1 Evacuation Pause) (young) 4048K->913K(8192K), 0.0008777 secs]
45.337: [GC pause (G1 Evacuation Pause) (young) 3985K->976K(8192K), 0.0012682 secs]
45.346: [GC pause (G1 Evacuation Pause) (young) 4048K->913K(8192K), 0.0062585 secs]
45.355: [GC pause (G1 Evacuation Pause) (young) 3985K->976K(8192K), 0.0011885 secs]
45.358: [GC pause (G1 Evacuation Pause) (young) 4048K->913K(8192K), 0.0012523 secs]
45.361: [GC pause (G1 Evacuation Pause) (young) 3985K->976K(8192K), 0.0011395 secs]
45.365: [GC pause (G1 Evacuation Pause) (young) 4048K->913K(8192K), 0.0008200 secs]
45.367: [GC pause (G1 Evacuation Pause) (young) 3985K->976K(8192K), 0.0011225 secs]
45.371: [GC pause (G1 Evacuation Pause) (young) 4048K->913K(8192K), 0.0008332 secs]
45.374: [GC pause (G1 Evacuation Pause) (young) 3985K->976K(8192K), 0.0015547 secs]
45.377: [GC pause (G1 Evacuation Pause) (young) 4048K->913K(8192K), 0.0008343 secs]
45.380: [GC pause (G1 Evacuation Pause) (young) 3985K->976K(8192K), 0.0011263 secs]
45.384: [GC pause (G1 Evacuation Pause) (young) 4048K->913K(8192K), 0.0008178 secs]
45.386: [GC pause (G1 Evacuation Pause) (young) 3985K->976K(8192K), 0.0011296 secs]
45.390: [GC pause (G1 Evacuation Pause) (young) 4048K->913K(8192K), 0.0008161 secs]
45.393: [GC pause (G1 Evacuation Pause) (young) 3985K->976K(8192K), 0.0015591 secs]
45.396: [GC pause (G1 Evacuation Pause) (young) 4048K->913K(8192K), 0.0008216 secs]
45.399: [GC pause (G1 Evacuation Pause) (young) 3985K->976K(8192K), 0.0011346 secs]
45.403: [GC pause (G1 Evacuation Pause) (young) 4048K->913K(8192K), 0.0008189 secs]
45.405: [GC pause (G1 Evacuation Pause) (young) 3985K->976K(8192K), 0.0011362 secs]
45.409: [GC pause (G1 Evacuation Pause) (young) 4048K->913K(8192K), 0.0008145 secs]
45.412: [GC pause (G1 Evacuation Pause) (young) 3985K->976K(8192K), 0.0011225 secs]
45.415: [GC pause (G1 Evacuation Pause) (young) 4048K->913K(8192K), 0.0007996 secs]
45.418: [GC pause (G1 Evacuation Pause) (young) 3985K->976K(8192K), 0.0011956 secs]
45.421: [GC pause (G1 Evacuation Pause) (young) 4048K->913K(8192K), 0.0008035 secs]
45.424: [GC pause (G1 Evacuation Pause) (young) 3985K->1003K(8192K), 0.0012066 secs]
45.427: [GC pause (G1 Evacuation Pause) (young) 4075K->913K(8192K), 0.0008117 secs]
45.430: [GC pause (G1 Evacuation Pause) (young) 3985K->976K(8192K), 0.0011241 secs]
45.433: [GC pause (G1 Evacuation Pause) (young) 4048K->913K(8192K), 0.0008007 secs]
45.436: [GC pause (G1 Evacuation Pause) (young) 3985K->976K(8192K), 0.0011335 secs]
45.439: [GC pause (G1 Evacuation Pause) (young) 4048K->913K(8192K), 0.0008013 secs]
45.442: [GC pause (G1 Evacuation Pause) (young) 3985K->976K(8192K), 0.0011159 secs]
45.445: [GC pause (G1 Evacuation Pause) (young) 4048K->913K(8192K), 0.0008007 secs]
45.448: [GC pause (G1 Evacuation Pause) (young) 3985K->976K(8192K), 0.0011274 secs]
45.452: [GC pause (G1 Evacuation Pause) (young) 4048K->913K(8192K), 0.0008084 secs]
45.455: [GC pause (G1 Evacuation Pause) (young) 3985K->976K(8192K), 0.0030836 secs]
45.460: [GC pause (G1 Evacuation Pause) (young) 4048K->913K(8192K), 0.0008315 secs]
45.463: [GC pause (G1 Evacuation Pause) (young) 3985K->976K(8192K), 0.0011296 secs]
45.466: [GC pause (G1 Evacuation Pause) (young) 4048K->913K(8192K), 0.0008062 secs]
45.469: [GC pause (G1 Evacuation Pause) (young) 3985K->976K(8192K), 0.0011203 secs]
45.472: [GC pause (G1 Evacuation Pause) (young) 4048K->913K(8192K), 0.0007930 secs]
45.475: [GC pause (G1 Evacuation Pause) (young) 3985K->976K(8192K), 0.0012000 secs]
45.478: [GC pause (G1 Evacuation Pause) (young) 4048K->913K(8192K), 0.0008238 secs]
45.481: [GC pause (G1 Evacuation Pause) (young) 3985K->976K(8192K), 0.0011357 secs]
45.485: [GC pause (G1 Evacuation Pause) (young) 4048K->913K(8192K), 0.0008123 secs]
45.488: [GC pause (G1 Evacuation Pause) (young) 3985K->976K(8192K), 0.0011351 secs]
45.492: [GC pause (G1 Evacuation Pause) (young) 4048K->913K(8192K), 0.0009690 secs]
45.495: [GC pause (G1 Evacuation Pause) (young) 3985K->976K(8192K), 0.0011445 secs]
45.498: [GC pause (G1 Evacuation Pause) (young) 4048K->913K(8192K), 0.0008766 secs]
45.501: [GC pause (G1 Evacuation Pause) (young) 3985K->976K(8192K), 0.0011296 secs]
45.504: [GC pause (G1 Evacuation Pause) (young) 4048K->913K(8192K), 0.0008343 secs]
45.507: [GC pause (G1 Evacuation Pause) (young) 3985K->976K(8192K), 0.0011489 secs]
45.511: [GC pause (G1 Evacuation Pause) (young) 4048K->913K(8192K), 0.0008106 secs]
45.513: [GC pause (G1 Evacuation Pause) (young) 3985K->976K(8192K), 0.0012413 secs]
45.517: [GC pause (G1 Evacuation Pause) (young) 4048K->913K(8192K), 0.0008040 secs]
45.520: [GC pause (G1 Evacuation Pause) (young) 3985K->976K(8192K), 0.0011252 secs]
45.523: [GC pause (G1 Evacuation Pause) (young) 4048K->913K(8192K), 0.0008513 secs]
45.526: [GC pause (G1 Evacuation Pause) (young) 3985K->976K(8192K), 0.0012864 secs]
45.529: [GC pause (G1 Evacuation Pause) (young) 4048K->913K(8192K), 0.0008139 secs]
45.532: [GC pause (G1 Evacuation Pause) (young) 3985K->976K(8192K), 0.0011412 secs]
45.535: [GC pause (G1 Evacuation Pause) (young) 4048K->913K(8192K), 0.0008260 secs]
45.538: [GC pause (G1 Evacuation Pause) (young) 3985K->976K(8192K), 0.0011313 secs]
45.542: [GC pause (G1 Evacuation Pause) (young) 4048K->913K(8192K), 0.0008024 secs]
45.545: [GC pause (G1 Evacuation Pause) (young) 3985K->976K(8192K), 0.0011461 secs]
45.548: [GC pause (G1 Evacuation Pause) (young) 4048K->913K(8192K), 0.0008321 secs]
45.551: [GC pause (G1 Evacuation Pause) (young) 3985K->976K(8192K), 0.0011137 secs]
45.554: [GC pause (G1 Evacuation Pause) (young) 4048K->913K(8192K), 0.0008172 secs]
45.557: [GC pause (G1 Evacuation Pause) (young) 3985K->976K(8192K), 0.0011126 secs]
45.560: [GC pause (G1 Evacuation Pause) (young) 4048K->913K(8192K), 0.0007947 secs]
45.563: [GC pause (G1 Evacuation Pause) (young) 3985K->976K(8192K), 0.0011428 secs]
45.566: [GC pause (G1 Evacuation Pause) (young) 4048K->913K(8192K), 0.0008084 secs]
45.569: [GC pause (G1 Evacuation Pause) (young) 3985K->976K(8192K), 0.0011797 secs]
45.573: [GC pause (G1 Evacuation Pause) (young) 4048K->913K(8192K), 0.0009278 secs]
45.577: [GC pause (G1 Evacuation Pause) (young) 3985K->976K(8192K), 0.0011786 secs]
45.690: [GC pause (G1 Evacuation Pause) (young) 4048K->913K(8192K), 0.0008315 secs]
45.748: [GC pause (G1 Evacuation Pause) (young) 3985K->976K(8192K), 0.0011648 secs]
45.752: [GC pause (G1 Evacuation Pause) (young) 4048K->913K(8192K), 0.0008233 secs]
45.755: [GC pause (G1 Evacuation Pause) (young) 3985K->976K(8192K), 0.0011434 secs]
45.758: [GC pause (G1 Evacuation Pause) (young) 4048K->913K(8192K), 0.0013045 secs]
45.762: [GC pause (G1 Evacuation Pause) (young) 3985K->976K(8192K), 0.0011610 secs]
45.765: [GC pause (G1 Evacuation Pause) (young) 4048K->913K(8192K), 0.0008684 secs]
45.768: [GC pause (G1 Evacuation Pause) (young) 3985K->976K(8192K), 0.0011709 secs]
45.772: [GC pause (G1 Evacuation Pause) (young) 4048K->913K(8192K), 0.0008238 secs]
45.775: [GC pause (G1 Evacuation Pause) (young) 3985K->976K(8192K), 0.0055452 secs]
45.783: [GC pause (G1 Evacuation Pause) (young) 4048K->913K(8192K), 0.0024633 secs]
45.787: [GC pause (G1 Evacuation Pause) (young) 3985K->976K(8192K), 0.0011956 secs]
45.791: [GC pause (G1 Evacuation Pause) (young) 4048K->913K(8192K), 0.0021784 secs]
45.795: [GC pause (G1 Evacuation Pause) (young) 3985K->1003K(8192K), 0.0019853 secs]
45.800: [GC pause (G1 Evacuation Pause) (young) 4075K->913K(8192K), 0.0010999 secs]
45.803: [GC pause (G1 Evacuation Pause) (young) 3985K->976K(8192K), 0.0011456 secs]
45.807: [GC pause (G1 Evacuation Pause) (young) 4048K->913K(8192K), 0.0029747 secs]
45.812: [GC pause (G1 Evacuation Pause) (young) 3985K->976K(8192K), 0.0011318 secs]
45.815: [GC pause (G1 Evacuation Pause) (young) 4048K->913K(8192K), 0.0023676 secs]
45.819: [GC pause (G1 Evacuation Pause) (young) 3985K->976K(8192K), 0.0011516 secs]
45.823: [GC pause (G1 Evacuation Pause) (young) 4048K->913K(8192K), 0.0009041 secs]
45.826: [GC pause (G1 Evacuation Pause) (young) 3985K->976K(8192K), 0.0011395 secs]
45.829: [GC pause (G1 Evacuation Pause) (young) 4048K->913K(8192K), 0.0016928 secs]
45.833: [GC pause (G1 Evacuation Pause) (young) 3985K->976K(8192K), 0.0012198 secs]
45.836: [GC pause (G1 Evacuation Pause) (young) 4048K->913K(8192K), 0.0025282 secs]
45.841: [GC pause (G1 Evacuation Pause) (young) 3985K->976K(8192K), 0.0011533 secs]
45.844: [GC pause (G1 Evacuation Pause) (young) 4048K->913K(8192K), 0.0024897 secs]
45.849: [GC pause (G1 Evacuation Pause) (young) 3985K->976K(8192K), 0.0011516 secs]
45.852: [GC pause (G1 Evacuation Pause) (young) 4048K->913K(8192K), 0.0009272 secs]
45.855: [GC pause (G1 Evacuation Pause) (young) 3985K->976K(8192K), 0.0011516 secs]
45.859: [GC pause (G1 Evacuation Pause) (young) 4048K->913K(8192K), 0.0008084 secs]
45.862: [GC pause (G1 Evacuation Pause) (young) 3985K->976K(8192K), 0.0016889 secs]
45.865: [GC pause (G1 Evacuation Pause) (young) 4048K->913K(8192K), 0.0008189 secs]
45.868: [GC pause (G1 Evacuation Pause) (young) 3985K->976K(8192K), 0.0026783 secs]
45.873: [GC pause (G1 Evacuation Pause) (young) 4048K->913K(8192K), 0.0008678 secs]
45.876: [GC pause (G1 Evacuation Pause) (young) 3985K->976K(8192K), 0.0029054 secs]
45.883: [GC pause (G1 Evacuation Pause) (young) 4048K->913K(8192K), 0.0227859 secs]
45.909: [GC pause (G1 Evacuation Pause) (young) 3985K->1003K(8192K), 0.0016999 secs]
45.913: [GC pause (G1 Evacuation Pause) (young) 4075K->913K(8192K), 0.0008194 secs]
45.916: [GC pause (G1 Evacuation Pause) (young) 3985K->976K(8192K), 0.0016295 secs]
45.919: [GC pause (G1 Evacuation Pause) (young) 4048K->913K(8192K), 0.0008216 secs]
45.922: [GC pause (G1 Evacuation Pause) (young) 3985K->976K(8192K), 0.0026920 secs]
45.927: [GC pause (G1 Evacuation Pause) (young) 4048K->913K(8192K), 0.0008128 secs]
45.930: [GC pause (G1 Evacuation Pause) (young) 3985K->976K(8192K), 0.0012941 secs]
45.933: [GC pause (G1 Evacuation Pause) (young) 4048K->913K(8192K), 0.0008200 secs]
45.936: [GC pause (G1 Evacuation Pause) (young) 3985K->976K(8192K), 0.0012396 secs]
45.940: [GC pause (G1 Evacuation Pause) (young) 4048K->913K(8192K), 0.0012809 secs]
45.943: [GC pause (G1 Evacuation Pause) (young) 3985K->976K(8192K), 0.0011318 secs]
45.946: [GC pause (G1 Evacuation Pause) (young) 4048K->913K(8192K), 0.0009184 secs]
45.949: [GC pause (G1 Evacuation Pause) (young) 3985K->976K(8192K), 0.0011302 secs]
45.953: [GC pause (G1 Evacuation Pause) (young) 4048K->913K(8192K), 0.0008046 secs]
45.956: [GC pause (G1 Evacuation Pause) (young) 3985K->976K(8192K), 0.0011225 secs]
45.959: [GC pause (G1 Evacuation Pause) (young) 4048K->913K(8192K), 0.0008178 secs]
45.962: [GC pause (G1 Evacuation Pause) (young) 3985K->976K(8192K), 0.0011208 secs]
45.965: [GC pause (G1 Evacuation Pause) (young) 4048K->913K(8192K), 0.0008139 secs]
45.968: [GC pause (G1 Evacuation Pause) (young) 3985K->976K(8192K), 0.0011296 secs]
45.971: [GC pause (G1 Evacuation Pause) (young) 4048K->913K(8192K), 0.0015586 secs]
45.975: [GC pause (G1 Evacuation Pause) (young) 3985K->976K(8192K), 0.0011346 secs]
45.978: [GC pause (G1 Evacuation Pause) (young) 4048K->913K(8192K), 0.0008035 secs]
45.981: [GC pause (G1 Evacuation Pause) (young) 3985K->976K(8192K), 0.0012446 secs]
45.984: [GC pause (G1 Evacuation Pause) (young) 4048K->913K(8192K), 0.0008145 secs]
45.987: [GC pause (G1 Evacuation Pause) (young) 3985K->976K(8192K), 0.0011362 secs]
45.991: [GC pause (G1 Evacuation Pause) (young) 4048K->913K(8192K), 0.0008156 secs]
45.993: [GC pause (G1 Evacuation Pause) (young) 3985K->976K(8192K), 0.0011362 secs]
45.997: [GC pause (G1 Evacuation Pause) (young) 4048K->913K(8192K), 0.0008046 secs]
46.000: [GC pause (G1 Evacuation Pause) (young) 3985K->976K(8192K), 0.0011258 secs]
46.003: [GC pause (G1 Evacuation Pause) (young) 4048K->913K(8192K), 0.0008112 secs]
46.006: [GC pause (G1 Evacuation Pause) (young) 3985K->976K(8192K), 0.0011280 secs]
46.009: [GC pause (G1 Evacuation Pause) (young) 4048K->913K(8192K), 0.0008029 secs]
46.012: [GC pause (G1 Evacuation Pause) (young) 3985K->976K(8192K), 0.0012017 secs]
46.015: [GC pause (G1 Evacuation Pause) (young) 4048K->913K(8192K), 0.0008051 secs]
46.018: [GC pause (G1 Evacuation Pause) (young) 3985K->976K(8192K), 0.0011241 secs]
46.021: [GC pause (G1 Evacuation Pause) (young) 4048K->913K(8192K), 0.0008095 secs]
46.024: [GC pause (G1 Evacuation Pause) (young) 3985K->976K(8192K), 0.0011263 secs]
46.027: [GC pause (G1 Evacuation Pause) (young) 4048K->913K(8192K), 0.0007969 secs]
46.030: [GC pause (G1 Evacuation Pause) (young) 3985K->976K(8192K), 0.0011302 secs]
46.034: [GC pause (G1 Evacuation Pause) (young) 4048K->913K(8192K), 0.0008150 secs]
46.037: [GC pause (G1 Evacuation Pause) (young) 3985K->976K(8192K), 0.0011500 secs]
46.040: [GC pause (G1 Evacuation Pause) (young) 4048K->913K(8192K), 0.0008524 secs]
46.043: [GC pause (G1 Evacuation Pause) (young) 3985K->976K(8192K), 0.0011907 secs]
46.046: [GC pause (G1 Evacuation Pause) (young) 4048K->913K(8192K), 0.0008068 secs]
46.049: [GC pause (G1 Evacuation Pause) (young) 3985K->976K(8192K), 0.0011527 secs]
46.052: [GC pause (G1 Evacuation Pause) (young) 4048K->913K(8192K), 0.0008062 secs]
46.055: [GC pause (G1 Evacuation Pause) (young) 3985K->976K(8192K), 0.0011230 secs]
46.058: [GC pause (G1 Evacuation Pause) (young) 4048K->913K(8192K), 0.0008057 secs]
46.061: [GC pause (G1 Evacuation Pause) (young) 3985K->976K(8192K), 0.0011483 secs]
46.064: [GC pause (G1 Evacuation Pause) (young) 4048K->913K(8192K), 0.0008178 secs]
46.067: [GC pause (G1 Evacuation Pause) (young) 3985K->976K(8192K), 0.0011236 secs]
46.071: [GC pause (G1 Evacuation Pause) (young) 4048K->913K(8192K), 0.0008464 secs]
46.073: [GC pause (G1 Evacuation Pause) (young) 3985K->976K(8192K), 0.0011302 secs]
46.077: [GC pause (G1 Evacuation Pause) (young) 4048K->913K(8192K), 0.0008117 secs]
46.080: [GC pause (G1 Evacuation Pause) (young) 3985K->976K(8192K), 0.0011241 secs]
46.083: [GC pause (G1 Evacuation Pause) (young) 4048K->913K(8192K), 0.0007958 secs]
46.086: [GC pause (G1 Evacuation Pause) (young) 3985K->976K(8192K), 0.0011219 secs]
46.089: [GC pause (G1 Evacuation Pause) (young) 4048K->913K(8192K), 0.0008112 secs]
46.092: [GC pause (G1 Evacuation Pause) (young) 3985K->976K(8192K), 0.0011181 secs]
46.095: [GC pause (G1 Evacuation Pause) (young) 4048K->913K(8192K), 0.0008915 secs]
46.098: [GC pause (G1 Evacuation Pause) (young) 3985K->976K(8192K), 0.0011896 secs]
46.101: [GC pause (G1 Evacuation Pause) (young) 4048K->913K(8192K), 0.0008018 secs]
46.104: [GC pause (G1 Evacuation Pause) (young) 3985K->976K(8192K), 0.0011258 secs]
46.107: [GC pause (G1 Evacuation Pause) (young) 4048K->913K(8192K), 0.0008145 secs]
46.110: [GC pause (G1 Evacuation Pause) (young) 3985K->976K(8192K), 0.0011302 secs]
46.113: [GC pause (G1 Evacuation Pause) (young) 4048K->913K(8192K), 0.0008007 secs]
46.116: [GC pause (G1 Evacuation Pause) (young) 3985K->976K(8192K), 0.0011373 secs]
46.120: [GC pause (G1 Evacuation Pause) (young) 4048K->913K(8192K), 0.0008216 secs]
46.122: [GC pause (G1 Evacuation Pause) (young) 3985K->976K(8192K), 0.0011263 secs]
46.126: [GC pause (G1 Evacuation Pause) (young) 4048K->913K(8192K), 0.0008024 secs]
46.129: [GC pause (G1 Evacuation Pause) (young) 3985K->976K(8192K), 0.0011329 secs]
46.132: [GC pause (G1 Evacuation Pause) (young) 4048K->913K(8192K), 0.0008167 secs]
46.135: [GC pause (G1 Evacuation Pause) (young) 3985K->976K(8192K), 0.0018154 secs]
46.139: [GC pause (G1 Evacuation Pause) (young) 4048K->913K(8192K), 0.0008211 secs]
46.142: [GC pause (G1 Evacuation Pause) (young) 3985K->976K(8192K), 0.0011335 secs]
46.145: [GC pause (G1 Evacuation Pause) (young) 4048K->913K(8192K), 0.0008062 secs]
46.148: [GC pause (G1 Evacuation Pause) (young) 3985K->976K(8192K), 0.0011318 secs]
46.151: [GC pause (G1 Evacuation Pause) (young) 4048K->913K(8192K), 0.0008106 secs]
46.154: [GC pause (G1 Evacuation Pause) (young) 3985K->976K(8192K), 0.0011197 secs]
46.157: [GC pause (G1 Evacuation Pause) (young) 4048K->913K(8192K), 0.0009305 secs]
46.160: [GC pause (G1 Evacuation Pause) (young) 3985K->976K(8192K), 0.0011225 secs]
46.164: [GC pause (G1 Evacuation Pause) (young) 4048K->913K(8192K), 0.0008535 secs]
46.167: [GC pause (G1 Evacuation Pause) (young) 3985K->976K(8192K), 0.0011676 secs]
46.170: [GC pause (G1 Evacuation Pause) (young) 4048K->913K(8192K), 0.0008057 secs]
46.173: [GC pause (G1 Evacuation Pause) (young) 3985K->976K(8192K), 0.0011648 secs]
46.176: [GC pause (G1 Evacuation Pause) (young) 4048K->913K(8192K), 0.0008062 secs]
46.179: [GC pause (G1 Evacuation Pause) (young) 3985K->976K(8192K), 0.0011104 secs]
46.182: [GC pause (G1 Evacuation Pause) (young) 4048K->913K(8192K), 0.0008018 secs]
46.185: [GC pause (G1 Evacuation Pause) (young) 3985K->976K(8192K), 0.0011236 secs]
46.188: [GC pause (G1 Evacuation Pause) (young) 4048K->913K(8192K), 0.0008084 secs]
46.191: [GC pause (G1 Evacuation Pause) (young) 3985K->976K(8192K), 0.0011571 secs]
46.195: [GC pause (G1 Evacuation Pause) (young) 4048K->913K(8192K), 0.0008354 secs]
46.197: [GC pause (G1 Evacuation Pause) (young) 3985K->976K(8192K), 0.0012550 secs]
46.201: [GC pause (G1 Evacuation Pause) (young) 4048K->913K(8192K), 0.0008029 secs]
46.204: [GC pause (G1 Evacuation Pause) (young) 3985K->976K(8192K), 0.0011186 secs]
46.207: [GC pause (G1 Evacuation Pause) (young) 4048K->913K(8192K), 0.0007919 secs]
46.210: [GC pause (G1 Evacuation Pause) (young) 3985K->976K(8192K), 0.0011456 secs]
46.213: [GC pause (G1 Evacuation Pause) (young) 4048K->913K(8192K), 0.0008062 secs]
46.216: [GC pause (G1 Evacuation Pause) (young) 3985K->976K(8192K), 0.0011643 secs]
46.219: [GC pause (G1 Evacuation Pause) (young) 4048K->913K(8192K), 0.0008695 secs]
46.222: [GC pause (G1 Evacuation Pause) (young) 3985K->976K(8192K), 0.0011494 secs]
46.226: [GC pause (G1 Evacuation Pause) (young) 4048K->913K(8192K), 0.0008145 secs]
46.229: [GC pause (G1 Evacuation Pause) (young) 3985K->976K(8192K), 0.0011318 secs]
46.232: [GC pause (G1 Evacuation Pause) (young) 4048K->913K(8192K), 0.0008062 secs]
46.235: [GC pause (G1 Evacuation Pause) (young) 3985K->976K(8192K), 0.0011263 secs]
46.238: [GC pause (G1 Evacuation Pause) (young) 4048K->913K(8192K), 0.0008123 secs]
46.241: [GC pause (G1 Evacuation Pause) (young) 3985K->976K(8192K), 0.0011236 secs]
46.244: [GC pause (G1 Evacuation Pause) (young) 4048K->913K(8192K), 0.0008095 secs]
46.247: [GC pause (G1 Evacuation Pause) (young) 3985K->976K(8192K), 0.0011709 secs]
46.250: [GC pause (G1 Evacuation Pause) (young) 4048K->913K(8192K), 0.0008139 secs]
46.253: [GC pause (G1 Evacuation Pause) (young) 3985K->976K(8192K), 0.0011786 secs]
46.256: [GC pause (G1 Evacuation Pause) (young) 4048K->913K(8192K), 0.0008381 secs]
46.259: [GC pause (G1 Evacuation Pause) (young) 3985K->976K(8192K), 0.0011846 secs]
46.263: [GC pause (G1 Evacuation Pause) (young) 4048K->913K(8192K), 0.0008090 secs]
46.266: [GC pause (G1 Evacuation Pause) (young) 3985K->976K(8192K), 0.0011230 secs]
46.269: [GC pause (G1 Evacuation Pause) (young) 4048K->913K(8192K), 0.0008392 secs]
46.272: [GC pause (G1 Evacuation Pause) (young) 3985K->976K(8192K), 0.0011208 secs]
46.275: [GC pause (G1 Evacuation Pause) (young) 4048K->913K(8192K), 0.0008040 secs]
46.278: [GC pause (G1 Evacuation Pause) (young) 3985K->976K(8192K), 0.0011544 secs]
46.281: [GC pause (G1 Evacuation Pause) (young) 4048K->913K(8192K), 0.0008590 secs]
46.284: [GC pause (G1 Evacuation Pause) (young) 3985K->976K(8192K), 0.0011802 secs]
46.288: [GC pause (G1 Evacuation Pause) (young) 4048K->913K(8192K), 0.0008425 secs]
46.291: [GC pause (G1 Evacuation Pause) (young) 3985K->976K(8192K), 0.0011340 secs]
46.294: [GC pause (G1 Evacuation Pause) (young) 4048K->913K(8192K), 0.0008414 secs]
46.297: [GC pause (G1 Evacuation Pause) (young) 3985K->976K(8192K), 0.0037271 secs]
46.303: [GC pause (G1 Evacuation Pause) (young) 4048K->913K(8192K), 0.0008244 secs]
46.306: [GC pause (G1 Evacuation Pause) (young) 3985K->976K(8192K), 0.0011258 secs]
46.309: [GC pause (G1 Evacuation Pause) (young) 4048K->913K(8192K), 0.0008178 secs]
46.312: [GC pause (G1 Evacuation Pause) (young) 3985K->976K(8192K), 0.0011478 secs]
46.315: [GC pause (G1 Evacuation Pause) (young) 4048K->913K(8192K), 0.0008106 secs]
46.318: [GC pause (G1 Evacuation Pause) (young) 3985K->976K(8192K), 0.0011285 secs]
46.322: [GC pause (G1 Evacuation Pause) (young) 4048K->913K(8192K), 0.0008095 secs]
46.325: [GC pause (G1 Evacuation Pause) (young) 3985K->976K(8192K), 0.0012050 secs]
46.328: [GC pause (G1 Evacuation Pause) (young) 4048K->913K(8192K), 0.0008040 secs]
46.331: [GC pause (G1 Evacuation Pause) (young) 3985K->976K(8192K), 0.0011390 secs]
46.334: [GC pause (G1 Evacuation Pause) (young) 4048K->913K(8192K), 0.0007941 secs]
46.337: [GC pause (G1 Evacuation Pause) (young) 3985K->976K(8192K), 0.0011203 secs]
46.340: [GC pause (G1 Evacuation Pause) (young) 4048K->913K(8192K), 0.0009096 secs]
46.343: [GC pause (G1 Evacuation Pause) (young) 3985K->976K(8192K), 0.0011252 secs]
46.346: [GC pause (G1 Evacuation Pause) (young) 4048K->913K(8192K), 0.0008172 secs]
46.349: [GC pause (G1 Evacuation Pause) (young) 3985K->976K(8192K), 0.0011225 secs]
46.353: [GC pause (G1 Evacuation Pause) (young) 4048K->913K(8192K), 0.0008183 secs]
46.355: [GC pause (G1 Evacuation Pause) (young) 3985K->976K(8192K), 0.0011582 secs]
46.359: [GC pause (G1 Evacuation Pause) (young) 4048K->913K(8192K), 0.0008035 secs]
46.362: [GC pause (G1 Evacuation Pause) (young) 3985K->976K(8192K), 0.0011093 secs]
46.365: [GC pause (G1 Evacuation Pause) (young) 4048K->913K(8192K), 0.0007930 secs]
46.368: [GC pause (G1 Evacuation Pause) (young) 3985K->976K(8192K), 0.0011417 secs]
46.371: [GC pause (G1 Evacuation Pause) (young) 4048K->913K(8192K), 0.0008002 secs]
46.374: [GC pause (G1 Evacuation Pause) (young) 3985K->976K(8192K), 0.0011170 secs]
46.377: [GC pause (G1 Evacuation Pause) (young) 4048K->913K(8192K), 0.0007996 secs]
46.380: [GC pause (G1 Evacuation Pause) (young) 3985K->976K(8192K), 0.0011373 secs]
46.384: [GC pause (G1 Evacuation Pause) (young) 4048K->913K(8192K), 0.0008068 secs]
46.386: [GC pause (G1 Evacuation Pause) (young) 3985K->976K(8192K), 0.0011252 secs]
46.390: [GC pause (G1 Evacuation Pause) (young) 4048K->913K(8192K), 0.0008139 secs]
46.393: [GC pause (G1 Evacuation Pause) (young) 3985K->976K(8192K), 0.0011412 secs]
46.396: [GC pause (G1 Evacuation Pause) (young) 4048K->913K(8192K), 0.0008189 secs]
46.399: [GC pause (G1 Evacuation Pause) (young) 3985K->976K(8192K), 0.0011230 secs]
46.402: [GC pause (G1 Evacuation Pause) (young) 4048K->913K(8192K), 0.0009294 secs]
46.405: [GC pause (G1 Evacuation Pause) (young) 3985K->976K(8192K), 0.0011313 secs]
46.408: [GC pause (G1 Evacuation Pause) (young) 4048K->913K(8192K), 0.0008095 secs]
46.411: [GC pause (G1 Evacuation Pause) (young) 3985K->976K(8192K), 0.0011335 secs]
46.414: [GC pause (G1 Evacuation Pause) (young) 4048K->913K(8192K), 0.0008062 secs]
46.417: [GC pause (G1 Evacuation Pause) (young) 3985K->976K(8192K), 0.0011225 secs]
46.420: [GC pause (G1 Evacuation Pause) (young) 4048K->913K(8192K), 0.0008216 secs]
46.423: [GC pause (G1 Evacuation Pause) (young) 3985K->976K(8192K), 0.0011494 secs]
46.427: [GC pause (G1 Evacuation Pause) (young) 4048K->913K(8192K), 0.0008288 secs]
46.429: [GC pause (G1 Evacuation Pause) (young) 3985K->976K(8192K), 0.0011648 secs]
46.433: [GC pause (G1 Evacuation Pause) (young) 4048K->913K(8192K), 0.0008013 secs]
46.436: [GC pause (G1 Evacuation Pause) (young) 3985K->976K(8192K), 0.0011648 secs]
46.439: [GC pause (G1 Evacuation Pause) (young) 4048K->913K(8192K), 0.0008139 secs]
46.442: [GC pause (G1 Evacuation Pause) (young) 3985K->976K(8192K), 0.0011252 secs]
46.445: [GC pause (G1 Evacuation Pause) (young) 4048K->913K(8192K), 0.0008145 secs]
46.448: [GC pause (G1 Evacuation Pause) (young) 3985K->1003K(8192K), 0.0012028 secs]
46.451: [GC pause (G1 Evacuation Pause) (young) 4075K->913K(8192K), 0.0007996 secs]
46.454: [GC pause (G1 Evacuation Pause) (young) 3985K->976K(8192K), 0.0011225 secs]
46.457: [GC pause (G1 Evacuation Pause) (young) 4048K->913K(8192K), 0.0008029 secs]
46.460: [GC pause (G1 Evacuation Pause) (young) 3985K->976K(8192K), 0.0011269 secs]
46.463: [GC pause (G1 Evacuation Pause) (young) 4048K->913K(8192K), 0.0008068 secs]
46.466: [GC pause (G1 Evacuation Pause) (young) 3985K->976K(8192K), 0.0011236 secs]
46.469: [GC pause (G1 Evacuation Pause) (young) 4048K->913K(8192K), 0.0007974 secs]
46.472: [GC pause (G1 Evacuation Pause) (young) 3985K->976K(8192K), 0.0011615 secs]
46.476: [GC pause (G1 Evacuation Pause) (young) 4048K->913K(8192K), 0.0008079 secs]
46.479: [GC pause (G1 Evacuation Pause) (young) 3985K->976K(8192K), 0.0011335 secs]
46.482: [GC pause (G1 Evacuation Pause) (young) 4048K->913K(8192K), 0.0008024 secs]
46.485: [GC pause (G1 Evacuation Pause) (young) 3985K->976K(8192K), 0.0011208 secs]
46.488: [GC pause (G1 Evacuation Pause) (young) 4048K->913K(8192K), 0.0008013 secs]
46.491: [GC pause (G1 Evacuation Pause) (young) 3985K->976K(8192K), 0.0011192 secs]
46.494: [GC pause (G1 Evacuation Pause) (young) 4048K->913K(8192K), 0.0008596 secs]
46.497: [GC pause (G1 Evacuation Pause) (young) 3985K->976K(8192K), 0.0011175 secs]
46.500: [GC pause (G1 Evacuation Pause) (young) 4048K->913K(8192K), 0.0008172 secs]
46.503: [GC pause (G1 Evacuation Pause) (young) 3985K->976K(8192K), 0.0011676 secs]
46.506: [GC pause (G1 Evacuation Pause) (young) 4048K->913K(8192K), 0.0008123 secs]
46.509: [GC pause (G1 Evacuation Pause) (young) 3985K->976K(8192K), 0.0011687 secs]
46.513: [GC pause (G1 Evacuation Pause) (young) 4048K->913K(8192K), 0.0008079 secs]
46.515: [GC pause (G1 Evacuation Pause) (young) 3985K->976K(8192K), 0.0011324 secs]
46.519: [GC pause (G1 Evacuation Pause) (young) 4048K->913K(8192K), 0.0007952 secs]
46.522: [GC pause (G1 Evacuation Pause) (young) 3985K->976K(8192K), 0.0011115 secs]
46.525: [GC pause (G1 Evacuation Pause) (young) 4048K->913K(8192K), 0.0008145 secs]
46.528: [GC pause (G1 Evacuation Pause) (young) 3985K->976K(8192K), 0.0011654 secs]
46.531: [GC pause (G1 Evacuation Pause) (young) 4048K->913K(8192K), 0.0008563 secs]
46.534: [GC pause (G1 Evacuation Pause) (young) 3985K->976K(8192K), 0.0011186 secs]
46.537: [GC pause (G1 Evacuation Pause) (young) 4048K->913K(8192K), 0.0008106 secs]
46.540: [GC pause (G1 Evacuation Pause) (young) 3985K->976K(8192K), 0.0011109 secs]
46.543: [GC pause (G1 Evacuation Pause) (young) 4048K->913K(8192K), 0.0007952 secs]
46.546: [GC pause (G1 Evacuation Pause) (young) 3985K->976K(8192K), 0.0011362 secs]
46.549: [GC pause (G1 Evacuation Pause) (young) 4048K->913K(8192K), 0.0008029 secs]
46.552: [GC pause (G1 Evacuation Pause) (young) 3985K->976K(8192K), 0.0012066 secs]
46.555: [GC pause (G1 Evacuation Pause) (young) 4048K->913K(8192K), 0.0008161 secs]
46.558: [GC pause (G1 Evacuation Pause) (young) 3985K->976K(8192K), 0.0011522 secs]
46.561: [GC pause (G1 Evacuation Pause) (young) 4048K->913K(8192K), 0.0008018 secs]
46.564: [GC pause (G1 Evacuation Pause) (young) 3985K->976K(8192K), 0.0011813 secs]
46.568: [GC pause (G1 Evacuation Pause) (young) 4048K->913K(8192K), 0.0008079 secs]
46.571: [GC pause (G1 Evacuation Pause) (young) 3985K->976K(8192K), 0.0011153 secs]
46.574: [GC pause (G1 Evacuation Pause) (young) 4048K->913K(8192K), 0.0008013 secs]
46.577: [GC pause (G1 Evacuation Pause) (young) 3985K->976K(8192K), 0.0011285 secs]
46.580: [GC pause (G1 Evacuation Pause) (young) 4048K->913K(8192K), 0.0008200 secs]
46.583: [GC pause (G1 Evacuation Pause) (young) 3985K->976K(8192K), 0.0011236 secs]
46.586: [GC pause (G1 Evacuation Pause) (young) 4048K->913K(8192K), 0.0008134 secs]
46.589: [GC pause (G1 Evacuation Pause) (young) 3985K->976K(8192K), 0.0011219 secs]
46.592: [GC pause (G1 Evacuation Pause) (young) 4048K->913K(8192K), 0.0009069 secs]
46.595: [GC pause (G1 Evacuation Pause) (young) 3985K->976K(8192K), 0.0011302 secs]
46.598: [GC pause (G1 Evacuation Pause) (young) 4048K->913K(8192K), 0.0008112 secs]
46.601: [GC pause (G1 Evacuation Pause) (young) 3985K->976K(8192K), 0.0011148 secs]
46.604: [GC pause (G1 Evacuation Pause) (young) 4048K->913K(8192K), 0.0008260 secs]
46.607: [GC pause (G1 Evacuation Pause) (young) 3985K->976K(8192K), 0.0011104 secs]
46.611: [GC pause (G1 Evacuation Pause) (young) 4048K->913K(8192K), 0.0008079 secs]
46.613: [GC pause (G1 Evacuation Pause) (young) 3985K->976K(8192K), 0.0011208 secs]
46.617: [GC pause (G1 Evacuation Pause) (young) 4048K->913K(8192K), 0.0008013 secs]
46.619: [GC pause (G1 Evacuation Pause) (young) 3985K->976K(8192K), 0.0011120 secs]
46.623: [GC pause (G1 Evacuation Pause) (young) 4048K->913K(8192K), 0.0008579 secs]
46.626: [GC pause (G1 Evacuation Pause) (young) 3985K->976K(8192K), 0.0011214 secs]
46.629: [GC pause (G1 Evacuation Pause) (young) 4048K->913K(8192K), 0.0008211 secs]
46.632: [GC pause (G1 Evacuation Pause) (young) 3985K->976K(8192K), 0.0011324 secs]
46.635: [GC pause (G1 Evacuation Pause) (young) 4048K->913K(8192K), 0.0008112 secs]
46.638: [GC pause (G1 Evacuation Pause) (young) 3985K->976K(8192K), 0.0011208 secs]
46.641: [GC pause (G1 Evacuation Pause) (young) 4048K->913K(8192K), 0.0007941 secs]
46.644: [GC pause (G1 Evacuation Pause) (young) 3985K->976K(8192K), 0.0011137 secs]
46.647: [GC pause (G1 Evacuation Pause) (young) 4048K->913K(8192K), 0.0008024 secs]
46.650: [GC pause (G1 Evacuation Pause) (young) 3985K->976K(8192K), 0.0011302 secs]
46.654: [GC pause (G1 Evacuation Pause) (young) 4048K->913K(8192K), 0.0008090 secs]
46.656: [GC pause (G1 Evacuation Pause) (young) 3985K->976K(8192K), 0.0011263 secs]
46.660: [GC pause (G1 Evacuation Pause) (young) 4048K->913K(8192K), 0.0008106 secs]
46.663: [GC pause (G1 Evacuation Pause) (young) 3985K->976K(8192K), 0.0011368 secs]
46.666: [GC pause (G1 Evacuation Pause) (young) 4048K->913K(8192K), 0.0008090 secs]
46.669: [GC pause (G1 Evacuation Pause) (young) 3985K->976K(8192K), 0.0011280 secs]
46.672: [GC pause (G1 Evacuation Pause) (young) 4048K->913K(8192K), 0.0008051 secs]
46.675: [GC pause (G1 Evacuation Pause) (young) 3985K->976K(8192K), 0.0011681 secs]
46.678: [GC pause (G1 Evacuation Pause) (young) 4048K->913K(8192K), 0.0008084 secs]
46.681: [GC pause (G1 Evacuation Pause) (young) 3985K->976K(8192K), 0.0011230 secs]
46.684: [GC pause (G1 Evacuation Pause) (young) 4048K->913K(8192K), 0.0008035 secs]
46.687: [GC pause (G1 Evacuation Pause) (young) 3985K->976K(8192K), 0.0011483 secs]
46.691: [GC pause (G1 Evacuation Pause) (young) 4048K->913K(8192K), 0.0008502 secs]
46.694: [GC pause (G1 Evacuation Pause) (young) 3985K->976K(8192K), 0.0011148 secs]
46.697: [GC pause (G1 Evacuation Pause) (young) 4048K->913K(8192K), 0.0008024 secs]
46.700: [GC pause (G1 Evacuation Pause) (young) 3985K->976K(8192K), 0.0011318 secs]
46.703: [GC pause (G1 Evacuation Pause) (young) 4048K->913K(8192K), 0.0008271 secs]
46.706: [GC pause (G1 Evacuation Pause) (young) 3985K->976K(8192K), 0.0011291 secs]
46.709: [GC pause (G1 Evacuation Pause) (young) 4048K->913K(8192K), 0.0008425 secs]
46.712: [GC pause (G1 Evacuation Pause) (young) 3985K->976K(8192K), 0.0011379 secs]
46.715: [GC pause (G1 Evacuation Pause) (young) 4048K->913K(8192K), 0.0008035 secs]
46.718: [GC pause (G1 Evacuation Pause) (young) 3985K->976K(8192K), 0.0011241 secs]
46.721: [GC pause (G1 Evacuation Pause) (young) 4048K->913K(8192K), 0.0008761 secs]
46.724: [GC pause (G1 Evacuation Pause) (young) 3985K->976K(8192K), 0.0011230 secs]
46.728: [GC pause (G1 Evacuation Pause) (young) 4048K->913K(8192K), 0.0008117 secs]
46.730: [GC pause (G1 Evacuation Pause) (young) 3985K->976K(8192K), 0.0011214 secs]
46.734: [GC pause (G1 Evacuation Pause) (young) 4048K->913K(8192K), 0.0008057 secs]
46.737: [GC pause (G1 Evacuation Pause) (young) 3985K->976K(8192K), 0.0011335 secs]
46.740: [GC pause (G1 Evacuation Pause) (young) 4048K->913K(8192K), 0.0008117 secs]
46.743: [GC pause (G1 Evacuation Pause) (young) 3985K->976K(8192K), 0.0011131 secs]
46.746: [GC pause (G1 Evacuation Pause) (young) 4048K->913K(8192K), 0.0008216 secs]
46.749: [GC pause (G1 Evacuation Pause) (young) 3985K->976K(8192K), 0.0011302 secs]
46.752: [GC pause (G1 Evacuation Pause) (young) 4048K->913K(8192K), 0.0008607 secs]
46.755: [GC pause (G1 Evacuation Pause) (young) 3985K->1003K(8192K), 0.0012182 secs]
46.758: [GC pause (G1 Evacuation Pause) (young) 4075K->913K(8192K), 0.0008128 secs]
46.761: [GC pause (G1 Evacuation Pause) (young) 3985K->976K(8192K), 0.0011324 secs]
46.764: [GC pause (G1 Evacuation Pause) (young) 4048K->913K(8192K), 0.0008134 secs]
46.767: [GC pause (G1 Evacuation Pause) (young) 3985K->976K(8192K), 0.0011164 secs]
46.770: [GC pause (G1 Evacuation Pause) (young) 4048K->913K(8192K), 0.0007886 secs]
46.773: [GC pause (G1 Evacuation Pause) (young) 3985K->976K(8192K), 0.0011230 secs]
46.777: [GC pause (G1 Evacuation Pause) (young) 4048K->913K(8192K), 0.0008189 secs]
46.780: [GC pause (G1 Evacuation Pause) (young) 3985K->976K(8192K), 0.0011230 secs]
46.783: [GC pause (G1 Evacuation Pause) (young) 4048K->913K(8192K), 0.0008156 secs]
46.786: [GC pause (G1 Evacuation Pause) (young) 3985K->976K(8192K), 0.0011208 secs]
46.789: [GC pause (G1 Evacuation Pause) (young) 4048K->913K(8192K), 0.0008348 secs]
46.792: [GC pause (G1 Evacuation Pause) (young) 3985K->976K(8192K), 0.0011252 secs]
46.795: [GC pause (G1 Evacuation Pause) (young) 4048K->913K(8192K), 0.0008524 secs]
46.798: [GC pause (G1 Evacuation Pause) (young) 3985K->976K(8192K), 0.0029439 secs]
46.803: [GC pause (G1 Evacuation Pause) (young) 4048K->913K(8192K), 0.0008315 secs]
46.806: [GC pause (G1 Evacuation Pause) (young) 3985K->976K(8192K), 0.0012759 secs]
46.810: [GC pause (G1 Evacuation Pause) (young) 4048K->913K(8192K), 0.0008200 secs]
46.812: [GC pause (G1 Evacuation Pause) (young) 3985K->976K(8192K), 0.0011368 secs]
46.816: [GC pause (G1 Evacuation Pause) (young) 4048K->913K(8192K), 0.0008161 secs]
46.819: [GC pause (G1 Evacuation Pause) (young) 3985K->976K(8192K), 0.0011203 secs]
46.822: [GC pause (G1 Evacuation Pause) (young) 4048K->913K(8192K), 0.0008150 secs]
46.825: [GC pause (G1 Evacuation Pause) (young) 3985K->976K(8192K), 0.0011324 secs]
46.828: [GC pause (G1 Evacuation Pause) (young) 4048K->913K(8192K), 0.0008013 secs]
46.831: [GC pause (G1 Evacuation Pause) (young) 3985K->976K(8192K), 0.0011159 secs]
46.834: [GC pause (G1 Evacuation Pause) (young) 4048K->913K(8192K), 0.0008128 secs]
46.837: [GC pause (G1 Evacuation Pause) (young) 3985K->976K(8192K), 0.0011340 secs]
46.841: [GC pause (G1 Evacuation Pause) (young) 4048K->913K(8192K), 0.0008475 secs]
46.844: [GC pause (G1 Evacuation Pause) (young) 3985K->976K(8192K), 0.0011824 secs]
46.847: [GC pause (G1 Evacuation Pause) (young) 4048K->913K(8192K), 0.0008156 secs]
46.850: [GC pause (G1 Evacuation Pause) (young) 3985K->976K(8192K), 0.0011181 secs]
46.853: [GC pause (G1 Evacuation Pause) (young) 4048K->913K(8192K), 0.0008073 secs]
46.856: [GC pause (G1 Evacuation Pause) (young) 3985K->976K(8192K), 0.0011120 secs]
46.859: [GC pause (G1 Evacuation Pause) (young) 4048K->913K(8192K), 0.0008706 secs]
46.862: [GC pause (G1 Evacuation Pause) (young) 3985K->976K(8192K), 0.0011236 secs]
46.865: [GC pause (G1 Evacuation Pause) (young) 4048K->913K(8192K), 0.0007980 secs]
46.868: [GC pause (G1 Evacuation Pause) (young) 3985K->976K(8192K), 0.0011500 secs]
46.871: [GC pause (G1 Evacuation Pause) (young) 4048K->913K(8192K), 0.0008013 secs]
46.874: [GC pause (G1 Evacuation Pause) (young) 3985K->976K(8192K), 0.0011269 secs]
46.878: [GC pause (G1 Evacuation Pause) (young) 4048K->913K(8192K), 0.0008090 secs]
46.880: [GC pause (G1 Evacuation Pause) (young) 3985K->976K(8192K), 0.0011274 secs]
46.884: [GC pause (G1 Evacuation Pause) (young) 4048K->913K(8192K), 0.0008029 secs]
46.886: [GC pause (G1 Evacuation Pause) (young) 3985K->976K(8192K), 0.0011252 secs]
46.890: [GC pause (G1 Evacuation Pause) (young) 4048K->913K(8192K), 0.0008519 secs]
46.893: [GC pause (G1 Evacuation Pause) (young) 3985K->976K(8192K), 0.0011362 secs]
46.896: [GC pause (G1 Evacuation Pause) (young) 4048K->913K(8192K), 0.0008101 secs]
46.899: [GC pause (G1 Evacuation Pause) (young) 3985K->976K(8192K), 0.0011450 secs]
46.902: [GC pause (G1 Evacuation Pause) (young) 4048K->913K(8192K), 0.0008167 secs]
46.905: [GC pause (G1 Evacuation Pause) (young) 3985K->976K(8192K), 0.0011329 secs]
46.909: [GC pause (G1 Evacuation Pause) (young) 4048K->913K(8192K), 0.0008150 secs]
46.914: [GC pause (G1 Evacuation Pause) (young) 3985K->976K(8192K), 0.0012451 secs]
46.917: [GC pause (G1 Evacuation Pause) (young) 4048K->913K(8192K), 0.0008282 secs]
46.920: [GC pause (G1 Evacuation Pause) (young) 3985K->976K(8192K), 0.0011313 secs]
46.923: [GC pause (G1 Evacuation Pause) (young) 4048K->913K(8192K), 0.0007996 secs]
46.926: [GC pause (G1 Evacuation Pause) (young) 3985K->976K(8192K), 0.0011186 secs]
46.929: [GC pause (G1 Evacuation Pause) (young) 4048K->913K(8192K), 0.0008024 secs]
46.932: [GC pause (G1 Evacuation Pause) (young) 3985K->976K(8192K), 0.0011274 secs]
46.935: [GC pause (G1 Evacuation Pause) (young) 4048K->913K(8192K), 0.0008029 secs]
46.939: [GC pause (G1 Evacuation Pause) (young) 3985K->976K(8192K), 0.0011456 secs]
46.942: [GC pause (G1 Evacuation Pause) (young) 4048K->913K(8192K), 0.0008172 secs]
46.945: [GC pause (G1 Evacuation Pause) (young) 3985K->976K(8192K), 0.0011120 secs]
46.948: [GC pause (G1 Evacuation Pause) (young) 4048K->913K(8192K), 0.0008112 secs]
46.951: [GC pause (G1 Evacuation Pause) (young) 3985K->976K(8192K), 0.0011637 secs]
46.954: [GC pause (G1 Evacuation Pause) (young) 4048K->913K(8192K), 0.0007996 secs]
46.957: [GC pause (G1 Evacuation Pause) (young) 3985K->976K(8192K), 0.0011148 secs]
46.960: [GC pause (G1 Evacuation Pause) (young) 4048K->913K(8192K), 0.0009289 secs]
46.963: [GC pause (G1 Evacuation Pause) (young) 3985K->976K(8192K), 0.0011329 secs]
46.966: [GC pause (G1 Evacuation Pause) (young) 4048K->913K(8192K), 0.0008183 secs]
46.969: [GC pause (G1 Evacuation Pause) (young) 3985K->976K(8192K), 0.0011984 secs]
46.973: [GC pause (G1 Evacuation Pause) (young) 4048K->913K(8192K), 0.0008216 secs]
46.975: [GC pause (G1 Evacuation Pause) (young) 3985K->976K(8192K), 0.0011824 secs]
46.979: [GC pause (G1 Evacuation Pause) (young) 4048K->913K(8192K), 0.0008073 secs]
46.982: [GC pause (G1 Evacuation Pause) (young) 3985K->976K(8192K), 0.0011296 secs]
46.985: [GC pause (G1 Evacuation Pause) (young) 4048K->913K(8192K), 0.0008002 secs]
46.988: [GC pause (G1 Evacuation Pause) (young) 3985K->976K(8192K), 0.0011148 secs]
46.991: [GC pause (G1 Evacuation Pause) (young) 4048K->913K(8192K), 0.0008398 secs]
46.994: [GC pause (G1 Evacuation Pause) (young) 3985K->976K(8192K), 0.0011456 secs]
46.997: [GC pause (G1 Evacuation Pause) (young) 4048K->913K(8192K), 0.0007974 secs]
47.000: [GC pause (G1 Evacuation Pause) (young) 3985K->976K(8192K), 0.0011406 secs]
47.003: [GC pause (G1 Evacuation Pause) (young) 4048K->913K(8192K), 0.0008029 secs]
47.006: [GC pause (G1 Evacuation Pause) (young) 3985K->976K(8192K), 0.0011461 secs]
47.009: [GC pause (G1 Evacuation Pause) (young) 4048K->913K(8192K), 0.0008112 secs]
47.012: [GC pause (G1 Evacuation Pause) (young) 3985K->976K(8192K), 0.0011346 secs]
47.016: [GC pause (G1 Evacuation Pause) (young) 4048K->913K(8192K), 0.0008101 secs]
47.019: [GC pause (G1 Evacuation Pause) (young) 3985K->976K(8192K), 0.0011373 secs]
47.022: [GC pause (G1 Evacuation Pause) (young) 4048K->913K(8192K), 0.0007958 secs]
47.025: [GC pause (G1 Evacuation Pause) (young) 3985K->976K(8192K), 0.0011208 secs]
47.028: [GC pause (G1 Evacuation Pause) (young) 4048K->913K(8192K), 0.0008024 secs]
47.031: [GC pause (G1 Evacuation Pause) (young) 3985K->976K(8192K), 0.0011230 secs]
47.034: [GC pause (G1 Evacuation Pause) (young) 4048K->913K(8192K), 0.0007980 secs]
47.037: [GC pause (G1 Evacuation Pause) (young) 3985K->976K(8192K), 0.0011318 secs]
47.040: [GC pause (G1 Evacuation Pause) (young) 4048K->913K(8192K), 0.0008073 secs]
47.043: [GC pause (G1 Evacuation Pause) (young) 3985K->976K(8192K), 0.0011395 secs]
47.046: [GC pause (G1 Evacuation Pause) (young) 4048K->913K(8192K), 0.0008145 secs]
47.049: [GC pause (G1 Evacuation Pause) (young) 3985K->976K(8192K), 0.0011379 secs]
47.052: [GC pause (G1 Evacuation Pause) (young) 4048K->913K(8192K), 0.0008183 secs]
47.055: [GC pause (G1 Evacuation Pause) (young) 3985K->976K(8192K), 0.0011841 secs]
47.059: [GC pause (G1 Evacuation Pause) (young) 4048K->913K(8192K), 0.0007996 secs]
47.061: [GC pause (G1 Evacuation Pause) (young) 3985K->976K(8192K), 0.0011241 secs]
47.065: [GC pause (G1 Evacuation Pause) (young) 4048K->913K(8192K), 0.0008860 secs]
47.068: [GC pause (G1 Evacuation Pause) (young) 3985K->976K(8192K), 0.0011252 secs]
47.071: [GC pause (G1 Evacuation Pause) (young) 4048K->913K(8192K), 0.0008381 secs]
47.074: [GC pause (G1 Evacuation Pause) (young) 3985K->976K(8192K), 0.0011285 secs]
47.077: [GC pause (G1 Evacuation Pause) (young) 4048K->913K(8192K), 0.0008095 secs]
47.080: [GC pause (G1 Evacuation Pause) (young) 3985K->976K(8192K), 0.0011269 secs]
47.083: [GC pause (G1 Evacuation Pause) (young) 4048K->913K(8192K), 0.0007947 secs]
47.086: [GC pause (G1 Evacuation Pause) (young) 3985K->976K(8192K), 0.0011885 secs]
47.089: [GC pause (G1 Evacuation Pause) (young) 4048K->913K(8192K), 0.0008414 secs]
47.092: [GC pause (G1 Evacuation Pause) (young) 3985K->976K(8192K), 0.0011181 secs]
47.096: [GC pause (G1 Evacuation Pause) (young) 4048K->913K(8192K), 0.0007991 secs]
47.098: [GC pause (G1 Evacuation Pause) (young) 3985K->976K(8192K), 0.0011192 secs]
47.102: [GC pause (G1 Evacuation Pause) (young) 4048K->913K(8192K), 0.0008596 secs]
47.105: [GC pause (G1 Evacuation Pause) (young) 3985K->976K(8192K), 0.0011522 secs]
47.108: [GC pause (G1 Evacuation Pause) (young) 4048K->913K(8192K), 0.0008007 secs]
47.111: [GC pause (G1 Evacuation Pause) (young) 3985K->976K(8192K), 0.0011181 secs]
47.114: [GC pause (G1 Evacuation Pause) (young) 4048K->913K(8192K), 0.0008095 secs]
47.117: [GC pause (G1 Evacuation Pause) (young) 3985K->976K(8192K), 0.0011159 secs]
47.120: [GC pause (G1 Evacuation Pause) (young) 4048K->913K(8192K), 0.0008106 secs]
47.123: [GC pause (G1 Evacuation Pause) (young) 3985K->976K(8192K), 0.0011219 secs]
47.126: [GC pause (G1 Evacuation Pause) (young) 4048K->913K(8192K), 0.0008084 secs]
47.129: [GC pause (G1 Evacuation Pause) (young) 3985K->976K(8192K), 0.0012160 secs]
47.132: [GC pause (G1 Evacuation Pause) (young) 4048K->913K(8192K), 0.0008365 secs]
47.135: [GC pause (G1 Evacuation Pause) (young) 3985K->976K(8192K), 0.0011527 secs]
47.139: [GC pause (G1 Evacuation Pause) (young) 4048K->913K(8192K), 0.0007974 secs]
47.141: [GC pause (G1 Evacuation Pause) (young) 3985K->976K(8192K), 0.0011115 secs]
47.145: [GC pause (G1 Evacuation Pause) (young) 4048K->913K(8192K), 0.0008073 secs]
47.147: [GC pause (G1 Evacuation Pause) (young) 3985K->976K(8192K), 0.0011170 secs]
47.151: [GC pause (G1 Evacuation Pause) (young) 4048K->913K(8192K), 0.0008112 secs]
47.154: [GC pause (G1 Evacuation Pause) (young) 3985K->976K(8192K), 0.0011252 secs]
47.157: [GC pause (G1 Evacuation Pause) (young) 4048K->913K(8192K), 0.0008013 secs]
47.160: [GC pause (G1 Evacuation Pause) (young) 3985K->976K(8192K), 0.0011406 secs]
47.163: [GC pause (G1 Evacuation Pause) (young) 4048K->913K(8192K), 0.0008029 secs]
47.166: [GC pause (G1 Evacuation Pause) (young) 3985K->976K(8192K), 0.0011329 secs]
47.169: [GC pause (G1 Evacuation Pause) (young) 4048K->913K(8192K), 0.0008068 secs]
47.172: [GC pause (G1 Evacuation Pause) (young) 3985K->976K(8192K), 0.0011368 secs]
47.176: [GC pause (G1 Evacuation Pause) (young) 4048K->913K(8192K), 0.0008106 secs]
47.178: [GC pause (G1 Evacuation Pause) (young) 3985K->976K(8192K), 0.0011280 secs]
47.182: [GC pause (G1 Evacuation Pause) (young) 4048K->913K(8192K), 0.0008040 secs]
47.185: [GC pause (G1 Evacuation Pause) (young) 3985K->976K(8192K), 0.0011346 secs]
47.188: [GC pause (G1 Evacuation Pause) (young) 4048K->913K(8192K), 0.0008266 secs]
47.191: [GC pause (G1 Evacuation Pause) (young) 3985K->976K(8192K), 0.0011291 secs]
47.194: [GC pause (G1 Evacuation Pause) (young) 4048K->913K(8192K), 0.0008117 secs]
47.197: [GC pause (G1 Evacuation Pause) (young) 3985K->976K(8192K), 0.0011252 secs]
47.200: [GC pause (G1 Evacuation Pause) (young) 4048K->913K(8192K), 0.0008068 secs]
47.203: [GC pause (G1 Evacuation Pause) (young) 3985K->976K(8192K), 0.0011417 secs]
47.206: [GC pause (G1 Evacuation Pause) (young) 4048K->913K(8192K), 0.0008282 secs]
47.209: [GC pause (G1 Evacuation Pause) (young) 3985K->976K(8192K), 0.0011384 secs]
47.212: [GC pause (G1 Evacuation Pause) (young) 4048K->913K(8192K), 0.0008222 secs]
47.215: [GC pause (G1 Evacuation Pause) (young) 3985K->976K(8192K), 0.0011280 secs]
47.219: [GC pause (G1 Evacuation Pause) (young) 4048K->913K(8192K), 0.0008112 secs]
47.222: [GC pause (G1 Evacuation Pause) (young) 3985K->976K(8192K), 0.0012028 secs]
47.225: [GC pause (G1 Evacuation Pause) (young) 4048K->913K(8192K), 0.0008123 secs]
47.228: [GC pause (G1 Evacuation Pause) (young) 3985K->976K(8192K), 0.0011170 secs]
47.231: [GC pause (G1 Evacuation Pause) (young) 4048K->913K(8192K), 0.0008200 secs]
47.234: [GC pause (G1 Evacuation Pause) (young) 3985K->976K(8192K), 0.0011571 secs]
47.238: [GC pause (G1 Evacuation Pause) (young) 4048K->913K(8192K), 0.0008178 secs]
47.240: [GC pause (G1 Evacuation Pause) (young) 3985K->976K(8192K), 0.0011241 secs]
47.244: [GC pause (G1 Evacuation Pause) (young) 4048K->913K(8192K), 0.0008002 secs]
47.247: [GC pause (G1 Evacuation Pause) (young) 3985K->976K(8192K), 0.0011291 secs]
47.250: [GC pause (G1 Evacuation Pause) (young) 4048K->913K(8192K), 0.0008079 secs]
47.253: [GC pause (G1 Evacuation Pause) (young) 3985K->976K(8192K), 0.0011324 secs]
47.256: [GC pause (G1 Evacuation Pause) (young) 4048K->913K(8192K), 0.0008040 secs]
47.259: [GC pause (G1 Evacuation Pause) (young) 3985K->976K(8192K), 0.0011225 secs]
47.262: [GC pause (G1 Evacuation Pause) (young) 4048K->913K(8192K), 0.0008172 secs]
47.265: [GC pause (G1 Evacuation Pause) (young) 3985K->976K(8192K), 0.0011412 secs]
47.268: [GC pause (G1 Evacuation Pause) (young) 4048K->913K(8192K), 0.0008002 secs]
47.271: [GC pause (G1 Evacuation Pause) (young) 3985K->976K(8192K), 0.0011269 secs]
47.274: [GC pause (G1 Evacuation Pause) (young) 4048K->913K(8192K), 0.0008018 secs]
47.277: [GC pause (G1 Evacuation Pause) (young) 3985K->976K(8192K), 0.0011538 secs]
47.280: [GC pause (G1 Evacuation Pause) (young) 4048K->913K(8192K), 0.0008068 secs]
47.283: [GC pause (G1 Evacuation Pause) (young) 3985K->976K(8192K), 0.0011219 secs]
47.286: [GC pause (G1 Evacuation Pause) (young) 4048K->913K(8192K), 0.0008409 secs]
47.289: [GC pause (G1 Evacuation Pause) (young) 3985K->976K(8192K), 0.0011329 secs]
47.293: [GC pause (G1 Evacuation Pause) (young) 4048K->913K(8192K), 0.0008035 secs]
47.296: [GC pause (G1 Evacuation Pause) (young) 3985K->976K(8192K), 0.0011896 secs]
47.299: [GC pause (G1 Evacuation Pause) (young) 4048K->913K(8192K), 0.0008123 secs]
47.302: [GC pause (G1 Evacuation Pause) (young) 3985K->976K(8192K), 0.0021476 secs]
47.306: [GC pause (G1 Evacuation Pause) (young) 4048K->913K(8192K), 0.0008205 secs]
47.309: [GC pause (G1 Evacuation Pause) (young) 3985K->976K(8192K), 0.0011357 secs]
47.312: [GC pause (G1 Evacuation Pause) (young) 4048K->913K(8192K), 0.0008975 secs]
47.315: [GC pause (G1 Evacuation Pause) (young) 3985K->976K(8192K), 0.0011285 secs]
47.319: [GC pause (G1 Evacuation Pause) (young) 4048K->913K(8192K), 0.0008238 secs]
47.321: [GC pause (G1 Evacuation Pause) (young) 3985K->976K(8192K), 0.0011654 secs]
47.325: [GC pause (G1 Evacuation Pause) (young) 4048K->913K(8192K), 0.0008161 secs]
47.328: [GC pause (G1 Evacuation Pause) (young) 3985K->976K(8192K), 0.0011313 secs]
47.331: [GC pause (G1 Evacuation Pause) (young) 4048K->913K(8192K), 0.0008046 secs]
47.334: [GC pause (G1 Evacuation Pause) (young) 3985K->976K(8192K), 0.0011181 secs]
47.337: [GC pause (G1 Evacuation Pause) (young) 4048K->913K(8192K), 0.0008172 secs]
47.340: [GC pause (G1 Evacuation Pause) (young) 3985K->1003K(8192K), 0.0012644 secs]
47.343: [GC pause (G1 Evacuation Pause) (young) 4075K->913K(8192K), 0.0008002 secs]
47.346: [GC pause (G1 Evacuation Pause) (young) 3985K->976K(8192K), 0.0011274 secs]
47.349: [GC pause (G1 Evacuation Pause) (young) 4048K->913K(8192K), 0.0008068 secs]
47.352: [GC pause (G1 Evacuation Pause) (young) 3985K->976K(8192K), 0.0011280 secs]
47.355: [GC pause (G1 Evacuation Pause) (young) 4048K->913K(8192K), 0.0009036 secs]
47.358: [GC pause (G1 Evacuation Pause) (young) 3985K->976K(8192K), 0.0011241 secs]
47.362: [GC pause (G1 Evacuation Pause) (young) 4048K->913K(8192K), 0.0008029 secs]
47.365: [GC pause (G1 Evacuation Pause) (young) 3985K->976K(8192K), 0.0011786 secs]
47.368: [GC pause (G1 Evacuation Pause) (young) 4048K->913K(8192K), 0.0008057 secs]
47.371: [GC pause (G1 Evacuation Pause) (young) 3985K->976K(8192K), 0.0011225 secs]
47.374: [GC pause (G1 Evacuation Pause) (young) 4048K->913K(8192K), 0.0008282 secs]
47.377: [GC pause (G1 Evacuation Pause) (young) 3985K->976K(8192K), 0.0011115 secs]
47.380: [GC pause (G1 Evacuation Pause) (young) 4048K->913K(8192K), 0.0008167 secs]
47.383: [GC pause (G1 Evacuation Pause) (young) 3985K->976K(8192K), 0.0011489 secs]
47.386: [GC pause (G1 Evacuation Pause) (young) 4048K->913K(8192K), 0.0008051 secs]
47.389: [GC pause (G1 Evacuation Pause) (young) 3985K->976K(8192K), 0.0011225 secs]
47.392: [GC pause (G1 Evacuation Pause) (young) 4048K->913K(8192K), 0.0008139 secs]
47.395: [GC pause (G1 Evacuation Pause) (young) 3985K->976K(8192K), 0.0011137 secs]
47.398: [GC pause (G1 Evacuation Pause) (young) 4048K->913K(8192K), 0.0008024 secs]
47.401: [GC pause (G1 Evacuation Pause) (young) 3985K->976K(8192K), 0.0011324 secs]
47.404: [GC pause (G1 Evacuation Pause) (young) 4048K->913K(8192K), 0.0008486 secs]
47.407: [GC pause (G1 Evacuation Pause) (young) 3985K->976K(8192K), 0.0011791 secs]
47.411: [GC pause (G1 Evacuation Pause) (young) 4048K->913K(8192K), 0.0008018 secs]
47.414: [GC pause (G1 Evacuation Pause) (young) 3985K->976K(8192K), 0.0011148 secs]
47.417: [GC pause (G1 Evacuation Pause) (young) 4048K->913K(8192K), 0.0008255 secs]
47.420: [GC pause (G1 Evacuation Pause) (young) 3985K->976K(8192K), 0.0011131 secs]
47.423: [GC pause (G1 Evacuation Pause) (young) 4048K->913K(8192K), 0.0008458 secs]
47.426: [GC pause (G1 Evacuation Pause) (young) 3985K->976K(8192K), 0.0012336 secs]
47.429: [GC pause (G1 Evacuation Pause) (young) 4048K->913K(8192K), 0.0007974 secs]
47.432: [GC pause (G1 Evacuation Pause) (young) 3985K->976K(8192K), 0.0011714 secs]
47.436: [GC pause (G1 Evacuation Pause) (young) 4048K->913K(8192K), 0.0008057 secs]
47.439: [GC pause (G1 Evacuation Pause) (young) 3985K->976K(8192K), 0.0011296 secs]
47.442: [GC pause (G1 Evacuation Pause) (young) 4048K->913K(8192K), 0.0008079 secs]
47.445: [GC pause (G1 Evacuation Pause) (young) 3985K->976K(8192K), 0.0011153 secs]
47.448: [GC pause (G1 Evacuation Pause) (young) 4048K->913K(8192K), 0.0008387 secs]
47.451: [GC pause (G1 Evacuation Pause) (young) 3985K->976K(8192K), 0.0011588 secs]
47.454: [GC pause (G1 Evacuation Pause) (young) 4048K->913K(8192K), 0.0008007 secs]
47.457: [GC pause (G1 Evacuation Pause) (young) 3985K->976K(8192K), 0.0011186 secs]
47.460: [GC pause (G1 Evacuation Pause) (young) 4048K->913K(8192K), 0.0008046 secs]
47.463: [GC pause (G1 Evacuation Pause) (young) 3985K->976K(8192K), 0.0011291 secs]
47.466: [GC pause (G1 Evacuation Pause) (young) 4048K->913K(8192K), 0.0008068 secs]
47.469: [GC pause (G1 Evacuation Pause) (young) 3985K->976K(8192K), 0.0011346 secs]
47.472: [GC pause (G1 Evacuation Pause) (young) 4048K->913K(8192K), 0.0009311 secs]
47.475: [GC pause (G1 Evacuation Pause) (young) 3985K->976K(8192K), 0.0011494 secs]
47.479: [GC pause (G1 Evacuation Pause) (young) 4048K->913K(8192K), 0.0008046 secs]
47.482: [GC pause (G1 Evacuation Pause) (young) 3985K->976K(8192K), 0.0011225 secs]
47.485: [GC pause (G1 Evacuation Pause) (young) 4048K->913K(8192K), 0.0008178 secs]
47.488: [GC pause (G1 Evacuation Pause) (young) 3985K->976K(8192K), 0.0011225 secs]
47.491: [GC pause (G1 Evacuation Pause) (young) 4048K->913K(8192K), 0.0008117 secs]
47.494: [GC pause (G1 Evacuation Pause) (young) 3985K->976K(8192K), 0.0011203 secs]
47.497: [GC pause (G1 Evacuation Pause) (young) 4048K->913K(8192K), 0.0008051 secs]
47.500: [GC pause (G1 Evacuation Pause) (young) 3985K->976K(8192K), 0.0011126 secs]
47.503: [GC pause (G1 Evacuation Pause) (young) 4048K->913K(8192K), 0.0008436 secs]
47.506: [GC pause (G1 Evacuation Pause) (young) 3985K->976K(8192K), 0.0011302 secs]
47.509: [GC pause (G1 Evacuation Pause) (young) 4048K->913K(8192K), 0.0008079 secs]
47.512: [GC pause (G1 Evacuation Pause) (young) 3985K->976K(8192K), 0.0011340 secs]
47.515: [GC pause (G1 Evacuation Pause) (young) 4048K->913K(8192K), 0.0008508 secs]
47.518: [GC pause (G1 Evacuation Pause) (young) 3985K->976K(8192K), 0.0011340 secs]
47.521: [GC pause (G1 Evacuation Pause) (young) 4048K->913K(8192K), 0.0008310 secs]
47.524: [GC pause (G1 Evacuation Pause) (young) 3985K->976K(8192K), 0.0011522 secs]
47.528: [GC pause (G1 Evacuation Pause) (young) 4048K->913K(8192K), 0.0008167 secs]
47.531: [GC pause (G1 Evacuation Pause) (young) 3985K->976K(8192K), 0.0011318 secs]
47.534: [GC pause (G1 Evacuation Pause) (young) 4048K->913K(8192K), 0.0008090 secs]
47.537: [GC pause (G1 Evacuation Pause) (young) 3985K->976K(8192K), 0.0011126 secs]
47.540: [GC pause (G1 Evacuation Pause) (young) 4048K->913K(8192K), 0.0007985 secs]
47.543: [GC pause (G1 Evacuation Pause) (young) 3985K->976K(8192K), 0.0011230 secs]
47.546: [GC pause (G1 Evacuation Pause) (young) 4048K->913K(8192K), 0.0008007 secs]
47.549: [GC pause (G1 Evacuation Pause) (young) 3985K->976K(8192K), 0.0011236 secs]
47.552: [GC pause (G1 Evacuation Pause) (young) 4048K->913K(8192K), 0.0008046 secs]
47.555: [GC pause (G1 Evacuation Pause) (young) 3985K->976K(8192K), 0.0011302 secs]
47.558: [GC pause (G1 Evacuation Pause) (young) 4048K->913K(8192K), 0.0008057 secs]
47.561: [GC pause (G1 Evacuation Pause) (young) 3985K->976K(8192K), 0.0011258 secs]
47.564: [GC pause (G1 Evacuation Pause) (young) 4048K->913K(8192K), 0.0008139 secs]
47.567: [GC pause (G1 Evacuation Pause) (young) 3985K->976K(8192K), 0.0011434 secs]
47.571: [GC pause (G1 Evacuation Pause) (young) 4048K->913K(8192K), 0.0008194 secs]
47.573: [GC pause (G1 Evacuation Pause) (young) 3985K->976K(8192K), 0.0011324 secs]
47.577: [GC pause (G1 Evacuation Pause) (young) 4048K->913K(8192K), 0.0008024 secs]
47.580: [GC pause (G1 Evacuation Pause) (young) 3985K->976K(8192K), 0.0011885 secs]
47.583: [GC pause (G1 Evacuation Pause) (young) 4048K->913K(8192K), 0.0008057 secs]
47.586: [GC pause (G1 Evacuation Pause) (young) 3985K->976K(8192K), 0.0011148 secs]
47.589: [GC pause (G1 Evacuation Pause) (young) 4048K->913K(8192K), 0.0008095 secs]
47.592: [GC pause (G1 Evacuation Pause) (young) 3985K->976K(8192K), 0.0011313 secs]
47.595: [GC pause (G1 Evacuation Pause) (young) 4048K->913K(8192K), 0.0008035 secs]
47.598: [GC pause (G1 Evacuation Pause) (young) 3985K->976K(8192K), 0.0011274 secs]
47.601: [GC pause (G1 Evacuation Pause) (young) 4048K->913K(8192K), 0.0008002 secs]
47.604: [GC pause (G1 Evacuation Pause) (young) 3985K->976K(8192K), 0.0011318 secs]
47.607: [GC pause (G1 Evacuation Pause) (young) 4048K->913K(8192K), 0.0008156 secs]
47.610: [GC pause (G1 Evacuation Pause) (young) 3985K->976K(8192K), 0.0011472 secs]
47.613: [GC pause (G1 Evacuation Pause) (young) 4048K->913K(8192K), 0.0008035 secs]
47.616: [GC pause (G1 Evacuation Pause) (young) 3985K->976K(8192K), 0.0011181 secs]
47.620: [GC pause (G1 Evacuation Pause) (young) 4048K->913K(8192K), 0.0008381 secs]
47.623: [GC pause (G1 Evacuation Pause) (young) 3985K->976K(8192K), 0.0011390 secs]
47.626: [GC pause (G1 Evacuation Pause) (young) 4048K->913K(8192K), 0.0008112 secs]
47.629: [GC pause (G1 Evacuation Pause) (young) 3985K->976K(8192K), 0.0011208 secs]
47.632: [GC pause (G1 Evacuation Pause) (young) 4048K->913K(8192K), 0.0008095 secs]
47.635: [GC pause (G1 Evacuation Pause) (young) 3985K->976K(8192K), 0.0011241 secs]
47.638: [GC pause (G1 Evacuation Pause) (young) 4048K->913K(8192K), 0.0008062 secs]
47.641: [GC pause (G1 Evacuation Pause) (young) 3985K->976K(8192K), 0.0011076 secs]
47.644: [GC pause (G1 Evacuation Pause) (young) 4048K->913K(8192K), 0.0008189 secs]
47.647: [GC pause (G1 Evacuation Pause) (young) 3985K->976K(8192K), 0.0011203 secs]
47.650: [GC pause (G1 Evacuation Pause) (young) 4048K->913K(8192K), 0.0008029 secs]
47.653: [GC pause (G1 Evacuation Pause) (young) 3985K->976K(8192K), 0.0011258 secs]
47.656: [GC pause (G1 Evacuation Pause) (young) 4048K->913K(8192K), 0.0008436 secs]
47.659: [GC pause (G1 Evacuation Pause) (young) 3985K->976K(8192K), 0.0011296 secs]
47.662: [GC pause (G1 Evacuation Pause) (young) 4048K->913K(8192K), 0.0008134 secs]
47.665: [GC pause (G1 Evacuation Pause) (young) 3985K->976K(8192K), 0.0011263 secs]
47.668: [GC pause (G1 Evacuation Pause) (young) 4048K->913K(8192K), 0.0008656 secs]
47.671: [GC pause (G1 Evacuation Pause) (young) 3985K->976K(8192K), 0.0011313 secs]
47.675: [GC pause (G1 Evacuation Pause) (young) 4048K->913K(8192K), 0.0008084 secs]
47.678: [GC pause (G1 Evacuation Pause) (young) 3985K->976K(8192K), 0.0011494 secs]
47.681: [GC pause (G1 Evacuation Pause) (young) 4048K->913K(8192K), 0.0008029 secs]
47.684: [GC pause (G1 Evacuation Pause) (young) 3985K->976K(8192K), 0.0011324 secs]
47.687: [GC pause (G1 Evacuation Pause) (young) 4048K->913K(8192K), 0.0008365 secs]
47.690: [GC pause (G1 Evacuation Pause) (young) 3985K->976K(8192K), 0.0011208 secs]
47.693: [GC pause (G1 Evacuation Pause) (young) 4048K->913K(8192K), 0.0008057 secs]
47.696: [GC pause (G1 Evacuation Pause) (young) 3985K->976K(8192K), 0.0011720 secs]
47.699: [GC pause (G1 Evacuation Pause) (young) 4048K->913K(8192K), 0.0008051 secs]
47.702: [GC pause (G1 Evacuation Pause) (young) 3985K->976K(8192K), 0.0011802 secs]
47.705: [GC pause (G1 Evacuation Pause) (young) 4048K->913K(8192K), 0.0008046 secs]
47.708: [GC pause (G1 Evacuation Pause) (young) 3985K->976K(8192K), 0.0011566 secs]
47.712: [GC pause (G1 Evacuation Pause) (young) 4048K->913K(8192K), 0.0008013 secs]
47.715: [GC pause (G1 Evacuation Pause) (young) 3985K->976K(8192K), 0.0011555 secs]
47.718: [GC pause (G1 Evacuation Pause) (young) 4048K->913K(8192K), 0.0008172 secs]
47.721: [GC pause (G1 Evacuation Pause) (young) 3985K->976K(8192K), 0.0011291 secs]
47.724: [GC pause (G1 Evacuation Pause) (young) 4048K->913K(8192K), 0.0008024 secs]
47.727: [GC pause (G1 Evacuation Pause) (young) 3985K->1003K(8192K), 0.0017698 secs]
47.731: [GC pause (G1 Evacuation Pause) (young) 4075K->913K(8192K), 0.0008117 secs]
47.734: [GC pause (G1 Evacuation Pause) (young) 3985K->976K(8192K), 0.0011390 secs]
47.737: [GC pause (G1 Evacuation Pause) (young) 4048K->913K(8192K), 0.0008106 secs]
47.740: [GC pause (G1 Evacuation Pause) (young) 3985K->976K(8192K), 0.0011159 secs]
47.744: [GC pause (G1 Evacuation Pause) (young) 4048K->913K(8192K), 0.0013628 secs]
47.747: [GC pause (G1 Evacuation Pause) (young) 3985K->976K(8192K), 0.0012022 secs]
47.750: [GC pause (G1 Evacuation Pause) (young) 4048K->913K(8192K), 0.0024809 secs]
47.755: [GC pause (G1 Evacuation Pause) (young) 3985K->976K(8192K), 0.0011571 secs]
47.758: [GC pause (G1 Evacuation Pause) (young) 4048K->913K(8192K), 0.0026112 secs]
47.763: [GC pause (G1 Evacuation Pause) (young) 3985K->976K(8192K), 0.0011324 secs]
47.766: [GC pause (G1 Evacuation Pause) (young) 4048K->913K(8192K), 0.0025535 secs]
47.771: [GC pause (G1 Evacuation Pause) (young) 3985K->976K(8192K), 0.0011373 secs]
47.774: [GC pause (G1 Evacuation Pause) (young) 4048K->913K(8192K), 0.0008079 secs]
47.777: [GC pause (G1 Evacuation Pause) (young) 3985K->976K(8192K), 0.0011995 secs]
47.780: [GC pause (G1 Evacuation Pause) (young) 4048K->913K(8192K), 0.0008271 secs]
47.784: [GC pause (G1 Evacuation Pause) (young) 3985K->976K(8192K), 0.0016323 secs]
47.787: [GC pause (G1 Evacuation Pause) (young) 4048K->913K(8192K), 0.0008161 secs]
47.790: [GC pause (G1 Evacuation Pause) (young) 3985K->976K(8192K), 0.0026195 secs]
47.795: [GC pause (G1 Evacuation Pause) (young) 4048K->913K(8192K), 0.0009866 secs]
47.798: [GC pause (G1 Evacuation Pause) (young) 3985K->976K(8192K), 0.0027630 secs]
47.803: [GC pause (G1 Evacuation Pause) (young) 4048K->913K(8192K), 0.0008255 secs]
47.806: [GC pause (G1 Evacuation Pause) (young) 3985K->976K(8192K), 0.0041984 secs]
47.812: [GC pause (G1 Evacuation Pause) (young) 4048K->913K(8192K), 0.0025722 secs]
47.817: [GC pause (G1 Evacuation Pause) (young) 3985K->976K(8192K), 0.0011384 secs]
47.820: [GC pause (G1 Evacuation Pause) (young) 4048K->913K(8192K), 0.0023362 secs]
47.825: [GC pause (G1 Evacuation Pause) (young) 3985K->976K(8192K), 0.0011478 secs]
47.828: [GC pause (G1 Evacuation Pause) (young) 4048K->913K(8192K), 0.0025447 secs]
47.833: [GC pause (G1 Evacuation Pause) (young) 3985K->976K(8192K), 0.0011450 secs]
47.836: [GC pause (G1 Evacuation Pause) (young) 4048K->913K(8192K), 0.0026002 secs]
47.841: [GC pause (G1 Evacuation Pause) (young) 3985K->976K(8192K), 0.0011604 secs]
47.844: [GC pause (G1 Evacuation Pause) (young) 4048K->913K(8192K), 0.0024391 secs]
47.849: [GC pause (G1 Evacuation Pause) (young) 3985K->976K(8192K), 0.0012033 secs]
47.852: [GC pause (G1 Evacuation Pause) (young) 4048K->913K(8192K), 0.0025766 secs]
47.857: [GC pause (G1 Evacuation Pause) (young) 3985K->976K(8192K), 0.0011791 secs]
47.860: [GC pause (G1 Evacuation Pause) (young) 4048K->913K(8192K), 0.0009327 secs]
47.863: [GC pause (G1 Evacuation Pause) (young) 3985K->976K(8192K), 0.0011324 secs]
47.866: [GC pause (G1 Evacuation Pause) (young) 4048K->913K(8192K), 0.0008101 secs]
47.869: [GC pause (G1 Evacuation Pause) (young) 3985K->976K(8192K), 0.0011417 secs]
47.873: [GC pause (G1 Evacuation Pause) (young) 4048K->913K(8192K), 0.0008117 secs]
47.875: [GC pause (G1 Evacuation Pause) (young) 3985K->976K(8192K), 0.0011670 secs]
47.879: [GC pause (G1 Evacuation Pause) (young) 4048K->913K(8192K), 0.0008552 secs]
47.882: [GC pause (G1 Evacuation Pause) (young) 3985K->976K(8192K), 0.0011681 secs]
47.885: [GC pause (G1 Evacuation Pause) (young) 4048K->913K(8192K), 0.0008596 secs]
47.888: [GC pause (G1 Evacuation Pause) (young) 3985K->976K(8192K), 0.0011142 secs]
47.891: [GC pause (G1 Evacuation Pause) (young) 4048K->913K(8192K), 0.0008095 secs]
47.894: [GC pause (G1 Evacuation Pause) (young) 3985K->976K(8192K), 0.0011340 secs]
47.897: [GC pause (G1 Evacuation Pause) (young) 4048K->913K(8192K), 0.0007985 secs]
47.900: [GC pause (G1 Evacuation Pause) (young) 3985K->976K(8192K), 0.0011423 secs]
47.903: [GC pause (G1 Evacuation Pause) (young) 4048K->913K(8192K), 0.0008068 secs]
47.906: [GC pause (G1 Evacuation Pause) (young) 3985K->976K(8192K), 0.0012165 secs]
47.910: [GC pause (G1 Evacuation Pause) (young) 4048K->913K(8192K), 0.0008244 secs]
47.913: [GC pause (G1 Evacuation Pause) (young) 3985K->976K(8192K), 0.0011406 secs]
47.916: [GC pause (G1 Evacuation Pause) (young) 4048K->913K(8192K), 0.0008139 secs]
47.919: [GC pause (G1 Evacuation Pause) (young) 3985K->976K(8192K), 0.0011120 secs]
47.922: [GC pause (G1 Evacuation Pause) (young) 4048K->913K(8192K), 0.0008106 secs]
47.925: [GC pause (G1 Evacuation Pause) (young) 3985K->976K(8192K), 0.0011109 secs]
47.928: [GC pause (G1 Evacuation Pause) (young) 4048K->913K(8192K), 0.0008035 secs]
47.931: [GC pause (G1 Evacuation Pause) (young) 3985K->976K(8192K), 0.0011258 secs]
47.934: [GC pause (G1 Evacuation Pause) (young) 4048K->913K(8192K), 0.0008772 secs]
47.937: [GC pause (G1 Evacuation Pause) (young) 3985K->976K(8192K), 0.0011483 secs]
47.940: [GC pause (G1 Evacuation Pause) (young) 4048K->913K(8192K), 0.0008095 secs]
47.943: [GC pause (G1 Evacuation Pause) (young) 3985K->976K(8192K), 0.0011296 secs]
47.947: [GC pause (G1 Evacuation Pause) (young) 4048K->913K(8192K), 0.0008194 secs]
47.949: [GC pause (G1 Evacuation Pause) (young) 3985K->976K(8192K), 0.0011285 secs]
47.953: [GC pause (G1 Evacuation Pause) (young) 4048K->913K(8192K), 0.0008073 secs]
47.956: [GC pause (G1 Evacuation Pause) (young) 3985K->976K(8192K), 0.0011324 secs]
47.959: [GC pause (G1 Evacuation Pause) (young) 4048K->913K(8192K), 0.0008288 secs]
47.962: [GC pause (G1 Evacuation Pause) (young) 3985K->976K(8192K), 0.0011302 secs]
47.965: [GC pause (G1 Evacuation Pause) (young) 4048K->913K(8192K), 0.0008112 secs]
47.968: [GC pause (G1 Evacuation Pause) (young) 3985K->976K(8192K), 0.0011175 secs]
47.971: [GC pause (G1 Evacuation Pause) (young) 4048K->913K(8192K), 0.0008084 secs]
47.974: [GC pause (G1 Evacuation Pause) (young) 3985K->976K(8192K), 0.0011357 secs]
47.977: [GC pause (G1 Evacuation Pause) (young) 4048K->913K(8192K), 0.0008040 secs]
47.980: [GC pause (G1 Evacuation Pause) (young) 3985K->976K(8192K), 0.0011973 secs]
47.983: [GC pause (G1 Evacuation Pause) (young) 4048K->913K(8192K), 0.0008156 secs]
47.987: [GC pause (G1 Evacuation Pause) (young) 3985K->976K(8192K), 0.0011758 secs]
47.990: [GC pause (G1 Evacuation Pause) (young) 4048K->913K(8192K), 0.0008409 secs]
47.993: [GC pause (G1 Evacuation Pause) (young) 3985K->976K(8192K), 0.0011214 secs]
47.996: [GC pause (G1 Evacuation Pause) (young) 4048K->913K(8192K), 0.0008354 secs]
47.999: [GC pause (G1 Evacuation Pause) (young) 3985K->976K(8192K), 0.0011296 secs]
48.002: [GC pause (G1 Evacuation Pause) (young) 4048K->913K(8192K), 0.0008222 secs]
48.005: [GC pause (G1 Evacuation Pause) (young) 3985K->976K(8192K), 0.0011164 secs]
48.008: [GC pause (G1 Evacuation Pause) (young) 4048K->913K(8192K), 0.0008057 secs]
48.011: [GC pause (G1 Evacuation Pause) (young) 3985K->976K(8192K), 0.0011252 secs]
48.014: [GC pause (G1 Evacuation Pause) (young) 4048K->913K(8192K), 0.0008007 secs]
48.017: [GC pause (G1 Evacuation Pause) (young) 3985K->976K(8192K), 0.0011230 secs]
48.020: [GC pause (G1 Evacuation Pause) (young) 4048K->913K(8192K), 0.0008013 secs]
48.023: [GC pause (G1 Evacuation Pause) (young) 3985K->976K(8192K), 0.0012138 secs]
48.026: [GC pause (G1 Evacuation Pause) (young) 4048K->913K(8192K), 0.0008172 secs]
48.029: [GC pause (G1 Evacuation Pause) (young) 3985K->976K(8192K), 0.0012303 secs]
48.033: [GC pause (G1 Evacuation Pause) (young) 4048K->913K(8192K), 0.0008123 secs]
48.036: [GC pause (G1 Evacuation Pause) (young) 3985K->976K(8192K), 0.0011395 secs]
48.039: [GC pause (G1 Evacuation Pause) (young) 4048K->913K(8192K), 0.0008068 secs]
48.042: [GC pause (G1 Evacuation Pause) (young) 3985K->976K(8192K), 0.0011258 secs]
48.045: [GC pause (G1 Evacuation Pause) (young) 4048K->913K(8192K), 0.0008497 secs]
48.048: [GC pause (G1 Evacuation Pause) (young) 3985K->976K(8192K), 0.0011181 secs]
48.051: [GC pause (G1 Evacuation Pause) (young) 4048K->913K(8192K), 0.0008057 secs]
48.054: [GC pause (G1 Evacuation Pause) (young) 3985K->976K(8192K), 0.0011186 secs]
48.057: [GC pause (G1 Evacuation Pause) (young) 4048K->913K(8192K), 0.0008161 secs]
48.060: [GC pause (G1 Evacuation Pause) (young) 3985K->976K(8192K), 0.0011846 secs]
48.063: [GC pause (G1 Evacuation Pause) (young) 4048K->913K(8192K), 0.0008013 secs]
48.066: [GC pause (G1 Evacuation Pause) (young) 3985K->976K(8192K), 0.0011478 secs]
48.070: [GC pause (G1 Evacuation Pause) (young) 4048K->913K(8192K), 0.0008167 secs]
48.072: [GC pause (G1 Evacuation Pause) (young) 3985K->976K(8192K), 0.0011219 secs]
48.076: [GC pause (G1 Evacuation Pause) (young) 4048K->913K(8192K), 0.0008084 secs]
48.078: [GC pause (G1 Evacuation Pause) (young) 3985K->976K(8192K), 0.0011296 secs]
48.082: [GC pause (G1 Evacuation Pause) (young) 4048K->913K(8192K), 0.0007974 secs]
48.085: [GC pause (G1 Evacuation Pause) (young) 3985K->976K(8192K), 0.0011230 secs]
48.088: [GC pause (G1 Evacuation Pause) (young) 4048K->913K(8192K), 0.0008535 secs]
48.091: [GC pause (G1 Evacuation Pause) (young) 3985K->976K(8192K), 0.0011533 secs]
48.094: [GC pause (G1 Evacuation Pause) (young) 4048K->913K(8192K), 0.0008079 secs]
48.097: [GC pause (G1 Evacuation Pause) (young) 3985K->976K(8192K), 0.0011962 secs]
48.100: [GC pause (G1 Evacuation Pause) (young) 4048K->913K(8192K), 0.0008101 secs]
48.103: [GC pause (G1 Evacuation Pause) (young) 3985K->976K(8192K), 0.0011357 secs]
48.106: [GC pause (G1 Evacuation Pause) (young) 4048K->913K(8192K), 0.0008337 secs]
48.109: [GC pause (G1 Evacuation Pause) (young) 3985K->976K(8192K), 0.0011192 secs]
48.113: [GC pause (G1 Evacuation Pause) (young) 4048K->913K(8192K), 0.0007996 secs]
48.115: [GC pause (G1 Evacuation Pause) (young) 3985K->976K(8192K), 0.0011500 secs]
48.119: [GC pause (G1 Evacuation Pause) (young) 4048K->913K(8192K), 0.0008546 secs]
48.122: [GC pause (G1 Evacuation Pause) (young) 3985K->976K(8192K), 0.0011225 secs]
48.125: [GC pause (G1 Evacuation Pause) (young) 4048K->913K(8192K), 0.0008678 secs]
48.128: [GC pause (G1 Evacuation Pause) (young) 3985K->976K(8192K), 0.0011247 secs]
48.131: [GC pause (G1 Evacuation Pause) (young) 4048K->913K(8192K), 0.0008123 secs]
48.134: [GC pause (G1 Evacuation Pause) (young) 3985K->976K(8192K), 0.0011258 secs]
48.137: [GC pause (G1 Evacuation Pause) (young) 4048K->913K(8192K), 0.0008084 secs]
48.140: [GC pause (G1 Evacuation Pause) (young) 3985K->976K(8192K), 0.0011241 secs]
48.143: [GC pause (G1 Evacuation Pause) (young) 4048K->913K(8192K), 0.0007760 secs]
48.146: [GC pause (G1 Evacuation Pause) (young) 3985K->976K(8192K), 0.0011252 secs]
48.149: [GC pause (G1 Evacuation Pause) (young) 4048K->913K(8192K), 0.0008156 secs]
48.152: [GC pause (G1 Evacuation Pause) (young) 3985K->976K(8192K), 0.0011263 secs]
48.155: [GC pause (G1 Evacuation Pause) (young) 4048K->913K(8192K), 0.0007958 secs]
48.158: [GC pause (G1 Evacuation Pause) (young) 3985K->976K(8192K), 0.0011472 secs]
48.162: [GC pause (G1 Evacuation Pause) (young) 4048K->913K(8192K), 0.0008662 secs]
48.164: [GC pause (G1 Evacuation Pause) (young) 3985K->976K(8192K), 0.0011236 secs]
48.168: [GC pause (G1 Evacuation Pause) (young) 4048K->913K(8192K), 0.0008046 secs]
48.171: [GC pause (G1 Evacuation Pause) (young) 3985K->976K(8192K), 0.0011219 secs]
48.174: [GC pause (G1 Evacuation Pause) (young) 4048K->913K(8192K), 0.0007974 secs]
48.177: [GC pause (G1 Evacuation Pause) (young) 3985K->976K(8192K), 0.0011230 secs]
48.180: [GC pause (G1 Evacuation Pause) (young) 4048K->913K(8192K), 0.0008046 secs]
48.183: [GC pause (G1 Evacuation Pause) (young) 3985K->976K(8192K), 0.0011192 secs]
48.186: [GC pause (G1 Evacuation Pause) (young) 4048K->913K(8192K), 0.0008084 secs]
48.189: [GC pause (G1 Evacuation Pause) (young) 3985K->976K(8192K), 0.0012358 secs]
48.192: [GC pause (G1 Evacuation Pause) (young) 4048K->913K(8192K), 0.0008106 secs]
48.195: [GC pause (G1 Evacuation Pause) (young) 3985K->976K(8192K), 0.0011692 secs]
48.198: [GC pause (G1 Evacuation Pause) (young) 4048K->913K(8192K), 0.0008134 secs]
48.201: [GC pause (G1 Evacuation Pause) (young) 3985K->976K(8192K), 0.0011786 secs]
48.205: [GC pause (G1 Evacuation Pause) (young) 4048K->913K(8192K), 0.0008051 secs]
48.207: [GC pause (G1 Evacuation Pause) (young) 3985K->976K(8192K), 0.0011269 secs]
48.211: [GC pause (G1 Evacuation Pause) (young) 4048K->913K(8192K), 0.0008304 secs]
48.214: [GC pause (G1 Evacuation Pause) (young) 3985K->976K(8192K), 0.0011346 secs]
48.217: [GC pause (G1 Evacuation Pause) (young) 4048K->913K(8192K), 0.0007963 secs]
48.220: [GC pause (G1 Evacuation Pause) (young) 3985K->976K(8192K), 0.0011511 secs]
48.223: [GC pause (G1 Evacuation Pause) (young) 4048K->913K(8192K), 0.0008123 secs]
48.226: [GC pause (G1 Evacuation Pause) (young) 3985K->976K(8192K), 0.0011335 secs]
48.229: [GC pause (G1 Evacuation Pause) (young) 4048K->913K(8192K), 0.0008145 secs]
48.232: [GC pause (G1 Evacuation Pause) (young) 3985K->976K(8192K), 0.0011153 secs]
48.235: [GC pause (G1 Evacuation Pause) (young) 4048K->913K(8192K), 0.0008084 secs]
48.238: [GC pause (G1 Evacuation Pause) (young) 3985K->976K(8192K), 0.0011285 secs]
48.241: [GC pause (G1 Evacuation Pause) (young) 4048K->913K(8192K), 0.0007980 secs]
48.244: [GC pause (G1 Evacuation Pause) (young) 3985K->976K(8192K), 0.0011263 secs]
48.247: [GC pause (G1 Evacuation Pause) (young) 4048K->913K(8192K), 0.0008079 secs]
48.250: [GC pause (G1 Evacuation Pause) (young) 3985K->976K(8192K), 0.0011137 secs]
48.254: [GC pause (G1 Evacuation Pause) (young) 4048K->913K(8192K), 0.0008101 secs]
48.257: [GC pause (G1 Evacuation Pause) (young) 3985K->976K(8192K), 0.0011324 secs]
48.260: [GC pause (G1 Evacuation Pause) (young) 4048K->913K(8192K), 0.0008002 secs]
48.263: [GC pause (G1 Evacuation Pause) (young) 3985K->976K(8192K), 0.0011263 secs]
48.266: [GC pause (G1 Evacuation Pause) (young) 4048K->913K(8192K), 0.0008046 secs]
48.269: [GC pause (G1 Evacuation Pause) (young) 3985K->976K(8192K), 0.0011159 secs]
48.272: [GC pause (G1 Evacuation Pause) (young) 4048K->913K(8192K), 0.0008051 secs]
48.275: [GC pause (G1 Evacuation Pause) (young) 3985K->976K(8192K), 0.0011181 secs]
48.278: [GC pause (G1 Evacuation Pause) (young) 4048K->913K(8192K), 0.0008156 secs]
48.281: [GC pause (G1 Evacuation Pause) (young) 3985K->976K(8192K), 0.0011335 secs]
48.284: [GC pause (G1 Evacuation Pause) (young) 4048K->913K(8192K), 0.0008084 secs]
48.287: [GC pause (G1 Evacuation Pause) (young) 3985K->976K(8192K), 0.0011340 secs]
48.290: [GC pause (G1 Evacuation Pause) (young) 4048K->913K(8192K), 0.0008172 secs]
48.293: [GC pause (G1 Evacuation Pause) (young) 3985K->976K(8192K), 0.0011208 secs]
48.297: [GC pause (G1 Evacuation Pause) (young) 4048K->913K(8192K), 0.0008315 secs]
48.299: [GC pause (G1 Evacuation Pause) (young) 3985K->976K(8192K), 0.0011373 secs]
48.303: [GC pause (G1 Evacuation Pause) (young) 4048K->913K(8192K), 0.0008145 secs]
48.306: [GC pause (G1 Evacuation Pause) (young) 3985K->976K(8192K), 0.0035390 secs]
48.311: [GC pause (G1 Evacuation Pause) (young) 4048K->913K(8192K), 0.0008519 secs]
48.314: [GC pause (G1 Evacuation Pause) (young) 3985K->976K(8192K), 0.0011571 secs]
48.318: [GC pause (G1 Evacuation Pause) (young) 4048K->913K(8192K), 0.0008156 secs]
48.320: [GC pause (G1 Evacuation Pause) (young) 3985K->976K(8192K), 0.0011219 secs]
48.324: [GC pause (G1 Evacuation Pause) (young) 4048K->913K(8192K), 0.0011417 secs]
48.327: [GC pause (G1 Evacuation Pause) (young) 3985K->976K(8192K), 0.0011252 secs]
48.330: [GC pause (G1 Evacuation Pause) (young) 4048K->913K(8192K), 0.0008161 secs]
48.333: [GC pause (G1 Evacuation Pause) (young) 3985K->976K(8192K), 0.0011670 secs]
48.336: [GC pause (G1 Evacuation Pause) (young) 4048K->913K(8192K), 0.0008007 secs]
48.339: [GC pause (G1 Evacuation Pause) (young) 3985K->976K(8192K), 0.0016400 secs]
48.343: [GC pause (G1 Evacuation Pause) (young) 4048K->913K(8192K), 0.0008073 secs]
48.346: [GC pause (G1 Evacuation Pause) (young) 3985K->976K(8192K), 0.0011522 secs]
48.349: [GC pause (G1 Evacuation Pause) (young) 4048K->913K(8192K), 0.0008035 secs]
48.352: [GC pause (G1 Evacuation Pause) (young) 3985K->976K(8192K), 0.0011318 secs]
48.355: [GC pause (G1 Evacuation Pause) (young) 4048K->913K(8192K), 0.0007958 secs]
48.358: [GC pause (G1 Evacuation Pause) (young) 3985K->976K(8192K), 0.0011263 secs]
48.361: [GC pause (G1 Evacuation Pause) (young) 4048K->913K(8192K), 0.0008073 secs]
48.364: [GC pause (G1 Evacuation Pause) (young) 3985K->976K(8192K), 0.0011368 secs]
48.368: [GC pause (G1 Evacuation Pause) (young) 4048K->913K(8192K), 0.0008029 secs]
48.370: [GC pause (G1 Evacuation Pause) (young) 3985K->976K(8192K), 0.0011461 secs]
48.374: [GC pause (G1 Evacuation Pause) (young) 4048K->913K(8192K), 0.0008134 secs]
48.377: [GC pause (G1 Evacuation Pause) (young) 3985K->976K(8192K), 0.0011230 secs]
48.380: [GC pause (G1 Evacuation Pause) (young) 4048K->913K(8192K), 0.0007980 secs]
48.383: [GC pause (G1 Evacuation Pause) (young) 3985K->976K(8192K), 0.0011148 secs]
48.386: [GC pause (G1 Evacuation Pause) (young) 4048K->913K(8192K), 0.0008156 secs]
48.389: [GC pause (G1 Evacuation Pause) (young) 3985K->976K(8192K), 0.0011208 secs]
48.392: [GC pause (G1 Evacuation Pause) (young) 4048K->913K(8192K), 0.0008007 secs]
48.395: [GC pause (G1 Evacuation Pause) (young) 3985K->976K(8192K), 0.0011494 secs]
48.398: [GC pause (G1 Evacuation Pause) (young) 4048K->913K(8192K), 0.0007908 secs]
48.401: [GC pause (G1 Evacuation Pause) (young) 3985K->976K(8192K), 0.0011307 secs]
48.405: [GC pause (G1 Evacuation Pause) (young) 4048K->913K(8192K), 0.0008387 secs]
48.408: [GC pause (G1 Evacuation Pause) (young) 3985K->976K(8192K), 0.0011379 secs]
48.411: [GC pause (G1 Evacuation Pause) (young) 4048K->913K(8192K), 0.0008128 secs]
48.414: [GC pause (G1 Evacuation Pause) (young) 3985K->976K(8192K), 0.0011164 secs]
48.417: [GC pause (G1 Evacuation Pause) (young) 4048K->913K(8192K), 0.0008046 secs]
48.420: [GC pause (G1 Evacuation Pause) (young) 3985K->976K(8192K), 0.0011472 secs]
48.423: [GC pause (G1 Evacuation Pause) (young) 4048K->913K(8192K), 0.0008348 secs]
48.426: [GC pause (G1 Evacuation Pause) (young) 3985K->976K(8192K), 0.0011566 secs]
48.429: [GC pause (G1 Evacuation Pause) (young) 4048K->913K(8192K), 0.0008007 secs]
48.432: [GC pause (G1 Evacuation Pause) (young) 3985K->976K(8192K), 0.0011120 secs]
48.435: [GC pause (G1 Evacuation Pause) (young) 4048K->913K(8192K), 0.0007991 secs]
48.438: [GC pause (G1 Evacuation Pause) (young) 3985K->976K(8192K), 0.0011208 secs]
48.441: [GC pause (G1 Evacuation Pause) (young) 4048K->913K(8192K), 0.0008128 secs]
48.444: [GC pause (G1 Evacuation Pause) (young) 3985K->976K(8192K), 0.0011703 secs]
48.448: [GC pause (G1 Evacuation Pause) (young) 4048K->913K(8192K), 0.0007985 secs]
48.450: [GC pause (G1 Evacuation Pause) (young) 3985K->976K(8192K), 0.0011197 secs]
48.454: [GC pause (G1 Evacuation Pause) (young) 4048K->913K(8192K), 0.0008062 secs]
48.456: [GC pause (G1 Evacuation Pause) (young) 3985K->976K(8192K), 0.0011824 secs]
48.460: [GC pause (G1 Evacuation Pause) (young) 4048K->913K(8192K), 0.0008046 secs]
48.463: [GC pause (G1 Evacuation Pause) (young) 3985K->976K(8192K), 0.0011148 secs]
48.466: [GC pause (G1 Evacuation Pause) (young) 4048K->913K(8192K), 0.0008227 secs]
48.469: [GC pause (G1 Evacuation Pause) (young) 3985K->976K(8192K), 0.0011236 secs]
48.472: [GC pause (G1 Evacuation Pause) (young) 4048K->913K(8192K), 0.0008194 secs]
48.475: [GC pause (G1 Evacuation Pause) (young) 3985K->976K(8192K), 0.0011159 secs]
48.478: [GC pause (G1 Evacuation Pause) (young) 4048K->913K(8192K), 0.0007991 secs]
48.481: [GC pause (G1 Evacuation Pause) (young) 3985K->976K(8192K), 0.0011192 secs]
48.484: [GC pause (G1 Evacuation Pause) (young) 4048K->913K(8192K), 0.0008387 secs]
48.487: [GC pause (G1 Evacuation Pause) (young) 3985K->976K(8192K), 0.0011483 secs]
48.490: [GC pause (G1 Evacuation Pause) (young) 4048K->913K(8192K), 0.0008073 secs]
48.493: [GC pause (G1 Evacuation Pause) (young) 3985K->976K(8192K), 0.0011192 secs]
48.497: [GC pause (G1 Evacuation Pause) (young) 4048K->913K(8192K), 0.0008513 secs]
48.500: [GC pause (G1 Evacuation Pause) (young) 3985K->976K(8192K), 0.0011247 secs]
48.503: [GC pause (G1 Evacuation Pause) (young) 4048K->913K(8192K), 0.0008134 secs]
48.506: [GC pause (G1 Evacuation Pause) (young) 3985K->976K(8192K), 0.0011230 secs]
48.509: [GC pause (G1 Evacuation Pause) (young) 4048K->913K(8192K), 0.0008161 secs]
48.512: [GC pause (G1 Evacuation Pause) (young) 3985K->976K(8192K), 0.0011170 secs]
48.515: [GC pause (G1 Evacuation Pause) (young) 4048K->913K(8192K), 0.0007996 secs]
48.518: [GC pause (G1 Evacuation Pause) (young) 3985K->976K(8192K), 0.0011214 secs]
48.521: [GC pause (G1 Evacuation Pause) (young) 4048K->913K(8192K), 0.0008079 secs]
48.524: [GC pause (G1 Evacuation Pause) (young) 3985K->976K(8192K), 0.0012226 secs]
48.527: [GC pause (G1 Evacuation Pause) (young) 4048K->913K(8192K), 0.0008073 secs]
48.530: [GC pause (G1 Evacuation Pause) (young) 3985K->976K(8192K), 0.0011703 secs]
48.534: [GC pause (G1 Evacuation Pause) (young) 4048K->913K(8192K), 0.0008618 secs]
48.537: [GC pause (G1 Evacuation Pause) (young) 3985K->976K(8192K), 0.0011285 secs]
48.540: [GC pause (G1 Evacuation Pause) (young) 4048K->913K(8192K), 0.0008436 secs]
48.543: [GC pause (G1 Evacuation Pause) (young) 3985K->976K(8192K), 0.0011164 secs]
48.546: [GC pause (G1 Evacuation Pause) (young) 4048K->913K(8192K), 0.0008068 secs]
48.549: [GC pause (G1 Evacuation Pause) (young) 3985K->976K(8192K), 0.0011192 secs]
48.552: [GC pause (G1 Evacuation Pause) (young) 4048K->913K(8192K), 0.0007996 secs]
48.555: [GC pause (G1 Evacuation Pause) (young) 3985K->976K(8192K), 0.0011236 secs]
48.558: [GC pause (G1 Evacuation Pause) (young) 4048K->913K(8192K), 0.0008541 secs]
48.561: [GC pause (G1 Evacuation Pause) (young) 3985K->976K(8192K), 0.0011439 secs]
48.564: [GC pause (G1 Evacuation Pause) (young) 4048K->913K(8192K), 0.0008123 secs]
48.567: [GC pause (G1 Evacuation Pause) (young) 3985K->976K(8192K), 0.0011390 secs]
48.571: [GC pause (G1 Evacuation Pause) (young) 4048K->913K(8192K), 0.0008073 secs]
48.573: [GC pause (G1 Evacuation Pause) (young) 3985K->976K(8192K), 0.0011269 secs]
48.577: [GC pause (G1 Evacuation Pause) (young) 4048K->913K(8192K), 0.0008194 secs]
48.580: [GC pause (G1 Evacuation Pause) (young) 3985K->976K(8192K), 0.0011846 secs]
48.583: [GC pause (G1 Evacuation Pause) (young) 4048K->913K(8192K), 0.0008073 secs]
48.586: [GC pause (G1 Evacuation Pause) (young) 3985K->976K(8192K), 0.0011324 secs]
48.589: [GC pause (G1 Evacuation Pause) (young) 4048K->913K(8192K), 0.0008150 secs]
48.592: [GC pause (G1 Evacuation Pause) (young) 3985K->976K(8192K), 0.0011313 secs]
48.595: [GC pause (G1 Evacuation Pause) (young) 4048K->913K(8192K), 0.0008051 secs]
48.598: [GC pause (G1 Evacuation Pause) (young) 3985K->1003K(8192K), 0.0011984 secs]
48.601: [GC pause (G1 Evacuation Pause) (young) 4075K->913K(8192K), 0.0008172 secs]
48.604: [GC pause (G1 Evacuation Pause) (young) 3985K->976K(8192K), 0.0011307 secs]
48.607: [GC pause (G1 Evacuation Pause) (young) 4048K->913K(8192K), 0.0008123 secs]
48.610: [GC pause (G1 Evacuation Pause) (young) 3985K->976K(8192K), 0.0011258 secs]
48.614: [GC pause (G1 Evacuation Pause) (young) 4048K->913K(8192K), 0.0008596 secs]
48.616: [GC pause (G1 Evacuation Pause) (young) 3985K->976K(8192K), 0.0011346 secs]
48.620: [GC pause (G1 Evacuation Pause) (young) 4048K->913K(8192K), 0.0008068 secs]
48.623: [GC pause (G1 Evacuation Pause) (young) 3985K->976K(8192K), 0.0011181 secs]
48.626: [GC pause (G1 Evacuation Pause) (young) 4048K->913K(8192K), 0.0008013 secs]
48.629: [GC pause (G1 Evacuation Pause) (young) 3985K->976K(8192K), 0.0011181 secs]
48.632: [GC pause (G1 Evacuation Pause) (young) 4048K->913K(8192K), 0.0008106 secs]
48.635: [GC pause (G1 Evacuation Pause) (young) 3985K->976K(8192K), 0.0011159 secs]
48.638: [GC pause (G1 Evacuation Pause) (young) 4048K->913K(8192K), 0.0008062 secs]
48.641: [GC pause (G1 Evacuation Pause) (young) 3985K->976K(8192K), 0.0011219 secs]
48.644: [GC pause (G1 Evacuation Pause) (young) 4048K->913K(8192K), 0.0008436 secs]
48.647: [GC pause (G1 Evacuation Pause) (young) 3985K->976K(8192K), 0.0011285 secs]
48.650: [GC pause (G1 Evacuation Pause) (young) 4048K->913K(8192K), 0.0008299 secs]
48.653: [GC pause (G1 Evacuation Pause) (young) 3985K->976K(8192K), 0.0011324 secs]
48.657: [GC pause (G1 Evacuation Pause) (young) 4048K->913K(8192K), 0.0008706 secs]
48.660: [GC pause (G1 Evacuation Pause) (young) 3985K->976K(8192K), 0.0011390 secs]
48.663: [GC pause (G1 Evacuation Pause) (young) 4048K->913K(8192K), 0.0008024 secs]
48.666: [GC pause (G1 Evacuation Pause) (young) 3985K->976K(8192K), 0.0011164 secs]
48.669: [GC pause (G1 Evacuation Pause) (young) 4048K->913K(8192K), 0.0008040 secs]
48.672: [GC pause (G1 Evacuation Pause) (young) 3985K->976K(8192K), 0.0011274 secs]
48.675: [GC pause (G1 Evacuation Pause) (young) 4048K->913K(8192K), 0.0007991 secs]
48.678: [GC pause (G1 Evacuation Pause) (young) 3985K->976K(8192K), 0.0011269 secs]
48.681: [GC pause (G1 Evacuation Pause) (young) 4048K->913K(8192K), 0.0007908 secs]
48.684: [GC pause (G1 Evacuation Pause) (young) 3985K->976K(8192K), 0.0011137 secs]
48.687: [GC pause (G1 Evacuation Pause) (young) 4048K->913K(8192K), 0.0008007 secs]
48.690: [GC pause (G1 Evacuation Pause) (young) 3985K->976K(8192K), 0.0011214 secs]
48.693: [GC pause (G1 Evacuation Pause) (young) 4048K->913K(8192K), 0.0008029 secs]
48.696: [GC pause (G1 Evacuation Pause) (young) 3985K->976K(8192K), 0.0011901 secs]
48.699: [GC pause (G1 Evacuation Pause) (young) 4048K->913K(8192K), 0.0007996 secs]
48.702: [GC pause (G1 Evacuation Pause) (young) 3985K->976K(8192K), 0.0011643 secs]
48.706: [GC pause (G1 Evacuation Pause) (young) 4048K->913K(8192K), 0.0008051 secs]
48.709: [GC pause (G1 Evacuation Pause) (young) 3985K->976K(8192K), 0.0011406 secs]
48.712: [GC pause (G1 Evacuation Pause) (young) 4048K->913K(8192K), 0.0007996 secs]
48.715: [GC pause (G1 Evacuation Pause) (young) 3985K->976K(8192K), 0.0011329 secs]
48.718: [GC pause (G1 Evacuation Pause) (young) 4048K->913K(8192K), 0.0008002 secs]
48.721: [GC pause (G1 Evacuation Pause) (young) 3985K->976K(8192K), 0.0011269 secs]
48.724: [GC pause (G1 Evacuation Pause) (young) 4048K->913K(8192K), 0.0008073 secs]
48.727: [GC pause (G1 Evacuation Pause) (young) 3985K->976K(8192K), 0.0011214 secs]
48.730: [GC pause (G1 Evacuation Pause) (young) 4048K->913K(8192K), 0.0007963 secs]
48.733: [GC pause (G1 Evacuation Pause) (young) 3985K->976K(8192K), 0.0011527 secs]
48.736: [GC pause (G1 Evacuation Pause) (young) 4048K->913K(8192K), 0.0007996 secs]
48.739: [GC pause (G1 Evacuation Pause) (young) 3985K->976K(8192K), 0.0011494 secs]
48.742: [GC pause (G1 Evacuation Pause) (young) 4048K->913K(8192K), 0.0008101 secs]
48.745: [GC pause (G1 Evacuation Pause) (young) 3985K->976K(8192K), 0.0011280 secs]
48.749: [GC pause (G1 Evacuation Pause) (young) 4048K->913K(8192K), 0.0008156 secs]
48.751: [GC pause (G1 Evacuation Pause) (young) 3985K->976K(8192K), 0.0011170 secs]
48.755: [GC pause (G1 Evacuation Pause) (young) 4048K->913K(8192K), 0.0007974 secs]
48.758: [GC pause (G1 Evacuation Pause) (young) 3985K->976K(8192K), 0.0011131 secs]
48.761: [GC pause (G1 Evacuation Pause) (young) 4048K->913K(8192K), 0.0008062 secs]
48.764: [GC pause (G1 Evacuation Pause) (young) 3985K->976K(8192K), 0.0011247 secs]
48.767: [GC pause (G1 Evacuation Pause) (young) 4048K->913K(8192K), 0.0008068 secs]
48.770: [GC pause (G1 Evacuation Pause) (young) 3985K->976K(8192K), 0.0011269 secs]
48.773: [GC pause (G1 Evacuation Pause) (young) 4048K->913K(8192K), 0.0008084 secs]
48.776: [GC pause (G1 Evacuation Pause) (young) 3985K->976K(8192K), 0.0011780 secs]
48.779: [GC pause (G1 Evacuation Pause) (young) 4048K->913K(8192K), 0.0008216 secs]
48.782: [GC pause (G1 Evacuation Pause) (young) 3985K->976K(8192K), 0.0011549 secs]
48.786: [GC pause (G1 Evacuation Pause) (young) 4048K->913K(8192K), 0.0008260 secs]
48.788: [GC pause (G1 Evacuation Pause) (young) 3985K->976K(8192K), 0.0011945 secs]
48.792: [GC pause (G1 Evacuation Pause) (young) 4048K->913K(8192K), 0.0008090 secs]
48.795: [GC pause (G1 Evacuation Pause) (young) 3985K->976K(8192K), 0.0011247 secs]
48.798: [GC pause (G1 Evacuation Pause) (young) 4048K->913K(8192K), 0.0008156 secs]
48.801: [GC pause (G1 Evacuation Pause) (young) 3985K->976K(8192K), 0.0011335 secs]
48.804: [GC pause (G1 Evacuation Pause) (young) 4048K->913K(8192K), 0.0008139 secs]
48.807: [GC pause (G1 Evacuation Pause) (young) 3985K->976K(8192K), 0.0019254 secs]
48.812: [GC pause (G1 Evacuation Pause) (young) 4048K->913K(8192K), 0.0008337 secs]
48.814: [GC pause (G1 Evacuation Pause) (young) 3985K->976K(8192K), 0.0011786 secs]
48.818: [GC pause (G1 Evacuation Pause) (young) 4048K->913K(8192K), 0.0008150 secs]
48.821: [GC pause (G1 Evacuation Pause) (young) 3985K->976K(8192K), 0.0011258 secs]
48.824: [GC pause (G1 Evacuation Pause) (young) 4048K->913K(8192K), 0.0010889 secs]
48.827: [GC pause (G1 Evacuation Pause) (young) 3985K->976K(8192K), 0.0011302 secs]
48.830: [GC pause (G1 Evacuation Pause) (young) 4048K->913K(8192K), 0.0008018 secs]
48.833: [GC pause (G1 Evacuation Pause) (young) 3985K->976K(8192K), 0.0011203 secs]
48.836: [GC pause (G1 Evacuation Pause) (young) 4048K->913K(8192K), 0.0008029 secs]
48.839: [GC pause (G1 Evacuation Pause) (young) 3985K->976K(8192K), 0.0013309 secs]
48.843: [GC pause (G1 Evacuation Pause) (young) 4048K->913K(8192K), 0.0008244 secs]
48.846: [GC pause (G1 Evacuation Pause) (young) 3985K->976K(8192K), 0.0011813 secs]
48.849: [GC pause (G1 Evacuation Pause) (young) 4048K->913K(8192K), 0.0008156 secs]
48.852: [GC pause (G1 Evacuation Pause) (young) 3985K->976K(8192K), 0.0011318 secs]
48.855: [GC pause (G1 Evacuation Pause) (young) 4048K->913K(8192K), 0.0008095 secs]
48.858: [GC pause (G1 Evacuation Pause) (young) 3985K->976K(8192K), 0.0011296 secs]
48.862: [GC pause (G1 Evacuation Pause) (young) 4048K->913K(8192K), 0.0008095 secs]
48.864: [GC pause (G1 Evacuation Pause) (young) 3985K->976K(8192K), 0.0011269 secs]
48.868: [GC pause (G1 Evacuation Pause) (young) 4048K->913K(8192K), 0.0008420 secs]
48.871: [GC pause (G1 Evacuation Pause) (young) 3985K->976K(8192K), 0.0011269 secs]
48.874: [GC pause (G1 Evacuation Pause) (young) 4048K->913K(8192K), 0.0008079 secs]
48.877: [GC pause (G1 Evacuation Pause) (young) 3985K->976K(8192K), 0.0011203 secs]
48.880: [GC pause (G1 Evacuation Pause) (young) 4048K->913K(8192K), 0.0007952 secs]
48.883: [GC pause (G1 Evacuation Pause) (young) 3985K->976K(8192K), 0.0011318 secs]
48.886: [GC pause (G1 Evacuation Pause) (young) 4048K->913K(8192K), 0.0008101 secs]
48.889: [GC pause (G1 Evacuation Pause) (young) 3985K->976K(8192K), 0.0011197 secs]
48.892: [GC pause (G1 Evacuation Pause) (young) 4048K->913K(8192K), 0.0008095 secs]
48.895: [GC pause (G1 Evacuation Pause) (young) 3985K->976K(8192K), 0.0011274 secs]
48.898: [GC pause (G1 Evacuation Pause) (young) 4048K->913K(8192K), 0.0008095 secs]
48.901: [GC pause (G1 Evacuation Pause) (young) 3985K->976K(8192K), 0.0011186 secs]
48.905: [GC pause (G1 Evacuation Pause) (young) 4048K->913K(8192K), 0.0008403 secs]
48.908: [GC pause (G1 Evacuation Pause) (young) 3985K->976K(8192K), 0.0011368 secs]
48.911: [GC pause (G1 Evacuation Pause) (young) 4048K->913K(8192K), 0.0007969 secs]
48.914: [GC pause (G1 Evacuation Pause) (young) 3985K->976K(8192K), 0.0011868 secs]
48.917: [GC pause (G1 Evacuation Pause) (young) 4048K->913K(8192K), 0.0008090 secs]
48.920: [GC pause (G1 Evacuation Pause) (young) 3985K->976K(8192K), 0.0011764 secs]
48.923: [GC pause (G1 Evacuation Pause) (young) 4048K->913K(8192K), 0.0008013 secs]
48.926: [GC pause (G1 Evacuation Pause) (young) 3985K->976K(8192K), 0.0011390 secs]
48.930: [GC pause (G1 Evacuation Pause) (young) 4048K->913K(8192K), 0.0008629 secs]
48.933: [GC pause (G1 Evacuation Pause) (young) 3985K->976K(8192K), 0.0011329 secs]
48.936: [GC pause (G1 Evacuation Pause) (young) 4048K->913K(8192K), 0.0008552 secs]
48.939: [GC pause (G1 Evacuation Pause) (young) 3985K->976K(8192K), 0.0011197 secs]
48.942: [GC pause (G1 Evacuation Pause) (young) 4048K->913K(8192K), 0.0008381 secs]
48.945: [GC pause (G1 Evacuation Pause) (young) 3985K->976K(8192K), 0.0011219 secs]
48.948: [GC pause (G1 Evacuation Pause) (young) 4048K->913K(8192K), 0.0008150 secs]
48.951: [GC pause (G1 Evacuation Pause) (young) 3985K->976K(8192K), 0.0011192 secs]
48.954: [GC pause (G1 Evacuation Pause) (young) 4048K->913K(8192K), 0.0008079 secs]
48.957: [GC pause (G1 Evacuation Pause) (young) 3985K->976K(8192K), 0.0011065 secs]
48.960: [GC pause (G1 Evacuation Pause) (young) 4048K->913K(8192K), 0.0007947 secs]
48.963: [GC pause (G1 Evacuation Pause) (young) 3985K->976K(8192K), 0.0011373 secs]
48.966: [GC pause (G1 Evacuation Pause) (young) 4048K->913K(8192K), 0.0008255 secs]
48.969: [GC pause (G1 Evacuation Pause) (young) 3985K->976K(8192K), 0.0011417 secs]
48.973: [GC pause (G1 Evacuation Pause) (young) 4048K->913K(8192K), 0.0008354 secs]
48.976: [GC pause (G1 Evacuation Pause) (young) 3985K->976K(8192K), 0.0011274 secs]
48.979: [GC pause (G1 Evacuation Pause) (young) 4048K->913K(8192K), 0.0008590 secs]
48.982: [GC pause (G1 Evacuation Pause) (young) 3985K->976K(8192K), 0.0011280 secs]
48.985: [GC pause (G1 Evacuation Pause) (young) 4048K->913K(8192K), 0.0008018 secs]
48.988: [GC pause (G1 Evacuation Pause) (young) 3985K->976K(8192K), 0.0011291 secs]
48.991: [GC pause (G1 Evacuation Pause) (young) 4048K->913K(8192K), 0.0008035 secs]
48.994: [GC pause (G1 Evacuation Pause) (young) 3985K->976K(8192K), 0.0011148 secs]
48.997: [GC pause (G1 Evacuation Pause) (young) 4048K->913K(8192K), 0.0008079 secs]
49.000: [GC pause (G1 Evacuation Pause) (young) 3985K->976K(8192K), 0.0011516 secs]
49.003: [GC pause (G1 Evacuation Pause) (young) 4048K->913K(8192K), 0.0007996 secs]
49.006: [GC pause (G1 Evacuation Pause) (young) 3985K->976K(8192K), 0.0011808 secs]
49.009: [GC pause (G1 Evacuation Pause) (young) 4048K->913K(8192K), 0.0008040 secs]
49.012: [GC pause (G1 Evacuation Pause) (young) 3985K->976K(8192K), 0.0011615 secs]
49.016: [GC pause (G1 Evacuation Pause) (young) 4048K->913K(8192K), 0.0008508 secs]
49.018: [GC pause (G1 Evacuation Pause) (young) 3985K->976K(8192K), 0.0011181 secs]
49.022: [GC pause (G1 Evacuation Pause) (young) 4048K->913K(8192K), 0.0007886 secs]
49.025: [GC pause (G1 Evacuation Pause) (young) 3985K->976K(8192K), 0.0011175 secs]
49.028: [GC pause (G1 Evacuation Pause) (young) 4048K->913K(8192K), 0.0008579 secs]
49.031: [GC pause (G1 Evacuation Pause) (young) 3985K->976K(8192K), 0.0011098 secs]
49.034: [GC pause (G1 Evacuation Pause) (young) 4048K->913K(8192K), 0.0008051 secs]
49.037: [GC pause (G1 Evacuation Pause) (young) 3985K->976K(8192K), 0.0011186 secs]
49.040: [GC pause (G1 Evacuation Pause) (young) 4048K->913K(8192K), 0.0008024 secs]
49.043: [GC pause (G1 Evacuation Pause) (young) 3985K->976K(8192K), 0.0011384 secs]
49.046: [GC pause (G1 Evacuation Pause) (young) 4048K->913K(8192K), 0.0008046 secs]
49.049: [GC pause (G1 Evacuation Pause) (young) 3985K->976K(8192K), 0.0011247 secs]
49.052: [GC pause (G1 Evacuation Pause) (young) 4048K->913K(8192K), 0.0008227 secs]
49.055: [GC pause (G1 Evacuation Pause) (young) 3985K->976K(8192K), 0.0011808 secs]
49.059: [GC pause (G1 Evacuation Pause) (young) 4048K->913K(8192K), 0.0008112 secs]
49.061: [GC pause (G1 Evacuation Pause) (young) 3985K->976K(8192K), 0.0011236 secs]
49.065: [GC pause (G1 Evacuation Pause) (young) 4048K->913K(8192K), 0.0008871 secs]
49.068: [GC pause (G1 Evacuation Pause) (young) 3985K->976K(8192K), 0.0011472 secs]
49.071: [GC pause (G1 Evacuation Pause) (young) 4048K->913K(8192K), 0.0008062 secs]
49.074: [GC pause (G1 Evacuation Pause) (young) 3985K->976K(8192K), 0.0011263 secs]
49.077: [GC pause (G1 Evacuation Pause) (young) 4048K->913K(8192K), 0.0008084 secs]
49.080: [GC pause (G1 Evacuation Pause) (young) 3985K->976K(8192K), 0.0011208 secs]
49.083: [GC pause (G1 Evacuation Pause) (young) 4048K->913K(8192K), 0.0008051 secs]
49.086: [GC pause (G1 Evacuation Pause) (young) 3985K->976K(8192K), 0.0011258 secs]
49.089: [GC pause (G1 Evacuation Pause) (young) 4048K->913K(8192K), 0.0007996 secs]
49.092: [GC pause (G1 Evacuation Pause) (young) 3985K->976K(8192K), 0.0011126 secs]
49.095: [GC pause (G1 Evacuation Pause) (young) 4048K->913K(8192K), 0.0008145 secs]
49.098: [GC pause (G1 Evacuation Pause) (young) 3985K->976K(8192K), 0.0011412 secs]
49.102: [GC pause (G1 Evacuation Pause) (young) 4048K->913K(8192K), 0.0008183 secs]
49.104: [GC pause (G1 Evacuation Pause) (young) 3985K->976K(8192K), 0.0011362 secs]
49.108: [GC pause (G1 Evacuation Pause) (young) 4048K->913K(8192K), 0.0008040 secs]
49.110: [GC pause (G1 Evacuation Pause) (young) 3985K->976K(8192K), 0.0012605 secs]
49.114: [GC pause (G1 Evacuation Pause) (young) 4048K->913K(8192K), 0.0008662 secs]
49.117: [GC pause (G1 Evacuation Pause) (young) 3985K->976K(8192K), 0.0011291 secs]
49.120: [GC pause (G1 Evacuation Pause) (young) 4048K->913K(8192K), 0.0008194 secs]
49.123: [GC pause (G1 Evacuation Pause) (young) 3985K->976K(8192K), 0.0011192 secs]
49.126: [GC pause (G1 Evacuation Pause) (young) 4048K->913K(8192K), 0.0008062 secs]
49.129: [GC pause (G1 Evacuation Pause) (young) 3985K->976K(8192K), 0.0011313 secs]
49.132: [GC pause (G1 Evacuation Pause) (young) 4048K->913K(8192K), 0.0008414 secs]
49.135: [GC pause (G1 Evacuation Pause) (young) 3985K->976K(8192K), 0.0011368 secs]
49.138: [GC pause (G1 Evacuation Pause) (young) 4048K->913K(8192K), 0.0008040 secs]
49.141: [GC pause (G1 Evacuation Pause) (young) 3985K->976K(8192K), 0.0011302 secs]
49.145: [GC pause (G1 Evacuation Pause) (young) 4048K->913K(8192K), 0.0008090 secs]
49.147: [GC pause (G1 Evacuation Pause) (young) 3985K->976K(8192K), 0.0011153 secs]
49.151: [GC pause (G1 Evacuation Pause) (young) 4048K->913K(8192K), 0.0008046 secs]
49.154: [GC pause (G1 Evacuation Pause) (young) 3985K->976K(8192K), 0.0011896 secs]
49.157: [GC pause (G1 Evacuation Pause) (young) 4048K->913K(8192K), 0.0008409 secs]
49.160: [GC pause (G1 Evacuation Pause) (young) 3985K->976K(8192K), 0.0011329 secs]
49.163: [GC pause (G1 Evacuation Pause) (young) 4048K->913K(8192K), 0.0008057 secs]
49.166: [GC pause (G1 Evacuation Pause) (young) 3985K->976K(8192K), 0.0011714 secs]
49.169: [GC pause (G1 Evacuation Pause) (young) 4048K->913K(8192K), 0.0008051 secs]
49.172: [GC pause (G1 Evacuation Pause) (young) 3985K->976K(8192K), 0.0011351 secs]
49.175: [GC pause (G1 Evacuation Pause) (young) 4048K->913K(8192K), 0.0007947 secs]
49.178: [GC pause (G1 Evacuation Pause) (young) 3985K->976K(8192K), 0.0011241 secs]
49.182: [GC pause (G1 Evacuation Pause) (young) 4048K->913K(8192K), 0.0008013 secs]
49.184: [GC pause (G1 Evacuation Pause) (young) 3985K->976K(8192K), 0.0011164 secs]
49.188: [GC pause (G1 Evacuation Pause) (young) 4048K->913K(8192K), 0.0008150 secs]
49.191: [GC pause (G1 Evacuation Pause) (young) 3985K->976K(8192K), 0.0011285 secs]
49.194: [GC pause (G1 Evacuation Pause) (young) 4048K->913K(8192K), 0.0007985 secs]
49.197: [GC pause (G1 Evacuation Pause) (young) 3985K->976K(8192K), 0.0011263 secs]
49.200: [GC pause (G1 Evacuation Pause) (young) 4048K->913K(8192K), 0.0008117 secs]
49.203: [GC pause (G1 Evacuation Pause) (young) 3985K->976K(8192K), 0.0011313 secs]
49.206: [GC pause (G1 Evacuation Pause) (young) 4048K->913K(8192K), 0.0008139 secs]
49.209: [GC pause (G1 Evacuation Pause) (young) 3985K->976K(8192K), 0.0011274 secs]
49.212: [GC pause (G1 Evacuation Pause) (young) 4048K->913K(8192K), 0.0008112 secs]
49.215: [GC pause (G1 Evacuation Pause) (young) 3985K->976K(8192K), 0.0011225 secs]
49.218: [GC pause (G1 Evacuation Pause) (young) 4048K->913K(8192K), 0.0008145 secs]
49.221: [GC pause (G1 Evacuation Pause) (young) 3985K->976K(8192K), 0.0011230 secs]
49.224: [GC pause (G1 Evacuation Pause) (young) 4048K->913K(8192K), 0.0008007 secs]
49.227: [GC pause (G1 Evacuation Pause) (young) 3985K->976K(8192K), 0.0011835 secs]
49.231: [GC pause (G1 Evacuation Pause) (young) 4048K->913K(8192K), 0.0008211 secs]
49.234: [GC pause (G1 Evacuation Pause) (young) 3985K->976K(8192K), 0.0011780 secs]
49.237: [GC pause (G1 Evacuation Pause) (young) 4048K->913K(8192K), 0.0008013 secs]
49.240: [GC pause (G1 Evacuation Pause) (young) 3985K->976K(8192K), 0.0011170 secs]
49.243: [GC pause (G1 Evacuation Pause) (young) 4048K->913K(8192K), 0.0008073 secs]
49.246: [GC pause (G1 Evacuation Pause) (young) 3985K->976K(8192K), 0.0011764 secs]
49.249: [GC pause (G1 Evacuation Pause) (young) 4048K->913K(8192K), 0.0008101 secs]
49.252: [GC pause (G1 Evacuation Pause) (young) 3985K->976K(8192K), 0.0011313 secs]
49.255: [GC pause (G1 Evacuation Pause) (young) 4048K->913K(8192K), 0.0007985 secs]
49.258: [GC pause (G1 Evacuation Pause) (young) 3985K->976K(8192K), 0.0011373 secs]
49.261: [GC pause (G1 Evacuation Pause) (young) 4048K->913K(8192K), 0.0008095 secs]
49.264: [GC pause (G1 Evacuation Pause) (young) 3985K->976K(8192K), 0.0011340 secs]
49.267: [GC pause (G1 Evacuation Pause) (young) 4048K->913K(8192K), 0.0007991 secs]
49.270: [GC pause (G1 Evacuation Pause) (young) 3985K->976K(8192K), 0.0011274 secs]
49.273: [GC pause (G1 Evacuation Pause) (young) 4048K->913K(8192K), 0.0008695 secs]
49.276: [GC pause (G1 Evacuation Pause) (young) 3985K->976K(8192K), 0.0011450 secs]
49.280: [GC pause (G1 Evacuation Pause) (young) 4048K->913K(8192K), 0.0008475 secs]
49.283: [GC pause (G1 Evacuation Pause) (young) 3985K->976K(8192K), 0.0011434 secs]
49.286: [GC pause (G1 Evacuation Pause) (young) 4048K->913K(8192K), 0.0008101 secs]
49.289: [GC pause (G1 Evacuation Pause) (young) 3985K->976K(8192K), 0.0011181 secs]
49.292: [GC pause (G1 Evacuation Pause) (young) 4048K->913K(8192K), 0.0008062 secs]
49.295: [GC pause (G1 Evacuation Pause) (young) 3985K->976K(8192K), 0.0011896 secs]
49.298: [GC pause (G1 Evacuation Pause) (young) 4048K->913K(8192K), 0.0008216 secs]
49.301: [GC pause (G1 Evacuation Pause) (young) 3985K->976K(8192K), 0.0011863 secs]
49.304: [GC pause (G1 Evacuation Pause) (young) 4048K->913K(8192K), 0.0008068 secs]
49.307: [GC pause (G1 Evacuation Pause) (young) 3985K->976K(8192K), 0.0011384 secs]
49.311: [GC pause (G1 Evacuation Pause) (young) 4048K->913K(8192K), 0.0022576 secs]
49.315: [GC pause (G1 Evacuation Pause) (young) 3985K->1003K(8192K), 0.0012825 secs]
49.319: [GC pause (G1 Evacuation Pause) (young) 4075K->913K(8192K), 0.0008678 secs]
49.321: [GC pause (G1 Evacuation Pause) (young) 3985K->976K(8192K), 0.0011813 secs]
49.325: [GC pause (G1 Evacuation Pause) (young) 4048K->913K(8192K), 0.0008271 secs]
49.328: [GC pause (G1 Evacuation Pause) (young) 3985K->976K(8192K), 0.0011313 secs]
49.331: [GC pause (G1 Evacuation Pause) (young) 4048K->913K(8192K), 0.0008101 secs]
49.334: [GC pause (G1 Evacuation Pause) (young) 3985K->976K(8192K), 0.0011219 secs]
49.337: [GC pause (G1 Evacuation Pause) (young) 4048K->913K(8192K), 0.0008205 secs]
49.340: [GC pause (G1 Evacuation Pause) (young) 3985K->976K(8192K), 0.0016097 secs]
49.344: [GC pause (G1 Evacuation Pause) (young) 4048K->913K(8192K), 0.0008266 secs]
49.347: [GC pause (G1 Evacuation Pause) (young) 3985K->976K(8192K), 0.0011203 secs]
49.350: [GC pause (G1 Evacuation Pause) (young) 4048K->913K(8192K), 0.0008117 secs]
49.353: [GC pause (G1 Evacuation Pause) (young) 3985K->976K(8192K), 0.0011142 secs]
49.356: [GC pause (G1 Evacuation Pause) (young) 4048K->913K(8192K), 0.0008068 secs]
49.359: [GC pause (G1 Evacuation Pause) (young) 3985K->976K(8192K), 0.0011203 secs]
49.362: [GC pause (G1 Evacuation Pause) (young) 4048K->913K(8192K), 0.0008029 secs]
49.365: [GC pause (G1 Evacuation Pause) (young) 3985K->976K(8192K), 0.0011269 secs]
49.368: [GC pause (G1 Evacuation Pause) (young) 4048K->913K(8192K), 0.0008024 secs]
49.371: [GC pause (G1 Evacuation Pause) (young) 3985K->976K(8192K), 0.0012363 secs]
49.374: [GC pause (G1 Evacuation Pause) (young) 4048K->913K(8192K), 0.0008106 secs]
49.377: [GC pause (G1 Evacuation Pause) (young) 3985K->976K(8192K), 0.0011197 secs]
49.381: [GC pause (G1 Evacuation Pause) (young) 4048K->913K(8192K), 0.0008018 secs]
49.384: [GC pause (G1 Evacuation Pause) (young) 3985K->976K(8192K), 0.0011247 secs]
49.387: [GC pause (G1 Evacuation Pause) (young) 4048K->913K(8192K), 0.0008084 secs]
49.390: [GC pause (G1 Evacuation Pause) (young) 3985K->976K(8192K), 0.0012248 secs]
49.393: [GC pause (G1 Evacuation Pause) (young) 4048K->913K(8192K), 0.0008062 secs]
49.396: [GC pause (G1 Evacuation Pause) (young) 3985K->976K(8192K), 0.0011197 secs]
49.399: [GC pause (G1 Evacuation Pause) (young) 4048K->913K(8192K), 0.0008084 secs]
49.402: [GC pause (G1 Evacuation Pause) (young) 3985K->976K(8192K), 0.0011148 secs]
49.405: [GC pause (G1 Evacuation Pause) (young) 4048K->913K(8192K), 0.0008431 secs]
49.408: [GC pause (G1 Evacuation Pause) (young) 3985K->976K(8192K), 0.0011291 secs]
49.411: [GC pause (G1 Evacuation Pause) (young) 4048K->913K(8192K), 0.0008194 secs]
49.414: [GC pause (G1 Evacuation Pause) (young) 3985K->976K(8192K), 0.0011296 secs]
49.417: [GC pause (G1 Evacuation Pause) (young) 4048K->913K(8192K), 0.0008854 secs]
49.420: [GC pause (G1 Evacuation Pause) (young) 3985K->976K(8192K), 0.0011186 secs]
49.424: [GC pause (G1 Evacuation Pause) (young) 4048K->913K(8192K), 0.0008073 secs]
49.427: [GC pause (G1 Evacuation Pause) (young) 3985K->976K(8192K), 0.0011318 secs]
49.430: [GC pause (G1 Evacuation Pause) (young) 4048K->913K(8192K), 0.0008304 secs]
49.433: [GC pause (G1 Evacuation Pause) (young) 3985K->976K(8192K), 0.0011296 secs]
49.436: [GC pause (G1 Evacuation Pause) (young) 4048K->913K(8192K), 0.0008249 secs]
49.439: [GC pause (G1 Evacuation Pause) (young) 3985K->976K(8192K), 0.0011725 secs]
49.442: [GC pause (G1 Evacuation Pause) (young) 4048K->913K(8192K), 0.0008101 secs]
49.445: [GC pause (G1 Evacuation Pause) (young) 3985K->976K(8192K), 0.0011753 secs]
49.448: [GC pause (G1 Evacuation Pause) (young) 4048K->913K(8192K), 0.0008035 secs]
49.451: [GC pause (G1 Evacuation Pause) (young) 3985K->976K(8192K), 0.0011329 secs]
49.454: [GC pause (G1 Evacuation Pause) (young) 4048K->913K(8192K), 0.0008013 secs]
49.457: [GC pause (G1 Evacuation Pause) (young) 3985K->976K(8192K), 0.0011307 secs]
49.461: [GC pause (G1 Evacuation Pause) (young) 4048K->913K(8192K), 0.0008167 secs]
49.463: [GC pause (G1 Evacuation Pause) (young) 3985K->976K(8192K), 0.0011786 secs]
49.467: [GC pause (G1 Evacuation Pause) (young) 4048K->913K(8192K), 0.0008084 secs]
49.470: [GC pause (G1 Evacuation Pause) (young) 3985K->976K(8192K), 0.0011318 secs]
49.473: [GC pause (G1 Evacuation Pause) (young) 4048K->913K(8192K), 0.0008453 secs]
49.476: [GC pause (G1 Evacuation Pause) (young) 3985K->976K(8192K), 0.0011434 secs]
49.479: [GC pause (G1 Evacuation Pause) (young) 4048K->913K(8192K), 0.0007991 secs]
49.482: [GC pause (G1 Evacuation Pause) (young) 3985K->976K(8192K), 0.0011203 secs]
49.485: [GC pause (G1 Evacuation Pause) (young) 4048K->913K(8192K), 0.0008057 secs]
49.488: [GC pause (G1 Evacuation Pause) (young) 3985K->976K(8192K), 0.0011148 secs]
49.491: [GC pause (G1 Evacuation Pause) (young) 4048K->913K(8192K), 0.0008249 secs]
49.494: [GC pause (G1 Evacuation Pause) (young) 3985K->976K(8192K), 0.0011522 secs]
49.498: [GC pause (G1 Evacuation Pause) (young) 4048K->913K(8192K), 0.0008139 secs]
49.501: [GC pause (G1 Evacuation Pause) (young) 3985K->976K(8192K), 0.0011175 secs]
49.504: [GC pause (G1 Evacuation Pause) (young) 4048K->913K(8192K), 0.0008035 secs]
49.507: [GC pause (G1 Evacuation Pause) (young) 3985K->976K(8192K), 0.0011258 secs]
49.510: [GC pause (G1 Evacuation Pause) (young) 4048K->913K(8192K), 0.0007952 secs]
49.513: [GC pause (G1 Evacuation Pause) (young) 3985K->976K(8192K), 0.0011230 secs]
49.516: [GC pause (G1 Evacuation Pause) (young) 4048K->913K(8192K), 0.0007985 secs]
49.519: [GC pause (G1 Evacuation Pause) (young) 3985K->976K(8192K), 0.0011164 secs]
49.522: [GC pause (G1 Evacuation Pause) (young) 4048K->913K(8192K), 0.0008139 secs]
49.525: [GC pause (G1 Evacuation Pause) (young) 3985K->976K(8192K), 0.0011236 secs]
49.528: [GC pause (G1 Evacuation Pause) (young) 4048K->913K(8192K), 0.0007991 secs]
49.531: [GC pause (G1 Evacuation Pause) (young) 3985K->976K(8192K), 0.0011797 secs]
49.534: [GC pause (G1 Evacuation Pause) (young) 4048K->913K(8192K), 0.0008079 secs]
49.537: [GC pause (G1 Evacuation Pause) (young) 3985K->976K(8192K), 0.0011159 secs]
49.541: [GC pause (G1 Evacuation Pause) (young) 4048K->913K(8192K), 0.0008084 secs]
49.543: [GC pause (G1 Evacuation Pause) (young) 3985K->976K(8192K), 0.0011241 secs]
49.547: [GC pause (G1 Evacuation Pause) (young) 4048K->913K(8192K), 0.0008299 secs]
49.550: [GC pause (G1 Evacuation Pause) (young) 3985K->976K(8192K), 0.0011357 secs]
49.553: [GC pause (G1 Evacuation Pause) (young) 4048K->913K(8192K), 0.0007936 secs]
49.556: [GC pause (G1 Evacuation Pause) (young) 3985K->976K(8192K), 0.0011296 secs]
49.559: [GC pause (G1 Evacuation Pause) (young) 4048K->913K(8192K), 0.0007991 secs]
49.562: [GC pause (G1 Evacuation Pause) (young) 3985K->976K(8192K), 0.0011296 secs]
49.565: [GC pause (G1 Evacuation Pause) (young) 4048K->913K(8192K), 0.0008024 secs]
49.568: [GC pause (G1 Evacuation Pause) (young) 3985K->976K(8192K), 0.0011258 secs]
49.571: [GC pause (G1 Evacuation Pause) (young) 4048K->913K(8192K), 0.0007952 secs]
49.574: [GC pause (G1 Evacuation Pause) (young) 3985K->976K(8192K), 0.0011208 secs]
49.577: [GC pause (G1 Evacuation Pause) (young) 4048K->913K(8192K), 0.0008095 secs]
49.580: [GC pause (G1 Evacuation Pause) (young) 3985K->976K(8192K), 0.0011252 secs]
49.583: [GC pause (G1 Evacuation Pause) (young) 4048K->913K(8192K), 0.0008112 secs]
49.586: [GC pause (G1 Evacuation Pause) (young) 3985K->976K(8192K), 0.0011208 secs]
49.590: [GC pause (G1 Evacuation Pause) (young) 4048K->913K(8192K), 0.0008601 secs]
49.593: [GC pause (G1 Evacuation Pause) (young) 3985K->976K(8192K), 0.0011241 secs]
49.596: [GC pause (G1 Evacuation Pause) (young) 4048K->913K(8192K), 0.0008046 secs]
49.599: [GC pause (G1 Evacuation Pause) (young) 3985K->976K(8192K), 0.0011335 secs]
49.602: [GC pause (G1 Evacuation Pause) (young) 4048K->913K(8192K), 0.0008029 secs]
49.605: [GC pause (G1 Evacuation Pause) (young) 3985K->976K(8192K), 0.0011252 secs]
49.608: [GC pause (G1 Evacuation Pause) (young) 4048K->913K(8192K), 0.0008035 secs]
49.611: [GC pause (G1 Evacuation Pause) (young) 3985K->976K(8192K), 0.0011208 secs]
49.614: [GC pause (G1 Evacuation Pause) (young) 4048K->913K(8192K), 0.0008035 secs]
49.617: [GC pause (G1 Evacuation Pause) (young) 3985K->976K(8192K), 0.0011131 secs]
49.620: [GC pause (G1 Evacuation Pause) (young) 4048K->913K(8192K), 0.0008167 secs]
49.623: [GC pause (G1 Evacuation Pause) (young) 3985K->976K(8192K), 0.0014458 secs]
49.627: [GC pause (G1 Evacuation Pause) (young) 4048K->913K(8192K), 0.0008277 secs]
49.630: [GC pause (G1 Evacuation Pause) (young) 3985K->976K(8192K), 0.0011753 secs]
49.633: [GC pause (G1 Evacuation Pause) (young) 4048K->913K(8192K), 0.0008101 secs]
49.636: [GC pause (G1 Evacuation Pause) (young) 3985K->976K(8192K), 0.0011241 secs]
49.639: [GC pause (G1 Evacuation Pause) (young) 4048K->913K(8192K), 0.0008079 secs]
49.642: [GC pause (G1 Evacuation Pause) (young) 3985K->976K(8192K), 0.0011142 secs]
49.645: [GC pause (G1 Evacuation Pause) (young) 4048K->913K(8192K), 0.0008046 secs]
49.648: [GC pause (G1 Evacuation Pause) (young) 3985K->976K(8192K), 0.0011395 secs]
49.651: [GC pause (G1 Evacuation Pause) (young) 4048K->913K(8192K), 0.0008101 secs]
49.654: [GC pause (G1 Evacuation Pause) (young) 3985K->976K(8192K), 0.0011109 secs]
49.657: [GC pause (G1 Evacuation Pause) (young) 4048K->913K(8192K), 0.0008090 secs]
49.660: [GC pause (G1 Evacuation Pause) (young) 3985K->976K(8192K), 0.0011307 secs]
49.663: [GC pause (G1 Evacuation Pause) (young) 4048K->913K(8192K), 0.0008002 secs]
49.666: [GC pause (G1 Evacuation Pause) (young) 3985K->976K(8192K), 0.0011621 secs]
49.669: [GC pause (G1 Evacuation Pause) (young) 4048K->913K(8192K), 0.0007952 secs]
49.672: [GC pause (G1 Evacuation Pause) (young) 3985K->976K(8192K), 0.0011472 secs]
49.675: [GC pause (G1 Evacuation Pause) (young) 4048K->913K(8192K), 0.0008084 secs]
49.678: [GC pause (G1 Evacuation Pause) (young) 3985K->976K(8192K), 0.0013095 secs]
49.682: [GC pause (G1 Evacuation Pause) (young) 4048K->913K(8192K), 0.0008156 secs]
49.685: [GC pause (G1 Evacuation Pause) (young) 3985K->976K(8192K), 0.0011219 secs]
49.688: [GC pause (G1 Evacuation Pause) (young) 4048K->913K(8192K), 0.0008134 secs]
49.691: [GC pause (G1 Evacuation Pause) (young) 3985K->976K(8192K), 0.0011065 secs]
49.694: [GC pause (G1 Evacuation Pause) (young) 4048K->913K(8192K), 0.0008073 secs]
49.697: [GC pause (G1 Evacuation Pause) (young) 3985K->976K(8192K), 0.0011252 secs]
49.700: [GC pause (G1 Evacuation Pause) (young) 4048K->913K(8192K), 0.0008475 secs]
49.703: [GC pause (G1 Evacuation Pause) (young) 3985K->976K(8192K), 0.0011428 secs]
49.706: [GC pause (G1 Evacuation Pause) (young) 4048K->913K(8192K), 0.0007991 secs]
49.709: [GC pause (G1 Evacuation Pause) (young) 3985K->976K(8192K), 0.0011879 secs]
49.712: [GC pause (G1 Evacuation Pause) (young) 4048K->913K(8192K), 0.0008145 secs]
49.715: [GC pause (G1 Evacuation Pause) (young) 3985K->976K(8192K), 0.0011186 secs]
49.718: [GC pause (G1 Evacuation Pause) (young) 4048K->913K(8192K), 0.0008260 secs]
49.722: [GC pause (G1 Evacuation Pause) (young) 3985K->976K(8192K), 0.0011324 secs]
49.725: [GC pause (G1 Evacuation Pause) (young) 4048K->913K(8192K), 0.0008838 secs]
49.728: [GC pause (G1 Evacuation Pause) (young) 3985K->976K(8192K), 0.0011170 secs]
49.731: [GC pause (G1 Evacuation Pause) (young) 4048K->913K(8192K), 0.0008068 secs]
49.734: [GC pause (G1 Evacuation Pause) (young) 3985K->976K(8192K), 0.0011274 secs]
49.737: [GC pause (G1 Evacuation Pause) (young) 4048K->913K(8192K), 0.0008046 secs]
49.740: [GC pause (G1 Evacuation Pause) (young) 3985K->976K(8192K), 0.0011126 secs]
49.743: [GC pause (G1 Evacuation Pause) (young) 4048K->913K(8192K), 0.0008013 secs]
49.746: [GC pause (G1 Evacuation Pause) (young) 3985K->976K(8192K), 0.0011340 secs]
49.750: [GC pause (G1 Evacuation Pause) (young) 4048K->913K(8192K), 0.0008167 secs]
49.752: [GC pause (G1 Evacuation Pause) (young) 3985K->976K(8192K), 0.0011373 secs]
49.756: [GC pause (G1 Evacuation Pause) (young) 4048K->913K(8192K), 0.0008018 secs]
49.758: [GC pause (G1 Evacuation Pause) (young) 3985K->976K(8192K), 0.0011247 secs]
49.762: [GC pause (G1 Evacuation Pause) (young) 4048K->913K(8192K), 0.0007974 secs]
49.765: [GC pause (G1 Evacuation Pause) (young) 3985K->976K(8192K), 0.0011230 secs]
49.768: [GC pause (G1 Evacuation Pause) (young) 4048K->913K(8192K), 0.0007969 secs]
49.771: [GC pause (G1 Evacuation Pause) (young) 3985K->976K(8192K), 0.0011225 secs]
49.774: [GC pause (G1 Evacuation Pause) (young) 4048K->913K(8192K), 0.0008068 secs]
49.777: [GC pause (G1 Evacuation Pause) (young) 3985K->976K(8192K), 0.0011291 secs]
49.780: [GC pause (G1 Evacuation Pause) (young) 4048K->913K(8192K), 0.0008227 secs]
49.783: [GC pause (G1 Evacuation Pause) (young) 3985K->976K(8192K), 0.0012138 secs]
49.786: [GC pause (G1 Evacuation Pause) (young) 4048K->913K(8192K), 0.0008546 secs]
49.789: [GC pause (G1 Evacuation Pause) (young) 3985K->976K(8192K), 0.0011252 secs]
49.793: [GC pause (G1 Evacuation Pause) (young) 4048K->913K(8192K), 0.0008123 secs]
49.795: [GC pause (G1 Evacuation Pause) (young) 3985K->976K(8192K), 0.0018556 secs]
49.799: [GC pause (G1 Evacuation Pause) (young) 4048K->913K(8192K), 0.0008233 secs]
49.802: [GC pause (G1 Evacuation Pause) (young) 3985K->976K(8192K), 0.0011285 secs]
49.806: [GC pause (G1 Evacuation Pause) (young) 4048K->913K(8192K), 0.0008128 secs]
49.809: [GC pause (G1 Evacuation Pause) (young) 3985K->976K(8192K), 0.0011599 secs]
49.815: [GC pause (G1 Evacuation Pause) (young) 4048K->913K(8192K), 0.0009300 secs]
49.818: [GC pause (G1 Evacuation Pause) (young) 3985K->976K(8192K), 0.0011610 secs]
49.822: [GC pause (G1 Evacuation Pause) (young) 4048K->913K(8192K), 0.0008849 secs]
49.826: [GC pause (G1 Evacuation Pause) (young) 3985K->976K(8192K), 0.0011637 secs]
49.830: [GC pause (G1 Evacuation Pause) (young) 4048K->913K(8192K), 0.0008414 secs]
49.833: [GC pause (G1 Evacuation Pause) (young) 3985K->976K(8192K), 0.0011582 secs]
49.837: [GC pause (G1 Evacuation Pause) (young) 4048K->913K(8192K), 0.0008299 secs]
49.841: [GC pause (G1 Evacuation Pause) (young) 3985K->976K(8192K), 0.0011401 secs]
49.845: [GC pause (G1 Evacuation Pause) (young) 4048K->913K(8192K), 0.0008271 secs]
49.849: [GC pause (G1 Evacuation Pause) (young) 3985K->976K(8192K), 0.0011863 secs]
49.852: [GC pause (G1 Evacuation Pause) (young) 4048K->913K(8192K), 0.0008568 secs]
49.855: [GC pause (G1 Evacuation Pause) (young) 3985K->976K(8192K), 0.0011461 secs]
49.859: [GC pause (G1 Evacuation Pause) (young) 4048K->913K(8192K), 0.0008227 secs]
49.862: [GC pause (G1 Evacuation Pause) (young) 3985K->976K(8192K), 0.0011258 secs]
49.865: [GC pause (G1 Evacuation Pause) (young) 4048K->913K(8192K), 0.0008062 secs]
49.868: [GC pause (G1 Evacuation Pause) (young) 3985K->976K(8192K), 0.0011203 secs]
49.871: [GC pause (G1 Evacuation Pause) (young) 4048K->913K(8192K), 0.0008552 secs]
49.874: [GC pause (G1 Evacuation Pause) (young) 3985K->976K(8192K), 0.0011417 secs]
49.877: [GC pause (G1 Evacuation Pause) (young) 4048K->913K(8192K), 0.0008057 secs]
49.880: [GC pause (G1 Evacuation Pause) (young) 3985K->976K(8192K), 0.0011285 secs]
49.883: [GC pause (G1 Evacuation Pause) (young) 4048K->913K(8192K), 0.0008007 secs]
49.886: [GC pause (G1 Evacuation Pause) (young) 3985K->976K(8192K), 0.0011307 secs]
49.890: [GC pause (G1 Evacuation Pause) (young) 4048K->913K(8192K), 0.0008651 secs]
49.892: [GC pause (G1 Evacuation Pause) (young) 3985K->976K(8192K), 0.0011406 secs]
49.896: [GC pause (G1 Evacuation Pause) (young) 4048K->913K(8192K), 0.0008046 secs]
49.899: [GC pause (G1 Evacuation Pause) (young) 3985K->976K(8192K), 0.0011203 secs]
49.902: [GC pause (G1 Evacuation Pause) (young) 4048K->913K(8192K), 0.0008040 secs]
49.905: [GC pause (G1 Evacuation Pause) (young) 3985K->976K(8192K), 0.0011192 secs]
49.908: [GC pause (G1 Evacuation Pause) (young) 4048K->975K(8192K), 0.0012061 secs]
49.911: [GC pause (G1 Evacuation Pause) (young) 4047K->998K(8192K), 0.0011423 secs]
49.915: [GC pause (G1 Evacuation Pause) (young) 4070K->911K(8192K), 0.0008156 secs]
49.918: [GC pause (G1 Evacuation Pause) (young) 3983K->974K(8192K), 0.0011775 secs]
49.921: [GC pause (G1 Evacuation Pause) (young) 4046K->913K(8192K), 0.0008090 secs]
49.924: [GC pause (G1 Evacuation Pause) (young) 3985K->976K(8192K), 0.0011148 secs]
49.927: [GC pause (G1 Evacuation Pause) (young) 4048K->913K(8192K), 0.0008150 secs]
49.930: [GC pause (G1 Evacuation Pause) (young) 3985K->976K(8192K), 0.0012385 secs]
49.933: [GC pause (G1 Evacuation Pause) (young) 4048K->913K(8192K), 0.0008106 secs]
49.936: [GC pause (G1 Evacuation Pause) (young) 3985K->976K(8192K), 0.0011296 secs]
49.939: [GC pause (G1 Evacuation Pause) (young) 4048K->913K(8192K), 0.0008051 secs]
49.942: [GC pause (G1 Evacuation Pause) (young) 3985K->976K(8192K), 0.0011390 secs]
49.945: [GC pause (G1 Evacuation Pause) (young) 4048K->913K(8192K), 0.0008194 secs]
49.948: [GC pause (G1 Evacuation Pause) (young) 3985K->976K(8192K), 0.0011164 secs]
49.952: [GC pause (G1 Evacuation Pause) (young) 4048K->913K(8192K), 0.0008024 secs]
49.954: [GC pause (G1 Evacuation Pause) (young) 3985K->976K(8192K), 0.0011236 secs]
49.958: [GC pause (G1 Evacuation Pause) (young) 4048K->913K(8192K), 0.0008134 secs]
49.961: [GC pause (G1 Evacuation Pause) (young) 3985K->976K(8192K), 0.0011181 secs]
49.964: [GC pause (G1 Evacuation Pause) (young) 4048K->913K(8192K), 0.0008095 secs]
49.967: [GC pause (G1 Evacuation Pause) (young) 3985K->976K(8192K), 0.0011307 secs]
49.970: [GC pause (G1 Evacuation Pause) (young) 4048K->913K(8192K), 0.0008106 secs]
49.973: [GC pause (G1 Evacuation Pause) (young) 3985K->976K(8192K), 0.0011533 secs]
49.976: [GC pause (G1 Evacuation Pause) (young) 4048K->913K(8192K), 0.0008101 secs]
49.979: [GC pause (G1 Evacuation Pause) (young) 3985K->976K(8192K), 0.0011170 secs]
49.982: [GC pause (G1 Evacuation Pause) (young) 4048K->913K(8192K), 0.0008079 secs]
49.985: [GC pause (G1 Evacuation Pause) (young) 3985K->976K(8192K), 0.0011203 secs]
49.988: [GC pause (G1 Evacuation Pause) (young) 4048K->913K(8192K), 0.0008051 secs]
49.991: [GC pause (G1 Evacuation Pause) (young) 3985K->976K(8192K), 0.0012028 secs]
49.995: [GC pause (G1 Evacuation Pause) (young) 4048K->913K(8192K), 0.0008084 secs]
49.997: [GC pause (G1 Evacuation Pause) (young) 3985K->976K(8192K), 0.0011412 secs]
50.001: [GC pause (G1 Evacuation Pause) (young) 4048K->913K(8192K), 0.0008106 secs]
50.004: [GC pause (G1 Evacuation Pause) (young) 3985K->976K(8192K), 0.0011258 secs]
50.007: [GC pause (G1 Evacuation Pause) (young) 4048K->913K(8192K), 0.0008079 secs]
50.010: [GC pause (G1 Evacuation Pause) (young) 3985K->976K(8192K), 0.0011538 secs]
50.013: [GC pause (G1 Evacuation Pause) (young) 4048K->913K(8192K), 0.0007963 secs]
50.016: [GC pause (G1 Evacuation Pause) (young) 3985K->976K(8192K), 0.0011252 secs]
50.019: [GC pause (G1 Evacuation Pause) (young) 4048K->913K(8192K), 0.0008029 secs]
50.022: [GC pause (G1 Evacuation Pause) (young) 3985K->976K(8192K), 0.0011252 secs]
50.025: [GC pause (G1 Evacuation Pause) (young) 4048K->913K(8192K), 0.0008090 secs]
50.028: [GC pause (G1 Evacuation Pause) (young) 3985K->976K(8192K), 0.0011263 secs]
50.031: [GC pause (G1 Evacuation Pause) (young) 4048K->913K(8192K), 0.0008029 secs]
50.034: [GC pause (G1 Evacuation Pause) (young) 3985K->976K(8192K), 0.0011692 secs]
50.038: [GC pause (G1 Evacuation Pause) (young) 4048K->913K(8192K), 0.0008040 secs]
50.040: [GC pause (G1 Evacuation Pause) (young) 3985K->976K(8192K), 0.0011148 secs]
50.044: [GC pause (G1 Evacuation Pause) (young) 4048K->913K(8192K), 0.0008018 secs]
50.046: [GC pause (G1 Evacuation Pause) (young) 3985K->976K(8192K), 0.0011142 secs]
50.050: [GC pause (G1 Evacuation Pause) (young) 4048K->913K(8192K), 0.0008337 secs]
50.053: [GC pause (G1 Evacuation Pause) (young) 3985K->976K(8192K), 0.0011192 secs]
50.056: [GC pause (G1 Evacuation Pause) (young) 4048K->913K(8192K), 0.0008073 secs]
50.059: [GC pause (G1 Evacuation Pause) (young) 3985K->976K(8192K), 0.0011285 secs]
50.062: [GC pause (G1 Evacuation Pause) (young) 4048K->913K(8192K), 0.0008541 secs]
50.065: [GC pause (G1 Evacuation Pause) (young) 3985K->976K(8192K), 0.0011153 secs]
50.068: [GC pause (G1 Evacuation Pause) (young) 4048K->913K(8192K), 0.0008079 secs]
50.071: [GC pause (G1 Evacuation Pause) (young) 3985K->976K(8192K), 0.0011181 secs]
50.074: [GC pause (G1 Evacuation Pause) (young) 4048K->913K(8192K), 0.0008007 secs]
50.077: [GC pause (G1 Evacuation Pause) (young) 3985K->976K(8192K), 0.0011153 secs]
50.080: [GC pause (G1 Evacuation Pause) (young) 4048K->913K(8192K), 0.0008062 secs]
50.083: [GC pause (G1 Evacuation Pause) (young) 3985K->976K(8192K), 0.0011192 secs]
50.086: [GC pause (G1 Evacuation Pause) (young) 4048K->913K(8192K), 0.0007980 secs]
50.089: [GC pause (G1 Evacuation Pause) (young) 3985K->976K(8192K), 0.0011274 secs]
50.093: [GC pause (G1 Evacuation Pause) (young) 4048K->913K(8192K), 0.0008123 secs]
50.096: [GC pause (G1 Evacuation Pause) (young) 3985K->976K(8192K), 0.0011197 secs]
50.099: [GC pause (G1 Evacuation Pause) (young) 4048K->913K(8192K), 0.0007974 secs]
50.102: [GC pause (G1 Evacuation Pause) (young) 3985K->976K(8192K), 0.0011973 secs]
50.105: [GC pause (G1 Evacuation Pause) (young) 4048K->913K(8192K), 0.0008068 secs]
50.108: [GC pause (G1 Evacuation Pause) (young) 3985K->976K(8192K), 0.0011159 secs]
50.111: [GC pause (G1 Evacuation Pause) (young) 4048K->913K(8192K), 0.0008084 secs]
50.114: [GC pause (G1 Evacuation Pause) (young) 3985K->976K(8192K), 0.0011054 secs]
50.117: [GC pause (G1 Evacuation Pause) (young) 4048K->913K(8192K), 0.0008101 secs]
50.120: [GC pause (G1 Evacuation Pause) (young) 3985K->976K(8192K), 0.0011269 secs]
50.123: [GC pause (G1 Evacuation Pause) (young) 4048K->913K(8192K), 0.0008046 secs]
50.126: [GC pause (G1 Evacuation Pause) (young) 3985K->976K(8192K), 0.0011604 secs]
50.129: [GC pause (G1 Evacuation Pause) (young) 4048K->913K(8192K), 0.0008084 secs]
50.132: [GC pause (G1 Evacuation Pause) (young) 3985K->976K(8192K), 0.0011197 secs]
50.136: [GC pause (G1 Evacuation Pause) (young) 4048K->913K(8192K), 0.0008167 secs]
50.138: [GC pause (G1 Evacuation Pause) (young) 3985K->976K(8192K), 0.0011450 secs]
50.142: [GC pause (G1 Evacuation Pause) (young) 4048K->913K(8192K), 0.0008634 secs]
50.145: [GC pause (G1 Evacuation Pause) (young) 3985K->976K(8192K), 0.0011307 secs]
50.148: [GC pause (G1 Evacuation Pause) (young) 4048K->913K(8192K), 0.0008024 secs]
50.151: [GC pause (G1 Evacuation Pause) (young) 3985K->976K(8192K), 0.0011208 secs]
50.154: [GC pause (G1 Evacuation Pause) (young) 4048K->913K(8192K), 0.0008057 secs]
50.157: [GC pause (G1 Evacuation Pause) (young) 3985K->976K(8192K), 0.0011252 secs]
50.160: [GC pause (G1 Evacuation Pause) (young) 4048K->913K(8192K), 0.0008007 secs]
50.163: [GC pause (G1 Evacuation Pause) (young) 3985K->976K(8192K), 0.0011753 secs]
50.166: [GC pause (G1 Evacuation Pause) (young) 4048K->913K(8192K), 0.0008134 secs]
50.169: [GC pause (G1 Evacuation Pause) (young) 3985K->976K(8192K), 0.0011109 secs]
50.172: [GC pause (G1 Evacuation Pause) (young) 4048K->913K(8192K), 0.0008040 secs]
50.175: [GC pause (G1 Evacuation Pause) (young) 3985K->976K(8192K), 0.0011439 secs]
50.178: [GC pause (G1 Evacuation Pause) (young) 4048K->913K(8192K), 0.0008024 secs]
50.181: [GC pause (G1 Evacuation Pause) (young) 3985K->976K(8192K), 0.0011555 secs]
50.185: [GC pause (G1 Evacuation Pause) (young) 4048K->913K(8192K), 0.0008046 secs]
50.187: [GC pause (G1 Evacuation Pause) (young) 3985K->976K(8192K), 0.0011599 secs]
50.191: [GC pause (G1 Evacuation Pause) (young) 4048K->913K(8192K), 0.0009184 secs]
50.194: [GC pause (G1 Evacuation Pause) (young) 3985K->976K(8192K), 0.0011241 secs]
50.197: [GC pause (G1 Evacuation Pause) (young) 4048K->913K(8192K), 0.0008035 secs]
50.200: [GC pause (G1 Evacuation Pause) (young) 3985K->976K(8192K), 0.0011241 secs]
