Java HotSpot(TM) 64-Bit Server VM (25.171-b11) for windows-amd64 JRE (1.8.0_171-b11), built on Mar 28 2018 16:06:12 by "java_re" with MS VC++ 10.0 (VS2010)
Memory: 4k page, physical 4040884k(1243688k free), swap 8079908k(3995740k free)
CommandLine flags: -XX:+HeapDumpOnOutOfMemoryError -XX:HeapDumpPath=./HW05-gc/dump/PGC_dump -XX:InitialHeapSize=134217728 -XX:MaxHeapSize=134217728 -XX:+PrintGC -XX:+PrintGCTimeStamps -XX:+UseCompressedClassPointers -XX:+UseCompressedOops -XX:-UseLargePagesIndividualAllocation -XX:+UseParallelGC 
0.755: [GC (Allocation Failure)  33280K->872K(125952K), 0.0028911 secs]
0.806: [GC (Allocation Failure)  34152K->912K(125952K), 0.0021998 secs]
0.858: [GC (Allocation Failure)  34192K->972K(125952K), 0.0041038 secs]
0.898: [GC (Allocation Failure)  34252K->972K(125952K), 0.0022911 secs]
0.926: [GC (Allocation Failure)  34252K->1004K(125952K), 0.0022350 secs]
0.953: [GC (Allocation Failure)  34284K->928K(129536K), 0.0021866 secs]
1.049: [GC (Allocation Failure)  41376K->900K(129536K), 0.0023692 secs]
1.081: [GC (Allocation Failure)  41348K->892K(129536K), 0.0006918 secs]
1.117: [GC (Allocation Failure)  41340K->844K(129536K), 0.0150067 secs]
1.161: [GC (Allocation Failure)  41292K->844K(129536K), 0.0005720 secs]
1.191: [GC (Allocation Failure)  41292K->976K(129536K), 0.0147999 secs]
1.235: [GC (Allocation Failure)  41424K->976K(129536K), 0.0008370 secs]
1.265: [GC (Allocation Failure)  41424K->932K(129536K), 0.0008948 secs]
1.295: [GC (Allocation Failure)  41380K->892K(129536K), 0.0006066 secs]
1.332: [GC (Allocation Failure)  41340K->812K(129536K), 0.0008211 secs]
1.373: [GC (Allocation Failure)  41260K->976K(129536K), 0.0009421 secs]
1.411: [GC (Allocation Failure)  41424K->944K(129536K), 0.0013419 secs]
1.442: [GC (Allocation Failure)  41392K->932K(129536K), 0.0007655 secs]
1.473: [GC (Allocation Failure)  41380K->892K(129536K), 0.0006435 secs]
1.521: [GC (Allocation Failure)  41340K->876K(129536K), 0.0005560 secs]
1.561: [GC (Allocation Failure)  41324K->812K(129536K), 0.0010416 secs]
1.591: [GC (Allocation Failure)  41260K->976K(130048K), 0.0009349 secs]
1.630: [GC (Allocation Failure)  41936K->976K(129536K), 0.0237455 secs]
1.683: [GC (Allocation Failure)  41936K->976K(130048K), 0.0023654 secs]
1.719: [GC (Allocation Failure)  42448K->812K(130048K), 0.0018226 secs]
1.772: [GC (Allocation Failure)  42284K->892K(130048K), 0.0006462 secs]
1.809: [GC (Allocation Failure)  42364K->932K(130048K), 0.0008178 secs]
1.844: [GC (Allocation Failure)  42404K->976K(130048K), 0.0008623 secs]
1.883: [GC (Allocation Failure)  42448K->844K(130048K), 0.0012473 secs]
1.914: [GC (Allocation Failure)  42316K->892K(130048K), 0.0005989 secs]
1.948: [GC (Allocation Failure)  42364K->932K(130048K), 0.0035632 secs]
1.983: [GC (Allocation Failure)  42404K->976K(130048K), 0.0009459 secs]
2.015: [GC (Allocation Failure)  42448K->844K(130048K), 0.0023819 secs]
2.047: [GC (Allocation Failure)  42316K->900K(130048K), 0.0006687 secs]
2.087: [GC (Allocation Failure)  42372K->976K(130048K), 0.0009382 secs]
2.122: [GC (Allocation Failure)  42448K->844K(130560K), 0.0006556 secs]
2.154: [GC (Allocation Failure)  43340K->976K(130560K), 0.0015080 secs]
2.190: [GC (Allocation Failure)  43472K->976K(130560K), 0.0008656 secs]
2.248: [GC (Allocation Failure)  43472K->900K(130560K), 0.0006940 secs]
2.303: [GC (Allocation Failure)  43396K->876K(130560K), 0.0010323 secs]
2.467: [GC (Allocation Failure)  43372K->876K(130560K), 0.0005709 secs]
2.500: [GC (Allocation Failure)  43372K->976K(130560K), 0.1393088 secs]
2.670: [GC (Allocation Failure)  43472K->908K(130560K), 0.0595973 secs]
2.835: [GC (Allocation Failure)  43404K->900K(130560K), 0.0007138 secs]
3.388: [GC (Allocation Failure)  43396K->844K(130560K), 0.0097326 secs]
3.457: [GC (Allocation Failure)  43340K->976K(130560K), 0.0023918 secs]
3.652: [GC (Allocation Failure)  43472K->944K(130560K), 0.1615200 secs]
3.846: [GC (Allocation Failure)  43440K->908K(130560K), 0.0032541 secs]
3.882: [GC (Allocation Failure)  43404K->844K(130560K), 0.0201939 secs]
3.934: [GC (Allocation Failure)  43340K->976K(130560K), 0.0009575 secs]
3.965: [GC (Allocation Failure)  43472K->976K(130560K), 0.0009162 secs]
3.997: [GC (Allocation Failure)  43472K->932K(130560K), 0.0007584 secs]
4.029: [GC (Allocation Failure)  43428K->876K(130560K), 0.0005896 secs]
4.060: [GC (Allocation Failure)  43372K->812K(130560K), 0.0005252 secs]
4.091: [GC (Allocation Failure)  43308K->976K(130560K), 0.0009536 secs]
4.123: [GC (Allocation Failure)  43472K->940K(130560K), 0.0007589 secs]
4.154: [GC (Allocation Failure)  43436K->892K(130560K), 0.0006226 secs]
4.185: [GC (Allocation Failure)  43388K->844K(130560K), 0.0005335 secs]
4.219: [GC (Allocation Failure)  43340K->812K(130560K), 0.0006610 secs]
4.250: [GC (Allocation Failure)  43308K->976K(130560K), 0.0011379 secs]
4.282: [GC (Allocation Failure)  43472K->932K(130560K), 0.0007457 secs]
4.313: [GC (Allocation Failure)  43428K->892K(130560K), 0.0006841 secs]
4.345: [GC (Allocation Failure)  43388K->844K(130560K), 0.0006358 secs]
4.376: [GC (Allocation Failure)  43340K->976K(130560K), 0.0009564 secs]
4.408: [GC (Allocation Failure)  43472K->976K(130560K), 0.0008926 secs]
4.439: [GC (Allocation Failure)  43472K->932K(130560K), 0.0007353 secs]
4.471: [GC (Allocation Failure)  43428K->892K(130560K), 0.0006484 secs]
4.502: [GC (Allocation Failure)  43388K->876K(130560K), 0.0005593 secs]
4.534: [GC (Allocation Failure)  43372K->812K(130560K), 0.0005439 secs]
4.565: [GC (Allocation Failure)  43308K->1027K(130560K), 0.0009888 secs]
4.596: [GC (Allocation Failure)  43523K->976K(130560K), 0.0009635 secs]
4.628: [GC (Allocation Failure)  43472K->932K(130560K), 0.0007903 secs]
4.660: [GC (Allocation Failure)  43428K->908K(130560K), 0.0015591 secs]
4.692: [GC (Allocation Failure)  43404K->876K(130560K), 0.0008574 secs]
4.724: [GC (Allocation Failure)  43372K->812K(130560K), 0.0005269 secs]
4.755: [GC (Allocation Failure)  43308K->976K(130560K), 0.0008937 secs]
4.788: [GC (Allocation Failure)  43472K->940K(130560K), 0.0008843 secs]
4.820: [GC (Allocation Failure)  43436K->892K(130560K), 0.0006143 secs]
4.851: [GC (Allocation Failure)  43388K->876K(130560K), 0.0005472 secs]
4.883: [GC (Allocation Failure)  43372K->812K(130560K), 0.0032261 secs]
4.918: [GC (Allocation Failure)  43308K->976K(130560K), 0.0009382 secs]
4.950: [GC (Allocation Failure)  43472K->940K(130560K), 0.0007688 secs]
4.981: [GC (Allocation Failure)  43436K->908K(130560K), 0.0011236 secs]
5.013: [GC (Allocation Failure)  43404K->876K(130560K), 0.0006116 secs]
5.044: [GC (Allocation Failure)  43372K->976K(130560K), 0.0009564 secs]
5.076: [GC (Allocation Failure)  43472K->976K(130560K), 0.0009245 secs]
5.107: [GC (Allocation Failure)  43472K->908K(130560K), 0.0101929 secs]
5.154: [GC (Allocation Failure)  43404K->844K(130560K), 0.0005450 secs]
5.186: [GC (Allocation Failure)  43340K->976K(130560K), 0.0009932 secs]
5.227: [GC (Allocation Failure)  43472K->944K(130560K), 0.0014007 secs]
5.260: [GC (Allocation Failure)  43440K->940K(130560K), 0.0011060 secs]
5.292: [GC (Allocation Failure)  43436K->876K(130560K), 0.0007705 secs]
5.323: [GC (Allocation Failure)  43372K->812K(130560K), 0.0005021 secs]
5.355: [GC (Allocation Failure)  43308K->976K(130560K), 0.0009234 secs]
5.389: [GC (Allocation Failure)  43472K->940K(130560K), 0.0008865 secs]
5.426: [GC (Allocation Failure)  43436K->892K(130560K), 0.0006709 secs]
5.457: [GC (Allocation Failure)  43388K->876K(130560K), 0.0005406 secs]
5.488: [GC (Allocation Failure)  43372K->844K(130560K), 0.0005269 secs]
5.519: [GC (Allocation Failure)  43340K->976K(130560K), 0.0009657 secs]
5.551: [GC (Allocation Failure)  43472K->932K(130560K), 0.0007435 secs]
5.584: [GC (Allocation Failure)  43428K->892K(130560K), 0.0011175 secs]
5.616: [GC (Allocation Failure)  43388K->844K(130560K), 0.0005621 secs]
5.647: [GC (Allocation Failure)  43340K->976K(130560K), 0.0009591 secs]
5.678: [GC (Allocation Failure)  43472K->976K(130560K), 0.0009212 secs]
5.710: [GC (Allocation Failure)  43472K->940K(130560K), 0.0007265 secs]
5.741: [GC (Allocation Failure)  43436K->892K(130560K), 0.0006033 secs]
5.772: [GC (Allocation Failure)  43388K->876K(130560K), 0.0005989 secs]
5.803: [GC (Allocation Failure)  43372K->812K(130560K), 0.0005032 secs]
5.835: [GC (Allocation Failure)  43308K->1027K(130560K), 0.0009949 secs]
5.866: [GC (Allocation Failure)  43523K->976K(130560K), 0.0009877 secs]
5.897: [GC (Allocation Failure)  43472K->932K(130560K), 0.0007837 secs]
5.928: [GC (Allocation Failure)  43428K->900K(130560K), 0.0007336 secs]
5.959: [GC (Allocation Failure)  43396K->876K(130560K), 0.0006022 secs]
5.991: [GC (Allocation Failure)  43372K->844K(130560K), 0.0005615 secs]
6.021: [GC (Allocation Failure)  43340K->976K(130560K), 0.0010466 secs]
6.053: [GC (Allocation Failure)  43472K->932K(130560K), 0.0007804 secs]
6.084: [GC (Allocation Failure)  43428K->892K(130560K), 0.0006226 secs]
6.116: [GC (Allocation Failure)  43388K->876K(130560K), 0.0005417 secs]
6.147: [GC (Allocation Failure)  43372K->844K(130560K), 0.0005357 secs]
6.178: [GC (Allocation Failure)  43340K->976K(130560K), 0.0009877 secs]
6.211: [GC (Allocation Failure)  43472K->932K(130560K), 0.0007826 secs]
6.245: [GC (Allocation Failure)  43428K->908K(130560K), 0.0007138 secs]
6.277: [GC (Allocation Failure)  43404K->876K(130560K), 0.0006000 secs]
6.309: [GC (Allocation Failure)  43372K->976K(130560K), 0.0009657 secs]
6.341: [GC (Allocation Failure)  43472K->976K(130560K), 0.0008981 secs]
6.372: [GC (Allocation Failure)  43472K->908K(130560K), 0.0007056 secs]
6.404: [GC (Allocation Failure)  43404K->876K(130560K), 0.0005379 secs]
6.435: [GC (Allocation Failure)  43372K->976K(130560K), 0.0009415 secs]
6.466: [GC (Allocation Failure)  43472K->976K(130560K), 0.0008854 secs]
6.497: [GC (Allocation Failure)  43472K->932K(130560K), 0.0007479 secs]
6.529: [GC (Allocation Failure)  43428K->844K(130560K), 0.0035582 secs]
6.564: [GC (Allocation Failure)  43340K->844K(130560K), 0.0005126 secs]
6.596: [GC (Allocation Failure)  43340K->976K(130560K), 0.0014029 secs]
6.628: [GC (Allocation Failure)  43472K->932K(130560K), 0.0007864 secs]
6.659: [GC (Allocation Failure)  43428K->892K(130560K), 0.0006303 secs]
6.690: [GC (Allocation Failure)  43388K->876K(130560K), 0.0005923 secs]
6.724: [GC (Allocation Failure)  43372K->812K(130560K), 0.0073139 secs]
6.762: [GC (Allocation Failure)  43308K->1008K(130560K), 0.0010114 secs]
6.797: [GC (Allocation Failure)  43504K->932K(130560K), 0.0007622 secs]
6.828: [GC (Allocation Failure)  43428K->892K(130560K), 0.0006561 secs]
6.859: [GC (Allocation Failure)  43388K->844K(130560K), 0.0005197 secs]
6.891: [GC (Allocation Failure)  43340K->1008K(130560K), 0.0009800 secs]
6.922: [GC (Allocation Failure)  43504K->976K(130560K), 0.0011335 secs]
6.954: [GC (Allocation Failure)  43472K->940K(130560K), 0.0007358 secs]
6.986: [GC (Allocation Failure)  43436K->892K(130560K), 0.0006523 secs]
7.018: [GC (Allocation Failure)  43388K->844K(130560K), 0.0020376 secs]
7.057: [GC (Allocation Failure)  43340K->812K(130560K), 0.0053472 secs]
7.092: [GC (Allocation Failure)  43308K->1027K(130560K), 0.0012220 secs]
7.124: [GC (Allocation Failure)  43523K->976K(130560K), 0.0009503 secs]
7.156: [GC (Allocation Failure)  43472K->932K(130560K), 0.0009008 secs]
7.187: [GC (Allocation Failure)  43428K->932K(130560K), 0.0007710 secs]
7.219: [GC (Allocation Failure)  43428K->844K(130560K), 0.0019364 secs]
7.254: [GC (Allocation Failure)  43340K->812K(130560K), 0.0188405 secs]
7.304: [GC (Allocation Failure)  43308K->976K(130560K), 0.0009690 secs]
7.336: [GC (Allocation Failure)  43472K->908K(130560K), 0.0012803 secs]
7.383: [GC (Allocation Failure)  43404K->876K(130560K), 0.0148648 secs]
7.430: [GC (Allocation Failure)  43372K->876K(130560K), 0.0005324 secs]
7.462: [GC (Allocation Failure)  43372K->812K(130560K), 0.0005027 secs]
7.493: [GC (Allocation Failure)  43308K->976K(130560K), 0.0009839 secs]
7.524: [GC (Allocation Failure)  43472K->940K(130560K), 0.0007556 secs]
7.556: [GC (Allocation Failure)  43436K->900K(130560K), 0.0007155 secs]
7.587: [GC (Allocation Failure)  43396K->876K(130560K), 0.0005907 secs]
7.618: [GC (Allocation Failure)  43372K->976K(130560K), 0.0010895 secs]
7.650: [GC (Allocation Failure)  43472K->976K(130560K), 0.0008860 secs]
7.681: [GC (Allocation Failure)  43472K->900K(130560K), 0.0007864 secs]
7.712: [GC (Allocation Failure)  43396K->844K(130560K), 0.0005659 secs]
7.744: [GC (Allocation Failure)  43340K->1008K(130560K), 0.0010570 secs]
7.776: [GC (Allocation Failure)  43504K->976K(130560K), 0.0009811 secs]
7.809: [GC (Allocation Failure)  43472K->932K(130560K), 0.0007903 secs]
7.865: [GC (Allocation Failure)  43428K->876K(130560K), 0.0005852 secs]
7.901: [GC (Allocation Failure)  43372K->812K(130560K), 0.0137721 secs]
7.986: [GC (Allocation Failure)  43308K->976K(130560K), 0.0009206 secs]
8.024: [GC (Allocation Failure)  43472K->940K(130560K), 0.0017164 secs]
8.081: [GC (Allocation Failure)  43436K->892K(130560K), 0.0006055 secs]
8.113: [GC (Allocation Failure)  43388K->876K(130560K), 0.0005384 secs]
8.145: [GC (Allocation Failure)  43372K->844K(130560K), 0.0005120 secs]
8.176: [GC (Allocation Failure)  43340K->976K(130560K), 0.0010224 secs]
8.207: [GC (Allocation Failure)  43472K->932K(130560K), 0.0007413 secs]
8.239: [GC (Allocation Failure)  43428K->892K(130560K), 0.0007001 secs]
8.273: [GC (Allocation Failure)  43388K->844K(130560K), 0.0005302 secs]
8.304: [GC (Allocation Failure)  43340K->1008K(130560K), 0.0010279 secs]
8.336: [GC (Allocation Failure)  43504K->976K(130560K), 0.0009965 secs]
8.368: [GC (Allocation Failure)  43472K->932K(130560K), 0.0007721 secs]
8.399: [GC (Allocation Failure)  43428K->876K(130560K), 0.0031364 secs]
8.434: [GC (Allocation Failure)  43372K->876K(130560K), 0.0005516 secs]
8.465: [GC (Allocation Failure)  43372K->812K(130560K), 0.0005252 secs]
8.496: [GC (Allocation Failure)  43308K->1027K(130560K), 0.0009751 secs]
8.528: [GC (Allocation Failure)  43523K->976K(130560K), 0.0015124 secs]
8.561: [GC (Allocation Failure)  43472K->932K(130560K), 0.0007743 secs]
8.593: [GC (Allocation Failure)  43428K->908K(130560K), 0.0007771 secs]
8.624: [GC (Allocation Failure)  43404K->876K(130560K), 0.0005852 secs]
8.655: [GC (Allocation Failure)  43372K->844K(130560K), 0.0005197 secs]
8.686: [GC (Allocation Failure)  43340K->976K(130560K), 0.0009052 secs]
8.718: [GC (Allocation Failure)  43472K->940K(130560K), 0.0007562 secs]
8.749: [GC (Allocation Failure)  43436K->876K(130560K), 0.0006127 secs]
8.781: [GC (Allocation Failure)  43372K->876K(130560K), 0.0005786 secs]
8.812: [GC (Allocation Failure)  43372K->844K(130560K), 0.0005489 secs]
8.843: [GC (Allocation Failure)  43340K->1008K(130560K), 0.0009982 secs]
8.875: [GC (Allocation Failure)  43504K->932K(130560K), 0.0008200 secs]
8.907: [GC (Allocation Failure)  43428K->908K(130560K), 0.0006957 secs]
8.938: [GC (Allocation Failure)  43404K->844K(130560K), 0.0014200 secs]
8.970: [GC (Allocation Failure)  43340K->976K(130560K), 0.0013727 secs]
9.003: [GC (Allocation Failure)  43472K->976K(130560K), 0.0015883 secs]
9.036: [GC (Allocation Failure)  43472K->900K(130560K), 0.0006946 secs]
9.067: [GC (Allocation Failure)  43396K->844K(130560K), 0.0005373 secs]
9.099: [GC (Allocation Failure)  43340K->976K(130560K), 0.0009690 secs]
9.130: [GC (Allocation Failure)  43472K->976K(130560K), 0.0008799 secs]
9.162: [GC (Allocation Failure)  43472K->932K(130560K), 0.0007688 secs]
9.193: [GC (Allocation Failure)  43428K->876K(130560K), 0.0005841 secs]
9.224: [GC (Allocation Failure)  43372K->844K(130560K), 0.0005082 secs]
9.256: [GC (Allocation Failure)  43340K->976K(130560K), 0.0009459 secs]
9.287: [GC (Allocation Failure)  43472K->932K(130560K), 0.0007369 secs]
9.319: [GC (Allocation Failure)  43428K->892K(130560K), 0.0005984 secs]
9.351: [GC (Allocation Failure)  43388K->876K(130560K), 0.0005368 secs]
9.382: [GC (Allocation Failure)  43372K->844K(130560K), 0.0005258 secs]
9.414: [GC (Allocation Failure)  43340K->976K(130560K), 0.0009492 secs]
9.445: [GC (Allocation Failure)  43472K->932K(130560K), 0.0007567 secs]
9.476: [GC (Allocation Failure)  43428K->892K(130560K), 0.0006891 secs]
9.508: [GC (Allocation Failure)  43388K->844K(130560K), 0.0005252 secs]
9.538: [GC (Allocation Failure)  43340K->976K(130560K), 0.0009492 secs]
9.570: [GC (Allocation Failure)  43472K->976K(130560K), 0.0008959 secs]
9.601: [GC (Allocation Failure)  43472K->932K(130560K), 0.0007468 secs]
9.632: [GC (Allocation Failure)  43428K->892K(130560K), 0.0006270 secs]
9.663: [GC (Allocation Failure)  43388K->876K(130560K), 0.0006583 secs]
9.694: [GC (Allocation Failure)  43372K->812K(130560K), 0.0005247 secs]
9.726: [GC (Allocation Failure)  43308K->1027K(130560K), 0.0010301 secs]
9.758: [GC (Allocation Failure)  43523K->976K(130560K), 0.0009965 secs]
9.790: [GC (Allocation Failure)  43472K->932K(130560K), 0.0007886 secs]
9.822: [GC (Allocation Failure)  43428K->932K(130560K), 0.0007699 secs]
9.853: [GC (Allocation Failure)  43428K->876K(130560K), 0.0006011 secs]
9.884: [GC (Allocation Failure)  43372K->844K(130560K), 0.0005401 secs]
9.915: [GC (Allocation Failure)  43340K->976K(130560K), 0.0009316 secs]
9.946: [GC (Allocation Failure)  43472K->932K(130560K), 0.0007683 secs]
9.977: [GC (Allocation Failure)  43428K->876K(130560K), 0.0006396 secs]
10.009: [GC (Allocation Failure)  43372K->876K(130560K), 0.0005412 secs]
10.040: [GC (Allocation Failure)  43372K->812K(130560K), 0.0005445 secs]
10.071: [GC (Allocation Failure)  43308K->1008K(130560K), 0.0009872 secs]
10.103: [GC (Allocation Failure)  43504K->932K(130560K), 0.0007727 secs]
10.134: [GC (Allocation Failure)  43428K->900K(130560K), 0.0007138 secs]
10.165: [GC (Allocation Failure)  43396K->876K(130560K), 0.0005659 secs]
10.196: [GC (Allocation Failure)  43372K->976K(130560K), 0.0009690 secs]
10.229: [GC (Allocation Failure)  43472K->976K(130560K), 0.0031749 secs]
10.263: [GC (Allocation Failure)  43472K->900K(130560K), 0.0007512 secs]
10.295: [GC (Allocation Failure)  43396K->844K(130560K), 0.0016482 secs]
10.329: [GC (Allocation Failure)  43340K->976K(130560K), 0.0009294 secs]
10.361: [GC (Allocation Failure)  43472K->976K(130560K), 0.0008557 secs]
10.393: [GC (Allocation Failure)  43472K->932K(130560K), 0.0007446 secs]
10.424: [GC (Allocation Failure)  43428K->876K(130560K), 0.0005879 secs]
10.456: [GC (Allocation Failure)  43372K->844K(130560K), 0.0005225 secs]
10.486: [GC (Allocation Failure)  43340K->976K(130560K), 0.0009157 secs]
10.518: [GC (Allocation Failure)  43472K->932K(130560K), 0.0007545 secs]
10.550: [GC (Allocation Failure)  43428K->892K(130560K), 0.0006165 secs]
10.582: [GC (Allocation Failure)  43388K->876K(130560K), 0.0005483 secs]
10.613: [GC (Allocation Failure)  43372K->812K(130560K), 0.0005395 secs]
10.645: [GC (Allocation Failure)  43308K->976K(130560K), 0.0009547 secs]
10.676: [GC (Allocation Failure)  43472K->932K(130560K), 0.0007292 secs]
10.708: [GC (Allocation Failure)  43428K->892K(130560K), 0.0006693 secs]
10.740: [GC (Allocation Failure)  43388K->876K(130560K), 0.0006391 secs]
10.772: [GC (Allocation Failure)  43372K->1008K(130560K), 0.0009547 secs]
10.804: [GC (Allocation Failure)  43504K->976K(130560K), 0.0008761 secs]
10.836: [GC (Allocation Failure)  43472K->900K(130560K), 0.0007441 secs]
10.868: [GC (Allocation Failure)  43396K->876K(130560K), 0.0009646 secs]
10.900: [GC (Allocation Failure)  43372K->844K(130560K), 0.0010427 secs]
10.932: [GC (Allocation Failure)  43340K->812K(130560K), 0.0005280 secs]
10.964: [GC (Allocation Failure)  43308K->1027K(130560K), 0.0010521 secs]
10.996: [GC (Allocation Failure)  43523K->976K(130560K), 0.0009316 secs]
11.028: [GC (Allocation Failure)  43472K->932K(130560K), 0.0007958 secs]
11.060: [GC (Allocation Failure)  43428K->908K(130560K), 0.0007243 secs]
11.092: [GC (Allocation Failure)  43404K->876K(130560K), 0.0005918 secs]
11.123: [GC (Allocation Failure)  43372K->812K(130560K), 0.0005120 secs]
11.155: [GC (Allocation Failure)  43308K->976K(130560K), 0.0008684 secs]
11.186: [GC (Allocation Failure)  43472K->932K(130560K), 0.0007727 secs]
11.218: [GC (Allocation Failure)  43428K->892K(130560K), 0.0006380 secs]
11.250: [GC (Allocation Failure)  43388K->876K(130560K), 0.0005643 secs]
11.281: [GC (Allocation Failure)  43372K->844K(130560K), 0.0005549 secs]
11.312: [GC (Allocation Failure)  43340K->976K(130560K), 0.0009613 secs]
11.344: [GC (Allocation Failure)  43472K->932K(130560K), 0.0007826 secs]
11.376: [GC (Allocation Failure)  43428K->908K(130560K), 0.0011467 secs]
11.409: [GC (Allocation Failure)  43404K->876K(130560K), 0.0006011 secs]
11.440: [GC (Allocation Failure)  43372K->976K(130560K), 0.0009855 secs]
11.471: [GC (Allocation Failure)  43472K->976K(130560K), 0.0009234 secs]
11.503: [GC (Allocation Failure)  43472K->900K(130560K), 0.0006841 secs]
11.534: [GC (Allocation Failure)  43396K->844K(130560K), 0.0005692 secs]
11.565: [GC (Allocation Failure)  43340K->976K(130560K), 0.0009773 secs]
11.597: [GC (Allocation Failure)  43472K->976K(130560K), 0.0008755 secs]
11.628: [GC (Allocation Failure)  43472K->932K(130560K), 0.0007710 secs]
11.659: [GC (Allocation Failure)  43428K->876K(130560K), 0.0005918 secs]
11.690: [GC (Allocation Failure)  43372K->844K(130560K), 0.0005153 secs]
11.721: [GC (Allocation Failure)  43340K->976K(130560K), 0.0009514 secs]
11.753: [GC (Allocation Failure)  43472K->932K(130560K), 0.0007870 secs]
11.785: [GC (Allocation Failure)  43428K->876K(130560K), 0.0006215 secs]
11.816: [GC (Allocation Failure)  43372K->876K(130560K), 0.0005439 secs]
11.848: [GC (Allocation Failure)  43372K->812K(130560K), 0.0005219 secs]
11.879: [GC (Allocation Failure)  43308K->976K(130560K), 0.0009393 secs]
11.911: [GC (Allocation Failure)  43472K->932K(130560K), 0.0007776 secs]
11.942: [GC (Allocation Failure)  43428K->892K(130560K), 0.0006665 secs]
11.973: [GC (Allocation Failure)  43388K->844K(130560K), 0.0005401 secs]
12.004: [GC (Allocation Failure)  43340K->976K(130560K), 0.0009470 secs]
12.035: [GC (Allocation Failure)  43472K->976K(130560K), 0.0008915 secs]
12.067: [GC (Allocation Failure)  43472K->900K(130560K), 0.0007820 secs]
12.098: [GC (Allocation Failure)  43396K->892K(130560K), 0.0006116 secs]
12.129: [GC (Allocation Failure)  43388K->876K(130560K), 0.0005918 secs]
12.160: [GC (Allocation Failure)  43372K->812K(130560K), 0.0005192 secs]
12.191: [GC (Allocation Failure)  43308K->995K(130560K), 0.0011197 secs]
12.223: [GC (Allocation Failure)  43491K->976K(130560K), 0.0009905 secs]
12.254: [GC (Allocation Failure)  43472K->932K(130560K), 0.0008128 secs]
12.286: [GC (Allocation Failure)  43428K->940K(130560K), 0.0007639 secs]
12.318: [GC (Allocation Failure)  43436K->876K(130560K), 0.0006165 secs]
12.349: [GC (Allocation Failure)  43372K->844K(130560K), 0.0005390 secs]
12.380: [GC (Allocation Failure)  43340K->976K(130560K), 0.0009333 secs]
12.412: [GC (Allocation Failure)  43472K->932K(130560K), 0.0007380 secs]
12.443: [GC (Allocation Failure)  43428K->876K(130560K), 0.0006457 secs]
12.474: [GC (Allocation Failure)  43372K->876K(130560K), 0.0005472 secs]
12.505: [GC (Allocation Failure)  43372K->844K(130560K), 0.0005588 secs]
12.536: [GC (Allocation Failure)  43340K->976K(130560K), 0.0009410 secs]
12.567: [GC (Allocation Failure)  43472K->940K(130560K), 0.0007699 secs]
12.599: [GC (Allocation Failure)  43436K->908K(130560K), 0.0007006 secs]
12.630: [GC (Allocation Failure)  43404K->876K(130560K), 0.0005637 secs]
12.660: [GC (Allocation Failure)  43372K->976K(130560K), 0.0009289 secs]
12.692: [GC (Allocation Failure)  43472K->976K(130560K), 0.0008722 secs]
12.723: [GC (Allocation Failure)  43472K->900K(130560K), 0.0006935 secs]
12.755: [GC (Allocation Failure)  43396K->876K(130560K), 0.0005434 secs]
12.786: [GC (Allocation Failure)  43372K->976K(130560K), 0.0009613 secs]
12.817: [GC (Allocation Failure)  43472K->976K(130560K), 0.0008898 secs]
12.848: [GC (Allocation Failure)  43472K->940K(130560K), 0.0008651 secs]
12.879: [GC (Allocation Failure)  43436K->876K(130560K), 0.0006462 secs]
12.911: [GC (Allocation Failure)  43372K->844K(130560K), 0.0005516 secs]
12.942: [GC (Allocation Failure)  43340K->976K(130560K), 0.0009355 secs]
12.973: [GC (Allocation Failure)  43472K->932K(130560K), 0.0007507 secs]
13.005: [GC (Allocation Failure)  43428K->892K(130560K), 0.0006028 secs]
13.036: [GC (Allocation Failure)  43388K->876K(130560K), 0.0005302 secs]
13.067: [GC (Allocation Failure)  43372K->844K(130560K), 0.0005236 secs]
13.098: [GC (Allocation Failure)  43340K->976K(130560K), 0.0009712 secs]
13.129: [GC (Allocation Failure)  43472K->932K(130560K), 0.0008068 secs]
13.160: [GC (Allocation Failure)  43428K->892K(130560K), 0.0006946 secs]
13.191: [GC (Allocation Failure)  43388K->844K(130560K), 0.0005637 secs]
13.222: [GC (Allocation Failure)  43340K->976K(130560K), 0.0009635 secs]
13.254: [GC (Allocation Failure)  43472K->976K(130560K), 0.0008821 secs]
13.286: [GC (Allocation Failure)  43472K->900K(130560K), 0.0007595 secs]
13.317: [GC (Allocation Failure)  43396K->892K(130560K), 0.0006369 secs]
13.349: [GC (Allocation Failure)  43388K->876K(130560K), 0.0005560 secs]
13.380: [GC (Allocation Failure)  43372K->812K(130560K), 0.0005109 secs]
13.411: [GC (Allocation Failure)  43308K->1027K(130560K), 0.0009954 secs]
13.442: [GC (Allocation Failure)  43523K->976K(130560K), 0.0010334 secs]
13.475: [GC (Allocation Failure)  43472K->932K(130560K), 0.0007914 secs]
13.507: [GC (Allocation Failure)  43428K->908K(130560K), 0.0011791 secs]
13.539: [GC (Allocation Failure)  43404K->876K(130560K), 0.0005879 secs]
13.570: [GC (Allocation Failure)  43372K->844K(130560K), 0.0005214 secs]
13.601: [GC (Allocation Failure)  43340K->976K(130560K), 0.0008788 secs]
13.633: [GC (Allocation Failure)  43472K->940K(130560K), 0.0007419 secs]
13.664: [GC (Allocation Failure)  43436K->892K(130560K), 0.0006231 secs]
13.695: [GC (Allocation Failure)  43388K->876K(130560K), 0.0005643 secs]
13.727: [GC (Allocation Failure)  43372K->844K(130560K), 0.0005192 secs]
13.759: [GC (Allocation Failure)  43340K->976K(130560K), 0.0013507 secs]
13.791: [GC (Allocation Failure)  43472K->908K(130560K), 0.0033399 secs]
13.825: [GC (Allocation Failure)  43404K->900K(130560K), 0.0007441 secs]
13.856: [GC (Allocation Failure)  43396K->876K(130560K), 0.0006132 secs]
13.887: [GC (Allocation Failure)  43372K->976K(130560K), 0.0009520 secs]
13.919: [GC (Allocation Failure)  43472K->944K(130560K), 0.0102419 secs]
13.959: [GC (Allocation Failure)  43440K->908K(130560K), 0.0007188 secs]
13.990: [GC (Allocation Failure)  43404K->876K(130560K), 0.0005555 secs]
14.022: [GC (Allocation Failure)  43372K->976K(130560K), 0.0009701 secs]
14.053: [GC (Allocation Failure)  43472K->976K(130560K), 0.0009041 secs]
14.084: [GC (Allocation Failure)  43472K->932K(130560K), 0.0007457 secs]
14.116: [GC (Allocation Failure)  43428K->876K(130560K), 0.0010620 secs]
14.148: [GC (Allocation Failure)  43372K->812K(130560K), 0.0180991 secs]
14.196: [GC (Allocation Failure)  43308K->976K(130560K), 0.0009124 secs]
14.228: [GC (Allocation Failure)  43472K->932K(130560K), 0.0007512 secs]
14.260: [GC (Allocation Failure)  43428K->892K(130560K), 0.0005967 secs]
14.291: [GC (Allocation Failure)  43388K->876K(130560K), 0.0005511 secs]
14.322: [GC (Allocation Failure)  43372K->844K(130560K), 0.0005186 secs]
14.353: [GC (Allocation Failure)  43340K->976K(130560K), 0.0009685 secs]
14.384: [GC (Allocation Failure)  43472K->932K(130560K), 0.0011010 secs]
14.416: [GC (Allocation Failure)  43428K->892K(130560K), 0.0006523 secs]
14.449: [GC (Allocation Failure)  43388K->844K(130560K), 0.0005670 secs]
14.480: [GC (Allocation Failure)  43340K->976K(130560K), 0.0009696 secs]
14.514: [GC (Allocation Failure)  43472K->976K(130560K), 0.0009234 secs]
14.547: [GC (Allocation Failure)  43472K->940K(130560K), 0.0007545 secs]
14.580: [GC (Allocation Failure)  43436K->876K(130560K), 0.0095643 secs]
14.621: [GC (Allocation Failure)  43372K->876K(130560K), 0.0005544 secs]
14.653: [GC (Allocation Failure)  43372K->812K(130560K), 0.0005038 secs]
14.685: [GC (Allocation Failure)  43308K->1027K(130560K), 0.0010169 secs]
14.717: [GC (Allocation Failure)  43523K->976K(130560K), 0.0009729 secs]
14.749: [GC (Allocation Failure)  43472K->932K(130560K), 0.0010609 secs]
14.783: [GC (Allocation Failure)  43428K->940K(130560K), 0.0009580 secs]
14.815: [GC (Allocation Failure)  43436K->876K(130560K), 0.0005874 secs]
14.847: [GC (Allocation Failure)  43372K->812K(130560K), 0.0005159 secs]
14.878: [GC (Allocation Failure)  43308K->976K(130560K), 0.0008909 secs]
14.910: [GC (Allocation Failure)  43472K->932K(130560K), 0.0007551 secs]
14.941: [GC (Allocation Failure)  43428K->892K(130560K), 0.0006094 secs]
14.972: [GC (Allocation Failure)  43388K->876K(130560K), 0.0005296 secs]
15.003: [GC (Allocation Failure)  43372K->844K(130560K), 0.0005203 secs]
15.034: [GC (Allocation Failure)  43340K->976K(130560K), 0.0009404 secs]
15.066: [GC (Allocation Failure)  43472K->940K(130560K), 0.0007507 secs]
15.098: [GC (Allocation Failure)  43436K->900K(130560K), 0.0006929 secs]
15.131: [GC (Allocation Failure)  43396K->876K(130560K), 0.0005709 secs]
15.163: [GC (Allocation Failure)  43372K->976K(130560K), 0.0014563 secs]
15.195: [GC (Allocation Failure)  43472K->976K(130560K), 0.0010911 secs]
15.227: [GC (Allocation Failure)  43472K->908K(130560K), 0.0007017 secs]
15.259: [GC (Allocation Failure)  43404K->876K(130560K), 0.0005412 secs]
15.291: [GC (Allocation Failure)  43372K->976K(130560K), 0.0010147 secs]
15.323: [GC (Allocation Failure)  43472K->976K(130560K), 0.0008607 secs]
15.355: [GC (Allocation Failure)  43472K->932K(130560K), 0.0007408 secs]
15.387: [GC (Allocation Failure)  43428K->876K(130560K), 0.0006220 secs]
15.419: [GC (Allocation Failure)  43372K->844K(130560K), 0.0005164 secs]
15.451: [GC (Allocation Failure)  43340K->976K(130560K), 0.0009740 secs]
15.483: [GC (Allocation Failure)  43472K->908K(130560K), 0.0068503 secs]
15.521: [GC (Allocation Failure)  43404K->892K(130560K), 0.0005945 secs]
15.552: [GC (Allocation Failure)  43388K->844K(130560K), 0.0005516 secs]
15.584: [GC (Allocation Failure)  43340K->844K(130560K), 0.0005489 secs]
15.615: [GC (Allocation Failure)  43340K->976K(130560K), 0.0009883 secs]
15.647: [GC (Allocation Failure)  43472K->908K(130560K), 0.0029005 secs]
15.680: [GC (Allocation Failure)  43404K->892K(130560K), 0.0021322 secs]
15.713: [GC (Allocation Failure)  43388K->844K(130560K), 0.0005219 secs]
15.744: [GC (Allocation Failure)  43340K->976K(130560K), 0.0009542 secs]
15.776: [GC (Allocation Failure)  43472K->944K(130560K), 0.0014519 secs]
15.808: [GC (Allocation Failure)  43440K->908K(130560K), 0.0183444 secs]
15.857: [GC (Allocation Failure)  43404K->876K(130560K), 0.0011104 secs]
15.888: [GC (Allocation Failure)  43372K->876K(130560K), 0.0005505 secs]
15.919: [GC (Allocation Failure)  43372K->812K(130560K), 0.0005076 secs]
15.951: [GC (Allocation Failure)  43308K->1027K(130560K), 0.0010356 secs]
15.983: [GC (Allocation Failure)  43523K->976K(130560K), 0.0022015 secs]
16.017: [GC (Allocation Failure)  43472K->932K(130560K), 0.0007881 secs]
16.048: [GC (Allocation Failure)  43428K->900K(130560K), 0.0007936 secs]
16.079: [GC (Allocation Failure)  43396K->844K(130560K), 0.0459958 secs]
16.156: [GC (Allocation Failure)  43340K->812K(130560K), 0.0005142 secs]
16.187: [GC (Allocation Failure)  43308K->944K(130560K), 0.0039339 secs]
16.225: [GC (Allocation Failure)  43440K->940K(130560K), 0.0007639 secs]
16.256: [GC (Allocation Failure)  43436K->892K(130560K), 0.0006149 secs]
16.288: [GC (Allocation Failure)  43388K->844K(130560K), 0.0018182 secs]
16.322: [GC (Allocation Failure)  43340K->844K(130560K), 0.0005577 secs]
16.353: [GC (Allocation Failure)  43340K->976K(130560K), 0.0009740 secs]
16.385: [GC (Allocation Failure)  43472K->940K(130560K), 0.0011736 secs]
16.416: [GC (Allocation Failure)  43436K->908K(130560K), 0.0186117 secs]
16.466: [GC (Allocation Failure)  43404K->844K(130560K), 0.0196792 secs]
16.517: [GC (Allocation Failure)  43340K->976K(130560K), 0.0023841 secs]
16.563: [GC (Allocation Failure)  43472K->976K(130560K), 0.0008816 secs]
16.594: [GC (Allocation Failure)  43472K->900K(130560K), 0.0007727 secs]
16.625: [GC (Allocation Failure)  43396K->876K(130560K), 0.0005544 secs]
16.658: [GC (Allocation Failure)  43372K->976K(130560K), 0.0015162 secs]
16.691: [GC (Allocation Failure)  43472K->976K(130560K), 0.0008442 secs]
16.722: [GC (Allocation Failure)  43472K->940K(130560K), 0.0007309 secs]
16.753: [GC (Allocation Failure)  43436K->876K(130560K), 0.0005841 secs]
16.784: [GC (Allocation Failure)  43372K->812K(130560K), 0.0005038 secs]
16.815: [GC (Allocation Failure)  43308K->976K(130560K), 0.0009135 secs]
16.846: [GC (Allocation Failure)  43472K->900K(130560K), 0.0007408 secs]
16.878: [GC (Allocation Failure)  43396K->892K(130560K), 0.0006088 secs]
16.909: [GC (Allocation Failure)  43388K->876K(130560K), 0.0005434 secs]
16.940: [GC (Allocation Failure)  43372K->844K(130560K), 0.0005192 secs]
16.970: [GC (Allocation Failure)  43340K->976K(130560K), 0.0010328 secs]
17.002: [GC (Allocation Failure)  43472K->932K(130560K), 0.0007677 secs]
17.033: [GC (Allocation Failure)  43428K->892K(130560K), 0.0006940 secs]
17.065: [GC (Allocation Failure)  43388K->844K(130560K), 0.0005428 secs]
17.096: [GC (Allocation Failure)  43340K->976K(130560K), 0.0014915 secs]
17.130: [GC (Allocation Failure)  43472K->944K(130560K), 0.0019639 secs]
17.166: [GC (Allocation Failure)  43440K->908K(130560K), 0.0037287 secs]
17.201: [GC (Allocation Failure)  43404K->876K(130560K), 0.0035467 secs]
17.243: [GC (Allocation Failure)  43372K->844K(130560K), 0.0016840 secs]
17.279: [GC (Allocation Failure)  43340K->812K(130560K), 0.0209149 secs]
17.333: [GC (Allocation Failure)  43308K->995K(130560K), 0.0021822 secs]
17.368: [GC (Allocation Failure)  43491K->976K(130560K), 0.0222117 secs]
17.423: [GC (Allocation Failure)  43472K->932K(130560K), 0.0020524 secs]
17.457: [GC (Allocation Failure)  43428K->900K(130560K), 0.0007353 secs]
17.490: [GC (Allocation Failure)  43396K->876K(130560K), 0.0005802 secs]
17.521: [GC (Allocation Failure)  43372K->844K(130560K), 0.0005153 secs]
17.553: [GC (Allocation Failure)  43340K->976K(130560K), 0.0013628 secs]
17.586: [GC (Allocation Failure)  43472K->932K(130560K), 0.0007595 secs]
17.618: [GC (Allocation Failure)  43428K->892K(130560K), 0.0006099 secs]
17.650: [GC (Allocation Failure)  43388K->876K(130560K), 0.0005351 secs]
17.682: [GC (Allocation Failure)  43372K->812K(130560K), 0.0009833 secs]
17.718: [GC (Allocation Failure)  43308K->976K(130560K), 0.0021668 secs]
17.751: [GC (Allocation Failure)  43472K->932K(130560K), 0.0008414 secs]
17.783: [GC (Allocation Failure)  43428K->908K(130560K), 0.0016592 secs]
17.816: [GC (Allocation Failure)  43404K->876K(130560K), 0.0005687 secs]
17.847: [GC (Allocation Failure)  43372K->976K(130560K), 0.0009393 secs]
17.879: [GC (Allocation Failure)  43472K->976K(130560K), 0.0008667 secs]
17.910: [GC (Allocation Failure)  43472K->900K(130560K), 0.0007237 secs]
17.941: [GC (Allocation Failure)  43396K->844K(130560K), 0.0141334 secs]
17.987: [GC (Allocation Failure)  43340K->976K(130560K), 0.0009525 secs]
18.019: [GC (Allocation Failure)  43472K->976K(130560K), 0.0008568 secs]
18.051: [GC (Allocation Failure)  43472K->932K(130560K), 0.0007578 secs]
18.083: [GC (Allocation Failure)  43428K->844K(130560K), 0.0010064 secs]
18.116: [GC (Allocation Failure)  43340K->844K(130560K), 0.0005137 secs]
18.148: [GC (Allocation Failure)  43340K->976K(130560K), 0.0015113 secs]
18.180: [GC (Allocation Failure)  43472K->932K(130560K), 0.0007771 secs]
18.212: [GC (Allocation Failure)  43428K->876K(130560K), 0.0006182 secs]
18.244: [GC (Allocation Failure)  43372K->876K(130560K), 0.0005318 secs]
18.275: [GC (Allocation Failure)  43372K->812K(130560K), 0.0005203 secs]
18.306: [GC (Allocation Failure)  43308K->976K(130560K), 0.0009635 secs]
18.338: [GC (Allocation Failure)  43472K->932K(130560K), 0.0007584 secs]
18.369: [GC (Allocation Failure)  43428K->892K(130560K), 0.0006621 secs]
18.400: [GC (Allocation Failure)  43388K->844K(130560K), 0.0005379 secs]
18.431: [GC (Allocation Failure)  43340K->976K(130560K), 0.0009767 secs]
18.463: [GC (Allocation Failure)  43472K->976K(130560K), 0.0009102 secs]
18.495: [GC (Allocation Failure)  43472K->932K(130560K), 0.0007457 secs]
18.526: [GC (Allocation Failure)  43428K->892K(130560K), 0.0006182 secs]
18.557: [GC (Allocation Failure)  43388K->876K(130560K), 0.0005615 secs]
18.589: [GC (Allocation Failure)  43372K->812K(130560K), 0.0005120 secs]
18.621: [GC (Allocation Failure)  43308K->1027K(130560K), 0.0009971 secs]
18.652: [GC (Allocation Failure)  43523K->976K(130560K), 0.0009690 secs]
18.684: [GC (Allocation Failure)  43472K->932K(130560K), 0.0008689 secs]
18.716: [GC (Allocation Failure)  43428K->940K(130560K), 0.0007815 secs]
18.748: [GC (Allocation Failure)  43436K->876K(130560K), 0.0005945 secs]
18.779: [GC (Allocation Failure)  43372K->844K(130560K), 0.0005241 secs]
18.810: [GC (Allocation Failure)  43340K->976K(130560K), 0.0009096 secs]
18.842: [GC (Allocation Failure)  43472K->932K(130560K), 0.0007485 secs]
18.873: [GC (Allocation Failure)  43428K->892K(130560K), 0.0006973 secs]
18.905: [GC (Allocation Failure)  43388K->876K(130560K), 0.0005412 secs]
18.936: [GC (Allocation Failure)  43372K->844K(130560K), 0.0005148 secs]
18.968: [GC (Allocation Failure)  43340K->976K(130560K), 0.0009289 secs]
19.000: [GC (Allocation Failure)  43472K->932K(130560K), 0.0008018 secs]
19.031: [GC (Allocation Failure)  43428K->908K(130560K), 0.0007331 secs]
19.063: [GC (Allocation Failure)  43404K->876K(130560K), 0.0005736 secs]
19.095: [GC (Allocation Failure)  43372K->976K(130560K), 0.0010917 secs]
19.126: [GC (Allocation Failure)  43472K->976K(130560K), 0.0009091 secs]
19.158: [GC (Allocation Failure)  43472K->900K(130560K), 0.0007012 secs]
19.189: [GC (Allocation Failure)  43396K->844K(130560K), 0.0008997 secs]
19.220: [GC (Allocation Failure)  43340K->976K(130560K), 0.0009778 secs]
19.252: [GC (Allocation Failure)  43472K->976K(130560K), 0.0008469 secs]
19.283: [GC (Allocation Failure)  43472K->932K(130560K), 0.0007358 secs]
19.314: [GC (Allocation Failure)  43428K->876K(130560K), 0.0005830 secs]
19.346: [GC (Allocation Failure)  43372K->844K(130560K), 0.0005494 secs]
19.376: [GC (Allocation Failure)  43340K->976K(130560K), 0.0010213 secs]
19.408: [GC (Allocation Failure)  43472K->932K(130560K), 0.0007265 secs]
19.439: [GC (Allocation Failure)  43428K->892K(130560K), 0.0006385 secs]
19.471: [GC (Allocation Failure)  43388K->876K(130560K), 0.0005797 secs]
19.502: [GC (Allocation Failure)  43372K->844K(130560K), 0.0005593 secs]
19.533: [GC (Allocation Failure)  43340K->976K(130560K), 0.0009635 secs]
19.564: [GC (Allocation Failure)  43472K->940K(130560K), 0.0007397 secs]
19.601: [GC (Allocation Failure)  43436K->892K(130560K), 0.0006632 secs]
19.633: [GC (Allocation Failure)  43388K->876K(130560K), 0.0019265 secs]
19.665: [GC (Allocation Failure)  43372K->976K(130560K), 0.0009470 secs]
19.697: [GC (Allocation Failure)  43472K->944K(130560K), 0.0020211 secs]
19.730: [GC (Allocation Failure)  43440K->932K(130560K), 0.0007320 secs]
19.762: [GC (Allocation Failure)  43428K->892K(130560K), 0.0005896 secs]
19.793: [GC (Allocation Failure)  43388K->844K(130560K), 0.0008717 secs]
19.825: [GC (Allocation Failure)  43340K->812K(130560K), 0.0008249 secs]
19.856: [GC (Allocation Failure)  43308K->1027K(130560K), 0.0024825 secs]
19.889: [GC (Allocation Failure)  43523K->976K(130560K), 0.0009278 secs]
19.921: [GC (Allocation Failure)  43472K->932K(130560K), 0.0007732 secs]
19.952: [GC (Allocation Failure)  43428K->940K(130560K), 0.0007617 secs]
19.983: [GC (Allocation Failure)  43436K->876K(130560K), 0.0005907 secs]
20.014: [GC (Allocation Failure)  43372K->812K(130560K), 0.0005467 secs]
20.046: [GC (Allocation Failure)  43308K->976K(130560K), 0.0009294 secs]
20.077: [GC (Allocation Failure)  43472K->940K(130560K), 0.0007441 secs]
20.108: [GC (Allocation Failure)  43436K->892K(130560K), 0.0006039 secs]
20.140: [GC (Allocation Failure)  43388K->876K(130560K), 0.0007424 secs]
20.171: [GC (Allocation Failure)  43372K->812K(130560K), 0.0006929 secs]
20.203: [GC (Allocation Failure)  43308K->976K(130560K), 0.0009201 secs]
20.234: [GC (Allocation Failure)  43472K->940K(130560K), 0.0007611 secs]
20.267: [GC (Allocation Failure)  43436K->900K(130560K), 0.0007045 secs]
20.298: [GC (Allocation Failure)  43396K->876K(130560K), 0.0005676 secs]
20.329: [GC (Allocation Failure)  43372K->976K(130560K), 0.0009393 secs]
20.361: [GC (Allocation Failure)  43472K->976K(130560K), 0.0008920 secs]
20.394: [GC (Allocation Failure)  43472K->908K(130560K), 0.0011186 secs]
20.426: [GC (Allocation Failure)  43404K->844K(130560K), 0.0006182 secs]
20.457: [GC (Allocation Failure)  43340K->1008K(130560K), 0.0009646 secs]
20.491: [GC (Allocation Failure)  43504K->944K(130560K), 0.0093636 secs]
20.531: [GC (Allocation Failure)  43440K->932K(130560K), 0.0007397 secs]
20.564: [GC (Allocation Failure)  43428K->876K(130560K), 0.0005835 secs]
20.596: [GC (Allocation Failure)  43372K->844K(130560K), 0.0005060 secs]
20.627: [GC (Allocation Failure)  43340K->976K(130560K), 0.0008629 secs]
20.659: [GC (Allocation Failure)  43472K->932K(130560K), 0.0007639 secs]
20.691: [GC (Allocation Failure)  43428K->860K(130560K), 0.0007138 secs]
20.723: [GC (Allocation Failure)  43356K->876K(130560K), 0.0005351 secs]
20.754: [GC (Allocation Failure)  43372K->844K(130560K), 0.0005219 secs]
20.786: [GC (Allocation Failure)  43340K->976K(130560K), 0.0010488 secs]
20.819: [GC (Allocation Failure)  43472K->940K(130560K), 0.0007446 secs]
20.850: [GC (Allocation Failure)  43436K->892K(130560K), 0.0006880 secs]
20.882: [GC (Allocation Failure)  43388K->844K(130560K), 0.0015498 secs]
20.914: [GC (Allocation Failure)  43340K->976K(130560K), 0.0009646 secs]
20.945: [GC (Allocation Failure)  43472K->976K(130560K), 0.0010345 secs]
20.976: [GC (Allocation Failure)  43472K->932K(130560K), 0.0007556 secs]
21.008: [GC (Allocation Failure)  43428K->876K(130560K), 0.0006160 secs]
21.039: [GC (Allocation Failure)  43372K->876K(130560K), 0.0005472 secs]
21.070: [GC (Allocation Failure)  43372K->812K(130560K), 0.0005346 secs]
21.101: [GC (Allocation Failure)  43308K->1027K(130560K), 0.0010928 secs]
21.133: [GC (Allocation Failure)  43523K->1008K(130560K), 0.0012253 secs]
21.164: [GC (Allocation Failure)  43504K->932K(130560K), 0.0008101 secs]
21.195: [GC (Allocation Failure)  43428K->908K(130560K), 0.0008002 secs]
21.227: [GC (Allocation Failure)  43404K->876K(130560K), 0.0006044 secs]
21.258: [GC (Allocation Failure)  43372K->812K(130560K), 0.0213763 secs]
21.311: [GC (Allocation Failure)  43308K->944K(130560K), 0.0375544 secs]
21.379: [GC (Allocation Failure)  43440K->908K(130560K), 0.0020348 secs]
21.412: [GC (Allocation Failure)  43404K->876K(130560K), 0.0039064 secs]
21.447: [GC (Allocation Failure)  43372K->876K(130560K), 0.0005357 secs]
21.478: [GC (Allocation Failure)  43372K->844K(130560K), 0.0005142 secs]
21.509: [GC (Allocation Failure)  43340K->976K(130560K), 0.0009377 secs]
21.540: [GC (Allocation Failure)  43472K->940K(130560K), 0.0007672 secs]
21.572: [GC (Allocation Failure)  43436K->900K(130560K), 0.0007171 secs]
21.603: [GC (Allocation Failure)  43396K->876K(130560K), 0.0005912 secs]
21.634: [GC (Allocation Failure)  43372K->976K(130560K), 0.0009877 secs]
21.665: [GC (Allocation Failure)  43472K->976K(130560K), 0.0008777 secs]
21.696: [GC (Allocation Failure)  43472K->900K(130560K), 0.0006946 secs]
21.727: [GC (Allocation Failure)  43396K->876K(130560K), 0.0005417 secs]
21.758: [GC (Allocation Failure)  43372K->976K(130560K), 0.0037821 secs]
21.793: [GC (Allocation Failure)  43472K->976K(130560K), 0.0010174 secs]
21.824: [GC (Allocation Failure)  43472K->932K(130560K), 0.0007496 secs]
21.855: [GC (Allocation Failure)  43428K->876K(130560K), 0.0005852 secs]
21.886: [GC (Allocation Failure)  43372K->844K(130560K), 0.0005126 secs]
21.917: [GC (Allocation Failure)  43340K->976K(130560K), 0.0009113 secs]
21.949: [GC (Allocation Failure)  43472K->932K(130560K), 0.0007419 secs]
21.980: [GC (Allocation Failure)  43428K->876K(130560K), 0.0008244 secs]
22.012: [GC (Allocation Failure)  43372K->876K(130560K), 0.0005434 secs]
22.044: [GC (Allocation Failure)  43372K->844K(130560K), 0.0005181 secs]
22.075: [GC (Allocation Failure)  43340K->976K(130560K), 0.0009531 secs]
22.106: [GC (Allocation Failure)  43472K->932K(130560K), 0.0008057 secs]
22.137: [GC (Allocation Failure)  43428K->892K(130560K), 0.0006638 secs]
22.168: [GC (Allocation Failure)  43388K->844K(130560K), 0.0005610 secs]
22.200: [GC (Allocation Failure)  43340K->976K(130560K), 0.0009487 secs]
22.234: [GC (Allocation Failure)  43472K->976K(130560K), 0.0009047 secs]
22.267: [GC (Allocation Failure)  43472K->908K(130560K), 0.0012413 secs]
22.300: [GC (Allocation Failure)  43404K->876K(130560K), 0.0008986 secs]
22.332: [GC (Allocation Failure)  43372K->876K(130560K), 0.0005874 secs]
22.364: [GC (Allocation Failure)  43372K->812K(130560K), 0.0005489 secs]
22.395: [GC (Allocation Failure)  43308K->1027K(130560K), 0.0029307 secs]
22.429: [GC (Allocation Failure)  43523K->976K(130560K), 0.0009437 secs]
22.461: [GC (Allocation Failure)  43472K->932K(130560K), 0.0007809 secs]
22.492: [GC (Allocation Failure)  43428K->908K(130560K), 0.0012578 secs]
22.524: [GC (Allocation Failure)  43404K->876K(130560K), 0.0005995 secs]
22.556: [GC (Allocation Failure)  43372K->812K(130560K), 0.0005472 secs]
22.587: [GC (Allocation Failure)  43308K->976K(130560K), 0.0009487 secs]
22.619: [GC (Allocation Failure)  43472K->940K(130560K), 0.0007380 secs]
22.650: [GC (Allocation Failure)  43436K->892K(130560K), 0.0006077 secs]
22.681: [GC (Allocation Failure)  43388K->876K(130560K), 0.0005665 secs]
22.712: [GC (Allocation Failure)  43372K->844K(130560K), 0.0005549 secs]
22.743: [GC (Allocation Failure)  43340K->976K(130560K), 0.0009443 secs]
22.776: [GC (Allocation Failure)  43472K->908K(130560K), 0.0011786 secs]
22.808: [GC (Allocation Failure)  43404K->900K(130560K), 0.0007017 secs]
22.839: [GC (Allocation Failure)  43396K->876K(130560K), 0.0005687 secs]
22.871: [GC (Allocation Failure)  43372K->976K(130560K), 0.0076048 secs]
22.915: [GC (Allocation Failure)  43472K->976K(130560K), 0.0194988 secs]
22.965: [GC (Allocation Failure)  43472K->900K(130560K), 0.0006803 secs]
22.996: [GC (Allocation Failure)  43396K->844K(130560K), 0.0005423 secs]
23.028: [GC (Allocation Failure)  43340K->1008K(130560K), 0.0009569 secs]
23.059: [GC (Allocation Failure)  43504K->976K(130560K), 0.0012407 secs]
23.091: [GC (Allocation Failure)  43472K->932K(130560K), 0.0007661 secs]
23.122: [GC (Allocation Failure)  43428K->876K(130560K), 0.0006099 secs]
23.154: [GC (Allocation Failure)  43372K->812K(130560K), 0.0013573 secs]
23.193: [GC (Allocation Failure)  43308K->1008K(130560K), 0.0017709 secs]
23.401: [GC (Allocation Failure)  43504K->900K(130560K), 0.0007688 secs]
23.434: [GC (Allocation Failure)  43396K->892K(130560K), 0.0006061 secs]
23.465: [GC (Allocation Failure)  43388K->844K(130560K), 0.0005511 secs]
23.498: [GC (Allocation Failure)  43340K->844K(130560K), 0.0006017 secs]
23.531: [GC (Allocation Failure)  43340K->1008K(130560K), 0.0010691 secs]
23.563: [GC (Allocation Failure)  43504K->932K(130560K), 0.0008381 secs]
23.595: [GC (Allocation Failure)  43428K->892K(130560K), 0.0006803 secs]
23.626: [GC (Allocation Failure)  43388K->844K(130560K), 0.0005395 secs]
23.658: [GC (Allocation Failure)  43340K->976K(130560K), 0.0009602 secs]
23.691: [GC (Allocation Failure)  43472K->976K(130560K), 0.0009388 secs]
23.723: [GC (Allocation Failure)  43472K->940K(130560K), 0.0007281 secs]
23.754: [GC (Allocation Failure)  43436K->892K(130560K), 0.0006270 secs]
23.788: [GC (Allocation Failure)  43388K->876K(130560K), 0.0005830 secs]
23.820: [GC (Allocation Failure)  43372K->812K(130560K), 0.0005225 secs]
23.876: [GC (Allocation Failure)  43308K->1027K(130560K), 0.0012715 secs]
23.909: [GC (Allocation Failure)  43523K->976K(130560K), 0.0009465 secs]
23.941: [GC (Allocation Failure)  43472K->932K(130560K), 0.0007782 secs]
23.972: [GC (Allocation Failure)  43428K->900K(130560K), 0.0007254 secs]
24.004: [GC (Allocation Failure)  43396K->876K(130560K), 0.0005791 secs]
24.035: [GC (Allocation Failure)  43372K->844K(130560K), 0.0005164 secs]
24.073: [GC (Allocation Failure)  43340K->944K(130560K), 0.0907272 secs]
24.194: [GC (Allocation Failure)  43440K->932K(130560K), 0.0007430 secs]
24.226: [GC (Allocation Failure)  43428K->876K(130560K), 0.0031546 secs]
24.260: [GC (Allocation Failure)  43372K->876K(130560K), 0.0006314 secs]
24.291: [GC (Allocation Failure)  43372K->812K(130560K), 0.0005043 secs]
24.323: [GC (Allocation Failure)  43308K->1008K(130560K), 0.0009916 secs]
24.361: [GC (Allocation Failure)  43504K->908K(130560K), 0.0290213 secs]
24.422: [GC (Allocation Failure)  43404K->900K(130560K), 0.0006885 secs]
24.453: [GC (Allocation Failure)  43396K->844K(130560K), 0.0035709 secs]
24.493: [GC (Allocation Failure)  43340K->976K(130560K), 0.0173693 secs]
24.666: [GC (Allocation Failure)  43472K->944K(130560K), 0.0541489 secs]
24.782: [GC (Allocation Failure)  43440K->908K(130560K), 0.0285181 secs]
24.870: [GC (Allocation Failure)  43404K->844K(130560K), 0.2676152 secs]
25.209: [GC (Allocation Failure)  43340K->976K(130560K), 0.0412436 secs]
25.283: [GC (Allocation Failure)  43472K->944K(130560K), 0.0066270 secs]
25.323: [GC (Allocation Failure)  43440K->908K(130560K), 0.0206377 secs]
25.378: [GC (Allocation Failure)  43404K->844K(130560K), 0.0197715 secs]
25.432: [GC (Allocation Failure)  43340K->812K(130560K), 0.0110949 secs]
25.474: [GC (Allocation Failure)  43308K->976K(130560K), 0.0008948 secs]
25.505: [GC (Allocation Failure)  43472K->908K(130560K), 0.0007287 secs]
25.537: [GC (Allocation Failure)  43404K->876K(130560K), 0.0006385 secs]
25.568: [GC (Allocation Failure)  43372K->844K(130560K), 0.0013248 secs]
25.600: [GC (Allocation Failure)  43340K->844K(130560K), 0.0005159 secs]
25.631: [GC (Allocation Failure)  43340K->1008K(130560K), 0.0011065 secs]
25.663: [GC (Allocation Failure)  43504K->932K(130560K), 0.0007501 secs]
25.695: [GC (Allocation Failure)  43428K->892K(130560K), 0.0007534 secs]
25.726: [GC (Allocation Failure)  43388K->844K(130560K), 0.0005274 secs]
25.769: [GC (Allocation Failure)  43340K->976K(130560K), 0.0017258 secs]
25.805: [GC (Allocation Failure)  43472K->944K(130560K), 0.0196891 secs]
25.856: [GC (Allocation Failure)  43440K->908K(130560K), 0.0013292 secs]
25.889: [GC (Allocation Failure)  43404K->876K(130560K), 0.0006578 secs]
25.921: [GC (Allocation Failure)  43372K->876K(130560K), 0.0005808 secs]
25.953: [GC (Allocation Failure)  43372K->812K(130560K), 0.0005285 secs]
25.984: [GC (Allocation Failure)  43308K->1027K(130560K), 0.0010273 secs]
26.016: [GC (Allocation Failure)  43523K->976K(130560K), 0.0009399 secs]
26.048: [GC (Allocation Failure)  43472K->964K(130560K), 0.0007985 secs]
26.079: [GC (Allocation Failure)  43460K->908K(130560K), 0.0007237 secs]
26.144: [GC (Allocation Failure)  43404K->844K(130560K), 0.0048990 secs]
26.180: [GC (Allocation Failure)  43340K->812K(130560K), 0.0006792 secs]
26.213: [GC (Allocation Failure)  43308K->976K(130560K), 0.0008860 secs]
26.246: [GC (Allocation Failure)  43472K->932K(130560K), 0.0007727 secs]
26.277: [GC (Allocation Failure)  43428K->892K(130560K), 0.0006028 secs]
26.308: [GC (Allocation Failure)  43388K->876K(130560K), 0.0006149 secs]
26.340: [GC (Allocation Failure)  43372K->812K(130560K), 0.0006968 secs]
26.374: [GC (Allocation Failure)  43308K->976K(130560K), 0.0016356 secs]
26.407: [GC (Allocation Failure)  43472K->932K(130560K), 0.0008348 secs]
26.440: [GC (Allocation Failure)  43428K->900K(130560K), 0.0007221 secs]
26.471: [GC (Allocation Failure)  43396K->876K(130560K), 0.0005731 secs]
26.502: [GC (Allocation Failure)  43372K->976K(130560K), 0.0009778 secs]
26.533: [GC (Allocation Failure)  43472K->976K(130560K), 0.0008838 secs]
26.565: [GC (Allocation Failure)  43472K->900K(130560K), 0.0006918 secs]
26.596: [GC (Allocation Failure)  43396K->876K(130560K), 0.0005340 secs]
26.627: [GC (Allocation Failure)  43372K->976K(130560K), 0.0009597 secs]
26.659: [GC (Allocation Failure)  43472K->976K(130560K), 0.0009382 secs]
26.690: [GC (Allocation Failure)  43472K->932K(130560K), 0.0007947 secs]
26.722: [GC (Allocation Failure)  43428K->876K(130560K), 0.0005989 secs]
26.753: [GC (Allocation Failure)  43372K->812K(130560K), 0.0005351 secs]
26.784: [GC (Allocation Failure)  43308K->976K(130560K), 0.0009267 secs]
26.816: [GC (Allocation Failure)  43472K->940K(130560K), 0.0007364 secs]
26.848: [GC (Allocation Failure)  43436K->892K(130560K), 0.0006072 secs]
26.879: [GC (Allocation Failure)  43388K->844K(130560K), 0.0005604 secs]
26.910: [GC (Allocation Failure)  43340K->812K(130560K), 0.0005192 secs]
26.942: [GC (Allocation Failure)  43308K->976K(130560K), 0.0009569 secs]
26.974: [GC (Allocation Failure)  43472K->940K(130560K), 0.0007463 secs]
27.005: [GC (Allocation Failure)  43436K->892K(130560K), 0.0006638 secs]
27.037: [GC (Allocation Failure)  43388K->844K(130560K), 0.0007171 secs]
27.068: [GC (Allocation Failure)  43340K->976K(130560K), 0.0010449 secs]
27.101: [GC (Allocation Failure)  43472K->976K(130560K), 0.0010328 secs]
27.133: [GC (Allocation Failure)  43472K->908K(130560K), 0.0176817 secs]
27.182: [GC (Allocation Failure)  43404K->876K(130560K), 0.0006209 secs]
27.213: [GC (Allocation Failure)  43372K->876K(130560K), 0.0007160 secs]
27.245: [GC (Allocation Failure)  43372K->812K(130560K), 0.0005351 secs]
27.283: [GC (Allocation Failure)  43308K->1027K(130560K), 0.0010114 secs]
27.315: [GC (Allocation Failure)  43523K->976K(130560K), 0.0009696 secs]
27.346: [GC (Allocation Failure)  43472K->932K(130560K), 0.0007969 secs]
27.378: [GC (Allocation Failure)  43428K->900K(130560K), 0.0007892 secs]
27.410: [GC (Allocation Failure)  43396K->876K(130560K), 0.0005940 secs]
27.441: [GC (Allocation Failure)  43372K->844K(130560K), 0.0005159 secs]
27.472: [GC (Allocation Failure)  43340K->976K(130560K), 0.0009069 secs]
27.504: [GC (Allocation Failure)  43472K->932K(130560K), 0.0007518 secs]
27.535: [GC (Allocation Failure)  43428K->892K(130560K), 0.0006132 secs]
27.566: [GC (Allocation Failure)  43388K->876K(130560K), 0.0005313 secs]
27.598: [GC (Allocation Failure)  43372K->812K(130560K), 0.0005071 secs]
27.629: [GC (Allocation Failure)  43308K->976K(130560K), 0.0009355 secs]
27.660: [GC (Allocation Failure)  43472K->932K(130560K), 0.0008035 secs]
27.691: [GC (Allocation Failure)  43428K->908K(130560K), 0.0007056 secs]
27.722: [GC (Allocation Failure)  43404K->876K(130560K), 0.0006039 secs]
27.754: [GC (Allocation Failure)  43372K->976K(130560K), 0.0009547 secs]
27.785: [GC (Allocation Failure)  43472K->976K(130560K), 0.0008920 secs]
27.818: [GC (Allocation Failure)  43472K->900K(130560K), 0.0007336 secs]
27.849: [GC (Allocation Failure)  43396K->844K(130560K), 0.0211244 secs]
27.902: [GC (Allocation Failure)  43340K->976K(130560K), 0.0009971 secs]
27.934: [GC (Allocation Failure)  43472K->944K(130560K), 0.0017604 secs]
27.967: [GC (Allocation Failure)  43440K->940K(130560K), 0.0007721 secs]
27.999: [GC (Allocation Failure)  43436K->876K(130560K), 0.0005835 secs]
28.031: [GC (Allocation Failure)  43372K->844K(130560K), 0.0005291 secs]
28.064: [GC (Allocation Failure)  43340K->976K(130560K), 0.0009014 secs]
28.096: [GC (Allocation Failure)  43472K->908K(130560K), 0.0007413 secs]
28.127: [GC (Allocation Failure)  43404K->892K(130560K), 0.0006006 secs]
28.170: [GC (Allocation Failure)  43388K->844K(130560K), 0.0592530 secs]
28.285: [GC (Allocation Failure)  43340K->812K(130560K), 0.0012924 secs]
28.336: [GC (Allocation Failure)  43308K->976K(130560K), 0.0202264 secs]
28.389: [GC (Allocation Failure)  43472K->908K(130560K), 0.0021492 secs]
28.424: [GC (Allocation Failure)  43404K->892K(130560K), 0.0006803 secs]
28.457: [GC (Allocation Failure)  43388K->844K(130560K), 0.0005445 secs]
28.488: [GC (Allocation Failure)  43340K->1008K(130560K), 0.0009817 secs]
28.520: [GC (Allocation Failure)  43504K->976K(130560K), 0.0009168 secs]
28.553: [GC (Allocation Failure)  43472K->908K(130560K), 0.0007474 secs]
28.585: [GC (Allocation Failure)  43404K->876K(130560K), 0.0008733 secs]
28.618: [GC (Allocation Failure)  43372K->844K(130560K), 0.0085123 secs]
28.658: [GC (Allocation Failure)  43340K->812K(130560K), 0.0005192 secs]
28.690: [GC (Allocation Failure)  43308K->1027K(130560K), 0.0010075 secs]
28.737: [GC (Allocation Failure)  43523K->976K(130560K), 0.0010361 secs]
28.777: [GC (Allocation Failure)  43472K->932K(130560K), 0.0020761 secs]
28.813: [GC (Allocation Failure)  43428K->908K(130560K), 0.0008893 secs]
28.846: [GC (Allocation Failure)  43404K->876K(130560K), 0.0007820 secs]
28.878: [GC (Allocation Failure)  43372K->812K(130560K), 0.0005505 secs]
28.913: [GC (Allocation Failure)  43308K->976K(130560K), 0.0008728 secs]
28.945: [GC (Allocation Failure)  43472K->932K(130560K), 0.0007573 secs]
28.976: [GC (Allocation Failure)  43428K->876K(130560K), 0.0011621 secs]
29.009: [GC (Allocation Failure)  43372K->844K(130560K), 0.0009707 secs]
29.040: [GC (Allocation Failure)  43340K->844K(130560K), 0.0005153 secs]
29.089: [GC (Allocation Failure)  43340K->976K(130560K), 0.0034372 secs]
29.222: [GC (Allocation Failure)  43472K->908K(130560K), 0.0343927 secs]
29.291: [GC (Allocation Failure)  43404K->908K(130560K), 0.0290290 secs]
29.357: [GC (Allocation Failure)  43404K->844K(130560K), 0.0386329 secs]
29.427: [GC (Allocation Failure)  43340K->976K(130560K), 0.0020524 secs]
29.460: [GC (Allocation Failure)  43472K->976K(130560K), 0.0008772 secs]
29.491: [GC (Allocation Failure)  43472K->900K(130560K), 0.0006836 secs]
29.523: [GC (Allocation Failure)  43396K->876K(130560K), 0.0005307 secs]
29.556: [GC (Allocation Failure)  43372K->976K(130560K), 0.0016774 secs]
29.591: [GC (Allocation Failure)  43472K->944K(130560K), 0.0580107 secs]
29.681: [GC (Allocation Failure)  43440K->908K(130560K), 0.0260598 secs]
29.738: [GC (Allocation Failure)  43404K->844K(130560K), 0.0021124 secs]
29.775: [GC (Allocation Failure)  43340K->812K(130560K), 0.0260510 secs]
29.843: [GC (Allocation Failure)  43308K->976K(130560K), 0.0206361 secs]
29.907: [GC (Allocation Failure)  43472K->908K(130560K), 0.0017247 secs]
29.944: [GC (Allocation Failure)  43404K->876K(130560K), 0.0007556 secs]
29.976: [GC (Allocation Failure)  43372K->844K(130560K), 0.0006248 secs]
30.008: [GC (Allocation Failure)  43340K->844K(130560K), 0.0005291 secs]
30.039: [GC (Allocation Failure)  43340K->1008K(130560K), 0.0011555 secs]
30.071: [GC (Allocation Failure)  43504K->940K(130560K), 0.0007402 secs]
30.102: [GC (Allocation Failure)  43436K->892K(130560K), 0.0007254 secs]
30.134: [GC (Allocation Failure)  43388K->844K(130560K), 0.0005445 secs]
30.165: [GC (Allocation Failure)  43340K->976K(130560K), 0.0011604 secs]
30.197: [GC (Allocation Failure)  43472K->976K(130560K), 0.0008887 secs]
30.229: [GC (Allocation Failure)  43472K->932K(130560K), 0.0007490 secs]
30.260: [GC (Allocation Failure)  43428K->876K(130560K), 0.0011005 secs]
30.293: [GC (Allocation Failure)  43372K->844K(130560K), 0.0010213 secs]
30.326: [GC (Allocation Failure)  43340K->812K(130560K), 0.0008079 secs]
30.358: [GC (Allocation Failure)  43308K->1027K(130560K), 0.0011626 secs]
30.390: [GC (Allocation Failure)  43523K->976K(130560K), 0.0009954 secs]
30.424: [GC (Allocation Failure)  43472K->932K(130560K), 0.0007864 secs]
30.456: [GC (Allocation Failure)  43428K->932K(130560K), 0.0007331 secs]
30.487: [GC (Allocation Failure)  43428K->876K(130560K), 0.0005841 secs]
30.519: [GC (Allocation Failure)  43372K->844K(130560K), 0.0005208 secs]
30.550: [GC (Allocation Failure)  43340K->976K(130560K), 0.0142714 secs]
30.631: [GC (Allocation Failure)  43472K->908K(130560K), 0.0012022 secs]
30.663: [GC (Allocation Failure)  43404K->876K(130560K), 0.0116322 secs]
30.709: [GC (Allocation Failure)  43372K->844K(130560K), 0.0200273 secs]
30.787: [GC (Allocation Failure)  43340K->844K(130560K), 0.0006885 secs]
30.818: [GC (Allocation Failure)  43340K->976K(130560K), 0.0009553 secs]
30.927: [GC (Allocation Failure)  43472K->908K(130560K), 0.0768066 secs]
31.036: [GC (Allocation Failure)  43404K->908K(130560K), 0.0006825 secs]
31.068: [GC (Allocation Failure)  43404K->844K(130560K), 0.0008915 secs]
31.100: [GC (Allocation Failure)  43340K->976K(130560K), 0.0013018 secs]
31.133: [GC (Allocation Failure)  43472K->976K(130560K), 0.0009256 secs]
31.165: [GC (Allocation Failure)  43472K->900K(130560K), 0.0007039 secs]
31.196: [GC (Allocation Failure)  43396K->844K(130560K), 0.0046840 secs]
31.231: [GC (Allocation Failure)  43340K->976K(130560K), 0.0009602 secs]
31.263: [GC (Allocation Failure)  43472K->976K(130560K), 0.0008948 secs]
31.295: [GC (Allocation Failure)  43472K->908K(130560K), 0.0010097 secs]
31.327: [GC (Allocation Failure)  43404K->876K(130560K), 0.0005945 secs]
31.360: [GC (Allocation Failure)  43372K->812K(130560K), 0.0011137 secs]
31.392: [GC (Allocation Failure)  43308K->976K(130560K), 0.0011379 secs]
31.423: [GC (Allocation Failure)  43472K->940K(130560K), 0.0007276 secs]
31.455: [GC (Allocation Failure)  43436K->892K(130560K), 0.0006451 secs]
31.486: [GC (Allocation Failure)  43388K->876K(130560K), 0.0005379 secs]
31.517: [GC (Allocation Failure)  43372K->844K(130560K), 0.0005280 secs]
31.549: [GC (Allocation Failure)  43340K->976K(130560K), 0.0009806 secs]
31.580: [GC (Allocation Failure)  43472K->940K(130560K), 0.0007424 secs]
31.611: [GC (Allocation Failure)  43436K->892K(130560K), 0.0007138 secs]
31.642: [GC (Allocation Failure)  43388K->844K(130560K), 0.0005626 secs]
31.674: [GC (Allocation Failure)  43340K->976K(130560K), 0.0009685 secs]
31.705: [GC (Allocation Failure)  43472K->976K(130560K), 0.0009289 secs]
31.737: [GC (Allocation Failure)  43472K->932K(130560K), 0.0007716 secs]
31.768: [GC (Allocation Failure)  43428K->892K(130560K), 0.0006341 secs]
31.800: [GC (Allocation Failure)  43388K->876K(130560K), 0.0005637 secs]
31.831: [GC (Allocation Failure)  43372K->812K(130560K), 0.0005164 secs]
31.862: [GC (Allocation Failure)  43308K->1027K(130560K), 0.0010004 secs]
31.894: [GC (Allocation Failure)  43523K->976K(130560K), 0.0009872 secs]
31.926: [GC (Allocation Failure)  43472K->932K(130560K), 0.0007919 secs]
31.957: [GC (Allocation Failure)  43428K->908K(130560K), 0.0034108 secs]
31.991: [GC (Allocation Failure)  43404K->876K(130560K), 0.0005879 secs]
32.022: [GC (Allocation Failure)  43372K->844K(130560K), 0.0005175 secs]
32.054: [GC (Allocation Failure)  43340K->976K(130560K), 0.0008860 secs]
32.085: [GC (Allocation Failure)  43472K->940K(130560K), 0.0008931 secs]
32.116: [GC (Allocation Failure)  43436K->876K(130560K), 0.0006539 secs]
32.149: [GC (Allocation Failure)  43372K->876K(130560K), 0.0005395 secs]
32.181: [GC (Allocation Failure)  43372K->812K(130560K), 0.0008398 secs]
32.213: [GC (Allocation Failure)  43308K->976K(130560K), 0.0009767 secs]
32.245: [GC (Allocation Failure)  43472K->932K(130560K), 0.0007820 secs]
32.276: [GC (Allocation Failure)  43428K->900K(130560K), 0.0007391 secs]
32.307: [GC (Allocation Failure)  43396K->876K(130560K), 0.0005835 secs]
32.339: [GC (Allocation Failure)  43372K->976K(130560K), 0.0009679 secs]
32.371: [GC (Allocation Failure)  43472K->976K(130560K), 0.0008904 secs]
32.406: [GC (Allocation Failure)  43472K->908K(130560K), 0.1190539 secs]
32.559: [GC (Allocation Failure)  43404K->844K(130560K), 0.0064692 secs]
32.606: [GC (Allocation Failure)  43340K->976K(130560K), 0.0013117 secs]
32.649: [GC (Allocation Failure)  43472K->976K(130560K), 0.0009575 secs]
32.695: [GC (Allocation Failure)  43472K->940K(130560K), 0.0016119 secs]
32.731: [GC (Allocation Failure)  43436K->876K(130560K), 0.0006198 secs]
32.763: [GC (Allocation Failure)  43372K->812K(130560K), 0.0020502 secs]
32.798: [GC (Allocation Failure)  43308K->976K(130560K), 0.0009201 secs]
32.831: [GC (Allocation Failure)  43472K->940K(130560K), 0.0007369 secs]
32.863: [GC (Allocation Failure)  43436K->876K(130560K), 0.0006391 secs]
32.895: [GC (Allocation Failure)  43372K->844K(130560K), 0.0017368 secs]
32.929: [GC (Allocation Failure)  43340K->812K(130560K), 0.0022147 secs]
32.965: [GC (Allocation Failure)  43308K->1008K(130560K), 0.0015063 secs]
32.999: [GC (Allocation Failure)  43504K->908K(130560K), 0.0014893 secs]
33.034: [GC (Allocation Failure)  43404K->892K(130560K), 0.0006556 secs]
33.067: [GC (Allocation Failure)  43388K->844K(130560K), 0.0008607 secs]
33.099: [GC (Allocation Failure)  43340K->1008K(130560K), 0.0012677 secs]
33.132: [GC (Allocation Failure)  43504K->976K(130560K), 0.0008926 secs]
33.165: [GC (Allocation Failure)  43472K->932K(130560K), 0.0007551 secs]
33.197: [GC (Allocation Failure)  43428K->876K(130560K), 0.0006160 secs]
33.229: [GC (Allocation Failure)  43372K->876K(130560K), 0.0005615 secs]
33.266: [GC (Allocation Failure)  43372K->812K(130560K), 0.0005291 secs]
33.303: [GC (Allocation Failure)  43308K->995K(130560K), 0.0032123 secs]
33.340: [GC (Allocation Failure)  43491K->976K(130560K), 0.0009839 secs]
33.371: [GC (Allocation Failure)  43472K->932K(130560K), 0.0008805 secs]
33.404: [GC (Allocation Failure)  43428K->932K(130560K), 0.0007688 secs]
33.436: [GC (Allocation Failure)  43428K->876K(130560K), 0.0005896 secs]
33.468: [GC (Allocation Failure)  43372K->812K(130560K), 0.0005126 secs]
33.502: [GC (Allocation Failure)  43308K->976K(130560K), 0.0009019 secs]
33.535: [GC (Allocation Failure)  43472K->932K(130560K), 0.0008557 secs]
33.568: [GC (Allocation Failure)  43428K->892K(130560K), 0.0006237 secs]
33.600: [GC (Allocation Failure)  43388K->876K(130560K), 0.0005731 secs]
33.632: [GC (Allocation Failure)  43372K->812K(130560K), 0.0005186 secs]
33.664: [GC (Allocation Failure)  43308K->976K(130560K), 0.0010587 secs]
33.697: [GC (Allocation Failure)  43472K->932K(130560K), 0.0007798 secs]
33.729: [GC (Allocation Failure)  43428K->900K(130560K), 0.0007980 secs]
33.761: [GC (Allocation Failure)  43396K->876K(130560K), 0.0008216 secs]
33.793: [GC (Allocation Failure)  43372K->1008K(130560K), 0.0015184 secs]
33.825: [GC (Allocation Failure)  43504K->944K(130560K), 0.0012099 secs]
33.857: [GC (Allocation Failure)  43440K->900K(130560K), 0.0007369 secs]
33.891: [GC (Allocation Failure)  43396K->876K(130560K), 0.0005555 secs]
33.923: [GC (Allocation Failure)  43372K->976K(130560K), 0.0009597 secs]
33.955: [GC (Allocation Failure)  43472K->976K(130560K), 0.0008728 secs]
33.987: [GC (Allocation Failure)  43472K->932K(130560K), 0.0007270 secs]
34.024: [GC (Allocation Failure)  43428K->876K(130560K), 0.0005780 secs]
34.055: [GC (Allocation Failure)  43372K->844K(130560K), 0.0005093 secs]
34.086: [GC (Allocation Failure)  43340K->976K(130560K), 0.0009190 secs]
34.120: [GC (Allocation Failure)  43472K->932K(130560K), 0.0007694 secs]
34.152: [GC (Allocation Failure)  43428K->892K(130560K), 0.0006539 secs]
34.183: [GC (Allocation Failure)  43388K->876K(130560K), 0.0005406 secs]
34.216: [GC (Allocation Failure)  43372K->812K(130560K), 0.0005175 secs]
34.249: [GC (Allocation Failure)  43308K->976K(130560K), 0.0010328 secs]
34.281: [GC (Allocation Failure)  43472K->940K(130560K), 0.0007666 secs]
34.314: [GC (Allocation Failure)  43436K->892K(130560K), 0.0006775 secs]
34.345: [GC (Allocation Failure)  43388K->844K(130560K), 0.0005577 secs]
34.377: [GC (Allocation Failure)  43340K->1008K(130560K), 0.0009784 secs]
34.409: [GC (Allocation Failure)  43504K->976K(130560K), 0.0008893 secs]
34.440: [GC (Allocation Failure)  43472K->932K(130560K), 0.0008805 secs]
34.472: [GC (Allocation Failure)  43428K->876K(130560K), 0.0005967 secs]
34.505: [GC (Allocation Failure)  43372K->876K(130560K), 0.0005786 secs]
34.537: [GC (Allocation Failure)  43372K->812K(130560K), 0.0005296 secs]
34.568: [GC (Allocation Failure)  43308K->1027K(130560K), 0.0010191 secs]
34.599: [GC (Allocation Failure)  43523K->976K(130560K), 0.0009564 secs]
34.633: [GC (Allocation Failure)  43472K->932K(130560K), 0.0007754 secs]
34.664: [GC (Allocation Failure)  43428K->900K(130560K), 0.0007611 secs]
34.695: [GC (Allocation Failure)  43396K->876K(130560K), 0.0006105 secs]
34.727: [GC (Allocation Failure)  43372K->812K(130560K), 0.0005483 secs]
34.760: [GC (Allocation Failure)  43308K->976K(130560K), 0.0009756 secs]
34.792: [GC (Allocation Failure)  43472K->932K(130560K), 0.0007765 secs]
34.823: [GC (Allocation Failure)  43428K->892K(130560K), 0.0006215 secs]
34.854: [GC (Allocation Failure)  43388K->876K(130560K), 0.0005417 secs]
34.886: [GC (Allocation Failure)  43372K->812K(130560K), 0.0005274 secs]
34.917: [GC (Allocation Failure)  43308K->976K(130560K), 0.0009525 secs]
34.948: [GC (Allocation Failure)  43472K->940K(130560K), 0.0009553 secs]
34.980: [GC (Allocation Failure)  43436K->900K(130560K), 0.0007732 secs]
35.012: [GC (Allocation Failure)  43396K->876K(130560K), 0.0005714 secs]
35.043: [GC (Allocation Failure)  43372K->976K(130560K), 0.0009459 secs]
35.075: [GC (Allocation Failure)  43472K->976K(130560K), 0.0009267 secs]
35.106: [GC (Allocation Failure)  43472K->900K(130560K), 0.0006957 secs]
35.140: [GC (Allocation Failure)  43396K->844K(130560K), 0.0005813 secs]
35.171: [GC (Allocation Failure)  43340K->976K(130560K), 0.0009608 secs]
