Java HotSpot(TM) 64-Bit Server VM (25.171-b11) for windows-amd64 JRE (1.8.0_171-b11), built on Mar 28 2018 16:06:12 by "java_re" with MS VC++ 10.0 (VS2010)
Memory: 4k page, physical 4040884k(1321920k free), swap 8079908k(4075040k free)
CommandLine flags: -XX:+HeapDumpOnOutOfMemoryError -XX:HeapDumpPath=./HW05-gc/dump/SGC_dump -XX:InitialHeapSize=16777216 -XX:MaxHeapSize=16777216 -XX:+PrintGC -XX:+PrintGCTimeStamps -XX:+UseCompressedClassPointers -XX:+UseCompressedOops -XX:-UseLargePagesIndividualAllocation -XX:+UseSerialGC 
0.636: [GC (Allocation Failure)  4416K->835K(15872K), 0.0048050 secs]
0.662: [GC (Allocation Failure)  5251K->840K(15872K), 0.0044998 secs]
0.692: [GC (Allocation Failure)  5256K->840K(15872K), 0.0147994 secs]
0.712: [GC (Allocation Failure)  5256K->840K(15872K), 0.0007749 secs]
0.717: [GC (Allocation Failure)  5256K->840K(15872K), 0.0007985 secs]
0.721: [GC (Allocation Failure)  5256K->840K(15872K), 0.0007738 secs]
0.725: [GC (Allocation Failure)  5256K->840K(15872K), 0.0007952 secs]
0.740: [GC (Allocation Failure)  5256K->840K(15872K), 0.0007644 secs]
0.750: [GC (Allocation Failure)  5256K->840K(15872K), 0.0007793 secs]
0.754: [GC (Allocation Failure)  5256K->840K(15872K), 0.0007600 secs]
0.765: [GC (Allocation Failure)  5256K->840K(15872K), 0.0008007 secs]
0.772: [GC (Allocation Failure)  5256K->840K(15872K), 0.0007842 secs]
0.777: [GC (Allocation Failure)  5256K->840K(15872K), 0.0007650 secs]
0.782: [GC (Allocation Failure)  5256K->840K(15872K), 0.0007479 secs]
0.786: [GC (Allocation Failure)  5256K->840K(15872K), 0.0007688 secs]
0.791: [GC (Allocation Failure)  5256K->840K(15872K), 0.0008799 secs]
0.799: [GC (Allocation Failure)  5256K->840K(15872K), 0.0008117 secs]
0.804: [GC (Allocation Failure)  5256K->840K(15872K), 0.0007611 secs]
0.808: [GC (Allocation Failure)  5256K->840K(15872K), 0.0007600 secs]
0.850: [GC (Allocation Failure)  5256K->840K(15872K), 0.0007738 secs]
0.854: [GC (Allocation Failure)  5256K->840K(15872K), 0.0007633 secs]
0.892: [GC (Allocation Failure)  5256K->840K(15872K), 0.0007903 secs]
0.898: [GC (Allocation Failure)  5256K->840K(15872K), 0.0007584 secs]
0.902: [GC (Allocation Failure)  5256K->840K(15872K), 0.0007540 secs]
0.906: [GC (Allocation Failure)  5256K->840K(15872K), 0.0007584 secs]
0.910: [GC (Allocation Failure)  5256K->840K(15872K), 0.0008304 secs]
0.915: [GC (Allocation Failure)  5256K->840K(15872K), 0.0007523 secs]
0.919: [GC (Allocation Failure)  5256K->840K(15872K), 0.0007595 secs]
0.923: [GC (Allocation Failure)  5256K->840K(15872K), 0.0007793 secs]
0.928: [GC (Allocation Failure)  5256K->840K(15872K), 0.0007479 secs]
0.932: [GC (Allocation Failure)  5256K->840K(15872K), 0.0007496 secs]
0.936: [GC (Allocation Failure)  5256K->840K(15872K), 0.0007589 secs]
0.940: [GC (Allocation Failure)  5256K->840K(15872K), 0.0007749 secs]
0.944: [GC (Allocation Failure)  5256K->840K(15872K), 0.0007452 secs]
0.948: [GC (Allocation Failure)  5256K->840K(15872K), 0.0007650 secs]
0.953: [GC (Allocation Failure)  5256K->840K(15872K), 0.0007809 secs]
0.968: [GC (Allocation Failure)  5256K->840K(15872K), 0.0007540 secs]
0.972: [GC (Allocation Failure)  5256K->840K(15872K), 0.0007716 secs]
0.976: [GC (Allocation Failure)  5256K->840K(15872K), 0.0007540 secs]
1.017: [GC (Allocation Failure)  5256K->840K(15872K), 0.0007721 secs]
1.021: [GC (Allocation Failure)  5256K->840K(15872K), 0.0008662 secs]
1.037: [GC (Allocation Failure)  5256K->840K(15872K), 0.0007628 secs]
1.051: [GC (Allocation Failure)  5256K->840K(15872K), 0.0007688 secs]
1.055: [GC (Allocation Failure)  5256K->840K(15872K), 0.0007859 secs]
1.060: [GC (Allocation Failure)  5256K->840K(15872K), 0.0007463 secs]
1.064: [GC (Allocation Failure)  5256K->840K(15872K), 0.0007551 secs]
1.068: [GC (Allocation Failure)  5256K->840K(15872K), 0.0007562 secs]
1.072: [GC (Allocation Failure)  5256K->840K(15872K), 0.0007479 secs]
1.076: [GC (Allocation Failure)  5256K->840K(15872K), 0.0007540 secs]
1.082: [GC (Allocation Failure)  5256K->840K(15872K), 0.0007457 secs]
1.087: [GC (Allocation Failure)  5256K->840K(15872K), 0.0008414 secs]
1.091: [GC (Allocation Failure)  5256K->840K(15872K), 0.0007584 secs]
1.095: [GC (Allocation Failure)  5256K->840K(15872K), 0.0007771 secs]
1.099: [GC (Allocation Failure)  5256K->840K(15872K), 0.0007573 secs]
1.103: [GC (Allocation Failure)  5256K->840K(15872K), 0.0007595 secs]
1.115: [GC (Allocation Failure)  5256K->840K(15872K), 0.0007782 secs]
1.119: [GC (Allocation Failure)  5256K->840K(15872K), 0.0007787 secs]
1.123: [GC (Allocation Failure)  5256K->840K(15872K), 0.0007721 secs]
1.127: [GC (Allocation Failure)  5256K->840K(15872K), 0.0008233 secs]
1.131: [GC (Allocation Failure)  5256K->840K(15872K), 0.0007738 secs]
1.135: [GC (Allocation Failure)  5256K->840K(15872K), 0.0007633 secs]
1.140: [GC (Allocation Failure)  5256K->840K(15872K), 0.0007732 secs]
1.144: [GC (Allocation Failure)  5256K->840K(15872K), 0.0008464 secs]
1.148: [GC (Allocation Failure)  5256K->840K(15872K), 0.0007837 secs]
1.153: [GC (Allocation Failure)  5256K->840K(15872K), 0.0007809 secs]
1.157: [GC (Allocation Failure)  5256K->840K(15872K), 0.0007765 secs]
1.161: [GC (Allocation Failure)  5256K->840K(15872K), 0.0007628 secs]
1.165: [GC (Allocation Failure)  5256K->840K(15872K), 0.0007600 secs]
1.170: [GC (Allocation Failure)  5256K->840K(15872K), 0.0007793 secs]
1.174: [GC (Allocation Failure)  5256K->840K(15872K), 0.0007727 secs]
1.178: [GC (Allocation Failure)  5256K->840K(15872K), 0.0007815 secs]
1.182: [GC (Allocation Failure)  5256K->840K(15872K), 0.0007540 secs]
1.187: [GC (Allocation Failure)  5256K->840K(15872K), 0.0007644 secs]
1.191: [GC (Allocation Failure)  5256K->840K(15872K), 0.0007595 secs]
1.195: [GC (Allocation Failure)  5256K->840K(15872K), 0.0007650 secs]
1.199: [GC (Allocation Failure)  5256K->840K(15872K), 0.0007518 secs]
1.203: [GC (Allocation Failure)  5256K->840K(15872K), 0.0007589 secs]
1.208: [GC (Allocation Failure)  5256K->840K(15872K), 0.0007452 secs]
1.213: [GC (Allocation Failure)  5256K->840K(15872K), 0.0007446 secs]
1.217: [GC (Allocation Failure)  5256K->840K(15872K), 0.0007518 secs]
1.221: [GC (Allocation Failure)  5256K->840K(15872K), 0.0007584 secs]
1.225: [GC (Allocation Failure)  5256K->840K(15872K), 0.0007518 secs]
1.229: [GC (Allocation Failure)  5256K->840K(15872K), 0.0007457 secs]
1.234: [GC (Allocation Failure)  5256K->840K(15872K), 0.0007545 secs]
1.238: [GC (Allocation Failure)  5256K->840K(15872K), 0.0007628 secs]
1.242: [GC (Allocation Failure)  5256K->840K(15872K), 0.0007804 secs]
1.247: [GC (Allocation Failure)  5256K->840K(15872K), 0.0007738 secs]
1.251: [GC (Allocation Failure)  5256K->840K(15872K), 0.0007688 secs]
1.255: [GC (Allocation Failure)  5256K->840K(15872K), 0.0007556 secs]
1.260: [GC (Allocation Failure)  5256K->840K(15872K), 0.0007479 secs]
1.265: [GC (Allocation Failure)  5256K->840K(15872K), 0.0007633 secs]
1.269: [GC (Allocation Failure)  5256K->840K(15872K), 0.0007529 secs]
1.273: [GC (Allocation Failure)  5256K->840K(15872K), 0.0007716 secs]
1.277: [GC (Allocation Failure)  5256K->840K(15872K), 0.0007661 secs]
1.282: [GC (Allocation Failure)  5256K->840K(15872K), 0.0007595 secs]
1.286: [GC (Allocation Failure)  5256K->840K(15872K), 0.0007639 secs]
1.290: [GC (Allocation Failure)  5256K->840K(15872K), 0.0007705 secs]
1.294: [GC (Allocation Failure)  5256K->840K(15872K), 0.0008117 secs]
1.298: [GC (Allocation Failure)  5256K->840K(15872K), 0.0007732 secs]
1.303: [GC (Allocation Failure)  5256K->840K(15872K), 0.0007688 secs]
1.314: [GC (Allocation Failure)  5256K->840K(15872K), 0.0007710 secs]
1.318: [GC (Allocation Failure)  5256K->840K(15872K), 0.0009019 secs]
1.322: [GC (Allocation Failure)  5256K->840K(15872K), 0.0007666 secs]
1.331: [GC (Allocation Failure)  5256K->840K(15872K), 0.0007974 secs]
1.335: [GC (Allocation Failure)  5256K->840K(15872K), 0.0007705 secs]
1.339: [GC (Allocation Failure)  5256K->840K(15872K), 0.0007633 secs]
1.344: [GC (Allocation Failure)  5256K->840K(15872K), 0.0007628 secs]
1.348: [GC (Allocation Failure)  5256K->840K(15872K), 0.0007688 secs]
1.373: [GC (Allocation Failure)  5256K->840K(15872K), 0.0007853 secs]
1.379: [GC (Allocation Failure)  5256K->840K(15872K), 0.0008073 secs]
1.384: [GC (Allocation Failure)  5256K->840K(15872K), 0.0020029 secs]
1.408: [GC (Allocation Failure)  5256K->840K(15872K), 0.0021305 secs]
1.413: [GC (Allocation Failure)  5256K->840K(15872K), 0.0007765 secs]
1.419: [GC (Allocation Failure)  5256K->840K(15872K), 0.0007584 secs]
1.423: [GC (Allocation Failure)  5256K->840K(15872K), 0.0021525 secs]
1.429: [GC (Allocation Failure)  5256K->840K(15872K), 0.0007738 secs]
1.433: [GC (Allocation Failure)  5256K->840K(15872K), 0.0007556 secs]
1.437: [GC (Allocation Failure)  5256K->840K(15872K), 0.0007523 secs]
1.443: [GC (Allocation Failure)  5256K->840K(15872K), 0.0007655 secs]
1.448: [GC (Allocation Failure)  5256K->840K(15872K), 0.0008013 secs]
1.453: [GC (Allocation Failure)  5256K->840K(15872K), 0.0007496 secs]
1.463: [GC (Allocation Failure)  5256K->840K(15872K), 0.0007732 secs]
1.468: [GC (Allocation Failure)  5256K->840K(15872K), 0.0007661 secs]
1.479: [GC (Allocation Failure)  5256K->840K(15872K), 0.0007644 secs]
1.483: [GC (Allocation Failure)  5256K->840K(15872K), 0.0007666 secs]
1.488: [GC (Allocation Failure)  5256K->840K(15872K), 0.0007688 secs]
1.492: [GC (Allocation Failure)  5256K->840K(15872K), 0.0007727 secs]
1.496: [GC (Allocation Failure)  5256K->840K(15872K), 0.0007765 secs]
1.500: [GC (Allocation Failure)  5256K->840K(15872K), 0.0007622 secs]
1.504: [GC (Allocation Failure)  5256K->840K(15872K), 0.0007584 secs]
1.509: [GC (Allocation Failure)  5256K->840K(15872K), 0.0007523 secs]
1.513: [GC (Allocation Failure)  5256K->840K(15872K), 0.0007633 secs]
1.517: [GC (Allocation Failure)  5256K->840K(15872K), 0.0007793 secs]
1.521: [GC (Allocation Failure)  5256K->840K(15872K), 0.0007611 secs]
1.526: [GC (Allocation Failure)  5256K->840K(15872K), 0.0009938 secs]
1.531: [GC (Allocation Failure)  5256K->840K(15872K), 0.0007617 secs]
1.536: [GC (Allocation Failure)  5256K->840K(15872K), 0.0007639 secs]
1.548: [GC (Allocation Failure)  5256K->840K(15872K), 0.0020777 secs]
1.553: [GC (Allocation Failure)  5256K->840K(15872K), 0.0007760 secs]
1.559: [GC (Allocation Failure)  5256K->840K(15872K), 0.0007837 secs]
1.564: [GC (Allocation Failure)  5256K->840K(15872K), 0.0022609 secs]
1.590: [GC (Allocation Failure)  5256K->840K(15872K), 0.0008596 secs]
1.596: [GC (Allocation Failure)  5256K->840K(15872K), 0.0007523 secs]
1.600: [GC (Allocation Failure)  5256K->840K(15872K), 0.0007661 secs]
1.607: [GC (Allocation Failure)  5256K->840K(15872K), 0.0007556 secs]
1.612: [GC (Allocation Failure)  5256K->840K(15872K), 0.0007584 secs]
1.617: [GC (Allocation Failure)  5256K->840K(15872K), 0.0007622 secs]
1.622: [GC (Allocation Failure)  5256K->840K(15872K), 0.0007765 secs]
1.628: [GC (Allocation Failure)  5256K->840K(15872K), 0.0007666 secs]
1.633: [GC (Allocation Failure)  5256K->840K(15872K), 0.0009102 secs]
1.637: [GC (Allocation Failure)  5256K->840K(15872K), 0.0011929 secs]
1.642: [GC (Allocation Failure)  5256K->840K(15872K), 0.0007815 secs]
1.648: [GC (Allocation Failure)  5256K->840K(15872K), 0.0007540 secs]
1.653: [GC (Allocation Failure)  5256K->840K(15872K), 0.0007606 secs]
1.657: [GC (Allocation Failure)  5256K->840K(15872K), 0.0022207 secs]
1.663: [GC (Allocation Failure)  5256K->840K(15872K), 0.0007567 secs]
1.669: [GC (Allocation Failure)  5256K->840K(15872K), 0.0007551 secs]
1.673: [GC (Allocation Failure)  5256K->840K(15872K), 0.0008722 secs]
1.678: [GC (Allocation Failure)  5256K->840K(15872K), 0.0007633 secs]
1.686: [GC (Allocation Failure)  5256K->840K(15872K), 0.0007694 secs]
1.691: [GC (Allocation Failure)  5256K->840K(15872K), 0.0007705 secs]
1.696: [GC (Allocation Failure)  5256K->840K(15872K), 0.0023857 secs]
1.726: [GC (Allocation Failure)  5256K->840K(15872K), 0.0007683 secs]
1.733: [GC (Allocation Failure)  5256K->840K(15872K), 0.0007705 secs]
1.737: [GC (Allocation Failure)  5256K->840K(15872K), 0.0007600 secs]
1.741: [GC (Allocation Failure)  5256K->840K(15872K), 0.0007540 secs]
1.746: [GC (Allocation Failure)  5256K->840K(15872K), 0.0007705 secs]
1.750: [GC (Allocation Failure)  5256K->840K(15872K), 0.0007551 secs]
1.754: [GC (Allocation Failure)  5256K->840K(15872K), 0.0007655 secs]
1.759: [GC (Allocation Failure)  5256K->840K(15872K), 0.0007782 secs]
1.763: [GC (Allocation Failure)  5256K->840K(15872K), 0.0007661 secs]
1.789: [GC (Allocation Failure)  5256K->840K(15872K), 0.0007567 secs]
1.793: [GC (Allocation Failure)  5256K->840K(15872K), 0.0008227 secs]
1.797: [GC (Allocation Failure)  5256K->840K(15872K), 0.0009283 secs]
1.807: [GC (Allocation Failure)  5256K->840K(15872K), 0.0008711 secs]
1.812: [GC (Allocation Failure)  5256K->840K(15872K), 0.0007545 secs]
1.816: [GC (Allocation Failure)  5256K->840K(15872K), 0.0007534 secs]
1.821: [GC (Allocation Failure)  5256K->840K(15872K), 0.0008788 secs]
1.825: [GC (Allocation Failure)  5256K->840K(15872K), 0.0007578 secs]
1.829: [GC (Allocation Failure)  5256K->840K(15872K), 0.0007655 secs]
1.834: [GC (Allocation Failure)  5256K->840K(15872K), 0.0007507 secs]
1.842: [GC (Allocation Failure)  5256K->840K(15872K), 0.0007523 secs]
1.847: [GC (Allocation Failure)  5256K->840K(15872K), 0.0007496 secs]
1.851: [GC (Allocation Failure)  5256K->840K(15872K), 0.0007534 secs]
1.855: [GC (Allocation Failure)  5256K->840K(15872K), 0.0007501 secs]
1.860: [GC (Allocation Failure)  5256K->840K(15872K), 0.0007595 secs]
1.865: [GC (Allocation Failure)  5256K->840K(15872K), 0.0007677 secs]
1.869: [GC (Allocation Failure)  5256K->840K(15872K), 0.0007562 secs]
1.873: [GC (Allocation Failure)  5256K->840K(15872K), 0.0007485 secs]
1.877: [GC (Allocation Failure)  5256K->840K(15872K), 0.0007518 secs]
1.887: [GC (Allocation Failure)  5256K->840K(15872K), 0.0008535 secs]
1.892: [GC (Allocation Failure)  5256K->840K(15872K), 0.0007815 secs]
1.897: [GC (Allocation Failure)  5256K->840K(15872K), 0.0008508 secs]
1.907: [GC (Allocation Failure)  5256K->840K(15872K), 0.0007705 secs]
1.912: [GC (Allocation Failure)  5256K->840K(15872K), 0.0008183 secs]
1.917: [GC (Allocation Failure)  5256K->840K(15872K), 0.0008821 secs]
1.921: [GC (Allocation Failure)  5256K->840K(15872K), 0.0008211 secs]
1.926: [GC (Allocation Failure)  5256K->840K(15872K), 0.0007545 secs]
1.931: [GC (Allocation Failure)  5256K->840K(15872K), 0.0007584 secs]
1.935: [GC (Allocation Failure)  5256K->840K(15872K), 0.0007578 secs]
1.939: [GC (Allocation Failure)  5256K->840K(15872K), 0.0007457 secs]
1.944: [GC (Allocation Failure)  5256K->840K(15872K), 0.0007705 secs]
1.949: [GC (Allocation Failure)  5256K->840K(15872K), 0.0007710 secs]
1.953: [GC (Allocation Failure)  5256K->840K(15872K), 0.0007551 secs]
1.963: [GC (Allocation Failure)  5256K->840K(15872K), 0.0007963 secs]
1.968: [GC (Allocation Failure)  5256K->840K(15872K), 0.0007672 secs]
1.972: [GC (Allocation Failure)  5256K->840K(15872K), 0.0007639 secs]
1.976: [GC (Allocation Failure)  5256K->840K(15872K), 0.0007551 secs]
1.981: [GC (Allocation Failure)  5256K->840K(15872K), 0.0007705 secs]
1.986: [GC (Allocation Failure)  5256K->840K(15872K), 0.0007859 secs]
1.990: [GC (Allocation Failure)  5256K->840K(15872K), 0.0008464 secs]
1.994: [GC (Allocation Failure)  5256K->840K(15872K), 0.0018457 secs]
1.999: [GC (Allocation Failure)  5256K->840K(15872K), 0.0007655 secs]
2.004: [GC (Allocation Failure)  5256K->840K(15872K), 0.0007699 secs]
2.008: [GC (Allocation Failure)  5256K->840K(15872K), 0.0007727 secs]
2.013: [GC (Allocation Failure)  5256K->840K(15872K), 0.0008315 secs]
2.017: [GC (Allocation Failure)  5256K->840K(15872K), 0.0007551 secs]
2.022: [GC (Allocation Failure)  5256K->840K(15872K), 0.0007611 secs]
2.026: [GC (Allocation Failure)  5256K->840K(15872K), 0.0007683 secs]
2.031: [GC (Allocation Failure)  5256K->840K(15872K), 0.0007661 secs]
2.035: [GC (Allocation Failure)  5256K->840K(15872K), 0.0008524 secs]
2.040: [GC (Allocation Failure)  5256K->840K(15872K), 0.0008629 secs]
2.044: [GC (Allocation Failure)  5256K->840K(15872K), 0.0017676 secs]
2.049: [GC (Allocation Failure)  5256K->840K(15872K), 0.0008876 secs]
2.054: [GC (Allocation Failure)  5256K->840K(15872K), 0.0007573 secs]
2.080: [GC (Allocation Failure)  5256K->840K(15872K), 0.0007754 secs]
2.085: [GC (Allocation Failure)  5256K->840K(15872K), 0.0007705 secs]
2.094: [GC (Allocation Failure)  5256K->840K(15872K), 0.0009069 secs]
2.099: [GC (Allocation Failure)  5256K->840K(15872K), 0.0007600 secs]
2.108: [GC (Allocation Failure)  5256K->840K(15872K), 0.0007727 secs]
2.112: [GC (Allocation Failure)  5256K->840K(15872K), 0.0007595 secs]
2.116: [GC (Allocation Failure)  5256K->840K(15872K), 0.0007512 secs]
2.121: [GC (Allocation Failure)  5256K->840K(15872K), 0.0007507 secs]
2.125: [GC (Allocation Failure)  5256K->840K(15872K), 0.0007617 secs]
2.134: [GC (Allocation Failure)  5256K->840K(15872K), 0.0007534 secs]
2.138: [GC (Allocation Failure)  5256K->840K(15872K), 0.0007556 secs]
2.142: [GC (Allocation Failure)  5256K->840K(15872K), 0.0007661 secs]
2.147: [GC (Allocation Failure)  5256K->840K(15872K), 0.0007666 secs]
2.152: [GC (Allocation Failure)  5256K->840K(15872K), 0.0007556 secs]
2.156: [GC (Allocation Failure)  5256K->840K(15872K), 0.0027415 secs]
2.164: [GC (Allocation Failure)  5256K->840K(15872K), 0.0007683 secs]
2.169: [GC (Allocation Failure)  5256K->840K(15872K), 0.0007650 secs]
2.173: [GC (Allocation Failure)  5256K->840K(15872K), 0.0007820 secs]
2.178: [GC (Allocation Failure)  5256K->840K(15872K), 0.0017109 secs]
2.183: [GC (Allocation Failure)  5256K->840K(15872K), 0.0007716 secs]
2.187: [GC (Allocation Failure)  5256K->840K(15872K), 0.0007622 secs]
2.191: [GC (Allocation Failure)  5256K->840K(15872K), 0.0008959 secs]
2.196: [GC (Allocation Failure)  5256K->840K(15872K), 0.0007776 secs]
2.200: [GC (Allocation Failure)  5256K->840K(15872K), 0.0007628 secs]
2.204: [GC (Allocation Failure)  5256K->840K(15872K), 0.0007655 secs]
2.209: [GC (Allocation Failure)  5256K->840K(15872K), 0.0007600 secs]
2.214: [GC (Allocation Failure)  5256K->840K(15872K), 0.0007666 secs]
2.219: [GC (Allocation Failure)  5256K->840K(15872K), 0.0007699 secs]
2.270: [GC (Allocation Failure)  5256K->840K(15872K), 0.0007639 secs]
2.275: [GC (Allocation Failure)  5256K->840K(15872K), 0.0007490 secs]
2.280: [GC (Allocation Failure)  5256K->840K(15872K), 0.0007617 secs]
2.286: [GC (Allocation Failure)  5256K->840K(15872K), 0.0007727 secs]
2.290: [GC (Allocation Failure)  5256K->840K(15872K), 0.0010042 secs]
2.294: [GC (Allocation Failure)  5256K->840K(15872K), 0.0017357 secs]
2.300: [GC (Allocation Failure)  5256K->840K(15872K), 0.0009151 secs]
2.305: [GC (Allocation Failure)  5256K->840K(15872K), 0.0007551 secs]
2.315: [GC (Allocation Failure)  5256K->840K(15872K), 0.0008249 secs]
2.319: [GC (Allocation Failure)  5256K->840K(15872K), 0.0007518 secs]
2.324: [GC (Allocation Failure)  5256K->840K(15872K), 0.0007853 secs]
2.329: [GC (Allocation Failure)  5256K->840K(15872K), 0.0007710 secs]
2.334: [GC (Allocation Failure)  5256K->840K(15872K), 0.0007743 secs]
2.356: [GC (Allocation Failure)  5256K->840K(15872K), 0.0007688 secs]
2.363: [GC (Allocation Failure)  5256K->840K(15872K), 0.0007584 secs]
2.376: [GC (Allocation Failure)  5256K->840K(15872K), 0.0008887 secs]
2.388: [GC (Allocation Failure)  5256K->840K(15872K), 0.0007639 secs]
2.392: [GC (Allocation Failure)  5256K->840K(15872K), 0.0009806 secs]
2.398: [GC (Allocation Failure)  5256K->840K(15872K), 0.0007864 secs]
2.403: [GC (Allocation Failure)  5256K->840K(15872K), 0.0007655 secs]
2.407: [GC (Allocation Failure)  5256K->840K(15872K), 0.0007617 secs]
2.411: [GC (Allocation Failure)  5256K->840K(15872K), 0.0017241 secs]
2.549: [GC (Allocation Failure)  5256K->840K(15872K), 0.0007820 secs]
2.615: [GC (Allocation Failure)  5256K->840K(15872K), 0.0008260 secs]
2.619: [GC (Allocation Failure)  5256K->840K(15872K), 0.0007743 secs]
2.623: [GC (Allocation Failure)  5256K->840K(15872K), 0.0007633 secs]
2.628: [GC (Allocation Failure)  5256K->840K(15872K), 0.0008205 secs]
2.632: [GC (Allocation Failure)  5256K->840K(15872K), 0.0007738 secs]
2.636: [GC (Allocation Failure)  5256K->840K(15872K), 0.0007842 secs]
2.640: [GC (Allocation Failure)  5256K->840K(15872K), 0.0007716 secs]
2.644: [GC (Allocation Failure)  5256K->840K(15872K), 0.0008486 secs]
2.649: [GC (Allocation Failure)  5256K->840K(15872K), 0.0007644 secs]
2.653: [GC (Allocation Failure)  5256K->840K(15872K), 0.0007672 secs]
2.657: [GC (Allocation Failure)  5256K->840K(15872K), 0.0007655 secs]
2.661: [GC (Allocation Failure)  5256K->840K(15872K), 0.0007727 secs]
2.665: [GC (Allocation Failure)  5256K->840K(15872K), 0.0008095 secs]
2.670: [GC (Allocation Failure)  5256K->840K(15872K), 0.0007639 secs]
2.674: [GC (Allocation Failure)  5256K->840K(15872K), 0.0007809 secs]
2.678: [GC (Allocation Failure)  5256K->840K(15872K), 0.0007892 secs]
2.691: [GC (Allocation Failure)  5256K->840K(15872K), 0.0007710 secs]
2.697: [GC (Allocation Failure)  5256K->840K(15872K), 0.0007793 secs]
2.701: [GC (Allocation Failure)  5256K->840K(15872K), 0.0007650 secs]
2.706: [GC (Allocation Failure)  5256K->840K(15872K), 0.0007633 secs]
2.710: [GC (Allocation Failure)  5256K->840K(15872K), 0.0007639 secs]
2.715: [GC (Allocation Failure)  5256K->840K(15872K), 0.0007699 secs]
2.720: [GC (Allocation Failure)  5256K->840K(15872K), 0.0007721 secs]
2.724: [GC (Allocation Failure)  5256K->840K(15872K), 0.0007930 secs]
2.728: [GC (Allocation Failure)  5256K->840K(15872K), 0.0007677 secs]
2.743: [GC (Allocation Failure)  5256K->840K(15872K), 0.0007853 secs]
2.748: [GC (Allocation Failure)  5256K->840K(15872K), 0.0007815 secs]
2.753: [GC (Allocation Failure)  5256K->840K(15872K), 0.0007639 secs]
2.757: [GC (Allocation Failure)  5256K->840K(15872K), 0.0007875 secs]
2.761: [GC (Allocation Failure)  5256K->840K(15872K), 0.0013287 secs]
2.766: [GC (Allocation Failure)  5256K->840K(15872K), 0.0007776 secs]
2.770: [GC (Allocation Failure)  5256K->840K(15872K), 0.0007776 secs]
2.774: [GC (Allocation Failure)  5256K->840K(15872K), 0.0007754 secs]
2.778: [GC (Allocation Failure)  5256K->840K(15872K), 0.0009514 secs]
2.783: [GC (Allocation Failure)  5256K->840K(15872K), 0.0007842 secs]
2.788: [GC (Allocation Failure)  5256K->840K(15872K), 0.0007738 secs]
2.792: [GC (Allocation Failure)  5256K->840K(15872K), 0.0007853 secs]
2.796: [GC (Allocation Failure)  5256K->840K(15872K), 0.0007639 secs]
2.800: [GC (Allocation Failure)  5256K->840K(15872K), 0.0007628 secs]
2.805: [GC (Allocation Failure)  5256K->840K(15872K), 0.0007534 secs]
2.809: [GC (Allocation Failure)  5256K->840K(15872K), 0.0007650 secs]
2.823: [GC (Allocation Failure)  5256K->840K(15872K), 0.0007716 secs]
2.828: [GC (Allocation Failure)  5256K->840K(15872K), 0.0018231 secs]
2.833: [GC (Allocation Failure)  5256K->840K(15872K), 0.0007655 secs]
2.837: [GC (Allocation Failure)  5256K->840K(15872K), 0.0007765 secs]
2.841: [GC (Allocation Failure)  5256K->840K(15872K), 0.0007765 secs]
2.846: [GC (Allocation Failure)  5256K->840K(15872K), 0.0012413 secs]
2.851: [GC (Allocation Failure)  5256K->840K(15872K), 0.0007655 secs]
2.855: [GC (Allocation Failure)  5256K->840K(15872K), 0.0009025 secs]
2.859: [GC (Allocation Failure)  5256K->840K(15872K), 0.0007897 secs]
2.864: [GC (Allocation Failure)  5256K->840K(15872K), 0.0007523 secs]
2.868: [GC (Allocation Failure)  5256K->840K(15872K), 0.0007771 secs]
2.872: [GC (Allocation Failure)  5256K->840K(15872K), 0.0008981 secs]
2.876: [GC (Allocation Failure)  5256K->840K(15872K), 0.0007617 secs]
2.966: [GC (Allocation Failure)  5256K->840K(15872K), 0.0007688 secs]
2.971: [GC (Allocation Failure)  5256K->840K(15872K), 0.0007551 secs]
2.975: [GC (Allocation Failure)  5256K->840K(15872K), 0.0007705 secs]
2.982: [GC (Allocation Failure)  5256K->840K(15872K), 0.0007754 secs]
2.986: [GC (Allocation Failure)  5256K->840K(15872K), 0.0007705 secs]
2.990: [GC (Allocation Failure)  5256K->840K(15872K), 0.0007727 secs]
2.995: [GC (Allocation Failure)  5256K->840K(15872K), 0.0007727 secs]
3.051: [GC (Allocation Failure)  5256K->840K(15872K), 0.0007562 secs]
3.055: [GC (Allocation Failure)  5256K->840K(15872K), 0.0007644 secs]
3.059: [GC (Allocation Failure)  5256K->840K(15872K), 0.0008205 secs]
3.064: [GC (Allocation Failure)  5256K->840K(15872K), 0.0007661 secs]
3.068: [GC (Allocation Failure)  5256K->840K(15872K), 0.0007666 secs]
3.072: [GC (Allocation Failure)  5256K->840K(15872K), 0.0007606 secs]
3.078: [GC (Allocation Failure)  5256K->840K(15872K), 0.0007688 secs]
3.082: [GC (Allocation Failure)  5256K->840K(15872K), 0.0007611 secs]
3.086: [GC (Allocation Failure)  5256K->840K(15872K), 0.0007639 secs]
3.091: [GC (Allocation Failure)  5256K->840K(15872K), 0.0008337 secs]
3.095: [GC (Allocation Failure)  5256K->840K(15872K), 0.0008486 secs]
3.116: [GC (Allocation Failure)  5256K->840K(15872K), 0.0007826 secs]
3.120: [GC (Allocation Failure)  5256K->840K(15872K), 0.0007974 secs]
3.125: [GC (Allocation Failure)  5256K->840K(15872K), 0.0007782 secs]
3.129: [GC (Allocation Failure)  5256K->840K(15872K), 0.0007661 secs]
3.133: [GC (Allocation Failure)  5256K->840K(15872K), 0.0008057 secs]
3.137: [GC (Allocation Failure)  5256K->840K(15872K), 0.0007908 secs]
3.142: [GC (Allocation Failure)  5256K->840K(15872K), 0.0007798 secs]
3.146: [GC (Allocation Failure)  5256K->840K(15872K), 0.0007820 secs]
3.151: [GC (Allocation Failure)  5256K->840K(15872K), 0.0007611 secs]
3.155: [GC (Allocation Failure)  5256K->840K(15872K), 0.0009322 secs]
3.164: [GC (Allocation Failure)  5256K->840K(15872K), 0.0007683 secs]
3.168: [GC (Allocation Failure)  5256K->840K(15872K), 0.0007705 secs]
3.172: [GC (Allocation Failure)  5256K->840K(15872K), 0.0012754 secs]
3.178: [GC (Allocation Failure)  5256K->840K(15872K), 0.0007710 secs]
3.182: [GC (Allocation Failure)  5256K->840K(15872K), 0.0007782 secs]
3.186: [GC (Allocation Failure)  5256K->840K(15872K), 0.0007765 secs]
3.274: [GC (Allocation Failure)  5256K->840K(15872K), 0.0007567 secs]
3.279: [GC (Allocation Failure)  5256K->840K(15872K), 0.0007727 secs]
3.296: [GC (Allocation Failure)  5256K->840K(15872K), 0.0007628 secs]
3.301: [GC (Allocation Failure)  5256K->840K(15872K), 0.0007694 secs]
3.305: [GC (Allocation Failure)  5256K->840K(15872K), 0.0007633 secs]
3.310: [GC (Allocation Failure)  5256K->840K(15872K), 0.0007534 secs]
3.314: [GC (Allocation Failure)  5256K->840K(15872K), 0.0007936 secs]
3.318: [GC (Allocation Failure)  5256K->840K(15872K), 0.0007606 secs]
3.323: [GC (Allocation Failure)  5256K->840K(15872K), 0.0007573 secs]
3.337: [GC (Allocation Failure)  5256K->840K(15872K), 0.0007732 secs]
3.341: [GC (Allocation Failure)  5256K->840K(15872K), 0.0007716 secs]
3.346: [GC (Allocation Failure)  5256K->840K(15872K), 0.0007688 secs]
3.350: [GC (Allocation Failure)  5256K->840K(15872K), 0.0007562 secs]
3.354: [GC (Allocation Failure)  5256K->840K(15872K), 0.0007600 secs]
3.367: [GC (Allocation Failure)  5256K->840K(15872K), 0.0007639 secs]
3.371: [GC (Allocation Failure)  5256K->840K(15872K), 0.0007694 secs]
3.379: [GC (Allocation Failure)  5256K->840K(15872K), 0.0007798 secs]
3.384: [GC (Allocation Failure)  5256K->840K(15872K), 0.0008249 secs]
3.389: [GC (Allocation Failure)  5256K->840K(15872K), 0.0007749 secs]
3.395: [GC (Allocation Failure)  5256K->840K(15872K), 0.0021822 secs]
3.401: [GC (Allocation Failure)  5256K->840K(15872K), 0.0007628 secs]
3.406: [GC (Allocation Failure)  5256K->840K(15872K), 0.0007589 secs]
3.410: [GC (Allocation Failure)  5256K->840K(15872K), 0.0007683 secs]
3.414: [GC (Allocation Failure)  5256K->840K(15872K), 0.0007589 secs]
3.418: [GC (Allocation Failure)  5256K->840K(15872K), 0.0007595 secs]
3.423: [GC (Allocation Failure)  5256K->840K(15872K), 0.0007545 secs]
3.427: [GC (Allocation Failure)  5256K->840K(15872K), 0.0007655 secs]
3.586: [GC (Allocation Failure)  5256K->840K(15872K), 0.0007782 secs]
3.590: [GC (Allocation Failure)  5256K->840K(15872K), 0.0007512 secs]
3.598: [GC (Allocation Failure)  5256K->840K(15872K), 0.0007573 secs]
3.604: [GC (Allocation Failure)  5256K->840K(15872K), 0.0007688 secs]
3.610: [GC (Allocation Failure)  5256K->840K(15872K), 0.0008167 secs]
3.614: [GC (Allocation Failure)  5256K->840K(15872K), 0.0007721 secs]
3.638: [GC (Allocation Failure)  5256K->840K(15872K), 0.0007864 secs]
3.654: [GC (Allocation Failure)  5256K->840K(15872K), 0.0007485 secs]
3.658: [GC (Allocation Failure)  5256K->840K(15872K), 0.0007611 secs]
3.664: [GC (Allocation Failure)  5256K->840K(15872K), 0.0008189 secs]
3.787: [GC (Allocation Failure)  5256K->840K(15872K), 0.0007754 secs]
3.791: [GC (Allocation Failure)  5256K->840K(15872K), 0.0007551 secs]
3.796: [GC (Allocation Failure)  5256K->840K(15872K), 0.0007727 secs]
3.801: [GC (Allocation Failure)  5256K->840K(15872K), 0.0007551 secs]
3.805: [GC (Allocation Failure)  5256K->840K(15872K), 0.0007732 secs]
3.818: [GC (Allocation Failure)  5256K->840K(15872K), 0.0007507 secs]
3.822: [GC (Allocation Failure)  5256K->840K(15872K), 0.0007600 secs]
3.826: [GC (Allocation Failure)  5256K->840K(15872K), 0.0007672 secs]
3.832: [GC (Allocation Failure)  5256K->840K(15872K), 0.0007776 secs]
3.836: [GC (Allocation Failure)  5256K->840K(15872K), 0.0008777 secs]
4.063: [GC (Allocation Failure)  5256K->840K(15872K), 0.0008227 secs]
4.297: [GC (Allocation Failure)  5256K->840K(15872K), 0.0007958 secs]
4.301: [GC (Allocation Failure)  5256K->840K(15872K), 0.0008035 secs]
4.306: [GC (Allocation Failure)  5256K->840K(15872K), 0.0009630 secs]
4.310: [GC (Allocation Failure)  5256K->840K(15872K), 0.0008106 secs]
4.315: [GC (Allocation Failure)  5256K->840K(15872K), 0.0007677 secs]
4.319: [GC (Allocation Failure)  5256K->840K(15872K), 0.0008469 secs]
4.324: [GC (Allocation Failure)  5256K->840K(15872K), 0.0007831 secs]
4.330: [GC (Allocation Failure)  5256K->840K(15872K), 0.0007897 secs]
4.334: [GC (Allocation Failure)  5256K->840K(15872K), 0.0007710 secs]
4.339: [GC (Allocation Failure)  5256K->840K(15872K), 0.0007958 secs]
4.343: [GC (Allocation Failure)  5256K->840K(15872K), 0.0007661 secs]
4.348: [GC (Allocation Failure)  5256K->840K(15872K), 0.0007765 secs]
4.353: [GC (Allocation Failure)  5256K->840K(15872K), 0.0007589 secs]
4.357: [GC (Allocation Failure)  5256K->840K(15872K), 0.0007727 secs]
4.363: [GC (Allocation Failure)  5256K->840K(15872K), 0.0008667 secs]
4.367: [GC (Allocation Failure)  5256K->840K(15872K), 0.0008821 secs]
4.372: [GC (Allocation Failure)  5256K->840K(15872K), 0.0007749 secs]
4.376: [GC (Allocation Failure)  5256K->840K(15872K), 0.0008970 secs]
4.381: [GC (Allocation Failure)  5256K->840K(15872K), 0.0007699 secs]
4.386: [GC (Allocation Failure)  5256K->840K(15872K), 0.0007710 secs]
4.390: [GC (Allocation Failure)  5256K->840K(15872K), 0.0007688 secs]
4.394: [GC (Allocation Failure)  5256K->840K(15872K), 0.0031529 secs]
4.402: [GC (Allocation Failure)  5256K->840K(15872K), 0.0007820 secs]
4.406: [GC (Allocation Failure)  5256K->840K(15872K), 0.0008035 secs]
4.410: [GC (Allocation Failure)  5256K->840K(15872K), 0.0018501 secs]
4.416: [GC (Allocation Failure)  5256K->840K(15872K), 0.0007897 secs]
4.420: [GC (Allocation Failure)  5256K->840K(15872K), 0.0007721 secs]
4.425: [GC (Allocation Failure)  5256K->840K(15872K), 0.0007985 secs]
4.430: [GC (Allocation Failure)  5256K->840K(15872K), 0.0007595 secs]
4.435: [GC (Allocation Failure)  5256K->840K(15872K), 0.0007639 secs]
4.439: [GC (Allocation Failure)  5256K->840K(15872K), 0.0007793 secs]
4.443: [GC (Allocation Failure)  5256K->840K(15872K), 0.0007754 secs]
4.449: [GC (Allocation Failure)  5256K->840K(15872K), 0.0007699 secs]
4.453: [GC (Allocation Failure)  5256K->840K(15872K), 0.0010141 secs]
4.458: [GC (Allocation Failure)  5256K->840K(15872K), 0.0007688 secs]
4.463: [GC (Allocation Failure)  5256K->840K(15872K), 0.0007639 secs]
4.467: [GC (Allocation Failure)  5256K->840K(15872K), 0.0007886 secs]
4.472: [GC (Allocation Failure)  5256K->840K(15872K), 0.0007925 secs]
4.476: [GC (Allocation Failure)  5256K->840K(15872K), 0.0007787 secs]
4.482: [GC (Allocation Failure)  5256K->840K(15872K), 0.0007650 secs]
4.486: [GC (Allocation Failure)  5256K->840K(15872K), 0.0009129 secs]
4.490: [GC (Allocation Failure)  5256K->840K(15872K), 0.0007655 secs]
4.495: [GC (Allocation Failure)  5256K->840K(15872K), 0.0009470 secs]
4.500: [GC (Allocation Failure)  5256K->840K(15872K), 0.0008035 secs]
4.513: [GC (Allocation Failure)  5256K->840K(15872K), 0.0007523 secs]
4.535: [GC (Allocation Failure)  5256K->840K(15872K), 0.0007826 secs]
4.540: [GC (Allocation Failure)  5256K->840K(15872K), 0.0008156 secs]
4.552: [GC (Allocation Failure)  5256K->840K(15872K), 0.0007941 secs]
4.558: [GC (Allocation Failure)  5256K->840K(15872K), 0.0007886 secs]
4.563: [GC (Allocation Failure)  5256K->840K(15872K), 0.0009927 secs]
4.568: [GC (Allocation Failure)  5256K->840K(15872K), 0.0007743 secs]
4.572: [GC (Allocation Failure)  5256K->840K(15872K), 0.0008849 secs]
4.577: [GC (Allocation Failure)  5256K->840K(15872K), 0.0008079 secs]
4.584: [GC (Allocation Failure)  5256K->840K(15872K), 0.0007771 secs]
4.589: [GC (Allocation Failure)  5256K->840K(15872K), 0.0007952 secs]
4.593: [GC (Allocation Failure)  5256K->840K(15872K), 0.0009421 secs]
4.600: [GC (Allocation Failure)  5256K->840K(15872K), 0.0007699 secs]
4.605: [GC (Allocation Failure)  5256K->840K(15872K), 0.0007595 secs]
4.609: [GC (Allocation Failure)  5256K->840K(15872K), 0.0007518 secs]
4.614: [GC (Allocation Failure)  5256K->840K(15872K), 0.0007705 secs]
4.618: [GC (Allocation Failure)  5256K->840K(15872K), 0.0007655 secs]
4.622: [GC (Allocation Failure)  5256K->840K(15872K), 0.0007727 secs]
4.627: [GC (Allocation Failure)  5256K->840K(15872K), 0.0007512 secs]
4.631: [GC (Allocation Failure)  5256K->840K(15872K), 0.0007760 secs]
4.635: [GC (Allocation Failure)  5256K->840K(15872K), 0.0007666 secs]
4.640: [GC (Allocation Failure)  5256K->840K(15872K), 0.0007859 secs]
4.644: [GC (Allocation Failure)  5256K->840K(15872K), 0.0011049 secs]
4.649: [GC (Allocation Failure)  5256K->840K(15872K), 0.0007578 secs]
4.653: [GC (Allocation Failure)  5256K->840K(15872K), 0.0007820 secs]
4.657: [GC (Allocation Failure)  5256K->840K(15872K), 0.0007633 secs]
4.661: [GC (Allocation Failure)  5256K->840K(15872K), 0.0010488 secs]
4.666: [GC (Allocation Failure)  5256K->840K(15872K), 0.0007853 secs]
4.670: [GC (Allocation Failure)  5256K->840K(15872K), 0.0007639 secs]
4.674: [GC (Allocation Failure)  5256K->840K(15872K), 0.0007611 secs]
4.678: [GC (Allocation Failure)  5256K->840K(15872K), 0.0007820 secs]
4.683: [GC (Allocation Failure)  5256K->840K(15872K), 0.0007589 secs]
4.687: [GC (Allocation Failure)  5256K->840K(15872K), 0.0007551 secs]
4.691: [GC (Allocation Failure)  5256K->840K(15872K), 0.0007694 secs]
4.695: [GC (Allocation Failure)  5256K->840K(15872K), 0.0009036 secs]
4.699: [GC (Allocation Failure)  5256K->840K(15872K), 0.0007727 secs]
4.703: [GC (Allocation Failure)  5256K->840K(15872K), 0.0007628 secs]
4.707: [GC (Allocation Failure)  5256K->840K(15872K), 0.0007672 secs]
4.712: [GC (Allocation Failure)  5256K->840K(15872K), 0.0007760 secs]
4.716: [GC (Allocation Failure)  5256K->840K(15872K), 0.0007578 secs]
4.720: [GC (Allocation Failure)  5256K->840K(15872K), 0.0007545 secs]
4.724: [GC (Allocation Failure)  5256K->840K(15872K), 0.0007490 secs]
4.728: [GC (Allocation Failure)  5256K->840K(15872K), 0.0007798 secs]
4.732: [GC (Allocation Failure)  5256K->840K(15872K), 0.0007666 secs]
4.736: [GC (Allocation Failure)  5256K->840K(15872K), 0.0008849 secs]
4.740: [GC (Allocation Failure)  5256K->840K(15872K), 0.0007622 secs]
4.744: [GC (Allocation Failure)  5256K->840K(15872K), 0.0008975 secs]
4.748: [GC (Allocation Failure)  5256K->840K(15872K), 0.0007589 secs]
4.752: [GC (Allocation Failure)  5256K->840K(15872K), 0.0007628 secs]
4.756: [GC (Allocation Failure)  5256K->840K(15872K), 0.0007600 secs]
4.761: [GC (Allocation Failure)  5256K->840K(15872K), 0.0007617 secs]
4.765: [GC (Allocation Failure)  5256K->840K(15872K), 0.0007633 secs]
4.769: [GC (Allocation Failure)  5256K->840K(15872K), 0.0007529 secs]
4.773: [GC (Allocation Failure)  5256K->840K(15872K), 0.0007523 secs]
4.777: [GC (Allocation Failure)  5256K->840K(15872K), 0.0007507 secs]
4.781: [GC (Allocation Failure)  5256K->840K(15872K), 0.0007611 secs]
4.785: [GC (Allocation Failure)  5256K->840K(15872K), 0.0007677 secs]
4.789: [GC (Allocation Failure)  5256K->840K(15872K), 0.0007617 secs]
4.793: [GC (Allocation Failure)  5256K->840K(15872K), 0.0007727 secs]
4.797: [GC (Allocation Failure)  5256K->840K(15872K), 0.0007705 secs]
4.801: [GC (Allocation Failure)  5256K->840K(15872K), 0.0007595 secs]
4.805: [GC (Allocation Failure)  5256K->840K(15872K), 0.0007677 secs]
4.809: [GC (Allocation Failure)  5256K->840K(15872K), 0.0007820 secs]
4.814: [GC (Allocation Failure)  5256K->840K(15872K), 0.0007661 secs]
4.818: [GC (Allocation Failure)  5256K->840K(15872K), 0.0008332 secs]
4.822: [GC (Allocation Failure)  5256K->840K(15872K), 0.0007749 secs]
4.827: [GC (Allocation Failure)  5256K->840K(15872K), 0.0009998 secs]
4.833: [GC (Allocation Failure)  5256K->840K(15872K), 0.0007655 secs]
4.837: [GC (Allocation Failure)  5256K->840K(15872K), 0.0007639 secs]
4.841: [GC (Allocation Failure)  5256K->840K(15872K), 0.0007677 secs]
4.845: [GC (Allocation Failure)  5256K->840K(15872K), 0.0007650 secs]
4.850: [GC (Allocation Failure)  5256K->840K(15872K), 0.0007584 secs]
4.854: [GC (Allocation Failure)  5256K->840K(15872K), 0.0007666 secs]
4.858: [GC (Allocation Failure)  5256K->840K(15872K), 0.0007628 secs]
4.862: [GC (Allocation Failure)  5256K->840K(15872K), 0.0007611 secs]
4.866: [GC (Allocation Failure)  5256K->840K(15872K), 0.0007672 secs]
4.870: [GC (Allocation Failure)  5256K->840K(15872K), 0.0007727 secs]
4.875: [GC (Allocation Failure)  5256K->840K(15872K), 0.0007848 secs]
4.880: [GC (Allocation Failure)  5256K->840K(15872K), 0.0007578 secs]
4.884: [GC (Allocation Failure)  5256K->840K(15872K), 0.0007672 secs]
4.888: [GC (Allocation Failure)  5256K->840K(15872K), 0.0007672 secs]
4.892: [GC (Allocation Failure)  5256K->840K(15872K), 0.0007622 secs]
4.897: [GC (Allocation Failure)  5256K->840K(15872K), 0.0007617 secs]
4.901: [GC (Allocation Failure)  5256K->840K(15872K), 0.0007633 secs]
4.905: [GC (Allocation Failure)  5256K->840K(15872K), 0.0007650 secs]
4.909: [GC (Allocation Failure)  5256K->840K(15872K), 0.0007782 secs]
4.914: [GC (Allocation Failure)  5256K->840K(15872K), 0.0007760 secs]
4.918: [GC (Allocation Failure)  5256K->840K(15872K), 0.0007738 secs]
4.923: [GC (Allocation Failure)  5256K->840K(15872K), 0.0010394 secs]
4.928: [GC (Allocation Failure)  5256K->840K(15872K), 0.0010306 secs]
4.934: [GC (Allocation Failure)  5256K->840K(15872K), 0.0010526 secs]
4.939: [GC (Allocation Failure)  5256K->840K(15872K), 0.0009311 secs]
4.944: [GC (Allocation Failure)  5256K->840K(15872K), 0.0008865 secs]
4.949: [GC (Allocation Failure)  5256K->840K(15872K), 0.0009954 secs]
4.954: [GC (Allocation Failure)  5256K->840K(15872K), 0.0009261 secs]
4.959: [GC (Allocation Failure)  5256K->840K(15872K), 0.0009921 secs]
4.964: [GC (Allocation Failure)  5256K->840K(15872K), 0.0008161 secs]
4.969: [GC (Allocation Failure)  5256K->840K(15872K), 0.0007787 secs]
4.973: [GC (Allocation Failure)  5256K->840K(15872K), 0.0007870 secs]
4.978: [GC (Allocation Failure)  5256K->840K(15872K), 0.0007743 secs]
4.982: [GC (Allocation Failure)  5256K->840K(15872K), 0.0007809 secs]
4.990: [GC (Allocation Failure)  5256K->840K(15872K), 0.0007875 secs]
4.994: [GC (Allocation Failure)  5256K->840K(15872K), 0.0008222 secs]
4.998: [GC (Allocation Failure)  5256K->840K(15872K), 0.0007672 secs]
5.002: [GC (Allocation Failure)  5256K->840K(15872K), 0.0007754 secs]
5.007: [GC (Allocation Failure)  5256K->840K(15872K), 0.0007732 secs]
5.011: [GC (Allocation Failure)  5256K->840K(15872K), 0.0007622 secs]
5.015: [GC (Allocation Failure)  5256K->840K(15872K), 0.0007672 secs]
5.019: [GC (Allocation Failure)  5256K->840K(15872K), 0.0007677 secs]
5.023: [GC (Allocation Failure)  5256K->840K(15872K), 0.0007562 secs]
5.027: [GC (Allocation Failure)  5256K->840K(15872K), 0.0007534 secs]
5.031: [GC (Allocation Failure)  5256K->840K(15872K), 0.0007688 secs]
5.035: [GC (Allocation Failure)  5256K->840K(15872K), 0.0007606 secs]
5.039: [GC (Allocation Failure)  5256K->840K(15872K), 0.0007705 secs]
5.043: [GC (Allocation Failure)  5256K->840K(15872K), 0.0007551 secs]
5.047: [GC (Allocation Failure)  5256K->840K(15872K), 0.0007545 secs]
5.051: [GC (Allocation Failure)  5256K->840K(15872K), 0.0007595 secs]
5.055: [GC (Allocation Failure)  5256K->840K(15872K), 0.0007661 secs]
5.059: [GC (Allocation Failure)  5256K->840K(15872K), 0.0007589 secs]
5.063: [GC (Allocation Failure)  5256K->840K(15872K), 0.0007617 secs]
5.067: [GC (Allocation Failure)  5256K->840K(15872K), 0.0007864 secs]
5.072: [GC (Allocation Failure)  5256K->840K(15872K), 0.0007584 secs]
5.076: [GC (Allocation Failure)  5256K->840K(15872K), 0.0007551 secs]
5.080: [GC (Allocation Failure)  5256K->840K(15872K), 0.0007584 secs]
5.084: [GC (Allocation Failure)  5256K->840K(15872K), 0.0007556 secs]
5.088: [GC (Allocation Failure)  5256K->840K(15872K), 0.0007666 secs]
5.092: [GC (Allocation Failure)  5256K->840K(15872K), 0.0007639 secs]
5.096: [GC (Allocation Failure)  5256K->840K(15872K), 0.0007639 secs]
5.100: [GC (Allocation Failure)  5256K->840K(15872K), 0.0007611 secs]
5.105: [GC (Allocation Failure)  5256K->840K(15872K), 0.0009014 secs]
5.110: [GC (Allocation Failure)  5256K->840K(15872K), 0.0008057 secs]
5.116: [GC (Allocation Failure)  5256K->840K(15872K), 0.0007738 secs]
5.123: [GC (Allocation Failure)  5256K->840K(15872K), 0.0008139 secs]
5.130: [GC (Allocation Failure)  5256K->840K(15872K), 0.0007749 secs]
5.134: [GC (Allocation Failure)  5256K->840K(15872K), 0.0007809 secs]
5.138: [GC (Allocation Failure)  5256K->840K(15872K), 0.0007765 secs]
5.143: [GC (Allocation Failure)  5256K->840K(15872K), 0.0007787 secs]
5.147: [GC (Allocation Failure)  5256K->840K(15872K), 0.0007919 secs]
5.153: [GC (Allocation Failure)  5256K->840K(15872K), 0.0007710 secs]
5.157: [GC (Allocation Failure)  5256K->840K(15872K), 0.0007672 secs]
5.163: [GC (Allocation Failure)  5256K->840K(15872K), 0.0007672 secs]
5.167: [GC (Allocation Failure)  5256K->840K(15872K), 0.0007606 secs]
5.171: [GC (Allocation Failure)  5256K->840K(15872K), 0.0007617 secs]
5.175: [GC (Allocation Failure)  5256K->840K(15872K), 0.0007606 secs]
5.179: [GC (Allocation Failure)  5256K->840K(15872K), 0.0012578 secs]
5.184: [GC (Allocation Failure)  5256K->840K(15872K), 0.0008112 secs]
5.188: [GC (Allocation Failure)  5256K->840K(15872K), 0.0007611 secs]
5.192: [GC (Allocation Failure)  5256K->840K(15872K), 0.0007606 secs]
5.197: [GC (Allocation Failure)  5256K->840K(15872K), 0.0007644 secs]
5.201: [GC (Allocation Failure)  5256K->840K(15872K), 0.0007600 secs]
5.205: [GC (Allocation Failure)  5256K->840K(15872K), 0.0007606 secs]
5.209: [GC (Allocation Failure)  5256K->840K(15872K), 0.0009019 secs]
5.213: [GC (Allocation Failure)  5256K->840K(15872K), 0.0007694 secs]
5.217: [GC (Allocation Failure)  5256K->840K(15872K), 0.0007919 secs]
5.221: [GC (Allocation Failure)  5256K->840K(15872K), 0.0007567 secs]
5.226: [GC (Allocation Failure)  5256K->840K(15872K), 0.0007754 secs]
5.230: [GC (Allocation Failure)  5256K->840K(15872K), 0.0007732 secs]
5.234: [GC (Allocation Failure)  5256K->840K(15872K), 0.0007749 secs]
5.238: [GC (Allocation Failure)  5256K->840K(15872K), 0.0007732 secs]
5.242: [GC (Allocation Failure)  5256K->840K(15872K), 0.0007991 secs]
5.247: [GC (Allocation Failure)  5256K->840K(15872K), 0.0007743 secs]
5.253: [GC (Allocation Failure)  5256K->840K(15872K), 0.0007848 secs]
5.257: [GC (Allocation Failure)  5256K->840K(15872K), 0.0007628 secs]
5.261: [GC (Allocation Failure)  5256K->840K(15872K), 0.0009091 secs]
5.265: [GC (Allocation Failure)  5256K->840K(15872K), 0.0007859 secs]
5.269: [GC (Allocation Failure)  5256K->840K(15872K), 0.0007886 secs]
5.273: [GC (Allocation Failure)  5256K->840K(15872K), 0.0007545 secs]
5.277: [GC (Allocation Failure)  5256K->840K(15872K), 0.0008029 secs]
5.281: [GC (Allocation Failure)  5256K->840K(15872K), 0.0007606 secs]
5.285: [GC (Allocation Failure)  5256K->840K(15872K), 0.0007639 secs]
5.289: [GC (Allocation Failure)  5256K->840K(15872K), 0.0007732 secs]
5.293: [GC (Allocation Failure)  5256K->840K(15872K), 0.0007881 secs]
5.297: [GC (Allocation Failure)  5256K->840K(15872K), 0.0007545 secs]
5.301: [GC (Allocation Failure)  5256K->840K(15872K), 0.0007666 secs]
5.305: [GC (Allocation Failure)  5256K->840K(15872K), 0.0007600 secs]
5.309: [GC (Allocation Failure)  5256K->840K(15872K), 0.0007644 secs]
5.313: [GC (Allocation Failure)  5256K->840K(15872K), 0.0007617 secs]
5.317: [GC (Allocation Failure)  5256K->840K(15872K), 0.0007655 secs]
5.321: [GC (Allocation Failure)  5256K->840K(15872K), 0.0007639 secs]
5.325: [GC (Allocation Failure)  5256K->840K(15872K), 0.0007628 secs]
5.329: [GC (Allocation Failure)  5256K->840K(15872K), 0.0007611 secs]
5.333: [GC (Allocation Failure)  5256K->840K(15872K), 0.0007578 secs]
5.337: [GC (Allocation Failure)  5256K->840K(15872K), 0.0009432 secs]
5.342: [GC (Allocation Failure)  5256K->840K(15872K), 0.0008084 secs]
5.347: [GC (Allocation Failure)  5256K->840K(15872K), 0.0007617 secs]
5.351: [GC (Allocation Failure)  5256K->840K(15872K), 0.0007545 secs]
5.355: [GC (Allocation Failure)  5256K->840K(15872K), 0.0007545 secs]
5.359: [GC (Allocation Failure)  5256K->840K(15872K), 0.0007501 secs]
5.363: [GC (Allocation Failure)  5256K->840K(15872K), 0.0007556 secs]
5.367: [GC (Allocation Failure)  5256K->840K(15872K), 0.0008447 secs]
5.371: [GC (Allocation Failure)  5256K->840K(15872K), 0.0007639 secs]
5.375: [GC (Allocation Failure)  5256K->840K(15872K), 0.0007897 secs]
5.379: [GC (Allocation Failure)  5256K->840K(15872K), 0.0007666 secs]
5.383: [GC (Allocation Failure)  5256K->840K(15872K), 0.0008211 secs]
5.388: [GC (Allocation Failure)  5256K->840K(15872K), 0.0007974 secs]
5.392: [GC (Allocation Failure)  5256K->840K(15872K), 0.0008348 secs]
5.396: [GC (Allocation Failure)  5256K->840K(15872K), 0.0008370 secs]
5.400: [GC (Allocation Failure)  5256K->840K(15872K), 0.0008574 secs]
5.404: [GC (Allocation Failure)  5256K->840K(15872K), 0.0007699 secs]
5.408: [GC (Allocation Failure)  5256K->840K(15872K), 0.0007699 secs]
5.413: [GC (Allocation Failure)  5256K->840K(15872K), 0.0007639 secs]
5.417: [GC (Allocation Failure)  5256K->840K(15872K), 0.0007655 secs]
5.421: [GC (Allocation Failure)  5256K->840K(15872K), 0.0007518 secs]
5.425: [GC (Allocation Failure)  5256K->840K(15872K), 0.0007573 secs]
5.429: [GC (Allocation Failure)  5256K->840K(15872K), 0.0007694 secs]
5.433: [GC (Allocation Failure)  5256K->840K(15872K), 0.0007545 secs]
5.437: [GC (Allocation Failure)  5256K->840K(15872K), 0.0007545 secs]
5.441: [GC (Allocation Failure)  5256K->840K(15872K), 0.0007496 secs]
5.445: [GC (Allocation Failure)  5256K->840K(15872K), 0.0008205 secs]
5.449: [GC (Allocation Failure)  5256K->840K(15872K), 0.0007732 secs]
5.453: [GC (Allocation Failure)  5256K->840K(15872K), 0.0007853 secs]
5.457: [GC (Allocation Failure)  5256K->840K(15872K), 0.0007688 secs]
5.461: [GC (Allocation Failure)  5256K->840K(15872K), 0.0007881 secs]
5.465: [GC (Allocation Failure)  5256K->840K(15872K), 0.0007793 secs]
5.469: [GC (Allocation Failure)  5256K->840K(15872K), 0.0007622 secs]
5.473: [GC (Allocation Failure)  5256K->840K(15872K), 0.0007600 secs]
5.478: [GC (Allocation Failure)  5256K->840K(15872K), 0.0007639 secs]
5.482: [GC (Allocation Failure)  5256K->840K(15872K), 0.0007562 secs]
5.486: [GC (Allocation Failure)  5256K->840K(15872K), 0.0007699 secs]
5.490: [GC (Allocation Failure)  5256K->840K(15872K), 0.0007611 secs]
5.494: [GC (Allocation Failure)  5256K->840K(15872K), 0.0008337 secs]
5.498: [GC (Allocation Failure)  5256K->840K(15872K), 0.0008189 secs]
5.502: [GC (Allocation Failure)  5256K->840K(15872K), 0.0007628 secs]
5.506: [GC (Allocation Failure)  5256K->840K(15872K), 0.0008469 secs]
5.510: [GC (Allocation Failure)  5256K->840K(15872K), 0.0007661 secs]
5.514: [GC (Allocation Failure)  5256K->840K(15872K), 0.0007606 secs]
5.519: [GC (Allocation Failure)  5256K->840K(15872K), 0.0007606 secs]
5.523: [GC (Allocation Failure)  5256K->840K(15872K), 0.0007595 secs]
5.527: [GC (Allocation Failure)  5256K->840K(15872K), 0.0007639 secs]
5.531: [GC (Allocation Failure)  5256K->840K(15872K), 0.0007628 secs]
5.535: [GC (Allocation Failure)  5256K->840K(15872K), 0.0007562 secs]
5.539: [GC (Allocation Failure)  5256K->840K(15872K), 0.0007545 secs]
5.543: [GC (Allocation Failure)  5256K->840K(15872K), 0.0007600 secs]
5.547: [GC (Allocation Failure)  5256K->840K(15872K), 0.0007655 secs]
5.551: [GC (Allocation Failure)  5256K->840K(15872K), 0.0007666 secs]
5.555: [GC (Allocation Failure)  5256K->840K(15872K), 0.0007765 secs]
5.559: [GC (Allocation Failure)  5256K->840K(15872K), 0.0009063 secs]
5.564: [GC (Allocation Failure)  5256K->840K(15872K), 0.0007650 secs]
5.568: [GC (Allocation Failure)  5256K->840K(15872K), 0.0007595 secs]
5.572: [GC (Allocation Failure)  5256K->840K(15872K), 0.0007996 secs]
5.576: [GC (Allocation Failure)  5256K->840K(15872K), 0.0007644 secs]
5.580: [GC (Allocation Failure)  5256K->840K(15872K), 0.0007738 secs]
5.584: [GC (Allocation Failure)  5256K->840K(15872K), 0.0007606 secs]
5.589: [GC (Allocation Failure)  5256K->840K(15872K), 0.0007633 secs]
5.593: [GC (Allocation Failure)  5256K->840K(15872K), 0.0007595 secs]
5.597: [GC (Allocation Failure)  5256K->840K(15872K), 0.0008502 secs]
5.602: [GC (Allocation Failure)  5256K->840K(15872K), 0.0008321 secs]
5.606: [GC (Allocation Failure)  5256K->840K(15872K), 0.0007661 secs]
5.610: [GC (Allocation Failure)  5256K->840K(15872K), 0.0007688 secs]
5.615: [GC (Allocation Failure)  5256K->840K(15872K), 0.0007804 secs]
5.619: [GC (Allocation Failure)  5256K->840K(15872K), 0.0007584 secs]
5.623: [GC (Allocation Failure)  5256K->840K(15872K), 0.0008574 secs]
5.627: [GC (Allocation Failure)  5256K->840K(15872K), 0.0009443 secs]
5.631: [GC (Allocation Failure)  5256K->840K(15872K), 0.0007677 secs]
5.635: [GC (Allocation Failure)  5256K->840K(15872K), 0.0007683 secs]
5.639: [GC (Allocation Failure)  5256K->840K(15872K), 0.0007705 secs]
5.644: [GC (Allocation Failure)  5256K->840K(15872K), 0.0007732 secs]
5.648: [GC (Allocation Failure)  5256K->840K(15872K), 0.0010169 secs]
5.652: [GC (Allocation Failure)  5256K->840K(15872K), 0.0007644 secs]
5.656: [GC (Allocation Failure)  5256K->840K(15872K), 0.0007523 secs]
5.660: [GC (Allocation Failure)  5256K->840K(15872K), 0.0007600 secs]
5.664: [GC (Allocation Failure)  5256K->840K(15872K), 0.0007661 secs]
5.668: [GC (Allocation Failure)  5256K->840K(15872K), 0.0007639 secs]
5.672: [GC (Allocation Failure)  5256K->840K(15872K), 0.0007606 secs]
5.676: [GC (Allocation Failure)  5256K->840K(15872K), 0.0007562 secs]
5.680: [GC (Allocation Failure)  5256K->840K(15872K), 0.0007798 secs]
5.684: [GC (Allocation Failure)  5256K->840K(15872K), 0.0008035 secs]
5.689: [GC (Allocation Failure)  5256K->840K(15872K), 0.0007655 secs]
5.693: [GC (Allocation Failure)  5256K->840K(15872K), 0.0007622 secs]
5.697: [GC (Allocation Failure)  5256K->840K(15872K), 0.0007589 secs]
5.701: [GC (Allocation Failure)  5256K->840K(15872K), 0.0007617 secs]
5.705: [GC (Allocation Failure)  5256K->840K(15872K), 0.0007578 secs]
5.709: [GC (Allocation Failure)  5256K->840K(15872K), 0.0007628 secs]
5.713: [GC (Allocation Failure)  5256K->840K(15872K), 0.0007732 secs]
5.717: [GC (Allocation Failure)  5256K->840K(15872K), 0.0007787 secs]
5.721: [GC (Allocation Failure)  5256K->840K(15872K), 0.0007562 secs]
5.725: [GC (Allocation Failure)  5256K->840K(15872K), 0.0007633 secs]
5.729: [GC (Allocation Failure)  5256K->840K(15872K), 0.0007875 secs]
5.733: [GC (Allocation Failure)  5256K->840K(15872K), 0.0007606 secs]
5.737: [GC (Allocation Failure)  5256K->840K(15872K), 0.0007639 secs]
5.742: [GC (Allocation Failure)  5256K->840K(15872K), 0.0007655 secs]
5.746: [GC (Allocation Failure)  5256K->840K(15872K), 0.0008046 secs]
5.750: [GC (Allocation Failure)  5256K->840K(15872K), 0.0007496 secs]
5.754: [GC (Allocation Failure)  5256K->840K(15872K), 0.0007545 secs]
5.758: [GC (Allocation Failure)  5256K->840K(15872K), 0.0007650 secs]
5.762: [GC (Allocation Failure)  5256K->840K(15872K), 0.0008238 secs]
5.766: [GC (Allocation Failure)  5256K->840K(15872K), 0.0007639 secs]
5.770: [GC (Allocation Failure)  5256K->840K(15872K), 0.0008381 secs]
5.775: [GC (Allocation Failure)  5256K->840K(15872K), 0.0008139 secs]
5.779: [GC (Allocation Failure)  5256K->840K(15872K), 0.0007589 secs]
5.783: [GC (Allocation Failure)  5256K->840K(15872K), 0.0007540 secs]
5.787: [GC (Allocation Failure)  5256K->840K(15872K), 0.0007628 secs]
5.791: [GC (Allocation Failure)  5256K->840K(15872K), 0.0007617 secs]
5.795: [GC (Allocation Failure)  5256K->840K(15872K), 0.0008029 secs]
5.799: [GC (Allocation Failure)  5256K->840K(15872K), 0.0007628 secs]
5.803: [GC (Allocation Failure)  5256K->840K(15872K), 0.0007650 secs]
5.807: [GC (Allocation Failure)  5256K->840K(15872K), 0.0008255 secs]
5.812: [GC (Allocation Failure)  5256K->840K(15872K), 0.0008464 secs]
5.816: [GC (Allocation Failure)  5256K->840K(15872K), 0.0007661 secs]
5.820: [GC (Allocation Failure)  5256K->840K(15872K), 0.0007611 secs]
5.824: [GC (Allocation Failure)  5256K->840K(15872K), 0.0007490 secs]
5.828: [GC (Allocation Failure)  5256K->840K(15872K), 0.0007853 secs]
5.832: [GC (Allocation Failure)  5256K->840K(15872K), 0.0007705 secs]
5.836: [GC (Allocation Failure)  5256K->840K(15872K), 0.0007600 secs]
5.840: [GC (Allocation Failure)  5256K->840K(15872K), 0.0007666 secs]
5.844: [GC (Allocation Failure)  5256K->840K(15872K), 0.0007859 secs]
5.849: [GC (Allocation Failure)  5256K->840K(15872K), 0.0007776 secs]
5.853: [GC (Allocation Failure)  5256K->840K(15872K), 0.0007606 secs]
5.857: [GC (Allocation Failure)  5256K->840K(15872K), 0.0007606 secs]
5.861: [GC (Allocation Failure)  5256K->840K(15872K), 0.0007639 secs]
5.865: [GC (Allocation Failure)  5256K->840K(15872K), 0.0009069 secs]
5.869: [GC (Allocation Failure)  5256K->840K(15872K), 0.0007622 secs]
5.873: [GC (Allocation Failure)  5256K->840K(15872K), 0.0007721 secs]
5.877: [GC (Allocation Failure)  5256K->840K(15872K), 0.0007694 secs]
5.882: [GC (Allocation Failure)  5256K->840K(15872K), 0.0007710 secs]
5.886: [GC (Allocation Failure)  5256K->840K(15872K), 0.0008183 secs]
5.890: [GC (Allocation Failure)  5256K->840K(15872K), 0.0007545 secs]
5.894: [GC (Allocation Failure)  5256K->840K(15872K), 0.0008139 secs]
5.898: [GC (Allocation Failure)  5256K->840K(15872K), 0.0007688 secs]
5.902: [GC (Allocation Failure)  5256K->840K(15872K), 0.0007650 secs]
5.906: [GC (Allocation Failure)  5256K->840K(15872K), 0.0007831 secs]
5.911: [GC (Allocation Failure)  5256K->840K(15872K), 0.0007688 secs]
5.915: [GC (Allocation Failure)  5256K->840K(15872K), 0.0007655 secs]
5.919: [GC (Allocation Failure)  5256K->840K(15872K), 0.0007589 secs]
5.923: [GC (Allocation Failure)  5256K->840K(15872K), 0.0007501 secs]
5.927: [GC (Allocation Failure)  5256K->840K(15872K), 0.0007485 secs]
5.933: [GC (Allocation Failure)  5256K->840K(15872K), 0.0007716 secs]
5.937: [GC (Allocation Failure)  5256K->840K(15872K), 0.0007617 secs]
5.942: [GC (Allocation Failure)  5256K->840K(15872K), 0.0007738 secs]
5.946: [GC (Allocation Failure)  5256K->840K(15872K), 0.0007606 secs]
5.950: [GC (Allocation Failure)  5256K->840K(15872K), 0.0007578 secs]
5.954: [GC (Allocation Failure)  5256K->840K(15872K), 0.0007853 secs]
5.958: [GC (Allocation Failure)  5256K->840K(15872K), 0.0008530 secs]
5.962: [GC (Allocation Failure)  5256K->840K(15872K), 0.0007589 secs]
5.966: [GC (Allocation Failure)  5256K->840K(15872K), 0.0007556 secs]
5.970: [GC (Allocation Failure)  5256K->840K(15872K), 0.0008035 secs]
5.974: [GC (Allocation Failure)  5256K->840K(15872K), 0.0007644 secs]
5.978: [GC (Allocation Failure)  5256K->840K(15872K), 0.0007804 secs]
5.982: [GC (Allocation Failure)  5256K->840K(15872K), 0.0007600 secs]
5.986: [GC (Allocation Failure)  5256K->840K(15872K), 0.0007628 secs]
5.990: [GC (Allocation Failure)  5256K->840K(15872K), 0.0007562 secs]
5.995: [GC (Allocation Failure)  5256K->840K(15872K), 0.0007589 secs]
5.999: [GC (Allocation Failure)  5256K->840K(15872K), 0.0007545 secs]
6.003: [GC (Allocation Failure)  5256K->840K(15872K), 0.0007584 secs]
6.007: [GC (Allocation Failure)  5256K->840K(15872K), 0.0007584 secs]
6.011: [GC (Allocation Failure)  5256K->840K(15872K), 0.0007963 secs]
6.015: [GC (Allocation Failure)  5256K->840K(15872K), 0.0007600 secs]
6.019: [GC (Allocation Failure)  5256K->840K(15872K), 0.0007600 secs]
6.023: [GC (Allocation Failure)  5256K->840K(15872K), 0.0007606 secs]
6.027: [GC (Allocation Failure)  5256K->840K(15872K), 0.0008002 secs]
6.031: [GC (Allocation Failure)  5256K->840K(15872K), 0.0007611 secs]
6.035: [GC (Allocation Failure)  5256K->840K(15872K), 0.0007655 secs]
6.039: [GC (Allocation Failure)  5256K->840K(15872K), 0.0007611 secs]
6.043: [GC (Allocation Failure)  5256K->840K(15872K), 0.0007705 secs]
6.047: [GC (Allocation Failure)  5256K->840K(15872K), 0.0007655 secs]
6.051: [GC (Allocation Failure)  5256K->840K(15872K), 0.0007633 secs]
6.055: [GC (Allocation Failure)  5256K->840K(15872K), 0.0007628 secs]
6.060: [GC (Allocation Failure)  5256K->840K(15872K), 0.0007584 secs]
6.064: [GC (Allocation Failure)  5256K->840K(15872K), 0.0010592 secs]
6.068: [GC (Allocation Failure)  5256K->840K(15872K), 0.0007947 secs]
6.072: [GC (Allocation Failure)  5256K->840K(15872K), 0.0007650 secs]
6.076: [GC (Allocation Failure)  5256K->840K(15872K), 0.0008304 secs]
6.080: [GC (Allocation Failure)  5256K->840K(15872K), 0.0007710 secs]
6.085: [GC (Allocation Failure)  5256K->840K(15872K), 0.0007721 secs]
6.089: [GC (Allocation Failure)  5256K->840K(15872K), 0.0007617 secs]
6.093: [GC (Allocation Failure)  5256K->840K(15872K), 0.0007507 secs]
6.097: [GC (Allocation Failure)  5256K->840K(15872K), 0.0007622 secs]
6.101: [GC (Allocation Failure)  5256K->840K(15872K), 0.0007617 secs]
6.105: [GC (Allocation Failure)  5256K->840K(15872K), 0.0007556 secs]
6.109: [GC (Allocation Failure)  5256K->840K(15872K), 0.0007793 secs]
6.113: [GC (Allocation Failure)  5256K->840K(15872K), 0.0007886 secs]
6.118: [GC (Allocation Failure)  5256K->840K(15872K), 0.0007661 secs]
6.122: [GC (Allocation Failure)  5256K->840K(15872K), 0.0009206 secs]
6.126: [GC (Allocation Failure)  5256K->840K(15872K), 0.0007644 secs]
6.130: [GC (Allocation Failure)  5256K->840K(15872K), 0.0007578 secs]
6.134: [GC (Allocation Failure)  5256K->840K(15872K), 0.0007589 secs]
6.138: [GC (Allocation Failure)  5256K->840K(15872K), 0.0007606 secs]
6.142: [GC (Allocation Failure)  5256K->840K(15872K), 0.0007573 secs]
6.146: [GC (Allocation Failure)  5256K->840K(15872K), 0.0008178 secs]
6.150: [GC (Allocation Failure)  5256K->840K(15872K), 0.0007699 secs]
6.154: [GC (Allocation Failure)  5256K->840K(15872K), 0.0007540 secs]
6.158: [GC (Allocation Failure)  5256K->840K(15872K), 0.0007545 secs]
6.163: [GC (Allocation Failure)  5256K->840K(15872K), 0.0007518 secs]
6.167: [GC (Allocation Failure)  5256K->840K(15872K), 0.0007578 secs]
6.171: [GC (Allocation Failure)  5256K->840K(15872K), 0.0007595 secs]
6.175: [GC (Allocation Failure)  5256K->840K(15872K), 0.0007650 secs]
6.179: [GC (Allocation Failure)  5256K->840K(15872K), 0.0007573 secs]
6.183: [GC (Allocation Failure)  5256K->840K(15872K), 0.0007727 secs]
6.187: [GC (Allocation Failure)  5256K->840K(15872K), 0.0007633 secs]
6.191: [GC (Allocation Failure)  5256K->840K(15872K), 0.0007661 secs]
6.195: [GC (Allocation Failure)  5256K->840K(15872K), 0.0007584 secs]
6.199: [GC (Allocation Failure)  5256K->840K(15872K), 0.0007529 secs]
6.203: [GC (Allocation Failure)  5256K->840K(15872K), 0.0007655 secs]
6.207: [GC (Allocation Failure)  5256K->840K(15872K), 0.0007611 secs]
6.212: [GC (Allocation Failure)  5256K->840K(15872K), 0.0008167 secs]
6.216: [GC (Allocation Failure)  5256K->840K(15872K), 0.0007562 secs]
6.220: [GC (Allocation Failure)  5256K->840K(15872K), 0.0007501 secs]
6.224: [GC (Allocation Failure)  5256K->840K(15872K), 0.0007518 secs]
6.228: [GC (Allocation Failure)  5256K->840K(15872K), 0.0007672 secs]
6.232: [GC (Allocation Failure)  5256K->840K(15872K), 0.0007617 secs]
6.236: [GC (Allocation Failure)  5256K->840K(15872K), 0.0007859 secs]
6.240: [GC (Allocation Failure)  5256K->840K(15872K), 0.0007578 secs]
6.244: [GC (Allocation Failure)  5256K->840K(15872K), 0.0007628 secs]
6.248: [GC (Allocation Failure)  5256K->840K(15872K), 0.0007611 secs]
6.252: [GC (Allocation Failure)  5256K->840K(15872K), 0.0007556 secs]
6.256: [GC (Allocation Failure)  5256K->840K(15872K), 0.0007677 secs]
6.260: [GC (Allocation Failure)  5256K->840K(15872K), 0.0007556 secs]
6.264: [GC (Allocation Failure)  5256K->840K(15872K), 0.0007639 secs]
6.268: [GC (Allocation Failure)  5256K->840K(15872K), 0.0007738 secs]
6.273: [GC (Allocation Failure)  5256K->840K(15872K), 0.0007732 secs]
6.277: [GC (Allocation Failure)  5256K->840K(15872K), 0.0007551 secs]
6.281: [GC (Allocation Failure)  5256K->840K(15872K), 0.0007628 secs]
6.285: [GC (Allocation Failure)  5256K->840K(15872K), 0.0007512 secs]
6.289: [GC (Allocation Failure)  5256K->840K(15872K), 0.0008013 secs]
6.293: [GC (Allocation Failure)  5256K->840K(15872K), 0.0007705 secs]
6.297: [GC (Allocation Failure)  5256K->840K(15872K), 0.0007600 secs]
6.301: [GC (Allocation Failure)  5256K->840K(15872K), 0.0007600 secs]
6.305: [GC (Allocation Failure)  5256K->840K(15872K), 0.0007666 secs]
6.309: [GC (Allocation Failure)  5256K->840K(15872K), 0.0008216 secs]
6.313: [GC (Allocation Failure)  5256K->840K(15872K), 0.0007727 secs]
6.317: [GC (Allocation Failure)  5256K->840K(15872K), 0.0007628 secs]
6.322: [GC (Allocation Failure)  5256K->840K(15872K), 0.0007644 secs]
6.326: [GC (Allocation Failure)  5256K->840K(15872K), 0.0007540 secs]
6.330: [GC (Allocation Failure)  5256K->840K(15872K), 0.0007529 secs]
6.334: [GC (Allocation Failure)  5256K->840K(15872K), 0.0008112 secs]
6.338: [GC (Allocation Failure)  5256K->840K(15872K), 0.0007611 secs]
6.342: [GC (Allocation Failure)  5256K->840K(15872K), 0.0007600 secs]
6.347: [GC (Allocation Failure)  5256K->840K(15872K), 0.0007963 secs]
6.351: [GC (Allocation Failure)  5256K->840K(15872K), 0.0007628 secs]
6.355: [GC (Allocation Failure)  5256K->840K(15872K), 0.0007650 secs]
6.359: [GC (Allocation Failure)  5256K->840K(15872K), 0.0007617 secs]
6.364: [GC (Allocation Failure)  5256K->840K(15872K), 0.0007683 secs]
6.368: [GC (Allocation Failure)  5256K->840K(15872K), 0.0007991 secs]
6.372: [GC (Allocation Failure)  5256K->840K(15872K), 0.0008766 secs]
6.377: [GC (Allocation Failure)  5256K->840K(15872K), 0.0010999 secs]
6.382: [GC (Allocation Failure)  5256K->840K(15872K), 0.0009025 secs]
6.386: [GC (Allocation Failure)  5256K->840K(15872K), 0.0008079 secs]
6.394: [GC (Allocation Failure)  5256K->840K(15872K), 0.0008711 secs]
6.399: [GC (Allocation Failure)  5256K->840K(15872K), 0.0007930 secs]
6.404: [GC (Allocation Failure)  5256K->840K(15872K), 0.0007804 secs]
6.409: [GC (Allocation Failure)  5256K->840K(15872K), 0.0007721 secs]
6.415: [GC (Allocation Failure)  5256K->840K(15872K), 0.0007743 secs]
6.419: [GC (Allocation Failure)  5256K->840K(15872K), 0.0007677 secs]
6.423: [GC (Allocation Failure)  5256K->840K(15872K), 0.0007716 secs]
6.427: [GC (Allocation Failure)  5256K->840K(15872K), 0.0020805 secs]
6.433: [GC (Allocation Failure)  5256K->840K(15872K), 0.0007914 secs]
6.437: [GC (Allocation Failure)  5256K->840K(15872K), 0.0007688 secs]
6.441: [GC (Allocation Failure)  5256K->840K(15872K), 0.0007738 secs]
6.447: [GC (Allocation Failure)  5256K->840K(15872K), 0.0008827 secs]
6.452: [GC (Allocation Failure)  5256K->840K(15872K), 0.0007622 secs]
6.457: [GC (Allocation Failure)  5256K->840K(15872K), 0.0008007 secs]
6.464: [GC (Allocation Failure)  5256K->840K(15872K), 0.0007650 secs]
6.470: [GC (Allocation Failure)  5256K->840K(15872K), 0.0009426 secs]
6.474: [GC (Allocation Failure)  5256K->840K(15872K), 0.0011049 secs]
6.479: [GC (Allocation Failure)  5256K->840K(15872K), 0.0007919 secs]
6.483: [GC (Allocation Failure)  5256K->840K(15872K), 0.0007710 secs]
6.488: [GC (Allocation Failure)  5256K->840K(15872K), 0.0007826 secs]
6.492: [GC (Allocation Failure)  5256K->840K(15872K), 0.0007650 secs]
6.496: [GC (Allocation Failure)  5256K->840K(15872K), 0.0007644 secs]
6.501: [GC (Allocation Failure)  5256K->840K(15872K), 0.0007633 secs]
6.505: [GC (Allocation Failure)  5256K->840K(15872K), 0.0007963 secs]
6.509: [GC (Allocation Failure)  5256K->840K(15872K), 0.0007705 secs]
6.513: [GC (Allocation Failure)  5256K->840K(15872K), 0.0007666 secs]
6.517: [GC (Allocation Failure)  5256K->840K(15872K), 0.0007578 secs]
6.521: [GC (Allocation Failure)  5256K->840K(15872K), 0.0007622 secs]
6.525: [GC (Allocation Failure)  5256K->840K(15872K), 0.0007688 secs]
6.529: [GC (Allocation Failure)  5256K->840K(15872K), 0.0007683 secs]
6.533: [GC (Allocation Failure)  5256K->840K(15872K), 0.0007666 secs]
6.538: [GC (Allocation Failure)  5256K->840K(15872K), 0.0008062 secs]
6.542: [GC (Allocation Failure)  5256K->840K(15872K), 0.0008222 secs]
6.546: [GC (Allocation Failure)  5256K->840K(15872K), 0.0008343 secs]
6.550: [GC (Allocation Failure)  5256K->840K(15872K), 0.0007666 secs]
6.554: [GC (Allocation Failure)  5256K->840K(15872K), 0.0008799 secs]
6.559: [GC (Allocation Failure)  5256K->840K(15872K), 0.0007556 secs]
6.563: [GC (Allocation Failure)  5256K->840K(15872K), 0.0008150 secs]
6.567: [GC (Allocation Failure)  5256K->840K(15872K), 0.0007633 secs]
6.571: [GC (Allocation Failure)  5256K->840K(15872K), 0.0010031 secs]
6.575: [GC (Allocation Failure)  5256K->840K(15872K), 0.0008403 secs]
6.580: [GC (Allocation Failure)  5256K->840K(15872K), 0.0008849 secs]
6.584: [GC (Allocation Failure)  5256K->840K(15872K), 0.0007644 secs]
6.588: [GC (Allocation Failure)  5256K->840K(15872K), 0.0007595 secs]
6.592: [GC (Allocation Failure)  5256K->840K(15872K), 0.0007622 secs]
6.596: [GC (Allocation Failure)  5256K->840K(15872K), 0.0008893 secs]
6.601: [GC (Allocation Failure)  5256K->840K(15872K), 0.0007683 secs]
6.605: [GC (Allocation Failure)  5256K->840K(15872K), 0.0007705 secs]
6.609: [GC (Allocation Failure)  5256K->840K(15872K), 0.0007562 secs]
6.613: [GC (Allocation Failure)  5256K->840K(15872K), 0.0007644 secs]
6.617: [GC (Allocation Failure)  5256K->840K(15872K), 0.0008255 secs]
6.621: [GC (Allocation Failure)  5256K->840K(15872K), 0.0007683 secs]
6.625: [GC (Allocation Failure)  5256K->840K(15872K), 0.0008552 secs]
6.630: [GC (Allocation Failure)  5256K->840K(15872K), 0.0007584 secs]
6.634: [GC (Allocation Failure)  5256K->840K(15872K), 0.0007688 secs]
6.638: [GC (Allocation Failure)  5256K->840K(15872K), 0.0007754 secs]
6.642: [GC (Allocation Failure)  5256K->840K(15872K), 0.0008854 secs]
6.647: [GC (Allocation Failure)  5256K->840K(15872K), 0.0007644 secs]
6.651: [GC (Allocation Failure)  5256K->840K(15872K), 0.0007738 secs]
6.655: [GC (Allocation Failure)  5256K->840K(15872K), 0.0007694 secs]
6.659: [GC (Allocation Failure)  5256K->840K(15872K), 0.0007644 secs]
6.664: [GC (Allocation Failure)  5256K->840K(15872K), 0.0009745 secs]
6.668: [GC (Allocation Failure)  5256K->840K(15872K), 0.0007606 secs]
6.672: [GC (Allocation Failure)  5256K->840K(15872K), 0.0008563 secs]
6.677: [GC (Allocation Failure)  5256K->840K(15872K), 0.0007826 secs]
6.681: [GC (Allocation Failure)  5256K->840K(15872K), 0.0007760 secs]
6.685: [GC (Allocation Failure)  5256K->840K(15872K), 0.0007628 secs]
6.689: [GC (Allocation Failure)  5256K->840K(15872K), 0.0007710 secs]
6.693: [GC (Allocation Failure)  5256K->840K(15872K), 0.0007600 secs]
6.698: [GC (Allocation Failure)  5256K->840K(15872K), 0.0007749 secs]
6.702: [GC (Allocation Failure)  5256K->840K(15872K), 0.0007534 secs]
6.706: [GC (Allocation Failure)  5256K->840K(15872K), 0.0007743 secs]
6.710: [GC (Allocation Failure)  5256K->840K(15872K), 0.0023956 secs]
6.716: [GC (Allocation Failure)  5256K->840K(15872K), 0.0007754 secs]
6.722: [GC (Allocation Failure)  5256K->840K(15872K), 0.0007864 secs]
6.729: [GC (Allocation Failure)  5256K->840K(15872K), 0.0009443 secs]
6.733: [GC (Allocation Failure)  5256K->840K(15872K), 0.0008733 secs]
6.738: [GC (Allocation Failure)  5256K->840K(15872K), 0.0007683 secs]
6.742: [GC (Allocation Failure)  5256K->840K(15872K), 0.0012902 secs]
6.746: [GC (Allocation Failure)  5256K->840K(15872K), 0.0007870 secs]
6.751: [GC (Allocation Failure)  5256K->840K(15872K), 0.0007743 secs]
6.755: [GC (Allocation Failure)  5256K->840K(15872K), 0.0007749 secs]
6.760: [GC (Allocation Failure)  5256K->840K(15872K), 0.0018561 secs]
6.766: [GC (Allocation Failure)  5256K->840K(15872K), 0.0012539 secs]
6.771: [GC (Allocation Failure)  5256K->840K(15872K), 0.0007842 secs]
6.775: [GC (Allocation Failure)  5256K->840K(15872K), 0.0007650 secs]
6.782: [GC (Allocation Failure)  5256K->840K(15872K), 0.0012275 secs]
6.786: [GC (Allocation Failure)  5256K->840K(15872K), 0.0007837 secs]
6.791: [GC (Allocation Failure)  5256K->840K(15872K), 0.0007666 secs]
6.795: [GC (Allocation Failure)  5256K->840K(15872K), 0.0008156 secs]
6.799: [GC (Allocation Failure)  5256K->840K(15872K), 0.0007694 secs]
6.803: [GC (Allocation Failure)  5256K->840K(15872K), 0.0007765 secs]
6.810: [GC (Allocation Failure)  5256K->840K(15872K), 0.0007826 secs]
6.814: [GC (Allocation Failure)  5256K->840K(15872K), 0.0007914 secs]
6.819: [GC (Allocation Failure)  5256K->840K(15872K), 0.0007919 secs]
6.824: [GC (Allocation Failure)  5256K->840K(15872K), 0.0007760 secs]
6.829: [GC (Allocation Failure)  5256K->840K(15872K), 0.0008057 secs]
6.835: [GC (Allocation Failure)  5256K->840K(15872K), 0.0008255 secs]
6.840: [GC (Allocation Failure)  5256K->840K(15872K), 0.0007809 secs]
6.846: [GC (Allocation Failure)  5256K->840K(15872K), 0.0008590 secs]
6.850: [GC (Allocation Failure)  5256K->840K(15872K), 0.0007683 secs]
6.856: [GC (Allocation Failure)  5256K->840K(15872K), 0.0007980 secs]
6.863: [GC (Allocation Failure)  5256K->840K(15872K), 0.0007842 secs]
6.868: [GC (Allocation Failure)  5256K->840K(15872K), 0.0012429 secs]
6.872: [GC (Allocation Failure)  5256K->840K(15872K), 0.0007776 secs]
6.881: [GC (Allocation Failure)  5256K->840K(15872K), 0.0007842 secs]
6.887: [GC (Allocation Failure)  5256K->840K(15872K), 0.0007892 secs]
6.899: [GC (Allocation Failure)  5256K->840K(15872K), 0.0007881 secs]
6.904: [GC (Allocation Failure)  5256K->840K(15872K), 0.0007639 secs]
6.909: [GC (Allocation Failure)  5256K->840K(15872K), 0.0007864 secs]
6.918: [GC (Allocation Failure)  5256K->840K(15872K), 0.0008139 secs]
6.923: [GC (Allocation Failure)  5256K->840K(15872K), 0.0008530 secs]
6.928: [GC (Allocation Failure)  5256K->840K(15872K), 0.0007886 secs]
6.935: [GC (Allocation Failure)  5256K->840K(15872K), 0.0007936 secs]
6.939: [GC (Allocation Failure)  5256K->840K(15872K), 0.0008293 secs]
6.944: [GC (Allocation Failure)  5256K->840K(15872K), 0.0009355 secs]
6.951: [GC (Allocation Failure)  5256K->840K(15872K), 0.0007974 secs]
6.956: [GC (Allocation Failure)  5256K->840K(15872K), 0.0007749 secs]
6.960: [GC (Allocation Failure)  5256K->840K(15872K), 0.0007936 secs]
6.966: [GC (Allocation Failure)  5256K->840K(15872K), 0.0007941 secs]
6.971: [GC (Allocation Failure)  5256K->840K(15872K), 0.0008095 secs]
6.979: [GC (Allocation Failure)  5256K->840K(15872K), 0.0008447 secs]
6.983: [GC (Allocation Failure)  5256K->840K(15872K), 0.0013567 secs]
6.989: [GC (Allocation Failure)  5256K->840K(15872K), 0.0007853 secs]
6.995: [GC (Allocation Failure)  5256K->840K(15872K), 0.0007980 secs]
7.001: [GC (Allocation Failure)  5256K->840K(15872K), 0.0007787 secs]
7.008: [GC (Allocation Failure)  5256K->840K(15872K), 0.0011945 secs]
7.017: [GC (Allocation Failure)  5256K->840K(15872K), 0.0007974 secs]
7.023: [GC (Allocation Failure)  5256K->840K(15872K), 0.0007947 secs]
7.029: [GC (Allocation Failure)  5256K->840K(15872K), 0.0007710 secs]
7.034: [GC (Allocation Failure)  5256K->840K(15872K), 0.0007666 secs]
7.038: [GC (Allocation Failure)  5256K->840K(15872K), 0.0007628 secs]
7.044: [GC (Allocation Failure)  5256K->840K(15872K), 0.0017632 secs]
7.051: [GC (Allocation Failure)  5256K->840K(15872K), 0.0007881 secs]
7.060: [GC (Allocation Failure)  5256K->840K(15872K), 0.0007573 secs]
7.066: [GC (Allocation Failure)  5256K->840K(15872K), 0.0007699 secs]
7.071: [GC (Allocation Failure)  5256K->840K(15872K), 0.0007661 secs]
7.075: [GC (Allocation Failure)  5256K->840K(15872K), 0.0007837 secs]
7.080: [GC (Allocation Failure)  5256K->840K(15872K), 0.0007848 secs]
7.085: [GC (Allocation Failure)  5256K->840K(15872K), 0.0012198 secs]
7.097: [GC (Allocation Failure)  5256K->840K(15872K), 0.0007754 secs]
7.101: [GC (Allocation Failure)  5256K->840K(15872K), 0.0007853 secs]
7.105: [GC (Allocation Failure)  5256K->840K(15872K), 0.0007765 secs]
7.109: [GC (Allocation Failure)  5256K->840K(15872K), 0.0012231 secs]
7.114: [GC (Allocation Failure)  5256K->840K(15872K), 0.0007705 secs]
7.118: [GC (Allocation Failure)  5256K->840K(15872K), 0.0008051 secs]
7.122: [GC (Allocation Failure)  5256K->840K(15872K), 0.0007782 secs]
7.127: [GC (Allocation Failure)  5256K->840K(15872K), 0.0010257 secs]
7.132: [GC (Allocation Failure)  5256K->840K(15872K), 0.0008150 secs]
7.136: [GC (Allocation Failure)  5256K->840K(15872K), 0.0008420 secs]
7.143: [GC (Allocation Failure)  5256K->840K(15872K), 0.0007776 secs]
7.147: [GC (Allocation Failure)  5256K->840K(15872K), 0.0012336 secs]
7.152: [GC (Allocation Failure)  5256K->840K(15872K), 0.0007749 secs]
7.156: [GC (Allocation Failure)  5256K->840K(15872K), 0.0007919 secs]
7.160: [GC (Allocation Failure)  5256K->840K(15872K), 0.0017637 secs]
7.166: [GC (Allocation Failure)  5256K->840K(15872K), 0.0007716 secs]
7.170: [GC (Allocation Failure)  5256K->840K(15872K), 0.0007798 secs]
7.174: [GC (Allocation Failure)  5256K->840K(15872K), 0.0007903 secs]
7.181: [GC (Allocation Failure)  5256K->840K(15872K), 0.0007754 secs]
7.186: [GC (Allocation Failure)  5256K->840K(15872K), 0.0007606 secs]
7.190: [GC (Allocation Failure)  5256K->840K(15872K), 0.0007628 secs]
7.194: [GC (Allocation Failure)  5256K->840K(15872K), 0.0008975 secs]
7.199: [GC (Allocation Failure)  5256K->840K(15872K), 0.0007529 secs]
7.203: [GC (Allocation Failure)  5256K->840K(15872K), 0.0007567 secs]
7.207: [GC (Allocation Failure)  5256K->840K(15872K), 0.0007606 secs]
7.211: [GC (Allocation Failure)  5256K->840K(15872K), 0.0008282 secs]
7.215: [GC (Allocation Failure)  5256K->840K(15872K), 0.0007743 secs]
7.219: [GC (Allocation Failure)  5256K->840K(15872K), 0.0007688 secs]
7.223: [GC (Allocation Failure)  5256K->840K(15872K), 0.0007661 secs]
7.227: [GC (Allocation Failure)  5256K->840K(15872K), 0.0008145 secs]
7.232: [GC (Allocation Failure)  5256K->840K(15872K), 0.0007600 secs]
7.236: [GC (Allocation Failure)  5256K->840K(15872K), 0.0007562 secs]
7.240: [GC (Allocation Failure)  5256K->840K(15872K), 0.0007644 secs]
7.244: [GC (Allocation Failure)  5256K->840K(15872K), 0.0007991 secs]
7.248: [GC (Allocation Failure)  5256K->840K(15872K), 0.0007650 secs]
7.252: [GC (Allocation Failure)  5256K->840K(15872K), 0.0007562 secs]
7.256: [GC (Allocation Failure)  5256K->840K(15872K), 0.0007721 secs]
7.261: [GC (Allocation Failure)  5256K->840K(15872K), 0.0008315 secs]
7.265: [GC (Allocation Failure)  5256K->840K(15872K), 0.0007666 secs]
7.269: [GC (Allocation Failure)  5256K->840K(15872K), 0.0007600 secs]
7.273: [GC (Allocation Failure)  5256K->840K(15872K), 0.0007589 secs]
7.277: [GC (Allocation Failure)  5256K->840K(15872K), 0.0007672 secs]
7.281: [GC (Allocation Failure)  5256K->840K(15872K), 0.0007727 secs]
7.285: [GC (Allocation Failure)  5256K->840K(15872K), 0.0007677 secs]
7.290: [GC (Allocation Failure)  5256K->840K(15872K), 0.0008024 secs]
7.294: [GC (Allocation Failure)  5256K->840K(15872K), 0.0007529 secs]
7.298: [GC (Allocation Failure)  5256K->840K(15872K), 0.0008090 secs]
7.302: [GC (Allocation Failure)  5256K->840K(15872K), 0.0008816 secs]
7.306: [GC (Allocation Failure)  5256K->840K(15872K), 0.0007672 secs]
7.310: [GC (Allocation Failure)  5256K->840K(15872K), 0.0007639 secs]
7.314: [GC (Allocation Failure)  5256K->840K(15872K), 0.0007738 secs]
7.319: [GC (Allocation Failure)  5256K->840K(15872K), 0.0007639 secs]
7.323: [GC (Allocation Failure)  5256K->840K(15872K), 0.0007545 secs]
7.327: [GC (Allocation Failure)  5256K->840K(15872K), 0.0007512 secs]
7.331: [GC (Allocation Failure)  5256K->840K(15872K), 0.0007617 secs]
7.335: [GC (Allocation Failure)  5256K->840K(15872K), 0.0007556 secs]
7.339: [GC (Allocation Failure)  5256K->840K(15872K), 0.0007672 secs]
7.343: [GC (Allocation Failure)  5256K->840K(15872K), 0.0007562 secs]
7.348: [GC (Allocation Failure)  5256K->840K(15872K), 0.0007600 secs]
7.352: [GC (Allocation Failure)  5256K->840K(15872K), 0.0007512 secs]
7.356: [GC (Allocation Failure)  5256K->840K(15872K), 0.0007512 secs]
7.360: [GC (Allocation Failure)  5256K->840K(15872K), 0.0007617 secs]
7.364: [GC (Allocation Failure)  5256K->840K(15872K), 0.0007617 secs]
7.368: [GC (Allocation Failure)  5256K->840K(15872K), 0.0007600 secs]
7.372: [GC (Allocation Failure)  5256K->840K(15872K), 0.0007584 secs]
7.376: [GC (Allocation Failure)  5256K->840K(15872K), 0.0007578 secs]
7.381: [GC (Allocation Failure)  5256K->840K(15872K), 0.0007666 secs]
7.385: [GC (Allocation Failure)  5256K->840K(15872K), 0.0007551 secs]
7.389: [GC (Allocation Failure)  5256K->840K(15872K), 0.0007578 secs]
7.393: [GC (Allocation Failure)  5256K->840K(15872K), 0.0007633 secs]
7.397: [GC (Allocation Failure)  5256K->840K(15872K), 0.0013391 secs]
7.402: [GC (Allocation Failure)  5256K->840K(15872K), 0.0008964 secs]
7.406: [GC (Allocation Failure)  5256K->840K(15872K), 0.0007903 secs]
7.410: [GC (Allocation Failure)  5256K->840K(15872K), 0.0018484 secs]
7.416: [GC (Allocation Failure)  5256K->840K(15872K), 0.0007710 secs]
7.420: [GC (Allocation Failure)  5256K->840K(15872K), 0.0007622 secs]
7.425: [GC (Allocation Failure)  5256K->840K(15872K), 0.0007611 secs]
7.429: [GC (Allocation Failure)  5256K->840K(15872K), 0.0008002 secs]
7.434: [GC (Allocation Failure)  5256K->840K(15872K), 0.0007727 secs]
7.438: [GC (Allocation Failure)  5256K->840K(15872K), 0.0007875 secs]
7.442: [GC (Allocation Failure)  5256K->840K(15872K), 0.0007617 secs]
7.447: [GC (Allocation Failure)  5256K->840K(15872K), 0.0009025 secs]
7.452: [GC (Allocation Failure)  5256K->840K(15872K), 0.0007721 secs]
7.456: [GC (Allocation Failure)  5256K->840K(15872K), 0.0007600 secs]
7.460: [GC (Allocation Failure)  5256K->840K(15872K), 0.0007600 secs]
7.465: [GC (Allocation Failure)  5256K->840K(15872K), 0.0009212 secs]
7.469: [GC (Allocation Failure)  5256K->840K(15872K), 0.0007661 secs]
7.473: [GC (Allocation Failure)  5256K->840K(15872K), 0.0007661 secs]
7.478: [GC (Allocation Failure)  5256K->840K(15872K), 0.0013040 secs]
7.482: [GC (Allocation Failure)  5256K->840K(15872K), 0.0007732 secs]
7.486: [GC (Allocation Failure)  5256K->840K(15872K), 0.0007776 secs]
7.490: [GC (Allocation Failure)  5256K->840K(15872K), 0.0007589 secs]
7.495: [GC (Allocation Failure)  5256K->840K(15872K), 0.0007809 secs]
7.499: [GC (Allocation Failure)  5256K->840K(15872K), 0.0011951 secs]
7.504: [GC (Allocation Failure)  5256K->840K(15872K), 0.0007606 secs]
7.508: [GC (Allocation Failure)  5256K->840K(15872K), 0.0007947 secs]
7.512: [GC (Allocation Failure)  5256K->840K(15872K), 0.0007870 secs]
7.517: [GC (Allocation Failure)  5256K->840K(15872K), 0.0007617 secs]
7.521: [GC (Allocation Failure)  5256K->840K(15872K), 0.0007738 secs]
7.525: [GC (Allocation Failure)  5256K->840K(15872K), 0.0007853 secs]
7.530: [GC (Allocation Failure)  5256K->840K(15872K), 0.0007694 secs]
7.535: [GC (Allocation Failure)  5256K->840K(15872K), 0.0009344 secs]
7.539: [GC (Allocation Failure)  5256K->840K(15872K), 0.0007760 secs]
7.543: [GC (Allocation Failure)  5256K->840K(15872K), 0.0008387 secs]
7.549: [GC (Allocation Failure)  5256K->840K(15872K), 0.0007842 secs]
7.553: [GC (Allocation Failure)  5256K->840K(15872K), 0.0007683 secs]
7.558: [GC (Allocation Failure)  5256K->840K(15872K), 0.0008062 secs]
7.562: [GC (Allocation Failure)  5256K->840K(15872K), 0.0008563 secs]
7.566: [GC (Allocation Failure)  5256K->840K(15872K), 0.0007716 secs]
7.571: [GC (Allocation Failure)  5256K->840K(15872K), 0.0007578 secs]
7.575: [GC (Allocation Failure)  5256K->840K(15872K), 0.0007996 secs]
7.580: [GC (Allocation Failure)  5256K->840K(15872K), 0.0008810 secs]
7.585: [GC (Allocation Failure)  5256K->840K(15872K), 0.0007705 secs]
7.589: [GC (Allocation Failure)  5256K->840K(15872K), 0.0007710 secs]
7.593: [GC (Allocation Failure)  5256K->840K(15872K), 0.0019502 secs]
7.599: [GC (Allocation Failure)  5256K->840K(15872K), 0.0007611 secs]
7.603: [GC (Allocation Failure)  5256K->840K(15872K), 0.0013903 secs]
7.608: [GC (Allocation Failure)  5256K->840K(15872K), 0.0007963 secs]
7.613: [GC (Allocation Failure)  5256K->840K(15872K), 0.0008546 secs]
7.618: [GC (Allocation Failure)  5256K->840K(15872K), 0.0007771 secs]
7.622: [GC (Allocation Failure)  5256K->840K(15872K), 0.0007556 secs]
7.627: [GC (Allocation Failure)  5256K->840K(15872K), 0.0008040 secs]
7.631: [GC (Allocation Failure)  5256K->840K(15872K), 0.0007661 secs]
7.635: [GC (Allocation Failure)  5256K->840K(15872K), 0.0007655 secs]
7.639: [GC (Allocation Failure)  5256K->840K(15872K), 0.0007573 secs]
7.643: [GC (Allocation Failure)  5256K->840K(15872K), 0.0007716 secs]
7.648: [GC (Allocation Failure)  5256K->840K(15872K), 0.0009520 secs]
7.653: [GC (Allocation Failure)  5256K->840K(15872K), 0.0008079 secs]
7.658: [GC (Allocation Failure)  5256K->840K(15872K), 0.0007677 secs]
7.662: [GC (Allocation Failure)  5256K->840K(15872K), 0.0008145 secs]
7.667: [GC (Allocation Failure)  5256K->840K(15872K), 0.0008189 secs]
7.671: [GC (Allocation Failure)  5256K->840K(15872K), 0.0008563 secs]
7.675: [GC (Allocation Failure)  5256K->840K(15872K), 0.0007639 secs]
7.680: [GC (Allocation Failure)  5256K->840K(15872K), 0.0008931 secs]
7.685: [GC (Allocation Failure)  5256K->840K(15872K), 0.0009311 secs]
7.689: [GC (Allocation Failure)  5256K->840K(15872K), 0.0007639 secs]
7.693: [GC (Allocation Failure)  5256K->840K(15872K), 0.0007628 secs]
7.700: [GC (Allocation Failure)  5256K->840K(15872K), 0.0008145 secs]
7.704: [GC (Allocation Failure)  5256K->840K(15872K), 0.0009498 secs]
7.708: [GC (Allocation Failure)  5256K->840K(15872K), 0.0007666 secs]
7.712: [GC (Allocation Failure)  5256K->840K(15872K), 0.0007831 secs]
7.717: [GC (Allocation Failure)  5256K->840K(15872K), 0.0008007 secs]
7.722: [GC (Allocation Failure)  5256K->840K(15872K), 0.0007677 secs]
7.726: [GC (Allocation Failure)  5256K->840K(15872K), 0.0007798 secs]
7.731: [GC (Allocation Failure)  5256K->840K(15872K), 0.0007809 secs]
7.736: [GC (Allocation Failure)  5256K->840K(15872K), 0.0009113 secs]
7.740: [GC (Allocation Failure)  5256K->840K(15872K), 0.0007611 secs]
7.744: [GC (Allocation Failure)  5256K->840K(15872K), 0.0007732 secs]
7.749: [GC (Allocation Failure)  5256K->840K(15872K), 0.0007996 secs]
7.753: [GC (Allocation Failure)  5256K->840K(15872K), 0.0009107 secs]
7.758: [GC (Allocation Failure)  5256K->840K(15872K), 0.0007815 secs]
7.762: [GC (Allocation Failure)  5256K->840K(15872K), 0.0007886 secs]
7.767: [GC (Allocation Failure)  5256K->840K(15872K), 0.0007831 secs]
7.771: [GC (Allocation Failure)  5256K->840K(15872K), 0.0007743 secs]
7.776: [GC (Allocation Failure)  5256K->840K(15872K), 0.0007683 secs]
7.784: [GC (Allocation Failure)  5256K->840K(15872K), 0.0007666 secs]
7.793: [GC (Allocation Failure)  5256K->840K(15872K), 0.0008409 secs]
7.800: [GC (Allocation Failure)  5256K->840K(15872K), 0.0009465 secs]
7.806: [GC (Allocation Failure)  5256K->840K(15872K), 0.0010103 secs]
7.818: [GC (Allocation Failure)  5256K->840K(15872K), 0.0007914 secs]
7.831: [GC (Allocation Failure)  5256K->840K(15872K), 0.0007996 secs]
7.838: [GC (Allocation Failure)  5256K->840K(15872K), 0.0007842 secs]
7.843: [GC (Allocation Failure)  5256K->840K(15872K), 0.0010647 secs]
7.850: [GC (Allocation Failure)  5256K->840K(15872K), 0.0007919 secs]
7.854: [GC (Allocation Failure)  5256K->840K(15872K), 0.0007875 secs]
7.858: [GC (Allocation Failure)  5256K->840K(15872K), 0.0007749 secs]
7.862: [GC (Allocation Failure)  5256K->840K(15872K), 0.0007798 secs]
7.866: [GC (Allocation Failure)  5256K->840K(15872K), 0.0007848 secs]
7.870: [GC (Allocation Failure)  5256K->840K(15872K), 0.0008398 secs]
7.875: [GC (Allocation Failure)  5256K->840K(15872K), 0.0007738 secs]
7.879: [GC (Allocation Failure)  5256K->840K(15872K), 0.0007765 secs]
7.884: [GC (Allocation Failure)  5256K->840K(15872K), 0.0007903 secs]
7.890: [GC (Allocation Failure)  5256K->840K(15872K), 0.0007881 secs]
7.894: [GC (Allocation Failure)  5256K->840K(15872K), 0.0007754 secs]
7.899: [GC (Allocation Failure)  5256K->840K(15872K), 0.0007551 secs]
7.903: [GC (Allocation Failure)  5256K->840K(15872K), 0.0007556 secs]
7.907: [GC (Allocation Failure)  5256K->840K(15872K), 0.0007589 secs]
7.911: [GC (Allocation Failure)  5256K->840K(15872K), 0.0007776 secs]
7.916: [GC (Allocation Failure)  5256K->840K(15872K), 0.0014948 secs]
7.922: [GC (Allocation Failure)  5256K->840K(15872K), 0.0008359 secs]
7.946: [GC (Allocation Failure)  5256K->840K(15872K), 0.0007749 secs]
7.955: [GC (Allocation Failure)  5256K->840K(15872K), 0.0007765 secs]
7.959: [GC (Allocation Failure)  5256K->840K(15872K), 0.0008387 secs]
7.964: [GC (Allocation Failure)  5256K->840K(15872K), 0.0010290 secs]
7.968: [GC (Allocation Failure)  5256K->840K(15872K), 0.0008486 secs]
7.973: [GC (Allocation Failure)  5256K->840K(15872K), 0.0008062 secs]
7.985: [GC (Allocation Failure)  5256K->840K(15872K), 0.0007754 secs]
7.991: [GC (Allocation Failure)  5256K->840K(15872K), 0.0007655 secs]
7.995: [GC (Allocation Failure)  5256K->840K(15872K), 0.0007683 secs]
8.000: [GC (Allocation Failure)  5256K->840K(15872K), 0.0007683 secs]
8.018: [GC (Allocation Failure)  5256K->840K(15872K), 0.0007710 secs]
8.022: [GC (Allocation Failure)  5256K->840K(15872K), 0.0007672 secs]
8.039: [GC (Allocation Failure)  5256K->840K(15872K), 0.0028361 secs]
8.054: [GC (Allocation Failure)  5256K->840K(15872K), 0.0008370 secs]
8.058: [GC (Allocation Failure)  5256K->840K(15872K), 0.0008277 secs]
8.067: [GC (Allocation Failure)  5256K->840K(15872K), 0.0009503 secs]
8.072: [GC (Allocation Failure)  5256K->840K(15872K), 0.0007479 secs]
8.076: [GC (Allocation Failure)  5256K->840K(15872K), 0.0007721 secs]
8.084: [GC (Allocation Failure)  5256K->840K(15872K), 0.0007710 secs]
8.089: [GC (Allocation Failure)  5256K->840K(15872K), 0.0007633 secs]
8.115: [GC (Allocation Failure)  5256K->840K(15872K), 0.0010455 secs]
8.121: [GC (Allocation Failure)  5256K->840K(15872K), 0.0007633 secs]
8.128: [GC (Allocation Failure)  5256K->840K(15872K), 0.0010290 secs]
8.133: [GC (Allocation Failure)  5256K->840K(15872K), 0.0007914 secs]
8.144: [GC (Allocation Failure)  5256K->840K(15872K), 0.0022889 secs]
8.150: [GC (Allocation Failure)  5256K->840K(15872K), 0.0007721 secs]
8.154: [GC (Allocation Failure)  5256K->840K(15872K), 0.0007672 secs]
8.159: [GC (Allocation Failure)  5256K->840K(15872K), 0.0007688 secs]
8.163: [GC (Allocation Failure)  5256K->840K(15872K), 0.0008816 secs]
8.170: [GC (Allocation Failure)  5256K->840K(15872K), 0.0008205 secs]
8.176: [GC (Allocation Failure)  5256K->840K(15872K), 0.0008183 secs]
8.183: [GC (Allocation Failure)  5256K->840K(15872K), 0.0007815 secs]
8.187: [GC (Allocation Failure)  5256K->840K(15872K), 0.0007798 secs]
8.197: [GC (Allocation Failure)  5256K->840K(15872K), 0.0007727 secs]
8.201: [GC (Allocation Failure)  5256K->840K(15872K), 0.0007688 secs]
8.206: [GC (Allocation Failure)  5256K->840K(15872K), 0.0007556 secs]
8.210: [GC (Allocation Failure)  5256K->840K(15872K), 0.0007650 secs]
8.217: [GC (Allocation Failure)  5256K->840K(15872K), 0.0007633 secs]
8.221: [GC (Allocation Failure)  5256K->840K(15872K), 0.0007606 secs]
8.226: [GC (Allocation Failure)  5256K->840K(15872K), 0.0007655 secs]
8.233: [GC (Allocation Failure)  5256K->840K(15872K), 0.0007716 secs]
8.238: [GC (Allocation Failure)  5256K->840K(15872K), 0.0007611 secs]
8.242: [GC (Allocation Failure)  5256K->840K(15872K), 0.0007694 secs]
8.248: [GC (Allocation Failure)  5256K->840K(15872K), 0.0007666 secs]
8.252: [GC (Allocation Failure)  5256K->840K(15872K), 0.0007644 secs]
8.257: [GC (Allocation Failure)  5256K->840K(15872K), 0.0007837 secs]
8.266: [GC (Allocation Failure)  5256K->840K(15872K), 0.0007782 secs]
8.271: [GC (Allocation Failure)  5256K->840K(15872K), 0.0007782 secs]
8.275: [GC (Allocation Failure)  5256K->840K(15872K), 0.0007617 secs]
8.281: [GC (Allocation Failure)  5256K->840K(15872K), 0.0008068 secs]
8.285: [GC (Allocation Failure)  5256K->840K(15872K), 0.0007963 secs]
8.290: [GC (Allocation Failure)  5256K->840K(15872K), 0.0007815 secs]
8.294: [GC (Allocation Failure)  5256K->840K(15872K), 0.0009003 secs]
8.302: [GC (Allocation Failure)  5256K->840K(15872K), 0.0007914 secs]
8.306: [GC (Allocation Failure)  5256K->840K(15872K), 0.0007600 secs]
8.312: [GC (Allocation Failure)  5256K->840K(15872K), 0.0007732 secs]
8.317: [GC (Allocation Failure)  5256K->840K(15872K), 0.0007617 secs]
8.321: [GC (Allocation Failure)  5256K->840K(15872K), 0.0007650 secs]
8.325: [GC (Allocation Failure)  5256K->840K(15872K), 0.0007875 secs]
8.330: [GC (Allocation Failure)  5256K->840K(15872K), 0.0007914 secs]
8.334: [GC (Allocation Failure)  5256K->840K(15872K), 0.0007892 secs]
8.338: [GC (Allocation Failure)  5256K->840K(15872K), 0.0007798 secs]
8.347: [GC (Allocation Failure)  5256K->840K(15872K), 0.0007743 secs]
8.352: [GC (Allocation Failure)  5256K->840K(15872K), 0.0007798 secs]
8.356: [GC (Allocation Failure)  5256K->840K(15872K), 0.0007710 secs]
8.360: [GC (Allocation Failure)  5256K->840K(15872K), 0.0018462 secs]
8.369: [GC (Allocation Failure)  5256K->840K(15872K), 0.0007743 secs]
8.373: [GC (Allocation Failure)  5256K->840K(15872K), 0.0007705 secs]
8.377: [GC (Allocation Failure)  5256K->840K(15872K), 0.0018589 secs]
8.385: [GC (Allocation Failure)  5256K->840K(15872K), 0.0007650 secs]
8.390: [GC (Allocation Failure)  5256K->840K(15872K), 0.0007716 secs]
8.397: [GC (Allocation Failure)  5256K->840K(15872K), 0.0007969 secs]
8.403: [GC (Allocation Failure)  5256K->840K(15872K), 0.0008326 secs]
8.412: [GC (Allocation Failure)  5256K->840K(15872K), 0.0009734 secs]
8.430: [GC (Allocation Failure)  5256K->840K(15872K), 0.0007859 secs]
8.434: [GC (Allocation Failure)  5256K->840K(15872K), 0.0008106 secs]
8.438: [GC (Allocation Failure)  5256K->840K(15872K), 0.0007908 secs]
8.446: [GC (Allocation Failure)  5256K->840K(15872K), 0.0007974 secs]
8.450: [GC (Allocation Failure)  5256K->840K(15872K), 0.0007908 secs]
8.454: [GC (Allocation Failure)  5256K->840K(15872K), 0.0007837 secs]
8.459: [GC (Allocation Failure)  5256K->840K(15872K), 0.0007831 secs]
8.465: [GC (Allocation Failure)  5256K->840K(15872K), 0.0007677 secs]
8.469: [GC (Allocation Failure)  5256K->840K(15872K), 0.0007578 secs]
8.474: [GC (Allocation Failure)  5256K->840K(15872K), 0.0007606 secs]
8.481: [GC (Allocation Failure)  5256K->840K(15872K), 0.0007727 secs]
8.490: [GC (Allocation Failure)  5256K->840K(15872K), 0.0008079 secs]
8.496: [GC (Allocation Failure)  5256K->840K(15872K), 0.0007870 secs]
8.504: [GC (Allocation Failure)  5256K->840K(15872K), 0.0008007 secs]
8.511: [GC (Allocation Failure)  5256K->840K(15872K), 0.0023687 secs]
8.517: [GC (Allocation Failure)  5256K->840K(15872K), 0.0008222 secs]
8.521: [GC (Allocation Failure)  5256K->840K(15872K), 0.0007699 secs]
8.551: [GC (Allocation Failure)  5256K->840K(15872K), 0.0008607 secs]
8.565: [GC (Allocation Failure)  5256K->840K(15872K), 0.0007925 secs]
8.581: [GC (Allocation Failure)  5256K->840K(15872K), 0.0007754 secs]
8.586: [GC (Allocation Failure)  5256K->840K(15872K), 0.0009668 secs]
8.621: [GC (Allocation Failure)  5256K->840K(15872K), 0.0008277 secs]
8.626: [GC (Allocation Failure)  5256K->840K(15872K), 0.0007947 secs]
8.630: [GC (Allocation Failure)  5256K->840K(15872K), 0.0007633 secs]
8.638: [GC (Allocation Failure)  5256K->840K(15872K), 0.0008359 secs]
8.642: [GC (Allocation Failure)  5256K->840K(15872K), 0.0008161 secs]
8.649: [GC (Allocation Failure)  5256K->840K(15872K), 0.0008502 secs]
8.654: [GC (Allocation Failure)  5256K->840K(15872K), 0.0007672 secs]
8.660: [GC (Allocation Failure)  5256K->840K(15872K), 0.0018660 secs]
8.666: [GC (Allocation Failure)  5256K->840K(15872K), 0.0008370 secs]
8.671: [GC (Allocation Failure)  5256K->840K(15872K), 0.0007661 secs]
8.675: [GC (Allocation Failure)  5256K->840K(15872K), 0.0009228 secs]
8.682: [GC (Allocation Failure)  5256K->840K(15872K), 0.0007721 secs]
8.686: [GC (Allocation Failure)  5256K->840K(15872K), 0.0007710 secs]
8.690: [GC (Allocation Failure)  5256K->840K(15872K), 0.0023588 secs]
8.698: [GC (Allocation Failure)  5256K->840K(15872K), 0.0008051 secs]
8.702: [GC (Allocation Failure)  5256K->840K(15872K), 0.0007639 secs]
8.708: [GC (Allocation Failure)  5256K->840K(15872K), 0.0007969 secs]
8.714: [GC (Allocation Failure)  5256K->840K(15872K), 0.0007787 secs]
8.729: [GC (Allocation Failure)  5256K->840K(15872K), 0.0007655 secs]
8.733: [GC (Allocation Failure)  5256K->840K(15872K), 0.0007848 secs]
8.737: [GC (Allocation Failure)  5256K->840K(15872K), 0.0008717 secs]
8.742: [GC (Allocation Failure)  5256K->840K(15872K), 0.0008282 secs]
8.746: [GC (Allocation Failure)  5256K->840K(15872K), 0.0007798 secs]
8.751: [GC (Allocation Failure)  5256K->840K(15872K), 0.0007837 secs]
8.755: [GC (Allocation Failure)  5256K->840K(15872K), 0.0007914 secs]
8.759: [GC (Allocation Failure)  5256K->840K(15872K), 0.0008018 secs]
8.764: [GC (Allocation Failure)  5256K->840K(15872K), 0.0007721 secs]
8.768: [GC (Allocation Failure)  5256K->840K(15872K), 0.0007765 secs]
8.772: [GC (Allocation Failure)  5256K->840K(15872K), 0.0007776 secs]
8.776: [GC (Allocation Failure)  5256K->840K(15872K), 0.0007991 secs]
8.781: [GC (Allocation Failure)  5256K->840K(15872K), 0.0008640 secs]
8.785: [GC (Allocation Failure)  5256K->840K(15872K), 0.0007837 secs]
8.789: [GC (Allocation Failure)  5256K->840K(15872K), 0.0007919 secs]
8.793: [GC (Allocation Failure)  5256K->840K(15872K), 0.0007787 secs]
8.797: [GC (Allocation Failure)  5256K->840K(15872K), 0.0008931 secs]
8.802: [GC (Allocation Failure)  5256K->840K(15872K), 0.0010631 secs]
8.806: [GC (Allocation Failure)  5256K->840K(15872K), 0.0007908 secs]
8.811: [GC (Allocation Failure)  5256K->840K(15872K), 0.0018363 secs]
8.816: [GC (Allocation Failure)  5256K->840K(15872K), 0.0008629 secs]
8.821: [GC (Allocation Failure)  5256K->840K(15872K), 0.0007798 secs]
8.825: [GC (Allocation Failure)  5256K->840K(15872K), 0.0008073 secs]
8.830: [GC (Allocation Failure)  5256K->840K(15872K), 0.0007787 secs]
8.834: [GC (Allocation Failure)  5256K->840K(15872K), 0.0008354 secs]
8.838: [GC (Allocation Failure)  5256K->840K(15872K), 0.0007831 secs]
8.842: [GC (Allocation Failure)  5256K->840K(15872K), 0.0014420 secs]
8.848: [GC (Allocation Failure)  5256K->840K(15872K), 0.0007815 secs]
8.853: [GC (Allocation Failure)  5256K->840K(15872K), 0.0007826 secs]
8.858: [GC (Allocation Failure)  5256K->840K(15872K), 0.0007842 secs]
8.862: [GC (Allocation Failure)  5256K->840K(15872K), 0.0007837 secs]
8.866: [GC (Allocation Failure)  5256K->840K(15872K), 0.0008739 secs]
8.871: [GC (Allocation Failure)  5256K->840K(15872K), 0.0007793 secs]
8.875: [GC (Allocation Failure)  5256K->840K(15872K), 0.0007765 secs]
8.879: [GC (Allocation Failure)  5256K->840K(15872K), 0.0007870 secs]
8.884: [GC (Allocation Failure)  5256K->840K(15872K), 0.0007881 secs]
8.888: [GC (Allocation Failure)  5256K->840K(15872K), 0.0009162 secs]
8.892: [GC (Allocation Failure)  5256K->840K(15872K), 0.0009987 secs]
8.897: [GC (Allocation Failure)  5256K->840K(15872K), 0.0008519 secs]
8.901: [GC (Allocation Failure)  5256K->840K(15872K), 0.0008348 secs]
8.906: [GC (Allocation Failure)  5256K->840K(15872K), 0.0008068 secs]
8.910: [GC (Allocation Failure)  5256K->840K(15872K), 0.0008425 secs]
8.915: [GC (Allocation Failure)  5256K->840K(15872K), 0.0008288 secs]
8.919: [GC (Allocation Failure)  5256K->840K(15872K), 0.0008161 secs]
8.923: [GC (Allocation Failure)  5256K->840K(15872K), 0.0008579 secs]
8.928: [GC (Allocation Failure)  5256K->840K(15872K), 0.0007903 secs]
8.932: [GC (Allocation Failure)  5256K->840K(15872K), 0.0007754 secs]
8.936: [GC (Allocation Failure)  5256K->840K(15872K), 0.0009212 secs]
8.944: [GC (Allocation Failure)  5256K->840K(15872K), 0.0017720 secs]
8.949: [GC (Allocation Failure)  5256K->840K(15872K), 0.0007804 secs]
8.953: [GC (Allocation Failure)  5256K->840K(15872K), 0.0014552 secs]
8.958: [GC (Allocation Failure)  5256K->840K(15872K), 0.0007765 secs]
8.963: [GC (Allocation Failure)  5256K->840K(15872K), 0.0008189 secs]
8.967: [GC (Allocation Failure)  5256K->840K(15872K), 0.0007743 secs]
8.971: [GC (Allocation Failure)  5256K->840K(15872K), 0.0007908 secs]
8.975: [GC (Allocation Failure)  5256K->840K(15872K), 0.0009569 secs]
8.980: [GC (Allocation Failure)  5256K->840K(15872K), 0.0008579 secs]
8.985: [GC (Allocation Failure)  5256K->840K(15872K), 0.0007875 secs]
8.989: [GC (Allocation Failure)  5256K->840K(15872K), 0.0008392 secs]
8.994: [GC (Allocation Failure)  5256K->840K(15872K), 0.0018204 secs]
9.001: [GC (Allocation Failure)  5256K->840K(15872K), 0.0007815 secs]
9.005: [GC (Allocation Failure)  5256K->840K(15872K), 0.0008651 secs]
9.010: [GC (Allocation Failure)  5256K->840K(15872K), 0.0007925 secs]
9.015: [GC (Allocation Failure)  5256K->840K(15872K), 0.0015646 secs]
9.020: [GC (Allocation Failure)  5256K->840K(15872K), 0.0008403 secs]
9.025: [GC (Allocation Failure)  5256K->840K(15872K), 0.0007765 secs]
9.029: [GC (Allocation Failure)  5256K->840K(15872K), 0.0008293 secs]
9.034: [GC (Allocation Failure)  5256K->840K(15872K), 0.0008211 secs]
9.038: [GC (Allocation Failure)  5256K->840K(15872K), 0.0007809 secs]
9.043: [GC (Allocation Failure)  5256K->840K(15872K), 0.0010999 secs]
9.051: [GC (Allocation Failure)  5256K->840K(15872K), 0.0008546 secs]
9.055: [GC (Allocation Failure)  5256K->840K(15872K), 0.0014739 secs]
9.060: [GC (Allocation Failure)  5256K->840K(15872K), 0.0009245 secs]
9.065: [GC (Allocation Failure)  5256K->840K(15872K), 0.0007996 secs]
9.069: [GC (Allocation Failure)  5256K->840K(15872K), 0.0014970 secs]
9.075: [GC (Allocation Failure)  5256K->840K(15872K), 0.0007699 secs]
9.079: [GC (Allocation Failure)  5256K->840K(15872K), 0.0008464 secs]
9.084: [GC (Allocation Failure)  5256K->840K(15872K), 0.0007727 secs]
9.088: [GC (Allocation Failure)  5256K->840K(15872K), 0.0008871 secs]
9.093: [GC (Allocation Failure)  5256K->840K(15872K), 0.0030044 secs]
9.102: [GC (Allocation Failure)  5256K->840K(15872K), 0.0007677 secs]
9.107: [GC (Allocation Failure)  5256K->840K(15872K), 0.0008475 secs]
9.112: [GC (Allocation Failure)  5256K->840K(15872K), 0.0007688 secs]
9.116: [GC (Allocation Failure)  5256K->840K(15872K), 0.0008222 secs]
9.121: [GC (Allocation Failure)  5256K->840K(15872K), 0.0010180 secs]
9.127: [GC (Allocation Failure)  5256K->840K(15872K), 0.0022994 secs]
9.133: [GC (Allocation Failure)  5256K->840K(15872K), 0.0008629 secs]
9.138: [GC (Allocation Failure)  5256K->840K(15872K), 0.0007842 secs]
9.142: [GC (Allocation Failure)  5256K->840K(15872K), 0.0008656 secs]
9.147: [GC (Allocation Failure)  5256K->840K(15872K), 0.0007771 secs]
9.160: [GC (Allocation Failure)  5256K->840K(15872K), 0.0023071 secs]
9.170: [GC (Allocation Failure)  5256K->840K(15872K), 0.0007815 secs]
9.176: [GC (Allocation Failure)  5256K->840K(15872K), 0.0007798 secs]
9.186: [GC (Allocation Failure)  5256K->840K(15872K), 0.0007842 secs]
9.192: [GC (Allocation Failure)  5256K->840K(15872K), 0.0009481 secs]
9.201: [GC (Allocation Failure)  5256K->840K(15872K), 0.0007760 secs]
9.208: [GC (Allocation Failure)  5256K->840K(15872K), 0.0007661 secs]
9.217: [GC (Allocation Failure)  5256K->840K(15872K), 0.0007688 secs]
9.222: [GC (Allocation Failure)  5256K->840K(15872K), 0.0007754 secs]
9.265: [GC (Allocation Failure)  5256K->840K(15872K), 0.0007727 secs]
9.277: [GC (Allocation Failure)  5256K->840K(15872K), 0.0020805 secs]
9.288: [GC (Allocation Failure)  5256K->840K(15872K), 0.0008810 secs]
9.294: [GC (Allocation Failure)  5256K->840K(15872K), 0.0017472 secs]
9.300: [GC (Allocation Failure)  5256K->840K(15872K), 0.0007815 secs]
9.304: [GC (Allocation Failure)  5256K->840K(15872K), 0.0007688 secs]
9.308: [GC (Allocation Failure)  5256K->840K(15872K), 0.0007606 secs]
9.319: [GC (Allocation Failure)  5256K->840K(15872K), 0.0008376 secs]
9.324: [GC (Allocation Failure)  5256K->840K(15872K), 0.0007859 secs]
9.333: [GC (Allocation Failure)  5256K->840K(15872K), 0.0007710 secs]
9.337: [GC (Allocation Failure)  5256K->840K(15872K), 0.0007765 secs]
9.342: [GC (Allocation Failure)  5256K->840K(15872K), 0.0008277 secs]
9.352: [GC (Allocation Failure)  5256K->840K(15872K), 0.0007815 secs]
9.357: [GC (Allocation Failure)  5256K->840K(15872K), 0.0007672 secs]
9.366: [GC (Allocation Failure)  5256K->840K(15872K), 0.0008260 secs]
9.370: [GC (Allocation Failure)  5256K->840K(15872K), 0.0007699 secs]
9.376: [GC (Allocation Failure)  5256K->840K(15872K), 0.0007710 secs]
9.385: [GC (Allocation Failure)  5256K->840K(15872K), 0.0007853 secs]
9.390: [GC (Allocation Failure)  5256K->840K(15872K), 0.0007809 secs]
9.401: [GC (Allocation Failure)  5256K->840K(15872K), 0.0008299 secs]
9.405: [GC (Allocation Failure)  5256K->840K(15872K), 0.0013117 secs]
9.410: [GC (Allocation Failure)  5256K->840K(15872K), 0.0018424 secs]
9.420: [GC (Allocation Failure)  5256K->840K(15872K), 0.0007710 secs]
9.425: [GC (Allocation Failure)  5256K->840K(15872K), 0.0008541 secs]
9.434: [GC (Allocation Failure)  5256K->840K(15872K), 0.0007826 secs]
9.438: [GC (Allocation Failure)  5256K->840K(15872K), 0.0013331 secs]
9.444: [GC (Allocation Failure)  5256K->840K(15872K), 0.0018220 secs]
9.452: [GC (Allocation Failure)  5256K->840K(15872K), 0.0007771 secs]
9.457: [GC (Allocation Failure)  5256K->840K(15872K), 0.0007820 secs]
9.465: [GC (Allocation Failure)  5256K->840K(15872K), 0.0008183 secs]
9.469: [GC (Allocation Failure)  5256K->840K(15872K), 0.0007798 secs]
9.474: [GC (Allocation Failure)  5256K->840K(15872K), 0.0008887 secs]
9.480: [GC (Allocation Failure)  5256K->840K(15872K), 0.0007760 secs]
9.485: [GC (Allocation Failure)  5256K->840K(15872K), 0.0008293 secs]
9.491: [GC (Allocation Failure)  5256K->840K(15872K), 0.0008161 secs]
9.497: [GC (Allocation Failure)  5256K->840K(15872K), 0.0007760 secs]
9.502: [GC (Allocation Failure)  5256K->840K(15872K), 0.0007771 secs]
9.506: [GC (Allocation Failure)  5256K->840K(15872K), 0.0007782 secs]
9.510: [GC (Allocation Failure)  5256K->840K(15872K), 0.0019584 secs]
9.517: [GC (Allocation Failure)  5256K->840K(15872K), 0.0008777 secs]
9.521: [GC (Allocation Failure)  5256K->840K(15872K), 0.0007743 secs]
9.526: [GC (Allocation Failure)  5256K->840K(15872K), 0.0008090 secs]
9.534: [GC (Allocation Failure)  5256K->840K(15872K), 0.0007672 secs]
9.539: [GC (Allocation Failure)  5256K->840K(15872K), 0.0013936 secs]
9.544: [GC (Allocation Failure)  5256K->840K(15872K), 0.0037392 secs]
9.553: [GC (Allocation Failure)  5256K->840K(15872K), 0.0008205 secs]
9.558: [GC (Allocation Failure)  5256K->840K(15872K), 0.0007771 secs]
9.565: [GC (Allocation Failure)  5256K->840K(15872K), 0.0007683 secs]
9.570: [GC (Allocation Failure)  5256K->840K(15872K), 0.0007633 secs]
9.575: [GC (Allocation Failure)  5256K->840K(15872K), 0.0007749 secs]
9.582: [GC (Allocation Failure)  5256K->840K(15872K), 0.0008244 secs]
9.587: [GC (Allocation Failure)  5256K->840K(15872K), 0.0007859 secs]
9.593: [GC (Allocation Failure)  5256K->840K(15872K), 0.0007622 secs]
9.599: [GC (Allocation Failure)  5256K->840K(15872K), 0.0007727 secs]
9.603: [GC (Allocation Failure)  5256K->840K(15872K), 0.0007727 secs]
9.607: [GC (Allocation Failure)  5256K->840K(15872K), 0.0007683 secs]
9.615: [GC (Allocation Failure)  5256K->840K(15872K), 0.0007815 secs]
9.619: [GC (Allocation Failure)  5256K->840K(15872K), 0.0007765 secs]
9.624: [GC (Allocation Failure)  5256K->840K(15872K), 0.0007710 secs]
9.630: [GC (Allocation Failure)  5256K->840K(15872K), 0.0007760 secs]
9.634: [GC (Allocation Failure)  5256K->840K(15872K), 0.0007765 secs]
9.638: [GC (Allocation Failure)  5256K->840K(15872K), 0.0009300 secs]
9.644: [GC (Allocation Failure)  5256K->840K(15872K), 0.0022185 secs]
9.650: [GC (Allocation Failure)  5256K->840K(15872K), 0.0007705 secs]
9.654: [GC (Allocation Failure)  5256K->840K(15872K), 0.0007815 secs]
9.660: [GC (Allocation Failure)  5256K->840K(15872K), 0.0007870 secs]
9.666: [GC (Allocation Failure)  5256K->840K(15872K), 0.0007853 secs]
9.671: [GC (Allocation Failure)  5256K->840K(15872K), 0.0008079 secs]
9.676: [GC (Allocation Failure)  5256K->840K(15872K), 0.0007864 secs]
9.682: [GC (Allocation Failure)  5256K->840K(15872K), 0.0007782 secs]
9.686: [GC (Allocation Failure)  5256K->840K(15872K), 0.0007820 secs]
9.691: [GC (Allocation Failure)  5256K->840K(15872K), 0.0007666 secs]
9.696: [GC (Allocation Failure)  5256K->840K(15872K), 0.0007727 secs]
9.700: [GC (Allocation Failure)  5256K->840K(15872K), 0.0009239 secs]
9.707: [GC (Allocation Failure)  5256K->840K(15872K), 0.0008106 secs]
9.713: [GC (Allocation Failure)  5256K->840K(15872K), 0.0007617 secs]
9.717: [GC (Allocation Failure)  5256K->840K(15872K), 0.0007787 secs]
9.722: [GC (Allocation Failure)  5256K->840K(15872K), 0.0007666 secs]
9.726: [GC (Allocation Failure)  5256K->840K(15872K), 0.0007760 secs]
9.731: [GC (Allocation Failure)  5256K->840K(15872K), 0.0010625 secs]
9.736: [GC (Allocation Failure)  5256K->840K(15872K), 0.0007996 secs]
9.740: [GC (Allocation Failure)  5256K->840K(15872K), 0.0007919 secs]
9.745: [GC (Allocation Failure)  5256K->840K(15872K), 0.0013864 secs]
9.751: [GC (Allocation Failure)  5256K->840K(15872K), 0.0007765 secs]
9.755: [GC (Allocation Failure)  5256K->840K(15872K), 0.0012358 secs]
9.760: [GC (Allocation Failure)  5256K->840K(15872K), 0.0026134 secs]
9.768: [GC (Allocation Failure)  5256K->840K(15872K), 0.0007820 secs]
9.774: [GC (Allocation Failure)  5256K->840K(15872K), 0.0007760 secs]
9.780: [GC (Allocation Failure)  5256K->840K(15872K), 0.0007732 secs]
9.785: [GC (Allocation Failure)  5256K->840K(15872K), 0.0007661 secs]
9.789: [GC (Allocation Failure)  5256K->840K(15872K), 0.0007771 secs]
9.796: [GC (Allocation Failure)  5256K->840K(15872K), 0.0007809 secs]
9.800: [GC (Allocation Failure)  5256K->840K(15872K), 0.0007760 secs]
9.805: [GC (Allocation Failure)  5256K->840K(15872K), 0.0007738 secs]
9.809: [GC (Allocation Failure)  5256K->840K(15872K), 0.0007787 secs]
9.815: [GC (Allocation Failure)  5256K->840K(15872K), 0.0007837 secs]
9.820: [GC (Allocation Failure)  5256K->840K(15872K), 0.0007600 secs]
9.824: [GC (Allocation Failure)  5256K->840K(15872K), 0.0014018 secs]
9.832: [GC (Allocation Failure)  5256K->840K(15872K), 0.0007787 secs]
9.836: [GC (Allocation Failure)  5256K->840K(15872K), 0.0007716 secs]
9.840: [GC (Allocation Failure)  5256K->840K(15872K), 0.0007716 secs]
9.844: [GC (Allocation Failure)  5256K->840K(15872K), 0.0012121 secs]
9.850: [GC (Allocation Failure)  5256K->840K(15872K), 0.0007688 secs]
9.854: [GC (Allocation Failure)  5256K->840K(15872K), 0.0007683 secs]
9.858: [GC (Allocation Failure)  5256K->840K(15872K), 0.0007782 secs]
9.864: [GC (Allocation Failure)  5256K->840K(15872K), 0.0007760 secs]
9.868: [GC (Allocation Failure)  5256K->840K(15872K), 0.0007969 secs]
9.873: [GC (Allocation Failure)  5256K->840K(15872K), 0.0012517 secs]
9.880: [GC (Allocation Failure)  5256K->840K(15872K), 0.0007628 secs]
9.884: [GC (Allocation Failure)  5256K->840K(15872K), 0.0007694 secs]
9.891: [GC (Allocation Failure)  5256K->840K(15872K), 0.0007815 secs]
9.897: [GC (Allocation Failure)  5256K->840K(15872K), 0.0007721 secs]
9.901: [GC (Allocation Failure)  5256K->840K(15872K), 0.0007611 secs]
9.917: [GC (Allocation Failure)  5256K->840K(15872K), 0.0008942 secs]
9.922: [GC (Allocation Failure)  5256K->840K(15872K), 0.0007903 secs]
9.929: [GC (Allocation Failure)  5256K->840K(15872K), 0.0007705 secs]
9.933: [GC (Allocation Failure)  5256K->840K(15872K), 0.0007727 secs]
9.938: [GC (Allocation Failure)  5256K->840K(15872K), 0.0007611 secs]
9.942: [GC (Allocation Failure)  5256K->840K(15872K), 0.0007661 secs]
9.947: [GC (Allocation Failure)  5256K->840K(15872K), 0.0008898 secs]
9.953: [GC (Allocation Failure)  5256K->840K(15872K), 0.0008249 secs]
9.958: [GC (Allocation Failure)  5256K->840K(15872K), 0.0007859 secs]
9.964: [GC (Allocation Failure)  5256K->840K(15872K), 0.0007848 secs]
9.968: [GC (Allocation Failure)  5256K->840K(15872K), 0.0007826 secs]
9.973: [GC (Allocation Failure)  5256K->840K(15872K), 0.0007820 secs]
9.977: [GC (Allocation Failure)  5256K->840K(15872K), 0.0015828 secs]
9.983: [GC (Allocation Failure)  5256K->840K(15872K), 0.0007716 secs]
9.987: [GC (Allocation Failure)  5256K->840K(15872K), 0.0007672 secs]
9.991: [GC (Allocation Failure)  5256K->840K(15872K), 0.0007952 secs]
10.003: [GC (Allocation Failure)  5256K->840K(15872K), 0.0007831 secs]
10.009: [GC (Allocation Failure)  5256K->840K(15872K), 0.0008469 secs]
10.015: [GC (Allocation Failure)  5256K->840K(15872K), 0.0007738 secs]
10.020: [GC (Allocation Failure)  5256K->840K(15872K), 0.0007639 secs]
10.025: [GC (Allocation Failure)  5256K->840K(15872K), 0.0007606 secs]
10.031: [GC (Allocation Failure)  5256K->840K(15872K), 0.0007870 secs]
10.035: [GC (Allocation Failure)  5256K->840K(15872K), 0.0007716 secs]
10.039: [GC (Allocation Failure)  5256K->840K(15872K), 0.0013930 secs]
10.047: [GC (Allocation Failure)  5256K->840K(15872K), 0.0008409 secs]
10.053: [GC (Allocation Failure)  5256K->840K(15872K), 0.0009525 secs]
10.057: [GC (Allocation Failure)  5256K->840K(15872K), 0.0007661 secs]
10.064: [GC (Allocation Failure)  5256K->840K(15872K), 0.0008249 secs]
10.072: [GC (Allocation Failure)  5256K->840K(15872K), 0.0007809 secs]
10.077: [GC (Allocation Failure)  5256K->840K(15872K), 0.0024022 secs]
10.083: [GC (Allocation Failure)  5256K->840K(15872K), 0.0007875 secs]
10.088: [GC (Allocation Failure)  5256K->840K(15872K), 0.0007628 secs]
10.092: [GC (Allocation Failure)  5256K->840K(15872K), 0.0007595 secs]
10.097: [GC (Allocation Failure)  5256K->840K(15872K), 0.0007798 secs]
10.104: [GC (Allocation Failure)  5256K->840K(15872K), 0.0007754 secs]
10.109: [GC (Allocation Failure)  5256K->840K(15872K), 0.0007815 secs]
10.119: [GC (Allocation Failure)  5256K->840K(15872K), 0.0007705 secs]
10.124: [GC (Allocation Failure)  5256K->840K(15872K), 0.0008249 secs]
10.130: [GC (Allocation Failure)  5256K->840K(15872K), 0.0007985 secs]
10.137: [GC (Allocation Failure)  5256K->840K(15872K), 0.0007732 secs]
10.143: [GC (Allocation Failure)  5256K->840K(15872K), 0.0008409 secs]
10.188: [GC (Allocation Failure)  5256K->840K(15872K), 0.0008018 secs]
10.193: [GC (Allocation Failure)  5256K->840K(15872K), 0.0007776 secs]
10.197: [GC (Allocation Failure)  5256K->840K(15872K), 0.0008447 secs]
10.202: [GC (Allocation Failure)  5256K->840K(15872K), 0.0007897 secs]
10.206: [GC (Allocation Failure)  5256K->840K(15872K), 0.0008348 secs]
10.212: [GC (Allocation Failure)  5256K->840K(15872K), 0.0007727 secs]
10.217: [GC (Allocation Failure)  5256K->840K(15872K), 0.0008937 secs]
10.221: [GC (Allocation Failure)  5256K->840K(15872K), 0.0009487 secs]
10.226: [GC (Allocation Failure)  5256K->840K(15872K), 0.0008205 secs]
10.231: [GC (Allocation Failure)  5256K->840K(15872K), 0.0008112 secs]
10.242: [GC (Allocation Failure)  5256K->840K(15872K), 0.0010724 secs]
10.246: [GC (Allocation Failure)  5256K->840K(15872K), 0.0008904 secs]
10.252: [GC (Allocation Failure)  5256K->840K(15872K), 0.0008233 secs]
10.256: [GC (Allocation Failure)  5256K->840K(15872K), 0.0011340 secs]
10.260: [GC (Allocation Failure)  5256K->840K(15872K), 0.0017720 secs]
10.266: [GC (Allocation Failure)  5256K->840K(15872K), 0.0012814 secs]
10.270: [GC (Allocation Failure)  5256K->840K(15872K), 0.0008904 secs]
10.275: [GC (Allocation Failure)  5256K->840K(15872K), 0.0007760 secs]
10.279: [GC (Allocation Failure)  5256K->840K(15872K), 0.0007881 secs]
10.284: [GC (Allocation Failure)  5256K->840K(15872K), 0.0007985 secs]
10.291: [GC (Allocation Failure)  5256K->840K(15872K), 0.0007820 secs]
10.295: [GC (Allocation Failure)  5256K->840K(15872K), 0.0008178 secs]
10.300: [GC (Allocation Failure)  5256K->840K(15872K), 0.0009289 secs]
10.305: [GC (Allocation Failure)  5256K->840K(15872K), 0.0008288 secs]
10.310: [GC (Allocation Failure)  5256K->840K(15872K), 0.0009239 secs]
10.315: [GC (Allocation Failure)  5256K->840K(15872K), 0.0007793 secs]
10.319: [GC (Allocation Failure)  5256K->840K(15872K), 0.0008002 secs]
10.324: [GC (Allocation Failure)  5256K->840K(15872K), 0.0009536 secs]
10.328: [GC (Allocation Failure)  5256K->840K(15872K), 0.0008854 secs]
10.333: [GC (Allocation Failure)  5256K->840K(15872K), 0.0008343 secs]
10.337: [GC (Allocation Failure)  5256K->840K(15872K), 0.0008167 secs]
10.342: [GC (Allocation Failure)  5256K->840K(15872K), 0.0007875 secs]
10.346: [GC (Allocation Failure)  5256K->840K(15872K), 0.0007941 secs]
10.350: [GC (Allocation Failure)  5256K->840K(15872K), 0.0017307 secs]
10.356: [GC (Allocation Failure)  5256K->840K(15872K), 0.0008695 secs]
10.361: [GC (Allocation Failure)  5256K->840K(15872K), 0.0018281 secs]
10.366: [GC (Allocation Failure)  5256K->840K(15872K), 0.0007716 secs]
10.370: [GC (Allocation Failure)  5256K->840K(15872K), 0.0007820 secs]
10.374: [GC (Allocation Failure)  5256K->840K(15872K), 0.0007798 secs]
10.379: [GC (Allocation Failure)  5256K->840K(15872K), 0.0007886 secs]
10.383: [GC (Allocation Failure)  5256K->840K(15872K), 0.0007655 secs]
10.387: [GC (Allocation Failure)  5256K->840K(15872K), 0.0007672 secs]
10.391: [GC (Allocation Failure)  5256K->840K(15872K), 0.0008216 secs]
10.396: [GC (Allocation Failure)  5256K->840K(15872K), 0.0008007 secs]
10.400: [GC (Allocation Failure)  5256K->840K(15872K), 0.0007842 secs]
10.404: [GC (Allocation Failure)  5256K->840K(15872K), 0.0008453 secs]
10.409: [GC (Allocation Failure)  5256K->840K(15872K), 0.0007804 secs]
10.413: [GC (Allocation Failure)  5256K->840K(15872K), 0.0007848 secs]
10.417: [GC (Allocation Failure)  5256K->840K(15872K), 0.0008612 secs]
10.422: [GC (Allocation Failure)  5256K->840K(15872K), 0.0007738 secs]
10.426: [GC (Allocation Failure)  5256K->840K(15872K), 0.0008200 secs]
10.431: [GC (Allocation Failure)  5256K->840K(15872K), 0.0007787 secs]
10.435: [GC (Allocation Failure)  5256K->840K(15872K), 0.0007848 secs]
10.439: [GC (Allocation Failure)  5256K->840K(15872K), 0.0008145 secs]
10.444: [GC (Allocation Failure)  5256K->840K(15872K), 0.0018011 secs]
10.449: [GC (Allocation Failure)  5256K->840K(15872K), 0.0009129 secs]
10.454: [GC (Allocation Failure)  5256K->840K(15872K), 0.0007600 secs]
10.458: [GC (Allocation Failure)  5256K->840K(15872K), 0.0007666 secs]
10.464: [GC (Allocation Failure)  5256K->840K(15872K), 0.0007699 secs]
10.468: [GC (Allocation Failure)  5256K->840K(15872K), 0.0007622 secs]
10.473: [GC (Allocation Failure)  5256K->840K(15872K), 0.0007650 secs]
10.478: [GC (Allocation Failure)  5256K->840K(15872K), 0.0007754 secs]
10.484: [GC (Allocation Failure)  5256K->840K(15872K), 0.0007683 secs]
10.488: [GC (Allocation Failure)  5256K->840K(15872K), 0.0007617 secs]
10.494: [GC (Allocation Failure)  5256K->840K(15872K), 0.0017373 secs]
10.501: [GC (Allocation Failure)  5256K->840K(15872K), 0.0007694 secs]
10.508: [GC (Allocation Failure)  5256K->840K(15872K), 0.0007732 secs]
10.513: [GC (Allocation Failure)  5256K->840K(15872K), 0.0007771 secs]
10.518: [GC (Allocation Failure)  5256K->840K(15872K), 0.0009096 secs]
10.522: [GC (Allocation Failure)  5256K->840K(15872K), 0.0007859 secs]
10.526: [GC (Allocation Failure)  5256K->840K(15872K), 0.0009591 secs]
10.532: [GC (Allocation Failure)  5256K->840K(15872K), 0.0008029 secs]
10.543: [GC (Allocation Failure)  5256K->840K(15872K), 0.0007985 secs]
10.549: [GC (Allocation Failure)  5256K->840K(15872K), 0.0007809 secs]
10.554: [GC (Allocation Failure)  5256K->840K(15872K), 0.0007611 secs]
10.558: [GC (Allocation Failure)  5256K->840K(15872K), 0.0007716 secs]
10.563: [GC (Allocation Failure)  5256K->840K(15872K), 0.0008029 secs]
10.568: [GC (Allocation Failure)  5256K->840K(15872K), 0.0007661 secs]
10.572: [GC (Allocation Failure)  5256K->840K(15872K), 0.0007644 secs]
10.576: [GC (Allocation Failure)  5256K->840K(15872K), 0.0007963 secs]
10.583: [GC (Allocation Failure)  5256K->840K(15872K), 0.0007776 secs]
10.587: [GC (Allocation Failure)  5256K->840K(15872K), 0.0007639 secs]
10.592: [GC (Allocation Failure)  5256K->840K(15872K), 0.0007694 secs]
10.599: [GC (Allocation Failure)  5256K->840K(15872K), 0.0007793 secs]
10.604: [GC (Allocation Failure)  5256K->840K(15872K), 0.0007776 secs]
10.609: [GC (Allocation Failure)  5256K->840K(15872K), 0.0008425 secs]
10.615: [GC (Allocation Failure)  5256K->840K(15872K), 0.0007716 secs]
10.619: [GC (Allocation Failure)  5256K->840K(15872K), 0.0007644 secs]
10.623: [GC (Allocation Failure)  5256K->840K(15872K), 0.0007826 secs]
10.630: [GC (Allocation Failure)  5256K->840K(15872K), 0.0007771 secs]
10.635: [GC (Allocation Failure)  5256K->840K(15872K), 0.0007633 secs]
10.639: [GC (Allocation Failure)  5256K->840K(15872K), 0.0007710 secs]
10.643: [GC (Allocation Failure)  5256K->840K(15872K), 0.0019111 secs]
10.649: [GC (Allocation Failure)  5256K->840K(15872K), 0.0008651 secs]
10.654: [GC (Allocation Failure)  5256K->840K(15872K), 0.0007694 secs]
10.662: [GC (Allocation Failure)  5256K->840K(15872K), 0.0008915 secs]
10.669: [GC (Allocation Failure)  5256K->840K(15872K), 0.0007875 secs]
10.673: [GC (Allocation Failure)  5256K->840K(15872K), 0.0007804 secs]
10.680: [GC (Allocation Failure)  5256K->840K(15872K), 0.0007754 secs]
10.684: [GC (Allocation Failure)  5256K->840K(15872K), 0.0008629 secs]
10.691: [GC (Allocation Failure)  5256K->840K(15872K), 0.0007738 secs]
10.699: [GC (Allocation Failure)  5256K->840K(15872K), 0.0007578 secs]
10.703: [GC (Allocation Failure)  5256K->840K(15872K), 0.0007628 secs]
10.707: [GC (Allocation Failure)  5256K->840K(15872K), 0.0007655 secs]
10.713: [GC (Allocation Failure)  5256K->840K(15872K), 0.0007727 secs]
10.718: [GC (Allocation Failure)  5256K->840K(15872K), 0.0008981 secs]
10.725: [GC (Allocation Failure)  5256K->840K(15872K), 0.0007919 secs]
10.731: [GC (Allocation Failure)  5256K->840K(15872K), 0.0007743 secs]
10.735: [GC (Allocation Failure)  5256K->840K(15872K), 0.0007705 secs]
10.740: [GC (Allocation Failure)  5256K->840K(15872K), 0.0007644 secs]
10.747: [GC (Allocation Failure)  5256K->840K(15872K), 0.0007622 secs]
10.753: [GC (Allocation Failure)  5256K->840K(15872K), 0.0007677 secs]
10.758: [GC (Allocation Failure)  5256K->840K(15872K), 0.0007628 secs]
10.764: [GC (Allocation Failure)  5256K->840K(15872K), 0.0007639 secs]
10.768: [GC (Allocation Failure)  5256K->840K(15872K), 0.0007606 secs]
10.773: [GC (Allocation Failure)  5256K->840K(15872K), 0.0007661 secs]
10.777: [GC (Allocation Failure)  5256K->840K(15872K), 0.0010631 secs]
10.784: [GC (Allocation Failure)  5256K->840K(15872K), 0.0007661 secs]
10.788: [GC (Allocation Failure)  5256K->840K(15872K), 0.0007771 secs]
10.793: [GC (Allocation Failure)  5256K->840K(15872K), 0.0007749 secs]
10.799: [GC (Allocation Failure)  5256K->840K(15872K), 0.0007787 secs]
10.803: [GC (Allocation Failure)  5256K->840K(15872K), 0.0007644 secs]
10.807: [GC (Allocation Failure)  5256K->840K(15872K), 0.0007765 secs]
10.813: [GC (Allocation Failure)  5256K->840K(15872K), 0.0007754 secs]
10.818: [GC (Allocation Failure)  5256K->840K(15872K), 0.0007732 secs]
10.822: [GC (Allocation Failure)  5256K->840K(15872K), 0.0007732 secs]
10.827: [GC (Allocation Failure)  5256K->840K(15872K), 0.0017357 secs]
10.833: [GC (Allocation Failure)  5256K->840K(15872K), 0.0007853 secs]
10.837: [GC (Allocation Failure)  5256K->840K(15872K), 0.0007727 secs]
10.841: [GC (Allocation Failure)  5256K->840K(15872K), 0.0013765 secs]
10.848: [GC (Allocation Failure)  5256K->840K(15872K), 0.0007738 secs]
10.853: [GC (Allocation Failure)  5256K->840K(15872K), 0.0007749 secs]
10.857: [GC (Allocation Failure)  5256K->840K(15872K), 0.0007699 secs]
10.863: [GC (Allocation Failure)  5256K->840K(15872K), 0.0007721 secs]
10.867: [GC (Allocation Failure)  5256K->840K(15872K), 0.0007672 secs]
10.871: [GC (Allocation Failure)  5256K->840K(15872K), 0.0007941 secs]
10.876: [GC (Allocation Failure)  5256K->840K(15872K), 0.0008062 secs]
10.882: [GC (Allocation Failure)  5256K->840K(15872K), 0.0007716 secs]
10.886: [GC (Allocation Failure)  5256K->840K(15872K), 0.0007908 secs]
10.892: [GC (Allocation Failure)  5256K->840K(15872K), 0.0008563 secs]
10.897: [GC (Allocation Failure)  5256K->840K(15872K), 0.0007914 secs]
10.902: [GC (Allocation Failure)  5256K->840K(15872K), 0.0007666 secs]
10.908: [GC (Allocation Failure)  5256K->840K(15872K), 0.0007787 secs]
10.914: [GC (Allocation Failure)  5256K->840K(15872K), 0.0007699 secs]
10.918: [GC (Allocation Failure)  5256K->840K(15872K), 0.0008326 secs]
10.923: [GC (Allocation Failure)  5256K->840K(15872K), 0.0007721 secs]
10.927: [GC (Allocation Failure)  5256K->840K(15872K), 0.0008618 secs]
10.932: [GC (Allocation Failure)  5256K->840K(15872K), 0.0007650 secs]
10.936: [GC (Allocation Failure)  5256K->840K(15872K), 0.0008139 secs]
10.941: [GC (Allocation Failure)  5256K->840K(15872K), 0.0007705 secs]
10.947: [GC (Allocation Failure)  5256K->840K(15872K), 0.0007622 secs]
10.951: [GC (Allocation Failure)  5256K->840K(15872K), 0.0007804 secs]
10.955: [GC (Allocation Failure)  5256K->840K(15872K), 0.0012567 secs]
10.961: [GC (Allocation Failure)  5256K->840K(15872K), 0.0020651 secs]
10.968: [GC (Allocation Failure)  5256K->840K(15872K), 0.0007688 secs]
10.972: [GC (Allocation Failure)  5256K->840K(15872K), 0.0012512 secs]
10.979: [GC (Allocation Failure)  5256K->840K(15872K), 0.0007875 secs]
10.983: [GC (Allocation Failure)  5256K->840K(15872K), 0.0007771 secs]
10.987: [GC (Allocation Failure)  5256K->840K(15872K), 0.0007727 secs]
10.992: [GC (Allocation Failure)  5256K->840K(15872K), 0.0007716 secs]
10.997: [GC (Allocation Failure)  5256K->840K(15872K), 0.0007666 secs]
11.001: [GC (Allocation Failure)  5256K->840K(15872K), 0.0007776 secs]
11.006: [GC (Allocation Failure)  5256K->840K(15872K), 0.0007705 secs]
11.010: [GC (Allocation Failure)  5256K->840K(15872K), 0.0007606 secs]
11.016: [GC (Allocation Failure)  5256K->840K(15872K), 0.0007815 secs]
11.020: [GC (Allocation Failure)  5256K->840K(15872K), 0.0007798 secs]
11.025: [GC (Allocation Failure)  5256K->840K(15872K), 0.0007936 secs]
11.033: [GC (Allocation Failure)  5256K->840K(15872K), 0.0007749 secs]
11.037: [GC (Allocation Failure)  5256K->840K(15872K), 0.0007804 secs]
11.042: [GC (Allocation Failure)  5256K->840K(15872K), 0.0007694 secs]
11.048: [GC (Allocation Failure)  5256K->840K(15872K), 0.0007903 secs]
11.052: [GC (Allocation Failure)  5256K->840K(15872K), 0.0007699 secs]
11.056: [GC (Allocation Failure)  5256K->840K(15872K), 0.0009393 secs]
11.064: [GC (Allocation Failure)  5256K->840K(15872K), 0.0007782 secs]
11.069: [GC (Allocation Failure)  5256K->840K(15872K), 0.0007633 secs]
11.073: [GC (Allocation Failure)  5256K->840K(15872K), 0.0007578 secs]
11.077: [GC (Allocation Failure)  5256K->840K(15872K), 0.0011247 secs]
11.082: [GC (Allocation Failure)  5256K->840K(15872K), 0.0007688 secs]
11.086: [GC (Allocation Failure)  5256K->840K(15872K), 0.0008018 secs]
11.093: [GC (Allocation Failure)  5256K->840K(15872K), 0.0007727 secs]
11.099: [GC (Allocation Failure)  5256K->840K(15872K), 0.0007754 secs]
11.103: [GC (Allocation Failure)  5256K->840K(15872K), 0.0007622 secs]
11.166: [GC (Allocation Failure)  5256K->840K(15872K), 0.0008079 secs]
11.172: [GC (Allocation Failure)  5256K->840K(15872K), 0.0007705 secs]
11.176: [GC (Allocation Failure)  5256K->840K(15872K), 0.0008002 secs]
11.181: [GC (Allocation Failure)  5256K->840K(15872K), 0.0007980 secs]
11.185: [GC (Allocation Failure)  5256K->840K(15872K), 0.0007776 secs]
11.189: [GC (Allocation Failure)  5256K->840K(15872K), 0.0007936 secs]
11.194: [GC (Allocation Failure)  5256K->840K(15872K), 0.0008249 secs]
11.201: [GC (Allocation Failure)  5256K->840K(15872K), 0.0008557 secs]
11.205: [GC (Allocation Failure)  5256K->840K(15872K), 0.0008057 secs]
11.210: [GC (Allocation Failure)  5256K->840K(15872K), 0.0008057 secs]
11.218: [GC (Allocation Failure)  5256K->840K(15872K), 0.0007743 secs]
11.222: [GC (Allocation Failure)  5256K->840K(15872K), 0.0008964 secs]
11.291: [GC (Allocation Failure)  5256K->840K(15872K), 0.0007694 secs]
11.295: [GC (Allocation Failure)  5256K->840K(15872K), 0.0007804 secs]
11.299: [GC (Allocation Failure)  5256K->840K(15872K), 0.0008733 secs]
11.304: [GC (Allocation Failure)  5256K->840K(15872K), 0.0007969 secs]
11.309: [GC (Allocation Failure)  5256K->840K(15872K), 0.0008832 secs]
11.313: [GC (Allocation Failure)  5256K->840K(15872K), 0.0008843 secs]
11.318: [GC (Allocation Failure)  5256K->840K(15872K), 0.0008519 secs]
11.322: [GC (Allocation Failure)  5256K->840K(15872K), 0.0007864 secs]
11.326: [GC (Allocation Failure)  5256K->840K(15872K), 0.0010625 secs]
11.332: [GC (Allocation Failure)  5256K->840K(15872K), 0.0007914 secs]
11.337: [GC (Allocation Failure)  5256K->840K(15872K), 0.0010460 secs]
11.341: [GC (Allocation Failure)  5256K->840K(15872K), 0.0007683 secs]
11.345: [GC (Allocation Failure)  5256K->840K(15872K), 0.0008013 secs]
11.350: [GC (Allocation Failure)  5256K->840K(15872K), 0.0008040 secs]
11.354: [GC (Allocation Failure)  5256K->840K(15872K), 0.0007749 secs]
11.358: [GC (Allocation Failure)  5256K->840K(15872K), 0.0008354 secs]
11.364: [GC (Allocation Failure)  5256K->840K(15872K), 0.0007985 secs]
11.368: [GC (Allocation Failure)  5256K->840K(15872K), 0.0009300 secs]
11.373: [GC (Allocation Failure)  5256K->840K(15872K), 0.0008002 secs]
11.379: [GC (Allocation Failure)  5256K->840K(15872K), 0.0009833 secs]
11.383: [GC (Allocation Failure)  5256K->840K(15872K), 0.0008046 secs]
11.401: [GC (Allocation Failure)  5256K->840K(15872K), 0.0007853 secs]
11.405: [GC (Allocation Failure)  5256K->840K(15872K), 0.0007815 secs]
11.409: [GC (Allocation Failure)  5256K->840K(15872K), 0.0007798 secs]
11.413: [GC (Allocation Failure)  5256K->840K(15872K), 0.0008359 secs]
11.418: [GC (Allocation Failure)  5256K->840K(15872K), 0.0007820 secs]
11.422: [GC (Allocation Failure)  5256K->840K(15872K), 0.0007732 secs]
11.426: [GC (Allocation Failure)  5256K->840K(15872K), 0.0007760 secs]
11.433: [GC (Allocation Failure)  5256K->840K(15872K), 0.0007820 secs]
11.437: [GC (Allocation Failure)  5256K->840K(15872K), 0.0007727 secs]
11.442: [GC (Allocation Failure)  5256K->840K(15872K), 0.0008183 secs]
11.448: [GC (Allocation Failure)  5256K->840K(15872K), 0.0007639 secs]
11.452: [GC (Allocation Failure)  5256K->840K(15872K), 0.0007705 secs]
11.456: [GC (Allocation Failure)  5256K->840K(15872K), 0.0007705 secs]
11.460: [GC (Allocation Failure)  5256K->840K(15872K), 0.0023417 secs]
11.467: [GC (Allocation Failure)  5256K->840K(15872K), 0.0007826 secs]
11.484: [GC (Allocation Failure)  5256K->840K(15872K), 0.0007743 secs]
11.488: [GC (Allocation Failure)  5256K->840K(15872K), 0.0007611 secs]
11.493: [GC (Allocation Failure)  5256K->840K(15872K), 0.0007914 secs]
11.500: [GC (Allocation Failure)  5256K->840K(15872K), 0.0007705 secs]
11.504: [GC (Allocation Failure)  5256K->840K(15872K), 0.0007793 secs]
11.508: [GC (Allocation Failure)  5256K->840K(15872K), 0.0008095 secs]
11.514: [GC (Allocation Failure)  5256K->840K(15872K), 0.0007705 secs]
11.518: [GC (Allocation Failure)  5256K->840K(15872K), 0.0007644 secs]
11.523: [GC (Allocation Failure)  5256K->840K(15872K), 0.0013936 secs]
11.531: [GC (Allocation Failure)  5256K->840K(15872K), 0.0007754 secs]
11.535: [GC (Allocation Failure)  5256K->840K(15872K), 0.0007710 secs]
11.539: [GC (Allocation Failure)  5256K->840K(15872K), 0.0007639 secs]
11.543: [GC (Allocation Failure)  5256K->840K(15872K), 0.0007677 secs]
11.548: [GC (Allocation Failure)  5256K->840K(15872K), 0.0007688 secs]
11.552: [GC (Allocation Failure)  5256K->840K(15872K), 0.0008134 secs]
11.559: [GC (Allocation Failure)  5256K->840K(15872K), 0.0007947 secs]
11.565: [GC (Allocation Failure)  5256K->840K(15872K), 0.0007699 secs]
11.569: [GC (Allocation Failure)  5256K->840K(15872K), 0.0007859 secs]
11.573: [GC (Allocation Failure)  5256K->840K(15872K), 0.0007754 secs]
11.579: [GC (Allocation Failure)  5256K->840K(15872K), 0.0007919 secs]
11.583: [GC (Allocation Failure)  5256K->840K(15872K), 0.0007820 secs]
11.589: [GC (Allocation Failure)  5256K->840K(15872K), 0.0008046 secs]
11.594: [GC (Allocation Failure)  5256K->840K(15872K), 0.0017709 secs]
11.600: [GC (Allocation Failure)  5256K->840K(15872K), 0.0007870 secs]
11.604: [GC (Allocation Failure)  5256K->840K(15872K), 0.0007666 secs]
11.608: [GC (Allocation Failure)  5256K->840K(15872K), 0.0007837 secs]
11.619: [GC (Allocation Failure)  5256K->840K(15872K), 0.0007650 secs]
11.625: [GC (Allocation Failure)  5256K->840K(15872K), 0.0008997 secs]
11.632: [GC (Allocation Failure)  5256K->840K(15872K), 0.0009146 secs]
11.636: [GC (Allocation Failure)  5256K->840K(15872K), 0.0007699 secs]
11.641: [GC (Allocation Failure)  5256K->840K(15872K), 0.0007644 secs]
11.646: [GC (Allocation Failure)  5256K->840K(15872K), 0.0010268 secs]
11.651: [GC (Allocation Failure)  5256K->840K(15872K), 0.0007826 secs]
11.657: [GC (Allocation Failure)  5256K->840K(15872K), 0.0007694 secs]
11.662: [GC (Allocation Failure)  5256K->840K(15872K), 0.0007661 secs]
11.666: [GC (Allocation Failure)  5256K->840K(15872K), 0.0007754 secs]
11.670: [GC (Allocation Failure)  5256K->840K(15872K), 0.0007655 secs]
11.675: [GC (Allocation Failure)  5256K->840K(15872K), 0.0007782 secs]
11.679: [GC (Allocation Failure)  5256K->840K(15872K), 0.0007787 secs]
11.683: [GC (Allocation Failure)  5256K->840K(15872K), 0.0007798 secs]
11.693: [GC (Allocation Failure)  5256K->840K(15872K), 0.0007622 secs]
11.699: [GC (Allocation Failure)  5256K->840K(15872K), 0.0007919 secs]
11.703: [GC (Allocation Failure)  5256K->840K(15872K), 0.0007820 secs]
11.707: [GC (Allocation Failure)  5256K->840K(15872K), 0.0007644 secs]
11.712: [GC (Allocation Failure)  5256K->840K(15872K), 0.0007655 secs]
11.716: [GC (Allocation Failure)  5256K->840K(15872K), 0.0007699 secs]
11.720: [GC (Allocation Failure)  5256K->840K(15872K), 0.0007617 secs]
11.725: [GC (Allocation Failure)  5256K->840K(15872K), 0.0007749 secs]
11.729: [GC (Allocation Failure)  5256K->840K(15872K), 0.0007853 secs]
11.734: [GC (Allocation Failure)  5256K->840K(15872K), 0.0007716 secs]
11.742: [GC (Allocation Failure)  5256K->840K(15872K), 0.0007694 secs]
11.748: [GC (Allocation Failure)  5256K->840K(15872K), 0.0007617 secs]
11.752: [GC (Allocation Failure)  5256K->840K(15872K), 0.0007848 secs]
11.756: [GC (Allocation Failure)  5256K->840K(15872K), 0.0007798 secs]
11.762: [GC (Allocation Failure)  5256K->840K(15872K), 0.0008299 secs]
11.779: [GC (Allocation Failure)  5256K->840K(15872K), 0.0009437 secs]
11.784: [GC (Allocation Failure)  5256K->840K(15872K), 0.0007567 secs]
11.807: [GC (Allocation Failure)  5256K->840K(15872K), 0.0008717 secs]
11.813: [GC (Allocation Failure)  5256K->840K(15872K), 0.0008167 secs]
11.818: [GC (Allocation Failure)  5256K->840K(15872K), 0.0007518 secs]
11.822: [GC (Allocation Failure)  5256K->840K(15872K), 0.0008409 secs]
11.830: [GC (Allocation Failure)  5256K->840K(15872K), 0.0008491 secs]
11.834: [GC (Allocation Failure)  5256K->840K(15872K), 0.0007782 secs]
11.838: [GC (Allocation Failure)  5256K->840K(15872K), 0.0007809 secs]
11.843: [GC (Allocation Failure)  5256K->840K(15872K), 0.0007776 secs]
11.849: [GC (Allocation Failure)  5256K->840K(15872K), 0.0007853 secs]
11.853: [GC (Allocation Failure)  5256K->840K(15872K), 0.0007683 secs]
11.858: [GC (Allocation Failure)  5256K->840K(15872K), 0.0007837 secs]
11.876: [GC (Allocation Failure)  5256K->840K(15872K), 0.0007617 secs]
11.880: [GC (Allocation Failure)  5256K->840K(15872K), 0.0007628 secs]
11.884: [GC (Allocation Failure)  5256K->840K(15872K), 0.0007710 secs]
11.889: [GC (Allocation Failure)  5256K->840K(15872K), 0.0007804 secs]
11.894: [GC (Allocation Failure)  5256K->840K(15872K), 0.0011214 secs]
11.902: [GC (Allocation Failure)  5256K->840K(15872K), 0.0007864 secs]
11.906: [GC (Allocation Failure)  5256K->840K(15872K), 0.0008343 secs]
11.910: [GC (Allocation Failure)  5256K->840K(15872K), 0.0017643 secs]
11.917: [GC (Allocation Failure)  5256K->840K(15872K), 0.0008832 secs]
11.922: [GC (Allocation Failure)  5256K->840K(15872K), 0.0008497 secs]
11.927: [GC (Allocation Failure)  5256K->840K(15872K), 0.0018253 secs]
11.940: [GC (Allocation Failure)  5256K->840K(15872K), 0.0007727 secs]
11.945: [GC (Allocation Failure)  5256K->840K(15872K), 0.0007716 secs]
11.950: [GC (Allocation Failure)  5256K->840K(15872K), 0.0007782 secs]
11.954: [GC (Allocation Failure)  5256K->840K(15872K), 0.0007743 secs]
11.967: [GC (Allocation Failure)  5256K->840K(15872K), 0.0007683 secs]
11.971: [GC (Allocation Failure)  5256K->840K(15872K), 0.0007809 secs]
11.976: [GC (Allocation Failure)  5256K->840K(15872K), 0.0007925 secs]
11.985: [GC (Allocation Failure)  5256K->840K(15872K), 0.0007749 secs]
11.992: [GC (Allocation Failure)  5256K->840K(15872K), 0.0007672 secs]
12.004: [GC (Allocation Failure)  5256K->840K(15872K), 0.0007859 secs]
12.016: [GC (Allocation Failure)  5256K->840K(15872K), 0.0011153 secs]
12.021: [GC (Allocation Failure)  5256K->840K(15872K), 0.0007809 secs]
12.025: [GC (Allocation Failure)  5256K->840K(15872K), 0.0008475 secs]
12.032: [GC (Allocation Failure)  5256K->840K(15872K), 0.0007787 secs]
12.036: [GC (Allocation Failure)  5256K->840K(15872K), 0.0012220 secs]
12.041: [GC (Allocation Failure)  5256K->840K(15872K), 0.0007754 secs]
12.045: [GC (Allocation Failure)  5256K->840K(15872K), 0.0007727 secs]
12.050: [GC (Allocation Failure)  5256K->840K(15872K), 0.0007776 secs]
12.057: [GC (Allocation Failure)  5256K->840K(15872K), 0.0007683 secs]
12.063: [GC (Allocation Failure)  5256K->840K(15872K), 0.0007853 secs]
12.068: [GC (Allocation Failure)  5256K->840K(15872K), 0.0007666 secs]
12.072: [GC (Allocation Failure)  5256K->840K(15872K), 0.0007650 secs]
12.079: [GC (Allocation Failure)  5256K->840K(15872K), 0.0007611 secs]
12.084: [GC (Allocation Failure)  5256K->840K(15872K), 0.0007694 secs]
12.088: [GC (Allocation Failure)  5256K->840K(15872K), 0.0007727 secs]
12.092: [GC (Allocation Failure)  5256K->840K(15872K), 0.0007661 secs]
12.098: [GC (Allocation Failure)  5256K->840K(15872K), 0.0009283 secs]
12.103: [GC (Allocation Failure)  5256K->840K(15872K), 0.0008590 secs]
12.108: [GC (Allocation Failure)  5256K->840K(15872K), 0.0007529 secs]
12.114: [GC (Allocation Failure)  5256K->840K(15872K), 0.0007633 secs]
12.118: [GC (Allocation Failure)  5256K->840K(15872K), 0.0007611 secs]
12.123: [GC (Allocation Failure)  5256K->840K(15872K), 0.0007551 secs]
12.127: [GC (Allocation Failure)  5256K->840K(15872K), 0.0017093 secs]
12.132: [GC (Allocation Failure)  5256K->840K(15872K), 0.0007666 secs]
12.137: [GC (Allocation Failure)  5256K->840K(15872K), 0.0014343 secs]
12.143: [GC (Allocation Failure)  5256K->840K(15872K), 0.0007963 secs]
12.152: [GC (Allocation Failure)  5256K->840K(15872K), 0.0009509 secs]
12.159: [GC (Allocation Failure)  5256K->840K(15872K), 0.0007930 secs]
12.164: [GC (Allocation Failure)  5256K->840K(15872K), 0.0007864 secs]
12.174: [GC (Allocation Failure)  5256K->840K(15872K), 0.0007837 secs]
12.180: [GC (Allocation Failure)  5256K->840K(15872K), 0.0007743 secs]
12.184: [GC (Allocation Failure)  5256K->840K(15872K), 0.0007837 secs]
12.188: [GC (Allocation Failure)  5256K->840K(15872K), 0.0008018 secs]
12.192: [GC (Allocation Failure)  5256K->840K(15872K), 0.0007633 secs]
12.196: [GC (Allocation Failure)  5256K->840K(15872K), 0.0008343 secs]
12.201: [GC (Allocation Failure)  5256K->840K(15872K), 0.0007958 secs]
12.206: [GC (Allocation Failure)  5256K->840K(15872K), 0.0010130 secs]
12.217: [GC (Allocation Failure)  5256K->840K(15872K), 0.0007804 secs]
12.223: [GC (Allocation Failure)  5256K->840K(15872K), 0.0007925 secs]
12.228: [GC (Allocation Failure)  5256K->840K(15872K), 0.0008211 secs]
12.233: [GC (Allocation Failure)  5256K->840K(15872K), 0.0007600 secs]
12.244: [GC (Allocation Failure)  5256K->840K(15872K), 0.0023104 secs]
12.277: [GC (Allocation Failure)  5256K->840K(15872K), 0.0013672 secs]
12.282: [GC (Allocation Failure)  5256K->840K(15872K), 0.0008057 secs]
12.286: [GC (Allocation Failure)  5256K->840K(15872K), 0.0008282 secs]
12.291: [GC (Allocation Failure)  5256K->840K(15872K), 0.0007969 secs]
12.316: [GC (Allocation Failure)  5256K->840K(15872K), 0.0008882 secs]
12.321: [GC (Allocation Failure)  5256K->840K(15872K), 0.0008799 secs]
12.326: [GC (Allocation Failure)  5256K->840K(15872K), 0.0007710 secs]
12.332: [GC (Allocation Failure)  5256K->840K(15872K), 0.0007545 secs]
12.338: [GC (Allocation Failure)  5256K->840K(15872K), 0.0007710 secs]
12.343: [GC (Allocation Failure)  5256K->840K(15872K), 0.0017340 secs]
12.350: [GC (Allocation Failure)  5256K->840K(15872K), 0.0007837 secs]
12.356: [GC (Allocation Failure)  5256K->840K(15872K), 0.0007727 secs]
12.363: [GC (Allocation Failure)  5256K->840K(15872K), 0.0007699 secs]
12.367: [GC (Allocation Failure)  5256K->840K(15872K), 0.0007826 secs]
12.371: [GC (Allocation Failure)  5256K->840K(15872K), 0.0007562 secs]
12.376: [GC (Allocation Failure)  5256K->840K(15872K), 0.0007727 secs]
12.383: [GC (Allocation Failure)  5256K->840K(15872K), 0.0007974 secs]
12.387: [GC (Allocation Failure)  5256K->840K(15872K), 0.0008200 secs]
12.393: [GC (Allocation Failure)  5256K->840K(15872K), 0.0007743 secs]
12.399: [GC (Allocation Failure)  5256K->840K(15872K), 0.0007672 secs]
12.403: [GC (Allocation Failure)  5256K->840K(15872K), 0.0007727 secs]
12.408: [GC (Allocation Failure)  5256K->840K(15872K), 0.0007837 secs]
12.412: [GC (Allocation Failure)  5256K->840K(15872K), 0.0007650 secs]
12.418: [GC (Allocation Failure)  5256K->840K(15872K), 0.0007672 secs]
12.422: [GC (Allocation Failure)  5256K->840K(15872K), 0.0007782 secs]
12.426: [GC (Allocation Failure)  5256K->840K(15872K), 0.0007859 secs]
12.432: [GC (Allocation Failure)  5256K->840K(15872K), 0.0008139 secs]
12.436: [GC (Allocation Failure)  5256K->840K(15872K), 0.0008288 secs]
12.441: [GC (Allocation Failure)  5256K->840K(15872K), 0.0007886 secs]
12.463: [GC (Allocation Failure)  5256K->840K(15872K), 0.0009080 secs]
12.468: [GC (Allocation Failure)  5256K->840K(15872K), 0.0007672 secs]
12.473: [GC (Allocation Failure)  5256K->840K(15872K), 0.0008475 secs]
12.478: [GC (Allocation Failure)  5256K->840K(15872K), 0.0007908 secs]
12.483: [GC (Allocation Failure)  5256K->840K(15872K), 0.0007809 secs]
12.500: [GC (Allocation Failure)  5256K->840K(15872K), 0.0008112 secs]
12.509: [GC (Allocation Failure)  5256K->840K(15872K), 0.0007738 secs]
12.513: [GC (Allocation Failure)  5256K->840K(15872K), 0.0007732 secs]
12.517: [GC (Allocation Failure)  5256K->840K(15872K), 0.0007798 secs]
12.522: [GC (Allocation Failure)  5256K->840K(15872K), 0.0013842 secs]
12.529: [GC (Allocation Failure)  5256K->840K(15872K), 0.0008211 secs]
12.533: [GC (Allocation Failure)  5256K->840K(15872K), 0.0007666 secs]
12.537: [GC (Allocation Failure)  5256K->840K(15872K), 0.0007595 secs]
12.541: [GC (Allocation Failure)  5256K->840K(15872K), 0.0007551 secs]
12.545: [GC (Allocation Failure)  5256K->840K(15872K), 0.0007556 secs]
12.549: [GC (Allocation Failure)  5256K->840K(15872K), 0.0007567 secs]
12.553: [GC (Allocation Failure)  5256K->840K(15872K), 0.0007655 secs]
12.557: [GC (Allocation Failure)  5256K->840K(15872K), 0.0007474 secs]
12.561: [GC (Allocation Failure)  5256K->840K(15872K), 0.0007633 secs]
12.568: [GC (Allocation Failure)  5256K->840K(15872K), 0.0007650 secs]
12.573: [GC (Allocation Failure)  5256K->840K(15872K), 0.0007677 secs]
12.579: [GC (Allocation Failure)  5256K->840K(15872K), 0.0007831 secs]
12.583: [GC (Allocation Failure)  5256K->840K(15872K), 0.0014139 secs]
12.611: [GC (Allocation Failure)  5256K->840K(15872K), 0.0007798 secs]
12.615: [GC (Allocation Failure)  5256K->840K(15872K), 0.0007760 secs]
12.622: [GC (Allocation Failure)  5256K->840K(15872K), 0.0007787 secs]
12.640: [GC (Allocation Failure)  5256K->840K(15872K), 0.0007793 secs]
12.646: [GC (Allocation Failure)  5256K->840K(15872K), 0.0010075 secs]
12.651: [GC (Allocation Failure)  5256K->840K(15872K), 0.0007639 secs]
12.655: [GC (Allocation Failure)  5256K->840K(15872K), 0.0007804 secs]
12.661: [GC (Allocation Failure)  5256K->840K(15872K), 0.0007738 secs]
12.670: [GC (Allocation Failure)  5256K->840K(15872K), 0.0007798 secs]
12.675: [GC (Allocation Failure)  5256K->840K(15872K), 0.0007831 secs]
12.685: [GC (Allocation Failure)  5256K->840K(15872K), 0.0007980 secs]
12.689: [GC (Allocation Failure)  5256K->840K(15872K), 0.0008002 secs]
12.695: [GC (Allocation Failure)  5256K->840K(15872K), 0.0008414 secs]
12.704: [GC (Allocation Failure)  5256K->840K(15872K), 0.0007996 secs]
12.713: [GC (Allocation Failure)  5256K->840K(15872K), 0.0008849 secs]
12.718: [GC (Allocation Failure)  5256K->840K(15872K), 0.0007688 secs]
12.723: [GC (Allocation Failure)  5256K->840K(15872K), 0.0007732 secs]
12.734: [GC (Allocation Failure)  5256K->840K(15872K), 0.0007716 secs]
12.739: [GC (Allocation Failure)  5256K->840K(15872K), 0.0007760 secs]
12.743: [GC (Allocation Failure)  5256K->840K(15872K), 0.0008794 secs]
12.749: [GC (Allocation Failure)  5256K->840K(15872K), 0.0007738 secs]
12.753: [GC (Allocation Failure)  5256K->840K(15872K), 0.0007864 secs]
12.759: [GC (Allocation Failure)  5256K->840K(15872K), 0.0007716 secs]
12.765: [GC (Allocation Failure)  5256K->840K(15872K), 0.0007683 secs]
12.771: [GC (Allocation Failure)  5256K->840K(15872K), 0.0007831 secs]
12.780: [GC (Allocation Failure)  5256K->840K(15872K), 0.0007936 secs]
12.787: [GC (Allocation Failure)  5256K->840K(15872K), 0.0007820 secs]
12.791: [GC (Allocation Failure)  5256K->840K(15872K), 0.0007650 secs]
12.798: [GC (Allocation Failure)  5256K->840K(15872K), 0.0009058 secs]
12.804: [GC (Allocation Failure)  5256K->840K(15872K), 0.0007815 secs]
12.809: [GC (Allocation Failure)  5256K->840K(15872K), 0.0007837 secs]
12.815: [GC (Allocation Failure)  5256K->840K(15872K), 0.0009443 secs]
12.819: [GC (Allocation Failure)  5256K->840K(15872K), 0.0007831 secs]
12.824: [GC (Allocation Failure)  5256K->840K(15872K), 0.0007683 secs]
12.830: [GC (Allocation Failure)  5256K->840K(15872K), 0.0007787 secs]
12.834: [GC (Allocation Failure)  5256K->840K(15872K), 0.0007919 secs]
12.839: [GC (Allocation Failure)  5256K->840K(15872K), 0.0007650 secs]
12.843: [GC (Allocation Failure)  5256K->840K(15872K), 0.0010658 secs]
12.849: [GC (Allocation Failure)  5256K->840K(15872K), 0.0007672 secs]
12.853: [GC (Allocation Failure)  5256K->840K(15872K), 0.0007622 secs]
12.859: [GC (Allocation Failure)  5256K->840K(15872K), 0.0007793 secs]
12.866: [GC (Allocation Failure)  5256K->840K(15872K), 0.0007798 secs]
12.870: [GC (Allocation Failure)  5256K->840K(15872K), 0.0007716 secs]
12.875: [GC (Allocation Failure)  5256K->840K(15872K), 0.0009014 secs]
12.883: [GC (Allocation Failure)  5256K->840K(15872K), 0.0007666 secs]
12.887: [GC (Allocation Failure)  5256K->840K(15872K), 0.0007853 secs]
12.891: [GC (Allocation Failure)  5256K->840K(15872K), 0.0014464 secs]
12.901: [GC (Allocation Failure)  5256K->840K(15872K), 0.0009206 secs]
12.917: [GC (Allocation Failure)  5256K->840K(15872K), 0.0007622 secs]
12.922: [GC (Allocation Failure)  5256K->840K(15872K), 0.0008442 secs]
12.926: [GC (Allocation Failure)  5256K->840K(15872K), 0.0007848 secs]
12.933: [GC (Allocation Failure)  5256K->840K(15872K), 0.0007716 secs]
12.937: [GC (Allocation Failure)  5256K->840K(15872K), 0.0007716 secs]
12.941: [GC (Allocation Failure)  5256K->840K(15872K), 0.0007716 secs]
12.946: [GC (Allocation Failure)  5256K->840K(15872K), 0.0007897 secs]
12.951: [GC (Allocation Failure)  5256K->840K(15872K), 0.0007864 secs]
12.955: [GC (Allocation Failure)  5256K->840K(15872K), 0.0007721 secs]
12.959: [GC (Allocation Failure)  5256K->840K(15872K), 0.0007903 secs]
12.974: [GC (Allocation Failure)  5256K->840K(15872K), 0.0007958 secs]
12.981: [GC (Allocation Failure)  5256K->840K(15872K), 0.0009278 secs]
12.986: [GC (Allocation Failure)  5256K->840K(15872K), 0.0007914 secs]
12.997: [GC (Allocation Failure)  5256K->840K(15872K), 0.0008117 secs]
13.001: [GC (Allocation Failure)  5256K->840K(15872K), 0.0007919 secs]
13.006: [GC (Allocation Failure)  5256K->840K(15872K), 0.0007743 secs]
13.010: [GC (Allocation Failure)  5256K->840K(15872K), 0.0019359 secs]
13.017: [GC (Allocation Failure)  5256K->840K(15872K), 0.0007738 secs]
13.021: [GC (Allocation Failure)  5256K->840K(15872K), 0.0007683 secs]
13.025: [GC (Allocation Failure)  5256K->840K(15872K), 0.0007732 secs]
13.033: [GC (Allocation Failure)  5256K->840K(15872K), 0.0007716 secs]
13.037: [GC (Allocation Failure)  5256K->840K(15872K), 0.0010180 secs]
13.042: [GC (Allocation Failure)  5256K->840K(15872K), 0.0007853 secs]
13.050: [GC (Allocation Failure)  5256K->840K(15872K), 0.0007837 secs]
13.054: [GC (Allocation Failure)  5256K->840K(15872K), 0.0007705 secs]
13.060: [GC (Allocation Failure)  5256K->840K(15872K), 0.0007859 secs]
13.066: [GC (Allocation Failure)  5256K->840K(15872K), 0.0007787 secs]
13.070: [GC (Allocation Failure)  5256K->840K(15872K), 0.0007749 secs]
13.074: [GC (Allocation Failure)  5256K->840K(15872K), 0.0007771 secs]
13.081: [GC (Allocation Failure)  5256K->840K(15872K), 0.0007864 secs]
13.085: [GC (Allocation Failure)  5256K->840K(15872K), 0.0008101 secs]
13.093: [GC (Allocation Failure)  5256K->840K(15872K), 0.0007738 secs]
13.099: [GC (Allocation Failure)  5256K->840K(15872K), 0.0007914 secs]
13.104: [GC (Allocation Failure)  5256K->840K(15872K), 0.0007688 secs]
13.109: [GC (Allocation Failure)  5256K->840K(15872K), 0.0007754 secs]
13.116: [GC (Allocation Failure)  5256K->840K(15872K), 0.0007903 secs]
13.120: [GC (Allocation Failure)  5256K->840K(15872K), 0.0007556 secs]
13.125: [GC (Allocation Failure)  5256K->840K(15872K), 0.0007765 secs]
13.131: [GC (Allocation Failure)  5256K->840K(15872K), 0.0007870 secs]
13.135: [GC (Allocation Failure)  5256K->840K(15872K), 0.0007666 secs]
13.142: [GC (Allocation Failure)  5256K->840K(15872K), 0.0007584 secs]
13.150: [GC (Allocation Failure)  5256K->840K(15872K), 0.0007793 secs]
13.154: [GC (Allocation Failure)  5256K->840K(15872K), 0.0007688 secs]
13.158: [GC (Allocation Failure)  5256K->840K(15872K), 0.0010972 secs]
13.165: [GC (Allocation Failure)  5256K->840K(15872K), 0.0007765 secs]
13.169: [GC (Allocation Failure)  5256K->840K(15872K), 0.0010323 secs]
13.174: [GC (Allocation Failure)  5256K->840K(15872K), 0.0007683 secs]
13.180: [GC (Allocation Failure)  5256K->840K(15872K), 0.0007892 secs]
13.184: [GC (Allocation Failure)  5256K->840K(15872K), 0.0008266 secs]
13.189: [GC (Allocation Failure)  5256K->840K(15872K), 0.0012990 secs]
13.195: [GC (Allocation Failure)  5256K->840K(15872K), 0.0008040 secs]
13.202: [GC (Allocation Failure)  5256K->840K(15872K), 0.0007776 secs]
13.206: [GC (Allocation Failure)  5256K->840K(15872K), 0.0012704 secs]
13.213: [GC (Allocation Failure)  5256K->840K(15872K), 0.0007782 secs]
13.226: [GC (Allocation Failure)  5256K->840K(15872K), 0.0007677 secs]
13.231: [GC (Allocation Failure)  5256K->840K(15872K), 0.0009399 secs]
13.237: [GC (Allocation Failure)  5256K->840K(15872K), 0.0007683 secs]
13.241: [GC (Allocation Failure)  5256K->840K(15872K), 0.0007776 secs]
13.248: [GC (Allocation Failure)  5256K->840K(15872K), 0.0008348 secs]
13.253: [GC (Allocation Failure)  5256K->840K(15872K), 0.0007732 secs]
13.257: [GC (Allocation Failure)  5256K->840K(15872K), 0.0007848 secs]
13.267: [GC (Allocation Failure)  5256K->840K(15872K), 0.0010834 secs]
13.272: [GC (Allocation Failure)  5256K->840K(15872K), 0.0008343 secs]
13.279: [GC (Allocation Failure)  5256K->840K(15872K), 0.0007683 secs]
13.284: [GC (Allocation Failure)  5256K->840K(15872K), 0.0008024 secs]
13.289: [GC (Allocation Failure)  5256K->840K(15872K), 0.0012022 secs]
13.295: [GC (Allocation Failure)  5256K->840K(15872K), 0.0007903 secs]
13.300: [GC (Allocation Failure)  5256K->840K(15872K), 0.0007820 secs]
13.305: [GC (Allocation Failure)  5256K->840K(15872K), 0.0007853 secs]
13.310: [GC (Allocation Failure)  5256K->840K(15872K), 0.0008249 secs]
13.316: [GC (Allocation Failure)  5256K->840K(15872K), 0.0007996 secs]
13.320: [GC (Allocation Failure)  5256K->840K(15872K), 0.0007721 secs]
13.325: [GC (Allocation Failure)  5256K->840K(15872K), 0.0010114 secs]
13.329: [GC (Allocation Failure)  5256K->840K(15872K), 0.0007936 secs]
13.333: [GC (Allocation Failure)  5256K->840K(15872K), 0.0007897 secs]
13.338: [GC (Allocation Failure)  5256K->840K(15872K), 0.0007738 secs]
13.342: [GC (Allocation Failure)  5256K->840K(15872K), 0.0007721 secs]
13.347: [GC (Allocation Failure)  5256K->840K(15872K), 0.0007677 secs]
13.351: [GC (Allocation Failure)  5256K->840K(15872K), 0.0007738 secs]
13.357: [GC (Allocation Failure)  5256K->840K(15872K), 0.0007815 secs]
13.362: [GC (Allocation Failure)  5256K->840K(15872K), 0.0008882 secs]
13.368: [GC (Allocation Failure)  5256K->840K(15872K), 0.0007611 secs]
13.372: [GC (Allocation Failure)  5256K->840K(15872K), 0.0007716 secs]
13.376: [GC (Allocation Failure)  5256K->840K(15872K), 0.0007859 secs]
13.380: [GC (Allocation Failure)  5256K->840K(15872K), 0.0008079 secs]
13.385: [GC (Allocation Failure)  5256K->840K(15872K), 0.0009146 secs]
13.389: [GC (Allocation Failure)  5256K->840K(15872K), 0.0007809 secs]
13.394: [GC (Allocation Failure)  5256K->840K(15872K), 0.0014024 secs]
13.399: [GC (Allocation Failure)  5256K->840K(15872K), 0.0007622 secs]
13.403: [GC (Allocation Failure)  5256K->840K(15872K), 0.0007793 secs]
13.408: [GC (Allocation Failure)  5256K->840K(15872K), 0.0007996 secs]
13.413: [GC (Allocation Failure)  5256K->840K(15872K), 0.0007776 secs]
13.417: [GC (Allocation Failure)  5256K->840K(15872K), 0.0008024 secs]
13.422: [GC (Allocation Failure)  5256K->840K(15872K), 0.0008282 secs]
13.427: [GC (Allocation Failure)  5256K->840K(15872K), 0.0008717 secs]
13.432: [GC (Allocation Failure)  5256K->840K(15872K), 0.0008321 secs]
13.437: [GC (Allocation Failure)  5256K->840K(15872K), 0.0007826 secs]
13.441: [GC (Allocation Failure)  5256K->840K(15872K), 0.0007705 secs]
13.447: [GC (Allocation Failure)  5256K->840K(15872K), 0.0008678 secs]
13.451: [GC (Allocation Failure)  5256K->840K(15872K), 0.0008112 secs]
13.457: [GC (Allocation Failure)  5256K->840K(15872K), 0.0010543 secs]
13.462: [GC (Allocation Failure)  5256K->840K(15872K), 0.0007793 secs]
13.467: [GC (Allocation Failure)  5256K->840K(15872K), 0.0007754 secs]
13.472: [GC (Allocation Failure)  5256K->840K(15872K), 0.0012825 secs]
13.478: [GC (Allocation Failure)  5256K->840K(15872K), 0.0007952 secs]
13.483: [GC (Allocation Failure)  5256K->840K(15872K), 0.0007919 secs]
13.488: [GC (Allocation Failure)  5256K->840K(15872K), 0.0008161 secs]
13.493: [GC (Allocation Failure)  5256K->840K(15872K), 0.0007886 secs]
13.500: [GC (Allocation Failure)  5256K->840K(15872K), 0.0007908 secs]
13.505: [GC (Allocation Failure)  5256K->840K(15872K), 0.0007908 secs]
13.509: [GC (Allocation Failure)  5256K->840K(15872K), 0.0007606 secs]
13.514: [GC (Allocation Failure)  5256K->840K(15872K), 0.0007611 secs]
13.519: [GC (Allocation Failure)  5256K->840K(15872K), 0.0007661 secs]
13.523: [GC (Allocation Failure)  5256K->840K(15872K), 0.0007897 secs]
13.528: [GC (Allocation Failure)  5256K->840K(15872K), 0.0007963 secs]
13.533: [GC (Allocation Failure)  5256K->840K(15872K), 0.0008332 secs]
13.537: [GC (Allocation Failure)  5256K->840K(15872K), 0.0008079 secs]
13.542: [GC (Allocation Failure)  5256K->840K(15872K), 0.0007782 secs]
13.546: [GC (Allocation Failure)  5256K->840K(15872K), 0.0009206 secs]
13.550: [GC (Allocation Failure)  5256K->840K(15872K), 0.0007958 secs]
13.555: [GC (Allocation Failure)  5256K->840K(15872K), 0.0007831 secs]
13.561: [GC (Allocation Failure)  5256K->840K(15872K), 0.0007842 secs]
13.570: [GC (Allocation Failure)  5256K->840K(15872K), 0.0007644 secs]
13.574: [GC (Allocation Failure)  5256K->840K(15872K), 0.0007644 secs]
13.578: [GC (Allocation Failure)  5256K->840K(15872K), 0.0008282 secs]
13.584: [GC (Allocation Failure)  5256K->840K(15872K), 0.0007776 secs]
13.588: [GC (Allocation Failure)  5256K->840K(15872K), 0.0007809 secs]
13.592: [GC (Allocation Failure)  5256K->840K(15872K), 0.0007666 secs]
13.597: [GC (Allocation Failure)  5256K->840K(15872K), 0.0007688 secs]
13.601: [GC (Allocation Failure)  5256K->840K(15872K), 0.0007661 secs]
13.605: [GC (Allocation Failure)  5256K->840K(15872K), 0.0007694 secs]
13.609: [GC (Allocation Failure)  5256K->840K(15872K), 0.0008431 secs]
13.614: [GC (Allocation Failure)  5256K->840K(15872K), 0.0008354 secs]
13.618: [GC (Allocation Failure)  5256K->840K(15872K), 0.0007738 secs]
13.622: [GC (Allocation Failure)  5256K->840K(15872K), 0.0007672 secs]
13.626: [GC (Allocation Failure)  5256K->840K(15872K), 0.0017940 secs]
13.633: [GC (Allocation Failure)  5256K->840K(15872K), 0.0007908 secs]
13.639: [GC (Allocation Failure)  5256K->840K(15872K), 0.0007705 secs]
13.643: [GC (Allocation Failure)  5256K->840K(15872K), 0.0007600 secs]
13.647: [GC (Allocation Failure)  5256K->840K(15872K), 0.0007606 secs]
13.651: [GC (Allocation Failure)  5256K->840K(15872K), 0.0007573 secs]
13.655: [GC (Allocation Failure)  5256K->840K(15872K), 0.0007650 secs]
13.660: [GC (Allocation Failure)  5256K->840K(15872K), 0.0008013 secs]
13.664: [GC (Allocation Failure)  5256K->840K(15872K), 0.0007694 secs]
13.669: [GC (Allocation Failure)  5256K->840K(15872K), 0.0007969 secs]
13.673: [GC (Allocation Failure)  5256K->840K(15872K), 0.0007661 secs]
13.679: [GC (Allocation Failure)  5256K->840K(15872K), 0.0007633 secs]
13.685: [GC (Allocation Failure)  5256K->840K(15872K), 0.0007793 secs]
13.689: [GC (Allocation Failure)  5256K->840K(15872K), 0.0007622 secs]
13.693: [GC (Allocation Failure)  5256K->840K(15872K), 0.0011978 secs]
13.699: [GC (Allocation Failure)  5256K->840K(15872K), 0.0007886 secs]
13.703: [GC (Allocation Failure)  5256K->840K(15872K), 0.0007622 secs]
13.707: [GC (Allocation Failure)  5256K->840K(15872K), 0.0007606 secs]
13.712: [GC (Allocation Failure)  5256K->840K(15872K), 0.0008013 secs]
13.716: [GC (Allocation Failure)  5256K->840K(15872K), 0.0007886 secs]
13.721: [GC (Allocation Failure)  5256K->840K(15872K), 0.0007991 secs]
13.725: [GC (Allocation Failure)  5256K->840K(15872K), 0.0007705 secs]
13.730: [GC (Allocation Failure)  5256K->840K(15872K), 0.0007688 secs]
13.735: [GC (Allocation Failure)  5256K->840K(15872K), 0.0007919 secs]
13.739: [GC (Allocation Failure)  5256K->840K(15872K), 0.0007710 secs]
13.743: [GC (Allocation Failure)  5256K->840K(15872K), 0.0008651 secs]
13.748: [GC (Allocation Failure)  5256K->840K(15872K), 0.0007908 secs]
13.752: [GC (Allocation Failure)  5256K->840K(15872K), 0.0009102 secs]
13.757: [GC (Allocation Failure)  5256K->840K(15872K), 0.0008255 secs]
13.761: [GC (Allocation Failure)  5256K->840K(15872K), 0.0008304 secs]
13.766: [GC (Allocation Failure)  5256K->840K(15872K), 0.0009344 secs]
13.770: [GC (Allocation Failure)  5256K->840K(15872K), 0.0007831 secs]
13.775: [GC (Allocation Failure)  5256K->840K(15872K), 0.0007864 secs]
13.779: [GC (Allocation Failure)  5256K->840K(15872K), 0.0008871 secs]
13.783: [GC (Allocation Failure)  5256K->840K(15872K), 0.0007908 secs]
13.787: [GC (Allocation Failure)  5256K->840K(15872K), 0.0007804 secs]
13.791: [GC (Allocation Failure)  5256K->840K(15872K), 0.0007831 secs]
13.797: [GC (Allocation Failure)  5256K->840K(15872K), 0.0007661 secs]
13.802: [GC (Allocation Failure)  5256K->840K(15872K), 0.0007622 secs]
13.807: [GC (Allocation Failure)  5256K->840K(15872K), 0.0007655 secs]
13.814: [GC (Allocation Failure)  5256K->840K(15872K), 0.0007875 secs]
13.819: [GC (Allocation Failure)  5256K->840K(15872K), 0.0007793 secs]
13.823: [GC (Allocation Failure)  5256K->840K(15872K), 0.0007738 secs]
13.827: [GC (Allocation Failure)  5256K->840K(15872K), 0.0008552 secs]
13.832: [GC (Allocation Failure)  5256K->840K(15872K), 0.0007760 secs]
13.837: [GC (Allocation Failure)  5256K->840K(15872K), 0.0008090 secs]
13.842: [GC (Allocation Failure)  5256K->840K(15872K), 0.0007826 secs]
13.848: [GC (Allocation Failure)  5256K->840K(15872K), 0.0007798 secs]
13.853: [GC (Allocation Failure)  5256K->840K(15872K), 0.0007683 secs]
13.857: [GC (Allocation Failure)  5256K->840K(15872K), 0.0008161 secs]
13.863: [GC (Allocation Failure)  5256K->840K(15872K), 0.0007628 secs]
13.867: [GC (Allocation Failure)  5256K->840K(15872K), 0.0007600 secs]
13.871: [GC (Allocation Failure)  5256K->840K(15872K), 0.0008475 secs]
13.875: [GC (Allocation Failure)  5256K->840K(15872K), 0.0007732 secs]
13.880: [GC (Allocation Failure)  5256K->840K(15872K), 0.0007765 secs]
13.884: [GC (Allocation Failure)  5256K->840K(15872K), 0.0007622 secs]
13.888: [GC (Allocation Failure)  5256K->840K(15872K), 0.0009613 secs]
13.893: [GC (Allocation Failure)  5256K->840K(15872K), 0.0007853 secs]
13.899: [GC (Allocation Failure)  5256K->840K(15872K), 0.0007881 secs]
13.903: [GC (Allocation Failure)  5256K->840K(15872K), 0.0007633 secs]
13.907: [GC (Allocation Failure)  5256K->840K(15872K), 0.0007595 secs]
13.911: [GC (Allocation Failure)  5256K->840K(15872K), 0.0007776 secs]
13.916: [GC (Allocation Failure)  5256K->840K(15872K), 0.0007952 secs]
13.920: [GC (Allocation Failure)  5256K->840K(15872K), 0.0007622 secs]
13.925: [GC (Allocation Failure)  5256K->840K(15872K), 0.0007738 secs]
13.930: [GC (Allocation Failure)  5256K->840K(15872K), 0.0007732 secs]
13.934: [GC (Allocation Failure)  5256K->840K(15872K), 0.0007655 secs]
13.939: [GC (Allocation Failure)  5256K->840K(15872K), 0.0007809 secs]
13.946: [GC (Allocation Failure)  5256K->840K(15872K), 0.0007870 secs]
13.952: [GC (Allocation Failure)  5256K->840K(15872K), 0.0007892 secs]
13.956: [GC (Allocation Failure)  5256K->840K(15872K), 0.0007622 secs]
13.960: [GC (Allocation Failure)  5256K->840K(15872K), 0.0008931 secs]
13.965: [GC (Allocation Failure)  5256K->840K(15872K), 0.0007826 secs]
13.969: [GC (Allocation Failure)  5256K->840K(15872K), 0.0007683 secs]
13.973: [GC (Allocation Failure)  5256K->840K(15872K), 0.0007952 secs]
13.978: [GC (Allocation Failure)  5256K->840K(15872K), 0.0008304 secs]
13.983: [GC (Allocation Failure)  5256K->840K(15872K), 0.0007782 secs]
13.987: [GC (Allocation Failure)  5256K->840K(15872K), 0.0007661 secs]
13.991: [GC (Allocation Failure)  5256K->840K(15872K), 0.0013479 secs]
13.998: [GC (Allocation Failure)  5256K->840K(15872K), 0.0007798 secs]
14.003: [GC (Allocation Failure)  5256K->840K(15872K), 0.0007963 secs]
14.007: [GC (Allocation Failure)  5256K->840K(15872K), 0.0012264 secs]
14.013: [GC (Allocation Failure)  5256K->840K(15872K), 0.0007699 secs]
14.017: [GC (Allocation Failure)  5256K->840K(15872K), 0.0007716 secs]
14.022: [GC (Allocation Failure)  5256K->840K(15872K), 0.0007721 secs]
14.027: [GC (Allocation Failure)  5256K->840K(15872K), 0.0010196 secs]
14.031: [GC (Allocation Failure)  5256K->840K(15872K), 0.0013611 secs]
14.036: [GC (Allocation Failure)  5256K->840K(15872K), 0.0007716 secs]
14.041: [GC (Allocation Failure)  5256K->840K(15872K), 0.0007617 secs]
14.046: [GC (Allocation Failure)  5256K->840K(15872K), 0.0007754 secs]
14.051: [GC (Allocation Failure)  5256K->840K(15872K), 0.0007694 secs]
14.056: [GC (Allocation Failure)  5256K->840K(15872K), 0.0009140 secs]
14.061: [GC (Allocation Failure)  5256K->840K(15872K), 0.0007666 secs]
14.066: [GC (Allocation Failure)  5256K->840K(15872K), 0.0008634 secs]
14.074: [GC (Allocation Failure)  5256K->840K(15872K), 0.0008794 secs]
14.080: [GC (Allocation Failure)  5256K->840K(15872K), 0.0007787 secs]
14.084: [GC (Allocation Failure)  5256K->840K(15872K), 0.0007650 secs]
14.089: [GC (Allocation Failure)  5256K->840K(15872K), 0.0007903 secs]
14.095: [GC (Allocation Failure)  5256K->840K(15872K), 0.0007996 secs]
14.099: [GC (Allocation Failure)  5256K->840K(15872K), 0.0007628 secs]
14.105: [GC (Allocation Failure)  5256K->840K(15872K), 0.0007963 secs]
14.109: [GC (Allocation Failure)  5256K->840K(15872K), 0.0012798 secs]
14.115: [GC (Allocation Failure)  5256K->840K(15872K), 0.0007738 secs]
14.119: [GC (Allocation Failure)  5256K->840K(15872K), 0.0007699 secs]
14.125: [GC (Allocation Failure)  5256K->840K(15872K), 0.0013727 secs]
14.131: [GC (Allocation Failure)  5256K->840K(15872K), 0.0007721 secs]
14.137: [GC (Allocation Failure)  5256K->840K(15872K), 0.0007727 secs]
14.141: [GC (Allocation Failure)  5256K->840K(15872K), 0.0007930 secs]
14.145: [GC (Allocation Failure)  5256K->840K(15872K), 0.0008051 secs]
14.149: [GC (Allocation Failure)  5256K->840K(15872K), 0.0007622 secs]
14.154: [GC (Allocation Failure)  5256K->840K(15872K), 0.0007617 secs]
14.158: [GC (Allocation Failure)  5256K->840K(15872K), 0.0007765 secs]
14.163: [GC (Allocation Failure)  5256K->840K(15872K), 0.0007606 secs]
14.168: [GC (Allocation Failure)  5256K->840K(15872K), 0.0007837 secs]
14.173: [GC (Allocation Failure)  5256K->840K(15872K), 0.0009096 secs]
14.177: [GC (Allocation Failure)  5256K->840K(15872K), 0.0017637 secs]
14.183: [GC (Allocation Failure)  5256K->840K(15872K), 0.0007705 secs]
14.187: [GC (Allocation Failure)  5256K->840K(15872K), 0.0007600 secs]
14.191: [GC (Allocation Failure)  5256K->840K(15872K), 0.0007622 secs]
14.196: [GC (Allocation Failure)  5256K->840K(15872K), 0.0007540 secs]
14.200: [GC (Allocation Failure)  5256K->840K(15872K), 0.0007633 secs]
14.205: [GC (Allocation Failure)  5256K->840K(15872K), 0.0007633 secs]
14.209: [GC (Allocation Failure)  5256K->840K(15872K), 0.0007749 secs]
14.213: [GC (Allocation Failure)  5256K->840K(15872K), 0.0007930 secs]
14.217: [GC (Allocation Failure)  5256K->840K(15872K), 0.0008123 secs]
14.222: [GC (Allocation Failure)  5256K->840K(15872K), 0.0007688 secs]
14.226: [GC (Allocation Failure)  5256K->840K(15872K), 0.0007589 secs]
14.231: [GC (Allocation Failure)  5256K->840K(15872K), 0.0007529 secs]
14.235: [GC (Allocation Failure)  5256K->840K(15872K), 0.0007617 secs]
14.239: [GC (Allocation Failure)  5256K->840K(15872K), 0.0007672 secs]
14.243: [GC (Allocation Failure)  5256K->840K(15872K), 0.0007639 secs]
14.247: [GC (Allocation Failure)  5256K->840K(15872K), 0.0007853 secs]
14.253: [GC (Allocation Failure)  5256K->840K(15872K), 0.0007809 secs]
14.257: [GC (Allocation Failure)  5256K->840K(15872K), 0.0007831 secs]
14.261: [GC (Allocation Failure)  5256K->840K(15872K), 0.0007661 secs]
14.265: [GC (Allocation Failure)  5256K->840K(15872K), 0.0007776 secs]
14.269: [GC (Allocation Failure)  5256K->840K(15872K), 0.0007677 secs]
14.273: [GC (Allocation Failure)  5256K->840K(15872K), 0.0007661 secs]
14.278: [GC (Allocation Failure)  5256K->840K(15872K), 0.0007969 secs]
14.282: [GC (Allocation Failure)  5256K->840K(15872K), 0.0007556 secs]
14.286: [GC (Allocation Failure)  5256K->840K(15872K), 0.0007573 secs]
14.290: [GC (Allocation Failure)  5256K->840K(15872K), 0.0007727 secs]
14.294: [GC (Allocation Failure)  5256K->840K(15872K), 0.0007820 secs]
14.299: [GC (Allocation Failure)  5256K->840K(15872K), 0.0007809 secs]
14.303: [GC (Allocation Failure)  5256K->840K(15872K), 0.0007677 secs]
14.307: [GC (Allocation Failure)  5256K->840K(15872K), 0.0008871 secs]
14.311: [GC (Allocation Failure)  5256K->840K(15872K), 0.0009630 secs]
14.315: [GC (Allocation Failure)  5256K->840K(15872K), 0.0007919 secs]
14.320: [GC (Allocation Failure)  5256K->840K(15872K), 0.0007793 secs]
14.324: [GC (Allocation Failure)  5256K->840K(15872K), 0.0007694 secs]
14.328: [GC (Allocation Failure)  5256K->840K(15872K), 0.0007595 secs]
14.332: [GC (Allocation Failure)  5256K->840K(15872K), 0.0007815 secs]
14.337: [GC (Allocation Failure)  5256K->840K(15872K), 0.0007804 secs]
14.341: [GC (Allocation Failure)  5256K->840K(15872K), 0.0007842 secs]
14.345: [GC (Allocation Failure)  5256K->840K(15872K), 0.0007776 secs]
14.349: [GC (Allocation Failure)  5256K->840K(15872K), 0.0007754 secs]
14.354: [GC (Allocation Failure)  5256K->840K(15872K), 0.0007754 secs]
14.358: [GC (Allocation Failure)  5256K->840K(15872K), 0.0007815 secs]
14.362: [GC (Allocation Failure)  5256K->840K(15872K), 0.0007831 secs]
14.380: [GC (Allocation Failure)  5256K->840K(15872K), 0.0007743 secs]
14.384: [GC (Allocation Failure)  5256K->840K(15872K), 0.0007633 secs]
14.388: [GC (Allocation Failure)  5256K->840K(15872K), 0.0007600 secs]
14.392: [GC (Allocation Failure)  5256K->840K(15872K), 0.0007754 secs]
14.396: [GC (Allocation Failure)  5256K->840K(15872K), 0.0007897 secs]
14.401: [GC (Allocation Failure)  5256K->840K(15872K), 0.0007870 secs]
14.405: [GC (Allocation Failure)  5256K->840K(15872K), 0.0007787 secs]
14.409: [GC (Allocation Failure)  5256K->840K(15872K), 0.0008931 secs]
14.413: [GC (Allocation Failure)  5256K->840K(15872K), 0.0007870 secs]
14.418: [GC (Allocation Failure)  5256K->840K(15872K), 0.0007787 secs]
14.422: [GC (Allocation Failure)  5256K->840K(15872K), 0.0007760 secs]
14.426: [GC (Allocation Failure)  5256K->840K(15872K), 0.0007749 secs]
14.430: [GC (Allocation Failure)  5256K->840K(15872K), 0.0007683 secs]
14.435: [GC (Allocation Failure)  5256K->840K(15872K), 0.0007820 secs]
14.439: [GC (Allocation Failure)  5256K->840K(15872K), 0.0007809 secs]
14.443: [GC (Allocation Failure)  5256K->840K(15872K), 0.0008200 secs]
14.447: [GC (Allocation Failure)  5256K->840K(15872K), 0.0007699 secs]
14.451: [GC (Allocation Failure)  5256K->840K(15872K), 0.0010614 secs]
14.456: [GC (Allocation Failure)  5256K->840K(15872K), 0.0007815 secs]
14.460: [GC (Allocation Failure)  5256K->840K(15872K), 0.0008337 secs]
14.464: [GC (Allocation Failure)  5256K->840K(15872K), 0.0007875 secs]
14.469: [GC (Allocation Failure)  5256K->840K(15872K), 0.0007787 secs]
14.473: [GC (Allocation Failure)  5256K->840K(15872K), 0.0007732 secs]
14.477: [GC (Allocation Failure)  5256K->840K(15872K), 0.0007743 secs]
14.482: [GC (Allocation Failure)  5256K->840K(15872K), 0.0007925 secs]
14.486: [GC (Allocation Failure)  5256K->840K(15872K), 0.0007738 secs]
14.490: [GC (Allocation Failure)  5256K->840K(15872K), 0.0007666 secs]
14.495: [GC (Allocation Failure)  5256K->840K(15872K), 0.0007980 secs]
14.499: [GC (Allocation Failure)  5256K->840K(15872K), 0.0007809 secs]
14.503: [GC (Allocation Failure)  5256K->840K(15872K), 0.0007727 secs]
14.507: [GC (Allocation Failure)  5256K->840K(15872K), 0.0007936 secs]
14.514: [GC (Allocation Failure)  5256K->840K(15872K), 0.0007776 secs]
14.518: [GC (Allocation Failure)  5256K->840K(15872K), 0.0007716 secs]
14.522: [GC (Allocation Failure)  5256K->840K(15872K), 0.0007622 secs]
14.527: [GC (Allocation Failure)  5256K->840K(15872K), 0.0007738 secs]
14.532: [GC (Allocation Failure)  5256K->840K(15872K), 0.0007633 secs]
14.537: [GC (Allocation Failure)  5256K->840K(15872K), 0.0007595 secs]
14.541: [GC (Allocation Failure)  5256K->840K(15872K), 0.0007584 secs]
14.547: [GC (Allocation Failure)  5256K->840K(15872K), 0.0007727 secs]
14.551: [GC (Allocation Failure)  5256K->840K(15872K), 0.0007628 secs]
14.555: [GC (Allocation Failure)  5256K->840K(15872K), 0.0007716 secs]
14.559: [GC (Allocation Failure)  5256K->840K(15872K), 0.0008178 secs]
14.564: [GC (Allocation Failure)  5256K->840K(15872K), 0.0007694 secs]
14.568: [GC (Allocation Failure)  5256K->840K(15872K), 0.0007589 secs]
14.573: [GC (Allocation Failure)  5256K->840K(15872K), 0.0007644 secs]
14.580: [GC (Allocation Failure)  5256K->840K(15872K), 0.0007716 secs]
14.584: [GC (Allocation Failure)  5256K->840K(15872K), 0.0007727 secs]
14.588: [GC (Allocation Failure)  5256K->840K(15872K), 0.0007600 secs]
14.592: [GC (Allocation Failure)  5256K->840K(15872K), 0.0007606 secs]
14.599: [GC (Allocation Failure)  5256K->840K(15872K), 0.0007694 secs]
14.603: [GC (Allocation Failure)  5256K->840K(15872K), 0.0007705 secs]
14.608: [GC (Allocation Failure)  5256K->840K(15872K), 0.0007611 secs]
14.612: [GC (Allocation Failure)  5256K->840K(15872K), 0.0007655 secs]
14.617: [GC (Allocation Failure)  5256K->840K(15872K), 0.0007837 secs]
14.621: [GC (Allocation Failure)  5256K->840K(15872K), 0.0008332 secs]
14.626: [GC (Allocation Failure)  5256K->840K(15872K), 0.0007798 secs]
14.630: [GC (Allocation Failure)  5256K->840K(15872K), 0.0007782 secs]
14.635: [GC (Allocation Failure)  5256K->840K(15872K), 0.0007639 secs]
14.639: [GC (Allocation Failure)  5256K->840K(15872K), 0.0007776 secs]
14.643: [GC (Allocation Failure)  5256K->840K(15872K), 0.0007562 secs]
14.647: [GC (Allocation Failure)  5256K->840K(15872K), 0.0007831 secs]
14.664: [GC (Allocation Failure)  5256K->840K(15872K), 0.0007694 secs]
14.668: [GC (Allocation Failure)  5256K->840K(15872K), 0.0007644 secs]
14.672: [GC (Allocation Failure)  5256K->840K(15872K), 0.0007622 secs]
14.677: [GC (Allocation Failure)  5256K->840K(15872K), 0.0014167 secs]
14.682: [GC (Allocation Failure)  5256K->840K(15872K), 0.0007754 secs]
14.686: [GC (Allocation Failure)  5256K->840K(15872K), 0.0007666 secs]
14.690: [GC (Allocation Failure)  5256K->840K(15872K), 0.0007749 secs]
14.695: [GC (Allocation Failure)  5256K->840K(15872K), 0.0008178 secs]
14.699: [GC (Allocation Failure)  5256K->840K(15872K), 0.0007809 secs]
14.703: [GC (Allocation Failure)  5256K->840K(15872K), 0.0007677 secs]
14.707: [GC (Allocation Failure)  5256K->840K(15872K), 0.0007672 secs]
14.711: [GC (Allocation Failure)  5256K->840K(15872K), 0.0007804 secs]
14.716: [GC (Allocation Failure)  5256K->840K(15872K), 0.0007875 secs]
14.720: [GC (Allocation Failure)  5256K->840K(15872K), 0.0007661 secs]
14.730: [GC (Allocation Failure)  5256K->840K(15872K), 0.0007633 secs]
14.734: [GC (Allocation Failure)  5256K->840K(15872K), 0.0007644 secs]
14.738: [GC (Allocation Failure)  5256K->840K(15872K), 0.0007721 secs]
14.742: [GC (Allocation Failure)  5256K->840K(15872K), 0.0007749 secs]
14.747: [GC (Allocation Failure)  5256K->840K(15872K), 0.0007936 secs]
14.751: [GC (Allocation Failure)  5256K->840K(15872K), 0.0007842 secs]
14.755: [GC (Allocation Failure)  5256K->840K(15872K), 0.0007837 secs]
14.760: [GC (Allocation Failure)  5256K->840K(15872K), 0.0007749 secs]
14.765: [GC (Allocation Failure)  5256K->840K(15872K), 0.0007771 secs]
14.769: [GC (Allocation Failure)  5256K->840K(15872K), 0.0007551 secs]
14.773: [GC (Allocation Failure)  5256K->840K(15872K), 0.0007600 secs]
14.777: [GC (Allocation Failure)  5256K->840K(15872K), 0.0009113 secs]
14.782: [GC (Allocation Failure)  5256K->840K(15872K), 0.0007804 secs]
14.786: [GC (Allocation Failure)  5256K->840K(15872K), 0.0007683 secs]
14.790: [GC (Allocation Failure)  5256K->840K(15872K), 0.0007699 secs]
14.795: [GC (Allocation Failure)  5256K->840K(15872K), 0.0007606 secs]
14.799: [GC (Allocation Failure)  5256K->840K(15872K), 0.0007655 secs]
14.803: [GC (Allocation Failure)  5256K->840K(15872K), 0.0007677 secs]
14.807: [GC (Allocation Failure)  5256K->840K(15872K), 0.0007650 secs]
14.812: [GC (Allocation Failure)  5256K->840K(15872K), 0.0007694 secs]
14.816: [GC (Allocation Failure)  5256K->840K(15872K), 0.0007633 secs]
14.820: [GC (Allocation Failure)  5256K->840K(15872K), 0.0007743 secs]
14.825: [GC (Allocation Failure)  5256K->840K(15872K), 0.0007864 secs]
14.829: [GC (Allocation Failure)  5256K->840K(15872K), 0.0007672 secs]
14.834: [GC (Allocation Failure)  5256K->840K(15872K), 0.0007831 secs]
14.838: [GC (Allocation Failure)  5256K->840K(15872K), 0.0007820 secs]
14.842: [GC (Allocation Failure)  5256K->840K(15872K), 0.0007820 secs]
14.846: [GC (Allocation Failure)  5256K->840K(15872K), 0.0007661 secs]
14.851: [GC (Allocation Failure)  5256K->840K(15872K), 0.0007727 secs]
14.855: [GC (Allocation Failure)  5256K->840K(15872K), 0.0007941 secs]
14.859: [GC (Allocation Failure)  5256K->840K(15872K), 0.0007743 secs]
14.864: [GC (Allocation Failure)  5256K->840K(15872K), 0.0007617 secs]
14.868: [GC (Allocation Failure)  5256K->840K(15872K), 0.0007584 secs]
14.872: [GC (Allocation Failure)  5256K->840K(15872K), 0.0007650 secs]
14.876: [GC (Allocation Failure)  5256K->840K(15872K), 0.0007853 secs]
14.881: [GC (Allocation Failure)  5256K->840K(15872K), 0.0007710 secs]
14.885: [GC (Allocation Failure)  5256K->840K(15872K), 0.0007639 secs]
14.889: [GC (Allocation Failure)  5256K->840K(15872K), 0.0007611 secs]
14.893: [GC (Allocation Failure)  5256K->840K(15872K), 0.0008942 secs]
14.898: [GC (Allocation Failure)  5256K->840K(15872K), 0.0007633 secs]
14.902: [GC (Allocation Failure)  5256K->840K(15872K), 0.0007710 secs]
14.906: [GC (Allocation Failure)  5256K->840K(15872K), 0.0007622 secs]
14.910: [GC (Allocation Failure)  5256K->840K(15872K), 0.0009019 secs]
14.915: [GC (Allocation Failure)  5256K->840K(15872K), 0.0007749 secs]
14.919: [GC (Allocation Failure)  5256K->840K(15872K), 0.0007644 secs]
14.923: [GC (Allocation Failure)  5256K->840K(15872K), 0.0007661 secs]
14.928: [GC (Allocation Failure)  5256K->840K(15872K), 0.0008887 secs]
14.932: [GC (Allocation Failure)  5256K->840K(15872K), 0.0007705 secs]
14.936: [GC (Allocation Failure)  5256K->840K(15872K), 0.0007853 secs]
14.941: [GC (Allocation Failure)  5256K->840K(15872K), 0.0007584 secs]
14.945: [GC (Allocation Failure)  5256K->840K(15872K), 0.0007925 secs]
14.950: [GC (Allocation Failure)  5256K->840K(15872K), 0.0007804 secs]
14.954: [GC (Allocation Failure)  5256K->840K(15872K), 0.0007699 secs]
14.958: [GC (Allocation Failure)  5256K->840K(15872K), 0.0007606 secs]
14.963: [GC (Allocation Failure)  5256K->840K(15872K), 0.0007886 secs]
14.968: [GC (Allocation Failure)  5256K->840K(15872K), 0.0007804 secs]
14.972: [GC (Allocation Failure)  5256K->840K(15872K), 0.0007567 secs]
14.977: [GC (Allocation Failure)  5256K->840K(15872K), 0.0007941 secs]
14.981: [GC (Allocation Failure)  5256K->840K(15872K), 0.0007573 secs]
14.985: [GC (Allocation Failure)  5256K->840K(15872K), 0.0007628 secs]
14.990: [GC (Allocation Failure)  5256K->840K(15872K), 0.0007765 secs]
14.994: [GC (Allocation Failure)  5256K->840K(15872K), 0.0009162 secs]
14.998: [GC (Allocation Failure)  5256K->840K(15872K), 0.0007870 secs]
15.003: [GC (Allocation Failure)  5256K->840K(15872K), 0.0007628 secs]
15.007: [GC (Allocation Failure)  5256K->840K(15872K), 0.0013155 secs]
15.013: [GC (Allocation Failure)  5256K->840K(15872K), 0.0007595 secs]
15.017: [GC (Allocation Failure)  5256K->840K(15872K), 0.0007677 secs]
15.022: [GC (Allocation Failure)  5256K->840K(15872K), 0.0008612 secs]
15.028: [GC (Allocation Failure)  5256K->840K(15872K), 0.0009421 secs]
15.033: [GC (Allocation Failure)  5256K->840K(15872K), 0.0008117 secs]
15.038: [GC (Allocation Failure)  5256K->840K(15872K), 0.0008464 secs]
15.043: [GC (Allocation Failure)  5256K->840K(15872K), 0.0008101 secs]
15.048: [GC (Allocation Failure)  5256K->840K(15872K), 0.0013809 secs]
15.053: [GC (Allocation Failure)  5256K->840K(15872K), 0.0007925 secs]
15.057: [GC (Allocation Failure)  5256K->840K(15872K), 0.0007804 secs]
15.062: [GC (Allocation Failure)  5256K->840K(15872K), 0.0007776 secs]
15.066: [GC (Allocation Failure)  5256K->840K(15872K), 0.0008321 secs]
15.072: [GC (Allocation Failure)  5256K->840K(15872K), 0.0007639 secs]
15.076: [GC (Allocation Failure)  5256K->840K(15872K), 0.0007622 secs]
15.081: [GC (Allocation Failure)  5256K->840K(15872K), 0.0008029 secs]
15.085: [GC (Allocation Failure)  5256K->840K(15872K), 0.0012281 secs]
15.090: [GC (Allocation Failure)  5256K->840K(15872K), 0.0007567 secs]
15.095: [GC (Allocation Failure)  5256K->840K(15872K), 0.0007622 secs]
15.099: [GC (Allocation Failure)  5256K->840K(15872K), 0.0007694 secs]
15.104: [GC (Allocation Failure)  5256K->840K(15872K), 0.0007650 secs]
15.122: [GC (Allocation Failure)  5256K->840K(15872K), 0.0007743 secs]
15.127: [GC (Allocation Failure)  5256K->840K(15872K), 0.0007765 secs]
15.131: [GC (Allocation Failure)  5256K->840K(15872K), 0.0007677 secs]
15.136: [GC (Allocation Failure)  5256K->840K(15872K), 0.0008007 secs]
15.141: [GC (Allocation Failure)  5256K->840K(15872K), 0.0007787 secs]
15.146: [GC (Allocation Failure)  5256K->840K(15872K), 0.0007776 secs]
15.150: [GC (Allocation Failure)  5256K->840K(15872K), 0.0007831 secs]
15.159: [GC (Allocation Failure)  5256K->840K(15872K), 0.0007694 secs]
15.163: [GC (Allocation Failure)  5256K->840K(15872K), 0.0007870 secs]
15.168: [GC (Allocation Failure)  5256K->840K(15872K), 0.0007941 secs]
15.173: [GC (Allocation Failure)  5256K->840K(15872K), 0.0007688 secs]
15.177: [GC (Allocation Failure)  5256K->840K(15872K), 0.0008953 secs]
15.183: [GC (Allocation Failure)  5256K->840K(15872K), 0.0007958 secs]
15.187: [GC (Allocation Failure)  5256K->840K(15872K), 0.0007617 secs]
15.192: [GC (Allocation Failure)  5256K->840K(15872K), 0.0007710 secs]
15.197: [GC (Allocation Failure)  5256K->840K(15872K), 0.0008145 secs]
15.201: [GC (Allocation Failure)  5256K->840K(15872K), 0.0007738 secs]
15.206: [GC (Allocation Failure)  5256K->840K(15872K), 0.0007556 secs]
15.210: [GC (Allocation Failure)  5256K->840K(15872K), 0.0007518 secs]
15.215: [GC (Allocation Failure)  5256K->840K(15872K), 0.0007622 secs]
15.219: [GC (Allocation Failure)  5256K->840K(15872K), 0.0013347 secs]
15.224: [GC (Allocation Failure)  5256K->840K(15872K), 0.0007837 secs]
15.233: [GC (Allocation Failure)  5256K->840K(15872K), 0.0007820 secs]
15.237: [GC (Allocation Failure)  5256K->840K(15872K), 0.0007787 secs]
15.242: [GC (Allocation Failure)  5256K->840K(15872K), 0.0013435 secs]
15.247: [GC (Allocation Failure)  5256K->840K(15872K), 0.0007732 secs]
15.251: [GC (Allocation Failure)  5256K->840K(15872K), 0.0007584 secs]
15.255: [GC (Allocation Failure)  5256K->840K(15872K), 0.0007694 secs]
15.260: [GC (Allocation Failure)  5256K->840K(15872K), 0.0007727 secs]
15.265: [GC (Allocation Failure)  5256K->840K(15872K), 0.0013474 secs]
15.270: [GC (Allocation Failure)  5256K->840K(15872K), 0.0007776 secs]
15.275: [GC (Allocation Failure)  5256K->840K(15872K), 0.0007699 secs]
15.279: [GC (Allocation Failure)  5256K->840K(15872K), 0.0007859 secs]
15.284: [GC (Allocation Failure)  5256K->840K(15872K), 0.0007672 secs]
15.288: [GC (Allocation Failure)  5256K->840K(15872K), 0.0007947 secs]
15.294: [GC (Allocation Failure)  5256K->840K(15872K), 0.0009239 secs]
15.299: [GC (Allocation Failure)  5256K->840K(15872K), 0.0007589 secs]
15.303: [GC (Allocation Failure)  5256K->840K(15872K), 0.0007562 secs]
15.308: [GC (Allocation Failure)  5256K->840K(15872K), 0.0007837 secs]
15.313: [GC (Allocation Failure)  5256K->840K(15872K), 0.0007782 secs]
15.318: [GC (Allocation Failure)  5256K->840K(15872K), 0.0007760 secs]
15.327: [GC (Allocation Failure)  5256K->840K(15872K), 0.0025392 secs]
15.338: [GC (Allocation Failure)  5256K->840K(15872K), 0.0007969 secs]
15.343: [GC (Allocation Failure)  5256K->840K(15872K), 0.0008959 secs]
15.348: [GC (Allocation Failure)  5256K->840K(15872K), 0.0007600 secs]
15.354: [GC (Allocation Failure)  5256K->840K(15872K), 0.0007683 secs]
15.358: [GC (Allocation Failure)  5256K->840K(15872K), 0.0007732 secs]
15.367: [GC (Allocation Failure)  5256K->840K(15872K), 0.0014607 secs]
15.375: [GC (Allocation Failure)  5256K->840K(15872K), 0.0007771 secs]
15.385: [GC (Allocation Failure)  5256K->840K(15872K), 0.0007743 secs]
15.393: [GC (Allocation Failure)  5256K->840K(15872K), 0.0009932 secs]
15.404: [GC (Allocation Failure)  5256K->840K(15872K), 0.0008051 secs]
15.409: [GC (Allocation Failure)  5256K->840K(15872K), 0.0007809 secs]
15.413: [GC (Allocation Failure)  5256K->840K(15872K), 0.0009498 secs]
15.419: [GC (Allocation Failure)  5256K->840K(15872K), 0.0007754 secs]
15.423: [GC (Allocation Failure)  5256K->840K(15872K), 0.0007699 secs]
15.429: [GC (Allocation Failure)  5256K->840K(15872K), 0.0007958 secs]
15.434: [GC (Allocation Failure)  5256K->840K(15872K), 0.0007787 secs]
15.439: [GC (Allocation Failure)  5256K->840K(15872K), 0.0007875 secs]
15.443: [GC (Allocation Failure)  5256K->840K(15872K), 0.0010240 secs]
15.449: [GC (Allocation Failure)  5256K->840K(15872K), 0.0007705 secs]
15.453: [GC (Allocation Failure)  5256K->840K(15872K), 0.0012237 secs]
15.458: [GC (Allocation Failure)  5256K->840K(15872K), 0.0007688 secs]
15.463: [GC (Allocation Failure)  5256K->840K(15872K), 0.0007650 secs]
15.467: [GC (Allocation Failure)  5256K->840K(15872K), 0.0007622 secs]
15.472: [GC (Allocation Failure)  5256K->840K(15872K), 0.0007716 secs]
15.477: [GC (Allocation Failure)  5256K->840K(15872K), 0.0008046 secs]
15.482: [GC (Allocation Failure)  5256K->840K(15872K), 0.0007639 secs]
15.487: [GC (Allocation Failure)  5256K->840K(15872K), 0.0007716 secs]
15.493: [GC (Allocation Failure)  5256K->840K(15872K), 0.0007815 secs]
15.497: [GC (Allocation Failure)  5256K->840K(15872K), 0.0007804 secs]
15.502: [GC (Allocation Failure)  5256K->840K(15872K), 0.0007688 secs]
15.506: [GC (Allocation Failure)  5256K->840K(15872K), 0.0007633 secs]
15.512: [GC (Allocation Failure)  5256K->840K(15872K), 0.0007897 secs]
15.518: [GC (Allocation Failure)  5256K->840K(15872K), 0.0007672 secs]
15.522: [GC (Allocation Failure)  5256K->840K(15872K), 0.0007655 secs]
15.527: [GC (Allocation Failure)  5256K->840K(15872K), 0.0008849 secs]
15.531: [GC (Allocation Failure)  5256K->840K(15872K), 0.0012358 secs]
15.537: [GC (Allocation Failure)  5256K->840K(15872K), 0.0007727 secs]
15.542: [GC (Allocation Failure)  5256K->840K(15872K), 0.0007650 secs]
15.547: [GC (Allocation Failure)  5256K->840K(15872K), 0.0007815 secs]
15.551: [GC (Allocation Failure)  5256K->840K(15872K), 0.0007738 secs]
15.556: [GC (Allocation Failure)  5256K->840K(15872K), 0.0008238 secs]
15.560: [GC (Allocation Failure)  5256K->840K(15872K), 0.0007699 secs]
15.566: [GC (Allocation Failure)  5256K->840K(15872K), 0.0007776 secs]
15.570: [GC (Allocation Failure)  5256K->840K(15872K), 0.0007705 secs]
15.574: [GC (Allocation Failure)  5256K->840K(15872K), 0.0007881 secs]
15.580: [GC (Allocation Failure)  5256K->840K(15872K), 0.0009652 secs]
15.585: [GC (Allocation Failure)  5256K->840K(15872K), 0.0007683 secs]
15.590: [GC (Allocation Failure)  5256K->840K(15872K), 0.0007699 secs]
15.595: [GC (Allocation Failure)  5256K->840K(15872K), 0.0009322 secs]
15.601: [GC (Allocation Failure)  5256K->840K(15872K), 0.0007705 secs]
15.605: [GC (Allocation Failure)  5256K->840K(15872K), 0.0007760 secs]
15.610: [GC (Allocation Failure)  5256K->840K(15872K), 0.0008959 secs]
15.615: [GC (Allocation Failure)  5256K->840K(15872K), 0.0007760 secs]
15.620: [GC (Allocation Failure)  5256K->840K(15872K), 0.0007749 secs]
15.625: [GC (Allocation Failure)  5256K->840K(15872K), 0.0007721 secs]
15.630: [GC (Allocation Failure)  5256K->840K(15872K), 0.0007771 secs]
15.635: [GC (Allocation Failure)  5256K->840K(15872K), 0.0007875 secs]
15.639: [GC (Allocation Failure)  5256K->840K(15872K), 0.0012363 secs]
15.646: [GC (Allocation Failure)  5256K->840K(15872K), 0.0008079 secs]
15.651: [GC (Allocation Failure)  5256K->840K(15872K), 0.0007765 secs]
15.655: [GC (Allocation Failure)  5256K->840K(15872K), 0.0007875 secs]
15.660: [GC (Allocation Failure)  5256K->840K(15872K), 0.0008271 secs]
15.665: [GC (Allocation Failure)  5256K->840K(15872K), 0.0007749 secs]
15.669: [GC (Allocation Failure)  5256K->840K(15872K), 0.0007776 secs]
15.674: [GC (Allocation Failure)  5256K->840K(15872K), 0.0007710 secs]
15.679: [GC (Allocation Failure)  5256K->840K(15872K), 0.0007771 secs]
15.684: [GC (Allocation Failure)  5256K->840K(15872K), 0.0007798 secs]
15.688: [GC (Allocation Failure)  5256K->840K(15872K), 0.0007897 secs]
15.697: [GC (Allocation Failure)  5256K->840K(15872K), 0.0007765 secs]
15.701: [GC (Allocation Failure)  5256K->840K(15872K), 0.0007870 secs]
15.706: [GC (Allocation Failure)  5256K->840K(15872K), 0.0008024 secs]
15.711: [GC (Allocation Failure)  5256K->840K(15872K), 0.0013001 secs]
15.723: [GC (Allocation Failure)  5256K->840K(15872K), 0.0008183 secs]
15.728: [GC (Allocation Failure)  5256K->840K(15872K), 0.0007974 secs]
15.733: [GC (Allocation Failure)  5256K->840K(15872K), 0.0007754 secs]
15.737: [GC (Allocation Failure)  5256K->840K(15872K), 0.0007798 secs]
15.742: [GC (Allocation Failure)  5256K->840K(15872K), 0.0007809 secs]
15.746: [GC (Allocation Failure)  5256K->840K(15872K), 0.0007732 secs]
15.750: [GC (Allocation Failure)  5256K->840K(15872K), 0.0007721 secs]
15.754: [GC (Allocation Failure)  5256K->840K(15872K), 0.0007716 secs]
15.758: [GC (Allocation Failure)  5256K->840K(15872K), 0.0007716 secs]
15.763: [GC (Allocation Failure)  5256K->840K(15872K), 0.0008183 secs]
15.767: [GC (Allocation Failure)  5256K->840K(15872K), 0.0008216 secs]
15.771: [GC (Allocation Failure)  5256K->840K(15872K), 0.0007606 secs]
15.775: [GC (Allocation Failure)  5256K->840K(15872K), 0.0007600 secs]
15.779: [GC (Allocation Failure)  5256K->840K(15872K), 0.0007617 secs]
15.783: [GC (Allocation Failure)  5256K->840K(15872K), 0.0007589 secs]
15.787: [GC (Allocation Failure)  5256K->840K(15872K), 0.0007606 secs]
15.792: [GC (Allocation Failure)  5256K->840K(15872K), 0.0007633 secs]
15.796: [GC (Allocation Failure)  5256K->840K(15872K), 0.0008981 secs]
15.801: [GC (Allocation Failure)  5256K->840K(15872K), 0.0007782 secs]
15.805: [GC (Allocation Failure)  5256K->840K(15872K), 0.0007639 secs]
15.809: [GC (Allocation Failure)  5256K->840K(15872K), 0.0007655 secs]
15.814: [GC (Allocation Failure)  5256K->840K(15872K), 0.0007699 secs]
15.818: [GC (Allocation Failure)  5256K->840K(15872K), 0.0007666 secs]
15.822: [GC (Allocation Failure)  5256K->840K(15872K), 0.0007815 secs]
15.829: [GC (Allocation Failure)  5256K->840K(15872K), 0.0008079 secs]
15.840: [GC (Allocation Failure)  5256K->840K(15872K), 0.0008436 secs]
15.847: [GC (Allocation Failure)  5256K->840K(15872K), 0.0007655 secs]
15.852: [GC (Allocation Failure)  5256K->840K(15872K), 0.0008381 secs]
15.857: [GC (Allocation Failure)  5256K->840K(15872K), 0.0009261 secs]
15.861: [GC (Allocation Failure)  5256K->840K(15872K), 0.0007754 secs]
15.866: [GC (Allocation Failure)  5256K->840K(15872K), 0.0007760 secs]
15.871: [GC (Allocation Failure)  5256K->840K(15872K), 0.0007886 secs]
15.875: [GC (Allocation Failure)  5256K->840K(15872K), 0.0008101 secs]
15.880: [GC (Allocation Failure)  5256K->840K(15872K), 0.0008029 secs]
15.884: [GC (Allocation Failure)  5256K->840K(15872K), 0.0007639 secs]
15.888: [GC (Allocation Failure)  5256K->840K(15872K), 0.0007749 secs]
15.894: [GC (Allocation Failure)  5256K->840K(15872K), 0.0007886 secs]
15.900: [GC (Allocation Failure)  5256K->840K(15872K), 0.0007677 secs]
15.904: [GC (Allocation Failure)  5256K->840K(15872K), 0.0007716 secs]
15.909: [GC (Allocation Failure)  5256K->840K(15872K), 0.0007793 secs]
15.915: [GC (Allocation Failure)  5256K->840K(15872K), 0.0007787 secs]
15.919: [GC (Allocation Failure)  5256K->840K(15872K), 0.0007793 secs]
15.927: [GC (Allocation Failure)  5256K->840K(15872K), 0.0019331 secs]
15.933: [GC (Allocation Failure)  5256K->840K(15872K), 0.0007930 secs]
15.938: [GC (Allocation Failure)  5256K->840K(15872K), 0.0012435 secs]
15.943: [GC (Allocation Failure)  5256K->840K(15872K), 0.0007688 secs]
15.948: [GC (Allocation Failure)  5256K->840K(15872K), 0.0007606 secs]
15.953: [GC (Allocation Failure)  5256K->840K(15872K), 0.0007738 secs]
15.958: [GC (Allocation Failure)  5256K->840K(15872K), 0.0007672 secs]
15.963: [GC (Allocation Failure)  5256K->840K(15872K), 0.0007628 secs]
15.967: [GC (Allocation Failure)  5256K->840K(15872K), 0.0013677 secs]
15.972: [GC (Allocation Failure)  5256K->840K(15872K), 0.0007738 secs]
15.977: [GC (Allocation Failure)  5256K->840K(15872K), 0.0007655 secs]
15.982: [GC (Allocation Failure)  5256K->840K(15872K), 0.0007941 secs]
15.986: [GC (Allocation Failure)  5256K->840K(15872K), 0.0007688 secs]
15.991: [GC (Allocation Failure)  5256K->840K(15872K), 0.0012248 secs]
15.996: [GC (Allocation Failure)  5256K->840K(15872K), 0.0007622 secs]
16.001: [GC (Allocation Failure)  5256K->840K(15872K), 0.0007622 secs]
16.005: [GC (Allocation Failure)  5256K->840K(15872K), 0.0007573 secs]
16.009: [GC (Allocation Failure)  5256K->840K(15872K), 0.0007848 secs]
16.014: [GC (Allocation Failure)  5256K->840K(15872K), 0.0007677 secs]
16.019: [GC (Allocation Failure)  5256K->840K(15872K), 0.0007925 secs]
16.023: [GC (Allocation Failure)  5256K->840K(15872K), 0.0012479 secs]
16.029: [GC (Allocation Failure)  5256K->840K(15872K), 0.0007798 secs]
16.033: [GC (Allocation Failure)  5256K->840K(15872K), 0.0007754 secs]
16.037: [GC (Allocation Failure)  5256K->840K(15872K), 0.0007705 secs]
16.046: [GC (Allocation Failure)  5256K->840K(15872K), 0.0007815 secs]
16.051: [GC (Allocation Failure)  5256K->840K(15872K), 0.0007677 secs]
16.056: [GC (Allocation Failure)  5256K->840K(15872K), 0.0007914 secs]
16.060: [GC (Allocation Failure)  5256K->840K(15872K), 0.0009371 secs]
16.065: [GC (Allocation Failure)  5256K->840K(15872K), 0.0007760 secs]
16.071: [GC (Allocation Failure)  5256K->840K(15872K), 0.0007749 secs]
16.076: [GC (Allocation Failure)  5256K->840K(15872K), 0.0007760 secs]
16.085: [GC (Allocation Failure)  5256K->840K(15872K), 0.0017087 secs]
16.108: [GC (Allocation Failure)  5256K->840K(15872K), 0.0007936 secs]
16.113: [GC (Allocation Failure)  5256K->840K(15872K), 0.0007947 secs]
16.118: [GC (Allocation Failure)  5256K->840K(15872K), 0.0014403 secs]
16.123: [GC (Allocation Failure)  5256K->840K(15872K), 0.0007941 secs]
16.127: [GC (Allocation Failure)  5256K->840K(15872K), 0.0008183 secs]
16.131: [GC (Allocation Failure)  5256K->840K(15872K), 0.0011698 secs]
16.139: [GC (Allocation Failure)  5256K->840K(15872K), 0.0010631 secs]
16.144: [GC (Allocation Failure)  5256K->840K(15872K), 0.0008623 secs]
16.150: [GC (Allocation Failure)  5256K->840K(15872K), 0.0007694 secs]
16.154: [GC (Allocation Failure)  5256K->840K(15872K), 0.0007644 secs]
16.159: [GC (Allocation Failure)  5256K->840K(15872K), 0.0007710 secs]
16.163: [GC (Allocation Failure)  5256K->840K(15872K), 0.0009311 secs]
16.168: [GC (Allocation Failure)  5256K->840K(15872K), 0.0007798 secs]
16.172: [GC (Allocation Failure)  5256K->840K(15872K), 0.0011681 secs]
16.180: [GC (Allocation Failure)  5256K->840K(15872K), 0.0007716 secs]
16.184: [GC (Allocation Failure)  5256K->840K(15872K), 0.0007870 secs]
16.188: [GC (Allocation Failure)  5256K->840K(15872K), 0.0007985 secs]
16.192: [GC (Allocation Failure)  5256K->840K(15872K), 0.0007683 secs]
16.198: [GC (Allocation Failure)  5256K->840K(15872K), 0.0007705 secs]
16.203: [GC (Allocation Failure)  5256K->840K(15872K), 0.0007683 secs]
16.207: [GC (Allocation Failure)  5256K->840K(15872K), 0.0008013 secs]
16.211: [GC (Allocation Failure)  5256K->840K(15872K), 0.0008211 secs]
16.216: [GC (Allocation Failure)  5256K->840K(15872K), 0.0007749 secs]
16.220: [GC (Allocation Failure)  5256K->840K(15872K), 0.0007721 secs]
16.225: [GC (Allocation Failure)  5256K->840K(15872K), 0.0011549 secs]
16.231: [GC (Allocation Failure)  5256K->840K(15872K), 0.0007749 secs]
16.235: [GC (Allocation Failure)  5256K->840K(15872K), 0.0007518 secs]
16.239: [GC (Allocation Failure)  5256K->840K(15872K), 0.0007589 secs]
16.243: [GC (Allocation Failure)  5256K->840K(15872K), 0.0007551 secs]
16.247: [GC (Allocation Failure)  5256K->840K(15872K), 0.0007952 secs]
16.256: [GC (Allocation Failure)  5256K->840K(15872K), 0.0007655 secs]
16.261: [GC (Allocation Failure)  5256K->840K(15872K), 0.0008348 secs]
16.265: [GC (Allocation Failure)  5256K->840K(15872K), 0.0007694 secs]
16.270: [GC (Allocation Failure)  5256K->840K(15872K), 0.0007754 secs]
16.274: [GC (Allocation Failure)  5256K->840K(15872K), 0.0007650 secs]
16.279: [GC (Allocation Failure)  5256K->840K(15872K), 0.0007727 secs]
16.283: [GC (Allocation Failure)  5256K->840K(15872K), 0.0007749 secs]
16.288: [GC (Allocation Failure)  5256K->840K(15872K), 0.0007886 secs]
16.292: [GC (Allocation Failure)  5256K->840K(15872K), 0.0008046 secs]
16.298: [GC (Allocation Failure)  5256K->840K(15872K), 0.0007705 secs]
16.302: [GC (Allocation Failure)  5256K->840K(15872K), 0.0007617 secs]
16.306: [GC (Allocation Failure)  5256K->840K(15872K), 0.0008002 secs]
16.311: [GC (Allocation Failure)  5256K->840K(15872K), 0.0016086 secs]
16.316: [GC (Allocation Failure)  5256K->840K(15872K), 0.0007677 secs]
16.320: [GC (Allocation Failure)  5256K->840K(15872K), 0.0007661 secs]
16.324: [GC (Allocation Failure)  5256K->840K(15872K), 0.0007771 secs]
16.330: [GC (Allocation Failure)  5256K->840K(15872K), 0.0007853 secs]
16.334: [GC (Allocation Failure)  5256K->840K(15872K), 0.0007545 secs]
16.338: [GC (Allocation Failure)  5256K->840K(15872K), 0.0007595 secs]
16.342: [GC (Allocation Failure)  5256K->840K(15872K), 0.0007501 secs]
16.346: [GC (Allocation Failure)  5256K->840K(15872K), 0.0007936 secs]
16.351: [GC (Allocation Failure)  5256K->840K(15872K), 0.0007925 secs]
16.358: [GC (Allocation Failure)  5256K->840K(15872K), 0.0007842 secs]
16.363: [GC (Allocation Failure)  5256K->840K(15872K), 0.0007760 secs]
16.367: [GC (Allocation Failure)  5256K->840K(15872K), 0.0022042 secs]
16.373: [GC (Allocation Failure)  5256K->840K(15872K), 0.0007952 secs]
16.377: [GC (Allocation Failure)  5256K->840K(15872K), 0.0044783 secs]
16.386: [GC (Allocation Failure)  5256K->840K(15872K), 0.0007606 secs]
16.390: [GC (Allocation Failure)  5256K->840K(15872K), 0.0007595 secs]
16.401: [GC (Allocation Failure)  5256K->840K(15872K), 0.0007699 secs]
16.405: [GC (Allocation Failure)  5256K->840K(15872K), 0.0008035 secs]
16.410: [GC (Allocation Failure)  5256K->840K(15872K), 0.0007826 secs]
16.415: [GC (Allocation Failure)  5256K->840K(15872K), 0.0009063 secs]
16.419: [GC (Allocation Failure)  5256K->840K(15872K), 0.0007771 secs]
16.424: [GC (Allocation Failure)  5256K->840K(15872K), 0.0007699 secs]
16.431: [GC (Allocation Failure)  5256K->840K(15872K), 0.0007633 secs]
16.435: [GC (Allocation Failure)  5256K->840K(15872K), 0.0007567 secs]
16.440: [GC (Allocation Failure)  5256K->840K(15872K), 0.0007672 secs]
16.447: [GC (Allocation Failure)  5256K->840K(15872K), 0.0007589 secs]
16.451: [GC (Allocation Failure)  5256K->840K(15872K), 0.0007595 secs]
16.456: [GC (Allocation Failure)  5256K->840K(15872K), 0.0007600 secs]
16.460: [GC (Allocation Failure)  5256K->840K(15872K), 0.0009454 secs]
16.465: [GC (Allocation Failure)  5256K->840K(15872K), 0.0007837 secs]
16.469: [GC (Allocation Failure)  5256K->840K(15872K), 0.0008700 secs]
16.474: [GC (Allocation Failure)  5256K->840K(15872K), 0.0007732 secs]
16.479: [GC (Allocation Failure)  5256K->840K(15872K), 0.0007804 secs]
16.483: [GC (Allocation Failure)  5256K->840K(15872K), 0.0007837 secs]
16.489: [GC (Allocation Failure)  5256K->840K(15872K), 0.0012803 secs]
16.495: [GC (Allocation Failure)  5256K->840K(15872K), 0.0019771 secs]
16.501: [GC (Allocation Failure)  5256K->840K(15872K), 0.0009245 secs]
16.507: [GC (Allocation Failure)  5256K->840K(15872K), 0.0008040 secs]
16.516: [GC (Allocation Failure)  5256K->840K(15872K), 0.0007661 secs]
16.521: [GC (Allocation Failure)  5256K->840K(15872K), 0.0007743 secs]
16.525: [GC (Allocation Failure)  5256K->840K(15872K), 0.0007694 secs]
16.532: [GC (Allocation Failure)  5256K->840K(15872K), 0.0007969 secs]
16.536: [GC (Allocation Failure)  5256K->840K(15872K), 0.0008332 secs]
16.540: [GC (Allocation Failure)  5256K->840K(15872K), 0.0007534 secs]
16.544: [GC (Allocation Failure)  5256K->840K(15872K), 0.0007809 secs]
16.549: [GC (Allocation Failure)  5256K->840K(15872K), 0.0007870 secs]
16.553: [GC (Allocation Failure)  5256K->840K(15872K), 0.0007771 secs]
16.557: [GC (Allocation Failure)  5256K->840K(15872K), 0.0007776 secs]
16.563: [GC (Allocation Failure)  5256K->840K(15872K), 0.0007743 secs]
16.567: [GC (Allocation Failure)  5256K->840K(15872K), 0.0007848 secs]
16.572: [GC (Allocation Failure)  5256K->840K(15872K), 0.0007699 secs]
16.576: [GC (Allocation Failure)  5256K->840K(15872K), 0.0007655 secs]
16.581: [GC (Allocation Failure)  5256K->840K(15872K), 0.0008590 secs]
16.586: [GC (Allocation Failure)  5256K->840K(15872K), 0.0007644 secs]
16.591: [GC (Allocation Failure)  5256K->840K(15872K), 0.0007776 secs]
16.596: [GC (Allocation Failure)  5256K->840K(15872K), 0.0007655 secs]
16.600: [GC (Allocation Failure)  5256K->840K(15872K), 0.0007749 secs]
16.605: [GC (Allocation Failure)  5256K->840K(15872K), 0.0007969 secs]
16.610: [GC (Allocation Failure)  5256K->840K(15872K), 0.0013496 secs]
16.614: [GC (Allocation Failure)  5256K->840K(15872K), 0.0008392 secs]
16.621: [GC (Allocation Failure)  5256K->840K(15872K), 0.0007754 secs]
16.626: [GC (Allocation Failure)  5256K->840K(15872K), 0.0009206 secs]
16.631: [GC (Allocation Failure)  5256K->840K(15872K), 0.0007870 secs]
16.636: [GC (Allocation Failure)  5256K->840K(15872K), 0.0007842 secs]
16.642: [GC (Allocation Failure)  5256K->840K(15872K), 0.0008068 secs]
16.646: [GC (Allocation Failure)  5256K->840K(15872K), 0.0008838 secs]
16.651: [GC (Allocation Failure)  5256K->840K(15872K), 0.0007952 secs]
16.655: [GC (Allocation Failure)  5256K->840K(15872K), 0.0007919 secs]
16.659: [GC (Allocation Failure)  5256K->840K(15872K), 0.0008084 secs]
16.663: [GC (Allocation Failure)  5256K->840K(15872K), 0.0007771 secs]
16.667: [GC (Allocation Failure)  5256K->840K(15872K), 0.0008101 secs]
16.672: [GC (Allocation Failure)  5256K->840K(15872K), 0.0007738 secs]
16.676: [GC (Allocation Failure)  5256K->840K(15872K), 0.0007947 secs]
16.681: [GC (Allocation Failure)  5256K->840K(15872K), 0.0010114 secs]
16.686: [GC (Allocation Failure)  5256K->840K(15872K), 0.0008530 secs]
16.691: [GC (Allocation Failure)  5256K->840K(15872K), 0.0007881 secs]
16.696: [GC (Allocation Failure)  5256K->840K(15872K), 0.0007903 secs]
16.701: [GC (Allocation Failure)  5256K->840K(15872K), 0.0008601 secs]
16.714: [GC (Allocation Failure)  5256K->840K(15872K), 0.0007798 secs]
16.719: [GC (Allocation Failure)  5256K->840K(15872K), 0.0007908 secs]
16.724: [GC (Allocation Failure)  5256K->840K(15872K), 0.0007980 secs]
16.729: [GC (Allocation Failure)  5256K->840K(15872K), 0.0011291 secs]
16.735: [GC (Allocation Failure)  5256K->840K(15872K), 0.0008744 secs]
16.740: [GC (Allocation Failure)  5256K->840K(15872K), 0.0008068 secs]
16.745: [GC (Allocation Failure)  5256K->840K(15872K), 0.0007837 secs]
16.750: [GC (Allocation Failure)  5256K->840K(15872K), 0.0007782 secs]
16.754: [GC (Allocation Failure)  5256K->840K(15872K), 0.0008233 secs]
16.764: [GC (Allocation Failure)  5256K->840K(15872K), 0.0009129 secs]
16.773: [GC (Allocation Failure)  5256K->840K(15872K), 0.0007771 secs]
16.780: [GC (Allocation Failure)  5256K->840K(15872K), 0.0009382 secs]
16.786: [GC (Allocation Failure)  5256K->840K(15872K), 0.0007705 secs]
16.790: [GC (Allocation Failure)  5256K->840K(15872K), 0.0012930 secs]
16.798: [GC (Allocation Failure)  5256K->840K(15872K), 0.0007727 secs]
16.802: [GC (Allocation Failure)  5256K->840K(15872K), 0.0007793 secs]
16.807: [GC (Allocation Failure)  5256K->840K(15872K), 0.0007688 secs]
16.815: [GC (Allocation Failure)  5256K->840K(15872K), 0.0007969 secs]
16.819: [GC (Allocation Failure)  5256K->840K(15872K), 0.0009058 secs]
16.825: [GC (Allocation Failure)  5256K->840K(15872K), 0.0007633 secs]
16.832: [GC (Allocation Failure)  5256K->840K(15872K), 0.0007688 secs]
16.836: [GC (Allocation Failure)  5256K->840K(15872K), 0.0007672 secs]
16.841: [GC (Allocation Failure)  5256K->840K(15872K), 0.0007622 secs]
16.848: [GC (Allocation Failure)  5256K->840K(15872K), 0.0007644 secs]
16.859: [GC (Allocation Failure)  5256K->840K(15872K), 0.0007589 secs]
16.866: [GC (Allocation Failure)  5256K->840K(15872K), 0.0009740 secs]
16.875: [GC (Allocation Failure)  5256K->840K(15872K), 0.0007776 secs]
16.882: [GC (Allocation Failure)  5256K->840K(15872K), 0.0007743 secs]
16.886: [GC (Allocation Failure)  5256K->840K(15872K), 0.0007666 secs]
16.892: [GC (Allocation Failure)  5256K->840K(15872K), 0.0007820 secs]
16.899: [GC (Allocation Failure)  5256K->840K(15872K), 0.0007738 secs]
16.903: [GC (Allocation Failure)  5256K->840K(15872K), 0.0007705 secs]
16.908: [GC (Allocation Failure)  5256K->840K(15872K), 0.0007661 secs]
16.914: [GC (Allocation Failure)  5256K->840K(15872K), 0.0007639 secs]
16.918: [GC (Allocation Failure)  5256K->840K(15872K), 0.0007655 secs]
16.922: [GC (Allocation Failure)  5256K->840K(15872K), 0.0007650 secs]
16.930: [GC (Allocation Failure)  5256K->840K(15872K), 0.0007622 secs]
16.934: [GC (Allocation Failure)  5256K->840K(15872K), 0.0007589 secs]
16.938: [GC (Allocation Failure)  5256K->840K(15872K), 0.0013034 secs]
16.944: [GC (Allocation Failure)  5256K->840K(15872K), 0.0031045 secs]
16.951: [GC (Allocation Failure)  5256K->840K(15872K), 0.0007754 secs]
16.955: [GC (Allocation Failure)  5256K->840K(15872K), 0.0007760 secs]
16.960: [GC (Allocation Failure)  5256K->840K(15872K), 0.0022323 secs]
16.969: [GC (Allocation Failure)  5256K->840K(15872K), 0.0007831 secs]
16.975: [GC (Allocation Failure)  5256K->840K(15872K), 0.0007958 secs]
16.982: [GC (Allocation Failure)  5256K->840K(15872K), 0.0007716 secs]
16.986: [GC (Allocation Failure)  5256K->840K(15872K), 0.0007628 secs]
16.991: [GC (Allocation Failure)  5256K->840K(15872K), 0.0007677 secs]
16.998: [GC (Allocation Failure)  5256K->840K(15872K), 0.0007677 secs]
17.003: [GC (Allocation Failure)  5256K->840K(15872K), 0.0007694 secs]
17.008: [GC (Allocation Failure)  5256K->840K(15872K), 0.0007694 secs]
17.015: [GC (Allocation Failure)  5256K->840K(15872K), 0.0007732 secs]
17.020: [GC (Allocation Failure)  5256K->840K(15872K), 0.0008656 secs]
17.025: [GC (Allocation Failure)  5256K->840K(15872K), 0.0007683 secs]
17.032: [GC (Allocation Failure)  5256K->840K(15872K), 0.0007716 secs]
17.036: [GC (Allocation Failure)  5256K->840K(15872K), 0.0007743 secs]
17.042: [GC (Allocation Failure)  5256K->840K(15872K), 0.0007776 secs]
17.048: [GC (Allocation Failure)  5256K->840K(15872K), 0.0007688 secs]
17.053: [GC (Allocation Failure)  5256K->840K(15872K), 0.0007705 secs]
17.058: [GC (Allocation Failure)  5256K->840K(15872K), 0.0007622 secs]
17.065: [GC (Allocation Failure)  5256K->840K(15872K), 0.0007639 secs]
17.069: [GC (Allocation Failure)  5256K->840K(15872K), 0.0007716 secs]
17.075: [GC (Allocation Failure)  5256K->840K(15872K), 0.0007809 secs]
17.081: [GC (Allocation Failure)  5256K->840K(15872K), 0.0007738 secs]
17.085: [GC (Allocation Failure)  5256K->840K(15872K), 0.0007694 secs]
17.090: [GC (Allocation Failure)  5256K->840K(15872K), 0.0007749 secs]
17.096: [GC (Allocation Failure)  5256K->840K(15872K), 0.0007831 secs]
17.100: [GC (Allocation Failure)  5256K->840K(15872K), 0.0007677 secs]
17.104: [GC (Allocation Failure)  5256K->840K(15872K), 0.0012704 secs]
17.109: [GC (Allocation Failure)  5256K->840K(15872K), 0.0007897 secs]
17.116: [GC (Allocation Failure)  5256K->840K(15872K), 0.0009630 secs]
17.120: [GC (Allocation Failure)  5256K->840K(15872K), 0.0007738 secs]
17.125: [GC (Allocation Failure)  5256K->840K(15872K), 0.0007699 secs]
17.131: [GC (Allocation Failure)  5256K->840K(15872K), 0.0007732 secs]
17.136: [GC (Allocation Failure)  5256K->840K(15872K), 0.0007721 secs]
17.141: [GC (Allocation Failure)  5256K->840K(15872K), 0.0008491 secs]
17.148: [GC (Allocation Failure)  5256K->840K(15872K), 0.0007749 secs]
17.153: [GC (Allocation Failure)  5256K->840K(15872K), 0.0007578 secs]
17.158: [GC (Allocation Failure)  5256K->840K(15872K), 0.0007688 secs]
17.164: [GC (Allocation Failure)  5256K->840K(15872K), 0.0008051 secs]
17.169: [GC (Allocation Failure)  5256K->840K(15872K), 0.0007727 secs]
17.223: [GC (Allocation Failure)  5256K->840K(15872K), 0.0014392 secs]
17.232: [GC (Allocation Failure)  5256K->840K(15872K), 0.0008425 secs]
17.236: [GC (Allocation Failure)  5256K->840K(15872K), 0.0008442 secs]
17.241: [GC (Allocation Failure)  5256K->840K(15872K), 0.0008359 secs]
17.247: [GC (Allocation Failure)  5256K->840K(15872K), 0.0007606 secs]
17.252: [GC (Allocation Failure)  5256K->840K(15872K), 0.0008277 secs]
17.260: [GC (Allocation Failure)  5256K->840K(15872K), 0.0008123 secs]
17.265: [GC (Allocation Failure)  5256K->840K(15872K), 0.0007677 secs]
17.269: [GC (Allocation Failure)  5256K->840K(15872K), 0.0007870 secs]
17.273: [GC (Allocation Failure)  5256K->840K(15872K), 0.0007573 secs]
17.277: [GC (Allocation Failure)  5256K->840K(15872K), 0.0007925 secs]
17.282: [GC (Allocation Failure)  5256K->840K(15872K), 0.0007897 secs]
17.286: [GC (Allocation Failure)  5256K->840K(15872K), 0.0007622 secs]
17.291: [GC (Allocation Failure)  5256K->840K(15872K), 0.0008684 secs]
17.297: [GC (Allocation Failure)  5256K->840K(15872K), 0.0007771 secs]
17.301: [GC (Allocation Failure)  5256K->840K(15872K), 0.0007809 secs]
17.307: [GC (Allocation Failure)  5256K->840K(15872K), 0.0008101 secs]
17.311: [GC (Allocation Failure)  5256K->840K(15872K), 0.0009091 secs]
17.319: [GC (Allocation Failure)  5256K->840K(15872K), 0.0007947 secs]
17.324: [GC (Allocation Failure)  5256K->840K(15872K), 0.0007650 secs]
17.330: [GC (Allocation Failure)  5256K->840K(15872K), 0.0007463 secs]
17.338: [GC (Allocation Failure)  5256K->840K(15872K), 0.0012330 secs]
17.343: [GC (Allocation Failure)  5256K->840K(15872K), 0.0008249 secs]
17.349: [GC (Allocation Failure)  5256K->840K(15872K), 0.0009437 secs]
17.353: [GC (Allocation Failure)  5256K->840K(15872K), 0.0008337 secs]
17.358: [GC (Allocation Failure)  5256K->840K(15872K), 0.0007721 secs]
17.362: [GC (Allocation Failure)  5256K->840K(15872K), 0.0007815 secs]
17.366: [GC (Allocation Failure)  5256K->840K(15872K), 0.0008700 secs]
17.370: [GC (Allocation Failure)  5256K->840K(15872K), 0.0007820 secs]
17.375: [GC (Allocation Failure)  5256K->840K(15872K), 0.0007826 secs]
17.379: [GC (Allocation Failure)  5256K->840K(15872K), 0.0009410 secs]
17.384: [GC (Allocation Failure)  5256K->840K(15872K), 0.0007870 secs]
17.388: [GC (Allocation Failure)  5256K->840K(15872K), 0.0007892 secs]
17.393: [GC (Allocation Failure)  5256K->840K(15872K), 0.0008645 secs]
17.397: [GC (Allocation Failure)  5256K->840K(15872K), 0.0008491 secs]
17.402: [GC (Allocation Failure)  5256K->840K(15872K), 0.0008475 secs]
17.408: [GC (Allocation Failure)  5256K->840K(15872K), 0.0007710 secs]
17.413: [GC (Allocation Failure)  5256K->840K(15872K), 0.0007776 secs]
17.417: [GC (Allocation Failure)  5256K->840K(15872K), 0.0008150 secs]
17.421: [GC (Allocation Failure)  5256K->840K(15872K), 0.0008453 secs]
17.426: [GC (Allocation Failure)  5256K->840K(15872K), 0.0007787 secs]
17.430: [GC (Allocation Failure)  5256K->840K(15872K), 0.0007837 secs]
17.434: [GC (Allocation Failure)  5256K->840K(15872K), 0.0008057 secs]
17.439: [GC (Allocation Failure)  5256K->840K(15872K), 0.0007820 secs]
17.444: [GC (Allocation Failure)  5256K->840K(15872K), 0.0009074 secs]
17.448: [GC (Allocation Failure)  5256K->840K(15872K), 0.0008596 secs]
17.458: [GC (Allocation Failure)  5256K->840K(15872K), 0.0007512 secs]
17.464: [GC (Allocation Failure)  5256K->840K(15872K), 0.0007897 secs]
17.468: [GC (Allocation Failure)  5256K->840K(15872K), 0.0007881 secs]
17.473: [GC (Allocation Failure)  5256K->840K(15872K), 0.0007716 secs]
17.477: [GC (Allocation Failure)  5256K->840K(15872K), 0.0007732 secs]
17.482: [GC (Allocation Failure)  5256K->840K(15872K), 0.0007677 secs]
17.488: [GC (Allocation Failure)  5256K->840K(15872K), 0.0007809 secs]
17.492: [GC (Allocation Failure)  5256K->840K(15872K), 0.0007765 secs]
17.496: [GC (Allocation Failure)  5256K->840K(15872K), 0.0007897 secs]
17.502: [GC (Allocation Failure)  5256K->840K(15872K), 0.0007815 secs]
17.508: [GC (Allocation Failure)  5256K->840K(15872K), 0.0007699 secs]
17.518: [GC (Allocation Failure)  5256K->840K(15872K), 0.0008090 secs]
17.523: [GC (Allocation Failure)  5256K->840K(15872K), 0.0007886 secs]
17.527: [GC (Allocation Failure)  5256K->840K(15872K), 0.0022631 secs]
17.532: [GC (Allocation Failure)  5256K->840K(15872K), 0.0008761 secs]
17.537: [GC (Allocation Failure)  5256K->840K(15872K), 0.0009855 secs]
17.541: [GC (Allocation Failure)  5256K->840K(15872K), 0.0008508 secs]
17.546: [GC (Allocation Failure)  5256K->840K(15872K), 0.0008568 secs]
17.551: [GC (Allocation Failure)  5256K->840K(15872K), 0.0008442 secs]
17.556: [GC (Allocation Failure)  5256K->840K(15872K), 0.0008145 secs]
17.560: [GC (Allocation Failure)  5256K->840K(15872K), 0.0016939 secs]
17.567: [GC (Allocation Failure)  5256K->840K(15872K), 0.0008304 secs]
17.571: [GC (Allocation Failure)  5256K->840K(15872K), 0.0007743 secs]
17.575: [GC (Allocation Failure)  5256K->840K(15872K), 0.0007677 secs]
17.580: [GC (Allocation Failure)  5256K->840K(15872K), 0.0007809 secs]
17.584: [GC (Allocation Failure)  5256K->840K(15872K), 0.0007809 secs]
17.588: [GC (Allocation Failure)  5256K->840K(15872K), 0.0007892 secs]
17.592: [GC (Allocation Failure)  5256K->840K(15872K), 0.0007875 secs]
17.597: [GC (Allocation Failure)  5256K->840K(15872K), 0.0007958 secs]
17.602: [GC (Allocation Failure)  5256K->840K(15872K), 0.0009311 secs]
17.607: [GC (Allocation Failure)  5256K->840K(15872K), 0.0007699 secs]
17.612: [GC (Allocation Failure)  5256K->840K(15872K), 0.0008260 secs]
17.616: [GC (Allocation Failure)  5256K->840K(15872K), 0.0007760 secs]
17.621: [GC (Allocation Failure)  5256K->840K(15872K), 0.0009371 secs]
17.626: [GC (Allocation Failure)  5256K->840K(15872K), 0.0008051 secs]
17.630: [GC (Allocation Failure)  5256K->840K(15872K), 0.0007782 secs]
17.635: [GC (Allocation Failure)  5256K->840K(15872K), 0.0007677 secs]
17.639: [GC (Allocation Failure)  5256K->840K(15872K), 0.0007644 secs]
17.643: [GC (Allocation Failure)  5256K->840K(15872K), 0.0020816 secs]
17.649: [GC (Allocation Failure)  5256K->840K(15872K), 0.0007958 secs]
17.653: [GC (Allocation Failure)  5256K->840K(15872K), 0.0007688 secs]
17.657: [GC (Allocation Failure)  5256K->840K(15872K), 0.0007727 secs]
17.663: [GC (Allocation Failure)  5256K->840K(15872K), 0.0007705 secs]
17.667: [GC (Allocation Failure)  5256K->840K(15872K), 0.0007578 secs]
17.671: [GC (Allocation Failure)  5256K->840K(15872K), 0.0007694 secs]
17.677: [GC (Allocation Failure)  5256K->840K(15872K), 0.0007804 secs]
17.681: [GC (Allocation Failure)  5256K->840K(15872K), 0.0007683 secs]
17.685: [GC (Allocation Failure)  5256K->840K(15872K), 0.0007760 secs]
17.690: [GC (Allocation Failure)  5256K->840K(15872K), 0.0007875 secs]
17.694: [GC (Allocation Failure)  5256K->840K(15872K), 0.0007512 secs]
17.698: [GC (Allocation Failure)  5256K->840K(15872K), 0.0007523 secs]
17.702: [GC (Allocation Failure)  5256K->840K(15872K), 0.0007963 secs]
17.707: [GC (Allocation Failure)  5256K->840K(15872K), 0.0007705 secs]
17.713: [GC (Allocation Failure)  5256K->840K(15872K), 0.0007793 secs]
17.717: [GC (Allocation Failure)  5256K->840K(15872K), 0.0008035 secs]
17.721: [GC (Allocation Failure)  5256K->840K(15872K), 0.0007804 secs]
17.725: [GC (Allocation Failure)  5256K->840K(15872K), 0.0007688 secs]
17.730: [GC (Allocation Failure)  5256K->840K(15872K), 0.0007501 secs]
17.734: [GC (Allocation Failure)  5256K->840K(15872K), 0.0007820 secs]
17.738: [GC (Allocation Failure)  5256K->840K(15872K), 0.0007815 secs]
17.742: [GC (Allocation Failure)  5256K->840K(15872K), 0.0007699 secs]
17.746: [GC (Allocation Failure)  5256K->840K(15872K), 0.0008095 secs]
17.754: [GC (Allocation Failure)  5256K->840K(15872K), 0.0008354 secs]
17.759: [GC (Allocation Failure)  5256K->840K(15872K), 0.0007694 secs]
17.765: [GC (Allocation Failure)  5256K->840K(15872K), 0.0008073 secs]
17.771: [GC (Allocation Failure)  5256K->840K(15872K), 0.0007705 secs]
17.776: [GC (Allocation Failure)  5256K->840K(15872K), 0.0007892 secs]
17.782: [GC (Allocation Failure)  5256K->840K(15872K), 0.0008040 secs]
17.790: [GC (Allocation Failure)  5256K->840K(15872K), 0.0007848 secs]
17.796: [GC (Allocation Failure)  5256K->840K(15872K), 0.0007853 secs]
17.800: [GC (Allocation Failure)  5256K->840K(15872K), 0.0007633 secs]
17.805: [GC (Allocation Failure)  5256K->840K(15872K), 0.0007567 secs]
17.809: [GC (Allocation Failure)  5256K->840K(15872K), 0.0007716 secs]
17.816: [GC (Allocation Failure)  5256K->840K(15872K), 0.0007787 secs]
17.821: [GC (Allocation Failure)  5256K->840K(15872K), 0.0007875 secs]
17.826: [GC (Allocation Failure)  5256K->840K(15872K), 0.0007776 secs]
17.832: [GC (Allocation Failure)  5256K->840K(15872K), 0.0007611 secs]
17.836: [GC (Allocation Failure)  5256K->840K(15872K), 0.0007639 secs]
17.840: [GC (Allocation Failure)  5256K->840K(15872K), 0.0007650 secs]
17.848: [GC (Allocation Failure)  5256K->840K(15872K), 0.0007947 secs]
17.853: [GC (Allocation Failure)  5256K->840K(15872K), 0.0008365 secs]
17.865: [GC (Allocation Failure)  5256K->840K(15872K), 0.0008431 secs]
17.870: [GC (Allocation Failure)  5256K->840K(15872K), 0.0008200 secs]
17.874: [GC (Allocation Failure)  5256K->840K(15872K), 0.0007705 secs]
17.881: [GC (Allocation Failure)  5256K->840K(15872K), 0.0007974 secs]
17.885: [GC (Allocation Failure)  5256K->840K(15872K), 0.0007683 secs]
17.890: [GC (Allocation Failure)  5256K->840K(15872K), 0.0007694 secs]
17.900: [GC (Allocation Failure)  5256K->840K(15872K), 0.0007991 secs]
17.905: [GC (Allocation Failure)  5256K->840K(15872K), 0.0007985 secs]
17.909: [GC (Allocation Failure)  5256K->840K(15872K), 0.0007760 secs]
17.915: [GC (Allocation Failure)  5256K->840K(15872K), 0.0007837 secs]
17.919: [GC (Allocation Failure)  5256K->840K(15872K), 0.0007727 secs]
17.923: [GC (Allocation Failure)  5256K->840K(15872K), 0.0007628 secs]
17.930: [GC (Allocation Failure)  5256K->840K(15872K), 0.0007688 secs]
17.934: [GC (Allocation Failure)  5256K->840K(15872K), 0.0007633 secs]
17.938: [GC (Allocation Failure)  5256K->840K(15872K), 0.0008183 secs]
17.943: [GC (Allocation Failure)  5256K->840K(15872K), 0.0021569 secs]
17.950: [GC (Allocation Failure)  5256K->840K(15872K), 0.0007776 secs]
17.955: [GC (Allocation Failure)  5256K->840K(15872K), 0.0014508 secs]
17.962: [GC (Allocation Failure)  5256K->840K(15872K), 0.0007765 secs]
17.967: [GC (Allocation Failure)  5256K->840K(15872K), 0.0007721 secs]
17.971: [GC (Allocation Failure)  5256K->840K(15872K), 0.0007727 secs]
17.975: [GC (Allocation Failure)  5256K->840K(15872K), 0.0007716 secs]
17.980: [GC (Allocation Failure)  5256K->840K(15872K), 0.0007738 secs]
17.985: [GC (Allocation Failure)  5256K->840K(15872K), 0.0010477 secs]
17.989: [GC (Allocation Failure)  5256K->840K(15872K), 0.0007716 secs]
17.994: [GC (Allocation Failure)  5256K->840K(15872K), 0.0023274 secs]
18.000: [GC (Allocation Failure)  5256K->840K(15872K), 0.0007930 secs]
18.004: [GC (Allocation Failure)  5256K->840K(15872K), 0.0012781 secs]
18.009: [GC (Allocation Failure)  5256K->840K(15872K), 0.0007925 secs]
18.020: [GC (Allocation Failure)  5256K->840K(15872K), 0.0007754 secs]
18.025: [GC (Allocation Failure)  5256K->840K(15872K), 0.0007699 secs]
18.031: [GC (Allocation Failure)  5256K->840K(15872K), 0.0007782 secs]
18.035: [GC (Allocation Failure)  5256K->840K(15872K), 0.0007677 secs]
18.040: [GC (Allocation Failure)  5256K->840K(15872K), 0.0007705 secs]
18.044: [GC (Allocation Failure)  5256K->840K(15872K), 0.0012528 secs]
18.049: [GC (Allocation Failure)  5256K->840K(15872K), 0.0008024 secs]
18.055: [GC (Allocation Failure)  5256K->840K(15872K), 0.0007826 secs]
18.077: [GC (Allocation Failure)  5256K->840K(15872K), 0.0008805 secs]
18.084: [GC (Allocation Failure)  5256K->840K(15872K), 0.0007694 secs]
18.088: [GC (Allocation Failure)  5256K->840K(15872K), 0.0007617 secs]
18.093: [GC (Allocation Failure)  5256K->840K(15872K), 0.0018231 secs]
18.100: [GC (Allocation Failure)  5256K->840K(15872K), 0.0007815 secs]
18.104: [GC (Allocation Failure)  5256K->840K(15872K), 0.0007738 secs]
18.108: [GC (Allocation Failure)  5256K->840K(15872K), 0.0028229 secs]
18.117: [GC (Allocation Failure)  5256K->840K(15872K), 0.0007886 secs]
18.121: [GC (Allocation Failure)  5256K->840K(15872K), 0.0007727 secs]
18.125: [GC (Allocation Failure)  5256K->840K(15872K), 0.0008128 secs]
18.131: [GC (Allocation Failure)  5256K->840K(15872K), 0.0007666 secs]
18.135: [GC (Allocation Failure)  5256K->840K(15872K), 0.0007611 secs]
18.140: [GC (Allocation Failure)  5256K->840K(15872K), 0.0019700 secs]
18.148: [GC (Allocation Failure)  5256K->840K(15872K), 0.0007765 secs]
18.152: [GC (Allocation Failure)  5256K->840K(15872K), 0.0007661 secs]
18.156: [GC (Allocation Failure)  5256K->840K(15872K), 0.0007716 secs]
18.161: [GC (Allocation Failure)  5256K->840K(15872K), 0.0010570 secs]
18.166: [GC (Allocation Failure)  5256K->840K(15872K), 0.0007743 secs]
18.175: [GC (Allocation Failure)  5256K->840K(15872K), 0.0007595 secs]
18.180: [GC (Allocation Failure)  5256K->840K(15872K), 0.0007749 secs]
18.185: [GC (Allocation Failure)  5256K->840K(15872K), 0.0007947 secs]
18.189: [GC (Allocation Failure)  5256K->840K(15872K), 0.0007804 secs]
18.193: [GC (Allocation Failure)  5256K->840K(15872K), 0.0020029 secs]
18.200: [GC (Allocation Failure)  5256K->840K(15872K), 0.0008629 secs]
18.206: [GC (Allocation Failure)  5256K->840K(15872K), 0.0007688 secs]
18.211: [GC (Allocation Failure)  5256K->840K(15872K), 0.0007705 secs]
18.217: [GC (Allocation Failure)  5256K->840K(15872K), 0.0007771 secs]
18.221: [GC (Allocation Failure)  5256K->840K(15872K), 0.0007705 secs]
18.226: [GC (Allocation Failure)  5256K->840K(15872K), 0.0007765 secs]
18.230: [GC (Allocation Failure)  5256K->840K(15872K), 0.0007705 secs]
18.235: [GC (Allocation Failure)  5256K->840K(15872K), 0.0007743 secs]
18.239: [GC (Allocation Failure)  5256K->840K(15872K), 0.0007710 secs]
18.243: [GC (Allocation Failure)  5256K->840K(15872K), 0.0007688 secs]
18.266: [GC (Allocation Failure)  5256K->840K(15872K), 0.0008068 secs]
18.270: [GC (Allocation Failure)  5256K->840K(15872K), 0.0007666 secs]
18.276: [GC (Allocation Failure)  5256K->840K(15872K), 0.0007804 secs]
18.319: [GC (Allocation Failure)  5256K->840K(15872K), 0.0007804 secs]
18.324: [GC (Allocation Failure)  5256K->840K(15872K), 0.0007859 secs]
18.330: [GC (Allocation Failure)  5256K->840K(15872K), 0.0007809 secs]
18.335: [GC (Allocation Failure)  5256K->840K(15872K), 0.0007809 secs]
18.339: [GC (Allocation Failure)  5256K->840K(15872K), 0.0007639 secs]
18.346: [GC (Allocation Failure)  5256K->840K(15872K), 0.0007815 secs]
18.351: [GC (Allocation Failure)  5256K->840K(15872K), 0.0007716 secs]
18.355: [GC (Allocation Failure)  5256K->840K(15872K), 0.0008189 secs]
18.359: [GC (Allocation Failure)  5256K->840K(15872K), 0.0007721 secs]
18.365: [GC (Allocation Failure)  5256K->840K(15872K), 0.0007716 secs]
18.370: [GC (Allocation Failure)  5256K->840K(15872K), 0.0007754 secs]
18.375: [GC (Allocation Failure)  5256K->840K(15872K), 0.0007793 secs]
18.382: [GC (Allocation Failure)  5256K->840K(15872K), 0.0007776 secs]
18.386: [GC (Allocation Failure)  5256K->840K(15872K), 0.0007732 secs]
18.393: [GC (Allocation Failure)  5256K->840K(15872K), 0.0031023 secs]
18.401: [GC (Allocation Failure)  5256K->840K(15872K), 0.0007870 secs]
18.405: [GC (Allocation Failure)  5256K->840K(15872K), 0.0007677 secs]
18.409: [GC (Allocation Failure)  5256K->840K(15872K), 0.0007760 secs]
18.414: [GC (Allocation Failure)  5256K->840K(15872K), 0.0007930 secs]
18.420: [GC (Allocation Failure)  5256K->840K(15872K), 0.0007963 secs]
18.433: [GC (Allocation Failure)  5256K->840K(15872K), 0.0008101 secs]
18.455: [GC (Allocation Failure)  5256K->840K(15872K), 0.0007837 secs]
18.459: [GC (Allocation Failure)  5256K->840K(15872K), 0.0007644 secs]
18.467: [GC (Allocation Failure)  5256K->840K(15872K), 0.0008425 secs]
18.478: [GC (Allocation Failure)  5256K->840K(15872K), 0.0007930 secs]
18.483: [GC (Allocation Failure)  5256K->840K(15872K), 0.0007760 secs]
18.487: [GC (Allocation Failure)  5256K->840K(15872K), 0.0007831 secs]
18.492: [GC (Allocation Failure)  5256K->840K(15872K), 0.0008178 secs]
18.497: [GC (Allocation Failure)  5256K->840K(15872K), 0.0007919 secs]
18.501: [GC (Allocation Failure)  5256K->840K(15872K), 0.0007683 secs]
18.505: [GC (Allocation Failure)  5256K->840K(15872K), 0.0007694 secs]
18.509: [GC (Allocation Failure)  5256K->840K(15872K), 0.0007771 secs]
18.514: [GC (Allocation Failure)  5256K->840K(15872K), 0.0009470 secs]
18.522: [GC (Allocation Failure)  5256K->840K(15872K), 0.0008739 secs]
18.526: [GC (Allocation Failure)  5256K->840K(15872K), 0.0016713 secs]
18.533: [GC (Allocation Failure)  5256K->840K(15872K), 0.0008728 secs]
18.537: [GC (Allocation Failure)  5256K->840K(15872K), 0.0007721 secs]
18.541: [GC (Allocation Failure)  5256K->840K(15872K), 0.0017929 secs]
18.549: [GC (Allocation Failure)  5256K->840K(15872K), 0.0009509 secs]
18.554: [GC (Allocation Failure)  5256K->840K(15872K), 0.0007936 secs]
18.559: [GC (Allocation Failure)  5256K->840K(15872K), 0.0007743 secs]
18.565: [GC (Allocation Failure)  5256K->840K(15872K), 0.0007919 secs]
18.569: [GC (Allocation Failure)  5256K->840K(15872K), 0.0007798 secs]
18.574: [GC (Allocation Failure)  5256K->840K(15872K), 0.0010042 secs]
18.581: [GC (Allocation Failure)  5256K->840K(15872K), 0.0007677 secs]
18.586: [GC (Allocation Failure)  5256K->840K(15872K), 0.0007776 secs]
18.591: [GC (Allocation Failure)  5256K->840K(15872K), 0.0007617 secs]
18.598: [GC (Allocation Failure)  5256K->840K(15872K), 0.0007853 secs]
18.606: [GC (Allocation Failure)  5256K->840K(15872K), 0.0007628 secs]
18.612: [GC (Allocation Failure)  5256K->840K(15872K), 0.0007721 secs]
18.617: [GC (Allocation Failure)  5256K->840K(15872K), 0.0008992 secs]
18.621: [GC (Allocation Failure)  5256K->840K(15872K), 0.0008942 secs]
18.626: [GC (Allocation Failure)  5256K->840K(15872K), 0.0007837 secs]
18.631: [GC (Allocation Failure)  5256K->840K(15872K), 0.0009322 secs]
18.637: [GC (Allocation Failure)  5256K->840K(15872K), 0.0007765 secs]
18.643: [GC (Allocation Failure)  5256K->840K(15872K), 0.0007677 secs]
18.649: [GC (Allocation Failure)  5256K->840K(15872K), 0.0008106 secs]
18.653: [GC (Allocation Failure)  5256K->840K(15872K), 0.0008288 secs]
18.657: [GC (Allocation Failure)  5256K->840K(15872K), 0.0008447 secs]
18.663: [GC (Allocation Failure)  5256K->840K(15872K), 0.0007699 secs]
18.668: [GC (Allocation Failure)  5256K->840K(15872K), 0.0007694 secs]
18.674: [GC (Allocation Failure)  5256K->840K(15872K), 0.0007881 secs]
18.682: [GC (Allocation Failure)  5256K->840K(15872K), 0.0007809 secs]
18.687: [GC (Allocation Failure)  5256K->840K(15872K), 0.0007776 secs]
18.691: [GC (Allocation Failure)  5256K->840K(15872K), 0.0007743 secs]
18.697: [GC (Allocation Failure)  5256K->840K(15872K), 0.0007743 secs]
18.701: [GC (Allocation Failure)  5256K->840K(15872K), 0.0008524 secs]
18.706: [GC (Allocation Failure)  5256K->840K(15872K), 0.0007875 secs]
18.711: [GC (Allocation Failure)  5256K->840K(15872K), 0.0007732 secs]
18.717: [GC (Allocation Failure)  5256K->840K(15872K), 0.0008084 secs]
18.721: [GC (Allocation Failure)  5256K->840K(15872K), 0.0007930 secs]
18.726: [GC (Allocation Failure)  5256K->840K(15872K), 0.0007639 secs]
18.733: [GC (Allocation Failure)  5256K->840K(15872K), 0.0007732 secs]
18.738: [GC (Allocation Failure)  5256K->840K(15872K), 0.0007958 secs]
18.743: [GC (Allocation Failure)  5256K->840K(15872K), 0.0020623 secs]
18.749: [GC (Allocation Failure)  5256K->840K(15872K), 0.0007771 secs]
18.753: [GC (Allocation Failure)  5256K->840K(15872K), 0.0007765 secs]
18.759: [GC (Allocation Failure)  5256K->840K(15872K), 0.0007908 secs]
18.764: [GC (Allocation Failure)  5256K->840K(15872K), 0.0007738 secs]
18.769: [GC (Allocation Failure)  5256K->840K(15872K), 0.0007798 secs]
18.773: [GC (Allocation Failure)  5256K->840K(15872K), 0.0007655 secs]
18.782: [GC (Allocation Failure)  5256K->840K(15872K), 0.0007798 secs]
18.786: [GC (Allocation Failure)  5256K->840K(15872K), 0.0008057 secs]
18.791: [GC (Allocation Failure)  5256K->840K(15872K), 0.0007743 secs]
18.797: [GC (Allocation Failure)  5256K->840K(15872K), 0.0007985 secs]
18.801: [GC (Allocation Failure)  5256K->840K(15872K), 0.0007672 secs]
18.807: [GC (Allocation Failure)  5256K->840K(15872K), 0.0007672 secs]
18.812: [GC (Allocation Failure)  5256K->840K(15872K), 0.0007908 secs]
18.836: [GC (Allocation Failure)  5256K->840K(15872K), 0.0008425 secs]
18.840: [GC (Allocation Failure)  5256K->840K(15872K), 0.0008183 secs]
18.847: [GC (Allocation Failure)  5256K->840K(15872K), 0.0008480 secs]
18.853: [GC (Allocation Failure)  5256K->840K(15872K), 0.0007985 secs]
18.858: [GC (Allocation Failure)  5256K->840K(15872K), 0.0007529 secs]
18.864: [GC (Allocation Failure)  5256K->840K(15872K), 0.0007672 secs]
18.868: [GC (Allocation Failure)  5256K->840K(15872K), 0.0007721 secs]
18.874: [GC (Allocation Failure)  5256K->840K(15872K), 0.0007864 secs]
18.879: [GC (Allocation Failure)  5256K->840K(15872K), 0.0021025 secs]
18.885: [GC (Allocation Failure)  5256K->840K(15872K), 0.0007754 secs]
18.890: [GC (Allocation Failure)  5256K->840K(15872K), 0.0007749 secs]
18.897: [GC (Allocation Failure)  5256K->840K(15872K), 0.0008007 secs]
18.901: [GC (Allocation Failure)  5256K->840K(15872K), 0.0007749 secs]
18.905: [GC (Allocation Failure)  5256K->840K(15872K), 0.0007738 secs]
18.909: [GC (Allocation Failure)  5256K->840K(15872K), 0.0007556 secs]
18.915: [GC (Allocation Failure)  5256K->840K(15872K), 0.0007644 secs]
18.919: [GC (Allocation Failure)  5256K->840K(15872K), 0.0007611 secs]
18.924: [GC (Allocation Failure)  5256K->840K(15872K), 0.0007666 secs]
18.930: [GC (Allocation Failure)  5256K->840K(15872K), 0.0007749 secs]
18.934: [GC (Allocation Failure)  5256K->840K(15872K), 0.0010631 secs]
18.939: [GC (Allocation Failure)  5256K->840K(15872K), 0.0007672 secs]
18.946: [GC (Allocation Failure)  5256K->840K(15872K), 0.0007688 secs]
18.950: [GC (Allocation Failure)  5256K->840K(15872K), 0.0007677 secs]
18.954: [GC (Allocation Failure)  5256K->840K(15872K), 0.0007655 secs]
18.958: [GC (Allocation Failure)  5256K->840K(15872K), 0.0007738 secs]
18.965: [GC (Allocation Failure)  5256K->840K(15872K), 0.0007881 secs]
18.971: [GC (Allocation Failure)  5256K->840K(15872K), 0.0008024 secs]
18.976: [GC (Allocation Failure)  5256K->840K(15872K), 0.0007749 secs]
18.982: [GC (Allocation Failure)  5256K->840K(15872K), 0.0007837 secs]
18.987: [GC (Allocation Failure)  5256K->840K(15872K), 0.0008244 secs]
18.992: [GC (Allocation Failure)  5256K->840K(15872K), 0.0007705 secs]
18.998: [GC (Allocation Failure)  5256K->840K(15872K), 0.0007721 secs]
19.002: [GC (Allocation Failure)  5256K->840K(15872K), 0.0007655 secs]
19.008: [GC (Allocation Failure)  5256K->840K(15872K), 0.0008447 secs]
19.015: [GC (Allocation Failure)  5256K->840K(15872K), 0.0007793 secs]
19.022: [GC (Allocation Failure)  5256K->840K(15872K), 0.0008711 secs]
19.028: [GC (Allocation Failure)  5256K->840K(15872K), 0.0009811 secs]
19.032: [GC (Allocation Failure)  5256K->840K(15872K), 0.0007804 secs]
19.037: [GC (Allocation Failure)  5256K->840K(15872K), 0.0007886 secs]
19.041: [GC (Allocation Failure)  5256K->840K(15872K), 0.0007727 secs]
19.047: [GC (Allocation Failure)  5256K->840K(15872K), 0.0007650 secs]
19.051: [GC (Allocation Failure)  5256K->840K(15872K), 0.0007672 secs]
19.057: [GC (Allocation Failure)  5256K->840K(15872K), 0.0007677 secs]
19.063: [GC (Allocation Failure)  5256K->840K(15872K), 0.0007815 secs]
19.069: [GC (Allocation Failure)  5256K->840K(15872K), 0.0007765 secs]
19.074: [GC (Allocation Failure)  5256K->840K(15872K), 0.0007831 secs]
19.084: [GC (Allocation Failure)  5256K->840K(15872K), 0.0007936 secs]
19.089: [GC (Allocation Failure)  5256K->840K(15872K), 0.0007881 secs]
19.093: [GC (Allocation Failure)  5256K->840K(15872K), 0.0007826 secs]
19.098: [GC (Allocation Failure)  5256K->840K(15872K), 0.0007743 secs]
19.102: [GC (Allocation Failure)  5256K->840K(15872K), 0.0008453 secs]
19.107: [GC (Allocation Failure)  5256K->840K(15872K), 0.0007749 secs]
19.124: [GC (Allocation Failure)  5256K->840K(15872K), 0.0007705 secs]
19.131: [GC (Allocation Failure)  5256K->840K(15872K), 0.0009602 secs]
19.135: [GC (Allocation Failure)  5256K->840K(15872K), 0.0007694 secs]
19.141: [GC (Allocation Failure)  5256K->840K(15872K), 0.0008997 secs]
19.152: [GC (Allocation Failure)  5256K->840K(15872K), 0.0008953 secs]
19.157: [GC (Allocation Failure)  5256K->840K(15872K), 0.0007908 secs]
19.164: [GC (Allocation Failure)  5256K->840K(15872K), 0.0007628 secs]
19.168: [GC (Allocation Failure)  5256K->840K(15872K), 0.0007639 secs]
19.173: [GC (Allocation Failure)  5256K->840K(15872K), 0.0007633 secs]
19.179: [GC (Allocation Failure)  5256K->840K(15872K), 0.0007666 secs]
19.184: [GC (Allocation Failure)  5256K->840K(15872K), 0.0007782 secs]
19.188: [GC (Allocation Failure)  5256K->840K(15872K), 0.0007886 secs]
19.196: [GC (Allocation Failure)  5256K->840K(15872K), 0.0007650 secs]
19.200: [GC (Allocation Failure)  5256K->840K(15872K), 0.0007782 secs]
19.205: [GC (Allocation Failure)  5256K->840K(15872K), 0.0008007 secs]
19.209: [GC (Allocation Failure)  5256K->840K(15872K), 0.0007710 secs]
19.215: [GC (Allocation Failure)  5256K->840K(15872K), 0.0007809 secs]
19.219: [GC (Allocation Failure)  5256K->840K(15872K), 0.0007837 secs]
19.224: [GC (Allocation Failure)  5256K->840K(15872K), 0.0007765 secs]
19.231: [GC (Allocation Failure)  5256K->840K(15872K), 0.0007705 secs]
19.243: [GC (Allocation Failure)  5256K->840K(15872K), 0.0025920 secs]
19.250: [GC (Allocation Failure)  5256K->840K(15872K), 0.0007749 secs]
19.256: [GC (Allocation Failure)  5256K->840K(15872K), 0.0007804 secs]
19.285: [GC (Allocation Failure)  5256K->840K(15872K), 0.0007804 secs]
19.291: [GC (Allocation Failure)  5256K->840K(15872K), 0.0010251 secs]
19.296: [GC (Allocation Failure)  5256K->840K(15872K), 0.0008381 secs]
19.302: [GC (Allocation Failure)  5256K->840K(15872K), 0.0008018 secs]
19.307: [GC (Allocation Failure)  5256K->840K(15872K), 0.0007886 secs]
19.317: [GC (Allocation Failure)  5256K->840K(15872K), 0.0007672 secs]
19.322: [GC (Allocation Failure)  5256K->840K(15872K), 0.0013512 secs]
19.329: [GC (Allocation Failure)  5256K->840K(15872K), 0.0007996 secs]
19.333: [GC (Allocation Failure)  5256K->840K(15872K), 0.0007716 secs]
19.337: [GC (Allocation Failure)  5256K->840K(15872K), 0.0007716 secs]
19.342: [GC (Allocation Failure)  5256K->840K(15872K), 0.0038943 secs]
19.350: [GC (Allocation Failure)  5256K->840K(15872K), 0.0007743 secs]
19.355: [GC (Allocation Failure)  5256K->840K(15872K), 0.0007837 secs]
19.360: [GC (Allocation Failure)  5256K->840K(15872K), 0.0025804 secs]
19.366: [GC (Allocation Failure)  5256K->840K(15872K), 0.0008073 secs]
19.371: [GC (Allocation Failure)  5256K->840K(15872K), 0.0007683 secs]
19.379: [GC (Allocation Failure)  5256K->840K(15872K), 0.0007699 secs]
19.383: [GC (Allocation Failure)  5256K->840K(15872K), 0.0007699 secs]
19.387: [GC (Allocation Failure)  5256K->840K(15872K), 0.0007622 secs]
19.392: [GC (Allocation Failure)  5256K->840K(15872K), 0.0008524 secs]
19.400: [GC (Allocation Failure)  5256K->840K(15872K), 0.0007826 secs]
19.404: [GC (Allocation Failure)  5256K->840K(15872K), 0.0010328 secs]
19.409: [GC (Allocation Failure)  5256K->840K(15872K), 0.0007754 secs]
19.415: [GC (Allocation Failure)  5256K->840K(15872K), 0.0007842 secs]
19.419: [GC (Allocation Failure)  5256K->840K(15872K), 0.0007754 secs]
19.424: [GC (Allocation Failure)  5256K->840K(15872K), 0.0007628 secs]
19.430: [GC (Allocation Failure)  5256K->840K(15872K), 0.0008200 secs]
19.434: [GC (Allocation Failure)  5256K->840K(15872K), 0.0007749 secs]
19.447: [GC (Allocation Failure)  5256K->840K(15872K), 0.0007837 secs]
19.451: [GC (Allocation Failure)  5256K->840K(15872K), 0.0007688 secs]
19.456: [GC (Allocation Failure)  5256K->840K(15872K), 0.0007804 secs]
19.460: [GC (Allocation Failure)  5256K->840K(15872K), 0.0022999 secs]
19.466: [GC (Allocation Failure)  5256K->840K(15872K), 0.0010900 secs]
19.471: [GC (Allocation Failure)  5256K->840K(15872K), 0.0009261 secs]
19.475: [GC (Allocation Failure)  5256K->840K(15872K), 0.0007925 secs]
19.481: [GC (Allocation Failure)  5256K->840K(15872K), 0.0007760 secs]
19.485: [GC (Allocation Failure)  5256K->840K(15872K), 0.0007694 secs]
19.490: [GC (Allocation Failure)  5256K->840K(15872K), 0.0007628 secs]
19.496: [GC (Allocation Failure)  5256K->840K(15872K), 0.0007886 secs]
19.501: [GC (Allocation Failure)  5256K->840K(15872K), 0.0007793 secs]
19.507: [GC (Allocation Failure)  5256K->840K(15872K), 0.0007727 secs]
19.513: [GC (Allocation Failure)  5256K->840K(15872K), 0.0007622 secs]
19.517: [GC (Allocation Failure)  5256K->840K(15872K), 0.0008007 secs]
19.521: [GC (Allocation Failure)  5256K->840K(15872K), 0.0007617 secs]
19.525: [GC (Allocation Failure)  5256K->840K(15872K), 0.0007606 secs]
19.530: [GC (Allocation Failure)  5256K->840K(15872K), 0.0007650 secs]
19.534: [GC (Allocation Failure)  5256K->840K(15872K), 0.0007617 secs]
19.539: [GC (Allocation Failure)  5256K->840K(15872K), 0.0007650 secs]
19.543: [GC (Allocation Failure)  5256K->840K(15872K), 0.0007842 secs]
19.549: [GC (Allocation Failure)  5256K->840K(15872K), 0.0007837 secs]
19.553: [GC (Allocation Failure)  5256K->840K(15872K), 0.0007710 secs]
19.558: [GC (Allocation Failure)  5256K->840K(15872K), 0.0008469 secs]
19.565: [GC (Allocation Failure)  5256K->840K(15872K), 0.0007699 secs]
19.569: [GC (Allocation Failure)  5256K->840K(15872K), 0.0007639 secs]
19.574: [GC (Allocation Failure)  5256K->840K(15872K), 0.0007606 secs]
19.580: [GC (Allocation Failure)  5256K->840K(15872K), 0.0008090 secs]
19.584: [GC (Allocation Failure)  5256K->840K(15872K), 0.0007633 secs]
19.588: [GC (Allocation Failure)  5256K->840K(15872K), 0.0024457 secs]
19.596: [GC (Allocation Failure)  5256K->840K(15872K), 0.0007782 secs]
19.601: [GC (Allocation Failure)  5256K->840K(15872K), 0.0007611 secs]
19.605: [GC (Allocation Failure)  5256K->840K(15872K), 0.0007639 secs]
19.609: [GC (Allocation Failure)  5256K->840K(15872K), 0.0007683 secs]
19.615: [GC (Allocation Failure)  5256K->840K(15872K), 0.0007820 secs]
19.619: [GC (Allocation Failure)  5256K->840K(15872K), 0.0008211 secs]
19.624: [GC (Allocation Failure)  5256K->840K(15872K), 0.0007749 secs]
19.630: [GC (Allocation Failure)  5256K->840K(15872K), 0.0007749 secs]
19.634: [GC (Allocation Failure)  5256K->840K(15872K), 0.0007688 secs]
19.638: [GC (Allocation Failure)  5256K->840K(15872K), 0.0013166 secs]
19.643: [GC (Allocation Failure)  5256K->840K(15872K), 0.0020898 secs]
19.651: [GC (Allocation Failure)  5256K->840K(15872K), 0.0021448 secs]
19.658: [GC (Allocation Failure)  5256K->840K(15872K), 0.0008024 secs]
19.663: [GC (Allocation Failure)  5256K->840K(15872K), 0.0007716 secs]
19.668: [GC (Allocation Failure)  5256K->840K(15872K), 0.0007551 secs]
19.672: [GC (Allocation Failure)  5256K->840K(15872K), 0.0007567 secs]
19.676: [GC (Allocation Failure)  5256K->840K(15872K), 0.0007650 secs]
19.681: [GC (Allocation Failure)  5256K->840K(15872K), 0.0007903 secs]
19.687: [GC (Allocation Failure)  5256K->840K(15872K), 0.0007848 secs]
19.692: [GC (Allocation Failure)  5256K->840K(15872K), 0.0007688 secs]
19.698: [GC (Allocation Failure)  5256K->840K(15872K), 0.0007683 secs]
19.702: [GC (Allocation Failure)  5256K->840K(15872K), 0.0007688 secs]
19.706: [GC (Allocation Failure)  5256K->840K(15872K), 0.0007798 secs]
19.710: [GC (Allocation Failure)  5256K->840K(15872K), 0.0008585 secs]
19.717: [GC (Allocation Failure)  5256K->840K(15872K), 0.0007842 secs]
19.721: [GC (Allocation Failure)  5256K->840K(15872K), 0.0007743 secs]
19.726: [GC (Allocation Failure)  5256K->840K(15872K), 0.0017599 secs]
19.732: [GC (Allocation Failure)  5256K->840K(15872K), 0.0007776 secs]
19.736: [GC (Allocation Failure)  5256K->840K(15872K), 0.0007617 secs]
19.740: [GC (Allocation Failure)  5256K->840K(15872K), 0.0007738 secs]
19.746: [GC (Allocation Failure)  5256K->840K(15872K), 0.0007655 secs]
19.750: [GC (Allocation Failure)  5256K->840K(15872K), 0.0007716 secs]
19.755: [GC (Allocation Failure)  5256K->840K(15872K), 0.0007793 secs]
19.760: [GC (Allocation Failure)  5256K->840K(15872K), 0.0017533 secs]
19.766: [GC (Allocation Failure)  5256K->840K(15872K), 0.0007776 secs]
19.770: [GC (Allocation Failure)  5256K->840K(15872K), 0.0007683 secs]
19.774: [GC (Allocation Failure)  5256K->840K(15872K), 0.0007974 secs]
19.781: [GC (Allocation Failure)  5256K->840K(15872K), 0.0007886 secs]
19.785: [GC (Allocation Failure)  5256K->840K(15872K), 0.0007666 secs]
19.790: [GC (Allocation Failure)  5256K->840K(15872K), 0.0007793 secs]
19.802: [GC (Allocation Failure)  5256K->840K(15872K), 0.0007782 secs]
19.806: [GC (Allocation Failure)  5256K->840K(15872K), 0.0009173 secs]
19.810: [GC (Allocation Failure)  5256K->840K(15872K), 0.0007716 secs]
19.817: [GC (Allocation Failure)  5256K->840K(15872K), 0.0008068 secs]
19.821: [GC (Allocation Failure)  5256K->840K(15872K), 0.0007881 secs]
19.826: [GC (Allocation Failure)  5256K->840K(15872K), 0.0007760 secs]
19.832: [GC (Allocation Failure)  5256K->840K(15872K), 0.0007705 secs]
19.836: [GC (Allocation Failure)  5256K->840K(15872K), 0.0009333 secs]
19.842: [GC (Allocation Failure)  5256K->840K(15872K), 0.0007804 secs]
19.878: [GC (Allocation Failure)  5256K->840K(15872K), 0.0007980 secs]
19.883: [GC (Allocation Failure)  5256K->840K(15872K), 0.0008574 secs]
19.887: [GC (Allocation Failure)  5256K->840K(15872K), 0.0007578 secs]
19.903: [GC (Allocation Failure)  5256K->840K(15872K), 0.0009173 secs]
19.908: [GC (Allocation Failure)  5256K->840K(15872K), 0.0009256 secs]
19.913: [GC (Allocation Failure)  5256K->840K(15872K), 0.0007782 secs]
19.923: [GC (Allocation Failure)  5256K->840K(15872K), 0.0007826 secs]
19.929: [GC (Allocation Failure)  5256K->840K(15872K), 0.0008194 secs]
19.933: [GC (Allocation Failure)  5256K->840K(15872K), 0.0007738 secs]
19.939: [GC (Allocation Failure)  5256K->840K(15872K), 0.0027399 secs]
19.945: [GC (Allocation Failure)  5256K->840K(15872K), 0.0007694 secs]
19.950: [GC (Allocation Failure)  5256K->840K(15872K), 0.0007815 secs]
19.954: [GC (Allocation Failure)  5256K->840K(15872K), 0.0007567 secs]
19.958: [GC (Allocation Failure)  5256K->840K(15872K), 0.0009063 secs]
19.963: [GC (Allocation Failure)  5256K->840K(15872K), 0.0007716 secs]
19.967: [GC (Allocation Failure)  5256K->840K(15872K), 0.0008156 secs]
19.971: [GC (Allocation Failure)  5256K->840K(15872K), 0.0007573 secs]
19.980: [GC (Allocation Failure)  5256K->840K(15872K), 0.0007787 secs]
19.984: [GC (Allocation Failure)  5256K->840K(15872K), 0.0007798 secs]
19.988: [GC (Allocation Failure)  5256K->840K(15872K), 0.0007644 secs]
20.001: [GC (Allocation Failure)  5256K->840K(15872K), 0.0008013 secs]
20.005: [GC (Allocation Failure)  5256K->840K(15872K), 0.0007809 secs]
20.009: [GC (Allocation Failure)  5256K->840K(15872K), 0.0007820 secs]
20.014: [GC (Allocation Failure)  5256K->840K(15872K), 0.0007749 secs]
20.018: [GC (Allocation Failure)  5256K->840K(15872K), 0.0007980 secs]
20.024: [GC (Allocation Failure)  5256K->840K(15872K), 0.0007782 secs]
20.029: [GC (Allocation Failure)  5256K->840K(15872K), 0.0007743 secs]
20.036: [GC (Allocation Failure)  5256K->840K(15872K), 0.0007699 secs]
20.040: [GC (Allocation Failure)  5256K->840K(15872K), 0.0007727 secs]
20.046: [GC (Allocation Failure)  5256K->840K(15872K), 0.0007567 secs]
20.050: [GC (Allocation Failure)  5256K->840K(15872K), 0.0007639 secs]
20.064: [GC (Allocation Failure)  5256K->840K(15872K), 0.0009828 secs]
20.071: [GC (Allocation Failure)  5256K->840K(15872K), 0.0007760 secs]
20.075: [GC (Allocation Failure)  5256K->840K(15872K), 0.0007941 secs]
20.082: [GC (Allocation Failure)  5256K->840K(15872K), 0.0008519 secs]
20.087: [GC (Allocation Failure)  5256K->840K(15872K), 0.0007991 secs]
20.091: [GC (Allocation Failure)  5256K->840K(15872K), 0.0007666 secs]
20.096: [GC (Allocation Failure)  5256K->840K(15872K), 0.0007617 secs]
20.100: [GC (Allocation Failure)  5256K->840K(15872K), 0.0007798 secs]
20.104: [GC (Allocation Failure)  5256K->840K(15872K), 0.0007776 secs]
20.112: [GC (Allocation Failure)  5256K->840K(15872K), 0.0007694 secs]
20.116: [GC (Allocation Failure)  5256K->840K(15872K), 0.0008552 secs]
20.124: [GC (Allocation Failure)  5256K->840K(15872K), 0.0007683 secs]
20.130: [GC (Allocation Failure)  5256K->840K(15872K), 0.0007787 secs]
20.134: [GC (Allocation Failure)  5256K->840K(15872K), 0.0007760 secs]
20.138: [GC (Allocation Failure)  5256K->840K(15872K), 0.0007732 secs]
20.142: [GC (Allocation Failure)  5256K->840K(15872K), 0.0007776 secs]
20.148: [GC (Allocation Failure)  5256K->840K(15872K), 0.0007765 secs]
20.152: [GC (Allocation Failure)  5256K->840K(15872K), 0.0007831 secs]
20.157: [GC (Allocation Failure)  5256K->840K(15872K), 0.0007886 secs]
20.163: [GC (Allocation Failure)  5256K->840K(15872K), 0.0007732 secs]
20.167: [GC (Allocation Failure)  5256K->840K(15872K), 0.0007628 secs]
20.171: [GC (Allocation Failure)  5256K->840K(15872K), 0.0007556 secs]
20.176: [GC (Allocation Failure)  5256K->840K(15872K), 0.0030649 secs]
20.183: [GC (Allocation Failure)  5256K->840K(15872K), 0.0007716 secs]
20.199: [GC (Allocation Failure)  5256K->840K(15872K), 0.0010664 secs]
20.205: [GC (Allocation Failure)  5256K->840K(15872K), 0.0009256 secs]
20.212: [GC (Allocation Failure)  5256K->840K(15872K), 0.0008612 secs]
20.219: [GC (Allocation Failure)  5256K->840K(15872K), 0.0007842 secs]
20.223: [GC (Allocation Failure)  5256K->840K(15872K), 0.0009718 secs]
20.228: [GC (Allocation Failure)  5256K->840K(15872K), 0.0009388 secs]
20.232: [GC (Allocation Failure)  5256K->840K(15872K), 0.0007743 secs]
20.236: [GC (Allocation Failure)  5256K->840K(15872K), 0.0008233 secs]
20.240: [GC (Allocation Failure)  5256K->840K(15872K), 0.0009102 secs]
20.246: [GC (Allocation Failure)  5256K->840K(15872K), 0.0009124 secs]
20.256: [GC (Allocation Failure)  5256K->840K(15872K), 0.0007936 secs]
20.260: [GC (Allocation Failure)  5256K->840K(15872K), 0.0012721 secs]
20.265: [GC (Allocation Failure)  5256K->840K(15872K), 0.0007903 secs]
20.269: [GC (Allocation Failure)  5256K->840K(15872K), 0.0007738 secs]
20.273: [GC (Allocation Failure)  5256K->840K(15872K), 0.0007721 secs]
20.278: [GC (Allocation Failure)  5256K->840K(15872K), 0.0007870 secs]
20.283: [GC (Allocation Failure)  5256K->840K(15872K), 0.0008854 secs]
20.288: [GC (Allocation Failure)  5256K->840K(15872K), 0.0008222 secs]
20.292: [GC (Allocation Failure)  5256K->840K(15872K), 0.0009124 secs]
20.300: [GC (Allocation Failure)  5256K->840K(15872K), 0.0007886 secs]
20.304: [GC (Allocation Failure)  5256K->840K(15872K), 0.0008838 secs]
20.309: [GC (Allocation Failure)  5256K->840K(15872K), 0.0007952 secs]
20.314: [GC (Allocation Failure)  5256K->840K(15872K), 0.0009283 secs]
20.319: [GC (Allocation Failure)  5256K->840K(15872K), 0.0007782 secs]
20.323: [GC (Allocation Failure)  5256K->840K(15872K), 0.0007721 secs]
20.327: [GC (Allocation Failure)  5256K->840K(15872K), 0.0020271 secs]
20.332: [GC (Allocation Failure)  5256K->840K(15872K), 0.0007815 secs]
20.337: [GC (Allocation Failure)  5256K->840K(15872K), 0.0007699 secs]
20.341: [GC (Allocation Failure)  5256K->840K(15872K), 0.0007688 secs]
20.345: [GC (Allocation Failure)  5256K->840K(15872K), 0.0009080 secs]
20.350: [GC (Allocation Failure)  5256K->840K(15872K), 0.0008018 secs]
20.354: [GC (Allocation Failure)  5256K->840K(15872K), 0.0008013 secs]
20.362: [GC (Allocation Failure)  5256K->840K(15872K), 0.0007919 secs]
20.367: [GC (Allocation Failure)  5256K->840K(15872K), 0.0009668 secs]
20.372: [GC (Allocation Failure)  5256K->840K(15872K), 0.0008321 secs]
20.379: [GC (Allocation Failure)  5256K->840K(15872K), 0.0009047 secs]
20.383: [GC (Allocation Failure)  5256K->840K(15872K), 0.0007749 secs]
20.388: [GC (Allocation Failure)  5256K->840K(15872K), 0.0009316 secs]
20.395: [GC (Allocation Failure)  5256K->840K(15872K), 0.0008029 secs]
20.399: [GC (Allocation Failure)  5256K->840K(15872K), 0.0008926 secs]
20.404: [GC (Allocation Failure)  5256K->840K(15872K), 0.0007782 secs]
20.408: [GC (Allocation Failure)  5256K->840K(15872K), 0.0013188 secs]
20.413: [GC (Allocation Failure)  5256K->840K(15872K), 0.0007958 secs]
20.417: [GC (Allocation Failure)  5256K->840K(15872K), 0.0007573 secs]
20.422: [GC (Allocation Failure)  5256K->840K(15872K), 0.0013908 secs]
20.428: [GC (Allocation Failure)  5256K->840K(15872K), 0.0008783 secs]
20.434: [GC (Allocation Failure)  5256K->840K(15872K), 0.0007914 secs]
20.439: [GC (Allocation Failure)  5256K->840K(15872K), 0.0011901 secs]
20.445: [GC (Allocation Failure)  5256K->840K(15872K), 0.0007754 secs]
20.450: [GC (Allocation Failure)  5256K->840K(15872K), 0.0007644 secs]
20.454: [GC (Allocation Failure)  5256K->840K(15872K), 0.0008139 secs]
20.458: [GC (Allocation Failure)  5256K->840K(15872K), 0.0007650 secs]
20.463: [GC (Allocation Failure)  5256K->840K(15872K), 0.0007837 secs]
20.467: [GC (Allocation Failure)  5256K->840K(15872K), 0.0007705 secs]
20.473: [GC (Allocation Failure)  5256K->840K(15872K), 0.0008084 secs]
20.478: [GC (Allocation Failure)  5256K->840K(15872K), 0.0007870 secs]
20.482: [GC (Allocation Failure)  5256K->840K(15872K), 0.0008618 secs]
20.487: [GC (Allocation Failure)  5256K->840K(15872K), 0.0009349 secs]
20.492: [GC (Allocation Failure)  5256K->840K(15872K), 0.0007958 secs]
20.496: [GC (Allocation Failure)  5256K->840K(15872K), 0.0007793 secs]
20.500: [GC (Allocation Failure)  5256K->840K(15872K), 0.0008244 secs]
20.505: [GC (Allocation Failure)  5256K->840K(15872K), 0.0008475 secs]
20.510: [GC (Allocation Failure)  5256K->840K(15872K), 0.0020700 secs]
20.515: [GC (Allocation Failure)  5256K->840K(15872K), 0.0009685 secs]
20.520: [GC (Allocation Failure)  5256K->840K(15872K), 0.0007672 secs]
20.524: [GC (Allocation Failure)  5256K->840K(15872K), 0.0007633 secs]
20.528: [GC (Allocation Failure)  5256K->840K(15872K), 0.0009415 secs]
20.534: [GC (Allocation Failure)  5256K->840K(15872K), 0.0008057 secs]
20.539: [GC (Allocation Failure)  5256K->840K(15872K), 0.0009943 secs]
20.544: [GC (Allocation Failure)  5256K->840K(15872K), 0.0009355 secs]
20.548: [GC (Allocation Failure)  5256K->840K(15872K), 0.0008942 secs]
20.553: [GC (Allocation Failure)  5256K->840K(15872K), 0.0009135 secs]
20.557: [GC (Allocation Failure)  5256K->840K(15872K), 0.0008552 secs]
20.562: [GC (Allocation Failure)  5256K->840K(15872K), 0.0008898 secs]
20.566: [GC (Allocation Failure)  5256K->840K(15872K), 0.0007842 secs]
20.571: [GC (Allocation Failure)  5256K->840K(15872K), 0.0007848 secs]
20.576: [GC (Allocation Failure)  5256K->840K(15872K), 0.0007798 secs]
20.581: [GC (Allocation Failure)  5256K->840K(15872K), 0.0007798 secs]
20.585: [GC (Allocation Failure)  5256K->840K(15872K), 0.0007809 secs]
20.589: [GC (Allocation Failure)  5256K->840K(15872K), 0.0007793 secs]
20.593: [GC (Allocation Failure)  5256K->840K(15872K), 0.0008321 secs]
20.600: [GC (Allocation Failure)  5256K->840K(15872K), 0.0007633 secs]
20.604: [GC (Allocation Failure)  5256K->840K(15872K), 0.0007540 secs]
20.608: [GC (Allocation Failure)  5256K->840K(15872K), 0.0007644 secs]
20.616: [GC (Allocation Failure)  5256K->840K(15872K), 0.0007793 secs]
20.620: [GC (Allocation Failure)  5256K->840K(15872K), 0.0007622 secs]
20.624: [GC (Allocation Failure)  5256K->840K(15872K), 0.0007512 secs]
20.629: [GC (Allocation Failure)  5256K->840K(15872K), 0.0007688 secs]
20.634: [GC (Allocation Failure)  5256K->840K(15872K), 0.0007705 secs]
20.638: [GC (Allocation Failure)  5256K->840K(15872K), 0.0007694 secs]
20.650: [GC (Allocation Failure)  5256K->840K(15872K), 0.0007661 secs]
20.655: [GC (Allocation Failure)  5256K->840K(15872K), 0.0007749 secs]
20.659: [GC (Allocation Failure)  5256K->840K(15872K), 0.0007776 secs]
20.666: [GC (Allocation Failure)  5256K->840K(15872K), 0.0007881 secs]
20.671: [GC (Allocation Failure)  5256K->840K(15872K), 0.0009448 secs]
20.675: [GC (Allocation Failure)  5256K->840K(15872K), 0.0007892 secs]
20.681: [GC (Allocation Failure)  5256K->840K(15872K), 0.0007908 secs]
20.685: [GC (Allocation Failure)  5256K->840K(15872K), 0.0007793 secs]
20.690: [GC (Allocation Failure)  5256K->840K(15872K), 0.0007815 secs]
20.696: [GC (Allocation Failure)  5256K->840K(15872K), 0.0007914 secs]
20.701: [GC (Allocation Failure)  5256K->840K(15872K), 0.0008370 secs]
20.707: [GC (Allocation Failure)  5256K->840K(15872K), 0.0007666 secs]
20.713: [GC (Allocation Failure)  5256K->840K(15872K), 0.0007600 secs]
20.718: [GC (Allocation Failure)  5256K->840K(15872K), 0.0007694 secs]
20.722: [GC (Allocation Failure)  5256K->840K(15872K), 0.0007650 secs]
20.728: [GC (Allocation Failure)  5256K->840K(15872K), 0.0011071 secs]
20.732: [GC (Allocation Failure)  5256K->840K(15872K), 0.0008189 secs]
20.737: [GC (Allocation Failure)  5256K->840K(15872K), 0.0007688 secs]
20.741: [GC (Allocation Failure)  5256K->840K(15872K), 0.0007661 secs]
20.747: [GC (Allocation Failure)  5256K->840K(15872K), 0.0008079 secs]
20.751: [GC (Allocation Failure)  5256K->840K(15872K), 0.0007743 secs]
20.756: [GC (Allocation Failure)  5256K->840K(15872K), 0.0007694 secs]
20.760: [GC (Allocation Failure)  5256K->840K(15872K), 0.0008134 secs]
20.764: [GC (Allocation Failure)  5256K->840K(15872K), 0.0007809 secs]
20.769: [GC (Allocation Failure)  5256K->840K(15872K), 0.0007705 secs]
20.774: [GC (Allocation Failure)  5256K->840K(15872K), 0.0026206 secs]
20.782: [GC (Allocation Failure)  5256K->840K(15872K), 0.0007699 secs]
20.786: [GC (Allocation Failure)  5256K->840K(15872K), 0.0007732 secs]
20.790: [GC (Allocation Failure)  5256K->840K(15872K), 0.0007886 secs]
20.799: [GC (Allocation Failure)  5256K->840K(15872K), 0.0007738 secs]
20.803: [GC (Allocation Failure)  5256K->840K(15872K), 0.0007771 secs]
20.808: [GC (Allocation Failure)  5256K->840K(15872K), 0.0007853 secs]
20.812: [GC (Allocation Failure)  5256K->840K(15872K), 0.0008051 secs]
20.817: [GC (Allocation Failure)  5256K->840K(15872K), 0.0008013 secs]
20.831: [GC (Allocation Failure)  5256K->840K(15872K), 0.0007787 secs]
20.836: [GC (Allocation Failure)  5256K->840K(15872K), 0.0008546 secs]
20.841: [GC (Allocation Failure)  5256K->840K(15872K), 0.0007622 secs]
20.845: [GC (Allocation Failure)  5256K->840K(15872K), 0.0007721 secs]
20.849: [GC (Allocation Failure)  5256K->840K(15872K), 0.0007617 secs]
20.853: [GC (Allocation Failure)  5256K->840K(15872K), 0.0007562 secs]
20.858: [GC (Allocation Failure)  5256K->840K(15872K), 0.0007776 secs]
20.866: [GC (Allocation Failure)  5256K->840K(15872K), 0.0009877 secs]
20.871: [GC (Allocation Failure)  5256K->840K(15872K), 0.0007936 secs]
20.877: [GC (Allocation Failure)  5256K->840K(15872K), 0.0007639 secs]
20.882: [GC (Allocation Failure)  5256K->840K(15872K), 0.0008189 secs]
20.887: [GC (Allocation Failure)  5256K->840K(15872K), 0.0007991 secs]
20.910: [GC (Allocation Failure)  5256K->840K(15872K), 0.0014167 secs]
20.916: [GC (Allocation Failure)  5256K->840K(15872K), 0.0008249 secs]
20.921: [GC (Allocation Failure)  5256K->840K(15872K), 0.0007749 secs]
20.926: [GC (Allocation Failure)  5256K->840K(15872K), 0.0007760 secs]
20.934: [GC (Allocation Failure)  5256K->840K(15872K), 0.0007936 secs]
20.938: [GC (Allocation Failure)  5256K->840K(15872K), 0.0007738 secs]
20.943: [GC (Allocation Failure)  5256K->840K(15872K), 0.0019722 secs]
20.950: [GC (Allocation Failure)  5256K->840K(15872K), 0.0007732 secs]
20.954: [GC (Allocation Failure)  5256K->840K(15872K), 0.0007589 secs]
20.959: [GC (Allocation Failure)  5256K->840K(15872K), 0.0007622 secs]
20.966: [GC (Allocation Failure)  5256K->840K(15872K), 0.0007804 secs]
20.972: [GC (Allocation Failure)  5256K->840K(15872K), 0.0007666 secs]
20.977: [GC (Allocation Failure)  5256K->840K(15872K), 0.0019771 secs]
20.984: [GC (Allocation Failure)  5256K->840K(15872K), 0.0007727 secs]
20.988: [GC (Allocation Failure)  5256K->840K(15872K), 0.0007936 secs]
20.993: [GC (Allocation Failure)  5256K->840K(15872K), 0.0013666 secs]
21.000: [GC (Allocation Failure)  5256K->840K(15872K), 0.0007738 secs]
21.004: [GC (Allocation Failure)  5256K->840K(15872K), 0.0007595 secs]
21.009: [GC (Allocation Failure)  5256K->840K(15872K), 0.0008018 secs]
21.016: [GC (Allocation Failure)  5256K->840K(15872K), 0.0008002 secs]
21.021: [GC (Allocation Failure)  5256K->840K(15872K), 0.0008491 secs]
21.026: [GC (Allocation Failure)  5256K->840K(15872K), 0.0007694 secs]
21.037: [GC (Allocation Failure)  5256K->840K(15872K), 0.0008024 secs]
21.045: [GC (Allocation Failure)  5256K->840K(15872K), 0.0008453 secs]
21.050: [GC (Allocation Failure)  5256K->840K(15872K), 0.0007930 secs]
21.055: [GC (Allocation Failure)  5256K->840K(15872K), 0.0008271 secs]
21.059: [GC (Allocation Failure)  5256K->840K(15872K), 0.0008084 secs]
21.068: [GC (Allocation Failure)  5256K->840K(15872K), 0.0009459 secs]
21.073: [GC (Allocation Failure)  5256K->840K(15872K), 0.0008403 secs]
21.081: [GC (Allocation Failure)  5256K->840K(15872K), 0.0009058 secs]
21.087: [GC (Allocation Failure)  5256K->840K(15872K), 0.0007683 secs]
21.097: [GC (Allocation Failure)  5256K->840K(15872K), 0.0007716 secs]
21.103: [GC (Allocation Failure)  5256K->840K(15872K), 0.0007903 secs]
21.109: [GC (Allocation Failure)  5256K->840K(15872K), 0.0010587 secs]
21.114: [GC (Allocation Failure)  5256K->840K(15872K), 0.0007853 secs]
21.118: [GC (Allocation Failure)  5256K->840K(15872K), 0.0007903 secs]
21.123: [GC (Allocation Failure)  5256K->840K(15872K), 0.0007842 secs]
21.128: [GC (Allocation Failure)  5256K->840K(15872K), 0.0008024 secs]
21.132: [GC (Allocation Failure)  5256K->840K(15872K), 0.0007584 secs]
21.136: [GC (Allocation Failure)  5256K->840K(15872K), 0.0010449 secs]
21.142: [GC (Allocation Failure)  5256K->840K(15872K), 0.0007892 secs]
21.147: [GC (Allocation Failure)  5256K->840K(15872K), 0.0007947 secs]
21.151: [GC (Allocation Failure)  5256K->840K(15872K), 0.0008810 secs]
21.156: [GC (Allocation Failure)  5256K->840K(15872K), 0.0007677 secs]
21.160: [GC (Allocation Failure)  5256K->840K(15872K), 0.0007826 secs]
21.164: [GC (Allocation Failure)  5256K->840K(15872K), 0.0008145 secs]
21.169: [GC (Allocation Failure)  5256K->840K(15872K), 0.0007919 secs]
21.173: [GC (Allocation Failure)  5256K->840K(15872K), 0.0007793 secs]
21.178: [GC (Allocation Failure)  5256K->840K(15872K), 0.0007985 secs]
21.182: [GC (Allocation Failure)  5256K->840K(15872K), 0.0007688 secs]
21.186: [GC (Allocation Failure)  5256K->840K(15872K), 0.0007776 secs]
21.191: [GC (Allocation Failure)  5256K->840K(15872K), 0.0007738 secs]
21.195: [GC (Allocation Failure)  5256K->840K(15872K), 0.0007765 secs]
21.200: [GC (Allocation Failure)  5256K->840K(15872K), 0.0007848 secs]
21.204: [GC (Allocation Failure)  5256K->840K(15872K), 0.0007661 secs]
21.209: [GC (Allocation Failure)  5256K->840K(15872K), 0.0007837 secs]
21.214: [GC (Allocation Failure)  5256K->840K(15872K), 0.0007787 secs]
21.219: [GC (Allocation Failure)  5256K->840K(15872K), 0.0007903 secs]
21.223: [GC (Allocation Failure)  5256K->840K(15872K), 0.0007809 secs]
21.227: [GC (Allocation Failure)  5256K->840K(15872K), 0.0009410 secs]
21.232: [GC (Allocation Failure)  5256K->840K(15872K), 0.0007672 secs]
21.236: [GC (Allocation Failure)  5256K->840K(15872K), 0.0007672 secs]
21.240: [GC (Allocation Failure)  5256K->840K(15872K), 0.0007628 secs]
21.245: [GC (Allocation Failure)  5256K->840K(15872K), 0.0007848 secs]
21.249: [GC (Allocation Failure)  5256K->840K(15872K), 0.0007859 secs]
21.253: [GC (Allocation Failure)  5256K->840K(15872K), 0.0007633 secs]
21.257: [GC (Allocation Failure)  5256K->840K(15872K), 0.0007672 secs]
21.262: [GC (Allocation Failure)  5256K->840K(15872K), 0.0007787 secs]
21.266: [GC (Allocation Failure)  5256K->840K(15872K), 0.0007765 secs]
21.271: [GC (Allocation Failure)  5256K->840K(15872K), 0.0007892 secs]
21.275: [GC (Allocation Failure)  5256K->840K(15872K), 0.0007782 secs]
21.280: [GC (Allocation Failure)  5256K->840K(15872K), 0.0007870 secs]
21.292: [GC (Allocation Failure)  5256K->840K(15872K), 0.0007606 secs]
21.296: [GC (Allocation Failure)  5256K->840K(15872K), 0.0007617 secs]
21.301: [GC (Allocation Failure)  5256K->840K(15872K), 0.0008321 secs]
21.306: [GC (Allocation Failure)  5256K->840K(15872K), 0.0008079 secs]
21.310: [GC (Allocation Failure)  5256K->840K(15872K), 0.0008618 secs]
21.317: [GC (Allocation Failure)  5256K->840K(15872K), 0.0010196 secs]
21.325: [GC (Allocation Failure)  5256K->840K(15872K), 0.0008898 secs]
21.330: [GC (Allocation Failure)  5256K->840K(15872K), 0.0008359 secs]
21.334: [GC (Allocation Failure)  5256K->840K(15872K), 0.0008519 secs]
21.340: [GC (Allocation Failure)  5256K->840K(15872K), 0.0008150 secs]
21.344: [GC (Allocation Failure)  5256K->840K(15872K), 0.0007699 secs]
21.350: [GC (Allocation Failure)  5256K->840K(15872K), 0.0007683 secs]
21.355: [GC (Allocation Failure)  5256K->840K(15872K), 0.0012517 secs]
21.364: [GC (Allocation Failure)  5256K->840K(15872K), 0.0007721 secs]
21.368: [GC (Allocation Failure)  5256K->840K(15872K), 0.0007765 secs]
21.372: [GC (Allocation Failure)  5256K->840K(15872K), 0.0008970 secs]
21.376: [GC (Allocation Failure)  5256K->840K(15872K), 0.0022411 secs]
21.382: [GC (Allocation Failure)  5256K->840K(15872K), 0.0007760 secs]
21.386: [GC (Allocation Failure)  5256K->840K(15872K), 0.0008326 secs]
21.392: [GC (Allocation Failure)  5256K->840K(15872K), 0.0009245 secs]
21.405: [GC (Allocation Failure)  5256K->840K(15872K), 0.0007633 secs]
21.410: [GC (Allocation Failure)  5256K->840K(15872K), 0.0008959 secs]
21.414: [GC (Allocation Failure)  5256K->840K(15872K), 0.0007666 secs]
21.418: [GC (Allocation Failure)  5256K->840K(15872K), 0.0007732 secs]
21.422: [GC (Allocation Failure)  5256K->840K(15872K), 0.0007732 secs]
21.427: [GC (Allocation Failure)  5256K->840K(15872K), 0.0008398 secs]
21.431: [GC (Allocation Failure)  5256K->840K(15872K), 0.0010345 secs]
21.438: [GC (Allocation Failure)  5256K->840K(15872K), 0.0007798 secs]
21.442: [GC (Allocation Failure)  5256K->840K(15872K), 0.0007743 secs]
21.447: [GC (Allocation Failure)  5256K->840K(15872K), 0.0008453 secs]
21.452: [GC (Allocation Failure)  5256K->840K(15872K), 0.0007886 secs]
21.456: [GC (Allocation Failure)  5256K->840K(15872K), 0.0007639 secs]
21.460: [GC (Allocation Failure)  5256K->840K(15872K), 0.0009294 secs]
21.465: [GC (Allocation Failure)  5256K->840K(15872K), 0.0007875 secs]
21.469: [GC (Allocation Failure)  5256K->840K(15872K), 0.0007738 secs]
21.478: [GC (Allocation Failure)  5256K->840K(15872K), 0.0007672 secs]
21.482: [GC (Allocation Failure)  5256K->840K(15872K), 0.0007903 secs]
21.487: [GC (Allocation Failure)  5256K->840K(15872K), 0.0007683 secs]
21.491: [GC (Allocation Failure)  5256K->840K(15872K), 0.0009124 secs]
21.500: [GC (Allocation Failure)  5256K->840K(15872K), 0.0009663 secs]
21.505: [GC (Allocation Failure)  5256K->840K(15872K), 0.0007699 secs]
21.510: [GC (Allocation Failure)  5256K->840K(15872K), 0.0008761 secs]
21.515: [GC (Allocation Failure)  5256K->840K(15872K), 0.0007881 secs]
21.519: [GC (Allocation Failure)  5256K->840K(15872K), 0.0009250 secs]
21.523: [GC (Allocation Failure)  5256K->840K(15872K), 0.0007908 secs]
21.527: [GC (Allocation Failure)  5256K->840K(15872K), 0.0009294 secs]
21.532: [GC (Allocation Failure)  5256K->840K(15872K), 0.0007853 secs]
21.536: [GC (Allocation Failure)  5256K->840K(15872K), 0.0007727 secs]
21.540: [GC (Allocation Failure)  5256K->840K(15872K), 0.0007644 secs]
21.545: [GC (Allocation Failure)  5256K->840K(15872K), 0.0007908 secs]
21.549: [GC (Allocation Failure)  5256K->840K(15872K), 0.0007584 secs]
21.553: [GC (Allocation Failure)  5256K->840K(15872K), 0.0007512 secs]
21.557: [GC (Allocation Failure)  5256K->840K(15872K), 0.0007622 secs]
21.562: [GC (Allocation Failure)  5256K->840K(15872K), 0.0009135 secs]
21.566: [GC (Allocation Failure)  5256K->840K(15872K), 0.0007787 secs]
21.570: [GC (Allocation Failure)  5256K->840K(15872K), 0.0007644 secs]
21.574: [GC (Allocation Failure)  5256K->840K(15872K), 0.0007754 secs]
21.579: [GC (Allocation Failure)  5256K->840K(15872K), 0.0007798 secs]
21.583: [GC (Allocation Failure)  5256K->840K(15872K), 0.0007930 secs]
21.587: [GC (Allocation Failure)  5256K->840K(15872K), 0.0007892 secs]
21.591: [GC (Allocation Failure)  5256K->840K(15872K), 0.0007677 secs]
21.596: [GC (Allocation Failure)  5256K->840K(15872K), 0.0007699 secs]
21.600: [GC (Allocation Failure)  5256K->840K(15872K), 0.0007633 secs]
21.604: [GC (Allocation Failure)  5256K->840K(15872K), 0.0007820 secs]
21.608: [GC (Allocation Failure)  5256K->840K(15872K), 0.0007600 secs]
21.613: [GC (Allocation Failure)  5256K->840K(15872K), 0.0007738 secs]
21.617: [GC (Allocation Failure)  5256K->840K(15872K), 0.0007969 secs]
21.621: [GC (Allocation Failure)  5256K->840K(15872K), 0.0007798 secs]
21.625: [GC (Allocation Failure)  5256K->840K(15872K), 0.0007721 secs]
21.630: [GC (Allocation Failure)  5256K->840K(15872K), 0.0007716 secs]
21.634: [GC (Allocation Failure)  5256K->840K(15872K), 0.0007622 secs]
21.638: [GC (Allocation Failure)  5256K->840K(15872K), 0.0007633 secs]
21.642: [GC (Allocation Failure)  5256K->840K(15872K), 0.0007760 secs]
21.647: [GC (Allocation Failure)  5256K->840K(15872K), 0.0007969 secs]
21.651: [GC (Allocation Failure)  5256K->840K(15872K), 0.0007661 secs]
21.655: [GC (Allocation Failure)  5256K->840K(15872K), 0.0007760 secs]
21.659: [GC (Allocation Failure)  5256K->840K(15872K), 0.0007721 secs]
21.664: [GC (Allocation Failure)  5256K->840K(15872K), 0.0007749 secs]
21.668: [GC (Allocation Failure)  5256K->840K(15872K), 0.0007815 secs]
21.672: [GC (Allocation Failure)  5256K->840K(15872K), 0.0007903 secs]
21.677: [GC (Allocation Failure)  5256K->840K(15872K), 0.0007958 secs]
21.687: [GC (Allocation Failure)  5256K->840K(15872K), 0.0007765 secs]
21.691: [GC (Allocation Failure)  5256K->840K(15872K), 0.0007886 secs]
21.696: [GC (Allocation Failure)  5256K->840K(15872K), 0.0008574 secs]
21.700: [GC (Allocation Failure)  5256K->840K(15872K), 0.0008546 secs]
21.705: [GC (Allocation Failure)  5256K->840K(15872K), 0.0008689 secs]
21.709: [GC (Allocation Failure)  5256K->840K(15872K), 0.0007952 secs]
21.715: [GC (Allocation Failure)  5256K->840K(15872K), 0.0007809 secs]
21.719: [GC (Allocation Failure)  5256K->840K(15872K), 0.0007765 secs]
21.723: [GC (Allocation Failure)  5256K->840K(15872K), 0.0007628 secs]
21.728: [GC (Allocation Failure)  5256K->840K(15872K), 0.0007765 secs]
21.732: [GC (Allocation Failure)  5256K->840K(15872K), 0.0007705 secs]
21.736: [GC (Allocation Failure)  5256K->840K(15872K), 0.0007617 secs]
21.740: [GC (Allocation Failure)  5256K->840K(15872K), 0.0007600 secs]
21.745: [GC (Allocation Failure)  5256K->840K(15872K), 0.0007716 secs]
21.749: [GC (Allocation Failure)  5256K->840K(15872K), 0.0007694 secs]
21.753: [GC (Allocation Failure)  5256K->840K(15872K), 0.0007672 secs]
21.757: [GC (Allocation Failure)  5256K->840K(15872K), 0.0007606 secs]
21.762: [GC (Allocation Failure)  5256K->840K(15872K), 0.0007732 secs]
21.766: [GC (Allocation Failure)  5256K->840K(15872K), 0.0007661 secs]
21.770: [GC (Allocation Failure)  5256K->840K(15872K), 0.0007628 secs]
21.774: [GC (Allocation Failure)  5256K->840K(15872K), 0.0007628 secs]
21.779: [GC (Allocation Failure)  5256K->840K(15872K), 0.0008040 secs]
21.784: [GC (Allocation Failure)  5256K->840K(15872K), 0.0007716 secs]
21.792: [GC (Allocation Failure)  5256K->840K(15872K), 0.0007760 secs]
21.798: [GC (Allocation Failure)  5256K->840K(15872K), 0.0007540 secs]
21.802: [GC (Allocation Failure)  5256K->840K(15872K), 0.0007595 secs]
21.806: [GC (Allocation Failure)  5256K->840K(15872K), 0.0007765 secs]
21.815: [GC (Allocation Failure)  5256K->840K(15872K), 0.0007952 secs]
21.819: [GC (Allocation Failure)  5256K->840K(15872K), 0.0007947 secs]
21.823: [GC (Allocation Failure)  5256K->840K(15872K), 0.0009025 secs]
21.828: [GC (Allocation Failure)  5256K->840K(15872K), 0.0007567 secs]
21.833: [GC (Allocation Failure)  5256K->840K(15872K), 0.0007611 secs]
21.838: [GC (Allocation Failure)  5256K->840K(15872K), 0.0008288 secs]
21.842: [GC (Allocation Failure)  5256K->840K(15872K), 0.0007710 secs]
21.846: [GC (Allocation Failure)  5256K->840K(15872K), 0.0007677 secs]
21.850: [GC (Allocation Failure)  5256K->840K(15872K), 0.0008013 secs]
21.855: [GC (Allocation Failure)  5256K->840K(15872K), 0.0007567 secs]
21.859: [GC (Allocation Failure)  5256K->840K(15872K), 0.0007776 secs]
21.863: [GC (Allocation Failure)  5256K->840K(15872K), 0.0007644 secs]
21.867: [GC (Allocation Failure)  5256K->840K(15872K), 0.0007853 secs]
21.871: [GC (Allocation Failure)  5256K->840K(15872K), 0.0007529 secs]
21.876: [GC (Allocation Failure)  5256K->840K(15872K), 0.0007672 secs]
21.880: [GC (Allocation Failure)  5256K->840K(15872K), 0.0007831 secs]
21.884: [GC (Allocation Failure)  5256K->840K(15872K), 0.0009124 secs]
21.888: [GC (Allocation Failure)  5256K->840K(15872K), 0.0007848 secs]
21.893: [GC (Allocation Failure)  5256K->840K(15872K), 0.0007853 secs]
21.897: [GC (Allocation Failure)  5256K->840K(15872K), 0.0007782 secs]
21.901: [GC (Allocation Failure)  5256K->840K(15872K), 0.0007512 secs]
21.905: [GC (Allocation Failure)  5256K->840K(15872K), 0.0007743 secs]
21.910: [GC (Allocation Failure)  5256K->840K(15872K), 0.0008332 secs]
21.914: [GC (Allocation Failure)  5256K->840K(15872K), 0.0007782 secs]
21.918: [GC (Allocation Failure)  5256K->840K(15872K), 0.0007661 secs]
21.922: [GC (Allocation Failure)  5256K->840K(15872K), 0.0007743 secs]
21.926: [GC (Allocation Failure)  5256K->840K(15872K), 0.0009069 secs]
21.931: [GC (Allocation Failure)  5256K->840K(15872K), 0.0008018 secs]
21.936: [GC (Allocation Failure)  5256K->840K(15872K), 0.0007848 secs]
21.940: [GC (Allocation Failure)  5256K->840K(15872K), 0.0007875 secs]
21.944: [GC (Allocation Failure)  5256K->840K(15872K), 0.0009014 secs]
21.948: [GC (Allocation Failure)  5256K->840K(15872K), 0.0007754 secs]
21.952: [GC (Allocation Failure)  5256K->840K(15872K), 0.0007705 secs]
21.957: [GC (Allocation Failure)  5256K->840K(15872K), 0.0007617 secs]
21.961: [GC (Allocation Failure)  5256K->840K(15872K), 0.0007666 secs]
21.966: [GC (Allocation Failure)  5256K->840K(15872K), 0.0008233 secs]
21.973: [GC (Allocation Failure)  5256K->840K(15872K), 0.0007771 secs]
21.978: [GC (Allocation Failure)  5256K->840K(15872K), 0.0007705 secs]
21.982: [GC (Allocation Failure)  5256K->840K(15872K), 0.0007688 secs]
21.989: [GC (Allocation Failure)  5256K->840K(15872K), 0.0007853 secs]
21.997: [GC (Allocation Failure)  5256K->840K(15872K), 0.0008673 secs]
22.001: [GC (Allocation Failure)  5256K->840K(15872K), 0.0007754 secs]
22.005: [GC (Allocation Failure)  5256K->840K(15872K), 0.0007771 secs]
22.009: [GC (Allocation Failure)  5256K->840K(15872K), 0.0008051 secs]
22.016: [GC (Allocation Failure)  5256K->840K(15872K), 0.0007875 secs]
22.021: [GC (Allocation Failure)  5256K->840K(15872K), 0.0007793 secs]
22.025: [GC (Allocation Failure)  5256K->840K(15872K), 0.0007925 secs]
22.029: [GC (Allocation Failure)  5256K->840K(15872K), 0.0007567 secs]
22.033: [GC (Allocation Failure)  5256K->840K(15872K), 0.0007606 secs]
22.037: [GC (Allocation Failure)  5256K->840K(15872K), 0.0007551 secs]
22.041: [GC (Allocation Failure)  5256K->840K(15872K), 0.0007683 secs]
22.046: [GC (Allocation Failure)  5256K->840K(15872K), 0.0007661 secs]
22.050: [GC (Allocation Failure)  5256K->840K(15872K), 0.0007749 secs]
22.054: [GC (Allocation Failure)  5256K->840K(15872K), 0.0007738 secs]
22.059: [GC (Allocation Failure)  5256K->840K(15872K), 0.0007870 secs]
22.068: [GC (Allocation Failure)  5256K->840K(15872K), 0.0007853 secs]
22.079: [GC (Allocation Failure)  5256K->840K(15872K), 0.0009135 secs]
22.083: [GC (Allocation Failure)  5256K->840K(15872K), 0.0007793 secs]
22.088: [GC (Allocation Failure)  5256K->840K(15872K), 0.0007672 secs]
22.092: [GC (Allocation Failure)  5256K->840K(15872K), 0.0007732 secs]
22.097: [GC (Allocation Failure)  5256K->840K(15872K), 0.0007760 secs]
22.101: [GC (Allocation Failure)  5256K->840K(15872K), 0.0007644 secs]
22.105: [GC (Allocation Failure)  5256K->840K(15872K), 0.0007589 secs]
22.110: [GC (Allocation Failure)  5256K->840K(15872K), 0.0008909 secs]
22.114: [GC (Allocation Failure)  5256K->840K(15872K), 0.0007826 secs]
22.119: [GC (Allocation Failure)  5256K->840K(15872K), 0.0007672 secs]
22.123: [GC (Allocation Failure)  5256K->840K(15872K), 0.0007666 secs]
22.127: [GC (Allocation Failure)  5256K->840K(15872K), 0.0008337 secs]
22.131: [GC (Allocation Failure)  5256K->840K(15872K), 0.0007782 secs]
22.136: [GC (Allocation Failure)  5256K->840K(15872K), 0.0007727 secs]
22.140: [GC (Allocation Failure)  5256K->840K(15872K), 0.0008744 secs]
22.144: [GC (Allocation Failure)  5256K->840K(15872K), 0.0007650 secs]
22.149: [GC (Allocation Failure)  5256K->840K(15872K), 0.0007765 secs]
22.153: [GC (Allocation Failure)  5256K->840K(15872K), 0.0007765 secs]
22.157: [GC (Allocation Failure)  5256K->840K(15872K), 0.0007914 secs]
22.161: [GC (Allocation Failure)  5256K->840K(15872K), 0.0007677 secs]
22.166: [GC (Allocation Failure)  5256K->840K(15872K), 0.0007765 secs]
22.174: [GC (Allocation Failure)  5256K->840K(15872K), 0.0010801 secs]
22.179: [GC (Allocation Failure)  5256K->840K(15872K), 0.0008590 secs]
22.184: [GC (Allocation Failure)  5256K->840K(15872K), 0.0007831 secs]
22.188: [GC (Allocation Failure)  5256K->840K(15872K), 0.0008535 secs]
22.192: [GC (Allocation Failure)  5256K->840K(15872K), 0.0007694 secs]
22.197: [GC (Allocation Failure)  5256K->840K(15872K), 0.0007666 secs]
22.201: [GC (Allocation Failure)  5256K->840K(15872K), 0.0007622 secs]
22.205: [GC (Allocation Failure)  5256K->840K(15872K), 0.0007941 secs]
22.209: [GC (Allocation Failure)  5256K->840K(15872K), 0.0007716 secs]
22.213: [GC (Allocation Failure)  5256K->840K(15872K), 0.0007573 secs]
22.220: [GC (Allocation Failure)  5256K->840K(15872K), 0.0008178 secs]
22.226: [GC (Allocation Failure)  5256K->840K(15872K), 0.0007936 secs]
22.232: [GC (Allocation Failure)  5256K->840K(15872K), 0.0010031 secs]
22.236: [GC (Allocation Failure)  5256K->840K(15872K), 0.0008376 secs]
22.240: [GC (Allocation Failure)  5256K->840K(15872K), 0.0007644 secs]
22.244: [GC (Allocation Failure)  5256K->840K(15872K), 0.0008909 secs]
22.249: [GC (Allocation Failure)  5256K->840K(15872K), 0.0007952 secs]
22.254: [GC (Allocation Failure)  5256K->840K(15872K), 0.0007875 secs]
22.258: [GC (Allocation Failure)  5256K->840K(15872K), 0.0007837 secs]
22.263: [GC (Allocation Failure)  5256K->840K(15872K), 0.0007776 secs]
22.274: [GC (Allocation Failure)  5256K->840K(15872K), 0.0007672 secs]
22.279: [GC (Allocation Failure)  5256K->840K(15872K), 0.0008084 secs]
22.283: [GC (Allocation Failure)  5256K->840K(15872K), 0.0008057 secs]
22.287: [GC (Allocation Failure)  5256K->840K(15872K), 0.0007617 secs]
22.292: [GC (Allocation Failure)  5256K->840K(15872K), 0.0007672 secs]
22.296: [GC (Allocation Failure)  5256K->840K(15872K), 0.0009239 secs]
22.300: [GC (Allocation Failure)  5256K->840K(15872K), 0.0007749 secs]
22.305: [GC (Allocation Failure)  5256K->840K(15872K), 0.0007782 secs]
22.309: [GC (Allocation Failure)  5256K->840K(15872K), 0.0007793 secs]
22.314: [GC (Allocation Failure)  5256K->840K(15872K), 0.0007875 secs]
22.321: [GC (Allocation Failure)  5256K->840K(15872K), 0.0007749 secs]
22.326: [GC (Allocation Failure)  5256K->840K(15872K), 0.0007831 secs]
22.333: [GC (Allocation Failure)  5256K->840K(15872K), 0.0007716 secs]
22.337: [GC (Allocation Failure)  5256K->840K(15872K), 0.0007595 secs]
22.342: [GC (Allocation Failure)  5256K->840K(15872K), 0.0007633 secs]
22.346: [GC (Allocation Failure)  5256K->840K(15872K), 0.0007793 secs]
22.351: [GC (Allocation Failure)  5256K->840K(15872K), 0.0007837 secs]
22.355: [GC (Allocation Failure)  5256K->840K(15872K), 0.0007837 secs]
22.359: [GC (Allocation Failure)  5256K->840K(15872K), 0.0007545 secs]
22.364: [GC (Allocation Failure)  5256K->840K(15872K), 0.0007941 secs]
22.369: [GC (Allocation Failure)  5256K->840K(15872K), 0.0007793 secs]
22.373: [GC (Allocation Failure)  5256K->840K(15872K), 0.0007908 secs]
22.378: [GC (Allocation Failure)  5256K->840K(15872K), 0.0011373 secs]
22.383: [GC (Allocation Failure)  5256K->840K(15872K), 0.0008024 secs]
22.388: [GC (Allocation Failure)  5256K->840K(15872K), 0.0007881 secs]
22.392: [GC (Allocation Failure)  5256K->840K(15872K), 0.0007837 secs]
22.398: [GC (Allocation Failure)  5256K->840K(15872K), 0.0007930 secs]
22.402: [GC (Allocation Failure)  5256K->840K(15872K), 0.0007974 secs]
22.406: [GC (Allocation Failure)  5256K->840K(15872K), 0.0008233 secs]
22.411: [GC (Allocation Failure)  5256K->840K(15872K), 0.0007573 secs]
22.418: [GC (Allocation Failure)  5256K->840K(15872K), 0.0007732 secs]
22.422: [GC (Allocation Failure)  5256K->840K(15872K), 0.0007688 secs]
22.428: [GC (Allocation Failure)  5256K->840K(15872K), 0.0009327 secs]
22.434: [GC (Allocation Failure)  5256K->840K(15872K), 0.0007677 secs]
22.439: [GC (Allocation Failure)  5256K->840K(15872K), 0.0007716 secs]
22.443: [GC (Allocation Failure)  5256K->840K(15872K), 0.0013666 secs]
22.448: [GC (Allocation Failure)  5256K->840K(15872K), 0.0007699 secs]
22.453: [GC (Allocation Failure)  5256K->840K(15872K), 0.0007716 secs]
22.457: [GC (Allocation Failure)  5256K->840K(15872K), 0.0007963 secs]
22.462: [GC (Allocation Failure)  5256K->840K(15872K), 0.0007595 secs]
22.466: [GC (Allocation Failure)  5256K->840K(15872K), 0.0007683 secs]
22.471: [GC (Allocation Failure)  5256K->840K(15872K), 0.0007859 secs]
22.475: [GC (Allocation Failure)  5256K->840K(15872K), 0.0007787 secs]
22.479: [GC (Allocation Failure)  5256K->840K(15872K), 0.0007666 secs]
22.483: [GC (Allocation Failure)  5256K->840K(15872K), 0.0007650 secs]
22.488: [GC (Allocation Failure)  5256K->840K(15872K), 0.0007633 secs]
22.492: [GC (Allocation Failure)  5256K->840K(15872K), 0.0007694 secs]
22.496: [GC (Allocation Failure)  5256K->840K(15872K), 0.0007672 secs]
22.500: [GC (Allocation Failure)  5256K->840K(15872K), 0.0007589 secs]
22.504: [GC (Allocation Failure)  5256K->840K(15872K), 0.0007760 secs]
22.508: [GC (Allocation Failure)  5256K->840K(15872K), 0.0007771 secs]
22.513: [GC (Allocation Failure)  5256K->840K(15872K), 0.0007672 secs]
22.517: [GC (Allocation Failure)  5256K->840K(15872K), 0.0009113 secs]
22.521: [GC (Allocation Failure)  5256K->840K(15872K), 0.0007595 secs]
22.525: [GC (Allocation Failure)  5256K->840K(15872K), 0.0007600 secs]
22.529: [GC (Allocation Failure)  5256K->840K(15872K), 0.0007710 secs]
22.534: [GC (Allocation Failure)  5256K->840K(15872K), 0.0007710 secs]
22.538: [GC (Allocation Failure)  5256K->840K(15872K), 0.0007573 secs]
22.542: [GC (Allocation Failure)  5256K->840K(15872K), 0.0007683 secs]
22.547: [GC (Allocation Failure)  5256K->840K(15872K), 0.0007925 secs]
22.551: [GC (Allocation Failure)  5256K->840K(15872K), 0.0007628 secs]
22.556: [GC (Allocation Failure)  5256K->840K(15872K), 0.0007705 secs]
22.560: [GC (Allocation Failure)  5256K->840K(15872K), 0.0008216 secs]
22.564: [GC (Allocation Failure)  5256K->840K(15872K), 0.0007881 secs]
22.568: [GC (Allocation Failure)  5256K->840K(15872K), 0.0007578 secs]
22.573: [GC (Allocation Failure)  5256K->840K(15872K), 0.0007534 secs]
22.577: [GC (Allocation Failure)  5256K->840K(15872K), 0.0009080 secs]
22.582: [GC (Allocation Failure)  5256K->840K(15872K), 0.0007760 secs]
22.586: [GC (Allocation Failure)  5256K->840K(15872K), 0.0008029 secs]
22.590: [GC (Allocation Failure)  5256K->840K(15872K), 0.0007694 secs]
22.595: [GC (Allocation Failure)  5256K->840K(15872K), 0.0010367 secs]
22.599: [GC (Allocation Failure)  5256K->840K(15872K), 0.0007688 secs]
22.603: [GC (Allocation Failure)  5256K->840K(15872K), 0.0007644 secs]
22.607: [GC (Allocation Failure)  5256K->840K(15872K), 0.0007595 secs]
22.612: [GC (Allocation Failure)  5256K->840K(15872K), 0.0007655 secs]
22.616: [GC (Allocation Failure)  5256K->840K(15872K), 0.0007661 secs]
22.620: [GC (Allocation Failure)  5256K->840K(15872K), 0.0007661 secs]
22.624: [GC (Allocation Failure)  5256K->840K(15872K), 0.0007589 secs]
22.629: [GC (Allocation Failure)  5256K->840K(15872K), 0.0007694 secs]
22.633: [GC (Allocation Failure)  5256K->840K(15872K), 0.0007661 secs]
22.637: [GC (Allocation Failure)  5256K->840K(15872K), 0.0007930 secs]
22.641: [GC (Allocation Failure)  5256K->840K(15872K), 0.0007688 secs]
22.646: [GC (Allocation Failure)  5256K->840K(15872K), 0.0007771 secs]
22.650: [GC (Allocation Failure)  5256K->840K(15872K), 0.0007606 secs]
22.654: [GC (Allocation Failure)  5256K->840K(15872K), 0.0007617 secs]
22.659: [GC (Allocation Failure)  5256K->840K(15872K), 0.0007749 secs]
22.663: [GC (Allocation Failure)  5256K->840K(15872K), 0.0007677 secs]
22.667: [GC (Allocation Failure)  5256K->840K(15872K), 0.0008002 secs]
22.671: [GC (Allocation Failure)  5256K->840K(15872K), 0.0007644 secs]
22.675: [GC (Allocation Failure)  5256K->840K(15872K), 0.0007666 secs]
22.680: [GC (Allocation Failure)  5256K->840K(15872K), 0.0007782 secs]
22.684: [GC (Allocation Failure)  5256K->840K(15872K), 0.0007650 secs]
22.688: [GC (Allocation Failure)  5256K->840K(15872K), 0.0007639 secs]
22.692: [GC (Allocation Failure)  5256K->840K(15872K), 0.0007611 secs]
22.697: [GC (Allocation Failure)  5256K->840K(15872K), 0.0008150 secs]
22.701: [GC (Allocation Failure)  5256K->840K(15872K), 0.0007716 secs]
22.705: [GC (Allocation Failure)  5256K->840K(15872K), 0.0007622 secs]
22.709: [GC (Allocation Failure)  5256K->840K(15872K), 0.0007820 secs]
22.714: [GC (Allocation Failure)  5256K->840K(15872K), 0.0007738 secs]
22.718: [GC (Allocation Failure)  5256K->840K(15872K), 0.0007688 secs]
22.722: [GC (Allocation Failure)  5256K->840K(15872K), 0.0007644 secs]
22.726: [GC (Allocation Failure)  5256K->840K(15872K), 0.0009223 secs]
22.731: [GC (Allocation Failure)  5256K->840K(15872K), 0.0007694 secs]
22.735: [GC (Allocation Failure)  5256K->840K(15872K), 0.0007628 secs]
22.739: [GC (Allocation Failure)  5256K->840K(15872K), 0.0007820 secs]
22.743: [GC (Allocation Failure)  5256K->840K(15872K), 0.0007622 secs]
22.748: [GC (Allocation Failure)  5256K->840K(15872K), 0.0007881 secs]
22.754: [GC (Allocation Failure)  5256K->840K(15872K), 0.0007721 secs]
22.759: [GC (Allocation Failure)  5256K->840K(15872K), 0.0007666 secs]
22.763: [GC (Allocation Failure)  5256K->840K(15872K), 0.0007716 secs]
22.767: [GC (Allocation Failure)  5256K->840K(15872K), 0.0007699 secs]
22.771: [GC (Allocation Failure)  5256K->840K(15872K), 0.0008607 secs]
22.775: [GC (Allocation Failure)  5256K->840K(15872K), 0.0007914 secs]
22.780: [GC (Allocation Failure)  5256K->840K(15872K), 0.0007639 secs]
22.784: [GC (Allocation Failure)  5256K->840K(15872K), 0.0007688 secs]
22.788: [GC (Allocation Failure)  5256K->840K(15872K), 0.0008348 secs]
22.793: [GC (Allocation Failure)  5256K->840K(15872K), 0.0007870 secs]
22.797: [GC (Allocation Failure)  5256K->840K(15872K), 0.0007793 secs]
22.801: [GC (Allocation Failure)  5256K->840K(15872K), 0.0007699 secs]
22.805: [GC (Allocation Failure)  5256K->840K(15872K), 0.0007721 secs]
22.809: [GC (Allocation Failure)  5256K->840K(15872K), 0.0008354 secs]
22.817: [GC (Allocation Failure)  5256K->840K(15872K), 0.0008040 secs]
22.821: [GC (Allocation Failure)  5256K->840K(15872K), 0.0007672 secs]
22.828: [GC (Allocation Failure)  5256K->840K(15872K), 0.0007721 secs]
22.832: [GC (Allocation Failure)  5256K->840K(15872K), 0.0008117 secs]
22.836: [GC (Allocation Failure)  5256K->840K(15872K), 0.0007716 secs]
22.840: [GC (Allocation Failure)  5256K->840K(15872K), 0.0007936 secs]
22.844: [GC (Allocation Failure)  5256K->840K(15872K), 0.0009107 secs]
22.849: [GC (Allocation Failure)  5256K->840K(15872K), 0.0007595 secs]
22.853: [GC (Allocation Failure)  5256K->840K(15872K), 0.0007584 secs]
22.858: [GC (Allocation Failure)  5256K->840K(15872K), 0.0007551 secs]
22.862: [GC (Allocation Failure)  5256K->840K(15872K), 0.0007705 secs]
22.866: [GC (Allocation Failure)  5256K->840K(15872K), 0.0007815 secs]
22.871: [GC (Allocation Failure)  5256K->840K(15872K), 0.0007705 secs]
22.875: [GC (Allocation Failure)  5256K->840K(15872K), 0.0007639 secs]
22.879: [GC (Allocation Failure)  5256K->840K(15872K), 0.0007727 secs]
22.883: [GC (Allocation Failure)  5256K->840K(15872K), 0.0007683 secs]
22.888: [GC (Allocation Failure)  5256K->840K(15872K), 0.0007771 secs]
22.892: [GC (Allocation Failure)  5256K->840K(15872K), 0.0007754 secs]
22.896: [GC (Allocation Failure)  5256K->840K(15872K), 0.0007842 secs]
22.900: [GC (Allocation Failure)  5256K->840K(15872K), 0.0007677 secs]
22.905: [GC (Allocation Failure)  5256K->840K(15872K), 0.0007666 secs]
22.909: [GC (Allocation Failure)  5256K->840K(15872K), 0.0007749 secs]
22.928: [GC (Allocation Failure)  5256K->840K(15872K), 0.0007688 secs]
22.932: [GC (Allocation Failure)  5256K->840K(15872K), 0.0008651 secs]
22.937: [GC (Allocation Failure)  5256K->840K(15872K), 0.0008018 secs]
22.941: [GC (Allocation Failure)  5256K->840K(15872K), 0.0007644 secs]
22.945: [GC (Allocation Failure)  5256K->840K(15872K), 0.0007820 secs]
22.950: [GC (Allocation Failure)  5256K->840K(15872K), 0.0007655 secs]
22.954: [GC (Allocation Failure)  5256K->840K(15872K), 0.0007699 secs]
22.958: [GC (Allocation Failure)  5256K->840K(15872K), 0.0007556 secs]
22.963: [GC (Allocation Failure)  5256K->840K(15872K), 0.0007683 secs]
22.967: [GC (Allocation Failure)  5256K->840K(15872K), 0.0007947 secs]
22.971: [GC (Allocation Failure)  5256K->840K(15872K), 0.0007738 secs]
22.975: [GC (Allocation Failure)  5256K->840K(15872K), 0.0007677 secs]
22.979: [GC (Allocation Failure)  5256K->840K(15872K), 0.0007595 secs]
22.983: [GC (Allocation Failure)  5256K->840K(15872K), 0.0007589 secs]
22.987: [GC (Allocation Failure)  5256K->840K(15872K), 0.0007589 secs]
22.991: [GC (Allocation Failure)  5256K->840K(15872K), 0.0007584 secs]
22.996: [GC (Allocation Failure)  5256K->840K(15872K), 0.0007617 secs]
23.000: [GC (Allocation Failure)  5256K->840K(15872K), 0.0007666 secs]
23.004: [GC (Allocation Failure)  5256K->840K(15872K), 0.0007589 secs]
23.008: [GC (Allocation Failure)  5256K->840K(15872K), 0.0007578 secs]
23.013: [GC (Allocation Failure)  5256K->840K(15872K), 0.0007771 secs]
23.017: [GC (Allocation Failure)  5256K->840K(15872K), 0.0007776 secs]
23.022: [GC (Allocation Failure)  5256K->840K(15872K), 0.0007650 secs]
23.026: [GC (Allocation Failure)  5256K->840K(15872K), 0.0007694 secs]
23.030: [GC (Allocation Failure)  5256K->840K(15872K), 0.0007804 secs]
23.037: [GC (Allocation Failure)  5256K->840K(15872K), 0.0007699 secs]
23.042: [GC (Allocation Failure)  5256K->840K(15872K), 0.0007622 secs]
23.046: [GC (Allocation Failure)  5256K->840K(15872K), 0.0007584 secs]
23.050: [GC (Allocation Failure)  5256K->840K(15872K), 0.0007809 secs]
23.054: [GC (Allocation Failure)  5256K->840K(15872K), 0.0007694 secs]
23.059: [GC (Allocation Failure)  5256K->840K(15872K), 0.0007754 secs]
23.065: [GC (Allocation Failure)  5256K->840K(15872K), 0.0007710 secs]
23.069: [GC (Allocation Failure)  5256K->840K(15872K), 0.0007628 secs]
23.074: [GC (Allocation Failure)  5256K->840K(15872K), 0.0007655 secs]
23.079: [GC (Allocation Failure)  5256K->840K(15872K), 0.0007727 secs]
23.083: [GC (Allocation Failure)  5256K->840K(15872K), 0.0007644 secs]
23.087: [GC (Allocation Failure)  5256K->840K(15872K), 0.0008403 secs]
23.091: [GC (Allocation Failure)  5256K->840K(15872K), 0.0008783 secs]
23.096: [GC (Allocation Failure)  5256K->840K(15872K), 0.0007727 secs]
23.100: [GC (Allocation Failure)  5256K->840K(15872K), 0.0007628 secs]
23.105: [GC (Allocation Failure)  5256K->840K(15872K), 0.0007771 secs]
23.109: [GC (Allocation Failure)  5256K->840K(15872K), 0.0008964 secs]
23.114: [GC (Allocation Failure)  5256K->840K(15872K), 0.0007716 secs]
23.118: [GC (Allocation Failure)  5256K->840K(15872K), 0.0007551 secs]
23.122: [GC (Allocation Failure)  5256K->840K(15872K), 0.0007501 secs]
23.126: [GC (Allocation Failure)  5256K->840K(15872K), 0.0007562 secs]
23.130: [GC (Allocation Failure)  5256K->840K(15872K), 0.0007512 secs]
23.134: [GC (Allocation Failure)  5256K->840K(15872K), 0.0007644 secs]
23.139: [GC (Allocation Failure)  5256K->840K(15872K), 0.0007639 secs]
23.143: [GC (Allocation Failure)  5256K->840K(15872K), 0.0008079 secs]
23.147: [GC (Allocation Failure)  5256K->840K(15872K), 0.0008491 secs]
23.151: [GC (Allocation Failure)  5256K->840K(15872K), 0.0008453 secs]
23.169: [GC (Allocation Failure)  5256K->840K(15872K), 0.0007815 secs]
23.173: [GC (Allocation Failure)  5256K->840K(15872K), 0.0007666 secs]
23.177: [GC (Allocation Failure)  5256K->840K(15872K), 0.0007672 secs]
23.182: [GC (Allocation Failure)  5256K->840K(15872K), 0.0007716 secs]
23.186: [GC (Allocation Failure)  5256K->840K(15872K), 0.0007688 secs]
23.190: [GC (Allocation Failure)  5256K->840K(15872K), 0.0007677 secs]
23.194: [GC (Allocation Failure)  5256K->840K(15872K), 0.0007595 secs]
23.198: [GC (Allocation Failure)  5256K->840K(15872K), 0.0007573 secs]
23.202: [GC (Allocation Failure)  5256K->840K(15872K), 0.0007551 secs]
23.206: [GC (Allocation Failure)  5256K->840K(15872K), 0.0007589 secs]
23.211: [GC (Allocation Failure)  5256K->840K(15872K), 0.0007727 secs]
23.215: [GC (Allocation Failure)  5256K->840K(15872K), 0.0008920 secs]
23.219: [GC (Allocation Failure)  5256K->840K(15872K), 0.0007787 secs]
23.224: [GC (Allocation Failure)  5256K->840K(15872K), 0.0007919 secs]
23.283: [GC (Allocation Failure)  5256K->840K(15872K), 0.0007760 secs]
23.287: [GC (Allocation Failure)  5256K->840K(15872K), 0.0007672 secs]
23.291: [GC (Allocation Failure)  5256K->840K(15872K), 0.0007617 secs]
23.295: [GC (Allocation Failure)  5256K->840K(15872K), 0.0007578 secs]
23.299: [GC (Allocation Failure)  5256K->840K(15872K), 0.0007606 secs]
23.303: [GC (Allocation Failure)  5256K->840K(15872K), 0.0007562 secs]
23.324: [GC (Allocation Failure)  5256K->840K(15872K), 0.0008865 secs]
23.328: [GC (Allocation Failure)  5256K->840K(15872K), 0.0008205 secs]
23.332: [GC (Allocation Failure)  5256K->840K(15872K), 0.0008128 secs]
23.336: [GC (Allocation Failure)  5256K->840K(15872K), 0.0007732 secs]
23.341: [GC (Allocation Failure)  5256K->840K(15872K), 0.0008007 secs]
23.345: [GC (Allocation Failure)  5256K->840K(15872K), 0.0008183 secs]
23.349: [GC (Allocation Failure)  5256K->840K(15872K), 0.0007837 secs]
23.380: [GC (Allocation Failure)  5256K->840K(15872K), 0.0007969 secs]
23.384: [GC (Allocation Failure)  5256K->840K(15872K), 0.0007809 secs]
23.388: [GC (Allocation Failure)  5256K->840K(15872K), 0.0007716 secs]
23.392: [GC (Allocation Failure)  5256K->840K(15872K), 0.0007628 secs]
23.397: [GC (Allocation Failure)  5256K->840K(15872K), 0.0007820 secs]
23.401: [GC (Allocation Failure)  5256K->840K(15872K), 0.0007936 secs]
23.405: [GC (Allocation Failure)  5256K->840K(15872K), 0.0008029 secs]
23.409: [GC (Allocation Failure)  5256K->840K(15872K), 0.0007941 secs]
23.414: [GC (Allocation Failure)  5256K->840K(15872K), 0.0007666 secs]
23.418: [GC (Allocation Failure)  5256K->840K(15872K), 0.0007831 secs]
23.422: [GC (Allocation Failure)  5256K->840K(15872K), 0.0007584 secs]
23.426: [GC (Allocation Failure)  5256K->840K(15872K), 0.0007617 secs]
23.430: [GC (Allocation Failure)  5256K->840K(15872K), 0.0007655 secs]
23.434: [GC (Allocation Failure)  5256K->840K(15872K), 0.0007842 secs]
23.438: [GC (Allocation Failure)  5256K->840K(15872K), 0.0007749 secs]
23.443: [GC (Allocation Failure)  5256K->840K(15872K), 0.0007952 secs]
23.447: [GC (Allocation Failure)  5256K->840K(15872K), 0.0007985 secs]
23.451: [GC (Allocation Failure)  5256K->840K(15872K), 0.0007815 secs]
23.455: [GC (Allocation Failure)  5256K->840K(15872K), 0.0007765 secs]
23.459: [GC (Allocation Failure)  5256K->840K(15872K), 0.0007765 secs]
23.463: [GC (Allocation Failure)  5256K->840K(15872K), 0.0007672 secs]
23.468: [GC (Allocation Failure)  5256K->840K(15872K), 0.0007798 secs]
23.472: [GC (Allocation Failure)  5256K->840K(15872K), 0.0007820 secs]
23.476: [GC (Allocation Failure)  5256K->840K(15872K), 0.0007611 secs]
23.480: [GC (Allocation Failure)  5256K->840K(15872K), 0.0008150 secs]
23.485: [GC (Allocation Failure)  5256K->840K(15872K), 0.0008068 secs]
23.489: [GC (Allocation Failure)  5256K->840K(15872K), 0.0008139 secs]
23.493: [GC (Allocation Failure)  5256K->840K(15872K), 0.0007842 secs]
23.497: [GC (Allocation Failure)  5256K->840K(15872K), 0.0007765 secs]
23.501: [GC (Allocation Failure)  5256K->840K(15872K), 0.0007969 secs]
23.506: [GC (Allocation Failure)  5256K->840K(15872K), 0.0007820 secs]
23.510: [GC (Allocation Failure)  5256K->840K(15872K), 0.0009107 secs]
23.514: [GC (Allocation Failure)  5256K->840K(15872K), 0.0007793 secs]
23.518: [GC (Allocation Failure)  5256K->840K(15872K), 0.0007870 secs]
23.522: [GC (Allocation Failure)  5256K->840K(15872K), 0.0007639 secs]
23.526: [GC (Allocation Failure)  5256K->840K(15872K), 0.0007699 secs]
23.531: [GC (Allocation Failure)  5256K->840K(15872K), 0.0008266 secs]
23.536: [GC (Allocation Failure)  5256K->840K(15872K), 0.0008832 secs]
23.541: [GC (Allocation Failure)  5256K->840K(15872K), 0.0008574 secs]
23.545: [GC (Allocation Failure)  5256K->840K(15872K), 0.0007897 secs]
23.552: [GC (Allocation Failure)  5256K->840K(15872K), 0.0007881 secs]
23.557: [GC (Allocation Failure)  5256K->840K(15872K), 0.0007782 secs]
23.561: [GC (Allocation Failure)  5256K->840K(15872K), 0.0008150 secs]
23.565: [GC (Allocation Failure)  5256K->840K(15872K), 0.0007562 secs]
23.569: [GC (Allocation Failure)  5256K->840K(15872K), 0.0007672 secs]
23.574: [GC (Allocation Failure)  5256K->840K(15872K), 0.0007727 secs]
23.579: [GC (Allocation Failure)  5256K->840K(15872K), 0.0007837 secs]
23.583: [GC (Allocation Failure)  5256K->840K(15872K), 0.0007815 secs]
23.587: [GC (Allocation Failure)  5256K->840K(15872K), 0.0007914 secs]
23.591: [GC (Allocation Failure)  5256K->840K(15872K), 0.0007842 secs]
23.597: [GC (Allocation Failure)  5256K->840K(15872K), 0.0007738 secs]
23.602: [GC (Allocation Failure)  5256K->840K(15872K), 0.0007776 secs]
23.606: [GC (Allocation Failure)  5256K->840K(15872K), 0.0007776 secs]
23.611: [GC (Allocation Failure)  5256K->840K(15872K), 0.0007804 secs]
23.616: [GC (Allocation Failure)  5256K->840K(15872K), 0.0007584 secs]
23.620: [GC (Allocation Failure)  5256K->840K(15872K), 0.0007837 secs]
23.624: [GC (Allocation Failure)  5256K->840K(15872K), 0.0007787 secs]
23.629: [GC (Allocation Failure)  5256K->840K(15872K), 0.0007826 secs]
23.633: [GC (Allocation Failure)  5256K->840K(15872K), 0.0007760 secs]
23.637: [GC (Allocation Failure)  5256K->840K(15872K), 0.0007705 secs]
23.641: [GC (Allocation Failure)  5256K->840K(15872K), 0.0007881 secs]
23.646: [GC (Allocation Failure)  5256K->840K(15872K), 0.0007947 secs]
23.650: [GC (Allocation Failure)  5256K->840K(15872K), 0.0007738 secs]
23.655: [GC (Allocation Failure)  5256K->840K(15872K), 0.0007765 secs]
23.661: [GC (Allocation Failure)  5256K->840K(15872K), 0.0007864 secs]
23.666: [GC (Allocation Failure)  5256K->840K(15872K), 0.0007815 secs]
23.670: [GC (Allocation Failure)  5256K->840K(15872K), 0.0007831 secs]
23.674: [GC (Allocation Failure)  5256K->840K(15872K), 0.0007798 secs]
23.679: [GC (Allocation Failure)  5256K->840K(15872K), 0.0007859 secs]
23.683: [GC (Allocation Failure)  5256K->840K(15872K), 0.0007969 secs]
23.687: [GC (Allocation Failure)  5256K->840K(15872K), 0.0007809 secs]
23.692: [GC (Allocation Failure)  5256K->840K(15872K), 0.0007864 secs]
23.696: [GC (Allocation Failure)  5256K->840K(15872K), 0.0007688 secs]
23.700: [GC (Allocation Failure)  5256K->840K(15872K), 0.0007633 secs]
23.704: [GC (Allocation Failure)  5256K->840K(15872K), 0.0007589 secs]
23.709: [GC (Allocation Failure)  5256K->840K(15872K), 0.0007672 secs]
23.713: [GC (Allocation Failure)  5256K->840K(15872K), 0.0007567 secs]
23.717: [GC (Allocation Failure)  5256K->840K(15872K), 0.0008018 secs]
23.721: [GC (Allocation Failure)  5256K->840K(15872K), 0.0007551 secs]
23.725: [GC (Allocation Failure)  5256K->840K(15872K), 0.0007567 secs]
23.730: [GC (Allocation Failure)  5256K->840K(15872K), 0.0007738 secs]
23.734: [GC (Allocation Failure)  5256K->840K(15872K), 0.0007628 secs]
23.738: [GC (Allocation Failure)  5256K->840K(15872K), 0.0007606 secs]
23.742: [GC (Allocation Failure)  5256K->840K(15872K), 0.0007650 secs]
23.747: [GC (Allocation Failure)  5256K->840K(15872K), 0.0008728 secs]
23.751: [GC (Allocation Failure)  5256K->840K(15872K), 0.0008062 secs]
23.755: [GC (Allocation Failure)  5256K->840K(15872K), 0.0007496 secs]
23.759: [GC (Allocation Failure)  5256K->840K(15872K), 0.0007551 secs]
23.763: [GC (Allocation Failure)  5256K->840K(15872K), 0.0007798 secs]
23.768: [GC (Allocation Failure)  5256K->840K(15872K), 0.0007727 secs]
23.772: [GC (Allocation Failure)  5256K->840K(15872K), 0.0007611 secs]
23.776: [GC (Allocation Failure)  5256K->840K(15872K), 0.0007672 secs]
23.781: [GC (Allocation Failure)  5256K->840K(15872K), 0.0007782 secs]
23.785: [GC (Allocation Failure)  5256K->840K(15872K), 0.0007771 secs]
23.789: [GC (Allocation Failure)  5256K->840K(15872K), 0.0008150 secs]
23.793: [GC (Allocation Failure)  5256K->840K(15872K), 0.0007677 secs]
23.808: [GC (Allocation Failure)  5256K->840K(15872K), 0.0007650 secs]
23.813: [GC (Allocation Failure)  5256K->840K(15872K), 0.0007727 secs]
23.817: [GC (Allocation Failure)  5256K->840K(15872K), 0.0007875 secs]
23.821: [GC (Allocation Failure)  5256K->840K(15872K), 0.0007787 secs]
23.825: [GC (Allocation Failure)  5256K->840K(15872K), 0.0007694 secs]
23.829: [GC (Allocation Failure)  5256K->840K(15872K), 0.0007710 secs]
23.833: [GC (Allocation Failure)  5256K->840K(15872K), 0.0007694 secs]
23.837: [GC (Allocation Failure)  5256K->840K(15872K), 0.0007738 secs]
23.842: [GC (Allocation Failure)  5256K->840K(15872K), 0.0007771 secs]
23.846: [GC (Allocation Failure)  5256K->840K(15872K), 0.0007694 secs]
23.850: [GC (Allocation Failure)  5256K->840K(15872K), 0.0007611 secs]
23.854: [GC (Allocation Failure)  5256K->840K(15872K), 0.0007716 secs]
23.859: [GC (Allocation Failure)  5256K->840K(15872K), 0.0007650 secs]
23.863: [GC (Allocation Failure)  5256K->840K(15872K), 0.0007749 secs]
23.867: [GC (Allocation Failure)  5256K->840K(15872K), 0.0008013 secs]
23.871: [GC (Allocation Failure)  5256K->840K(15872K), 0.0007600 secs]
23.875: [GC (Allocation Failure)  5256K->840K(15872K), 0.0007650 secs]
23.880: [GC (Allocation Failure)  5256K->840K(15872K), 0.0008128 secs]
23.884: [GC (Allocation Failure)  5256K->840K(15872K), 0.0007738 secs]
23.888: [GC (Allocation Failure)  5256K->840K(15872K), 0.0007743 secs]
23.893: [GC (Allocation Failure)  5256K->840K(15872K), 0.0007589 secs]
23.897: [GC (Allocation Failure)  5256K->840K(15872K), 0.0008326 secs]
23.902: [GC (Allocation Failure)  5256K->840K(15872K), 0.0007864 secs]
23.906: [GC (Allocation Failure)  5256K->840K(15872K), 0.0007809 secs]
23.911: [GC (Allocation Failure)  5256K->840K(15872K), 0.0007694 secs]
23.915: [GC (Allocation Failure)  5256K->840K(15872K), 0.0007914 secs]
23.919: [GC (Allocation Failure)  5256K->840K(15872K), 0.0007732 secs]
23.923: [GC (Allocation Failure)  5256K->840K(15872K), 0.0008139 secs]
23.927: [GC (Allocation Failure)  5256K->840K(15872K), 0.0009509 secs]
23.931: [GC (Allocation Failure)  5256K->840K(15872K), 0.0007600 secs]
23.935: [GC (Allocation Failure)  5256K->840K(15872K), 0.0007699 secs]
23.940: [GC (Allocation Failure)  5256K->840K(15872K), 0.0007848 secs]
23.945: [GC (Allocation Failure)  5256K->840K(15872K), 0.0008035 secs]
23.949: [GC (Allocation Failure)  5256K->840K(15872K), 0.0007787 secs]
23.956: [GC (Allocation Failure)  5256K->840K(15872K), 0.0007738 secs]
23.961: [GC (Allocation Failure)  5256K->840K(15872K), 0.0008519 secs]
23.965: [GC (Allocation Failure)  5256K->840K(15872K), 0.0007754 secs]
23.969: [GC (Allocation Failure)  5256K->840K(15872K), 0.0007782 secs]
23.974: [GC (Allocation Failure)  5256K->840K(15872K), 0.0007760 secs]
23.978: [GC (Allocation Failure)  5256K->840K(15872K), 0.0007776 secs]
23.982: [GC (Allocation Failure)  5256K->840K(15872K), 0.0007666 secs]
23.987: [GC (Allocation Failure)  5256K->840K(15872K), 0.0007969 secs]
23.991: [GC (Allocation Failure)  5256K->840K(15872K), 0.0007897 secs]
23.998: [GC (Allocation Failure)  5256K->840K(15872K), 0.0007688 secs]
24.002: [GC (Allocation Failure)  5256K->840K(15872K), 0.0007732 secs]
24.006: [GC (Allocation Failure)  5256K->840K(15872K), 0.0007699 secs]
24.010: [GC (Allocation Failure)  5256K->840K(15872K), 0.0007826 secs]
24.014: [GC (Allocation Failure)  5256K->840K(15872K), 0.0007738 secs]
24.018: [GC (Allocation Failure)  5256K->840K(15872K), 0.0007617 secs]
24.022: [GC (Allocation Failure)  5256K->840K(15872K), 0.0007655 secs]
24.026: [GC (Allocation Failure)  5256K->840K(15872K), 0.0007914 secs]
24.046: [GC (Allocation Failure)  5256K->840K(15872K), 0.0007738 secs]
24.060: [GC (Allocation Failure)  5256K->840K(15872K), 0.0009080 secs]
24.065: [GC (Allocation Failure)  5256K->840K(15872K), 0.0008079 secs]
24.069: [GC (Allocation Failure)  5256K->840K(15872K), 0.0008590 secs]
24.073: [GC (Allocation Failure)  5256K->840K(15872K), 0.0007611 secs]
24.077: [GC (Allocation Failure)  5256K->840K(15872K), 0.0009448 secs]
24.082: [GC (Allocation Failure)  5256K->840K(15872K), 0.0007760 secs]
24.087: [GC (Allocation Failure)  5256K->840K(15872K), 0.0007672 secs]
24.091: [GC (Allocation Failure)  5256K->840K(15872K), 0.0007672 secs]
24.095: [GC (Allocation Failure)  5256K->840K(15872K), 0.0007892 secs]
24.099: [GC (Allocation Failure)  5256K->840K(15872K), 0.0007732 secs]
24.104: [GC (Allocation Failure)  5256K->840K(15872K), 0.0007705 secs]
24.108: [GC (Allocation Failure)  5256K->840K(15872K), 0.0007787 secs]
24.112: [GC (Allocation Failure)  5256K->840K(15872K), 0.0007859 secs]
24.116: [GC (Allocation Failure)  5256K->840K(15872K), 0.0007545 secs]
24.121: [GC (Allocation Failure)  5256K->840K(15872K), 0.0007644 secs]
24.125: [GC (Allocation Failure)  5256K->840K(15872K), 0.0007941 secs]
24.129: [GC (Allocation Failure)  5256K->840K(15872K), 0.0007749 secs]
24.133: [GC (Allocation Failure)  5256K->840K(15872K), 0.0007831 secs]
24.137: [GC (Allocation Failure)  5256K->840K(15872K), 0.0007600 secs]
24.141: [GC (Allocation Failure)  5256K->840K(15872K), 0.0007875 secs]
24.146: [GC (Allocation Failure)  5256K->840K(15872K), 0.0007672 secs]
24.150: [GC (Allocation Failure)  5256K->840K(15872K), 0.0007650 secs]
24.154: [GC (Allocation Failure)  5256K->840K(15872K), 0.0007738 secs]
24.158: [GC (Allocation Failure)  5256K->840K(15872K), 0.0007628 secs]
24.163: [GC (Allocation Failure)  5256K->840K(15872K), 0.0007815 secs]
24.167: [GC (Allocation Failure)  5256K->840K(15872K), 0.0007919 secs]
24.171: [GC (Allocation Failure)  5256K->840K(15872K), 0.0007738 secs]
24.175: [GC (Allocation Failure)  5256K->840K(15872K), 0.0007721 secs]
24.179: [GC (Allocation Failure)  5256K->840K(15872K), 0.0007826 secs]
24.184: [GC (Allocation Failure)  5256K->840K(15872K), 0.0007820 secs]
24.188: [GC (Allocation Failure)  5256K->840K(15872K), 0.0007782 secs]
24.192: [GC (Allocation Failure)  5256K->840K(15872K), 0.0007754 secs]
24.197: [GC (Allocation Failure)  5256K->840K(15872K), 0.0008128 secs]
24.201: [GC (Allocation Failure)  5256K->840K(15872K), 0.0007650 secs]
24.205: [GC (Allocation Failure)  5256K->840K(15872K), 0.0007727 secs]
24.209: [GC (Allocation Failure)  5256K->840K(15872K), 0.0008139 secs]
24.213: [GC (Allocation Failure)  5256K->840K(15872K), 0.0007842 secs]
24.217: [GC (Allocation Failure)  5256K->840K(15872K), 0.0007743 secs]
24.221: [GC (Allocation Failure)  5256K->840K(15872K), 0.0007639 secs]
24.226: [GC (Allocation Failure)  5256K->840K(15872K), 0.0007831 secs]
24.230: [GC (Allocation Failure)  5256K->840K(15872K), 0.0007611 secs]
24.235: [GC (Allocation Failure)  5256K->840K(15872K), 0.0007655 secs]
24.239: [GC (Allocation Failure)  5256K->840K(15872K), 0.0007683 secs]
24.243: [GC (Allocation Failure)  5256K->840K(15872K), 0.0008997 secs]
24.247: [GC (Allocation Failure)  5256K->840K(15872K), 0.0007930 secs]
24.251: [GC (Allocation Failure)  5256K->840K(15872K), 0.0007677 secs]
24.255: [GC (Allocation Failure)  5256K->840K(15872K), 0.0007518 secs]
24.259: [GC (Allocation Failure)  5256K->840K(15872K), 0.0007485 secs]
24.264: [GC (Allocation Failure)  5256K->840K(15872K), 0.0007985 secs]
24.269: [GC (Allocation Failure)  5256K->840K(15872K), 0.0007837 secs]
24.273: [GC (Allocation Failure)  5256K->840K(15872K), 0.0007727 secs]
24.278: [GC (Allocation Failure)  5256K->840K(15872K), 0.0007721 secs]
24.282: [GC (Allocation Failure)  5256K->840K(15872K), 0.0007683 secs]
24.286: [GC (Allocation Failure)  5256K->840K(15872K), 0.0007732 secs]
24.290: [GC (Allocation Failure)  5256K->840K(15872K), 0.0007820 secs]
24.294: [GC (Allocation Failure)  5256K->840K(15872K), 0.0007600 secs]
24.298: [GC (Allocation Failure)  5256K->840K(15872K), 0.0008051 secs]
24.303: [GC (Allocation Failure)  5256K->840K(15872K), 0.0007842 secs]
24.307: [GC (Allocation Failure)  5256K->840K(15872K), 0.0007589 secs]
24.311: [GC (Allocation Failure)  5256K->840K(15872K), 0.0007628 secs]
24.315: [GC (Allocation Failure)  5256K->840K(15872K), 0.0007650 secs]
24.320: [GC (Allocation Failure)  5256K->840K(15872K), 0.0007694 secs]
24.324: [GC (Allocation Failure)  5256K->840K(15872K), 0.0007721 secs]
24.328: [GC (Allocation Failure)  5256K->840K(15872K), 0.0008227 secs]
24.332: [GC (Allocation Failure)  5256K->840K(15872K), 0.0007661 secs]
24.336: [GC (Allocation Failure)  5256K->840K(15872K), 0.0007628 secs]
24.341: [GC (Allocation Failure)  5256K->840K(15872K), 0.0007793 secs]
24.345: [GC (Allocation Failure)  5256K->840K(15872K), 0.0007699 secs]
24.349: [GC (Allocation Failure)  5256K->840K(15872K), 0.0007738 secs]
24.353: [GC (Allocation Failure)  5256K->840K(15872K), 0.0007655 secs]
24.357: [GC (Allocation Failure)  5256K->840K(15872K), 0.0007732 secs]
24.362: [GC (Allocation Failure)  5256K->840K(15872K), 0.0007699 secs]
24.366: [GC (Allocation Failure)  5256K->840K(15872K), 0.0007903 secs]
24.371: [GC (Allocation Failure)  5256K->840K(15872K), 0.0007567 secs]
24.375: [GC (Allocation Failure)  5256K->840K(15872K), 0.0007617 secs]
24.379: [GC (Allocation Failure)  5256K->840K(15872K), 0.0007655 secs]
24.383: [GC (Allocation Failure)  5256K->840K(15872K), 0.0007573 secs]
24.388: [GC (Allocation Failure)  5256K->840K(15872K), 0.0007600 secs]
24.392: [GC (Allocation Failure)  5256K->840K(15872K), 0.0007589 secs]
24.397: [GC (Allocation Failure)  5256K->840K(15872K), 0.0007650 secs]
24.402: [GC (Allocation Failure)  5256K->840K(15872K), 0.0007820 secs]
24.406: [GC (Allocation Failure)  5256K->840K(15872K), 0.0008871 secs]
24.411: [GC (Allocation Failure)  5256K->840K(15872K), 0.0009019 secs]
24.417: [GC (Allocation Failure)  5256K->840K(15872K), 0.0008178 secs]
24.421: [GC (Allocation Failure)  5256K->840K(15872K), 0.0007727 secs]
24.426: [GC (Allocation Failure)  5256K->840K(15872K), 0.0009740 secs]
24.431: [GC (Allocation Failure)  5256K->840K(15872K), 0.0008381 secs]
24.436: [GC (Allocation Failure)  5256K->840K(15872K), 0.0007903 secs]
24.441: [GC (Allocation Failure)  5256K->840K(15872K), 0.0008387 secs]
24.445: [GC (Allocation Failure)  5256K->840K(15872K), 0.0008513 secs]
24.450: [GC (Allocation Failure)  5256K->840K(15872K), 0.0008486 secs]
24.455: [GC (Allocation Failure)  5256K->840K(15872K), 0.0008458 secs]
24.460: [GC (Allocation Failure)  5256K->840K(15872K), 0.0008211 secs]
24.465: [GC (Allocation Failure)  5256K->840K(15872K), 0.0008601 secs]
24.470: [GC (Allocation Failure)  5256K->840K(15872K), 0.0008898 secs]
24.475: [GC (Allocation Failure)  5256K->840K(15872K), 0.0007688 secs]
24.480: [GC (Allocation Failure)  5256K->840K(15872K), 0.0008194 secs]
24.485: [GC (Allocation Failure)  5256K->840K(15872K), 0.0008409 secs]
24.490: [GC (Allocation Failure)  5256K->840K(15872K), 0.0007765 secs]
24.494: [GC (Allocation Failure)  5256K->840K(15872K), 0.0007683 secs]
24.498: [GC (Allocation Failure)  5256K->840K(15872K), 0.0007787 secs]
24.502: [GC (Allocation Failure)  5256K->840K(15872K), 0.0007743 secs]
24.506: [GC (Allocation Failure)  5256K->840K(15872K), 0.0007710 secs]
24.511: [GC (Allocation Failure)  5256K->840K(15872K), 0.0007782 secs]
24.533: [GC (Allocation Failure)  5256K->840K(15872K), 0.0007721 secs]
24.537: [GC (Allocation Failure)  5256K->840K(15872K), 0.0007628 secs]
24.541: [GC (Allocation Failure)  5256K->840K(15872K), 0.0007688 secs]
24.545: [GC (Allocation Failure)  5256K->840K(15872K), 0.0007655 secs]
24.549: [GC (Allocation Failure)  5256K->840K(15872K), 0.0007556 secs]
24.553: [GC (Allocation Failure)  5256K->840K(15872K), 0.0007727 secs]
24.558: [GC (Allocation Failure)  5256K->840K(15872K), 0.0007771 secs]
24.563: [GC (Allocation Failure)  5256K->840K(15872K), 0.0007595 secs]
24.567: [GC (Allocation Failure)  5256K->840K(15872K), 0.0007903 secs]
24.571: [GC (Allocation Failure)  5256K->840K(15872K), 0.0007551 secs]
24.575: [GC (Allocation Failure)  5256K->840K(15872K), 0.0007661 secs]
24.579: [GC (Allocation Failure)  5256K->840K(15872K), 0.0007936 secs]
24.584: [GC (Allocation Failure)  5256K->840K(15872K), 0.0007903 secs]
24.588: [GC (Allocation Failure)  5256K->840K(15872K), 0.0007738 secs]
24.593: [GC (Allocation Failure)  5256K->840K(15872K), 0.0009063 secs]
24.599: [GC (Allocation Failure)  5256K->840K(15872K), 0.0008541 secs]
24.604: [GC (Allocation Failure)  5256K->840K(15872K), 0.0007815 secs]
24.608: [GC (Allocation Failure)  5256K->840K(15872K), 0.0007881 secs]
24.612: [GC (Allocation Failure)  5256K->840K(15872K), 0.0007776 secs]
24.616: [GC (Allocation Failure)  5256K->840K(15872K), 0.0008134 secs]
24.620: [GC (Allocation Failure)  5256K->840K(15872K), 0.0007666 secs]
24.625: [GC (Allocation Failure)  5256K->840K(15872K), 0.0007633 secs]
24.629: [GC (Allocation Failure)  5256K->840K(15872K), 0.0007798 secs]
24.633: [GC (Allocation Failure)  5256K->840K(15872K), 0.0007831 secs]
24.637: [GC (Allocation Failure)  5256K->840K(15872K), 0.0007661 secs]
24.641: [GC (Allocation Failure)  5256K->840K(15872K), 0.0007732 secs]
24.645: [GC (Allocation Failure)  5256K->840K(15872K), 0.0007683 secs]
24.650: [GC (Allocation Failure)  5256K->840K(15872K), 0.0007650 secs]
24.654: [GC (Allocation Failure)  5256K->840K(15872K), 0.0007600 secs]
24.662: [GC (Allocation Failure)  5256K->840K(15872K), 0.0007644 secs]
24.666: [GC (Allocation Failure)  5256K->840K(15872K), 0.0007578 secs]
24.670: [GC (Allocation Failure)  5256K->840K(15872K), 0.0007754 secs]
24.674: [GC (Allocation Failure)  5256K->840K(15872K), 0.0007606 secs]
24.679: [GC (Allocation Failure)  5256K->840K(15872K), 0.0007606 secs]
24.683: [GC (Allocation Failure)  5256K->840K(15872K), 0.0007958 secs]
24.687: [GC (Allocation Failure)  5256K->840K(15872K), 0.0007699 secs]
24.691: [GC (Allocation Failure)  5256K->840K(15872K), 0.0007622 secs]
24.695: [GC (Allocation Failure)  5256K->840K(15872K), 0.0007870 secs]
24.699: [GC (Allocation Failure)  5256K->840K(15872K), 0.0008084 secs]
24.704: [GC (Allocation Failure)  5256K->840K(15872K), 0.0007749 secs]
24.708: [GC (Allocation Failure)  5256K->840K(15872K), 0.0008073 secs]
24.712: [GC (Allocation Failure)  5256K->840K(15872K), 0.0007699 secs]
24.716: [GC (Allocation Failure)  5256K->840K(15872K), 0.0007716 secs]
24.720: [GC (Allocation Failure)  5256K->840K(15872K), 0.0007688 secs]
24.725: [GC (Allocation Failure)  5256K->840K(15872K), 0.0007864 secs]
24.729: [GC (Allocation Failure)  5256K->840K(15872K), 0.0007628 secs]
24.733: [GC (Allocation Failure)  5256K->840K(15872K), 0.0007589 secs]
24.737: [GC (Allocation Failure)  5256K->840K(15872K), 0.0007584 secs]
24.742: [GC (Allocation Failure)  5256K->840K(15872K), 0.0007655 secs]
24.746: [GC (Allocation Failure)  5256K->840K(15872K), 0.0007864 secs]
24.751: [GC (Allocation Failure)  5256K->840K(15872K), 0.0007765 secs]
24.755: [GC (Allocation Failure)  5256K->840K(15872K), 0.0007837 secs]
24.759: [GC (Allocation Failure)  5256K->840K(15872K), 0.0007672 secs]
24.763: [GC (Allocation Failure)  5256K->840K(15872K), 0.0007716 secs]
24.768: [GC (Allocation Failure)  5256K->840K(15872K), 0.0007738 secs]
24.772: [GC (Allocation Failure)  5256K->840K(15872K), 0.0007688 secs]
24.776: [GC (Allocation Failure)  5256K->840K(15872K), 0.0007952 secs]
24.780: [GC (Allocation Failure)  5256K->840K(15872K), 0.0007721 secs]
24.785: [GC (Allocation Failure)  5256K->840K(15872K), 0.0007848 secs]
24.789: [GC (Allocation Failure)  5256K->840K(15872K), 0.0007903 secs]
24.793: [GC (Allocation Failure)  5256K->840K(15872K), 0.0009206 secs]
24.798: [GC (Allocation Failure)  5256K->840K(15872K), 0.0007914 secs]
24.802: [GC (Allocation Failure)  5256K->840K(15872K), 0.0007655 secs]
24.806: [GC (Allocation Failure)  5256K->840K(15872K), 0.0007732 secs]
24.810: [GC (Allocation Failure)  5256K->840K(15872K), 0.0008964 secs]
24.815: [GC (Allocation Failure)  5256K->840K(15872K), 0.0007765 secs]
24.819: [GC (Allocation Failure)  5256K->840K(15872K), 0.0007738 secs]
24.823: [GC (Allocation Failure)  5256K->840K(15872K), 0.0007694 secs]
24.827: [GC (Allocation Failure)  5256K->840K(15872K), 0.0009173 secs]
24.832: [GC (Allocation Failure)  5256K->840K(15872K), 0.0007743 secs]
24.836: [GC (Allocation Failure)  5256K->840K(15872K), 0.0007705 secs]
24.840: [GC (Allocation Failure)  5256K->840K(15872K), 0.0007710 secs]
24.844: [GC (Allocation Failure)  5256K->840K(15872K), 0.0007826 secs]
24.849: [GC (Allocation Failure)  5256K->840K(15872K), 0.0007677 secs]
24.853: [GC (Allocation Failure)  5256K->840K(15872K), 0.0007661 secs]
24.857: [GC (Allocation Failure)  5256K->840K(15872K), 0.0008073 secs]
24.861: [GC (Allocation Failure)  5256K->840K(15872K), 0.0007666 secs]
24.865: [GC (Allocation Failure)  5256K->840K(15872K), 0.0007639 secs]
24.870: [GC (Allocation Failure)  5256K->840K(15872K), 0.0007650 secs]
24.874: [GC (Allocation Failure)  5256K->840K(15872K), 0.0008337 secs]
24.878: [GC (Allocation Failure)  5256K->840K(15872K), 0.0007666 secs]
24.883: [GC (Allocation Failure)  5256K->840K(15872K), 0.0007650 secs]
24.887: [GC (Allocation Failure)  5256K->840K(15872K), 0.0007919 secs]
24.891: [GC (Allocation Failure)  5256K->840K(15872K), 0.0008277 secs]
24.895: [GC (Allocation Failure)  5256K->840K(15872K), 0.0007639 secs]
24.900: [GC (Allocation Failure)  5256K->840K(15872K), 0.0007694 secs]
24.904: [GC (Allocation Failure)  5256K->840K(15872K), 0.0007688 secs]
24.908: [GC (Allocation Failure)  5256K->840K(15872K), 0.0007644 secs]
24.912: [GC (Allocation Failure)  5256K->840K(15872K), 0.0007584 secs]
24.917: [GC (Allocation Failure)  5256K->840K(15872K), 0.0008172 secs]
24.921: [GC (Allocation Failure)  5256K->840K(15872K), 0.0007787 secs]
24.925: [GC (Allocation Failure)  5256K->840K(15872K), 0.0007732 secs]
24.929: [GC (Allocation Failure)  5256K->840K(15872K), 0.0007694 secs]
24.934: [GC (Allocation Failure)  5256K->840K(15872K), 0.0007661 secs]
24.938: [GC (Allocation Failure)  5256K->840K(15872K), 0.0007644 secs]
24.942: [GC (Allocation Failure)  5256K->840K(15872K), 0.0007677 secs]
24.946: [GC (Allocation Failure)  5256K->840K(15872K), 0.0007848 secs]
24.950: [GC (Allocation Failure)  5256K->840K(15872K), 0.0007600 secs]
24.955: [GC (Allocation Failure)  5256K->840K(15872K), 0.0007644 secs]
24.959: [GC (Allocation Failure)  5256K->840K(15872K), 0.0007705 secs]
24.963: [GC (Allocation Failure)  5256K->840K(15872K), 0.0007672 secs]
24.967: [GC (Allocation Failure)  5256K->840K(15872K), 0.0007600 secs]
24.972: [GC (Allocation Failure)  5256K->840K(15872K), 0.0007633 secs]
24.976: [GC (Allocation Failure)  5256K->840K(15872K), 0.0007963 secs]
24.980: [GC (Allocation Failure)  5256K->840K(15872K), 0.0007688 secs]
24.984: [GC (Allocation Failure)  5256K->840K(15872K), 0.0007650 secs]
24.988: [GC (Allocation Failure)  5256K->840K(15872K), 0.0007578 secs]
24.993: [GC (Allocation Failure)  5256K->840K(15872K), 0.0009003 secs]
24.997: [GC (Allocation Failure)  5256K->840K(15872K), 0.0007771 secs]
25.001: [GC (Allocation Failure)  5256K->840K(15872K), 0.0007622 secs]
25.005: [GC (Allocation Failure)  5256K->840K(15872K), 0.0007633 secs]
25.009: [GC (Allocation Failure)  5256K->840K(15872K), 0.0007523 secs]
25.014: [GC (Allocation Failure)  5256K->840K(15872K), 0.0007809 secs]
25.018: [GC (Allocation Failure)  5256K->840K(15872K), 0.0007661 secs]
25.022: [GC (Allocation Failure)  5256K->840K(15872K), 0.0007595 secs]
25.026: [GC (Allocation Failure)  5256K->840K(15872K), 0.0009025 secs]
25.031: [GC (Allocation Failure)  5256K->840K(15872K), 0.0007688 secs]
25.035: [GC (Allocation Failure)  5256K->840K(15872K), 0.0007688 secs]
25.039: [GC (Allocation Failure)  5256K->840K(15872K), 0.0007611 secs]
25.043: [GC (Allocation Failure)  5256K->840K(15872K), 0.0007644 secs]
25.048: [GC (Allocation Failure)  5256K->840K(15872K), 0.0007683 secs]
25.052: [GC (Allocation Failure)  5256K->840K(15872K), 0.0007694 secs]
25.056: [GC (Allocation Failure)  5256K->840K(15872K), 0.0007771 secs]
25.061: [GC (Allocation Failure)  5256K->840K(15872K), 0.0007699 secs]
25.068: [GC (Allocation Failure)  5256K->840K(15872K), 0.0007820 secs]
25.073: [GC (Allocation Failure)  5256K->840K(15872K), 0.0007881 secs]
25.078: [GC (Allocation Failure)  5256K->840K(15872K), 0.0007985 secs]
25.082: [GC (Allocation Failure)  5256K->840K(15872K), 0.0008167 secs]
25.086: [GC (Allocation Failure)  5256K->840K(15872K), 0.0007919 secs]
25.091: [GC (Allocation Failure)  5256K->840K(15872K), 0.0007991 secs]
25.096: [GC (Allocation Failure)  5256K->840K(15872K), 0.0007947 secs]
25.108: [GC (Allocation Failure)  5256K->840K(15872K), 0.0007677 secs]
25.113: [GC (Allocation Failure)  5256K->840K(15872K), 0.0009586 secs]
25.119: [GC (Allocation Failure)  5256K->840K(15872K), 0.0008040 secs]
25.123: [GC (Allocation Failure)  5256K->840K(15872K), 0.0007617 secs]
25.128: [GC (Allocation Failure)  5256K->840K(15872K), 0.0007710 secs]
25.132: [GC (Allocation Failure)  5256K->840K(15872K), 0.0007584 secs]
25.136: [GC (Allocation Failure)  5256K->840K(15872K), 0.0007650 secs]
25.140: [GC (Allocation Failure)  5256K->840K(15872K), 0.0007573 secs]
25.144: [GC (Allocation Failure)  5256K->840K(15872K), 0.0007666 secs]
25.148: [GC (Allocation Failure)  5256K->840K(15872K), 0.0008761 secs]
25.152: [GC (Allocation Failure)  5256K->840K(15872K), 0.0007628 secs]
25.156: [GC (Allocation Failure)  5256K->840K(15872K), 0.0007622 secs]
25.160: [GC (Allocation Failure)  5256K->840K(15872K), 0.0007705 secs]
25.164: [GC (Allocation Failure)  5256K->840K(15872K), 0.0007562 secs]
25.168: [GC (Allocation Failure)  5256K->840K(15872K), 0.0007556 secs]
25.172: [GC (Allocation Failure)  5256K->840K(15872K), 0.0007589 secs]
25.176: [GC (Allocation Failure)  5256K->840K(15872K), 0.0008156 secs]
25.180: [GC (Allocation Failure)  5256K->840K(15872K), 0.0007496 secs]
25.185: [GC (Allocation Failure)  5256K->840K(15872K), 0.0007650 secs]
25.189: [GC (Allocation Failure)  5256K->840K(15872K), 0.0007809 secs]
25.193: [GC (Allocation Failure)  5256K->840K(15872K), 0.0008211 secs]
25.197: [GC (Allocation Failure)  5256K->840K(15872K), 0.0007551 secs]
25.201: [GC (Allocation Failure)  5256K->840K(15872K), 0.0007567 secs]
25.205: [GC (Allocation Failure)  5256K->840K(15872K), 0.0007754 secs]
25.209: [GC (Allocation Failure)  5256K->840K(15872K), 0.0007699 secs]
25.213: [GC (Allocation Failure)  5256K->840K(15872K), 0.0008277 secs]
25.217: [GC (Allocation Failure)  5256K->840K(15872K), 0.0008046 secs]
25.221: [GC (Allocation Failure)  5256K->840K(15872K), 0.0007754 secs]
25.225: [GC (Allocation Failure)  5256K->840K(15872K), 0.0007699 secs]
25.229: [GC (Allocation Failure)  5256K->840K(15872K), 0.0007617 secs]
25.233: [GC (Allocation Failure)  5256K->840K(15872K), 0.0007479 secs]
25.237: [GC (Allocation Failure)  5256K->840K(15872K), 0.0007485 secs]
25.241: [GC (Allocation Failure)  5256K->840K(15872K), 0.0007446 secs]
25.246: [GC (Allocation Failure)  5256K->840K(15872K), 0.0007606 secs]
25.250: [GC (Allocation Failure)  5256K->840K(15872K), 0.0007595 secs]
25.254: [GC (Allocation Failure)  5256K->840K(15872K), 0.0007540 secs]
25.258: [GC (Allocation Failure)  5256K->840K(15872K), 0.0007540 secs]
25.262: [GC (Allocation Failure)  5256K->840K(15872K), 0.0007551 secs]
25.266: [GC (Allocation Failure)  5256K->840K(15872K), 0.0007683 secs]
25.270: [GC (Allocation Failure)  5256K->840K(15872K), 0.0007716 secs]
25.274: [GC (Allocation Failure)  5256K->840K(15872K), 0.0007644 secs]
25.278: [GC (Allocation Failure)  5256K->840K(15872K), 0.0007644 secs]
25.282: [GC (Allocation Failure)  5256K->840K(15872K), 0.0007562 secs]
25.286: [GC (Allocation Failure)  5256K->840K(15872K), 0.0007628 secs]
25.290: [GC (Allocation Failure)  5256K->840K(15872K), 0.0007941 secs]
25.294: [GC (Allocation Failure)  5256K->840K(15872K), 0.0007578 secs]
25.298: [GC (Allocation Failure)  5256K->840K(15872K), 0.0007534 secs]
25.302: [GC (Allocation Failure)  5256K->840K(15872K), 0.0008585 secs]
25.306: [GC (Allocation Failure)  5256K->840K(15872K), 0.0007622 secs]
25.311: [GC (Allocation Failure)  5256K->840K(15872K), 0.0007694 secs]
25.315: [GC (Allocation Failure)  5256K->840K(15872K), 0.0007600 secs]
25.319: [GC (Allocation Failure)  5256K->840K(15872K), 0.0007633 secs]
25.323: [GC (Allocation Failure)  5256K->840K(15872K), 0.0007760 secs]
25.327: [GC (Allocation Failure)  5256K->840K(15872K), 0.0007578 secs]
25.331: [GC (Allocation Failure)  5256K->840K(15872K), 0.0007562 secs]
25.335: [GC (Allocation Failure)  5256K->840K(15872K), 0.0007556 secs]
25.339: [GC (Allocation Failure)  5256K->840K(15872K), 0.0007650 secs]
25.343: [GC (Allocation Failure)  5256K->840K(15872K), 0.0007628 secs]
25.347: [GC (Allocation Failure)  5256K->840K(15872K), 0.0007688 secs]
25.351: [GC (Allocation Failure)  5256K->840K(15872K), 0.0007787 secs]
25.355: [GC (Allocation Failure)  5256K->840K(15872K), 0.0007699 secs]
25.359: [GC (Allocation Failure)  5256K->840K(15872K), 0.0007551 secs]
25.363: [GC (Allocation Failure)  5256K->840K(15872K), 0.0007732 secs]
25.367: [GC (Allocation Failure)  5256K->840K(15872K), 0.0007683 secs]
25.371: [GC (Allocation Failure)  5256K->840K(15872K), 0.0007584 secs]
25.375: [GC (Allocation Failure)  5256K->840K(15872K), 0.0007529 secs]
25.379: [GC (Allocation Failure)  5256K->840K(15872K), 0.0007584 secs]
25.383: [GC (Allocation Failure)  5256K->840K(15872K), 0.0007529 secs]
25.387: [GC (Allocation Failure)  5256K->840K(15872K), 0.0007518 secs]
25.391: [GC (Allocation Failure)  5256K->840K(15872K), 0.0007545 secs]
25.396: [GC (Allocation Failure)  5256K->840K(15872K), 0.0007886 secs]
25.400: [GC (Allocation Failure)  5256K->840K(15872K), 0.0007727 secs]
25.404: [GC (Allocation Failure)  5256K->840K(15872K), 0.0007606 secs]
25.408: [GC (Allocation Failure)  5256K->840K(15872K), 0.0007639 secs]
25.412: [GC (Allocation Failure)  5256K->840K(15872K), 0.0007716 secs]
25.416: [GC (Allocation Failure)  5256K->840K(15872K), 0.0007677 secs]
25.420: [GC (Allocation Failure)  5256K->840K(15872K), 0.0007578 secs]
25.424: [GC (Allocation Failure)  5256K->840K(15872K), 0.0007644 secs]
25.428: [GC (Allocation Failure)  5256K->840K(15872K), 0.0007562 secs]
25.432: [GC (Allocation Failure)  5256K->840K(15872K), 0.0007567 secs]
25.436: [GC (Allocation Failure)  5256K->840K(15872K), 0.0007562 secs]
25.440: [GC (Allocation Failure)  5256K->840K(15872K), 0.0007622 secs]
25.444: [GC (Allocation Failure)  5256K->840K(15872K), 0.0007540 secs]
25.448: [GC (Allocation Failure)  5256K->840K(15872K), 0.0007507 secs]
25.452: [GC (Allocation Failure)  5256K->840K(15872K), 0.0007512 secs]
25.456: [GC (Allocation Failure)  5256K->840K(15872K), 0.0007501 secs]
25.460: [GC (Allocation Failure)  5256K->840K(15872K), 0.0007661 secs]
25.464: [GC (Allocation Failure)  5256K->840K(15872K), 0.0007617 secs]
25.469: [GC (Allocation Failure)  5256K->840K(15872K), 0.0007617 secs]
25.473: [GC (Allocation Failure)  5256K->840K(15872K), 0.0007595 secs]
25.477: [GC (Allocation Failure)  5256K->840K(15872K), 0.0007820 secs]
25.481: [GC (Allocation Failure)  5256K->840K(15872K), 0.0007655 secs]
25.485: [GC (Allocation Failure)  5256K->840K(15872K), 0.0007611 secs]
25.489: [GC (Allocation Failure)  5256K->840K(15872K), 0.0007589 secs]
25.493: [GC (Allocation Failure)  5256K->840K(15872K), 0.0007661 secs]
25.497: [GC (Allocation Failure)  5256K->840K(15872K), 0.0008040 secs]
25.501: [GC (Allocation Failure)  5256K->840K(15872K), 0.0007672 secs]
25.505: [GC (Allocation Failure)  5256K->840K(15872K), 0.0007655 secs]
25.509: [GC (Allocation Failure)  5256K->840K(15872K), 0.0007567 secs]
25.513: [GC (Allocation Failure)  5256K->840K(15872K), 0.0007529 secs]
25.517: [GC (Allocation Failure)  5256K->840K(15872K), 0.0007600 secs]
25.521: [GC (Allocation Failure)  5256K->840K(15872K), 0.0007479 secs]
25.525: [GC (Allocation Failure)  5256K->840K(15872K), 0.0007688 secs]
25.530: [GC (Allocation Failure)  5256K->840K(15872K), 0.0007633 secs]
25.534: [GC (Allocation Failure)  5256K->840K(15872K), 0.0007573 secs]
25.538: [GC (Allocation Failure)  5256K->840K(15872K), 0.0007556 secs]
25.542: [GC (Allocation Failure)  5256K->840K(15872K), 0.0007589 secs]
25.546: [GC (Allocation Failure)  5256K->840K(15872K), 0.0007600 secs]
25.550: [GC (Allocation Failure)  5256K->840K(15872K), 0.0007578 secs]
25.554: [GC (Allocation Failure)  5256K->840K(15872K), 0.0007534 secs]
25.558: [GC (Allocation Failure)  5256K->840K(15872K), 0.0007848 secs]
25.562: [GC (Allocation Failure)  5256K->840K(15872K), 0.0007611 secs]
25.566: [GC (Allocation Failure)  5256K->840K(15872K), 0.0007721 secs]
25.570: [GC (Allocation Failure)  5256K->840K(15872K), 0.0008882 secs]
25.574: [GC (Allocation Failure)  5256K->840K(15872K), 0.0007738 secs]
25.578: [GC (Allocation Failure)  5256K->840K(15872K), 0.0007683 secs]
25.582: [GC (Allocation Failure)  5256K->840K(15872K), 0.0007562 secs]
25.586: [GC (Allocation Failure)  5256K->840K(15872K), 0.0007523 secs]
25.590: [GC (Allocation Failure)  5256K->840K(15872K), 0.0007534 secs]
25.594: [GC (Allocation Failure)  5256K->840K(15872K), 0.0007545 secs]
25.599: [GC (Allocation Failure)  5256K->840K(15872K), 0.0007710 secs]
25.603: [GC (Allocation Failure)  5256K->840K(15872K), 0.0009514 secs]
25.607: [GC (Allocation Failure)  5256K->840K(15872K), 0.0007826 secs]
25.611: [GC (Allocation Failure)  5256K->840K(15872K), 0.0007617 secs]
25.615: [GC (Allocation Failure)  5256K->840K(15872K), 0.0007584 secs]
25.619: [GC (Allocation Failure)  5256K->840K(15872K), 0.0007562 secs]
25.623: [GC (Allocation Failure)  5256K->840K(15872K), 0.0007573 secs]
25.627: [GC (Allocation Failure)  5256K->840K(15872K), 0.0007578 secs]
25.631: [GC (Allocation Failure)  5256K->840K(15872K), 0.0007523 secs]
25.635: [GC (Allocation Failure)  5256K->840K(15872K), 0.0007534 secs]
25.639: [GC (Allocation Failure)  5256K->840K(15872K), 0.0007523 secs]
25.644: [GC (Allocation Failure)  5256K->840K(15872K), 0.0007578 secs]
25.648: [GC (Allocation Failure)  5256K->840K(15872K), 0.0007617 secs]
25.652: [GC (Allocation Failure)  5256K->840K(15872K), 0.0007914 secs]
25.656: [GC (Allocation Failure)  5256K->840K(15872K), 0.0007661 secs]
25.660: [GC (Allocation Failure)  5256K->840K(15872K), 0.0007595 secs]
25.664: [GC (Allocation Failure)  5256K->840K(15872K), 0.0007606 secs]
25.668: [GC (Allocation Failure)  5256K->840K(15872K), 0.0007567 secs]
25.672: [GC (Allocation Failure)  5256K->840K(15872K), 0.0008315 secs]
25.676: [GC (Allocation Failure)  5256K->840K(15872K), 0.0008178 secs]
25.680: [GC (Allocation Failure)  5256K->840K(15872K), 0.0007622 secs]
25.684: [GC (Allocation Failure)  5256K->840K(15872K), 0.0007534 secs]
25.688: [GC (Allocation Failure)  5256K->840K(15872K), 0.0007622 secs]
25.692: [GC (Allocation Failure)  5256K->840K(15872K), 0.0007688 secs]
25.696: [GC (Allocation Failure)  5256K->840K(15872K), 0.0007562 secs]
25.700: [GC (Allocation Failure)  5256K->840K(15872K), 0.0007584 secs]
25.704: [GC (Allocation Failure)  5256K->840K(15872K), 0.0007611 secs]
25.708: [GC (Allocation Failure)  5256K->840K(15872K), 0.0007584 secs]
25.712: [GC (Allocation Failure)  5256K->840K(15872K), 0.0008288 secs]
25.716: [GC (Allocation Failure)  5256K->840K(15872K), 0.0007611 secs]
25.721: [GC (Allocation Failure)  5256K->840K(15872K), 0.0007666 secs]
25.725: [GC (Allocation Failure)  5256K->840K(15872K), 0.0007600 secs]
25.729: [GC (Allocation Failure)  5256K->840K(15872K), 0.0007512 secs]
25.733: [GC (Allocation Failure)  5256K->840K(15872K), 0.0007567 secs]
25.737: [GC (Allocation Failure)  5256K->840K(15872K), 0.0007947 secs]
25.741: [GC (Allocation Failure)  5256K->840K(15872K), 0.0007628 secs]
25.745: [GC (Allocation Failure)  5256K->840K(15872K), 0.0007688 secs]
25.749: [GC (Allocation Failure)  5256K->840K(15872K), 0.0007897 secs]
25.753: [GC (Allocation Failure)  5256K->840K(15872K), 0.0007688 secs]
25.757: [GC (Allocation Failure)  5256K->840K(15872K), 0.0007765 secs]
25.761: [GC (Allocation Failure)  5256K->840K(15872K), 0.0007644 secs]
25.765: [GC (Allocation Failure)  5256K->840K(15872K), 0.0007556 secs]
25.769: [GC (Allocation Failure)  5256K->840K(15872K), 0.0007639 secs]
25.773: [GC (Allocation Failure)  5256K->840K(15872K), 0.0007628 secs]
25.777: [GC (Allocation Failure)  5256K->840K(15872K), 0.0007595 secs]
25.781: [GC (Allocation Failure)  5256K->840K(15872K), 0.0007518 secs]
25.785: [GC (Allocation Failure)  5256K->840K(15872K), 0.0007897 secs]
25.789: [GC (Allocation Failure)  5256K->840K(15872K), 0.0007545 secs]
25.794: [GC (Allocation Failure)  5256K->840K(15872K), 0.0007842 secs]
25.798: [GC (Allocation Failure)  5256K->840K(15872K), 0.0007848 secs]
25.802: [GC (Allocation Failure)  5256K->840K(15872K), 0.0007815 secs]
25.806: [GC (Allocation Failure)  5256K->840K(15872K), 0.0007749 secs]
25.810: [GC (Allocation Failure)  5256K->840K(15872K), 0.0007837 secs]
25.815: [GC (Allocation Failure)  5256K->840K(15872K), 0.0007881 secs]
25.820: [GC (Allocation Failure)  5256K->840K(15872K), 0.0009635 secs]
25.826: [GC (Allocation Failure)  5256K->840K(15872K), 0.0007793 secs]
25.830: [GC (Allocation Failure)  5256K->840K(15872K), 0.0007859 secs]
25.834: [GC (Allocation Failure)  5256K->840K(15872K), 0.0007760 secs]
25.838: [GC (Allocation Failure)  5256K->840K(15872K), 0.0007545 secs]
25.842: [GC (Allocation Failure)  5256K->840K(15872K), 0.0007617 secs]
25.846: [GC (Allocation Failure)  5256K->840K(15872K), 0.0007573 secs]
25.850: [GC (Allocation Failure)  5256K->840K(15872K), 0.0007551 secs]
25.854: [GC (Allocation Failure)  5256K->840K(15872K), 0.0007875 secs]
25.858: [GC (Allocation Failure)  5256K->840K(15872K), 0.0007518 secs]
25.863: [GC (Allocation Failure)  5256K->840K(15872K), 0.0007727 secs]
25.867: [GC (Allocation Failure)  5256K->840K(15872K), 0.0007721 secs]
25.871: [GC (Allocation Failure)  5256K->840K(15872K), 0.0007694 secs]
25.875: [GC (Allocation Failure)  5256K->840K(15872K), 0.0007633 secs]
25.879: [GC (Allocation Failure)  5256K->840K(15872K), 0.0007551 secs]
25.883: [GC (Allocation Failure)  5256K->840K(15872K), 0.0009745 secs]
25.888: [GC (Allocation Failure)  5256K->840K(15872K), 0.0009355 secs]
25.893: [GC (Allocation Failure)  5256K->840K(15872K), 0.0008832 secs]
25.897: [GC (Allocation Failure)  5256K->840K(15872K), 0.0007556 secs]
25.902: [GC (Allocation Failure)  5256K->840K(15872K), 0.0007644 secs]
25.906: [GC (Allocation Failure)  5256K->840K(15872K), 0.0007606 secs]
25.910: [GC (Allocation Failure)  5256K->840K(15872K), 0.0007661 secs]
25.914: [GC (Allocation Failure)  5256K->840K(15872K), 0.0007853 secs]
25.918: [GC (Allocation Failure)  5256K->840K(15872K), 0.0008871 secs]
25.922: [GC (Allocation Failure)  5256K->840K(15872K), 0.0009195 secs]
25.926: [GC (Allocation Failure)  5256K->840K(15872K), 0.0007705 secs]
25.930: [GC (Allocation Failure)  5256K->840K(15872K), 0.0007529 secs]
25.934: [GC (Allocation Failure)  5256K->840K(15872K), 0.0007573 secs]
25.938: [GC (Allocation Failure)  5256K->840K(15872K), 0.0007496 secs]
25.942: [GC (Allocation Failure)  5256K->840K(15872K), 0.0007540 secs]
25.946: [GC (Allocation Failure)  5256K->840K(15872K), 0.0007600 secs]
25.950: [GC (Allocation Failure)  5256K->840K(15872K), 0.0007584 secs]
25.954: [GC (Allocation Failure)  5256K->840K(15872K), 0.0007534 secs]
25.959: [GC (Allocation Failure)  5256K->840K(15872K), 0.0008046 secs]
25.963: [GC (Allocation Failure)  5256K->840K(15872K), 0.0007584 secs]
25.967: [GC (Allocation Failure)  5256K->840K(15872K), 0.0007892 secs]
25.971: [GC (Allocation Failure)  5256K->840K(15872K), 0.0007567 secs]
25.975: [GC (Allocation Failure)  5256K->840K(15872K), 0.0007617 secs]
25.979: [GC (Allocation Failure)  5256K->840K(15872K), 0.0007595 secs]
25.983: [GC (Allocation Failure)  5256K->840K(15872K), 0.0007611 secs]
25.987: [GC (Allocation Failure)  5256K->840K(15872K), 0.0007584 secs]
25.991: [GC (Allocation Failure)  5256K->840K(15872K), 0.0007584 secs]
25.995: [GC (Allocation Failure)  5256K->840K(15872K), 0.0007881 secs]
25.999: [GC (Allocation Failure)  5256K->840K(15872K), 0.0007683 secs]
26.003: [GC (Allocation Failure)  5256K->840K(15872K), 0.0007529 secs]
26.007: [GC (Allocation Failure)  5256K->840K(15872K), 0.0007567 secs]
26.011: [GC (Allocation Failure)  5256K->840K(15872K), 0.0007562 secs]
26.015: [GC (Allocation Failure)  5256K->840K(15872K), 0.0007512 secs]
26.019: [GC (Allocation Failure)  5256K->840K(15872K), 0.0007578 secs]
26.023: [GC (Allocation Failure)  5256K->840K(15872K), 0.0007435 secs]
26.028: [GC (Allocation Failure)  5256K->840K(15872K), 0.0008326 secs]
26.032: [GC (Allocation Failure)  5256K->840K(15872K), 0.0007573 secs]
26.036: [GC (Allocation Failure)  5256K->840K(15872K), 0.0007842 secs]
26.040: [GC (Allocation Failure)  5256K->840K(15872K), 0.0007727 secs]
26.044: [GC (Allocation Failure)  5256K->840K(15872K), 0.0007793 secs]
26.049: [GC (Allocation Failure)  5256K->840K(15872K), 0.0008766 secs]
26.053: [GC (Allocation Failure)  5256K->840K(15872K), 0.0007529 secs]
26.057: [GC (Allocation Failure)  5256K->840K(15872K), 0.0007595 secs]
26.062: [GC (Allocation Failure)  5256K->840K(15872K), 0.0007661 secs]
26.066: [GC (Allocation Failure)  5256K->840K(15872K), 0.0007639 secs]
26.070: [GC (Allocation Failure)  5256K->840K(15872K), 0.0007749 secs]
26.074: [GC (Allocation Failure)  5256K->840K(15872K), 0.0008288 secs]
26.078: [GC (Allocation Failure)  5256K->840K(15872K), 0.0007666 secs]
26.082: [GC (Allocation Failure)  5256K->840K(15872K), 0.0007710 secs]
26.086: [GC (Allocation Failure)  5256K->840K(15872K), 0.0008365 secs]
26.090: [GC (Allocation Failure)  5256K->840K(15872K), 0.0007699 secs]
26.094: [GC (Allocation Failure)  5256K->840K(15872K), 0.0008035 secs]
26.098: [GC (Allocation Failure)  5256K->840K(15872K), 0.0007952 secs]
26.102: [GC (Allocation Failure)  5256K->840K(15872K), 0.0007644 secs]
26.106: [GC (Allocation Failure)  5256K->840K(15872K), 0.0007562 secs]
26.110: [GC (Allocation Failure)  5256K->840K(15872K), 0.0007551 secs]
26.114: [GC (Allocation Failure)  5256K->840K(15872K), 0.0007908 secs]
26.118: [GC (Allocation Failure)  5256K->840K(15872K), 0.0007551 secs]
26.123: [GC (Allocation Failure)  5256K->840K(15872K), 0.0007666 secs]
26.127: [GC (Allocation Failure)  5256K->840K(15872K), 0.0007617 secs]
26.131: [GC (Allocation Failure)  5256K->840K(15872K), 0.0007578 secs]
26.135: [GC (Allocation Failure)  5256K->840K(15872K), 0.0007595 secs]
26.139: [GC (Allocation Failure)  5256K->840K(15872K), 0.0007617 secs]
26.143: [GC (Allocation Failure)  5256K->840K(15872K), 0.0007655 secs]
26.147: [GC (Allocation Failure)  5256K->840K(15872K), 0.0007611 secs]
26.151: [GC (Allocation Failure)  5256K->840K(15872K), 0.0007644 secs]
26.155: [GC (Allocation Failure)  5256K->840K(15872K), 0.0007567 secs]
26.159: [GC (Allocation Failure)  5256K->840K(15872K), 0.0007633 secs]
26.163: [GC (Allocation Failure)  5256K->840K(15872K), 0.0007573 secs]
26.167: [GC (Allocation Failure)  5256K->840K(15872K), 0.0007639 secs]
26.171: [GC (Allocation Failure)  5256K->840K(15872K), 0.0007584 secs]
26.175: [GC (Allocation Failure)  5256K->840K(15872K), 0.0007622 secs]
26.179: [GC (Allocation Failure)  5256K->840K(15872K), 0.0007666 secs]
26.183: [GC (Allocation Failure)  5256K->840K(15872K), 0.0007743 secs]
26.187: [GC (Allocation Failure)  5256K->840K(15872K), 0.0007611 secs]
26.191: [GC (Allocation Failure)  5256K->840K(15872K), 0.0007562 secs]
26.195: [GC (Allocation Failure)  5256K->840K(15872K), 0.0007705 secs]
26.199: [GC (Allocation Failure)  5256K->840K(15872K), 0.0007749 secs]
26.203: [GC (Allocation Failure)  5256K->840K(15872K), 0.0007727 secs]
26.207: [GC (Allocation Failure)  5256K->840K(15872K), 0.0007545 secs]
26.211: [GC (Allocation Failure)  5256K->840K(15872K), 0.0007507 secs]
26.215: [GC (Allocation Failure)  5256K->840K(15872K), 0.0007501 secs]
26.220: [GC (Allocation Failure)  5256K->840K(15872K), 0.0014469 secs]
26.227: [GC (Allocation Failure)  5256K->840K(15872K), 0.0007496 secs]
26.231: [GC (Allocation Failure)  5256K->840K(15872K), 0.0007523 secs]
26.235: [GC (Allocation Failure)  5256K->840K(15872K), 0.0007529 secs]
26.240: [GC (Allocation Failure)  5256K->840K(15872K), 0.0009514 secs]
26.244: [GC (Allocation Failure)  5256K->840K(15872K), 0.0007622 secs]
26.248: [GC (Allocation Failure)  5256K->840K(15872K), 0.0007650 secs]
26.252: [GC (Allocation Failure)  5256K->840K(15872K), 0.0007595 secs]
26.256: [GC (Allocation Failure)  5256K->840K(15872K), 0.0007562 secs]
26.260: [GC (Allocation Failure)  5256K->840K(15872K), 0.0007551 secs]
26.264: [GC (Allocation Failure)  5256K->840K(15872K), 0.0007617 secs]
26.268: [GC (Allocation Failure)  5256K->840K(15872K), 0.0007584 secs]
26.272: [GC (Allocation Failure)  5256K->840K(15872K), 0.0007666 secs]
26.276: [GC (Allocation Failure)  5256K->840K(15872K), 0.0007826 secs]
26.280: [GC (Allocation Failure)  5256K->840K(15872K), 0.0007551 secs]
26.284: [GC (Allocation Failure)  5256K->840K(15872K), 0.0007804 secs]
26.288: [GC (Allocation Failure)  5256K->840K(15872K), 0.0007710 secs]
26.292: [GC (Allocation Failure)  5256K->840K(15872K), 0.0010466 secs]
26.298: [GC (Allocation Failure)  5256K->840K(15872K), 0.0009795 secs]
26.304: [GC (Allocation Failure)  5256K->840K(15872K), 0.0007644 secs]
26.308: [GC (Allocation Failure)  5256K->840K(15872K), 0.0007562 secs]
26.312: [GC (Allocation Failure)  5256K->840K(15872K), 0.0007650 secs]
26.316: [GC (Allocation Failure)  5256K->840K(15872K), 0.0007655 secs]
26.320: [GC (Allocation Failure)  5256K->840K(15872K), 0.0007622 secs]
26.324: [GC (Allocation Failure)  5256K->840K(15872K), 0.0007633 secs]
26.328: [GC (Allocation Failure)  5256K->840K(15872K), 0.0007622 secs]
26.332: [GC (Allocation Failure)  5256K->840K(15872K), 0.0007688 secs]
26.336: [GC (Allocation Failure)  5256K->840K(15872K), 0.0007650 secs]
26.340: [GC (Allocation Failure)  5256K->840K(15872K), 0.0007611 secs]
26.344: [GC (Allocation Failure)  5256K->840K(15872K), 0.0007848 secs]
26.348: [GC (Allocation Failure)  5256K->840K(15872K), 0.0007628 secs]
26.352: [GC (Allocation Failure)  5256K->840K(15872K), 0.0007661 secs]
26.356: [GC (Allocation Failure)  5256K->840K(15872K), 0.0007633 secs]
26.360: [GC (Allocation Failure)  5256K->840K(15872K), 0.0007551 secs]
26.364: [GC (Allocation Failure)  5256K->840K(15872K), 0.0007716 secs]
26.368: [GC (Allocation Failure)  5256K->840K(15872K), 0.0007584 secs]
26.372: [GC (Allocation Failure)  5256K->840K(15872K), 0.0007793 secs]
26.376: [GC (Allocation Failure)  5256K->840K(15872K), 0.0007595 secs]
26.380: [GC (Allocation Failure)  5256K->840K(15872K), 0.0007551 secs]
26.384: [GC (Allocation Failure)  5256K->840K(15872K), 0.0007501 secs]
26.388: [GC (Allocation Failure)  5256K->840K(15872K), 0.0007490 secs]
26.393: [GC (Allocation Failure)  5256K->840K(15872K), 0.0007606 secs]
26.397: [GC (Allocation Failure)  5256K->840K(15872K), 0.0007831 secs]
26.401: [GC (Allocation Failure)  5256K->840K(15872K), 0.0007677 secs]
26.405: [GC (Allocation Failure)  5256K->840K(15872K), 0.0007518 secs]
26.409: [GC (Allocation Failure)  5256K->840K(15872K), 0.0007507 secs]
26.413: [GC (Allocation Failure)  5256K->840K(15872K), 0.0007518 secs]
26.417: [GC (Allocation Failure)  5256K->840K(15872K), 0.0007573 secs]
26.421: [GC (Allocation Failure)  5256K->840K(15872K), 0.0007556 secs]
26.425: [GC (Allocation Failure)  5256K->840K(15872K), 0.0007534 secs]
26.430: [GC (Allocation Failure)  5256K->840K(15872K), 0.0007595 secs]
26.434: [GC (Allocation Failure)  5256K->840K(15872K), 0.0009250 secs]
26.438: [GC (Allocation Failure)  5256K->840K(15872K), 0.0007617 secs]
26.442: [GC (Allocation Failure)  5256K->840K(15872K), 0.0007573 secs]
26.446: [GC (Allocation Failure)  5256K->840K(15872K), 0.0007562 secs]
26.450: [GC (Allocation Failure)  5256K->840K(15872K), 0.0007578 secs]
26.454: [GC (Allocation Failure)  5256K->840K(15872K), 0.0007771 secs]
26.458: [GC (Allocation Failure)  5256K->840K(15872K), 0.0007556 secs]
26.462: [GC (Allocation Failure)  5256K->840K(15872K), 0.0007969 secs]
26.466: [GC (Allocation Failure)  5256K->840K(15872K), 0.0007732 secs]
26.470: [GC (Allocation Failure)  5256K->840K(15872K), 0.0007611 secs]
26.474: [GC (Allocation Failure)  5256K->840K(15872K), 0.0007732 secs]
26.478: [GC (Allocation Failure)  5256K->840K(15872K), 0.0007622 secs]
26.482: [GC (Allocation Failure)  5256K->840K(15872K), 0.0007622 secs]
26.486: [GC (Allocation Failure)  5256K->840K(15872K), 0.0007628 secs]
26.490: [GC (Allocation Failure)  5256K->840K(15872K), 0.0007639 secs]
26.494: [GC (Allocation Failure)  5256K->840K(15872K), 0.0007727 secs]
26.498: [GC (Allocation Failure)  5256K->840K(15872K), 0.0007562 secs]
26.502: [GC (Allocation Failure)  5256K->840K(15872K), 0.0007573 secs]
26.506: [GC (Allocation Failure)  5256K->840K(15872K), 0.0007540 secs]
26.510: [GC (Allocation Failure)  5256K->840K(15872K), 0.0007501 secs]
26.514: [GC (Allocation Failure)  5256K->840K(15872K), 0.0007545 secs]
26.518: [GC (Allocation Failure)  5256K->840K(15872K), 0.0007754 secs]
26.522: [GC (Allocation Failure)  5256K->840K(15872K), 0.0008090 secs]
26.526: [GC (Allocation Failure)  5256K->840K(15872K), 0.0007611 secs]
26.530: [GC (Allocation Failure)  5256K->840K(15872K), 0.0007507 secs]
26.534: [GC (Allocation Failure)  5256K->840K(15872K), 0.0007562 secs]
26.539: [GC (Allocation Failure)  5256K->840K(15872K), 0.0007815 secs]
26.543: [GC (Allocation Failure)  5256K->840K(15872K), 0.0007661 secs]
26.547: [GC (Allocation Failure)  5256K->840K(15872K), 0.0007600 secs]
26.551: [GC (Allocation Failure)  5256K->840K(15872K), 0.0007661 secs]
26.555: [GC (Allocation Failure)  5256K->840K(15872K), 0.0007754 secs]
26.559: [GC (Allocation Failure)  5256K->840K(15872K), 0.0007776 secs]
26.563: [GC (Allocation Failure)  5256K->840K(15872K), 0.0007628 secs]
26.567: [GC (Allocation Failure)  5256K->840K(15872K), 0.0007639 secs]
26.571: [GC (Allocation Failure)  5256K->840K(15872K), 0.0007606 secs]
26.575: [GC (Allocation Failure)  5256K->840K(15872K), 0.0007738 secs]
26.579: [GC (Allocation Failure)  5256K->840K(15872K), 0.0007688 secs]
26.583: [GC (Allocation Failure)  5256K->840K(15872K), 0.0007688 secs]
26.587: [GC (Allocation Failure)  5256K->840K(15872K), 0.0007545 secs]
26.591: [GC (Allocation Failure)  5256K->840K(15872K), 0.0007474 secs]
26.595: [GC (Allocation Failure)  5256K->840K(15872K), 0.0007540 secs]
26.600: [GC (Allocation Failure)  5256K->840K(15872K), 0.0007573 secs]
26.604: [GC (Allocation Failure)  5256K->840K(15872K), 0.0007617 secs]
26.608: [GC (Allocation Failure)  5256K->840K(15872K), 0.0007644 secs]
26.612: [GC (Allocation Failure)  5256K->840K(15872K), 0.0007606 secs]
26.616: [GC (Allocation Failure)  5256K->840K(15872K), 0.0007875 secs]
26.620: [GC (Allocation Failure)  5256K->840K(15872K), 0.0007628 secs]
26.624: [GC (Allocation Failure)  5256K->840K(15872K), 0.0007540 secs]
26.628: [GC (Allocation Failure)  5256K->840K(15872K), 0.0007474 secs]
26.632: [GC (Allocation Failure)  5256K->840K(15872K), 0.0007496 secs]
26.636: [GC (Allocation Failure)  5256K->840K(15872K), 0.0007485 secs]
26.640: [GC (Allocation Failure)  5256K->840K(15872K), 0.0007958 secs]
26.644: [GC (Allocation Failure)  5256K->840K(15872K), 0.0007661 secs]
26.648: [GC (Allocation Failure)  5256K->840K(15872K), 0.0007666 secs]
26.652: [GC (Allocation Failure)  5256K->840K(15872K), 0.0007540 secs]
26.656: [GC (Allocation Failure)  5256K->840K(15872K), 0.0007584 secs]
26.660: [GC (Allocation Failure)  5256K->840K(15872K), 0.0007457 secs]
26.664: [GC (Allocation Failure)  5256K->840K(15872K), 0.0007842 secs]
26.668: [GC (Allocation Failure)  5256K->840K(15872K), 0.0007556 secs]
26.672: [GC (Allocation Failure)  5256K->840K(15872K), 0.0007529 secs]
26.676: [GC (Allocation Failure)  5256K->840K(15872K), 0.0007540 secs]
26.681: [GC (Allocation Failure)  5256K->840K(15872K), 0.0007595 secs]
26.685: [GC (Allocation Failure)  5256K->840K(15872K), 0.0007661 secs]
26.689: [GC (Allocation Failure)  5256K->840K(15872K), 0.0007617 secs]
26.693: [GC (Allocation Failure)  5256K->840K(15872K), 0.0007611 secs]
26.697: [GC (Allocation Failure)  5256K->840K(15872K), 0.0007644 secs]
26.701: [GC (Allocation Failure)  5256K->840K(15872K), 0.0007573 secs]
26.705: [GC (Allocation Failure)  5256K->840K(15872K), 0.0007655 secs]
26.709: [GC (Allocation Failure)  5256K->840K(15872K), 0.0008057 secs]
26.713: [GC (Allocation Failure)  5256K->840K(15872K), 0.0007639 secs]
26.717: [GC (Allocation Failure)  5256K->840K(15872K), 0.0007914 secs]
26.721: [GC (Allocation Failure)  5256K->840K(15872K), 0.0007606 secs]
26.725: [GC (Allocation Failure)  5256K->840K(15872K), 0.0007584 secs]
26.729: [GC (Allocation Failure)  5256K->840K(15872K), 0.0007606 secs]
26.733: [GC (Allocation Failure)  5256K->840K(15872K), 0.0007606 secs]
26.737: [GC (Allocation Failure)  5256K->840K(15872K), 0.0007545 secs]
26.741: [GC (Allocation Failure)  5256K->840K(15872K), 0.0009129 secs]
26.746: [GC (Allocation Failure)  5256K->840K(15872K), 0.0007655 secs]
26.750: [GC (Allocation Failure)  5256K->840K(15872K), 0.0007617 secs]
26.754: [GC (Allocation Failure)  5256K->840K(15872K), 0.0007584 secs]
26.758: [GC (Allocation Failure)  5256K->840K(15872K), 0.0007584 secs]
26.762: [GC (Allocation Failure)  5256K->840K(15872K), 0.0007573 secs]
26.766: [GC (Allocation Failure)  5256K->840K(15872K), 0.0007523 secs]
26.770: [GC (Allocation Failure)  5256K->840K(15872K), 0.0007600 secs]
26.774: [GC (Allocation Failure)  5256K->840K(15872K), 0.0007589 secs]
26.778: [GC (Allocation Failure)  5256K->840K(15872K), 0.0007523 secs]
26.782: [GC (Allocation Failure)  5256K->840K(15872K), 0.0007551 secs]
26.786: [GC (Allocation Failure)  5256K->840K(15872K), 0.0007578 secs]
26.790: [GC (Allocation Failure)  5256K->840K(15872K), 0.0007776 secs]
26.794: [GC (Allocation Failure)  5256K->840K(15872K), 0.0007661 secs]
26.798: [GC (Allocation Failure)  5256K->840K(15872K), 0.0007573 secs]
26.802: [GC (Allocation Failure)  5256K->840K(15872K), 0.0007556 secs]
26.806: [GC (Allocation Failure)  5256K->840K(15872K), 0.0007534 secs]
26.810: [GC (Allocation Failure)  5256K->840K(15872K), 0.0007628 secs]
26.814: [GC (Allocation Failure)  5256K->840K(15872K), 0.0007545 secs]
26.819: [GC (Allocation Failure)  5256K->840K(15872K), 0.0007551 secs]
26.823: [GC (Allocation Failure)  5256K->840K(15872K), 0.0007721 secs]
26.827: [GC (Allocation Failure)  5256K->840K(15872K), 0.0007672 secs]
26.831: [GC (Allocation Failure)  5256K->840K(15872K), 0.0007683 secs]
26.835: [GC (Allocation Failure)  5256K->840K(15872K), 0.0007661 secs]
26.839: [GC (Allocation Failure)  5256K->840K(15872K), 0.0007677 secs]
26.843: [GC (Allocation Failure)  5256K->840K(15872K), 0.0009223 secs]
26.847: [GC (Allocation Failure)  5256K->840K(15872K), 0.0007573 secs]
26.851: [GC (Allocation Failure)  5256K->840K(15872K), 0.0007650 secs]
26.855: [GC (Allocation Failure)  5256K->840K(15872K), 0.0007617 secs]
26.859: [GC (Allocation Failure)  5256K->840K(15872K), 0.0007578 secs]
26.863: [GC (Allocation Failure)  5256K->840K(15872K), 0.0008447 secs]
26.867: [GC (Allocation Failure)  5256K->840K(15872K), 0.0007496 secs]
26.872: [GC (Allocation Failure)  5256K->840K(15872K), 0.0007617 secs]
26.876: [GC (Allocation Failure)  5256K->840K(15872K), 0.0007639 secs]
26.880: [GC (Allocation Failure)  5256K->840K(15872K), 0.0007650 secs]
26.884: [GC (Allocation Failure)  5256K->840K(15872K), 0.0007694 secs]
26.888: [GC (Allocation Failure)  5256K->840K(15872K), 0.0007573 secs]
26.892: [GC (Allocation Failure)  5256K->840K(15872K), 0.0007573 secs]
26.896: [GC (Allocation Failure)  5256K->840K(15872K), 0.0007589 secs]
26.900: [GC (Allocation Failure)  5256K->840K(15872K), 0.0007732 secs]
26.904: [GC (Allocation Failure)  5256K->840K(15872K), 0.0007754 secs]
26.908: [GC (Allocation Failure)  5256K->840K(15872K), 0.0007556 secs]
26.912: [GC (Allocation Failure)  5256K->840K(15872K), 0.0007529 secs]
26.916: [GC (Allocation Failure)  5256K->840K(15872K), 0.0007732 secs]
26.920: [GC (Allocation Failure)  5256K->840K(15872K), 0.0007672 secs]
26.924: [GC (Allocation Failure)  5256K->840K(15872K), 0.0007782 secs]
26.928: [GC (Allocation Failure)  5256K->840K(15872K), 0.0007606 secs]
26.932: [GC (Allocation Failure)  5256K->840K(15872K), 0.0007584 secs]
26.936: [GC (Allocation Failure)  5256K->840K(15872K), 0.0007496 secs]
26.940: [GC (Allocation Failure)  5256K->840K(15872K), 0.0007551 secs]
26.944: [GC (Allocation Failure)  5256K->840K(15872K), 0.0007567 secs]
26.948: [GC (Allocation Failure)  5256K->840K(15872K), 0.0007567 secs]
26.952: [GC (Allocation Failure)  5256K->840K(15872K), 0.0007474 secs]
26.957: [GC (Allocation Failure)  5256K->840K(15872K), 0.0008084 secs]
26.961: [GC (Allocation Failure)  5256K->840K(15872K), 0.0007710 secs]
26.965: [GC (Allocation Failure)  5256K->840K(15872K), 0.0007650 secs]
26.969: [GC (Allocation Failure)  5256K->840K(15872K), 0.0007727 secs]
26.973: [GC (Allocation Failure)  5256K->840K(15872K), 0.0007589 secs]
26.977: [GC (Allocation Failure)  5256K->840K(15872K), 0.0007617 secs]
26.982: [GC (Allocation Failure)  5256K->840K(15872K), 0.0007600 secs]
26.986: [GC (Allocation Failure)  5256K->840K(15872K), 0.0007584 secs]
26.990: [GC (Allocation Failure)  5256K->840K(15872K), 0.0007600 secs]
26.994: [GC (Allocation Failure)  5256K->840K(15872K), 0.0008948 secs]
26.999: [GC (Allocation Failure)  5256K->840K(15872K), 0.0007732 secs]
27.003: [GC (Allocation Failure)  5256K->840K(15872K), 0.0007672 secs]
27.007: [GC (Allocation Failure)  5256K->840K(15872K), 0.0007633 secs]
27.011: [GC (Allocation Failure)  5256K->840K(15872K), 0.0007644 secs]
27.015: [GC (Allocation Failure)  5256K->840K(15872K), 0.0007562 secs]
27.019: [GC (Allocation Failure)  5256K->840K(15872K), 0.0007540 secs]
27.023: [GC (Allocation Failure)  5256K->840K(15872K), 0.0007584 secs]
27.027: [GC (Allocation Failure)  5256K->840K(15872K), 0.0007562 secs]
27.031: [GC (Allocation Failure)  5256K->840K(15872K), 0.0007457 secs]
27.035: [GC (Allocation Failure)  5256K->840K(15872K), 0.0007512 secs]
27.040: [GC (Allocation Failure)  5256K->840K(15872K), 0.0007490 secs]
27.044: [GC (Allocation Failure)  5256K->840K(15872K), 0.0007628 secs]
27.048: [GC (Allocation Failure)  5256K->840K(15872K), 0.0007628 secs]
27.052: [GC (Allocation Failure)  5256K->840K(15872K), 0.0007694 secs]
27.056: [GC (Allocation Failure)  5256K->840K(15872K), 0.0007644 secs]
27.060: [GC (Allocation Failure)  5256K->840K(15872K), 0.0007694 secs]
27.064: [GC (Allocation Failure)  5256K->840K(15872K), 0.0007611 secs]
27.068: [GC (Allocation Failure)  5256K->840K(15872K), 0.0007683 secs]
27.072: [GC (Allocation Failure)  5256K->840K(15872K), 0.0007606 secs]
27.076: [GC (Allocation Failure)  5256K->840K(15872K), 0.0007705 secs]
27.080: [GC (Allocation Failure)  5256K->840K(15872K), 0.0007578 secs]
27.085: [GC (Allocation Failure)  5256K->840K(15872K), 0.0007732 secs]
27.089: [GC (Allocation Failure)  5256K->840K(15872K), 0.0007732 secs]
27.093: [GC (Allocation Failure)  5256K->840K(15872K), 0.0007595 secs]
27.097: [GC (Allocation Failure)  5256K->840K(15872K), 0.0007589 secs]
27.101: [GC (Allocation Failure)  5256K->840K(15872K), 0.0007606 secs]
27.105: [GC (Allocation Failure)  5256K->840K(15872K), 0.0007595 secs]
27.109: [GC (Allocation Failure)  5256K->840K(15872K), 0.0007661 secs]
27.113: [GC (Allocation Failure)  5256K->840K(15872K), 0.0007589 secs]
27.117: [GC (Allocation Failure)  5256K->840K(15872K), 0.0007600 secs]
27.121: [GC (Allocation Failure)  5256K->840K(15872K), 0.0007633 secs]
27.125: [GC (Allocation Failure)  5256K->840K(15872K), 0.0007732 secs]
27.129: [GC (Allocation Failure)  5256K->840K(15872K), 0.0007727 secs]
27.133: [GC (Allocation Failure)  5256K->840K(15872K), 0.0007644 secs]
27.137: [GC (Allocation Failure)  5256K->840K(15872K), 0.0007562 secs]
27.141: [GC (Allocation Failure)  5256K->840K(15872K), 0.0007600 secs]
27.145: [GC (Allocation Failure)  5256K->840K(15872K), 0.0007732 secs]
27.149: [GC (Allocation Failure)  5256K->840K(15872K), 0.0007804 secs]
27.153: [GC (Allocation Failure)  5256K->840K(15872K), 0.0007584 secs]
27.157: [GC (Allocation Failure)  5256K->840K(15872K), 0.0007545 secs]
27.161: [GC (Allocation Failure)  5256K->840K(15872K), 0.0007677 secs]
27.166: [GC (Allocation Failure)  5256K->840K(15872K), 0.0007628 secs]
27.170: [GC (Allocation Failure)  5256K->840K(15872K), 0.0007600 secs]
27.174: [GC (Allocation Failure)  5256K->840K(15872K), 0.0007496 secs]
27.178: [GC (Allocation Failure)  5256K->840K(15872K), 0.0008332 secs]
27.182: [GC (Allocation Failure)  5256K->840K(15872K), 0.0007710 secs]
27.186: [GC (Allocation Failure)  5256K->840K(15872K), 0.0007743 secs]
27.190: [GC (Allocation Failure)  5256K->840K(15872K), 0.0007661 secs]
27.194: [GC (Allocation Failure)  5256K->840K(15872K), 0.0007655 secs]
27.198: [GC (Allocation Failure)  5256K->840K(15872K), 0.0007584 secs]
27.202: [GC (Allocation Failure)  5256K->840K(15872K), 0.0007600 secs]
27.206: [GC (Allocation Failure)  5256K->840K(15872K), 0.0007628 secs]
27.210: [GC (Allocation Failure)  5256K->840K(15872K), 0.0007529 secs]
27.215: [GC (Allocation Failure)  5256K->840K(15872K), 0.0007529 secs]
27.219: [GC (Allocation Failure)  5256K->840K(15872K), 0.0007562 secs]
27.223: [GC (Allocation Failure)  5256K->840K(15872K), 0.0007617 secs]
27.227: [GC (Allocation Failure)  5256K->840K(15872K), 0.0007622 secs]
27.231: [GC (Allocation Failure)  5256K->840K(15872K), 0.0007617 secs]
27.235: [GC (Allocation Failure)  5256K->840K(15872K), 0.0007611 secs]
27.239: [GC (Allocation Failure)  5256K->840K(15872K), 0.0007661 secs]
27.243: [GC (Allocation Failure)  5256K->840K(15872K), 0.0007551 secs]
27.247: [GC (Allocation Failure)  5256K->840K(15872K), 0.0007496 secs]
27.251: [GC (Allocation Failure)  5256K->840K(15872K), 0.0007611 secs]
27.255: [GC (Allocation Failure)  5256K->840K(15872K), 0.0007551 secs]
27.259: [GC (Allocation Failure)  5256K->840K(15872K), 0.0007639 secs]
27.263: [GC (Allocation Failure)  5256K->840K(15872K), 0.0007606 secs]
27.267: [GC (Allocation Failure)  5256K->840K(15872K), 0.0007661 secs]
27.271: [GC (Allocation Failure)  5256K->840K(15872K), 0.0007622 secs]
27.275: [GC (Allocation Failure)  5256K->840K(15872K), 0.0007573 secs]
27.279: [GC (Allocation Failure)  5256K->840K(15872K), 0.0007534 secs]
27.283: [GC (Allocation Failure)  5256K->840K(15872K), 0.0007512 secs]
27.287: [GC (Allocation Failure)  5256K->840K(15872K), 0.0007452 secs]
27.292: [GC (Allocation Failure)  5256K->840K(15872K), 0.0007628 secs]
27.296: [GC (Allocation Failure)  5256K->840K(15872K), 0.0007617 secs]
27.300: [GC (Allocation Failure)  5256K->840K(15872K), 0.0007639 secs]
27.304: [GC (Allocation Failure)  5256K->840K(15872K), 0.0007628 secs]
27.308: [GC (Allocation Failure)  5256K->840K(15872K), 0.0007628 secs]
27.312: [GC (Allocation Failure)  5256K->840K(15872K), 0.0007798 secs]
27.316: [GC (Allocation Failure)  5256K->840K(15872K), 0.0007562 secs]
27.320: [GC (Allocation Failure)  5256K->840K(15872K), 0.0007606 secs]
27.324: [GC (Allocation Failure)  5256K->840K(15872K), 0.0007749 secs]
27.328: [GC (Allocation Failure)  5256K->840K(15872K), 0.0007606 secs]
27.332: [GC (Allocation Failure)  5256K->840K(15872K), 0.0007545 secs]
27.336: [GC (Allocation Failure)  5256K->840K(15872K), 0.0007551 secs]
27.340: [GC (Allocation Failure)  5256K->840K(15872K), 0.0007540 secs]
27.344: [GC (Allocation Failure)  5256K->840K(15872K), 0.0007622 secs]
27.349: [GC (Allocation Failure)  5256K->840K(15872K), 0.0007468 secs]
27.353: [GC (Allocation Failure)  5256K->840K(15872K), 0.0007600 secs]
27.357: [GC (Allocation Failure)  5256K->840K(15872K), 0.0007677 secs]
27.361: [GC (Allocation Failure)  5256K->840K(15872K), 0.0007606 secs]
27.365: [GC (Allocation Failure)  5256K->840K(15872K), 0.0007694 secs]
27.369: [GC (Allocation Failure)  5256K->840K(15872K), 0.0007578 secs]
27.373: [GC (Allocation Failure)  5256K->840K(15872K), 0.0007512 secs]
27.377: [GC (Allocation Failure)  5256K->840K(15872K), 0.0007578 secs]
27.381: [GC (Allocation Failure)  5256K->840K(15872K), 0.0007589 secs]
27.385: [GC (Allocation Failure)  5256K->840K(15872K), 0.0007523 secs]
27.389: [GC (Allocation Failure)  5256K->840K(15872K), 0.0007589 secs]
27.393: [GC (Allocation Failure)  5256K->840K(15872K), 0.0007622 secs]
27.397: [GC (Allocation Failure)  5256K->840K(15872K), 0.0007820 secs]
27.401: [GC (Allocation Failure)  5256K->840K(15872K), 0.0007727 secs]
27.405: [GC (Allocation Failure)  5256K->840K(15872K), 0.0007562 secs]
27.409: [GC (Allocation Failure)  5256K->840K(15872K), 0.0007479 secs]
27.413: [GC (Allocation Failure)  5256K->840K(15872K), 0.0007584 secs]
27.417: [GC (Allocation Failure)  5256K->840K(15872K), 0.0007721 secs]
27.421: [GC (Allocation Failure)  5256K->840K(15872K), 0.0007507 secs]
27.426: [GC (Allocation Failure)  5256K->840K(15872K), 0.0007611 secs]
27.430: [GC (Allocation Failure)  5256K->840K(15872K), 0.0007595 secs]
27.434: [GC (Allocation Failure)  5256K->840K(15872K), 0.0007633 secs]
27.438: [GC (Allocation Failure)  5256K->840K(15872K), 0.0007512 secs]
27.442: [GC (Allocation Failure)  5256K->840K(15872K), 0.0007655 secs]
27.446: [GC (Allocation Failure)  5256K->840K(15872K), 0.0007683 secs]
27.450: [GC (Allocation Failure)  5256K->840K(15872K), 0.0007661 secs]
27.454: [GC (Allocation Failure)  5256K->840K(15872K), 0.0007864 secs]
27.458: [GC (Allocation Failure)  5256K->840K(15872K), 0.0007738 secs]
27.462: [GC (Allocation Failure)  5256K->840K(15872K), 0.0007672 secs]
27.466: [GC (Allocation Failure)  5256K->840K(15872K), 0.0007584 secs]
27.470: [GC (Allocation Failure)  5256K->840K(15872K), 0.0007573 secs]
27.474: [GC (Allocation Failure)  5256K->840K(15872K), 0.0007672 secs]
27.479: [GC (Allocation Failure)  5256K->840K(15872K), 0.0007534 secs]
27.483: [GC (Allocation Failure)  5256K->840K(15872K), 0.0007567 secs]
27.487: [GC (Allocation Failure)  5256K->840K(15872K), 0.0007622 secs]
27.491: [GC (Allocation Failure)  5256K->840K(15872K), 0.0007573 secs]
27.495: [GC (Allocation Failure)  5256K->840K(15872K), 0.0007743 secs]
27.499: [GC (Allocation Failure)  5256K->840K(15872K), 0.0007573 secs]
27.503: [GC (Allocation Failure)  5256K->840K(15872K), 0.0007606 secs]
27.507: [GC (Allocation Failure)  5256K->840K(15872K), 0.0007611 secs]
27.511: [GC (Allocation Failure)  5256K->840K(15872K), 0.0007666 secs]
27.515: [GC (Allocation Failure)  5256K->840K(15872K), 0.0007716 secs]
27.519: [GC (Allocation Failure)  5256K->840K(15872K), 0.0007606 secs]
27.523: [GC (Allocation Failure)  5256K->840K(15872K), 0.0007562 secs]
27.527: [GC (Allocation Failure)  5256K->840K(15872K), 0.0007485 secs]
27.531: [GC (Allocation Failure)  5256K->840K(15872K), 0.0007518 secs]
27.535: [GC (Allocation Failure)  5256K->840K(15872K), 0.0007567 secs]
27.539: [GC (Allocation Failure)  5256K->840K(15872K), 0.0007485 secs]
27.543: [GC (Allocation Failure)  5256K->840K(15872K), 0.0007606 secs]
27.548: [GC (Allocation Failure)  5256K->840K(15872K), 0.0007545 secs]
27.552: [GC (Allocation Failure)  5256K->840K(15872K), 0.0007567 secs]
27.556: [GC (Allocation Failure)  5256K->840K(15872K), 0.0007628 secs]
27.560: [GC (Allocation Failure)  5256K->840K(15872K), 0.0009333 secs]
27.564: [GC (Allocation Failure)  5256K->840K(15872K), 0.0007837 secs]
27.568: [GC (Allocation Failure)  5256K->840K(15872K), 0.0007628 secs]
27.572: [GC (Allocation Failure)  5256K->840K(15872K), 0.0007573 secs]
27.576: [GC (Allocation Failure)  5256K->840K(15872K), 0.0007705 secs]
27.580: [GC (Allocation Failure)  5256K->840K(15872K), 0.0007545 secs]
27.584: [GC (Allocation Failure)  5256K->840K(15872K), 0.0007859 secs]
27.588: [GC (Allocation Failure)  5256K->840K(15872K), 0.0007551 secs]
27.592: [GC (Allocation Failure)  5256K->840K(15872K), 0.0007584 secs]
27.597: [GC (Allocation Failure)  5256K->840K(15872K), 0.0007518 secs]
27.601: [GC (Allocation Failure)  5256K->840K(15872K), 0.0008084 secs]
27.605: [GC (Allocation Failure)  5256K->840K(15872K), 0.0008612 secs]
27.609: [GC (Allocation Failure)  5256K->840K(15872K), 0.0007595 secs]
27.613: [GC (Allocation Failure)  5256K->840K(15872K), 0.0007507 secs]
27.617: [GC (Allocation Failure)  5256K->840K(15872K), 0.0007512 secs]
27.621: [GC (Allocation Failure)  5256K->840K(15872K), 0.0007523 secs]
27.626: [GC (Allocation Failure)  5256K->840K(15872K), 0.0007534 secs]
27.630: [GC (Allocation Failure)  5256K->840K(15872K), 0.0007633 secs]
27.634: [GC (Allocation Failure)  5256K->840K(15872K), 0.0007683 secs]
27.638: [GC (Allocation Failure)  5256K->840K(15872K), 0.0007606 secs]
27.642: [GC (Allocation Failure)  5256K->840K(15872K), 0.0007595 secs]
27.646: [GC (Allocation Failure)  5256K->840K(15872K), 0.0007820 secs]
27.650: [GC (Allocation Failure)  5256K->840K(15872K), 0.0007842 secs]
27.654: [GC (Allocation Failure)  5256K->840K(15872K), 0.0007727 secs]
27.658: [GC (Allocation Failure)  5256K->840K(15872K), 0.0007606 secs]
27.662: [GC (Allocation Failure)  5256K->840K(15872K), 0.0007677 secs]
27.666: [GC (Allocation Failure)  5256K->840K(15872K), 0.0007595 secs]
27.670: [GC (Allocation Failure)  5256K->840K(15872K), 0.0007578 secs]
27.674: [GC (Allocation Failure)  5256K->840K(15872K), 0.0007765 secs]
27.678: [GC (Allocation Failure)  5256K->840K(15872K), 0.0007705 secs]
27.683: [GC (Allocation Failure)  5256K->840K(15872K), 0.0007661 secs]
27.687: [GC (Allocation Failure)  5256K->840K(15872K), 0.0007595 secs]
27.691: [GC (Allocation Failure)  5256K->840K(15872K), 0.0007611 secs]
27.695: [GC (Allocation Failure)  5256K->840K(15872K), 0.0007650 secs]
27.699: [GC (Allocation Failure)  5256K->840K(15872K), 0.0007672 secs]
27.703: [GC (Allocation Failure)  5256K->840K(15872K), 0.0007628 secs]
27.707: [GC (Allocation Failure)  5256K->840K(15872K), 0.0007567 secs]
27.711: [GC (Allocation Failure)  5256K->840K(15872K), 0.0007633 secs]
27.715: [GC (Allocation Failure)  5256K->840K(15872K), 0.0007606 secs]
27.719: [GC (Allocation Failure)  5256K->840K(15872K), 0.0007617 secs]
27.723: [GC (Allocation Failure)  5256K->840K(15872K), 0.0007556 secs]
27.727: [GC (Allocation Failure)  5256K->840K(15872K), 0.0007523 secs]
27.732: [GC (Allocation Failure)  5256K->840K(15872K), 0.0007600 secs]
27.736: [GC (Allocation Failure)  5256K->840K(15872K), 0.0007573 secs]
27.740: [GC (Allocation Failure)  5256K->840K(15872K), 0.0007617 secs]
27.744: [GC (Allocation Failure)  5256K->840K(15872K), 0.0007650 secs]
27.748: [GC (Allocation Failure)  5256K->840K(15872K), 0.0007562 secs]
27.752: [GC (Allocation Failure)  5256K->840K(15872K), 0.0007589 secs]
27.756: [GC (Allocation Failure)  5256K->840K(15872K), 0.0007765 secs]
27.760: [GC (Allocation Failure)  5256K->840K(15872K), 0.0007540 secs]
27.764: [GC (Allocation Failure)  5256K->840K(15872K), 0.0007501 secs]
27.768: [GC (Allocation Failure)  5256K->840K(15872K), 0.0007650 secs]
27.772: [GC (Allocation Failure)  5256K->840K(15872K), 0.0007573 secs]
27.776: [GC (Allocation Failure)  5256K->840K(15872K), 0.0007754 secs]
27.780: [GC (Allocation Failure)  5256K->840K(15872K), 0.0007584 secs]
27.784: [GC (Allocation Failure)  5256K->840K(15872K), 0.0007617 secs]
27.788: [GC (Allocation Failure)  5256K->840K(15872K), 0.0007518 secs]
27.792: [GC (Allocation Failure)  5256K->840K(15872K), 0.0007661 secs]
27.796: [GC (Allocation Failure)  5256K->840K(15872K), 0.0007545 secs]
27.801: [GC (Allocation Failure)  5256K->840K(15872K), 0.0007606 secs]
27.805: [GC (Allocation Failure)  5256K->840K(15872K), 0.0007798 secs]
27.809: [GC (Allocation Failure)  5256K->840K(15872K), 0.0007820 secs]
27.813: [GC (Allocation Failure)  5256K->840K(15872K), 0.0007809 secs]
27.817: [GC (Allocation Failure)  5256K->840K(15872K), 0.0007721 secs]
27.821: [GC (Allocation Failure)  5256K->840K(15872K), 0.0007523 secs]
27.826: [GC (Allocation Failure)  5256K->840K(15872K), 0.0007617 secs]
27.830: [GC (Allocation Failure)  5256K->840K(15872K), 0.0007914 secs]
27.834: [GC (Allocation Failure)  5256K->840K(15872K), 0.0007842 secs]
27.838: [GC (Allocation Failure)  5256K->840K(15872K), 0.0007534 secs]
27.843: [GC (Allocation Failure)  5256K->840K(15872K), 0.0007886 secs]
27.847: [GC (Allocation Failure)  5256K->840K(15872K), 0.0007749 secs]
27.851: [GC (Allocation Failure)  5256K->840K(15872K), 0.0007661 secs]
27.855: [GC (Allocation Failure)  5256K->840K(15872K), 0.0007606 secs]
27.859: [GC (Allocation Failure)  5256K->840K(15872K), 0.0007672 secs]
27.863: [GC (Allocation Failure)  5256K->840K(15872K), 0.0007628 secs]
27.867: [GC (Allocation Failure)  5256K->840K(15872K), 0.0008216 secs]
27.871: [GC (Allocation Failure)  5256K->840K(15872K), 0.0007683 secs]
27.875: [GC (Allocation Failure)  5256K->840K(15872K), 0.0007694 secs]
27.879: [GC (Allocation Failure)  5256K->840K(15872K), 0.0007628 secs]
27.883: [GC (Allocation Failure)  5256K->840K(15872K), 0.0007512 secs]
27.887: [GC (Allocation Failure)  5256K->840K(15872K), 0.0007479 secs]
27.891: [GC (Allocation Failure)  5256K->840K(15872K), 0.0007985 secs]
27.896: [GC (Allocation Failure)  5256K->840K(15872K), 0.0007595 secs]
27.900: [GC (Allocation Failure)  5256K->840K(15872K), 0.0007716 secs]
27.904: [GC (Allocation Failure)  5256K->840K(15872K), 0.0007644 secs]
27.908: [GC (Allocation Failure)  5256K->840K(15872K), 0.0007556 secs]
27.912: [GC (Allocation Failure)  5256K->840K(15872K), 0.0007545 secs]
27.916: [GC (Allocation Failure)  5256K->840K(15872K), 0.0007545 secs]
27.920: [GC (Allocation Failure)  5256K->840K(15872K), 0.0007529 secs]
27.924: [GC (Allocation Failure)  5256K->840K(15872K), 0.0007611 secs]
27.928: [GC (Allocation Failure)  5256K->840K(15872K), 0.0007683 secs]
27.932: [GC (Allocation Failure)  5256K->840K(15872K), 0.0007611 secs]
27.936: [GC (Allocation Failure)  5256K->840K(15872K), 0.0007622 secs]
27.940: [GC (Allocation Failure)  5256K->840K(15872K), 0.0007738 secs]
27.944: [GC (Allocation Failure)  5256K->840K(15872K), 0.0007639 secs]
27.948: [GC (Allocation Failure)  5256K->840K(15872K), 0.0007606 secs]
27.952: [GC (Allocation Failure)  5256K->840K(15872K), 0.0008876 secs]
27.956: [GC (Allocation Failure)  5256K->840K(15872K), 0.0007633 secs]
27.960: [GC (Allocation Failure)  5256K->840K(15872K), 0.0007639 secs]
27.964: [GC (Allocation Failure)  5256K->840K(15872K), 0.0007661 secs]
27.968: [GC (Allocation Failure)  5256K->840K(15872K), 0.0007650 secs]
27.972: [GC (Allocation Failure)  5256K->840K(15872K), 0.0007578 secs]
27.976: [GC (Allocation Failure)  5256K->840K(15872K), 0.0007727 secs]
27.980: [GC (Allocation Failure)  5256K->840K(15872K), 0.0007540 secs]
27.984: [GC (Allocation Failure)  5256K->840K(15872K), 0.0007622 secs]
27.988: [GC (Allocation Failure)  5256K->840K(15872K), 0.0007545 secs]
27.992: [GC (Allocation Failure)  5256K->840K(15872K), 0.0007540 secs]
27.996: [GC (Allocation Failure)  5256K->840K(15872K), 0.0007485 secs]
28.000: [GC (Allocation Failure)  5256K->840K(15872K), 0.0007622 secs]
28.005: [GC (Allocation Failure)  5256K->840K(15872K), 0.0007650 secs]
28.009: [GC (Allocation Failure)  5256K->840K(15872K), 0.0007474 secs]
28.013: [GC (Allocation Failure)  5256K->840K(15872K), 0.0007540 secs]
28.017: [GC (Allocation Failure)  5256K->840K(15872K), 0.0007507 secs]
28.021: [GC (Allocation Failure)  5256K->840K(15872K), 0.0008398 secs]
28.025: [GC (Allocation Failure)  5256K->840K(15872K), 0.0007699 secs]
28.029: [GC (Allocation Failure)  5256K->840K(15872K), 0.0007606 secs]
28.033: [GC (Allocation Failure)  5256K->840K(15872K), 0.0008062 secs]
28.037: [GC (Allocation Failure)  5256K->840K(15872K), 0.0007699 secs]
28.041: [GC (Allocation Failure)  5256K->840K(15872K), 0.0007622 secs]
28.045: [GC (Allocation Failure)  5256K->840K(15872K), 0.0007595 secs]
28.050: [GC (Allocation Failure)  5256K->840K(15872K), 0.0007534 secs]
28.054: [GC (Allocation Failure)  5256K->840K(15872K), 0.0007672 secs]
28.058: [GC (Allocation Failure)  5256K->840K(15872K), 0.0007644 secs]
28.062: [GC (Allocation Failure)  5256K->840K(15872K), 0.0007787 secs]
28.066: [GC (Allocation Failure)  5256K->840K(15872K), 0.0007705 secs]
28.071: [GC (Allocation Failure)  5256K->840K(15872K), 0.0007628 secs]
28.075: [GC (Allocation Failure)  5256K->840K(15872K), 0.0007578 secs]
28.079: [GC (Allocation Failure)  5256K->840K(15872K), 0.0007600 secs]
28.083: [GC (Allocation Failure)  5256K->840K(15872K), 0.0008953 secs]
28.087: [GC (Allocation Failure)  5256K->840K(15872K), 0.0007622 secs]
28.091: [GC (Allocation Failure)  5256K->840K(15872K), 0.0008816 secs]
28.095: [GC (Allocation Failure)  5256K->840K(15872K), 0.0007628 secs]
28.099: [GC (Allocation Failure)  5256K->840K(15872K), 0.0007639 secs]
28.103: [GC (Allocation Failure)  5256K->840K(15872K), 0.0007501 secs]
28.108: [GC (Allocation Failure)  5256K->840K(15872K), 0.0007787 secs]
28.112: [GC (Allocation Failure)  5256K->840K(15872K), 0.0007606 secs]
28.116: [GC (Allocation Failure)  5256K->840K(15872K), 0.0007694 secs]
28.123: [GC (Allocation Failure)  5256K->840K(15872K), 0.0007776 secs]
28.128: [GC (Allocation Failure)  5256K->840K(15872K), 0.0009256 secs]
28.132: [GC (Allocation Failure)  5256K->840K(15872K), 0.0007639 secs]
28.136: [GC (Allocation Failure)  5256K->840K(15872K), 0.0007589 secs]
28.140: [GC (Allocation Failure)  5256K->840K(15872K), 0.0007936 secs]
28.145: [GC (Allocation Failure)  5256K->840K(15872K), 0.0008068 secs]
28.149: [GC (Allocation Failure)  5256K->840K(15872K), 0.0007749 secs]
28.153: [GC (Allocation Failure)  5256K->840K(15872K), 0.0007617 secs]
28.157: [GC (Allocation Failure)  5256K->840K(15872K), 0.0007996 secs]
28.161: [GC (Allocation Failure)  5256K->840K(15872K), 0.0008453 secs]
28.165: [GC (Allocation Failure)  5256K->840K(15872K), 0.0007743 secs]
28.169: [GC (Allocation Failure)  5256K->840K(15872K), 0.0007611 secs]
28.173: [GC (Allocation Failure)  5256K->840K(15872K), 0.0007534 secs]
28.177: [GC (Allocation Failure)  5256K->840K(15872K), 0.0009162 secs]
28.182: [GC (Allocation Failure)  5256K->840K(15872K), 0.0007644 secs]
28.186: [GC (Allocation Failure)  5256K->840K(15872K), 0.0007628 secs]
28.190: [GC (Allocation Failure)  5256K->840K(15872K), 0.0007595 secs]
28.194: [GC (Allocation Failure)  5256K->840K(15872K), 0.0008249 secs]
28.199: [GC (Allocation Failure)  5256K->840K(15872K), 0.0007551 secs]
28.203: [GC (Allocation Failure)  5256K->840K(15872K), 0.0007534 secs]
28.207: [GC (Allocation Failure)  5256K->840K(15872K), 0.0007666 secs]
28.211: [GC (Allocation Failure)  5256K->840K(15872K), 0.0009113 secs]
28.215: [GC (Allocation Failure)  5256K->840K(15872K), 0.0007699 secs]
28.219: [GC (Allocation Failure)  5256K->840K(15872K), 0.0007705 secs]
28.223: [GC (Allocation Failure)  5256K->840K(15872K), 0.0007677 secs]
28.227: [GC (Allocation Failure)  5256K->840K(15872K), 0.0008563 secs]
28.232: [GC (Allocation Failure)  5256K->840K(15872K), 0.0007589 secs]
28.236: [GC (Allocation Failure)  5256K->840K(15872K), 0.0007573 secs]
28.240: [GC (Allocation Failure)  5256K->840K(15872K), 0.0007595 secs]
28.244: [GC (Allocation Failure)  5256K->840K(15872K), 0.0008541 secs]
28.248: [GC (Allocation Failure)  5256K->840K(15872K), 0.0007666 secs]
28.252: [GC (Allocation Failure)  5256K->840K(15872K), 0.0007600 secs]
28.256: [GC (Allocation Failure)  5256K->840K(15872K), 0.0007666 secs]
28.261: [GC (Allocation Failure)  5256K->840K(15872K), 0.0008491 secs]
28.265: [GC (Allocation Failure)  5256K->840K(15872K), 0.0007771 secs]
28.269: [GC (Allocation Failure)  5256K->840K(15872K), 0.0007617 secs]
28.273: [GC (Allocation Failure)  5256K->840K(15872K), 0.0007628 secs]
28.277: [GC (Allocation Failure)  5256K->840K(15872K), 0.0009316 secs]
28.282: [GC (Allocation Failure)  5256K->840K(15872K), 0.0007688 secs]
28.286: [GC (Allocation Failure)  5256K->840K(15872K), 0.0007589 secs]
28.290: [GC (Allocation Failure)  5256K->840K(15872K), 0.0007677 secs]
28.294: [GC (Allocation Failure)  5256K->840K(15872K), 0.0008898 secs]
28.298: [GC (Allocation Failure)  5256K->840K(15872K), 0.0008007 secs]
28.302: [GC (Allocation Failure)  5256K->840K(15872K), 0.0007600 secs]
28.306: [GC (Allocation Failure)  5256K->840K(15872K), 0.0007589 secs]
28.310: [GC (Allocation Failure)  5256K->840K(15872K), 0.0009349 secs]
28.315: [GC (Allocation Failure)  5256K->840K(15872K), 0.0008112 secs]
28.319: [GC (Allocation Failure)  5256K->840K(15872K), 0.0007688 secs]
28.323: [GC (Allocation Failure)  5256K->840K(15872K), 0.0007644 secs]
28.327: [GC (Allocation Failure)  5256K->840K(15872K), 0.0008843 secs]
28.331: [GC (Allocation Failure)  5256K->840K(15872K), 0.0007644 secs]
28.335: [GC (Allocation Failure)  5256K->840K(15872K), 0.0008882 secs]
28.339: [GC (Allocation Failure)  5256K->840K(15872K), 0.0007534 secs]
28.343: [GC (Allocation Failure)  5256K->840K(15872K), 0.0008706 secs]
28.348: [GC (Allocation Failure)  5256K->840K(15872K), 0.0007710 secs]
28.352: [GC (Allocation Failure)  5256K->840K(15872K), 0.0007661 secs]
28.356: [GC (Allocation Failure)  5256K->840K(15872K), 0.0007661 secs]
28.360: [GC (Allocation Failure)  5256K->840K(15872K), 0.0009113 secs]
28.365: [GC (Allocation Failure)  5256K->840K(15872K), 0.0007782 secs]
28.369: [GC (Allocation Failure)  5256K->840K(15872K), 0.0007617 secs]
28.373: [GC (Allocation Failure)  5256K->840K(15872K), 0.0008106 secs]
28.378: [GC (Allocation Failure)  5256K->840K(15872K), 0.0008519 secs]
28.382: [GC (Allocation Failure)  5256K->840K(15872K), 0.0007578 secs]
28.386: [GC (Allocation Failure)  5256K->840K(15872K), 0.0007611 secs]
28.390: [GC (Allocation Failure)  5256K->840K(15872K), 0.0007875 secs]
28.394: [GC (Allocation Failure)  5256K->840K(15872K), 0.0007683 secs]
28.398: [GC (Allocation Failure)  5256K->840K(15872K), 0.0007732 secs]
28.402: [GC (Allocation Failure)  5256K->840K(15872K), 0.0007694 secs]
28.406: [GC (Allocation Failure)  5256K->840K(15872K), 0.0007727 secs]
28.411: [GC (Allocation Failure)  5256K->840K(15872K), 0.0009036 secs]
28.415: [GC (Allocation Failure)  5256K->840K(15872K), 0.0008299 secs]
28.420: [GC (Allocation Failure)  5256K->840K(15872K), 0.0008046 secs]
28.426: [GC (Allocation Failure)  5256K->840K(15872K), 0.0007595 secs]
28.430: [GC (Allocation Failure)  5256K->840K(15872K), 0.0007666 secs]
28.434: [GC (Allocation Failure)  5256K->840K(15872K), 0.0007529 secs]
28.438: [GC (Allocation Failure)  5256K->840K(15872K), 0.0007650 secs]
28.442: [GC (Allocation Failure)  5256K->840K(15872K), 0.0007639 secs]
28.446: [GC (Allocation Failure)  5256K->840K(15872K), 0.0007710 secs]
28.450: [GC (Allocation Failure)  5256K->840K(15872K), 0.0007633 secs]
28.454: [GC (Allocation Failure)  5256K->840K(15872K), 0.0007584 secs]
28.458: [GC (Allocation Failure)  5256K->840K(15872K), 0.0007523 secs]
28.462: [GC (Allocation Failure)  5256K->840K(15872K), 0.0007639 secs]
28.466: [GC (Allocation Failure)  5256K->840K(15872K), 0.0007705 secs]
28.470: [GC (Allocation Failure)  5256K->840K(15872K), 0.0007848 secs]
28.474: [GC (Allocation Failure)  5256K->840K(15872K), 0.0008706 secs]
28.478: [GC (Allocation Failure)  5256K->840K(15872K), 0.0007677 secs]
28.482: [GC (Allocation Failure)  5256K->840K(15872K), 0.0007534 secs]
28.486: [GC (Allocation Failure)  5256K->840K(15872K), 0.0007512 secs]
28.490: [GC (Allocation Failure)  5256K->840K(15872K), 0.0007655 secs]
28.495: [GC (Allocation Failure)  5256K->840K(15872K), 0.0007578 secs]
28.499: [GC (Allocation Failure)  5256K->840K(15872K), 0.0007485 secs]
28.503: [GC (Allocation Failure)  5256K->840K(15872K), 0.0008139 secs]
28.507: [GC (Allocation Failure)  5256K->840K(15872K), 0.0007644 secs]
28.511: [GC (Allocation Failure)  5256K->840K(15872K), 0.0007584 secs]
28.515: [GC (Allocation Failure)  5256K->840K(15872K), 0.0007639 secs]
28.519: [GC (Allocation Failure)  5256K->840K(15872K), 0.0007672 secs]
28.523: [GC (Allocation Failure)  5256K->840K(15872K), 0.0007606 secs]
28.527: [GC (Allocation Failure)  5256K->840K(15872K), 0.0007611 secs]
28.531: [GC (Allocation Failure)  5256K->840K(15872K), 0.0007578 secs]
28.535: [GC (Allocation Failure)  5256K->840K(15872K), 0.0007683 secs]
28.539: [GC (Allocation Failure)  5256K->840K(15872K), 0.0007655 secs]
28.543: [GC (Allocation Failure)  5256K->840K(15872K), 0.0007666 secs]
28.547: [GC (Allocation Failure)  5256K->840K(15872K), 0.0007743 secs]
28.551: [GC (Allocation Failure)  5256K->840K(15872K), 0.0007688 secs]
28.555: [GC (Allocation Failure)  5256K->840K(15872K), 0.0007595 secs]
28.559: [GC (Allocation Failure)  5256K->840K(15872K), 0.0007672 secs]
28.563: [GC (Allocation Failure)  5256K->840K(15872K), 0.0007655 secs]
28.567: [GC (Allocation Failure)  5256K->840K(15872K), 0.0007776 secs]
28.571: [GC (Allocation Failure)  5256K->840K(15872K), 0.0007578 secs]
28.575: [GC (Allocation Failure)  5256K->840K(15872K), 0.0007573 secs]
28.579: [GC (Allocation Failure)  5256K->840K(15872K), 0.0007749 secs]
28.583: [GC (Allocation Failure)  5256K->840K(15872K), 0.0007507 secs]
28.588: [GC (Allocation Failure)  5256K->840K(15872K), 0.0007529 secs]
28.592: [GC (Allocation Failure)  5256K->840K(15872K), 0.0007551 secs]
28.596: [GC (Allocation Failure)  5256K->840K(15872K), 0.0007837 secs]
28.600: [GC (Allocation Failure)  5256K->840K(15872K), 0.0007655 secs]
28.604: [GC (Allocation Failure)  5256K->840K(15872K), 0.0007639 secs]
28.608: [GC (Allocation Failure)  5256K->840K(15872K), 0.0007617 secs]
28.612: [GC (Allocation Failure)  5256K->840K(15872K), 0.0007633 secs]
28.616: [GC (Allocation Failure)  5256K->840K(15872K), 0.0007661 secs]
28.620: [GC (Allocation Failure)  5256K->840K(15872K), 0.0007628 secs]
28.624: [GC (Allocation Failure)  5256K->840K(15872K), 0.0007606 secs]
28.628: [GC (Allocation Failure)  5256K->840K(15872K), 0.0007650 secs]
28.632: [GC (Allocation Failure)  5256K->840K(15872K), 0.0007584 secs]
28.636: [GC (Allocation Failure)  5256K->840K(15872K), 0.0007518 secs]
28.640: [GC (Allocation Failure)  5256K->840K(15872K), 0.0007501 secs]
28.644: [GC (Allocation Failure)  5256K->840K(15872K), 0.0007639 secs]
28.648: [GC (Allocation Failure)  5256K->840K(15872K), 0.0007540 secs]
28.653: [GC (Allocation Failure)  5256K->840K(15872K), 0.0007639 secs]
28.657: [GC (Allocation Failure)  5256K->840K(15872K), 0.0008194 secs]
28.661: [GC (Allocation Failure)  5256K->840K(15872K), 0.0007622 secs]
28.665: [GC (Allocation Failure)  5256K->840K(15872K), 0.0007578 secs]
28.669: [GC (Allocation Failure)  5256K->840K(15872K), 0.0007639 secs]
28.673: [GC (Allocation Failure)  5256K->840K(15872K), 0.0007628 secs]
28.677: [GC (Allocation Failure)  5256K->840K(15872K), 0.0007710 secs]
28.681: [GC (Allocation Failure)  5256K->840K(15872K), 0.0007677 secs]
28.685: [GC (Allocation Failure)  5256K->840K(15872K), 0.0007688 secs]
28.689: [GC (Allocation Failure)  5256K->840K(15872K), 0.0007611 secs]
28.693: [GC (Allocation Failure)  5256K->840K(15872K), 0.0007881 secs]
28.697: [GC (Allocation Failure)  5256K->840K(15872K), 0.0007551 secs]
28.701: [GC (Allocation Failure)  5256K->840K(15872K), 0.0007672 secs]
28.705: [GC (Allocation Failure)  5256K->840K(15872K), 0.0007529 secs]
28.710: [GC (Allocation Failure)  5256K->840K(15872K), 0.0007556 secs]
28.714: [GC (Allocation Failure)  5256K->840K(15872K), 0.0007501 secs]
28.718: [GC (Allocation Failure)  5256K->840K(15872K), 0.0007523 secs]
28.722: [GC (Allocation Failure)  5256K->840K(15872K), 0.0007540 secs]
28.726: [GC (Allocation Failure)  5256K->840K(15872K), 0.0007710 secs]
28.730: [GC (Allocation Failure)  5256K->840K(15872K), 0.0007611 secs]
28.734: [GC (Allocation Failure)  5256K->840K(15872K), 0.0007545 secs]
28.738: [GC (Allocation Failure)  5256K->840K(15872K), 0.0007617 secs]
28.742: [GC (Allocation Failure)  5256K->840K(15872K), 0.0007617 secs]
28.746: [GC (Allocation Failure)  5256K->840K(15872K), 0.0007606 secs]
28.750: [GC (Allocation Failure)  5256K->840K(15872K), 0.0007584 secs]
28.754: [GC (Allocation Failure)  5256K->840K(15872K), 0.0007584 secs]
28.758: [GC (Allocation Failure)  5256K->840K(15872K), 0.0007600 secs]
28.762: [GC (Allocation Failure)  5256K->840K(15872K), 0.0007611 secs]
28.766: [GC (Allocation Failure)  5256K->840K(15872K), 0.0007892 secs]
28.770: [GC (Allocation Failure)  5256K->840K(15872K), 0.0007584 secs]
28.774: [GC (Allocation Failure)  5256K->840K(15872K), 0.0007639 secs]
28.778: [GC (Allocation Failure)  5256K->840K(15872K), 0.0007683 secs]
28.782: [GC (Allocation Failure)  5256K->840K(15872K), 0.0007556 secs]
28.786: [GC (Allocation Failure)  5256K->840K(15872K), 0.0007573 secs]
28.791: [GC (Allocation Failure)  5256K->840K(15872K), 0.0007545 secs]
28.795: [GC (Allocation Failure)  5256K->840K(15872K), 0.0007765 secs]
28.799: [GC (Allocation Failure)  5256K->840K(15872K), 0.0007650 secs]
28.803: [GC (Allocation Failure)  5256K->840K(15872K), 0.0007600 secs]
28.807: [GC (Allocation Failure)  5256K->840K(15872K), 0.0007562 secs]
28.811: [GC (Allocation Failure)  5256K->840K(15872K), 0.0007688 secs]
28.815: [GC (Allocation Failure)  5256K->840K(15872K), 0.0007639 secs]
28.819: [GC (Allocation Failure)  5256K->840K(15872K), 0.0007589 secs]
28.823: [GC (Allocation Failure)  5256K->840K(15872K), 0.0007661 secs]
28.827: [GC (Allocation Failure)  5256K->840K(15872K), 0.0007683 secs]
28.831: [GC (Allocation Failure)  5256K->840K(15872K), 0.0007727 secs]
28.835: [GC (Allocation Failure)  5256K->840K(15872K), 0.0007716 secs]
28.839: [GC (Allocation Failure)  5256K->840K(15872K), 0.0007716 secs]
28.843: [GC (Allocation Failure)  5256K->840K(15872K), 0.0008777 secs]
28.847: [GC (Allocation Failure)  5256K->840K(15872K), 0.0008827 secs]
28.851: [GC (Allocation Failure)  5256K->840K(15872K), 0.0007650 secs]
28.855: [GC (Allocation Failure)  5256K->840K(15872K), 0.0007485 secs]
28.859: [GC (Allocation Failure)  5256K->840K(15872K), 0.0007666 secs]
28.864: [GC (Allocation Failure)  5256K->840K(15872K), 0.0007545 secs]
28.868: [GC (Allocation Failure)  5256K->840K(15872K), 0.0007545 secs]
28.872: [GC (Allocation Failure)  5256K->840K(15872K), 0.0007512 secs]
28.876: [GC (Allocation Failure)  5256K->840K(15872K), 0.0007628 secs]
28.880: [GC (Allocation Failure)  5256K->840K(15872K), 0.0007644 secs]
28.884: [GC (Allocation Failure)  5256K->840K(15872K), 0.0007589 secs]
28.888: [GC (Allocation Failure)  5256K->840K(15872K), 0.0007677 secs]
28.892: [GC (Allocation Failure)  5256K->840K(15872K), 0.0007925 secs]
28.896: [GC (Allocation Failure)  5256K->840K(15872K), 0.0007606 secs]
28.900: [GC (Allocation Failure)  5256K->840K(15872K), 0.0007507 secs]
28.904: [GC (Allocation Failure)  5256K->840K(15872K), 0.0007556 secs]
28.908: [GC (Allocation Failure)  5256K->840K(15872K), 0.0007540 secs]
28.912: [GC (Allocation Failure)  5256K->840K(15872K), 0.0008871 secs]
28.917: [GC (Allocation Failure)  5256K->840K(15872K), 0.0007573 secs]
28.921: [GC (Allocation Failure)  5256K->840K(15872K), 0.0007490 secs]
28.925: [GC (Allocation Failure)  5256K->840K(15872K), 0.0007837 secs]
28.929: [GC (Allocation Failure)  5256K->840K(15872K), 0.0007633 secs]
28.933: [GC (Allocation Failure)  5256K->840K(15872K), 0.0007622 secs]
28.937: [GC (Allocation Failure)  5256K->840K(15872K), 0.0008167 secs]
28.941: [GC (Allocation Failure)  5256K->840K(15872K), 0.0007644 secs]
28.945: [GC (Allocation Failure)  5256K->840K(15872K), 0.0007595 secs]
28.949: [GC (Allocation Failure)  5256K->840K(15872K), 0.0007578 secs]
28.953: [GC (Allocation Failure)  5256K->840K(15872K), 0.0007666 secs]
28.957: [GC (Allocation Failure)  5256K->840K(15872K), 0.0007611 secs]
28.961: [GC (Allocation Failure)  5256K->840K(15872K), 0.0007683 secs]
28.965: [GC (Allocation Failure)  5256K->840K(15872K), 0.0007644 secs]
28.969: [GC (Allocation Failure)  5256K->840K(15872K), 0.0007600 secs]
28.973: [GC (Allocation Failure)  5256K->840K(15872K), 0.0007655 secs]
28.977: [GC (Allocation Failure)  5256K->840K(15872K), 0.0007573 secs]
28.981: [GC (Allocation Failure)  5256K->840K(15872K), 0.0007655 secs]
28.985: [GC (Allocation Failure)  5256K->840K(15872K), 0.0007683 secs]
28.989: [GC (Allocation Failure)  5256K->840K(15872K), 0.0007556 secs]
28.993: [GC (Allocation Failure)  5256K->840K(15872K), 0.0009146 secs]
28.997: [GC (Allocation Failure)  5256K->840K(15872K), 0.0007496 secs]
29.001: [GC (Allocation Failure)  5256K->840K(15872K), 0.0007600 secs]
29.006: [GC (Allocation Failure)  5256K->840K(15872K), 0.0008068 secs]
29.010: [GC (Allocation Failure)  5256K->840K(15872K), 0.0007589 secs]
29.014: [GC (Allocation Failure)  5256K->840K(15872K), 0.0007589 secs]
29.018: [GC (Allocation Failure)  5256K->840K(15872K), 0.0007633 secs]
29.022: [GC (Allocation Failure)  5256K->840K(15872K), 0.0007606 secs]
29.026: [GC (Allocation Failure)  5256K->840K(15872K), 0.0007584 secs]
29.030: [GC (Allocation Failure)  5256K->840K(15872K), 0.0008761 secs]
29.034: [GC (Allocation Failure)  5256K->840K(15872K), 0.0007584 secs]
29.038: [GC (Allocation Failure)  5256K->840K(15872K), 0.0007606 secs]
29.042: [GC (Allocation Failure)  5256K->840K(15872K), 0.0007655 secs]
29.046: [GC (Allocation Failure)  5256K->840K(15872K), 0.0007650 secs]
29.050: [GC (Allocation Failure)  5256K->840K(15872K), 0.0007732 secs]
29.054: [GC (Allocation Failure)  5256K->840K(15872K), 0.0007578 secs]
29.058: [GC (Allocation Failure)  5256K->840K(15872K), 0.0007567 secs]
29.062: [GC (Allocation Failure)  5256K->840K(15872K), 0.0008084 secs]
29.067: [GC (Allocation Failure)  5256K->840K(15872K), 0.0007573 secs]
29.071: [GC (Allocation Failure)  5256K->840K(15872K), 0.0007534 secs]
29.075: [GC (Allocation Failure)  5256K->840K(15872K), 0.0007595 secs]
29.079: [GC (Allocation Failure)  5256K->840K(15872K), 0.0007507 secs]
29.083: [GC (Allocation Failure)  5256K->840K(15872K), 0.0007617 secs]
29.087: [GC (Allocation Failure)  5256K->840K(15872K), 0.0007886 secs]
29.091: [GC (Allocation Failure)  5256K->840K(15872K), 0.0007595 secs]
29.095: [GC (Allocation Failure)  5256K->840K(15872K), 0.0007765 secs]
29.099: [GC (Allocation Failure)  5256K->840K(15872K), 0.0007666 secs]
29.103: [GC (Allocation Failure)  5256K->840K(15872K), 0.0007666 secs]
29.107: [GC (Allocation Failure)  5256K->840K(15872K), 0.0007512 secs]
29.111: [GC (Allocation Failure)  5256K->840K(15872K), 0.0007606 secs]
29.115: [GC (Allocation Failure)  5256K->840K(15872K), 0.0007606 secs]
29.119: [GC (Allocation Failure)  5256K->840K(15872K), 0.0007529 secs]
29.123: [GC (Allocation Failure)  5256K->840K(15872K), 0.0007534 secs]
29.128: [GC (Allocation Failure)  5256K->840K(15872K), 0.0007562 secs]
29.132: [GC (Allocation Failure)  5256K->840K(15872K), 0.0007501 secs]
29.136: [GC (Allocation Failure)  5256K->840K(15872K), 0.0007562 secs]
29.140: [GC (Allocation Failure)  5256K->840K(15872K), 0.0007490 secs]
29.144: [GC (Allocation Failure)  5256K->840K(15872K), 0.0007562 secs]
29.149: [GC (Allocation Failure)  5256K->840K(15872K), 0.0007837 secs]
29.153: [GC (Allocation Failure)  5256K->840K(15872K), 0.0007721 secs]
29.159: [GC (Allocation Failure)  5256K->840K(15872K), 0.0007600 secs]
29.163: [GC (Allocation Failure)  5256K->840K(15872K), 0.0007562 secs]
29.167: [GC (Allocation Failure)  5256K->840K(15872K), 0.0007551 secs]
29.171: [GC (Allocation Failure)  5256K->840K(15872K), 0.0007639 secs]
29.175: [GC (Allocation Failure)  5256K->840K(15872K), 0.0007650 secs]
29.179: [GC (Allocation Failure)  5256K->840K(15872K), 0.0007567 secs]
29.183: [GC (Allocation Failure)  5256K->840K(15872K), 0.0007600 secs]
29.187: [GC (Allocation Failure)  5256K->840K(15872K), 0.0007518 secs]
29.191: [GC (Allocation Failure)  5256K->840K(15872K), 0.0007672 secs]
29.195: [GC (Allocation Failure)  5256K->840K(15872K), 0.0007864 secs]
29.199: [GC (Allocation Failure)  5256K->840K(15872K), 0.0007760 secs]
29.203: [GC (Allocation Failure)  5256K->840K(15872K), 0.0007567 secs]
29.207: [GC (Allocation Failure)  5256K->840K(15872K), 0.0007584 secs]
29.211: [GC (Allocation Failure)  5256K->840K(15872K), 0.0007523 secs]
29.215: [GC (Allocation Failure)  5256K->840K(15872K), 0.0007567 secs]
29.219: [GC (Allocation Failure)  5256K->840K(15872K), 0.0007677 secs]
29.223: [GC (Allocation Failure)  5256K->840K(15872K), 0.0007512 secs]
29.228: [GC (Allocation Failure)  5256K->840K(15872K), 0.0007534 secs]
29.232: [GC (Allocation Failure)  5256K->840K(15872K), 0.0007463 secs]
29.236: [GC (Allocation Failure)  5256K->840K(15872K), 0.0007512 secs]
29.240: [GC (Allocation Failure)  5256K->840K(15872K), 0.0007507 secs]
29.244: [GC (Allocation Failure)  5256K->840K(15872K), 0.0007985 secs]
29.249: [GC (Allocation Failure)  5256K->840K(15872K), 0.0007804 secs]
29.253: [GC (Allocation Failure)  5256K->840K(15872K), 0.0007595 secs]
29.257: [GC (Allocation Failure)  5256K->840K(15872K), 0.0007551 secs]
29.261: [GC (Allocation Failure)  5256K->840K(15872K), 0.0007743 secs]
29.265: [GC (Allocation Failure)  5256K->840K(15872K), 0.0007556 secs]
29.269: [GC (Allocation Failure)  5256K->840K(15872K), 0.0007617 secs]
29.273: [GC (Allocation Failure)  5256K->840K(15872K), 0.0007639 secs]
29.278: [GC (Allocation Failure)  5256K->840K(15872K), 0.0007694 secs]
29.282: [GC (Allocation Failure)  5256K->840K(15872K), 0.0007743 secs]
29.286: [GC (Allocation Failure)  5256K->840K(15872K), 0.0007694 secs]
29.290: [GC (Allocation Failure)  5256K->840K(15872K), 0.0007562 secs]
29.294: [GC (Allocation Failure)  5256K->840K(15872K), 0.0007578 secs]
29.299: [GC (Allocation Failure)  5256K->840K(15872K), 0.0007507 secs]
29.303: [GC (Allocation Failure)  5256K->840K(15872K), 0.0007606 secs]
29.307: [GC (Allocation Failure)  5256K->840K(15872K), 0.0007677 secs]
29.311: [GC (Allocation Failure)  5256K->840K(15872K), 0.0007688 secs]
29.315: [GC (Allocation Failure)  5256K->840K(15872K), 0.0007688 secs]
29.319: [GC (Allocation Failure)  5256K->840K(15872K), 0.0007639 secs]
29.323: [GC (Allocation Failure)  5256K->840K(15872K), 0.0007589 secs]
29.327: [GC (Allocation Failure)  5256K->840K(15872K), 0.0007666 secs]
29.331: [GC (Allocation Failure)  5256K->840K(15872K), 0.0007672 secs]
29.335: [GC (Allocation Failure)  5256K->840K(15872K), 0.0007644 secs]
29.339: [GC (Allocation Failure)  5256K->840K(15872K), 0.0007573 secs]
29.343: [GC (Allocation Failure)  5256K->840K(15872K), 0.0008986 secs]
29.347: [GC (Allocation Failure)  5256K->840K(15872K), 0.0007573 secs]
29.351: [GC (Allocation Failure)  5256K->840K(15872K), 0.0007688 secs]
29.355: [GC (Allocation Failure)  5256K->840K(15872K), 0.0007501 secs]
29.359: [GC (Allocation Failure)  5256K->840K(15872K), 0.0007600 secs]
29.364: [GC (Allocation Failure)  5256K->840K(15872K), 0.0007787 secs]
29.368: [GC (Allocation Failure)  5256K->840K(15872K), 0.0007474 secs]
29.372: [GC (Allocation Failure)  5256K->840K(15872K), 0.0007501 secs]
29.376: [GC (Allocation Failure)  5256K->840K(15872K), 0.0007562 secs]
29.380: [GC (Allocation Failure)  5256K->840K(15872K), 0.0007611 secs]
29.384: [GC (Allocation Failure)  5256K->840K(15872K), 0.0007534 secs]
29.388: [GC (Allocation Failure)  5256K->840K(15872K), 0.0007578 secs]
29.392: [GC (Allocation Failure)  5256K->840K(15872K), 0.0007584 secs]
29.396: [GC (Allocation Failure)  5256K->840K(15872K), 0.0007875 secs]
29.400: [GC (Allocation Failure)  5256K->840K(15872K), 0.0007952 secs]
29.404: [GC (Allocation Failure)  5256K->840K(15872K), 0.0007628 secs]
29.409: [GC (Allocation Failure)  5256K->840K(15872K), 0.0007809 secs]
29.413: [GC (Allocation Failure)  5256K->840K(15872K), 0.0007661 secs]
29.417: [GC (Allocation Failure)  5256K->840K(15872K), 0.0007853 secs]
29.421: [GC (Allocation Failure)  5256K->840K(15872K), 0.0007584 secs]
29.425: [GC (Allocation Failure)  5256K->840K(15872K), 0.0007611 secs]
29.429: [GC (Allocation Failure)  5256K->840K(15872K), 0.0007666 secs]
29.433: [GC (Allocation Failure)  5256K->840K(15872K), 0.0007562 secs]
29.437: [GC (Allocation Failure)  5256K->840K(15872K), 0.0008255 secs]
29.441: [GC (Allocation Failure)  5256K->840K(15872K), 0.0007606 secs]
29.445: [GC (Allocation Failure)  5256K->840K(15872K), 0.0007622 secs]
29.449: [GC (Allocation Failure)  5256K->840K(15872K), 0.0007644 secs]
29.453: [GC (Allocation Failure)  5256K->840K(15872K), 0.0007589 secs]
29.457: [GC (Allocation Failure)  5256K->840K(15872K), 0.0007556 secs]
29.461: [GC (Allocation Failure)  5256K->840K(15872K), 0.0007545 secs]
29.465: [GC (Allocation Failure)  5256K->840K(15872K), 0.0007600 secs]
29.469: [GC (Allocation Failure)  5256K->840K(15872K), 0.0007622 secs]
29.473: [GC (Allocation Failure)  5256K->840K(15872K), 0.0007633 secs]
29.478: [GC (Allocation Failure)  5256K->840K(15872K), 0.0007529 secs]
29.482: [GC (Allocation Failure)  5256K->840K(15872K), 0.0007551 secs]
29.486: [GC (Allocation Failure)  5256K->840K(15872K), 0.0007578 secs]
29.490: [GC (Allocation Failure)  5256K->840K(15872K), 0.0007782 secs]
29.494: [GC (Allocation Failure)  5256K->840K(15872K), 0.0007694 secs]
29.498: [GC (Allocation Failure)  5256K->840K(15872K), 0.0007584 secs]
29.502: [GC (Allocation Failure)  5256K->840K(15872K), 0.0007578 secs]
29.506: [GC (Allocation Failure)  5256K->840K(15872K), 0.0007754 secs]
29.510: [GC (Allocation Failure)  5256K->840K(15872K), 0.0007666 secs]
29.514: [GC (Allocation Failure)  5256K->840K(15872K), 0.0008145 secs]
29.518: [GC (Allocation Failure)  5256K->840K(15872K), 0.0007677 secs]
29.522: [GC (Allocation Failure)  5256K->840K(15872K), 0.0007556 secs]
29.526: [GC (Allocation Failure)  5256K->840K(15872K), 0.0007617 secs]
29.530: [GC (Allocation Failure)  5256K->840K(15872K), 0.0009041 secs]
29.535: [GC (Allocation Failure)  5256K->840K(15872K), 0.0007551 secs]
29.539: [GC (Allocation Failure)  5256K->840K(15872K), 0.0007485 secs]
29.543: [GC (Allocation Failure)  5256K->840K(15872K), 0.0007529 secs]
29.547: [GC (Allocation Failure)  5256K->840K(15872K), 0.0007562 secs]
29.551: [GC (Allocation Failure)  5256K->840K(15872K), 0.0007545 secs]
29.555: [GC (Allocation Failure)  5256K->840K(15872K), 0.0007534 secs]
29.559: [GC (Allocation Failure)  5256K->840K(15872K), 0.0007523 secs]
29.563: [GC (Allocation Failure)  5256K->840K(15872K), 0.0007589 secs]
29.567: [GC (Allocation Failure)  5256K->840K(15872K), 0.0007589 secs]
29.571: [GC (Allocation Failure)  5256K->840K(15872K), 0.0007567 secs]
29.575: [GC (Allocation Failure)  5256K->840K(15872K), 0.0007672 secs]
29.579: [GC (Allocation Failure)  5256K->840K(15872K), 0.0007595 secs]
29.583: [GC (Allocation Failure)  5256K->840K(15872K), 0.0007578 secs]
29.587: [GC (Allocation Failure)  5256K->840K(15872K), 0.0007655 secs]
29.591: [GC (Allocation Failure)  5256K->840K(15872K), 0.0007716 secs]
29.595: [GC (Allocation Failure)  5256K->840K(15872K), 0.0009283 secs]
29.599: [GC (Allocation Failure)  5256K->840K(15872K), 0.0008579 secs]
29.606: [GC (Allocation Failure)  5256K->840K(15872K), 0.0007567 secs]
29.610: [GC (Allocation Failure)  5256K->840K(15872K), 0.0007540 secs]
29.614: [GC (Allocation Failure)  5256K->840K(15872K), 0.0007743 secs]
29.618: [GC (Allocation Failure)  5256K->840K(15872K), 0.0007650 secs]
29.622: [GC (Allocation Failure)  5256K->840K(15872K), 0.0007738 secs]
29.626: [GC (Allocation Failure)  5256K->840K(15872K), 0.0007721 secs]
29.630: [GC (Allocation Failure)  5256K->840K(15872K), 0.0007639 secs]
29.634: [GC (Allocation Failure)  5256K->840K(15872K), 0.0007628 secs]
29.638: [GC (Allocation Failure)  5256K->840K(15872K), 0.0007655 secs]
29.642: [GC (Allocation Failure)  5256K->840K(15872K), 0.0007716 secs]
29.646: [GC (Allocation Failure)  5256K->840K(15872K), 0.0007518 secs]
29.650: [GC (Allocation Failure)  5256K->840K(15872K), 0.0007540 secs]
29.655: [GC (Allocation Failure)  5256K->840K(15872K), 0.0007534 secs]
29.659: [GC (Allocation Failure)  5256K->840K(15872K), 0.0009036 secs]
29.663: [GC (Allocation Failure)  5256K->840K(15872K), 0.0007639 secs]
29.667: [GC (Allocation Failure)  5256K->840K(15872K), 0.0007589 secs]
29.671: [GC (Allocation Failure)  5256K->840K(15872K), 0.0007573 secs]
29.675: [GC (Allocation Failure)  5256K->840K(15872K), 0.0007798 secs]
29.679: [GC (Allocation Failure)  5256K->840K(15872K), 0.0007754 secs]
29.683: [GC (Allocation Failure)  5256K->840K(15872K), 0.0007644 secs]
29.687: [GC (Allocation Failure)  5256K->840K(15872K), 0.0007969 secs]
29.691: [GC (Allocation Failure)  5256K->840K(15872K), 0.0007694 secs]
29.696: [GC (Allocation Failure)  5256K->840K(15872K), 0.0007573 secs]
29.700: [GC (Allocation Failure)  5256K->840K(15872K), 0.0007507 secs]
29.704: [GC (Allocation Failure)  5256K->840K(15872K), 0.0007622 secs]
29.708: [GC (Allocation Failure)  5256K->840K(15872K), 0.0007578 secs]
29.712: [GC (Allocation Failure)  5256K->840K(15872K), 0.0007589 secs]
29.716: [GC (Allocation Failure)  5256K->840K(15872K), 0.0007622 secs]
29.720: [GC (Allocation Failure)  5256K->840K(15872K), 0.0007633 secs]
29.724: [GC (Allocation Failure)  5256K->840K(15872K), 0.0008200 secs]
29.728: [GC (Allocation Failure)  5256K->840K(15872K), 0.0007584 secs]
29.732: [GC (Allocation Failure)  5256K->840K(15872K), 0.0007523 secs]
29.736: [GC (Allocation Failure)  5256K->840K(15872K), 0.0007540 secs]
29.740: [GC (Allocation Failure)  5256K->840K(15872K), 0.0007523 secs]
29.744: [GC (Allocation Failure)  5256K->840K(15872K), 0.0007567 secs]
29.749: [GC (Allocation Failure)  5256K->840K(15872K), 0.0007518 secs]
29.753: [GC (Allocation Failure)  5256K->840K(15872K), 0.0008392 secs]
29.757: [GC (Allocation Failure)  5256K->840K(15872K), 0.0007551 secs]
29.761: [GC (Allocation Failure)  5256K->840K(15872K), 0.0007606 secs]
29.765: [GC (Allocation Failure)  5256K->840K(15872K), 0.0007721 secs]
29.769: [GC (Allocation Failure)  5256K->840K(15872K), 0.0007677 secs]
29.773: [GC (Allocation Failure)  5256K->840K(15872K), 0.0007578 secs]
29.777: [GC (Allocation Failure)  5256K->840K(15872K), 0.0007600 secs]
29.781: [GC (Allocation Failure)  5256K->840K(15872K), 0.0007556 secs]
29.785: [GC (Allocation Failure)  5256K->840K(15872K), 0.0007677 secs]
29.789: [GC (Allocation Failure)  5256K->840K(15872K), 0.0007672 secs]
29.793: [GC (Allocation Failure)  5256K->840K(15872K), 0.0007589 secs]
29.797: [GC (Allocation Failure)  5256K->840K(15872K), 0.0007578 secs]
29.801: [GC (Allocation Failure)  5256K->840K(15872K), 0.0007666 secs]
29.805: [GC (Allocation Failure)  5256K->840K(15872K), 0.0007672 secs]
29.809: [GC (Allocation Failure)  5256K->840K(15872K), 0.0007903 secs]
29.814: [GC (Allocation Failure)  5256K->840K(15872K), 0.0007578 secs]
29.818: [GC (Allocation Failure)  5256K->840K(15872K), 0.0007644 secs]
29.822: [GC (Allocation Failure)  5256K->840K(15872K), 0.0007567 secs]
29.826: [GC (Allocation Failure)  5256K->840K(15872K), 0.0007611 secs]
29.830: [GC (Allocation Failure)  5256K->840K(15872K), 0.0007595 secs]
29.834: [GC (Allocation Failure)  5256K->840K(15872K), 0.0007672 secs]
29.838: [GC (Allocation Failure)  5256K->840K(15872K), 0.0007633 secs]
29.842: [GC (Allocation Failure)  5256K->840K(15872K), 0.0007666 secs]
29.846: [GC (Allocation Failure)  5256K->840K(15872K), 0.0008832 secs]
29.850: [GC (Allocation Failure)  5256K->840K(15872K), 0.0007650 secs]
29.854: [GC (Allocation Failure)  5256K->840K(15872K), 0.0007622 secs]
29.858: [GC (Allocation Failure)  5256K->840K(15872K), 0.0007567 secs]
29.862: [GC (Allocation Failure)  5256K->840K(15872K), 0.0007551 secs]
29.866: [GC (Allocation Failure)  5256K->840K(15872K), 0.0007479 secs]
29.870: [GC (Allocation Failure)  5256K->840K(15872K), 0.0007622 secs]
29.875: [GC (Allocation Failure)  5256K->840K(15872K), 0.0007595 secs]
29.879: [GC (Allocation Failure)  5256K->840K(15872K), 0.0007661 secs]
29.883: [GC (Allocation Failure)  5256K->840K(15872K), 0.0007595 secs]
29.887: [GC (Allocation Failure)  5256K->840K(15872K), 0.0007633 secs]
29.891: [GC (Allocation Failure)  5256K->840K(15872K), 0.0008172 secs]
29.895: [GC (Allocation Failure)  5256K->840K(15872K), 0.0007628 secs]
29.899: [GC (Allocation Failure)  5256K->840K(15872K), 0.0007551 secs]
29.903: [GC (Allocation Failure)  5256K->840K(15872K), 0.0007633 secs]
29.907: [GC (Allocation Failure)  5256K->840K(15872K), 0.0007639 secs]
29.911: [GC (Allocation Failure)  5256K->840K(15872K), 0.0007633 secs]
29.915: [GC (Allocation Failure)  5256K->840K(15872K), 0.0007798 secs]
29.919: [GC (Allocation Failure)  5256K->840K(15872K), 0.0007644 secs]
29.923: [GC (Allocation Failure)  5256K->840K(15872K), 0.0007644 secs]
29.927: [GC (Allocation Failure)  5256K->840K(15872K), 0.0007644 secs]
29.931: [GC (Allocation Failure)  5256K->840K(15872K), 0.0007738 secs]
29.935: [GC (Allocation Failure)  5256K->840K(15872K), 0.0007512 secs]
29.939: [GC (Allocation Failure)  5256K->840K(15872K), 0.0008931 secs]
29.944: [GC (Allocation Failure)  5256K->840K(15872K), 0.0007556 secs]
29.948: [GC (Allocation Failure)  5256K->840K(15872K), 0.0007628 secs]
29.952: [GC (Allocation Failure)  5256K->840K(15872K), 0.0007644 secs]
29.956: [GC (Allocation Failure)  5256K->840K(15872K), 0.0007611 secs]
29.960: [GC (Allocation Failure)  5256K->840K(15872K), 0.0007628 secs]
29.964: [GC (Allocation Failure)  5256K->840K(15872K), 0.0007600 secs]
29.968: [GC (Allocation Failure)  5256K->840K(15872K), 0.0007617 secs]
29.972: [GC (Allocation Failure)  5256K->840K(15872K), 0.0007584 secs]
29.976: [GC (Allocation Failure)  5256K->840K(15872K), 0.0007622 secs]
29.980: [GC (Allocation Failure)  5256K->840K(15872K), 0.0007650 secs]
29.984: [GC (Allocation Failure)  5256K->840K(15872K), 0.0007661 secs]
29.988: [GC (Allocation Failure)  5256K->840K(15872K), 0.0007567 secs]
29.992: [GC (Allocation Failure)  5256K->840K(15872K), 0.0007765 secs]
29.996: [GC (Allocation Failure)  5256K->840K(15872K), 0.0007683 secs]
30.000: [GC (Allocation Failure)  5256K->840K(15872K), 0.0007677 secs]
30.004: [GC (Allocation Failure)  5256K->840K(15872K), 0.0007760 secs]
30.008: [GC (Allocation Failure)  5256K->840K(15872K), 0.0007595 secs]
30.012: [GC (Allocation Failure)  5256K->840K(15872K), 0.0007617 secs]
30.016: [GC (Allocation Failure)  5256K->840K(15872K), 0.0007556 secs]
30.021: [GC (Allocation Failure)  5256K->840K(15872K), 0.0007567 secs]
30.025: [GC (Allocation Failure)  5256K->840K(15872K), 0.0007523 secs]
30.029: [GC (Allocation Failure)  5256K->840K(15872K), 0.0008783 secs]
30.033: [GC (Allocation Failure)  5256K->840K(15872K), 0.0007952 secs]
30.037: [GC (Allocation Failure)  5256K->840K(15872K), 0.0007633 secs]
30.041: [GC (Allocation Failure)  5256K->840K(15872K), 0.0007529 secs]
30.045: [GC (Allocation Failure)  5256K->840K(15872K), 0.0007617 secs]
30.049: [GC (Allocation Failure)  5256K->840K(15872K), 0.0007584 secs]
30.053: [GC (Allocation Failure)  5256K->840K(15872K), 0.0007611 secs]
30.057: [GC (Allocation Failure)  5256K->840K(15872K), 0.0007639 secs]
30.061: [GC (Allocation Failure)  5256K->840K(15872K), 0.0007644 secs]
30.065: [GC (Allocation Failure)  5256K->840K(15872K), 0.0007655 secs]
30.069: [GC (Allocation Failure)  5256K->840K(15872K), 0.0007589 secs]
30.073: [GC (Allocation Failure)  5256K->840K(15872K), 0.0007551 secs]
30.078: [GC (Allocation Failure)  5256K->840K(15872K), 0.0007512 secs]
30.082: [GC (Allocation Failure)  5256K->840K(15872K), 0.0007600 secs]
30.086: [GC (Allocation Failure)  5256K->840K(15872K), 0.0007754 secs]
30.090: [GC (Allocation Failure)  5256K->840K(15872K), 0.0007837 secs]
30.094: [GC (Allocation Failure)  5256K->840K(15872K), 0.0008282 secs]
30.098: [GC (Allocation Failure)  5256K->840K(15872K), 0.0007842 secs]
30.102: [GC (Allocation Failure)  5256K->840K(15872K), 0.0009294 secs]
30.107: [GC (Allocation Failure)  5256K->840K(15872K), 0.0007842 secs]
30.111: [GC (Allocation Failure)  5256K->840K(15872K), 0.0007787 secs]
30.115: [GC (Allocation Failure)  5256K->840K(15872K), 0.0007798 secs]
30.119: [GC (Allocation Failure)  5256K->840K(15872K), 0.0007897 secs]
30.123: [GC (Allocation Failure)  5256K->840K(15872K), 0.0008095 secs]
30.127: [GC (Allocation Failure)  5256K->840K(15872K), 0.0007551 secs]
30.132: [GC (Allocation Failure)  5256K->840K(15872K), 0.0007540 secs]
30.136: [GC (Allocation Failure)  5256K->840K(15872K), 0.0007573 secs]
30.140: [GC (Allocation Failure)  5256K->840K(15872K), 0.0007694 secs]
30.144: [GC (Allocation Failure)  5256K->840K(15872K), 0.0007804 secs]
30.148: [GC (Allocation Failure)  5256K->840K(15872K), 0.0007551 secs]
30.152: [GC (Allocation Failure)  5256K->840K(15872K), 0.0007584 secs]
30.156: [GC (Allocation Failure)  5256K->840K(15872K), 0.0007633 secs]
30.160: [GC (Allocation Failure)  5256K->840K(15872K), 0.0007672 secs]
30.164: [GC (Allocation Failure)  5256K->840K(15872K), 0.0007606 secs]
30.168: [GC (Allocation Failure)  5256K->840K(15872K), 0.0007567 secs]
30.172: [GC (Allocation Failure)  5256K->840K(15872K), 0.0007562 secs]
30.176: [GC (Allocation Failure)  5256K->840K(15872K), 0.0007606 secs]
30.180: [GC (Allocation Failure)  5256K->840K(15872K), 0.0007683 secs]
30.184: [GC (Allocation Failure)  5256K->840K(15872K), 0.0007765 secs]
30.188: [GC (Allocation Failure)  5256K->840K(15872K), 0.0007628 secs]
30.192: [GC (Allocation Failure)  5256K->840K(15872K), 0.0007628 secs]
30.196: [GC (Allocation Failure)  5256K->840K(15872K), 0.0007595 secs]
30.200: [GC (Allocation Failure)  5256K->840K(15872K), 0.0007716 secs]
30.204: [GC (Allocation Failure)  5256K->840K(15872K), 0.0007787 secs]
30.208: [GC (Allocation Failure)  5256K->840K(15872K), 0.0007518 secs]
30.212: [GC (Allocation Failure)  5256K->840K(15872K), 0.0007512 secs]
30.216: [GC (Allocation Failure)  5256K->840K(15872K), 0.0007666 secs]
30.220: [GC (Allocation Failure)  5256K->840K(15872K), 0.0009085 secs]
30.225: [GC (Allocation Failure)  5256K->840K(15872K), 0.0007688 secs]
30.229: [GC (Allocation Failure)  5256K->840K(15872K), 0.0007584 secs]
30.233: [GC (Allocation Failure)  5256K->840K(15872K), 0.0007556 secs]
30.237: [GC (Allocation Failure)  5256K->840K(15872K), 0.0007556 secs]
30.241: [GC (Allocation Failure)  5256K->840K(15872K), 0.0007650 secs]
30.245: [GC (Allocation Failure)  5256K->840K(15872K), 0.0008123 secs]
30.249: [GC (Allocation Failure)  5256K->840K(15872K), 0.0007952 secs]
30.253: [GC (Allocation Failure)  5256K->840K(15872K), 0.0007661 secs]
30.257: [GC (Allocation Failure)  5256K->840K(15872K), 0.0007754 secs]
30.261: [GC (Allocation Failure)  5256K->840K(15872K), 0.0007507 secs]
30.265: [GC (Allocation Failure)  5256K->840K(15872K), 0.0007650 secs]
30.269: [GC (Allocation Failure)  5256K->840K(15872K), 0.0007584 secs]
30.273: [GC (Allocation Failure)  5256K->840K(15872K), 0.0007534 secs]
30.278: [GC (Allocation Failure)  5256K->840K(15872K), 0.0007578 secs]
30.282: [GC (Allocation Failure)  5256K->840K(15872K), 0.0007606 secs]
30.286: [GC (Allocation Failure)  5256K->840K(15872K), 0.0007611 secs]
30.290: [GC (Allocation Failure)  5256K->840K(15872K), 0.0007661 secs]
30.294: [GC (Allocation Failure)  5256K->840K(15872K), 0.0007661 secs]
30.298: [GC (Allocation Failure)  5256K->840K(15872K), 0.0007606 secs]
30.302: [GC (Allocation Failure)  5256K->840K(15872K), 0.0007578 secs]
30.306: [GC (Allocation Failure)  5256K->840K(15872K), 0.0007567 secs]
30.310: [GC (Allocation Failure)  5256K->840K(15872K), 0.0007743 secs]
30.314: [GC (Allocation Failure)  5256K->840K(15872K), 0.0008574 secs]
30.318: [GC (Allocation Failure)  5256K->840K(15872K), 0.0007688 secs]
30.322: [GC (Allocation Failure)  5256K->840K(15872K), 0.0007600 secs]
30.326: [GC (Allocation Failure)  5256K->840K(15872K), 0.0007831 secs]
30.330: [GC (Allocation Failure)  5256K->840K(15872K), 0.0007666 secs]
30.334: [GC (Allocation Failure)  5256K->840K(15872K), 0.0007551 secs]
30.338: [GC (Allocation Failure)  5256K->840K(15872K), 0.0007611 secs]
30.343: [GC (Allocation Failure)  5256K->840K(15872K), 0.0007622 secs]
30.347: [GC (Allocation Failure)  5256K->840K(15872K), 0.0007551 secs]
30.351: [GC (Allocation Failure)  5256K->840K(15872K), 0.0007622 secs]
30.355: [GC (Allocation Failure)  5256K->840K(15872K), 0.0007611 secs]
30.359: [GC (Allocation Failure)  5256K->840K(15872K), 0.0007639 secs]
30.363: [GC (Allocation Failure)  5256K->840K(15872K), 0.0007639 secs]
30.367: [GC (Allocation Failure)  5256K->840K(15872K), 0.0007551 secs]
30.371: [GC (Allocation Failure)  5256K->840K(15872K), 0.0007688 secs]
30.375: [GC (Allocation Failure)  5256K->840K(15872K), 0.0007683 secs]
30.379: [GC (Allocation Failure)  5256K->840K(15872K), 0.0007705 secs]
30.383: [GC (Allocation Failure)  5256K->840K(15872K), 0.0007677 secs]
30.387: [GC (Allocation Failure)  5256K->840K(15872K), 0.0007545 secs]
30.391: [GC (Allocation Failure)  5256K->840K(15872K), 0.0007952 secs]
30.396: [GC (Allocation Failure)  5256K->840K(15872K), 0.0008013 secs]
30.400: [GC (Allocation Failure)  5256K->840K(15872K), 0.0007793 secs]
30.404: [GC (Allocation Failure)  5256K->840K(15872K), 0.0007666 secs]
30.408: [GC (Allocation Failure)  5256K->840K(15872K), 0.0007556 secs]
30.412: [GC (Allocation Failure)  5256K->840K(15872K), 0.0007562 secs]
30.416: [GC (Allocation Failure)  5256K->840K(15872K), 0.0007639 secs]
30.420: [GC (Allocation Failure)  5256K->840K(15872K), 0.0007633 secs]
30.424: [GC (Allocation Failure)  5256K->840K(15872K), 0.0007655 secs]
30.428: [GC (Allocation Failure)  5256K->840K(15872K), 0.0007644 secs]
30.432: [GC (Allocation Failure)  5256K->840K(15872K), 0.0007567 secs]
30.436: [GC (Allocation Failure)  5256K->840K(15872K), 0.0007540 secs]
30.440: [GC (Allocation Failure)  5256K->840K(15872K), 0.0007523 secs]
30.445: [GC (Allocation Failure)  5256K->840K(15872K), 0.0007606 secs]
30.449: [GC (Allocation Failure)  5256K->840K(15872K), 0.0007534 secs]
30.453: [GC (Allocation Failure)  5256K->840K(15872K), 0.0007578 secs]
30.457: [GC (Allocation Failure)  5256K->840K(15872K), 0.0007562 secs]
30.461: [GC (Allocation Failure)  5256K->840K(15872K), 0.0007501 secs]
30.465: [GC (Allocation Failure)  5256K->840K(15872K), 0.0007485 secs]
30.469: [GC (Allocation Failure)  5256K->840K(15872K), 0.0007655 secs]
30.473: [GC (Allocation Failure)  5256K->840K(15872K), 0.0007683 secs]
30.477: [GC (Allocation Failure)  5256K->840K(15872K), 0.0007655 secs]
30.481: [GC (Allocation Failure)  5256K->840K(15872K), 0.0007633 secs]
30.485: [GC (Allocation Failure)  5256K->840K(15872K), 0.0007677 secs]
30.489: [GC (Allocation Failure)  5256K->840K(15872K), 0.0007556 secs]
30.493: [GC (Allocation Failure)  5256K->840K(15872K), 0.0007633 secs]
30.497: [GC (Allocation Failure)  5256K->840K(15872K), 0.0007617 secs]
30.501: [GC (Allocation Failure)  5256K->840K(15872K), 0.0007787 secs]
30.505: [GC (Allocation Failure)  5256K->840K(15872K), 0.0007760 secs]
30.509: [GC (Allocation Failure)  5256K->840K(15872K), 0.0007606 secs]
30.513: [GC (Allocation Failure)  5256K->840K(15872K), 0.0007650 secs]
30.517: [GC (Allocation Failure)  5256K->840K(15872K), 0.0007694 secs]
30.521: [GC (Allocation Failure)  5256K->840K(15872K), 0.0007688 secs]
30.525: [GC (Allocation Failure)  5256K->840K(15872K), 0.0007650 secs]
30.529: [GC (Allocation Failure)  5256K->840K(15872K), 0.0007595 secs]
30.533: [GC (Allocation Failure)  5256K->840K(15872K), 0.0007545 secs]
30.537: [GC (Allocation Failure)  5256K->840K(15872K), 0.0007562 secs]
30.542: [GC (Allocation Failure)  5256K->840K(15872K), 0.0007501 secs]
30.546: [GC (Allocation Failure)  5256K->840K(15872K), 0.0007501 secs]
30.550: [GC (Allocation Failure)  5256K->840K(15872K), 0.0007545 secs]
30.554: [GC (Allocation Failure)  5256K->840K(15872K), 0.0007573 secs]
30.558: [GC (Allocation Failure)  5256K->840K(15872K), 0.0007551 secs]
30.562: [GC (Allocation Failure)  5256K->840K(15872K), 0.0007644 secs]
30.566: [GC (Allocation Failure)  5256K->840K(15872K), 0.0007683 secs]
30.570: [GC (Allocation Failure)  5256K->840K(15872K), 0.0007633 secs]
30.574: [GC (Allocation Failure)  5256K->840K(15872K), 0.0007578 secs]
30.578: [GC (Allocation Failure)  5256K->840K(15872K), 0.0007683 secs]
30.582: [GC (Allocation Failure)  5256K->840K(15872K), 0.0007644 secs]
30.586: [GC (Allocation Failure)  5256K->840K(15872K), 0.0007650 secs]
30.590: [GC (Allocation Failure)  5256K->840K(15872K), 0.0007716 secs]
30.594: [GC (Allocation Failure)  5256K->840K(15872K), 0.0008915 secs]
30.598: [GC (Allocation Failure)  5256K->840K(15872K), 0.0007567 secs]
30.603: [GC (Allocation Failure)  5256K->840K(15872K), 0.0007595 secs]
30.607: [GC (Allocation Failure)  5256K->840K(15872K), 0.0007529 secs]
30.611: [GC (Allocation Failure)  5256K->840K(15872K), 0.0007474 secs]
30.615: [GC (Allocation Failure)  5256K->840K(15872K), 0.0007490 secs]
30.619: [GC (Allocation Failure)  5256K->840K(15872K), 0.0007523 secs]
30.623: [GC (Allocation Failure)  5256K->840K(15872K), 0.0007540 secs]
30.627: [GC (Allocation Failure)  5256K->840K(15872K), 0.0007622 secs]
30.631: [GC (Allocation Failure)  5256K->840K(15872K), 0.0007606 secs]
30.635: [GC (Allocation Failure)  5256K->840K(15872K), 0.0007743 secs]
30.639: [GC (Allocation Failure)  5256K->840K(15872K), 0.0007595 secs]
30.643: [GC (Allocation Failure)  5256K->840K(15872K), 0.0007650 secs]
30.647: [GC (Allocation Failure)  5256K->840K(15872K), 0.0007584 secs]
30.651: [GC (Allocation Failure)  5256K->840K(15872K), 0.0007688 secs]
30.655: [GC (Allocation Failure)  5256K->840K(15872K), 0.0007655 secs]
30.659: [GC (Allocation Failure)  5256K->840K(15872K), 0.0007710 secs]
30.663: [GC (Allocation Failure)  5256K->840K(15872K), 0.0007628 secs]
30.667: [GC (Allocation Failure)  5256K->840K(15872K), 0.0007622 secs]
30.671: [GC (Allocation Failure)  5256K->840K(15872K), 0.0007622 secs]
30.675: [GC (Allocation Failure)  5256K->840K(15872K), 0.0007661 secs]
30.679: [GC (Allocation Failure)  5256K->840K(15872K), 0.0007611 secs]
30.683: [GC (Allocation Failure)  5256K->840K(15872K), 0.0007727 secs]
30.687: [GC (Allocation Failure)  5256K->840K(15872K), 0.0007567 secs]
30.692: [GC (Allocation Failure)  5256K->840K(15872K), 0.0007683 secs]
30.696: [GC (Allocation Failure)  5256K->840K(15872K), 0.0007611 secs]
30.700: [GC (Allocation Failure)  5256K->840K(15872K), 0.0007595 secs]
30.704: [GC (Allocation Failure)  5256K->840K(15872K), 0.0007639 secs]
30.708: [GC (Allocation Failure)  5256K->840K(15872K), 0.0007556 secs]
30.712: [GC (Allocation Failure)  5256K->840K(15872K), 0.0007567 secs]
30.716: [GC (Allocation Failure)  5256K->840K(15872K), 0.0007584 secs]
30.720: [GC (Allocation Failure)  5256K->840K(15872K), 0.0007666 secs]
30.724: [GC (Allocation Failure)  5256K->840K(15872K), 0.0007611 secs]
30.728: [GC (Allocation Failure)  5256K->840K(15872K), 0.0007606 secs]
30.732: [GC (Allocation Failure)  5256K->840K(15872K), 0.0007523 secs]
30.736: [GC (Allocation Failure)  5256K->840K(15872K), 0.0007606 secs]
30.740: [GC (Allocation Failure)  5256K->840K(15872K), 0.0007622 secs]
30.744: [GC (Allocation Failure)  5256K->840K(15872K), 0.0007589 secs]
30.749: [GC (Allocation Failure)  5256K->840K(15872K), 0.0007545 secs]
30.753: [GC (Allocation Failure)  5256K->840K(15872K), 0.0007556 secs]
30.757: [GC (Allocation Failure)  5256K->840K(15872K), 0.0007507 secs]
30.761: [GC (Allocation Failure)  5256K->840K(15872K), 0.0007518 secs]
30.765: [GC (Allocation Failure)  5256K->840K(15872K), 0.0007556 secs]
30.769: [GC (Allocation Failure)  5256K->840K(15872K), 0.0007512 secs]
30.773: [GC (Allocation Failure)  5256K->840K(15872K), 0.0007545 secs]
30.777: [GC (Allocation Failure)  5256K->840K(15872K), 0.0007776 secs]
30.781: [GC (Allocation Failure)  5256K->840K(15872K), 0.0008475 secs]
30.786: [GC (Allocation Failure)  5256K->840K(15872K), 0.0007886 secs]
30.790: [GC (Allocation Failure)  5256K->840K(15872K), 0.0007628 secs]
30.795: [GC (Allocation Failure)  5256K->840K(15872K), 0.0007567 secs]
30.799: [GC (Allocation Failure)  5256K->840K(15872K), 0.0007595 secs]
30.803: [GC (Allocation Failure)  5256K->840K(15872K), 0.0007677 secs]
30.807: [GC (Allocation Failure)  5256K->840K(15872K), 0.0007578 secs]
30.811: [GC (Allocation Failure)  5256K->840K(15872K), 0.0008909 secs]
30.819: [GC (Allocation Failure)  5256K->840K(15872K), 0.0007584 secs]
30.823: [GC (Allocation Failure)  5256K->840K(15872K), 0.0008002 secs]
30.828: [GC (Allocation Failure)  5256K->840K(15872K), 0.0007589 secs]
30.832: [GC (Allocation Failure)  5256K->840K(15872K), 0.0007534 secs]
30.836: [GC (Allocation Failure)  5256K->840K(15872K), 0.0007534 secs]
30.840: [GC (Allocation Failure)  5256K->840K(15872K), 0.0009036 secs]
30.845: [GC (Allocation Failure)  5256K->840K(15872K), 0.0007644 secs]
30.849: [GC (Allocation Failure)  5256K->840K(15872K), 0.0008585 secs]
30.853: [GC (Allocation Failure)  5256K->840K(15872K), 0.0007683 secs]
30.858: [GC (Allocation Failure)  5256K->840K(15872K), 0.0007529 secs]
30.862: [GC (Allocation Failure)  5256K->840K(15872K), 0.0007529 secs]
30.866: [GC (Allocation Failure)  5256K->840K(15872K), 0.0007540 secs]
30.870: [GC (Allocation Failure)  5256K->840K(15872K), 0.0007573 secs]
30.874: [GC (Allocation Failure)  5256K->840K(15872K), 0.0007897 secs]
30.878: [GC (Allocation Failure)  5256K->840K(15872K), 0.0007622 secs]
30.882: [GC (Allocation Failure)  5256K->840K(15872K), 0.0007490 secs]
30.886: [GC (Allocation Failure)  5256K->840K(15872K), 0.0007584 secs]
30.890: [GC (Allocation Failure)  5256K->840K(15872K), 0.0007930 secs]
30.894: [GC (Allocation Failure)  5256K->840K(15872K), 0.0007765 secs]
30.898: [GC (Allocation Failure)  5256K->840K(15872K), 0.0007628 secs]
30.902: [GC (Allocation Failure)  5256K->840K(15872K), 0.0007584 secs]
30.906: [GC (Allocation Failure)  5256K->840K(15872K), 0.0007677 secs]
30.910: [GC (Allocation Failure)  5256K->840K(15872K), 0.0007523 secs]
30.914: [GC (Allocation Failure)  5256K->840K(15872K), 0.0007485 secs]
30.918: [GC (Allocation Failure)  5256K->840K(15872K), 0.0007496 secs]
30.922: [GC (Allocation Failure)  5256K->840K(15872K), 0.0007479 secs]
30.928: [GC (Allocation Failure)  5256K->840K(15872K), 0.0010966 secs]
30.933: [GC (Allocation Failure)  5256K->840K(15872K), 0.0007666 secs]
30.937: [GC (Allocation Failure)  5256K->840K(15872K), 0.0007672 secs]
30.941: [GC (Allocation Failure)  5256K->840K(15872K), 0.0007809 secs]
30.945: [GC (Allocation Failure)  5256K->840K(15872K), 0.0007628 secs]
30.949: [GC (Allocation Failure)  5256K->840K(15872K), 0.0007749 secs]
30.953: [GC (Allocation Failure)  5256K->840K(15872K), 0.0007644 secs]
30.957: [GC (Allocation Failure)  5256K->840K(15872K), 0.0007556 secs]
30.961: [GC (Allocation Failure)  5256K->840K(15872K), 0.0007562 secs]
30.965: [GC (Allocation Failure)  5256K->840K(15872K), 0.0007666 secs]
30.969: [GC (Allocation Failure)  5256K->840K(15872K), 0.0007749 secs]
30.973: [GC (Allocation Failure)  5256K->840K(15872K), 0.0007617 secs]
30.977: [GC (Allocation Failure)  5256K->840K(15872K), 0.0007595 secs]
30.981: [GC (Allocation Failure)  5256K->840K(15872K), 0.0007622 secs]
30.985: [GC (Allocation Failure)  5256K->840K(15872K), 0.0007556 secs]
30.989: [GC (Allocation Failure)  5256K->840K(15872K), 0.0007551 secs]
30.993: [GC (Allocation Failure)  5256K->840K(15872K), 0.0007710 secs]
30.997: [GC (Allocation Failure)  5256K->840K(15872K), 0.0007545 secs]
31.001: [GC (Allocation Failure)  5256K->840K(15872K), 0.0007765 secs]
31.005: [GC (Allocation Failure)  5256K->840K(15872K), 0.0007573 secs]
31.009: [GC (Allocation Failure)  5256K->840K(15872K), 0.0007551 secs]
31.013: [GC (Allocation Failure)  5256K->840K(15872K), 0.0007534 secs]
31.017: [GC (Allocation Failure)  5256K->840K(15872K), 0.0007710 secs]
31.021: [GC (Allocation Failure)  5256K->840K(15872K), 0.0007545 secs]
31.025: [GC (Allocation Failure)  5256K->840K(15872K), 0.0007545 secs]
31.030: [GC (Allocation Failure)  5256K->840K(15872K), 0.0007617 secs]
31.034: [GC (Allocation Failure)  5256K->840K(15872K), 0.0007474 secs]
31.038: [GC (Allocation Failure)  5256K->840K(15872K), 0.0007518 secs]
31.042: [GC (Allocation Failure)  5256K->840K(15872K), 0.0009998 secs]
31.046: [GC (Allocation Failure)  5256K->840K(15872K), 0.0007754 secs]
31.050: [GC (Allocation Failure)  5256K->840K(15872K), 0.0007837 secs]
31.054: [GC (Allocation Failure)  5256K->840K(15872K), 0.0007688 secs]
31.058: [GC (Allocation Failure)  5256K->840K(15872K), 0.0007952 secs]
31.062: [GC (Allocation Failure)  5256K->840K(15872K), 0.0007611 secs]
31.066: [GC (Allocation Failure)  5256K->840K(15872K), 0.0007584 secs]
31.071: [GC (Allocation Failure)  5256K->840K(15872K), 0.0007556 secs]
31.075: [GC (Allocation Failure)  5256K->840K(15872K), 0.0007540 secs]
31.079: [GC (Allocation Failure)  5256K->840K(15872K), 0.0007606 secs]
31.083: [GC (Allocation Failure)  5256K->840K(15872K), 0.0007622 secs]
31.087: [GC (Allocation Failure)  5256K->840K(15872K), 0.0007617 secs]
31.091: [GC (Allocation Failure)  5256K->840K(15872K), 0.0007600 secs]
31.095: [GC (Allocation Failure)  5256K->840K(15872K), 0.0007738 secs]
31.099: [GC (Allocation Failure)  5256K->840K(15872K), 0.0007688 secs]
31.103: [GC (Allocation Failure)  5256K->840K(15872K), 0.0007732 secs]
31.107: [GC (Allocation Failure)  5256K->840K(15872K), 0.0007666 secs]
31.111: [GC (Allocation Failure)  5256K->840K(15872K), 0.0007666 secs]
31.115: [GC (Allocation Failure)  5256K->840K(15872K), 0.0007677 secs]
31.119: [GC (Allocation Failure)  5256K->840K(15872K), 0.0008744 secs]
31.123: [GC (Allocation Failure)  5256K->840K(15872K), 0.0007584 secs]
31.128: [GC (Allocation Failure)  5256K->840K(15872K), 0.0007518 secs]
31.132: [GC (Allocation Failure)  5256K->840K(15872K), 0.0007534 secs]
31.136: [GC (Allocation Failure)  5256K->840K(15872K), 0.0007501 secs]
31.140: [GC (Allocation Failure)  5256K->840K(15872K), 0.0007617 secs]
31.144: [GC (Allocation Failure)  5256K->840K(15872K), 0.0009432 secs]
31.148: [GC (Allocation Failure)  5256K->840K(15872K), 0.0007595 secs]
31.152: [GC (Allocation Failure)  5256K->840K(15872K), 0.0007694 secs]
31.156: [GC (Allocation Failure)  5256K->840K(15872K), 0.0007595 secs]
31.160: [GC (Allocation Failure)  5256K->840K(15872K), 0.0007683 secs]
31.164: [GC (Allocation Failure)  5256K->840K(15872K), 0.0007595 secs]
31.168: [GC (Allocation Failure)  5256K->840K(15872K), 0.0007672 secs]
31.172: [GC (Allocation Failure)  5256K->840K(15872K), 0.0007622 secs]
31.176: [GC (Allocation Failure)  5256K->840K(15872K), 0.0007694 secs]
31.180: [GC (Allocation Failure)  5256K->840K(15872K), 0.0007611 secs]
31.184: [GC (Allocation Failure)  5256K->840K(15872K), 0.0007622 secs]
31.188: [GC (Allocation Failure)  5256K->840K(15872K), 0.0007540 secs]
31.193: [GC (Allocation Failure)  5256K->840K(15872K), 0.0007644 secs]
31.197: [GC (Allocation Failure)  5256K->840K(15872K), 0.0007600 secs]
31.201: [GC (Allocation Failure)  5256K->840K(15872K), 0.0007595 secs]
31.205: [GC (Allocation Failure)  5256K->840K(15872K), 0.0007716 secs]
31.209: [GC (Allocation Failure)  5256K->840K(15872K), 0.0007600 secs]
31.213: [GC (Allocation Failure)  5256K->840K(15872K), 0.0007611 secs]
31.217: [GC (Allocation Failure)  5256K->840K(15872K), 0.0007980 secs]
31.221: [GC (Allocation Failure)  5256K->840K(15872K), 0.0007650 secs]
31.225: [GC (Allocation Failure)  5256K->840K(15872K), 0.0007716 secs]
31.229: [GC (Allocation Failure)  5256K->840K(15872K), 0.0007793 secs]
31.233: [GC (Allocation Failure)  5256K->840K(15872K), 0.0007611 secs]
31.237: [GC (Allocation Failure)  5256K->840K(15872K), 0.0007606 secs]
31.241: [GC (Allocation Failure)  5256K->840K(15872K), 0.0007589 secs]
31.245: [GC (Allocation Failure)  5256K->840K(15872K), 0.0007551 secs]
31.249: [GC (Allocation Failure)  5256K->840K(15872K), 0.0008640 secs]
31.254: [GC (Allocation Failure)  5256K->840K(15872K), 0.0007529 secs]
31.258: [GC (Allocation Failure)  5256K->840K(15872K), 0.0007661 secs]
31.262: [GC (Allocation Failure)  5256K->840K(15872K), 0.0007540 secs]
31.266: [GC (Allocation Failure)  5256K->840K(15872K), 0.0007589 secs]
31.270: [GC (Allocation Failure)  5256K->840K(15872K), 0.0007694 secs]
31.274: [GC (Allocation Failure)  5256K->840K(15872K), 0.0007589 secs]
31.278: [GC (Allocation Failure)  5256K->840K(15872K), 0.0007666 secs]
31.282: [GC (Allocation Failure)  5256K->840K(15872K), 0.0007639 secs]
31.286: [GC (Allocation Failure)  5256K->840K(15872K), 0.0007655 secs]
31.290: [GC (Allocation Failure)  5256K->840K(15872K), 0.0007606 secs]
31.294: [GC (Allocation Failure)  5256K->840K(15872K), 0.0007677 secs]
31.298: [GC (Allocation Failure)  5256K->840K(15872K), 0.0007595 secs]
31.303: [GC (Allocation Failure)  5256K->840K(15872K), 0.0007545 secs]
31.307: [GC (Allocation Failure)  5256K->840K(15872K), 0.0008431 secs]
31.311: [GC (Allocation Failure)  5256K->840K(15872K), 0.0007578 secs]
31.315: [GC (Allocation Failure)  5256K->840K(15872K), 0.0007523 secs]
31.319: [GC (Allocation Failure)  5256K->840K(15872K), 0.0007694 secs]
31.323: [GC (Allocation Failure)  5256K->840K(15872K), 0.0007567 secs]
31.327: [GC (Allocation Failure)  5256K->840K(15872K), 0.0007661 secs]
31.331: [GC (Allocation Failure)  5256K->840K(15872K), 0.0007699 secs]
31.335: [GC (Allocation Failure)  5256K->840K(15872K), 0.0007633 secs]
31.339: [GC (Allocation Failure)  5256K->840K(15872K), 0.0007875 secs]
31.343: [GC (Allocation Failure)  5256K->840K(15872K), 0.0007622 secs]
31.348: [GC (Allocation Failure)  5256K->840K(15872K), 0.0007738 secs]
31.352: [GC (Allocation Failure)  5256K->840K(15872K), 0.0007639 secs]
31.356: [GC (Allocation Failure)  5256K->840K(15872K), 0.0007600 secs]
31.360: [GC (Allocation Failure)  5256K->840K(15872K), 0.0007683 secs]
31.364: [GC (Allocation Failure)  5256K->840K(15872K), 0.0007606 secs]
31.368: [GC (Allocation Failure)  5256K->840K(15872K), 0.0007600 secs]
31.372: [GC (Allocation Failure)  5256K->840K(15872K), 0.0007771 secs]
31.376: [GC (Allocation Failure)  5256K->840K(15872K), 0.0008238 secs]
31.380: [GC (Allocation Failure)  5256K->840K(15872K), 0.0007622 secs]
31.384: [GC (Allocation Failure)  5256K->840K(15872K), 0.0007622 secs]
31.388: [GC (Allocation Failure)  5256K->840K(15872K), 0.0007523 secs]
31.392: [GC (Allocation Failure)  5256K->840K(15872K), 0.0007881 secs]
31.397: [GC (Allocation Failure)  5256K->840K(15872K), 0.0007892 secs]
31.401: [GC (Allocation Failure)  5256K->840K(15872K), 0.0007727 secs]
31.405: [GC (Allocation Failure)  5256K->840K(15872K), 0.0007573 secs]
31.409: [GC (Allocation Failure)  5256K->840K(15872K), 0.0007743 secs]
31.413: [GC (Allocation Failure)  5256K->840K(15872K), 0.0007600 secs]
31.417: [GC (Allocation Failure)  5256K->840K(15872K), 0.0007611 secs]
31.421: [GC (Allocation Failure)  5256K->840K(15872K), 0.0007639 secs]
31.425: [GC (Allocation Failure)  5256K->840K(15872K), 0.0007804 secs]
31.430: [GC (Allocation Failure)  5256K->840K(15872K), 0.0007815 secs]
31.434: [GC (Allocation Failure)  5256K->840K(15872K), 0.0007644 secs]
31.438: [GC (Allocation Failure)  5256K->840K(15872K), 0.0007551 secs]
31.443: [GC (Allocation Failure)  5256K->840K(15872K), 0.0007556 secs]
31.447: [GC (Allocation Failure)  5256K->840K(15872K), 0.0007644 secs]
31.452: [GC (Allocation Failure)  5256K->840K(15872K), 0.0007754 secs]
31.456: [GC (Allocation Failure)  5256K->840K(15872K), 0.0007589 secs]
31.460: [GC (Allocation Failure)  5256K->840K(15872K), 0.0007589 secs]
31.464: [GC (Allocation Failure)  5256K->840K(15872K), 0.0007639 secs]
31.468: [GC (Allocation Failure)  5256K->840K(15872K), 0.0007754 secs]
31.472: [GC (Allocation Failure)  5256K->840K(15872K), 0.0007798 secs]
31.478: [GC (Allocation Failure)  5256K->840K(15872K), 0.0007622 secs]
31.482: [GC (Allocation Failure)  5256K->840K(15872K), 0.0007639 secs]
31.486: [GC (Allocation Failure)  5256K->840K(15872K), 0.0007694 secs]
31.490: [GC (Allocation Failure)  5256K->840K(15872K), 0.0007639 secs]
31.494: [GC (Allocation Failure)  5256K->840K(15872K), 0.0007600 secs]
31.498: [GC (Allocation Failure)  5256K->840K(15872K), 0.0007628 secs]
31.502: [GC (Allocation Failure)  5256K->840K(15872K), 0.0007573 secs]
31.506: [GC (Allocation Failure)  5256K->840K(15872K), 0.0007584 secs]
31.510: [GC (Allocation Failure)  5256K->840K(15872K), 0.0007617 secs]
31.514: [GC (Allocation Failure)  5256K->840K(15872K), 0.0007600 secs]
31.518: [GC (Allocation Failure)  5256K->840K(15872K), 0.0008491 secs]
31.522: [GC (Allocation Failure)  5256K->840K(15872K), 0.0007578 secs]
31.526: [GC (Allocation Failure)  5256K->840K(15872K), 0.0007716 secs]
31.530: [GC (Allocation Failure)  5256K->840K(15872K), 0.0007650 secs]
31.534: [GC (Allocation Failure)  5256K->840K(15872K), 0.0007617 secs]
31.538: [GC (Allocation Failure)  5256K->840K(15872K), 0.0007677 secs]
31.542: [GC (Allocation Failure)  5256K->840K(15872K), 0.0007721 secs]
31.546: [GC (Allocation Failure)  5256K->840K(15872K), 0.0007606 secs]
31.550: [GC (Allocation Failure)  5256K->840K(15872K), 0.0007622 secs]
31.554: [GC (Allocation Failure)  5256K->840K(15872K), 0.0007606 secs]
31.558: [GC (Allocation Failure)  5256K->840K(15872K), 0.0007529 secs]
31.563: [GC (Allocation Failure)  5256K->840K(15872K), 0.0007672 secs]
31.567: [GC (Allocation Failure)  5256K->840K(15872K), 0.0007523 secs]
31.571: [GC (Allocation Failure)  5256K->840K(15872K), 0.0007556 secs]
31.575: [GC (Allocation Failure)  5256K->840K(15872K), 0.0007551 secs]
31.579: [GC (Allocation Failure)  5256K->840K(15872K), 0.0008013 secs]
31.583: [GC (Allocation Failure)  5256K->840K(15872K), 0.0007545 secs]
31.587: [GC (Allocation Failure)  5256K->840K(15872K), 0.0007545 secs]
31.591: [GC (Allocation Failure)  5256K->840K(15872K), 0.0007545 secs]
31.595: [GC (Allocation Failure)  5256K->840K(15872K), 0.0008970 secs]
31.599: [GC (Allocation Failure)  5256K->840K(15872K), 0.0008381 secs]
31.603: [GC (Allocation Failure)  5256K->840K(15872K), 0.0007573 secs]
31.607: [GC (Allocation Failure)  5256K->840K(15872K), 0.0007573 secs]
31.611: [GC (Allocation Failure)  5256K->840K(15872K), 0.0009008 secs]
31.616: [GC (Allocation Failure)  5256K->840K(15872K), 0.0007556 secs]
31.620: [GC (Allocation Failure)  5256K->840K(15872K), 0.0007567 secs]
31.624: [GC (Allocation Failure)  5256K->840K(15872K), 0.0007518 secs]
31.628: [GC (Allocation Failure)  5256K->840K(15872K), 0.0007523 secs]
31.632: [GC (Allocation Failure)  5256K->840K(15872K), 0.0007507 secs]
31.636: [GC (Allocation Failure)  5256K->840K(15872K), 0.0007556 secs]
31.640: [GC (Allocation Failure)  5256K->840K(15872K), 0.0007606 secs]
31.644: [GC (Allocation Failure)  5256K->840K(15872K), 0.0007578 secs]
31.648: [GC (Allocation Failure)  5256K->840K(15872K), 0.0007628 secs]
31.652: [GC (Allocation Failure)  5256K->840K(15872K), 0.0007606 secs]
31.656: [GC (Allocation Failure)  5256K->840K(15872K), 0.0007589 secs]
31.660: [GC (Allocation Failure)  5256K->840K(15872K), 0.0007551 secs]
31.664: [GC (Allocation Failure)  5256K->840K(15872K), 0.0007562 secs]
31.668: [GC (Allocation Failure)  5256K->840K(15872K), 0.0007595 secs]
31.672: [GC (Allocation Failure)  5256K->840K(15872K), 0.0007589 secs]
31.676: [GC (Allocation Failure)  5256K->840K(15872K), 0.0007600 secs]
31.680: [GC (Allocation Failure)  5256K->840K(15872K), 0.0007573 secs]
31.684: [GC (Allocation Failure)  5256K->840K(15872K), 0.0007556 secs]
31.688: [GC (Allocation Failure)  5256K->840K(15872K), 0.0007545 secs]
31.692: [GC (Allocation Failure)  5256K->840K(15872K), 0.0007677 secs]
31.696: [GC (Allocation Failure)  5256K->840K(15872K), 0.0008310 secs]
31.700: [GC (Allocation Failure)  5256K->840K(15872K), 0.0007617 secs]
31.704: [GC (Allocation Failure)  5256K->840K(15872K), 0.0007611 secs]
31.708: [GC (Allocation Failure)  5256K->840K(15872K), 0.0007688 secs]
31.712: [GC (Allocation Failure)  5256K->840K(15872K), 0.0007567 secs]
31.716: [GC (Allocation Failure)  5256K->840K(15872K), 0.0007584 secs]
31.720: [GC (Allocation Failure)  5256K->840K(15872K), 0.0007573 secs]
31.724: [GC (Allocation Failure)  5256K->840K(15872K), 0.0007699 secs]
31.728: [GC (Allocation Failure)  5256K->840K(15872K), 0.0007655 secs]
31.732: [GC (Allocation Failure)  5256K->840K(15872K), 0.0007611 secs]
31.736: [GC (Allocation Failure)  5256K->840K(15872K), 0.0007518 secs]
31.740: [GC (Allocation Failure)  5256K->840K(15872K), 0.0007540 secs]
31.744: [GC (Allocation Failure)  5256K->840K(15872K), 0.0007573 secs]
31.748: [GC (Allocation Failure)  5256K->840K(15872K), 0.0007595 secs]
31.753: [GC (Allocation Failure)  5256K->840K(15872K), 0.0007573 secs]
31.757: [GC (Allocation Failure)  5256K->840K(15872K), 0.0007523 secs]
31.761: [GC (Allocation Failure)  5256K->840K(15872K), 0.0007600 secs]
31.765: [GC (Allocation Failure)  5256K->840K(15872K), 0.0008073 secs]
31.769: [GC (Allocation Failure)  5256K->840K(15872K), 0.0008799 secs]
31.773: [GC (Allocation Failure)  5256K->840K(15872K), 0.0007617 secs]
31.777: [GC (Allocation Failure)  5256K->840K(15872K), 0.0007633 secs]
31.781: [GC (Allocation Failure)  5256K->840K(15872K), 0.0007650 secs]
31.785: [GC (Allocation Failure)  5256K->840K(15872K), 0.0007595 secs]
31.789: [GC (Allocation Failure)  5256K->840K(15872K), 0.0007771 secs]
31.793: [GC (Allocation Failure)  5256K->840K(15872K), 0.0007661 secs]
31.797: [GC (Allocation Failure)  5256K->840K(15872K), 0.0007556 secs]
31.801: [GC (Allocation Failure)  5256K->840K(15872K), 0.0007688 secs]
31.806: [GC (Allocation Failure)  5256K->840K(15872K), 0.0007534 secs]
31.810: [GC (Allocation Failure)  5256K->840K(15872K), 0.0007870 secs]
31.814: [GC (Allocation Failure)  5256K->840K(15872K), 0.0007699 secs]
31.818: [GC (Allocation Failure)  5256K->840K(15872K), 0.0007628 secs]
31.822: [GC (Allocation Failure)  5256K->840K(15872K), 0.0007776 secs]
31.827: [GC (Allocation Failure)  5256K->840K(15872K), 0.0007644 secs]
31.831: [GC (Allocation Failure)  5256K->840K(15872K), 0.0007501 secs]
31.835: [GC (Allocation Failure)  5256K->840K(15872K), 0.0007501 secs]
31.839: [GC (Allocation Failure)  5256K->840K(15872K), 0.0007628 secs]
31.843: [GC (Allocation Failure)  5256K->840K(15872K), 0.0007661 secs]
31.847: [GC (Allocation Failure)  5256K->840K(15872K), 0.0007606 secs]
31.851: [GC (Allocation Failure)  5256K->840K(15872K), 0.0007677 secs]
31.855: [GC (Allocation Failure)  5256K->840K(15872K), 0.0007584 secs]
31.859: [GC (Allocation Failure)  5256K->840K(15872K), 0.0007969 secs]
31.863: [GC (Allocation Failure)  5256K->840K(15872K), 0.0007710 secs]
31.867: [GC (Allocation Failure)  5256K->840K(15872K), 0.0008205 secs]
31.871: [GC (Allocation Failure)  5256K->840K(15872K), 0.0008783 secs]
31.876: [GC (Allocation Failure)  5256K->840K(15872K), 0.0007567 secs]
31.880: [GC (Allocation Failure)  5256K->840K(15872K), 0.0007501 secs]
31.884: [GC (Allocation Failure)  5256K->840K(15872K), 0.0008728 secs]
31.888: [GC (Allocation Failure)  5256K->840K(15872K), 0.0007611 secs]
31.892: [GC (Allocation Failure)  5256K->840K(15872K), 0.0007529 secs]
31.896: [GC (Allocation Failure)  5256K->840K(15872K), 0.0007501 secs]
31.900: [GC (Allocation Failure)  5256K->840K(15872K), 0.0007567 secs]
31.904: [GC (Allocation Failure)  5256K->840K(15872K), 0.0007617 secs]
31.908: [GC (Allocation Failure)  5256K->840K(15872K), 0.0007551 secs]
31.912: [GC (Allocation Failure)  5256K->840K(15872K), 0.0007512 secs]
31.916: [GC (Allocation Failure)  5256K->840K(15872K), 0.0007666 secs]
31.921: [GC (Allocation Failure)  5256K->840K(15872K), 0.0007606 secs]
31.925: [GC (Allocation Failure)  5256K->840K(15872K), 0.0007644 secs]
31.929: [GC (Allocation Failure)  5256K->840K(15872K), 0.0007595 secs]
31.933: [GC (Allocation Failure)  5256K->840K(15872K), 0.0007512 secs]
31.937: [GC (Allocation Failure)  5256K->840K(15872K), 0.0007518 secs]
31.941: [GC (Allocation Failure)  5256K->840K(15872K), 0.0007562 secs]
31.945: [GC (Allocation Failure)  5256K->840K(15872K), 0.0007496 secs]
31.949: [GC (Allocation Failure)  5256K->840K(15872K), 0.0007479 secs]
31.953: [GC (Allocation Failure)  5256K->840K(15872K), 0.0008623 secs]
31.957: [GC (Allocation Failure)  5256K->840K(15872K), 0.0007771 secs]
31.961: [GC (Allocation Failure)  5256K->840K(15872K), 0.0007584 secs]
31.965: [GC (Allocation Failure)  5256K->840K(15872K), 0.0007699 secs]
31.969: [GC (Allocation Failure)  5256K->840K(15872K), 0.0007600 secs]
31.973: [GC (Allocation Failure)  5256K->840K(15872K), 0.0007705 secs]
31.977: [GC (Allocation Failure)  5256K->840K(15872K), 0.0008018 secs]
31.981: [GC (Allocation Failure)  5256K->840K(15872K), 0.0007589 secs]
31.985: [GC (Allocation Failure)  5256K->840K(15872K), 0.0007567 secs]
31.989: [GC (Allocation Failure)  5256K->840K(15872K), 0.0007688 secs]
31.993: [GC (Allocation Failure)  5256K->840K(15872K), 0.0007930 secs]
31.997: [GC (Allocation Failure)  5256K->840K(15872K), 0.0007738 secs]
32.001: [GC (Allocation Failure)  5256K->840K(15872K), 0.0007633 secs]
32.005: [GC (Allocation Failure)  5256K->840K(15872K), 0.0007584 secs]
32.009: [GC (Allocation Failure)  5256K->840K(15872K), 0.0007694 secs]
32.013: [GC (Allocation Failure)  5256K->840K(15872K), 0.0007815 secs]
32.017: [GC (Allocation Failure)  5256K->840K(15872K), 0.0007622 secs]
32.022: [GC (Allocation Failure)  5256K->840K(15872K), 0.0008898 secs]
32.026: [GC (Allocation Failure)  5256K->840K(15872K), 0.0007496 secs]
32.030: [GC (Allocation Failure)  5256K->840K(15872K), 0.0007633 secs]
32.034: [GC (Allocation Failure)  5256K->840K(15872K), 0.0007562 secs]
32.038: [GC (Allocation Failure)  5256K->840K(15872K), 0.0007556 secs]
32.042: [GC (Allocation Failure)  5256K->840K(15872K), 0.0007622 secs]
32.046: [GC (Allocation Failure)  5256K->840K(15872K), 0.0007727 secs]
32.050: [GC (Allocation Failure)  5256K->840K(15872K), 0.0007600 secs]
32.054: [GC (Allocation Failure)  5256K->840K(15872K), 0.0007815 secs]
32.058: [GC (Allocation Failure)  5256K->840K(15872K), 0.0007584 secs]
32.062: [GC (Allocation Failure)  5256K->840K(15872K), 0.0007677 secs]
32.066: [GC (Allocation Failure)  5256K->840K(15872K), 0.0007721 secs]
32.070: [GC (Allocation Failure)  5256K->840K(15872K), 0.0007699 secs]
32.074: [GC (Allocation Failure)  5256K->840K(15872K), 0.0007754 secs]
32.078: [GC (Allocation Failure)  5256K->840K(15872K), 0.0007853 secs]
32.083: [GC (Allocation Failure)  5256K->840K(15872K), 0.0007562 secs]
32.087: [GC (Allocation Failure)  5256K->840K(15872K), 0.0007573 secs]
32.091: [GC (Allocation Failure)  5256K->840K(15872K), 0.0007573 secs]
32.095: [GC (Allocation Failure)  5256K->840K(15872K), 0.0007633 secs]
32.099: [GC (Allocation Failure)  5256K->840K(15872K), 0.0007551 secs]
32.103: [GC (Allocation Failure)  5256K->840K(15872K), 0.0008084 secs]
32.107: [GC (Allocation Failure)  5256K->840K(15872K), 0.0007639 secs]
32.111: [GC (Allocation Failure)  5256K->840K(15872K), 0.0007551 secs]
32.115: [GC (Allocation Failure)  5256K->840K(15872K), 0.0007600 secs]
32.119: [GC (Allocation Failure)  5256K->840K(15872K), 0.0007655 secs]
32.123: [GC (Allocation Failure)  5256K->840K(15872K), 0.0008222 secs]
32.127: [GC (Allocation Failure)  5256K->840K(15872K), 0.0007644 secs]
32.131: [GC (Allocation Failure)  5256K->840K(15872K), 0.0007551 secs]
32.135: [GC (Allocation Failure)  5256K->840K(15872K), 0.0007556 secs]
32.139: [GC (Allocation Failure)  5256K->840K(15872K), 0.0008915 secs]
32.143: [GC (Allocation Failure)  5256K->840K(15872K), 0.0007622 secs]
32.148: [GC (Allocation Failure)  5256K->840K(15872K), 0.0007512 secs]
32.152: [GC (Allocation Failure)  5256K->840K(15872K), 0.0007589 secs]
32.156: [GC (Allocation Failure)  5256K->840K(15872K), 0.0007617 secs]
32.160: [GC (Allocation Failure)  5256K->840K(15872K), 0.0007584 secs]
32.164: [GC (Allocation Failure)  5256K->840K(15872K), 0.0007496 secs]
32.168: [GC (Allocation Failure)  5256K->840K(15872K), 0.0007655 secs]
32.172: [GC (Allocation Failure)  5256K->840K(15872K), 0.0007600 secs]
32.176: [GC (Allocation Failure)  5256K->840K(15872K), 0.0007650 secs]
32.180: [GC (Allocation Failure)  5256K->840K(15872K), 0.0007650 secs]
32.184: [GC (Allocation Failure)  5256K->840K(15872K), 0.0007617 secs]
32.188: [GC (Allocation Failure)  5256K->840K(15872K), 0.0007606 secs]
32.192: [GC (Allocation Failure)  5256K->840K(15872K), 0.0007595 secs]
32.196: [GC (Allocation Failure)  5256K->840K(15872K), 0.0007672 secs]
32.200: [GC (Allocation Failure)  5256K->840K(15872K), 0.0007617 secs]
32.204: [GC (Allocation Failure)  5256K->840K(15872K), 0.0007633 secs]
32.208: [GC (Allocation Failure)  5256K->840K(15872K), 0.0007606 secs]
32.212: [GC (Allocation Failure)  5256K->840K(15872K), 0.0007578 secs]
32.216: [GC (Allocation Failure)  5256K->840K(15872K), 0.0007672 secs]
32.220: [GC (Allocation Failure)  5256K->840K(15872K), 0.0007567 secs]
32.225: [GC (Allocation Failure)  5256K->840K(15872K), 0.0007666 secs]
32.229: [GC (Allocation Failure)  5256K->840K(15872K), 0.0007529 secs]
32.233: [GC (Allocation Failure)  5256K->840K(15872K), 0.0008326 secs]
32.237: [GC (Allocation Failure)  5256K->840K(15872K), 0.0007842 secs]
32.241: [GC (Allocation Failure)  5256K->840K(15872K), 0.0007644 secs]
32.245: [GC (Allocation Failure)  5256K->840K(15872K), 0.0007556 secs]
32.249: [GC (Allocation Failure)  5256K->840K(15872K), 0.0007490 secs]
32.253: [GC (Allocation Failure)  5256K->840K(15872K), 0.0007606 secs]
32.257: [GC (Allocation Failure)  5256K->840K(15872K), 0.0007595 secs]
32.261: [GC (Allocation Failure)  5256K->840K(15872K), 0.0007617 secs]
32.265: [GC (Allocation Failure)  5256K->840K(15872K), 0.0007545 secs]
32.269: [GC (Allocation Failure)  5256K->840K(15872K), 0.0007578 secs]
32.273: [GC (Allocation Failure)  5256K->840K(15872K), 0.0007908 secs]
32.278: [GC (Allocation Failure)  5256K->840K(15872K), 0.0007661 secs]
32.282: [GC (Allocation Failure)  5256K->840K(15872K), 0.0007534 secs]
32.286: [GC (Allocation Failure)  5256K->840K(15872K), 0.0007573 secs]
32.290: [GC (Allocation Failure)  5256K->840K(15872K), 0.0007606 secs]
32.294: [GC (Allocation Failure)  5256K->840K(15872K), 0.0007628 secs]
32.298: [GC (Allocation Failure)  5256K->840K(15872K), 0.0007633 secs]
32.302: [GC (Allocation Failure)  5256K->840K(15872K), 0.0007694 secs]
32.306: [GC (Allocation Failure)  5256K->840K(15872K), 0.0007655 secs]
32.310: [GC (Allocation Failure)  5256K->840K(15872K), 0.0007661 secs]
32.314: [GC (Allocation Failure)  5256K->840K(15872K), 0.0007974 secs]
32.318: [GC (Allocation Failure)  5256K->840K(15872K), 0.0007633 secs]
32.322: [GC (Allocation Failure)  5256K->840K(15872K), 0.0007485 secs]
32.326: [GC (Allocation Failure)  5256K->840K(15872K), 0.0008992 secs]
32.331: [GC (Allocation Failure)  5256K->840K(15872K), 0.0007578 secs]
32.335: [GC (Allocation Failure)  5256K->840K(15872K), 0.0007540 secs]
32.339: [GC (Allocation Failure)  5256K->840K(15872K), 0.0007589 secs]
32.343: [GC (Allocation Failure)  5256K->840K(15872K), 0.0007633 secs]
32.347: [GC (Allocation Failure)  5256K->840K(15872K), 0.0007661 secs]
32.351: [GC (Allocation Failure)  5256K->840K(15872K), 0.0008255 secs]
32.355: [GC (Allocation Failure)  5256K->840K(15872K), 0.0007584 secs]
32.359: [GC (Allocation Failure)  5256K->840K(15872K), 0.0007584 secs]
32.363: [GC (Allocation Failure)  5256K->840K(15872K), 0.0007639 secs]
32.367: [GC (Allocation Failure)  5256K->840K(15872K), 0.0007628 secs]
32.371: [GC (Allocation Failure)  5256K->840K(15872K), 0.0007518 secs]
32.375: [GC (Allocation Failure)  5256K->840K(15872K), 0.0007573 secs]
32.379: [GC (Allocation Failure)  5256K->840K(15872K), 0.0007540 secs]
32.383: [GC (Allocation Failure)  5256K->840K(15872K), 0.0007721 secs]
32.388: [GC (Allocation Failure)  5256K->840K(15872K), 0.0007556 secs]
32.392: [GC (Allocation Failure)  5256K->840K(15872K), 0.0007611 secs]
32.396: [GC (Allocation Failure)  5256K->840K(15872K), 0.0007595 secs]
32.400: [GC (Allocation Failure)  5256K->840K(15872K), 0.0007573 secs]
32.404: [GC (Allocation Failure)  5256K->840K(15872K), 0.0007622 secs]
32.408: [GC (Allocation Failure)  5256K->840K(15872K), 0.0007639 secs]
32.412: [GC (Allocation Failure)  5256K->840K(15872K), 0.0007512 secs]
32.416: [GC (Allocation Failure)  5256K->840K(15872K), 0.0007496 secs]
32.420: [GC (Allocation Failure)  5256K->840K(15872K), 0.0008414 secs]
32.424: [GC (Allocation Failure)  5256K->840K(15872K), 0.0007710 secs]
32.428: [GC (Allocation Failure)  5256K->840K(15872K), 0.0007743 secs]
32.432: [GC (Allocation Failure)  5256K->840K(15872K), 0.0007573 secs]
32.436: [GC (Allocation Failure)  5256K->840K(15872K), 0.0007529 secs]
32.440: [GC (Allocation Failure)  5256K->840K(15872K), 0.0007628 secs]
32.444: [GC (Allocation Failure)  5256K->840K(15872K), 0.0007573 secs]
32.449: [GC (Allocation Failure)  5256K->840K(15872K), 0.0007611 secs]
32.453: [GC (Allocation Failure)  5256K->840K(15872K), 0.0007578 secs]
32.457: [GC (Allocation Failure)  5256K->840K(15872K), 0.0007540 secs]
32.461: [GC (Allocation Failure)  5256K->840K(15872K), 0.0007529 secs]
32.465: [GC (Allocation Failure)  5256K->840K(15872K), 0.0007463 secs]
32.469: [GC (Allocation Failure)  5256K->840K(15872K), 0.0007496 secs]
32.473: [GC (Allocation Failure)  5256K->840K(15872K), 0.0007534 secs]
32.477: [GC (Allocation Failure)  5256K->840K(15872K), 0.0007573 secs]
32.481: [GC (Allocation Failure)  5256K->840K(15872K), 0.0007567 secs]
32.485: [GC (Allocation Failure)  5256K->840K(15872K), 0.0007611 secs]
32.489: [GC (Allocation Failure)  5256K->840K(15872K), 0.0007556 secs]
32.493: [GC (Allocation Failure)  5256K->840K(15872K), 0.0007666 secs]
32.497: [GC (Allocation Failure)  5256K->840K(15872K), 0.0007545 secs]
32.501: [GC (Allocation Failure)  5256K->840K(15872K), 0.0007595 secs]
32.505: [GC (Allocation Failure)  5256K->840K(15872K), 0.0007732 secs]
32.509: [GC (Allocation Failure)  5256K->840K(15872K), 0.0007534 secs]
32.513: [GC (Allocation Failure)  5256K->840K(15872K), 0.0008068 secs]
32.517: [GC (Allocation Failure)  5256K->840K(15872K), 0.0007716 secs]
32.521: [GC (Allocation Failure)  5256K->840K(15872K), 0.0007567 secs]
32.525: [GC (Allocation Failure)  5256K->840K(15872K), 0.0007870 secs]
32.529: [GC (Allocation Failure)  5256K->840K(15872K), 0.0007556 secs]
32.533: [GC (Allocation Failure)  5256K->840K(15872K), 0.0008832 secs]
32.537: [GC (Allocation Failure)  5256K->840K(15872K), 0.0007584 secs]
32.541: [GC (Allocation Failure)  5256K->840K(15872K), 0.0007507 secs]
32.545: [GC (Allocation Failure)  5256K->840K(15872K), 0.0007589 secs]
32.550: [GC (Allocation Failure)  5256K->840K(15872K), 0.0007562 secs]
32.554: [GC (Allocation Failure)  5256K->840K(15872K), 0.0007567 secs]
32.558: [GC (Allocation Failure)  5256K->840K(15872K), 0.0007573 secs]
32.562: [GC (Allocation Failure)  5256K->840K(15872K), 0.0007666 secs]
32.566: [GC (Allocation Failure)  5256K->840K(15872K), 0.0007589 secs]
32.570: [GC (Allocation Failure)  5256K->840K(15872K), 0.0007655 secs]
32.574: [GC (Allocation Failure)  5256K->840K(15872K), 0.0007881 secs]
32.578: [GC (Allocation Failure)  5256K->840K(15872K), 0.0007892 secs]
32.582: [GC (Allocation Failure)  5256K->840K(15872K), 0.0007606 secs]
32.586: [GC (Allocation Failure)  5256K->840K(15872K), 0.0007573 secs]
32.590: [GC (Allocation Failure)  5256K->840K(15872K), 0.0007919 secs]
32.594: [GC (Allocation Failure)  5256K->840K(15872K), 0.0007815 secs]
32.598: [GC (Allocation Failure)  5256K->840K(15872K), 0.0007639 secs]
32.602: [GC (Allocation Failure)  5256K->840K(15872K), 0.0007578 secs]
32.606: [GC (Allocation Failure)  5256K->840K(15872K), 0.0007606 secs]
32.610: [GC (Allocation Failure)  5256K->840K(15872K), 0.0007573 secs]
32.615: [GC (Allocation Failure)  5256K->840K(15872K), 0.0007589 secs]
32.619: [GC (Allocation Failure)  5256K->840K(15872K), 0.0007567 secs]
32.623: [GC (Allocation Failure)  5256K->840K(15872K), 0.0007556 secs]
32.627: [GC (Allocation Failure)  5256K->840K(15872K), 0.0007562 secs]
32.631: [GC (Allocation Failure)  5256K->840K(15872K), 0.0007501 secs]
32.635: [GC (Allocation Failure)  5256K->840K(15872K), 0.0007798 secs]
32.639: [GC (Allocation Failure)  5256K->840K(15872K), 0.0007787 secs]
32.643: [GC (Allocation Failure)  5256K->840K(15872K), 0.0007820 secs]
32.647: [GC (Allocation Failure)  5256K->840K(15872K), 0.0007507 secs]
32.651: [GC (Allocation Failure)  5256K->840K(15872K), 0.0007798 secs]
32.655: [GC (Allocation Failure)  5256K->840K(15872K), 0.0008216 secs]
32.659: [GC (Allocation Failure)  5256K->840K(15872K), 0.0007870 secs]
32.663: [GC (Allocation Failure)  5256K->840K(15872K), 0.0007919 secs]
32.667: [GC (Allocation Failure)  5256K->840K(15872K), 0.0007776 secs]
32.672: [GC (Allocation Failure)  5256K->840K(15872K), 0.0007490 secs]
32.676: [GC (Allocation Failure)  5256K->840K(15872K), 0.0007518 secs]
32.680: [GC (Allocation Failure)  5256K->840K(15872K), 0.0009575 secs]
32.684: [GC (Allocation Failure)  5256K->840K(15872K), 0.0007584 secs]
32.688: [GC (Allocation Failure)  5256K->840K(15872K), 0.0007567 secs]
32.692: [GC (Allocation Failure)  5256K->840K(15872K), 0.0007589 secs]
32.696: [GC (Allocation Failure)  5256K->840K(15872K), 0.0007589 secs]
32.700: [GC (Allocation Failure)  5256K->840K(15872K), 0.0008293 secs]
32.704: [GC (Allocation Failure)  5256K->840K(15872K), 0.0007738 secs]
32.708: [GC (Allocation Failure)  5256K->840K(15872K), 0.0007666 secs]
32.712: [GC (Allocation Failure)  5256K->840K(15872K), 0.0007545 secs]
32.716: [GC (Allocation Failure)  5256K->840K(15872K), 0.0007617 secs]
32.720: [GC (Allocation Failure)  5256K->840K(15872K), 0.0007743 secs]
32.724: [GC (Allocation Failure)  5256K->840K(15872K), 0.0007710 secs]
32.728: [GC (Allocation Failure)  5256K->840K(15872K), 0.0007677 secs]
32.732: [GC (Allocation Failure)  5256K->840K(15872K), 0.0007556 secs]
32.736: [GC (Allocation Failure)  5256K->840K(15872K), 0.0007573 secs]
32.741: [GC (Allocation Failure)  5256K->840K(15872K), 0.0007518 secs]
32.745: [GC (Allocation Failure)  5256K->840K(15872K), 0.0007589 secs]
32.749: [GC (Allocation Failure)  5256K->840K(15872K), 0.0007518 secs]
32.753: [GC (Allocation Failure)  5256K->840K(15872K), 0.0007573 secs]
32.757: [GC (Allocation Failure)  5256K->840K(15872K), 0.0007573 secs]
32.761: [GC (Allocation Failure)  5256K->840K(15872K), 0.0008392 secs]
32.765: [GC (Allocation Failure)  5256K->840K(15872K), 0.0008079 secs]
32.769: [GC (Allocation Failure)  5256K->840K(15872K), 0.0007584 secs]
32.773: [GC (Allocation Failure)  5256K->840K(15872K), 0.0007611 secs]
32.777: [GC (Allocation Failure)  5256K->840K(15872K), 0.0007633 secs]
32.781: [GC (Allocation Failure)  5256K->840K(15872K), 0.0007573 secs]
32.785: [GC (Allocation Failure)  5256K->840K(15872K), 0.0007820 secs]
32.789: [GC (Allocation Failure)  5256K->840K(15872K), 0.0007650 secs]
32.793: [GC (Allocation Failure)  5256K->840K(15872K), 0.0008277 secs]
32.797: [GC (Allocation Failure)  5256K->840K(15872K), 0.0007683 secs]
32.801: [GC (Allocation Failure)  5256K->840K(15872K), 0.0007650 secs]
32.805: [GC (Allocation Failure)  5256K->840K(15872K), 0.0008156 secs]
32.810: [GC (Allocation Failure)  5256K->840K(15872K), 0.0007716 secs]
32.814: [GC (Allocation Failure)  5256K->840K(15872K), 0.0008024 secs]
32.818: [GC (Allocation Failure)  5256K->840K(15872K), 0.0007765 secs]
32.822: [GC (Allocation Failure)  5256K->840K(15872K), 0.0007793 secs]
32.826: [GC (Allocation Failure)  5256K->840K(15872K), 0.0007743 secs]
32.830: [GC (Allocation Failure)  5256K->840K(15872K), 0.0007738 secs]
32.835: [GC (Allocation Failure)  5256K->840K(15872K), 0.0008557 secs]
32.840: [GC (Allocation Failure)  5256K->840K(15872K), 0.0008101 secs]
32.844: [GC (Allocation Failure)  5256K->840K(15872K), 0.0008024 secs]
32.848: [GC (Allocation Failure)  5256K->840K(15872K), 0.0007842 secs]
32.852: [GC (Allocation Failure)  5256K->840K(15872K), 0.0009454 secs]
32.857: [GC (Allocation Failure)  5256K->840K(15872K), 0.0007611 secs]
32.861: [GC (Allocation Failure)  5256K->840K(15872K), 0.0007562 secs]
32.865: [GC (Allocation Failure)  5256K->840K(15872K), 0.0007534 secs]
32.869: [GC (Allocation Failure)  5256K->840K(15872K), 0.0007578 secs]
32.873: [GC (Allocation Failure)  5256K->840K(15872K), 0.0007672 secs]
32.877: [GC (Allocation Failure)  5256K->840K(15872K), 0.0007622 secs]
32.881: [GC (Allocation Failure)  5256K->840K(15872K), 0.0007584 secs]
32.885: [GC (Allocation Failure)  5256K->840K(15872K), 0.0009283 secs]
32.889: [GC (Allocation Failure)  5256K->840K(15872K), 0.0007688 secs]
32.893: [GC (Allocation Failure)  5256K->840K(15872K), 0.0007743 secs]
32.897: [GC (Allocation Failure)  5256K->840K(15872K), 0.0007859 secs]
32.901: [GC (Allocation Failure)  5256K->840K(15872K), 0.0007683 secs]
32.905: [GC (Allocation Failure)  5256K->840K(15872K), 0.0007622 secs]
32.909: [GC (Allocation Failure)  5256K->840K(15872K), 0.0007760 secs]
32.913: [GC (Allocation Failure)  5256K->840K(15872K), 0.0007595 secs]
32.917: [GC (Allocation Failure)  5256K->840K(15872K), 0.0008260 secs]
32.921: [GC (Allocation Failure)  5256K->840K(15872K), 0.0007567 secs]
32.925: [GC (Allocation Failure)  5256K->840K(15872K), 0.0007562 secs]
32.929: [GC (Allocation Failure)  5256K->840K(15872K), 0.0007644 secs]
32.933: [GC (Allocation Failure)  5256K->840K(15872K), 0.0007644 secs]
32.938: [GC (Allocation Failure)  5256K->840K(15872K), 0.0007529 secs]
32.942: [GC (Allocation Failure)  5256K->840K(15872K), 0.0007485 secs]
32.946: [GC (Allocation Failure)  5256K->840K(15872K), 0.0007556 secs]
32.950: [GC (Allocation Failure)  5256K->840K(15872K), 0.0007600 secs]
32.954: [GC (Allocation Failure)  5256K->840K(15872K), 0.0007655 secs]
32.958: [GC (Allocation Failure)  5256K->840K(15872K), 0.0007540 secs]
32.962: [GC (Allocation Failure)  5256K->840K(15872K), 0.0007600 secs]
32.966: [GC (Allocation Failure)  5256K->840K(15872K), 0.0007501 secs]
32.970: [GC (Allocation Failure)  5256K->840K(15872K), 0.0007848 secs]
32.974: [GC (Allocation Failure)  5256K->840K(15872K), 0.0007996 secs]
32.978: [GC (Allocation Failure)  5256K->840K(15872K), 0.0007639 secs]
32.983: [GC (Allocation Failure)  5256K->840K(15872K), 0.0007551 secs]
32.987: [GC (Allocation Failure)  5256K->840K(15872K), 0.0007507 secs]
32.991: [GC (Allocation Failure)  5256K->840K(15872K), 0.0007595 secs]
32.995: [GC (Allocation Failure)  5256K->840K(15872K), 0.0007573 secs]
32.999: [GC (Allocation Failure)  5256K->840K(15872K), 0.0007892 secs]
33.003: [GC (Allocation Failure)  5256K->840K(15872K), 0.0007749 secs]
33.007: [GC (Allocation Failure)  5256K->840K(15872K), 0.0007908 secs]
33.011: [GC (Allocation Failure)  5256K->840K(15872K), 0.0008513 secs]
33.015: [GC (Allocation Failure)  5256K->840K(15872K), 0.0007754 secs]
33.019: [GC (Allocation Failure)  5256K->840K(15872K), 0.0007809 secs]
33.023: [GC (Allocation Failure)  5256K->840K(15872K), 0.0007760 secs]
33.027: [GC (Allocation Failure)  5256K->840K(15872K), 0.0008095 secs]
33.032: [GC (Allocation Failure)  5256K->840K(15872K), 0.0007501 secs]
33.036: [GC (Allocation Failure)  5256K->840K(15872K), 0.0007738 secs]
33.040: [GC (Allocation Failure)  5256K->840K(15872K), 0.0007683 secs]
33.044: [GC (Allocation Failure)  5256K->840K(15872K), 0.0007859 secs]
33.048: [GC (Allocation Failure)  5256K->840K(15872K), 0.0007600 secs]
33.052: [GC (Allocation Failure)  5256K->840K(15872K), 0.0010598 secs]
33.057: [GC (Allocation Failure)  5256K->840K(15872K), 0.0007512 secs]
33.061: [GC (Allocation Failure)  5256K->840K(15872K), 0.0007694 secs]
33.065: [GC (Allocation Failure)  5256K->840K(15872K), 0.0007600 secs]
33.069: [GC (Allocation Failure)  5256K->840K(15872K), 0.0007617 secs]
33.073: [GC (Allocation Failure)  5256K->840K(15872K), 0.0007628 secs]
33.077: [GC (Allocation Failure)  5256K->840K(15872K), 0.0007760 secs]
33.081: [GC (Allocation Failure)  5256K->840K(15872K), 0.0007589 secs]
33.085: [GC (Allocation Failure)  5256K->840K(15872K), 0.0007666 secs]
33.089: [GC (Allocation Failure)  5256K->840K(15872K), 0.0007589 secs]
33.093: [GC (Allocation Failure)  5256K->840K(15872K), 0.0007793 secs]
33.097: [GC (Allocation Failure)  5256K->840K(15872K), 0.0007787 secs]
33.101: [GC (Allocation Failure)  5256K->840K(15872K), 0.0007617 secs]
33.105: [GC (Allocation Failure)  5256K->840K(15872K), 0.0008849 secs]
33.109: [GC (Allocation Failure)  5256K->840K(15872K), 0.0007600 secs]
33.113: [GC (Allocation Failure)  5256K->840K(15872K), 0.0007622 secs]
33.117: [GC (Allocation Failure)  5256K->840K(15872K), 0.0008376 secs]
33.121: [GC (Allocation Failure)  5256K->840K(15872K), 0.0007677 secs]
33.126: [GC (Allocation Failure)  5256K->840K(15872K), 0.0007672 secs]
33.130: [GC (Allocation Failure)  5256K->840K(15872K), 0.0007496 secs]
33.134: [GC (Allocation Failure)  5256K->840K(15872K), 0.0007529 secs]
33.138: [GC (Allocation Failure)  5256K->840K(15872K), 0.0007501 secs]
33.142: [GC (Allocation Failure)  5256K->840K(15872K), 0.0007600 secs]
33.146: [GC (Allocation Failure)  5256K->840K(15872K), 0.0007655 secs]
33.150: [GC (Allocation Failure)  5256K->840K(15872K), 0.0007644 secs]
33.154: [GC (Allocation Failure)  5256K->840K(15872K), 0.0007655 secs]
33.158: [GC (Allocation Failure)  5256K->840K(15872K), 0.0007617 secs]
33.162: [GC (Allocation Failure)  5256K->840K(15872K), 0.0007573 secs]
33.166: [GC (Allocation Failure)  5256K->840K(15872K), 0.0007721 secs]
33.170: [GC (Allocation Failure)  5256K->840K(15872K), 0.0007622 secs]
33.174: [GC (Allocation Failure)  5256K->840K(15872K), 0.0008233 secs]
33.178: [GC (Allocation Failure)  5256K->840K(15872K), 0.0007710 secs]
33.182: [GC (Allocation Failure)  5256K->840K(15872K), 0.0007600 secs]
33.187: [GC (Allocation Failure)  5256K->840K(15872K), 0.0007562 secs]
33.191: [GC (Allocation Failure)  5256K->840K(15872K), 0.0007529 secs]
33.195: [GC (Allocation Failure)  5256K->840K(15872K), 0.0007639 secs]
33.199: [GC (Allocation Failure)  5256K->840K(15872K), 0.0007903 secs]
33.203: [GC (Allocation Failure)  5256K->840K(15872K), 0.0007633 secs]
33.207: [GC (Allocation Failure)  5256K->840K(15872K), 0.0007611 secs]
33.211: [GC (Allocation Failure)  5256K->840K(15872K), 0.0007496 secs]
33.215: [GC (Allocation Failure)  5256K->840K(15872K), 0.0007556 secs]
33.219: [GC (Allocation Failure)  5256K->840K(15872K), 0.0007600 secs]
33.223: [GC (Allocation Failure)  5256K->840K(15872K), 0.0007688 secs]
33.227: [GC (Allocation Failure)  5256K->840K(15872K), 0.0007881 secs]
33.231: [GC (Allocation Failure)  5256K->840K(15872K), 0.0007529 secs]
33.235: [GC (Allocation Failure)  5256K->840K(15872K), 0.0007573 secs]
33.239: [GC (Allocation Failure)  5256K->840K(15872K), 0.0007485 secs]
33.243: [GC (Allocation Failure)  5256K->840K(15872K), 0.0007639 secs]
33.248: [GC (Allocation Failure)  5256K->840K(15872K), 0.0007754 secs]
33.252: [GC (Allocation Failure)  5256K->840K(15872K), 0.0007545 secs]
33.256: [GC (Allocation Failure)  5256K->840K(15872K), 0.0007562 secs]
33.260: [GC (Allocation Failure)  5256K->840K(15872K), 0.0007567 secs]
33.264: [GC (Allocation Failure)  5256K->840K(15872K), 0.0007782 secs]
33.268: [GC (Allocation Failure)  5256K->840K(15872K), 0.0007661 secs]
33.272: [GC (Allocation Failure)  5256K->840K(15872K), 0.0007573 secs]
33.276: [GC (Allocation Failure)  5256K->840K(15872K), 0.0007633 secs]
33.281: [GC (Allocation Failure)  5256K->840K(15872K), 0.0007545 secs]
33.285: [GC (Allocation Failure)  5256K->840K(15872K), 0.0007485 secs]
33.289: [GC (Allocation Failure)  5256K->840K(15872K), 0.0007485 secs]
33.293: [GC (Allocation Failure)  5256K->840K(15872K), 0.0007595 secs]
33.297: [GC (Allocation Failure)  5256K->840K(15872K), 0.0007881 secs]
33.301: [GC (Allocation Failure)  5256K->840K(15872K), 0.0007815 secs]
33.305: [GC (Allocation Failure)  5256K->840K(15872K), 0.0007688 secs]
33.309: [GC (Allocation Failure)  5256K->840K(15872K), 0.0007798 secs]
33.313: [GC (Allocation Failure)  5256K->840K(15872K), 0.0007842 secs]
33.318: [GC (Allocation Failure)  5256K->840K(15872K), 0.0007837 secs]
33.322: [GC (Allocation Failure)  5256K->840K(15872K), 0.0007512 secs]
33.326: [GC (Allocation Failure)  5256K->840K(15872K), 0.0007545 secs]
33.330: [GC (Allocation Failure)  5256K->840K(15872K), 0.0007650 secs]
33.334: [GC (Allocation Failure)  5256K->840K(15872K), 0.0007655 secs]
33.338: [GC (Allocation Failure)  5256K->840K(15872K), 0.0007870 secs]
33.342: [GC (Allocation Failure)  5256K->840K(15872K), 0.0007842 secs]
33.346: [GC (Allocation Failure)  5256K->840K(15872K), 0.0007793 secs]
33.350: [GC (Allocation Failure)  5256K->840K(15872K), 0.0007969 secs]
33.355: [GC (Allocation Failure)  5256K->840K(15872K), 0.0007562 secs]
33.359: [GC (Allocation Failure)  5256K->840K(15872K), 0.0007606 secs]
33.363: [GC (Allocation Failure)  5256K->840K(15872K), 0.0008464 secs]
33.367: [GC (Allocation Failure)  5256K->840K(15872K), 0.0007738 secs]
33.371: [GC (Allocation Failure)  5256K->840K(15872K), 0.0007644 secs]
33.375: [GC (Allocation Failure)  5256K->840K(15872K), 0.0007683 secs]
33.379: [GC (Allocation Failure)  5256K->840K(15872K), 0.0007600 secs]
33.383: [GC (Allocation Failure)  5256K->840K(15872K), 0.0007633 secs]
33.387: [GC (Allocation Failure)  5256K->840K(15872K), 0.0007974 secs]
33.391: [GC (Allocation Failure)  5256K->840K(15872K), 0.0007655 secs]
33.395: [GC (Allocation Failure)  5256K->840K(15872K), 0.0007947 secs]
33.399: [GC (Allocation Failure)  5256K->840K(15872K), 0.0007694 secs]
33.403: [GC (Allocation Failure)  5256K->840K(15872K), 0.0007683 secs]
33.407: [GC (Allocation Failure)  5256K->840K(15872K), 0.0007820 secs]
33.411: [GC (Allocation Failure)  5256K->840K(15872K), 0.0007831 secs]
33.417: [GC (Allocation Failure)  5256K->840K(15872K), 0.0007798 secs]
33.421: [GC (Allocation Failure)  5256K->840K(15872K), 0.0007661 secs]
33.425: [GC (Allocation Failure)  5256K->840K(15872K), 0.0007600 secs]
33.429: [GC (Allocation Failure)  5256K->840K(15872K), 0.0007562 secs]
33.433: [GC (Allocation Failure)  5256K->840K(15872K), 0.0007600 secs]
33.437: [GC (Allocation Failure)  5256K->840K(15872K), 0.0007809 secs]
33.441: [GC (Allocation Failure)  5256K->840K(15872K), 0.0007600 secs]
33.445: [GC (Allocation Failure)  5256K->840K(15872K), 0.0007529 secs]
33.449: [GC (Allocation Failure)  5256K->840K(15872K), 0.0007622 secs]
33.453: [GC (Allocation Failure)  5256K->840K(15872K), 0.0007743 secs]
33.458: [GC (Allocation Failure)  5256K->840K(15872K), 0.0007650 secs]
33.462: [GC (Allocation Failure)  5256K->840K(15872K), 0.0007518 secs]
33.466: [GC (Allocation Failure)  5256K->840K(15872K), 0.0007523 secs]
33.470: [GC (Allocation Failure)  5256K->840K(15872K), 0.0007562 secs]
33.474: [GC (Allocation Failure)  5256K->840K(15872K), 0.0007501 secs]
33.478: [GC (Allocation Failure)  5256K->840K(15872K), 0.0007606 secs]
33.482: [GC (Allocation Failure)  5256K->840K(15872K), 0.0008772 secs]
33.486: [GC (Allocation Failure)  5256K->840K(15872K), 0.0007622 secs]
33.490: [GC (Allocation Failure)  5256K->840K(15872K), 0.0007611 secs]
33.494: [GC (Allocation Failure)  5256K->840K(15872K), 0.0007738 secs]
33.498: [GC (Allocation Failure)  5256K->840K(15872K), 0.0007628 secs]
33.502: [GC (Allocation Failure)  5256K->840K(15872K), 0.0007628 secs]
33.506: [GC (Allocation Failure)  5256K->840K(15872K), 0.0008799 secs]
33.510: [GC (Allocation Failure)  5256K->840K(15872K), 0.0007573 secs]
33.514: [GC (Allocation Failure)  5256K->840K(15872K), 0.0007672 secs]
33.518: [GC (Allocation Failure)  5256K->840K(15872K), 0.0007732 secs]
33.522: [GC (Allocation Failure)  5256K->840K(15872K), 0.0007534 secs]
33.527: [GC (Allocation Failure)  5256K->840K(15872K), 0.0007556 secs]
33.531: [GC (Allocation Failure)  5256K->840K(15872K), 0.0007474 secs]
33.535: [GC (Allocation Failure)  5256K->840K(15872K), 0.0007644 secs]
33.539: [GC (Allocation Failure)  5256K->840K(15872K), 0.0007562 secs]
33.543: [GC (Allocation Failure)  5256K->840K(15872K), 0.0007655 secs]
33.547: [GC (Allocation Failure)  5256K->840K(15872K), 0.0007754 secs]
33.551: [GC (Allocation Failure)  5256K->840K(15872K), 0.0007611 secs]
33.555: [GC (Allocation Failure)  5256K->840K(15872K), 0.0007567 secs]
33.559: [GC (Allocation Failure)  5256K->840K(15872K), 0.0007859 secs]
33.564: [GC (Allocation Failure)  5256K->840K(15872K), 0.0007710 secs]
33.568: [GC (Allocation Failure)  5256K->840K(15872K), 0.0007688 secs]
33.573: [GC (Allocation Failure)  5256K->840K(15872K), 0.0007485 secs]
33.577: [GC (Allocation Failure)  5256K->840K(15872K), 0.0008051 secs]
33.581: [GC (Allocation Failure)  5256K->840K(15872K), 0.0008964 secs]
33.586: [GC (Allocation Failure)  5256K->840K(15872K), 0.0007628 secs]
33.590: [GC (Allocation Failure)  5256K->840K(15872K), 0.0007782 secs]
33.594: [GC (Allocation Failure)  5256K->840K(15872K), 0.0008002 secs]
33.598: [GC (Allocation Failure)  5256K->840K(15872K), 0.0007567 secs]
33.602: [GC (Allocation Failure)  5256K->840K(15872K), 0.0007749 secs]
33.606: [GC (Allocation Failure)  5256K->840K(15872K), 0.0007556 secs]
33.610: [GC (Allocation Failure)  5256K->840K(15872K), 0.0007562 secs]
33.615: [GC (Allocation Failure)  5256K->840K(15872K), 0.0009619 secs]
33.619: [GC (Allocation Failure)  5256K->840K(15872K), 0.0007694 secs]
33.623: [GC (Allocation Failure)  5256K->840K(15872K), 0.0007919 secs]
33.627: [GC (Allocation Failure)  5256K->840K(15872K), 0.0007694 secs]
33.631: [GC (Allocation Failure)  5256K->840K(15872K), 0.0007628 secs]
33.635: [GC (Allocation Failure)  5256K->840K(15872K), 0.0007633 secs]
33.640: [GC (Allocation Failure)  5256K->840K(15872K), 0.0007677 secs]
33.644: [GC (Allocation Failure)  5256K->840K(15872K), 0.0007815 secs]
33.648: [GC (Allocation Failure)  5256K->840K(15872K), 0.0007881 secs]
33.653: [GC (Allocation Failure)  5256K->840K(15872K), 0.0007633 secs]
33.657: [GC (Allocation Failure)  5256K->840K(15872K), 0.0007611 secs]
33.661: [GC (Allocation Failure)  5256K->840K(15872K), 0.0007595 secs]
33.666: [GC (Allocation Failure)  5256K->840K(15872K), 0.0007589 secs]
33.670: [GC (Allocation Failure)  5256K->840K(15872K), 0.0007655 secs]
33.674: [GC (Allocation Failure)  5256K->840K(15872K), 0.0007622 secs]
33.678: [GC (Allocation Failure)  5256K->840K(15872K), 0.0007611 secs]
33.683: [GC (Allocation Failure)  5256K->840K(15872K), 0.0007842 secs]
33.687: [GC (Allocation Failure)  5256K->840K(15872K), 0.0007985 secs]
33.691: [GC (Allocation Failure)  5256K->840K(15872K), 0.0007644 secs]
33.695: [GC (Allocation Failure)  5256K->840K(15872K), 0.0007578 secs]
33.700: [GC (Allocation Failure)  5256K->840K(15872K), 0.0007683 secs]
33.704: [GC (Allocation Failure)  5256K->840K(15872K), 0.0007540 secs]
33.708: [GC (Allocation Failure)  5256K->840K(15872K), 0.0007606 secs]
33.712: [GC (Allocation Failure)  5256K->840K(15872K), 0.0007567 secs]
33.716: [GC (Allocation Failure)  5256K->840K(15872K), 0.0007540 secs]
33.720: [GC (Allocation Failure)  5256K->840K(15872K), 0.0007540 secs]
33.724: [GC (Allocation Failure)  5256K->840K(15872K), 0.0007512 secs]
33.728: [GC (Allocation Failure)  5256K->840K(15872K), 0.0007518 secs]
33.732: [GC (Allocation Failure)  5256K->840K(15872K), 0.0007589 secs]
33.736: [GC (Allocation Failure)  5256K->840K(15872K), 0.0007655 secs]
33.740: [GC (Allocation Failure)  5256K->840K(15872K), 0.0007562 secs]
33.744: [GC (Allocation Failure)  5256K->840K(15872K), 0.0007595 secs]
33.748: [GC (Allocation Failure)  5256K->840K(15872K), 0.0007606 secs]
33.753: [GC (Allocation Failure)  5256K->840K(15872K), 0.0008475 secs]
33.757: [GC (Allocation Failure)  5256K->840K(15872K), 0.0007507 secs]
33.761: [GC (Allocation Failure)  5256K->840K(15872K), 0.0008618 secs]
33.766: [GC (Allocation Failure)  5256K->840K(15872K), 0.0007776 secs]
33.770: [GC (Allocation Failure)  5256K->840K(15872K), 0.0007820 secs]
33.774: [GC (Allocation Failure)  5256K->840K(15872K), 0.0007782 secs]
33.778: [GC (Allocation Failure)  5256K->840K(15872K), 0.0009096 secs]
33.783: [GC (Allocation Failure)  5256K->840K(15872K), 0.0008854 secs]
33.787: [GC (Allocation Failure)  5256K->840K(15872K), 0.0008744 secs]
33.792: [GC (Allocation Failure)  5256K->840K(15872K), 0.0008689 secs]
33.796: [GC (Allocation Failure)  5256K->840K(15872K), 0.0007655 secs]
33.800: [GC (Allocation Failure)  5256K->840K(15872K), 0.0007650 secs]
33.804: [GC (Allocation Failure)  5256K->840K(15872K), 0.0007639 secs]
33.811: [GC (Allocation Failure)  5256K->840K(15872K), 0.0007798 secs]
33.815: [GC (Allocation Failure)  5256K->840K(15872K), 0.0008442 secs]
33.819: [GC (Allocation Failure)  5256K->840K(15872K), 0.0009349 secs]
33.824: [GC (Allocation Failure)  5256K->840K(15872K), 0.0008370 secs]
33.829: [GC (Allocation Failure)  5256K->840K(15872K), 0.0008024 secs]
33.833: [GC (Allocation Failure)  5256K->840K(15872K), 0.0008227 secs]
33.837: [GC (Allocation Failure)  5256K->840K(15872K), 0.0007606 secs]
33.841: [GC (Allocation Failure)  5256K->840K(15872K), 0.0007666 secs]
33.845: [GC (Allocation Failure)  5256K->840K(15872K), 0.0007633 secs]
33.849: [GC (Allocation Failure)  5256K->840K(15872K), 0.0007809 secs]
33.853: [GC (Allocation Failure)  5256K->840K(15872K), 0.0007655 secs]
33.857: [GC (Allocation Failure)  5256K->840K(15872K), 0.0007562 secs]
33.861: [GC (Allocation Failure)  5256K->840K(15872K), 0.0007617 secs]
33.865: [GC (Allocation Failure)  5256K->840K(15872K), 0.0007639 secs]
33.869: [GC (Allocation Failure)  5256K->840K(15872K), 0.0008211 secs]
33.873: [GC (Allocation Failure)  5256K->840K(15872K), 0.0007628 secs]
33.877: [GC (Allocation Failure)  5256K->840K(15872K), 0.0007666 secs]
33.881: [GC (Allocation Failure)  5256K->840K(15872K), 0.0007694 secs]
33.885: [GC (Allocation Failure)  5256K->840K(15872K), 0.0007518 secs]
33.889: [GC (Allocation Failure)  5256K->840K(15872K), 0.0007787 secs]
33.893: [GC (Allocation Failure)  5256K->840K(15872K), 0.0007628 secs]
33.897: [GC (Allocation Failure)  5256K->840K(15872K), 0.0007540 secs]
33.901: [GC (Allocation Failure)  5256K->840K(15872K), 0.0007617 secs]
33.905: [GC (Allocation Failure)  5256K->840K(15872K), 0.0007644 secs]
33.909: [GC (Allocation Failure)  5256K->840K(15872K), 0.0007628 secs]
33.913: [GC (Allocation Failure)  5256K->840K(15872K), 0.0007633 secs]
33.919: [GC (Allocation Failure)  5256K->840K(15872K), 0.0007930 secs]
33.923: [GC (Allocation Failure)  5256K->840K(15872K), 0.0007589 secs]
33.927: [GC (Allocation Failure)  5256K->840K(15872K), 0.0007859 secs]
33.931: [GC (Allocation Failure)  5256K->840K(15872K), 0.0008865 secs]
33.936: [GC (Allocation Failure)  5256K->840K(15872K), 0.0007655 secs]
33.940: [GC (Allocation Failure)  5256K->840K(15872K), 0.0007457 secs]
33.944: [GC (Allocation Failure)  5256K->840K(15872K), 0.0007793 secs]
33.948: [GC (Allocation Failure)  5256K->840K(15872K), 0.0007606 secs]
33.952: [GC (Allocation Failure)  5256K->840K(15872K), 0.0007578 secs]
33.956: [GC (Allocation Failure)  5256K->840K(15872K), 0.0008062 secs]
33.961: [GC (Allocation Failure)  5256K->840K(15872K), 0.0007485 secs]
33.965: [GC (Allocation Failure)  5256K->840K(15872K), 0.0007567 secs]
33.969: [GC (Allocation Failure)  5256K->840K(15872K), 0.0007611 secs]
33.973: [GC (Allocation Failure)  5256K->840K(15872K), 0.0007518 secs]
33.977: [GC (Allocation Failure)  5256K->840K(15872K), 0.0008007 secs]
33.981: [GC (Allocation Failure)  5256K->840K(15872K), 0.0008128 secs]
33.985: [GC (Allocation Failure)  5256K->840K(15872K), 0.0007974 secs]
33.989: [GC (Allocation Failure)  5256K->840K(15872K), 0.0007809 secs]
33.993: [GC (Allocation Failure)  5256K->840K(15872K), 0.0007606 secs]
33.997: [GC (Allocation Failure)  5256K->840K(15872K), 0.0007479 secs]
34.001: [GC (Allocation Failure)  5256K->840K(15872K), 0.0007804 secs]
34.005: [GC (Allocation Failure)  5256K->840K(15872K), 0.0007567 secs]
34.010: [GC (Allocation Failure)  5256K->840K(15872K), 0.0007589 secs]
34.014: [GC (Allocation Failure)  5256K->840K(15872K), 0.0008073 secs]
34.018: [GC (Allocation Failure)  5256K->840K(15872K), 0.0007628 secs]
34.022: [GC (Allocation Failure)  5256K->840K(15872K), 0.0008816 secs]
34.026: [GC (Allocation Failure)  5256K->840K(15872K), 0.0007589 secs]
34.030: [GC (Allocation Failure)  5256K->840K(15872K), 0.0007611 secs]
34.035: [GC (Allocation Failure)  5256K->840K(15872K), 0.0007540 secs]
34.039: [GC (Allocation Failure)  5256K->840K(15872K), 0.0007688 secs]
34.043: [GC (Allocation Failure)  5256K->840K(15872K), 0.0007628 secs]
34.047: [GC (Allocation Failure)  5256K->840K(15872K), 0.0007633 secs]
34.051: [GC (Allocation Failure)  5256K->840K(15872K), 0.0007837 secs]
34.055: [GC (Allocation Failure)  5256K->840K(15872K), 0.0007567 secs]
34.059: [GC (Allocation Failure)  5256K->840K(15872K), 0.0007595 secs]
34.063: [GC (Allocation Failure)  5256K->840K(15872K), 0.0007562 secs]
34.067: [GC (Allocation Failure)  5256K->840K(15872K), 0.0008211 secs]
34.072: [GC (Allocation Failure)  5256K->840K(15872K), 0.0007617 secs]
34.076: [GC (Allocation Failure)  5256K->840K(15872K), 0.0007655 secs]
34.080: [GC (Allocation Failure)  5256K->840K(15872K), 0.0007573 secs]
34.084: [GC (Allocation Failure)  5256K->840K(15872K), 0.0007644 secs]
34.088: [GC (Allocation Failure)  5256K->840K(15872K), 0.0007639 secs]
34.092: [GC (Allocation Failure)  5256K->840K(15872K), 0.0007639 secs]
34.096: [GC (Allocation Failure)  5256K->840K(15872K), 0.0008398 secs]
34.101: [GC (Allocation Failure)  5256K->840K(15872K), 0.0007804 secs]
34.105: [GC (Allocation Failure)  5256K->840K(15872K), 0.0007644 secs]
34.110: [GC (Allocation Failure)  5256K->840K(15872K), 0.0007661 secs]
34.114: [GC (Allocation Failure)  5256K->840K(15872K), 0.0008128 secs]
34.118: [GC (Allocation Failure)  5256K->840K(15872K), 0.0007661 secs]
34.122: [GC (Allocation Failure)  5256K->840K(15872K), 0.0007606 secs]
34.126: [GC (Allocation Failure)  5256K->840K(15872K), 0.0007661 secs]
34.130: [GC (Allocation Failure)  5256K->840K(15872K), 0.0007600 secs]
34.134: [GC (Allocation Failure)  5256K->840K(15872K), 0.0007606 secs]
34.138: [GC (Allocation Failure)  5256K->840K(15872K), 0.0007622 secs]
34.142: [GC (Allocation Failure)  5256K->840K(15872K), 0.0007617 secs]
34.146: [GC (Allocation Failure)  5256K->840K(15872K), 0.0007540 secs]
34.150: [GC (Allocation Failure)  5256K->840K(15872K), 0.0007666 secs]
34.154: [GC (Allocation Failure)  5256K->840K(15872K), 0.0007677 secs]
34.158: [GC (Allocation Failure)  5256K->840K(15872K), 0.0007655 secs]
34.162: [GC (Allocation Failure)  5256K->840K(15872K), 0.0007628 secs]
34.166: [GC (Allocation Failure)  5256K->840K(15872K), 0.0007617 secs]
34.170: [GC (Allocation Failure)  5256K->840K(15872K), 0.0007617 secs]
34.175: [GC (Allocation Failure)  5256K->840K(15872K), 0.0008178 secs]
34.179: [GC (Allocation Failure)  5256K->840K(15872K), 0.0008167 secs]
34.183: [GC (Allocation Failure)  5256K->840K(15872K), 0.0007556 secs]
34.187: [GC (Allocation Failure)  5256K->840K(15872K), 0.0007980 secs]
34.191: [GC (Allocation Failure)  5256K->840K(15872K), 0.0007688 secs]
34.196: [GC (Allocation Failure)  5256K->840K(15872K), 0.0007650 secs]
34.200: [GC (Allocation Failure)  5256K->840K(15872K), 0.0007606 secs]
34.204: [GC (Allocation Failure)  5256K->840K(15872K), 0.0007518 secs]
34.208: [GC (Allocation Failure)  5256K->840K(15872K), 0.0007501 secs]
34.212: [GC (Allocation Failure)  5256K->840K(15872K), 0.0007540 secs]
34.216: [GC (Allocation Failure)  5256K->840K(15872K), 0.0007507 secs]
34.220: [GC (Allocation Failure)  5256K->840K(15872K), 0.0007518 secs]
34.224: [GC (Allocation Failure)  5256K->840K(15872K), 0.0007534 secs]
34.228: [GC (Allocation Failure)  5256K->840K(15872K), 0.0007639 secs]
34.232: [GC (Allocation Failure)  5256K->840K(15872K), 0.0007600 secs]
34.236: [GC (Allocation Failure)  5256K->840K(15872K), 0.0009179 secs]
34.241: [GC (Allocation Failure)  5256K->840K(15872K), 0.0009349 secs]
34.246: [GC (Allocation Failure)  5256K->840K(15872K), 0.0007617 secs]
34.250: [GC (Allocation Failure)  5256K->840K(15872K), 0.0007622 secs]
34.254: [GC (Allocation Failure)  5256K->840K(15872K), 0.0007589 secs]
34.258: [GC (Allocation Failure)  5256K->840K(15872K), 0.0007666 secs]
34.262: [GC (Allocation Failure)  5256K->840K(15872K), 0.0007639 secs]
34.267: [GC (Allocation Failure)  5256K->840K(15872K), 0.0007540 secs]
34.271: [GC (Allocation Failure)  5256K->840K(15872K), 0.0007556 secs]
34.275: [GC (Allocation Failure)  5256K->840K(15872K), 0.0007633 secs]
34.279: [GC (Allocation Failure)  5256K->840K(15872K), 0.0007501 secs]
34.283: [GC (Allocation Failure)  5256K->840K(15872K), 0.0007639 secs]
34.287: [GC (Allocation Failure)  5256K->840K(15872K), 0.0007881 secs]
34.291: [GC (Allocation Failure)  5256K->840K(15872K), 0.0009608 secs]
34.299: [GC (Allocation Failure)  5256K->840K(15872K), 0.0009014 secs]
34.303: [GC (Allocation Failure)  5256K->840K(15872K), 0.0007771 secs]
34.307: [GC (Allocation Failure)  5256K->840K(15872K), 0.0008029 secs]
34.311: [GC (Allocation Failure)  5256K->840K(15872K), 0.0007677 secs]
34.315: [GC (Allocation Failure)  5256K->840K(15872K), 0.0007578 secs]
34.320: [GC (Allocation Failure)  5256K->840K(15872K), 0.0007600 secs]
34.324: [GC (Allocation Failure)  5256K->840K(15872K), 0.0008766 secs]
34.328: [GC (Allocation Failure)  5256K->840K(15872K), 0.0007584 secs]
34.332: [GC (Allocation Failure)  5256K->840K(15872K), 0.0007512 secs]
34.336: [GC (Allocation Failure)  5256K->840K(15872K), 0.0007512 secs]
34.340: [GC (Allocation Failure)  5256K->840K(15872K), 0.0007496 secs]
34.344: [GC (Allocation Failure)  5256K->840K(15872K), 0.0007793 secs]
34.348: [GC (Allocation Failure)  5256K->840K(15872K), 0.0007793 secs]
34.352: [GC (Allocation Failure)  5256K->840K(15872K), 0.0007617 secs]
34.356: [GC (Allocation Failure)  5256K->840K(15872K), 0.0007534 secs]
34.360: [GC (Allocation Failure)  5256K->840K(15872K), 0.0007644 secs]
34.364: [GC (Allocation Failure)  5256K->840K(15872K), 0.0007567 secs]
34.368: [GC (Allocation Failure)  5256K->840K(15872K), 0.0007578 secs]
34.372: [GC (Allocation Failure)  5256K->840K(15872K), 0.0007584 secs]
34.376: [GC (Allocation Failure)  5256K->840K(15872K), 0.0008772 secs]
34.380: [GC (Allocation Failure)  5256K->840K(15872K), 0.0007694 secs]
34.384: [GC (Allocation Failure)  5256K->840K(15872K), 0.0007699 secs]
34.388: [GC (Allocation Failure)  5256K->840K(15872K), 0.0008024 secs]
34.393: [GC (Allocation Failure)  5256K->840K(15872K), 0.0007721 secs]
34.397: [GC (Allocation Failure)  5256K->840K(15872K), 0.0007606 secs]
34.401: [GC (Allocation Failure)  5256K->840K(15872K), 0.0008788 secs]
34.405: [GC (Allocation Failure)  5256K->840K(15872K), 0.0007650 secs]
34.409: [GC (Allocation Failure)  5256K->840K(15872K), 0.0007710 secs]
34.413: [GC (Allocation Failure)  5256K->840K(15872K), 0.0007655 secs]
34.417: [GC (Allocation Failure)  5256K->840K(15872K), 0.0007732 secs]
34.421: [GC (Allocation Failure)  5256K->840K(15872K), 0.0007617 secs]
34.425: [GC (Allocation Failure)  5256K->840K(15872K), 0.0007644 secs]
34.429: [GC (Allocation Failure)  5256K->840K(15872K), 0.0007699 secs]
34.433: [GC (Allocation Failure)  5256K->840K(15872K), 0.0007705 secs]
34.437: [GC (Allocation Failure)  5256K->840K(15872K), 0.0007650 secs]
34.441: [GC (Allocation Failure)  5256K->840K(15872K), 0.0007606 secs]
34.445: [GC (Allocation Failure)  5256K->840K(15872K), 0.0007677 secs]
34.450: [GC (Allocation Failure)  5256K->840K(15872K), 0.0007837 secs]
34.454: [GC (Allocation Failure)  5256K->840K(15872K), 0.0007705 secs]
34.458: [GC (Allocation Failure)  5256K->840K(15872K), 0.0007595 secs]
34.462: [GC (Allocation Failure)  5256K->840K(15872K), 0.0007600 secs]
34.467: [GC (Allocation Failure)  5256K->840K(15872K), 0.0009872 secs]
34.472: [GC (Allocation Failure)  5256K->840K(15872K), 0.0008013 secs]
34.476: [GC (Allocation Failure)  5256K->840K(15872K), 0.0008425 secs]
34.480: [GC (Allocation Failure)  5256K->840K(15872K), 0.0007677 secs]
34.484: [GC (Allocation Failure)  5256K->840K(15872K), 0.0007655 secs]
34.488: [GC (Allocation Failure)  5256K->840K(15872K), 0.0007578 secs]
34.492: [GC (Allocation Failure)  5256K->840K(15872K), 0.0007914 secs]
34.496: [GC (Allocation Failure)  5256K->840K(15872K), 0.0007644 secs]
34.501: [GC (Allocation Failure)  5256K->840K(15872K), 0.0007732 secs]
34.505: [GC (Allocation Failure)  5256K->840K(15872K), 0.0008348 secs]
34.509: [GC (Allocation Failure)  5256K->840K(15872K), 0.0007826 secs]
34.513: [GC (Allocation Failure)  5256K->840K(15872K), 0.0007595 secs]
34.517: [GC (Allocation Failure)  5256K->840K(15872K), 0.0007958 secs]
34.522: [GC (Allocation Failure)  5256K->840K(15872K), 0.0008046 secs]
34.526: [GC (Allocation Failure)  5256K->840K(15872K), 0.0008458 secs]
34.530: [GC (Allocation Failure)  5256K->840K(15872K), 0.0007771 secs]
34.534: [GC (Allocation Failure)  5256K->840K(15872K), 0.0007688 secs]
34.539: [GC (Allocation Failure)  5256K->840K(15872K), 0.0007573 secs]
34.543: [GC (Allocation Failure)  5256K->840K(15872K), 0.0007644 secs]
34.547: [GC (Allocation Failure)  5256K->840K(15872K), 0.0007507 secs]
34.551: [GC (Allocation Failure)  5256K->840K(15872K), 0.0007765 secs]
34.555: [GC (Allocation Failure)  5256K->840K(15872K), 0.0007650 secs]
34.559: [GC (Allocation Failure)  5256K->840K(15872K), 0.0007837 secs]
34.563: [GC (Allocation Failure)  5256K->840K(15872K), 0.0007633 secs]
34.567: [GC (Allocation Failure)  5256K->840K(15872K), 0.0008277 secs]
34.573: [GC (Allocation Failure)  5256K->840K(15872K), 0.0008442 secs]
34.578: [GC (Allocation Failure)  5256K->840K(15872K), 0.0007606 secs]
34.582: [GC (Allocation Failure)  5256K->840K(15872K), 0.0007650 secs]
34.586: [GC (Allocation Failure)  5256K->840K(15872K), 0.0007589 secs]
34.590: [GC (Allocation Failure)  5256K->840K(15872K), 0.0007545 secs]
34.594: [GC (Allocation Failure)  5256K->840K(15872K), 0.0009641 secs]
34.598: [GC (Allocation Failure)  5256K->840K(15872K), 0.0007749 secs]
34.602: [GC (Allocation Failure)  5256K->840K(15872K), 0.0007677 secs]
34.606: [GC (Allocation Failure)  5256K->840K(15872K), 0.0007534 secs]
34.611: [GC (Allocation Failure)  5256K->840K(15872K), 0.0007545 secs]
34.615: [GC (Allocation Failure)  5256K->840K(15872K), 0.0007727 secs]
34.619: [GC (Allocation Failure)  5256K->840K(15872K), 0.0007771 secs]
34.623: [GC (Allocation Failure)  5256K->840K(15872K), 0.0007556 secs]
34.627: [GC (Allocation Failure)  5256K->840K(15872K), 0.0007595 secs]
34.631: [GC (Allocation Failure)  5256K->840K(15872K), 0.0007540 secs]
34.635: [GC (Allocation Failure)  5256K->840K(15872K), 0.0007936 secs]
34.639: [GC (Allocation Failure)  5256K->840K(15872K), 0.0007600 secs]
34.643: [GC (Allocation Failure)  5256K->840K(15872K), 0.0007644 secs]
34.647: [GC (Allocation Failure)  5256K->840K(15872K), 0.0007644 secs]
34.651: [GC (Allocation Failure)  5256K->840K(15872K), 0.0007644 secs]
34.655: [GC (Allocation Failure)  5256K->840K(15872K), 0.0007639 secs]
34.659: [GC (Allocation Failure)  5256K->840K(15872K), 0.0007633 secs]
34.663: [GC (Allocation Failure)  5256K->840K(15872K), 0.0007584 secs]
34.667: [GC (Allocation Failure)  5256K->840K(15872K), 0.0007919 secs]
34.671: [GC (Allocation Failure)  5256K->840K(15872K), 0.0007716 secs]
34.675: [GC (Allocation Failure)  5256K->840K(15872K), 0.0007765 secs]
34.679: [GC (Allocation Failure)  5256K->840K(15872K), 0.0007622 secs]
34.683: [GC (Allocation Failure)  5256K->840K(15872K), 0.0007595 secs]
34.687: [GC (Allocation Failure)  5256K->840K(15872K), 0.0007644 secs]
34.691: [GC (Allocation Failure)  5256K->840K(15872K), 0.0007584 secs]
34.696: [GC (Allocation Failure)  5256K->840K(15872K), 0.0007556 secs]
34.700: [GC (Allocation Failure)  5256K->840K(15872K), 0.0007606 secs]
34.704: [GC (Allocation Failure)  5256K->840K(15872K), 0.0007617 secs]
34.708: [GC (Allocation Failure)  5256K->840K(15872K), 0.0007672 secs]
34.712: [GC (Allocation Failure)  5256K->840K(15872K), 0.0007556 secs]
34.716: [GC (Allocation Failure)  5256K->840K(15872K), 0.0007611 secs]
34.720: [GC (Allocation Failure)  5256K->840K(15872K), 0.0007573 secs]
34.724: [GC (Allocation Failure)  5256K->840K(15872K), 0.0007837 secs]
34.728: [GC (Allocation Failure)  5256K->840K(15872K), 0.0007523 secs]
34.732: [GC (Allocation Failure)  5256K->840K(15872K), 0.0007694 secs]
34.737: [GC (Allocation Failure)  5256K->840K(15872K), 0.0007545 secs]
34.740: [GC (Allocation Failure)  5256K->840K(15872K), 0.0007754 secs]
34.745: [GC (Allocation Failure)  5256K->840K(15872K), 0.0007556 secs]
34.749: [GC (Allocation Failure)  5256K->840K(15872K), 0.0007529 secs]
34.753: [GC (Allocation Failure)  5256K->840K(15872K), 0.0007556 secs]
34.757: [GC (Allocation Failure)  5256K->840K(15872K), 0.0007501 secs]
34.761: [GC (Allocation Failure)  5256K->840K(15872K), 0.0007578 secs]
34.765: [GC (Allocation Failure)  5256K->840K(15872K), 0.0007595 secs]
34.769: [GC (Allocation Failure)  5256K->840K(15872K), 0.0007534 secs]
34.773: [GC (Allocation Failure)  5256K->840K(15872K), 0.0007512 secs]
34.777: [GC (Allocation Failure)  5256K->840K(15872K), 0.0007705 secs]
34.781: [GC (Allocation Failure)  5256K->840K(15872K), 0.0007683 secs]
34.785: [GC (Allocation Failure)  5256K->840K(15872K), 0.0007683 secs]
34.789: [GC (Allocation Failure)  5256K->840K(15872K), 0.0007534 secs]
34.793: [GC (Allocation Failure)  5256K->840K(15872K), 0.0007507 secs]
34.797: [GC (Allocation Failure)  5256K->840K(15872K), 0.0007512 secs]
34.801: [GC (Allocation Failure)  5256K->840K(15872K), 0.0007595 secs]
34.805: [GC (Allocation Failure)  5256K->840K(15872K), 0.0007606 secs]
34.809: [GC (Allocation Failure)  5256K->840K(15872K), 0.0007727 secs]
34.813: [GC (Allocation Failure)  5256K->840K(15872K), 0.0007743 secs]
34.817: [GC (Allocation Failure)  5256K->840K(15872K), 0.0008095 secs]
34.821: [GC (Allocation Failure)  5256K->840K(15872K), 0.0007606 secs]
34.827: [GC (Allocation Failure)  5256K->840K(15872K), 0.0007688 secs]
34.831: [GC (Allocation Failure)  5256K->840K(15872K), 0.0007628 secs]
34.835: [GC (Allocation Failure)  5256K->840K(15872K), 0.0007639 secs]
34.839: [GC (Allocation Failure)  5256K->840K(15872K), 0.0007661 secs]
34.843: [GC (Allocation Failure)  5256K->840K(15872K), 0.0007672 secs]
34.847: [GC (Allocation Failure)  5256K->840K(15872K), 0.0007974 secs]
34.852: [GC (Allocation Failure)  5256K->840K(15872K), 0.0007754 secs]
34.856: [GC (Allocation Failure)  5256K->840K(15872K), 0.0007694 secs]
34.860: [GC (Allocation Failure)  5256K->840K(15872K), 0.0007754 secs]
34.864: [GC (Allocation Failure)  5256K->840K(15872K), 0.0007826 secs]
34.868: [GC (Allocation Failure)  5256K->840K(15872K), 0.0007782 secs]
34.873: [GC (Allocation Failure)  5256K->840K(15872K), 0.0007633 secs]
34.877: [GC (Allocation Failure)  5256K->840K(15872K), 0.0007584 secs]
34.881: [GC (Allocation Failure)  5256K->840K(15872K), 0.0007628 secs]
34.885: [GC (Allocation Failure)  5256K->840K(15872K), 0.0007727 secs]
34.889: [GC (Allocation Failure)  5256K->840K(15872K), 0.0007666 secs]
34.893: [GC (Allocation Failure)  5256K->840K(15872K), 0.0007655 secs]
34.898: [GC (Allocation Failure)  5256K->840K(15872K), 0.0007622 secs]
34.902: [GC (Allocation Failure)  5256K->840K(15872K), 0.0007644 secs]
34.906: [GC (Allocation Failure)  5256K->840K(15872K), 0.0007655 secs]
34.910: [GC (Allocation Failure)  5256K->840K(15872K), 0.0007589 secs]
34.915: [GC (Allocation Failure)  5256K->840K(15872K), 0.0008112 secs]
34.919: [GC (Allocation Failure)  5256K->840K(15872K), 0.0007754 secs]
34.923: [GC (Allocation Failure)  5256K->840K(15872K), 0.0007826 secs]
34.927: [GC (Allocation Failure)  5256K->840K(15872K), 0.0007875 secs]
34.932: [GC (Allocation Failure)  5256K->840K(15872K), 0.0007787 secs]
34.936: [GC (Allocation Failure)  5256K->840K(15872K), 0.0007809 secs]
34.940: [GC (Allocation Failure)  5256K->840K(15872K), 0.0008227 secs]
34.945: [GC (Allocation Failure)  5256K->840K(15872K), 0.0007683 secs]
34.949: [GC (Allocation Failure)  5256K->840K(15872K), 0.0007952 secs]
34.954: [GC (Allocation Failure)  5256K->840K(15872K), 0.0007804 secs]
34.959: [GC (Allocation Failure)  5256K->840K(15872K), 0.0007617 secs]
34.963: [GC (Allocation Failure)  5256K->840K(15872K), 0.0007837 secs]
34.967: [GC (Allocation Failure)  5256K->840K(15872K), 0.0008112 secs]
34.971: [GC (Allocation Failure)  5256K->840K(15872K), 0.0007952 secs]
34.975: [GC (Allocation Failure)  5256K->840K(15872K), 0.0007683 secs]
34.980: [GC (Allocation Failure)  5256K->840K(15872K), 0.0007617 secs]
34.984: [GC (Allocation Failure)  5256K->840K(15872K), 0.0007551 secs]
34.988: [GC (Allocation Failure)  5256K->840K(15872K), 0.0007584 secs]
34.992: [GC (Allocation Failure)  5256K->840K(15872K), 0.0008117 secs]
34.996: [GC (Allocation Failure)  5256K->840K(15872K), 0.0007573 secs]
35.000: [GC (Allocation Failure)  5256K->840K(15872K), 0.0007567 secs]
35.004: [GC (Allocation Failure)  5256K->840K(15872K), 0.0007551 secs]
35.008: [GC (Allocation Failure)  5256K->840K(15872K), 0.0007507 secs]
35.012: [GC (Allocation Failure)  5256K->840K(15872K), 0.0008040 secs]
35.016: [GC (Allocation Failure)  5256K->840K(15872K), 0.0007655 secs]
35.020: [GC (Allocation Failure)  5256K->840K(15872K), 0.0007666 secs]
35.024: [GC (Allocation Failure)  5256K->840K(15872K), 0.0007639 secs]
35.028: [GC (Allocation Failure)  5256K->840K(15872K), 0.0007622 secs]
35.032: [GC (Allocation Failure)  5256K->840K(15872K), 0.0007628 secs]
35.036: [GC (Allocation Failure)  5256K->840K(15872K), 0.0008728 secs]
35.041: [GC (Allocation Failure)  5256K->840K(15872K), 0.0007683 secs]
35.045: [GC (Allocation Failure)  5256K->840K(15872K), 0.0007501 secs]
35.049: [GC (Allocation Failure)  5256K->840K(15872K), 0.0007496 secs]
35.053: [GC (Allocation Failure)  5256K->840K(15872K), 0.0007545 secs]
35.057: [GC (Allocation Failure)  5256K->840K(15872K), 0.0007567 secs]
35.061: [GC (Allocation Failure)  5256K->840K(15872K), 0.0007677 secs]
35.065: [GC (Allocation Failure)  5256K->840K(15872K), 0.0007606 secs]
35.069: [GC (Allocation Failure)  5256K->840K(15872K), 0.0007540 secs]
35.073: [GC (Allocation Failure)  5256K->840K(15872K), 0.0007688 secs]
35.077: [GC (Allocation Failure)  5256K->840K(15872K), 0.0009223 secs]
35.082: [GC (Allocation Failure)  5256K->840K(15872K), 0.0007573 secs]
35.086: [GC (Allocation Failure)  5256K->840K(15872K), 0.0007518 secs]
35.090: [GC (Allocation Failure)  5256K->840K(15872K), 0.0007573 secs]
35.094: [GC (Allocation Failure)  5256K->840K(15872K), 0.0007864 secs]
35.098: [GC (Allocation Failure)  5256K->840K(15872K), 0.0007567 secs]
35.102: [GC (Allocation Failure)  5256K->840K(15872K), 0.0007793 secs]
35.107: [GC (Allocation Failure)  5256K->840K(15872K), 0.0007677 secs]
35.111: [GC (Allocation Failure)  5256K->840K(15872K), 0.0007551 secs]
35.115: [GC (Allocation Failure)  5256K->840K(15872K), 0.0007496 secs]
35.119: [GC (Allocation Failure)  5256K->840K(15872K), 0.0007529 secs]
35.123: [GC (Allocation Failure)  5256K->840K(15872K), 0.0007589 secs]
35.127: [GC (Allocation Failure)  5256K->840K(15872K), 0.0007501 secs]
35.131: [GC (Allocation Failure)  5256K->840K(15872K), 0.0008425 secs]
35.135: [GC (Allocation Failure)  5256K->840K(15872K), 0.0007617 secs]
35.139: [GC (Allocation Failure)  5256K->840K(15872K), 0.0007584 secs]
35.143: [GC (Allocation Failure)  5256K->840K(15872K), 0.0008018 secs]
35.147: [GC (Allocation Failure)  5256K->840K(15872K), 0.0007886 secs]
35.151: [GC (Allocation Failure)  5256K->840K(15872K), 0.0007611 secs]
35.155: [GC (Allocation Failure)  5256K->840K(15872K), 0.0007628 secs]
35.159: [GC (Allocation Failure)  5256K->840K(15872K), 0.0007600 secs]
35.163: [GC (Allocation Failure)  5256K->840K(15872K), 0.0007633 secs]
35.167: [GC (Allocation Failure)  5256K->840K(15872K), 0.0007727 secs]
35.171: [GC (Allocation Failure)  5256K->840K(15872K), 0.0007672 secs]
35.175: [GC (Allocation Failure)  5256K->840K(15872K), 0.0007617 secs]
35.179: [GC (Allocation Failure)  5256K->840K(15872K), 0.0007710 secs]
35.183: [GC (Allocation Failure)  5256K->840K(15872K), 0.0007567 secs]
35.187: [GC (Allocation Failure)  5256K->840K(15872K), 0.0007589 secs]
35.191: [GC (Allocation Failure)  5256K->840K(15872K), 0.0007622 secs]
35.195: [GC (Allocation Failure)  5256K->840K(15872K), 0.0007545 secs]
35.200: [GC (Allocation Failure)  5256K->840K(15872K), 0.0007963 secs]
35.204: [GC (Allocation Failure)  5256K->840K(15872K), 0.0007584 secs]
35.208: [GC (Allocation Failure)  5256K->840K(15872K), 0.0007474 secs]
35.212: [GC (Allocation Failure)  5256K->840K(15872K), 0.0007518 secs]
35.216: [GC (Allocation Failure)  5256K->840K(15872K), 0.0007518 secs]
35.220: [GC (Allocation Failure)  5256K->840K(15872K), 0.0007540 secs]
35.224: [GC (Allocation Failure)  5256K->840K(15872K), 0.0008992 secs]
35.228: [GC (Allocation Failure)  5256K->840K(15872K), 0.0007622 secs]
35.232: [GC (Allocation Failure)  5256K->840K(15872K), 0.0007622 secs]
35.236: [GC (Allocation Failure)  5256K->840K(15872K), 0.0007589 secs]
35.240: [GC (Allocation Failure)  5256K->840K(15872K), 0.0008662 secs]
35.244: [GC (Allocation Failure)  5256K->840K(15872K), 0.0007644 secs]
35.248: [GC (Allocation Failure)  5256K->840K(15872K), 0.0007622 secs]
35.252: [GC (Allocation Failure)  5256K->840K(15872K), 0.0007584 secs]
35.256: [GC (Allocation Failure)  5256K->840K(15872K), 0.0007804 secs]
35.260: [GC (Allocation Failure)  5256K->840K(15872K), 0.0007666 secs]
35.264: [GC (Allocation Failure)  5256K->840K(15872K), 0.0007606 secs]
35.268: [GC (Allocation Failure)  5256K->840K(15872K), 0.0007743 secs]
35.272: [GC (Allocation Failure)  5256K->840K(15872K), 0.0007523 secs]
35.276: [GC (Allocation Failure)  5256K->840K(15872K), 0.0007595 secs]
35.280: [GC (Allocation Failure)  5256K->840K(15872K), 0.0007496 secs]
35.284: [GC (Allocation Failure)  5256K->840K(15872K), 0.0007611 secs]
35.289: [GC (Allocation Failure)  5256K->840K(15872K), 0.0007501 secs]
35.293: [GC (Allocation Failure)  5256K->840K(15872K), 0.0008959 secs]
35.297: [GC (Allocation Failure)  5256K->840K(15872K), 0.0007551 secs]
35.301: [GC (Allocation Failure)  5256K->840K(15872K), 0.0007815 secs]
35.305: [GC (Allocation Failure)  5256K->840K(15872K), 0.0007595 secs]
35.309: [GC (Allocation Failure)  5256K->840K(15872K), 0.0007628 secs]
35.313: [GC (Allocation Failure)  5256K->840K(15872K), 0.0007595 secs]
35.317: [GC (Allocation Failure)  5256K->840K(15872K), 0.0009696 secs]
35.321: [GC (Allocation Failure)  5256K->840K(15872K), 0.0007639 secs]
35.325: [GC (Allocation Failure)  5256K->840K(15872K), 0.0007705 secs]
35.330: [GC (Allocation Failure)  5256K->840K(15872K), 0.0007589 secs]
35.334: [GC (Allocation Failure)  5256K->840K(15872K), 0.0007584 secs]
35.338: [GC (Allocation Failure)  5256K->840K(15872K), 0.0007534 secs]
35.342: [GC (Allocation Failure)  5256K->840K(15872K), 0.0007644 secs]
35.346: [GC (Allocation Failure)  5256K->840K(15872K), 0.0007716 secs]
35.350: [GC (Allocation Failure)  5256K->840K(15872K), 0.0007754 secs]
35.354: [GC (Allocation Failure)  5256K->840K(15872K), 0.0007589 secs]
35.358: [GC (Allocation Failure)  5256K->840K(15872K), 0.0007545 secs]
35.362: [GC (Allocation Failure)  5256K->840K(15872K), 0.0007545 secs]
35.366: [GC (Allocation Failure)  5256K->840K(15872K), 0.0007512 secs]
35.370: [GC (Allocation Failure)  5256K->840K(15872K), 0.0007655 secs]
35.374: [GC (Allocation Failure)  5256K->840K(15872K), 0.0007694 secs]
35.378: [GC (Allocation Failure)  5256K->840K(15872K), 0.0007974 secs]
35.382: [GC (Allocation Failure)  5256K->840K(15872K), 0.0007573 secs]
35.386: [GC (Allocation Failure)  5256K->840K(15872K), 0.0007573 secs]
35.390: [GC (Allocation Failure)  5256K->840K(15872K), 0.0008090 secs]
35.394: [GC (Allocation Failure)  5256K->840K(15872K), 0.0007952 secs]
35.398: [GC (Allocation Failure)  5256K->840K(15872K), 0.0007732 secs]
35.402: [GC (Allocation Failure)  5256K->840K(15872K), 0.0007562 secs]
35.406: [GC (Allocation Failure)  5256K->840K(15872K), 0.0007677 secs]
35.410: [GC (Allocation Failure)  5256K->840K(15872K), 0.0007699 secs]
35.415: [GC (Allocation Failure)  5256K->840K(15872K), 0.0007628 secs]
35.419: [GC (Allocation Failure)  5256K->840K(15872K), 0.0007485 secs]
35.423: [GC (Allocation Failure)  5256K->840K(15872K), 0.0007518 secs]
35.427: [GC (Allocation Failure)  5256K->840K(15872K), 0.0007578 secs]
35.431: [GC (Allocation Failure)  5256K->840K(15872K), 0.0007567 secs]
35.435: [GC (Allocation Failure)  5256K->840K(15872K), 0.0007534 secs]
35.439: [GC (Allocation Failure)  5256K->840K(15872K), 0.0007479 secs]
35.443: [GC (Allocation Failure)  5256K->840K(15872K), 0.0007534 secs]
35.447: [GC (Allocation Failure)  5256K->840K(15872K), 0.0007655 secs]
35.451: [GC (Allocation Failure)  5256K->840K(15872K), 0.0007628 secs]
35.455: [GC (Allocation Failure)  5256K->840K(15872K), 0.0007562 secs]
35.459: [GC (Allocation Failure)  5256K->840K(15872K), 0.0007551 secs]
35.463: [GC (Allocation Failure)  5256K->840K(15872K), 0.0007534 secs]
35.467: [GC (Allocation Failure)  5256K->840K(15872K), 0.0007611 secs]
35.471: [GC (Allocation Failure)  5256K->840K(15872K), 0.0007633 secs]
35.475: [GC (Allocation Failure)  5256K->840K(15872K), 0.0007655 secs]
35.479: [GC (Allocation Failure)  5256K->840K(15872K), 0.0007941 secs]
35.483: [GC (Allocation Failure)  5256K->840K(15872K), 0.0007672 secs]
35.487: [GC (Allocation Failure)  5256K->840K(15872K), 0.0007534 secs]
35.491: [GC (Allocation Failure)  5256K->840K(15872K), 0.0007661 secs]
35.495: [GC (Allocation Failure)  5256K->840K(15872K), 0.0007611 secs]
35.499: [GC (Allocation Failure)  5256K->840K(15872K), 0.0007617 secs]
35.503: [GC (Allocation Failure)  5256K->840K(15872K), 0.0007732 secs]
35.507: [GC (Allocation Failure)  5256K->840K(15872K), 0.0007672 secs]
35.511: [GC (Allocation Failure)  5256K->840K(15872K), 0.0007705 secs]
35.515: [GC (Allocation Failure)  5256K->840K(15872K), 0.0007600 secs]
35.519: [GC (Allocation Failure)  5256K->840K(15872K), 0.0007578 secs]
35.523: [GC (Allocation Failure)  5256K->840K(15872K), 0.0007556 secs]
35.527: [GC (Allocation Failure)  5256K->840K(15872K), 0.0007628 secs]
35.531: [GC (Allocation Failure)  5256K->840K(15872K), 0.0007661 secs]
35.535: [GC (Allocation Failure)  5256K->840K(15872K), 0.0007584 secs]
35.539: [GC (Allocation Failure)  5256K->840K(15872K), 0.0008810 secs]
35.544: [GC (Allocation Failure)  5256K->840K(15872K), 0.0007677 secs]
35.548: [GC (Allocation Failure)  5256K->840K(15872K), 0.0007523 secs]
35.552: [GC (Allocation Failure)  5256K->840K(15872K), 0.0007551 secs]
35.556: [GC (Allocation Failure)  5256K->840K(15872K), 0.0007617 secs]
35.560: [GC (Allocation Failure)  5256K->840K(15872K), 0.0007578 secs]
35.564: [GC (Allocation Failure)  5256K->840K(15872K), 0.0007804 secs]
35.568: [GC (Allocation Failure)  5256K->840K(15872K), 0.0007584 secs]
35.572: [GC (Allocation Failure)  5256K->840K(15872K), 0.0007639 secs]
35.576: [GC (Allocation Failure)  5256K->840K(15872K), 0.0007848 secs]
35.580: [GC (Allocation Failure)  5256K->840K(15872K), 0.0007622 secs]
35.584: [GC (Allocation Failure)  5256K->840K(15872K), 0.0007666 secs]
35.588: [GC (Allocation Failure)  5256K->840K(15872K), 0.0007600 secs]
35.592: [GC (Allocation Failure)  5256K->840K(15872K), 0.0007661 secs]
35.597: [GC (Allocation Failure)  5256K->840K(15872K), 0.0008057 secs]
35.601: [GC (Allocation Failure)  5256K->840K(15872K), 0.0007655 secs]
35.605: [GC (Allocation Failure)  5256K->840K(15872K), 0.0008794 secs]
35.609: [GC (Allocation Failure)  5256K->840K(15872K), 0.0007639 secs]
35.613: [GC (Allocation Failure)  5256K->840K(15872K), 0.0007633 secs]
35.617: [GC (Allocation Failure)  5256K->840K(15872K), 0.0008167 secs]
35.621: [GC (Allocation Failure)  5256K->840K(15872K), 0.0007760 secs]
35.625: [GC (Allocation Failure)  5256K->840K(15872K), 0.0007666 secs]
35.629: [GC (Allocation Failure)  5256K->840K(15872K), 0.0007655 secs]
35.633: [GC (Allocation Failure)  5256K->840K(15872K), 0.0008887 secs]
35.637: [GC (Allocation Failure)  5256K->840K(15872K), 0.0007754 secs]
35.642: [GC (Allocation Failure)  5256K->840K(15872K), 0.0007672 secs]
35.646: [GC (Allocation Failure)  5256K->840K(15872K), 0.0007567 secs]
35.650: [GC (Allocation Failure)  5256K->840K(15872K), 0.0009157 secs]
35.654: [GC (Allocation Failure)  5256K->840K(15872K), 0.0007595 secs]
35.658: [GC (Allocation Failure)  5256K->840K(15872K), 0.0007584 secs]
35.662: [GC (Allocation Failure)  5256K->840K(15872K), 0.0007716 secs]
35.666: [GC (Allocation Failure)  5256K->840K(15872K), 0.0007644 secs]
35.670: [GC (Allocation Failure)  5256K->840K(15872K), 0.0007683 secs]
35.674: [GC (Allocation Failure)  5256K->840K(15872K), 0.0007639 secs]
35.678: [GC (Allocation Failure)  5256K->840K(15872K), 0.0007611 secs]
35.682: [GC (Allocation Failure)  5256K->840K(15872K), 0.0007633 secs]
35.686: [GC (Allocation Failure)  5256K->840K(15872K), 0.0007639 secs]
35.690: [GC (Allocation Failure)  5256K->840K(15872K), 0.0007589 secs]
35.695: [GC (Allocation Failure)  5256K->840K(15872K), 0.0007611 secs]
35.699: [GC (Allocation Failure)  5256K->840K(15872K), 0.0007468 secs]
35.703: [GC (Allocation Failure)  5256K->840K(15872K), 0.0007595 secs]
35.707: [GC (Allocation Failure)  5256K->840K(15872K), 0.0007523 secs]
35.711: [GC (Allocation Failure)  5256K->840K(15872K), 0.0007606 secs]
35.715: [GC (Allocation Failure)  5256K->840K(15872K), 0.0007606 secs]
35.719: [GC (Allocation Failure)  5256K->840K(15872K), 0.0007534 secs]
35.723: [GC (Allocation Failure)  5256K->840K(15872K), 0.0007617 secs]
35.727: [GC (Allocation Failure)  5256K->840K(15872K), 0.0007589 secs]
35.731: [GC (Allocation Failure)  5256K->840K(15872K), 0.0007639 secs]
35.735: [GC (Allocation Failure)  5256K->840K(15872K), 0.0007490 secs]
35.739: [GC (Allocation Failure)  5256K->840K(15872K), 0.0008002 secs]
35.743: [GC (Allocation Failure)  5256K->840K(15872K), 0.0007694 secs]
35.747: [GC (Allocation Failure)  5256K->840K(15872K), 0.0007908 secs]
35.751: [GC (Allocation Failure)  5256K->840K(15872K), 0.0007677 secs]
35.756: [GC (Allocation Failure)  5256K->840K(15872K), 0.0007567 secs]
35.760: [GC (Allocation Failure)  5256K->840K(15872K), 0.0007545 secs]
35.764: [GC (Allocation Failure)  5256K->840K(15872K), 0.0007699 secs]
35.768: [GC (Allocation Failure)  5256K->840K(15872K), 0.0007551 secs]
35.772: [GC (Allocation Failure)  5256K->840K(15872K), 0.0007540 secs]
35.776: [GC (Allocation Failure)  5256K->840K(15872K), 0.0007496 secs]
35.780: [GC (Allocation Failure)  5256K->840K(15872K), 0.0007567 secs]
35.784: [GC (Allocation Failure)  5256K->840K(15872K), 0.0007567 secs]
35.788: [GC (Allocation Failure)  5256K->840K(15872K), 0.0007622 secs]
35.792: [GC (Allocation Failure)  5256K->840K(15872K), 0.0007573 secs]
35.796: [GC (Allocation Failure)  5256K->840K(15872K), 0.0007754 secs]
35.800: [GC (Allocation Failure)  5256K->840K(15872K), 0.0007611 secs]
35.804: [GC (Allocation Failure)  5256K->840K(15872K), 0.0007595 secs]
35.808: [GC (Allocation Failure)  5256K->840K(15872K), 0.0007809 secs]
35.812: [GC (Allocation Failure)  5256K->840K(15872K), 0.0007699 secs]
35.816: [GC (Allocation Failure)  5256K->840K(15872K), 0.0007958 secs]
35.820: [GC (Allocation Failure)  5256K->840K(15872K), 0.0007556 secs]
35.825: [GC (Allocation Failure)  5256K->840K(15872K), 0.0009239 secs]
35.829: [GC (Allocation Failure)  5256K->840K(15872K), 0.0007666 secs]
35.833: [GC (Allocation Failure)  5256K->840K(15872K), 0.0007600 secs]
35.837: [GC (Allocation Failure)  5256K->840K(15872K), 0.0007875 secs]
35.841: [GC (Allocation Failure)  5256K->840K(15872K), 0.0007617 secs]
35.845: [GC (Allocation Failure)  5256K->840K(15872K), 0.0007666 secs]
35.849: [GC (Allocation Failure)  5256K->840K(15872K), 0.0007705 secs]
35.853: [GC (Allocation Failure)  5256K->840K(15872K), 0.0007606 secs]
35.857: [GC (Allocation Failure)  5256K->840K(15872K), 0.0007600 secs]
35.861: [GC (Allocation Failure)  5256K->840K(15872K), 0.0007562 secs]
35.865: [GC (Allocation Failure)  5256K->840K(15872K), 0.0007545 secs]
35.869: [GC (Allocation Failure)  5256K->840K(15872K), 0.0007501 secs]
35.874: [GC (Allocation Failure)  5256K->840K(15872K), 0.0007666 secs]
35.878: [GC (Allocation Failure)  5256K->840K(15872K), 0.0007595 secs]
35.882: [GC (Allocation Failure)  5256K->840K(15872K), 0.0009124 secs]
35.886: [GC (Allocation Failure)  5256K->840K(15872K), 0.0007617 secs]
35.890: [GC (Allocation Failure)  5256K->840K(15872K), 0.0007562 secs]
35.894: [GC (Allocation Failure)  5256K->840K(15872K), 0.0007661 secs]
35.898: [GC (Allocation Failure)  5256K->840K(15872K), 0.0007540 secs]
35.902: [GC (Allocation Failure)  5256K->840K(15872K), 0.0007595 secs]
35.906: [GC (Allocation Failure)  5256K->840K(15872K), 0.0007617 secs]
35.910: [GC (Allocation Failure)  5256K->840K(15872K), 0.0007611 secs]
35.914: [GC (Allocation Failure)  5256K->840K(15872K), 0.0007771 secs]
35.918: [GC (Allocation Failure)  5256K->840K(15872K), 0.0007617 secs]
35.922: [GC (Allocation Failure)  5256K->840K(15872K), 0.0007584 secs]
35.926: [GC (Allocation Failure)  5256K->840K(15872K), 0.0007897 secs]
35.930: [GC (Allocation Failure)  5256K->840K(15872K), 0.0007677 secs]
35.934: [GC (Allocation Failure)  5256K->840K(15872K), 0.0007655 secs]
35.938: [GC (Allocation Failure)  5256K->840K(15872K), 0.0007655 secs]
35.943: [GC (Allocation Failure)  5256K->840K(15872K), 0.0007672 secs]
35.947: [GC (Allocation Failure)  5256K->840K(15872K), 0.0007529 secs]
35.951: [GC (Allocation Failure)  5256K->840K(15872K), 0.0007529 secs]
35.955: [GC (Allocation Failure)  5256K->840K(15872K), 0.0007518 secs]
35.959: [GC (Allocation Failure)  5256K->840K(15872K), 0.0007534 secs]
35.963: [GC (Allocation Failure)  5256K->840K(15872K), 0.0007485 secs]
35.967: [GC (Allocation Failure)  5256K->840K(15872K), 0.0007562 secs]
35.971: [GC (Allocation Failure)  5256K->840K(15872K), 0.0007529 secs]
35.975: [GC (Allocation Failure)  5256K->840K(15872K), 0.0008150 secs]
35.979: [GC (Allocation Failure)  5256K->840K(15872K), 0.0007628 secs]
35.983: [GC (Allocation Failure)  5256K->840K(15872K), 0.0007606 secs]
35.987: [GC (Allocation Failure)  5256K->840K(15872K), 0.0007573 secs]
35.991: [GC (Allocation Failure)  5256K->840K(15872K), 0.0007562 secs]
35.995: [GC (Allocation Failure)  5256K->840K(15872K), 0.0007606 secs]
35.999: [GC (Allocation Failure)  5256K->840K(15872K), 0.0007639 secs]
36.003: [GC (Allocation Failure)  5256K->840K(15872K), 0.0007606 secs]
36.007: [GC (Allocation Failure)  5256K->840K(15872K), 0.0007672 secs]
36.011: [GC (Allocation Failure)  5256K->840K(15872K), 0.0007655 secs]
36.015: [GC (Allocation Failure)  5256K->840K(15872K), 0.0007754 secs]
36.019: [GC (Allocation Failure)  5256K->840K(15872K), 0.0007776 secs]
36.023: [GC (Allocation Failure)  5256K->840K(15872K), 0.0007650 secs]
36.027: [GC (Allocation Failure)  5256K->840K(15872K), 0.0007793 secs]
36.031: [GC (Allocation Failure)  5256K->840K(15872K), 0.0007804 secs]
36.035: [GC (Allocation Failure)  5256K->840K(15872K), 0.0007677 secs]
36.039: [GC (Allocation Failure)  5256K->840K(15872K), 0.0007655 secs]
36.043: [GC (Allocation Failure)  5256K->840K(15872K), 0.0007600 secs]
36.047: [GC (Allocation Failure)  5256K->840K(15872K), 0.0007809 secs]
36.051: [GC (Allocation Failure)  5256K->840K(15872K), 0.0007633 secs]
36.055: [GC (Allocation Failure)  5256K->840K(15872K), 0.0007578 secs]
36.060: [GC (Allocation Failure)  5256K->840K(15872K), 0.0007644 secs]
36.064: [GC (Allocation Failure)  5256K->840K(15872K), 0.0007622 secs]
36.068: [GC (Allocation Failure)  5256K->840K(15872K), 0.0007650 secs]
36.072: [GC (Allocation Failure)  5256K->840K(15872K), 0.0007556 secs]
36.076: [GC (Allocation Failure)  5256K->840K(15872K), 0.0007512 secs]
36.080: [GC (Allocation Failure)  5256K->840K(15872K), 0.0007556 secs]
36.084: [GC (Allocation Failure)  5256K->840K(15872K), 0.0007562 secs]
36.088: [GC (Allocation Failure)  5256K->840K(15872K), 0.0007485 secs]
36.092: [GC (Allocation Failure)  5256K->840K(15872K), 0.0007507 secs]
36.096: [GC (Allocation Failure)  5256K->840K(15872K), 0.0007611 secs]
36.100: [GC (Allocation Failure)  5256K->840K(15872K), 0.0007600 secs]
36.104: [GC (Allocation Failure)  5256K->840K(15872K), 0.0007776 secs]
36.108: [GC (Allocation Failure)  5256K->840K(15872K), 0.0007501 secs]
36.112: [GC (Allocation Failure)  5256K->840K(15872K), 0.0007507 secs]
36.116: [GC (Allocation Failure)  5256K->840K(15872K), 0.0007650 secs]
36.120: [GC (Allocation Failure)  5256K->840K(15872K), 0.0007650 secs]
36.124: [GC (Allocation Failure)  5256K->840K(15872K), 0.0007732 secs]
36.129: [GC (Allocation Failure)  5256K->840K(15872K), 0.0007639 secs]
36.133: [GC (Allocation Failure)  5256K->840K(15872K), 0.0007551 secs]
36.137: [GC (Allocation Failure)  5256K->840K(15872K), 0.0007661 secs]
36.141: [GC (Allocation Failure)  5256K->840K(15872K), 0.0007672 secs]
36.145: [GC (Allocation Failure)  5256K->840K(15872K), 0.0007518 secs]
36.149: [GC (Allocation Failure)  5256K->840K(15872K), 0.0007501 secs]
36.153: [GC (Allocation Failure)  5256K->840K(15872K), 0.0007523 secs]
36.157: [GC (Allocation Failure)  5256K->840K(15872K), 0.0007573 secs]
36.161: [GC (Allocation Failure)  5256K->840K(15872K), 0.0007523 secs]
36.165: [GC (Allocation Failure)  5256K->840K(15872K), 0.0007639 secs]
36.169: [GC (Allocation Failure)  5256K->840K(15872K), 0.0007732 secs]
36.173: [GC (Allocation Failure)  5256K->840K(15872K), 0.0007589 secs]
36.177: [GC (Allocation Failure)  5256K->840K(15872K), 0.0007545 secs]
36.181: [GC (Allocation Failure)  5256K->840K(15872K), 0.0007721 secs]
36.185: [GC (Allocation Failure)  5256K->840K(15872K), 0.0007573 secs]
36.189: [GC (Allocation Failure)  5256K->840K(15872K), 0.0007512 secs]
36.193: [GC (Allocation Failure)  5256K->840K(15872K), 0.0007650 secs]
36.197: [GC (Allocation Failure)  5256K->840K(15872K), 0.0008926 secs]
36.201: [GC (Allocation Failure)  5256K->840K(15872K), 0.0007694 secs]
36.205: [GC (Allocation Failure)  5256K->840K(15872K), 0.0007595 secs]
36.209: [GC (Allocation Failure)  5256K->840K(15872K), 0.0007606 secs]
36.213: [GC (Allocation Failure)  5256K->840K(15872K), 0.0007573 secs]
36.217: [GC (Allocation Failure)  5256K->840K(15872K), 0.0007694 secs]
36.222: [GC (Allocation Failure)  5256K->840K(15872K), 0.0007864 secs]
36.226: [GC (Allocation Failure)  5256K->840K(15872K), 0.0007578 secs]
36.230: [GC (Allocation Failure)  5256K->840K(15872K), 0.0007551 secs]
36.234: [GC (Allocation Failure)  5256K->840K(15872K), 0.0007496 secs]
36.238: [GC (Allocation Failure)  5256K->840K(15872K), 0.0007512 secs]
36.242: [GC (Allocation Failure)  5256K->840K(15872K), 0.0007496 secs]
36.246: [GC (Allocation Failure)  5256K->840K(15872K), 0.0007551 secs]
36.250: [GC (Allocation Failure)  5256K->840K(15872K), 0.0007540 secs]
36.254: [GC (Allocation Failure)  5256K->840K(15872K), 0.0007540 secs]
36.258: [GC (Allocation Failure)  5256K->840K(15872K), 0.0007639 secs]
36.262: [GC (Allocation Failure)  5256K->840K(15872K), 0.0007567 secs]
36.266: [GC (Allocation Failure)  5256K->840K(15872K), 0.0007683 secs]
36.270: [GC (Allocation Failure)  5256K->840K(15872K), 0.0007694 secs]
36.274: [GC (Allocation Failure)  5256K->840K(15872K), 0.0007743 secs]
36.278: [GC (Allocation Failure)  5256K->840K(15872K), 0.0007661 secs]
36.282: [GC (Allocation Failure)  5256K->840K(15872K), 0.0007606 secs]
36.286: [GC (Allocation Failure)  5256K->840K(15872K), 0.0007644 secs]
36.290: [GC (Allocation Failure)  5256K->840K(15872K), 0.0009289 secs]
36.294: [GC (Allocation Failure)  5256K->840K(15872K), 0.0007694 secs]
36.298: [GC (Allocation Failure)  5256K->840K(15872K), 0.0007611 secs]
36.302: [GC (Allocation Failure)  5256K->840K(15872K), 0.0007963 secs]
36.306: [GC (Allocation Failure)  5256K->840K(15872K), 0.0007655 secs]
36.311: [GC (Allocation Failure)  5256K->840K(15872K), 0.0007611 secs]
36.315: [GC (Allocation Failure)  5256K->840K(15872K), 0.0007606 secs]
36.319: [GC (Allocation Failure)  5256K->840K(15872K), 0.0007545 secs]
36.323: [GC (Allocation Failure)  5256K->840K(15872K), 0.0007545 secs]
36.327: [GC (Allocation Failure)  5256K->840K(15872K), 0.0007529 secs]
36.331: [GC (Allocation Failure)  5256K->840K(15872K), 0.0007562 secs]
36.335: [GC (Allocation Failure)  5256K->840K(15872K), 0.0007496 secs]
36.339: [GC (Allocation Failure)  5256K->840K(15872K), 0.0007523 secs]
36.343: [GC (Allocation Failure)  5256K->840K(15872K), 0.0007595 secs]
36.347: [GC (Allocation Failure)  5256K->840K(15872K), 0.0007655 secs]
36.351: [GC (Allocation Failure)  5256K->840K(15872K), 0.0008915 secs]
36.355: [GC (Allocation Failure)  5256K->840K(15872K), 0.0007562 secs]
36.359: [GC (Allocation Failure)  5256K->840K(15872K), 0.0007611 secs]
36.363: [GC (Allocation Failure)  5256K->840K(15872K), 0.0007622 secs]
36.367: [GC (Allocation Failure)  5256K->840K(15872K), 0.0007622 secs]
36.371: [GC (Allocation Failure)  5256K->840K(15872K), 0.0007633 secs]
36.375: [GC (Allocation Failure)  5256K->840K(15872K), 0.0007644 secs]
36.379: [GC (Allocation Failure)  5256K->840K(15872K), 0.0007826 secs]
36.383: [GC (Allocation Failure)  5256K->840K(15872K), 0.0007573 secs]
36.387: [GC (Allocation Failure)  5256K->840K(15872K), 0.0007628 secs]
36.391: [GC (Allocation Failure)  5256K->840K(15872K), 0.0007633 secs]
36.396: [GC (Allocation Failure)  5256K->840K(15872K), 0.0007914 secs]
36.400: [GC (Allocation Failure)  5256K->840K(15872K), 0.0007710 secs]
36.404: [GC (Allocation Failure)  5256K->840K(15872K), 0.0007584 secs]
36.408: [GC (Allocation Failure)  5256K->840K(15872K), 0.0007490 secs]
36.412: [GC (Allocation Failure)  5256K->840K(15872K), 0.0008123 secs]
36.416: [GC (Allocation Failure)  5256K->840K(15872K), 0.0007661 secs]
36.420: [GC (Allocation Failure)  5256K->840K(15872K), 0.0007562 secs]
36.424: [GC (Allocation Failure)  5256K->840K(15872K), 0.0007672 secs]
36.428: [GC (Allocation Failure)  5256K->840K(15872K), 0.0007578 secs]
36.432: [GC (Allocation Failure)  5256K->840K(15872K), 0.0007556 secs]
36.436: [GC (Allocation Failure)  5256K->840K(15872K), 0.0007617 secs]
36.440: [GC (Allocation Failure)  5256K->840K(15872K), 0.0007672 secs]
36.444: [GC (Allocation Failure)  5256K->840K(15872K), 0.0007677 secs]
36.448: [GC (Allocation Failure)  5256K->840K(15872K), 0.0007688 secs]
36.452: [GC (Allocation Failure)  5256K->840K(15872K), 0.0007666 secs]
36.456: [GC (Allocation Failure)  5256K->840K(15872K), 0.0007820 secs]
36.460: [GC (Allocation Failure)  5256K->840K(15872K), 0.0007584 secs]
36.464: [GC (Allocation Failure)  5256K->840K(15872K), 0.0007606 secs]
36.468: [GC (Allocation Failure)  5256K->840K(15872K), 0.0009333 secs]
36.473: [GC (Allocation Failure)  5256K->840K(15872K), 0.0007551 secs]
36.477: [GC (Allocation Failure)  5256K->840K(15872K), 0.0007710 secs]
36.481: [GC (Allocation Failure)  5256K->840K(15872K), 0.0007584 secs]
36.485: [GC (Allocation Failure)  5256K->840K(15872K), 0.0007589 secs]
36.489: [GC (Allocation Failure)  5256K->840K(15872K), 0.0007688 secs]
36.493: [GC (Allocation Failure)  5256K->840K(15872K), 0.0007589 secs]
36.497: [GC (Allocation Failure)  5256K->840K(15872K), 0.0007958 secs]
36.501: [GC (Allocation Failure)  5256K->840K(15872K), 0.0007683 secs]
36.505: [GC (Allocation Failure)  5256K->840K(15872K), 0.0007540 secs]
36.509: [GC (Allocation Failure)  5256K->840K(15872K), 0.0007518 secs]
36.513: [GC (Allocation Failure)  5256K->840K(15872K), 0.0007556 secs]
36.518: [GC (Allocation Failure)  5256K->840K(15872K), 0.0007914 secs]
36.522: [GC (Allocation Failure)  5256K->840K(15872K), 0.0007809 secs]
36.526: [GC (Allocation Failure)  5256K->840K(15872K), 0.0007617 secs]
36.530: [GC (Allocation Failure)  5256K->840K(15872K), 0.0007507 secs]
36.534: [GC (Allocation Failure)  5256K->840K(15872K), 0.0007738 secs]
36.538: [GC (Allocation Failure)  5256K->840K(15872K), 0.0008084 secs]
36.542: [GC (Allocation Failure)  5256K->840K(15872K), 0.0007749 secs]
36.546: [GC (Allocation Failure)  5256K->840K(15872K), 0.0007787 secs]
36.550: [GC (Allocation Failure)  5256K->840K(15872K), 0.0007622 secs]
36.554: [GC (Allocation Failure)  5256K->840K(15872K), 0.0007518 secs]
36.558: [GC (Allocation Failure)  5256K->840K(15872K), 0.0007892 secs]
36.562: [GC (Allocation Failure)  5256K->840K(15872K), 0.0007639 secs]
36.566: [GC (Allocation Failure)  5256K->840K(15872K), 0.0008117 secs]
36.571: [GC (Allocation Failure)  5256K->840K(15872K), 0.0009146 secs]
36.575: [GC (Allocation Failure)  5256K->840K(15872K), 0.0007699 secs]
36.579: [GC (Allocation Failure)  5256K->840K(15872K), 0.0007595 secs]
36.583: [GC (Allocation Failure)  5256K->840K(15872K), 0.0007562 secs]
36.587: [GC (Allocation Failure)  5256K->840K(15872K), 0.0007589 secs]
36.591: [GC (Allocation Failure)  5256K->840K(15872K), 0.0007551 secs]
36.595: [GC (Allocation Failure)  5256K->840K(15872K), 0.0007710 secs]
36.599: [GC (Allocation Failure)  5256K->840K(15872K), 0.0007716 secs]
36.603: [GC (Allocation Failure)  5256K->840K(15872K), 0.0007859 secs]
36.607: [GC (Allocation Failure)  5256K->840K(15872K), 0.0007611 secs]
36.611: [GC (Allocation Failure)  5256K->840K(15872K), 0.0007611 secs]
36.615: [GC (Allocation Failure)  5256K->840K(15872K), 0.0007650 secs]
36.619: [GC (Allocation Failure)  5256K->840K(15872K), 0.0007523 secs]
36.623: [GC (Allocation Failure)  5256K->840K(15872K), 0.0007804 secs]
36.628: [GC (Allocation Failure)  5256K->840K(15872K), 0.0007683 secs]
36.632: [GC (Allocation Failure)  5256K->840K(15872K), 0.0009256 secs]
36.636: [GC (Allocation Failure)  5256K->840K(15872K), 0.0007556 secs]
36.640: [GC (Allocation Failure)  5256K->840K(15872K), 0.0007540 secs]
36.644: [GC (Allocation Failure)  5256K->840K(15872K), 0.0007490 secs]
36.648: [GC (Allocation Failure)  5256K->840K(15872K), 0.0007589 secs]
36.652: [GC (Allocation Failure)  5256K->840K(15872K), 0.0007699 secs]
36.656: [GC (Allocation Failure)  5256K->840K(15872K), 0.0007496 secs]
36.660: [GC (Allocation Failure)  5256K->840K(15872K), 0.0007589 secs]
36.664: [GC (Allocation Failure)  5256K->840K(15872K), 0.0007628 secs]
36.668: [GC (Allocation Failure)  5256K->840K(15872K), 0.0007595 secs]
36.672: [GC (Allocation Failure)  5256K->840K(15872K), 0.0007655 secs]
36.676: [GC (Allocation Failure)  5256K->840K(15872K), 0.0007710 secs]
36.680: [GC (Allocation Failure)  5256K->840K(15872K), 0.0008040 secs]
36.684: [GC (Allocation Failure)  5256K->840K(15872K), 0.0007688 secs]
36.688: [GC (Allocation Failure)  5256K->840K(15872K), 0.0007639 secs]
36.693: [GC (Allocation Failure)  5256K->840K(15872K), 0.0007727 secs]
36.697: [GC (Allocation Failure)  5256K->840K(15872K), 0.0007529 secs]
36.701: [GC (Allocation Failure)  5256K->840K(15872K), 0.0007523 secs]
36.705: [GC (Allocation Failure)  5256K->840K(15872K), 0.0007457 secs]
36.709: [GC (Allocation Failure)  5256K->840K(15872K), 0.0007496 secs]
36.713: [GC (Allocation Failure)  5256K->840K(15872K), 0.0007485 secs]
36.717: [GC (Allocation Failure)  5256K->840K(15872K), 0.0007573 secs]
36.721: [GC (Allocation Failure)  5256K->840K(15872K), 0.0007688 secs]
36.725: [GC (Allocation Failure)  5256K->840K(15872K), 0.0007881 secs]
36.729: [GC (Allocation Failure)  5256K->840K(15872K), 0.0007606 secs]
36.733: [GC (Allocation Failure)  5256K->840K(15872K), 0.0007578 secs]
36.737: [GC (Allocation Failure)  5256K->840K(15872K), 0.0007914 secs]
36.741: [GC (Allocation Failure)  5256K->840K(15872K), 0.0007738 secs]
36.745: [GC (Allocation Failure)  5256K->840K(15872K), 0.0007611 secs]
36.749: [GC (Allocation Failure)  5256K->840K(15872K), 0.0007776 secs]
36.754: [GC (Allocation Failure)  5256K->840K(15872K), 0.0007677 secs]
36.758: [GC (Allocation Failure)  5256K->840K(15872K), 0.0007760 secs]
36.762: [GC (Allocation Failure)  5256K->840K(15872K), 0.0007545 secs]
36.766: [GC (Allocation Failure)  5256K->840K(15872K), 0.0007501 secs]
36.770: [GC (Allocation Failure)  5256K->840K(15872K), 0.0007584 secs]
36.774: [GC (Allocation Failure)  5256K->840K(15872K), 0.0007650 secs]
36.778: [GC (Allocation Failure)  5256K->840K(15872K), 0.0007672 secs]
36.782: [GC (Allocation Failure)  5256K->840K(15872K), 0.0007622 secs]
36.786: [GC (Allocation Failure)  5256K->840K(15872K), 0.0009322 secs]
36.791: [GC (Allocation Failure)  5256K->840K(15872K), 0.0007633 secs]
36.795: [GC (Allocation Failure)  5256K->840K(15872K), 0.0012044 secs]
36.799: [GC (Allocation Failure)  5256K->840K(15872K), 0.0007578 secs]
36.803: [GC (Allocation Failure)  5256K->840K(15872K), 0.0013435 secs]
36.808: [GC (Allocation Failure)  5256K->840K(15872K), 0.0007644 secs]
36.812: [GC (Allocation Failure)  5256K->840K(15872K), 0.0007853 secs]
36.816: [GC (Allocation Failure)  5256K->840K(15872K), 0.0007683 secs]
36.821: [GC (Allocation Failure)  5256K->840K(15872K), 0.0008480 secs]
36.825: [GC (Allocation Failure)  5256K->840K(15872K), 0.0008222 secs]
36.830: [GC (Allocation Failure)  5256K->840K(15872K), 0.0007529 secs]
36.834: [GC (Allocation Failure)  5256K->840K(15872K), 0.0008442 secs]
36.838: [GC (Allocation Failure)  5256K->840K(15872K), 0.0007573 secs]
36.842: [GC (Allocation Failure)  5256K->840K(15872K), 0.0007644 secs]
36.846: [GC (Allocation Failure)  5256K->840K(15872K), 0.0007683 secs]
36.851: [GC (Allocation Failure)  5256K->840K(15872K), 0.0007721 secs]
36.856: [GC (Allocation Failure)  5256K->840K(15872K), 0.0007963 secs]
36.860: [GC (Allocation Failure)  5256K->840K(15872K), 0.0009047 secs]
36.866: [GC (Allocation Failure)  5256K->840K(15872K), 0.0007771 secs]
36.870: [GC (Allocation Failure)  5256K->840K(15872K), 0.0007958 secs]
36.874: [GC (Allocation Failure)  5256K->840K(15872K), 0.0007831 secs]
36.879: [GC (Allocation Failure)  5256K->840K(15872K), 0.0007820 secs]
36.884: [GC (Allocation Failure)  5256K->840K(15872K), 0.0007859 secs]
36.888: [GC (Allocation Failure)  5256K->840K(15872K), 0.0007628 secs]
36.892: [GC (Allocation Failure)  5256K->840K(15872K), 0.0007633 secs]
36.897: [GC (Allocation Failure)  5256K->840K(15872K), 0.0009393 secs]
36.902: [GC (Allocation Failure)  5256K->840K(15872K), 0.0008040 secs]
36.906: [GC (Allocation Failure)  5256K->840K(15872K), 0.0008948 secs]
36.911: [GC (Allocation Failure)  5256K->840K(15872K), 0.0009465 secs]
36.916: [GC (Allocation Failure)  5256K->840K(15872K), 0.0008431 secs]
36.920: [GC (Allocation Failure)  5256K->840K(15872K), 0.0007936 secs]
36.924: [GC (Allocation Failure)  5256K->840K(15872K), 0.0007727 secs]
36.929: [GC (Allocation Failure)  5256K->840K(15872K), 0.0007925 secs]
36.934: [GC (Allocation Failure)  5256K->840K(15872K), 0.0008497 secs]
36.938: [GC (Allocation Failure)  5256K->840K(15872K), 0.0007699 secs]
36.942: [GC (Allocation Failure)  5256K->840K(15872K), 0.0009608 secs]
36.947: [GC (Allocation Failure)  5256K->840K(15872K), 0.0007815 secs]
36.952: [GC (Allocation Failure)  5256K->840K(15872K), 0.0009531 secs]
36.957: [GC (Allocation Failure)  5256K->840K(15872K), 0.0007699 secs]
36.961: [GC (Allocation Failure)  5256K->840K(15872K), 0.0008414 secs]
36.966: [GC (Allocation Failure)  5256K->840K(15872K), 0.0008717 secs]
36.970: [GC (Allocation Failure)  5256K->840K(15872K), 0.0007633 secs]
36.974: [GC (Allocation Failure)  5256K->840K(15872K), 0.0007738 secs]
36.979: [GC (Allocation Failure)  5256K->840K(15872K), 0.0007732 secs]
36.984: [GC (Allocation Failure)  5256K->840K(15872K), 0.0009547 secs]
36.988: [GC (Allocation Failure)  5256K->840K(15872K), 0.0008953 secs]
36.993: [GC (Allocation Failure)  5256K->840K(15872K), 0.0017461 secs]
36.999: [GC (Allocation Failure)  5256K->840K(15872K), 0.0008805 secs]
37.003: [GC (Allocation Failure)  5256K->840K(15872K), 0.0008376 secs]
37.008: [GC (Allocation Failure)  5256K->840K(15872K), 0.0007551 secs]
37.012: [GC (Allocation Failure)  5256K->840K(15872K), 0.0007881 secs]
37.017: [GC (Allocation Failure)  5256K->840K(15872K), 0.0008854 secs]
37.021: [GC (Allocation Failure)  5256K->840K(15872K), 0.0007705 secs]
37.026: [GC (Allocation Failure)  5256K->840K(15872K), 0.0007743 secs]
37.030: [GC (Allocation Failure)  5256K->840K(15872K), 0.0008634 secs]
37.036: [GC (Allocation Failure)  5256K->840K(15872K), 0.0007958 secs]
37.040: [GC (Allocation Failure)  5256K->840K(15872K), 0.0007683 secs]
37.044: [GC (Allocation Failure)  5256K->840K(15872K), 0.0007732 secs]
37.049: [GC (Allocation Failure)  5256K->840K(15872K), 0.0010367 secs]
37.053: [GC (Allocation Failure)  5256K->840K(15872K), 0.0007903 secs]
37.058: [GC (Allocation Failure)  5256K->840K(15872K), 0.0007672 secs]
37.062: [GC (Allocation Failure)  5256K->840K(15872K), 0.0017907 secs]
37.068: [GC (Allocation Failure)  5256K->840K(15872K), 0.0007578 secs]
37.072: [GC (Allocation Failure)  5256K->840K(15872K), 0.0007705 secs]
37.076: [GC (Allocation Failure)  5256K->840K(15872K), 0.0008882 secs]
37.081: [GC (Allocation Failure)  5256K->840K(15872K), 0.0008728 secs]
37.086: [GC (Allocation Failure)  5256K->840K(15872K), 0.0007831 secs]
37.090: [GC (Allocation Failure)  5256K->840K(15872K), 0.0007787 secs]
37.095: [GC (Allocation Failure)  5256K->840K(15872K), 0.0007765 secs]
37.101: [GC (Allocation Failure)  5256K->840K(15872K), 0.0009465 secs]
37.105: [GC (Allocation Failure)  5256K->840K(15872K), 0.0007589 secs]
37.109: [GC (Allocation Failure)  5256K->840K(15872K), 0.0009503 secs]
37.114: [GC (Allocation Failure)  5256K->840K(15872K), 0.0015448 secs]
37.119: [GC (Allocation Failure)  5256K->840K(15872K), 0.0007738 secs]
37.123: [GC (Allocation Failure)  5256K->840K(15872K), 0.0007787 secs]
37.128: [GC (Allocation Failure)  5256K->840K(15872K), 0.0008057 secs]
37.132: [GC (Allocation Failure)  5256K->840K(15872K), 0.0008178 secs]
37.137: [GC (Allocation Failure)  5256K->840K(15872K), 0.0007826 secs]
37.141: [GC (Allocation Failure)  5256K->840K(15872K), 0.0008915 secs]
37.146: [GC (Allocation Failure)  5256K->840K(15872K), 0.0007749 secs]
37.151: [GC (Allocation Failure)  5256K->840K(15872K), 0.0008524 secs]
37.155: [GC (Allocation Failure)  5256K->840K(15872K), 0.0007633 secs]
37.159: [GC (Allocation Failure)  5256K->840K(15872K), 0.0008337 secs]
37.164: [GC (Allocation Failure)  5256K->840K(15872K), 0.0008216 secs]
37.168: [GC (Allocation Failure)  5256K->840K(15872K), 0.0007892 secs]
37.173: [GC (Allocation Failure)  5256K->840K(15872K), 0.0007710 secs]
37.177: [GC (Allocation Failure)  5256K->840K(15872K), 0.0008662 secs]
37.182: [GC (Allocation Failure)  5256K->840K(15872K), 0.0008755 secs]
37.186: [GC (Allocation Failure)  5256K->840K(15872K), 0.0007628 secs]
37.190: [GC (Allocation Failure)  5256K->840K(15872K), 0.0007666 secs]
37.194: [GC (Allocation Failure)  5256K->840K(15872K), 0.0008403 secs]
37.199: [GC (Allocation Failure)  5256K->840K(15872K), 0.0007793 secs]
37.204: [GC (Allocation Failure)  5256K->840K(15872K), 0.0007721 secs]
37.208: [GC (Allocation Failure)  5256K->840K(15872K), 0.0007606 secs]
37.212: [GC (Allocation Failure)  5256K->840K(15872K), 0.0007897 secs]
37.216: [GC (Allocation Failure)  5256K->840K(15872K), 0.0009113 secs]
37.221: [GC (Allocation Failure)  5256K->840K(15872K), 0.0007677 secs]
37.225: [GC (Allocation Failure)  5256K->840K(15872K), 0.0010108 secs]
37.229: [GC (Allocation Failure)  5256K->840K(15872K), 0.0010664 secs]
37.235: [GC (Allocation Failure)  5256K->840K(15872K), 0.0007639 secs]
37.239: [GC (Allocation Failure)  5256K->840K(15872K), 0.0008051 secs]
37.243: [GC (Allocation Failure)  5256K->840K(15872K), 0.0008689 secs]
37.248: [GC (Allocation Failure)  5256K->840K(15872K), 0.0008860 secs]
37.252: [GC (Allocation Failure)  5256K->840K(15872K), 0.0007677 secs]
37.256: [GC (Allocation Failure)  5256K->840K(15872K), 0.0007650 secs]
37.261: [GC (Allocation Failure)  5256K->840K(15872K), 0.0007793 secs]
37.265: [GC (Allocation Failure)  5256K->840K(15872K), 0.0008667 secs]
37.270: [GC (Allocation Failure)  5256K->840K(15872K), 0.0007771 secs]
37.274: [GC (Allocation Failure)  5256K->840K(15872K), 0.0007721 secs]
37.278: [GC (Allocation Failure)  5256K->840K(15872K), 0.0007809 secs]
37.283: [GC (Allocation Failure)  5256K->840K(15872K), 0.0008178 secs]
37.287: [GC (Allocation Failure)  5256K->840K(15872K), 0.0009679 secs]
37.292: [GC (Allocation Failure)  5256K->840K(15872K), 0.0007567 secs]
37.296: [GC (Allocation Failure)  5256K->840K(15872K), 0.0007782 secs]
37.301: [GC (Allocation Failure)  5256K->840K(15872K), 0.0009151 secs]
37.305: [GC (Allocation Failure)  5256K->840K(15872K), 0.0007617 secs]
37.310: [GC (Allocation Failure)  5256K->840K(15872K), 0.0007859 secs]
37.315: [GC (Allocation Failure)  5256K->840K(15872K), 0.0008348 secs]
37.320: [GC (Allocation Failure)  5256K->840K(15872K), 0.0007842 secs]
37.324: [GC (Allocation Failure)  5256K->840K(15872K), 0.0007820 secs]
37.328: [GC (Allocation Failure)  5256K->840K(15872K), 0.0008513 secs]
37.333: [GC (Allocation Failure)  5256K->840K(15872K), 0.0011549 secs]
37.337: [GC (Allocation Failure)  5256K->840K(15872K), 0.0008090 secs]
37.342: [GC (Allocation Failure)  5256K->840K(15872K), 0.0007716 secs]
37.347: [GC (Allocation Failure)  5256K->840K(15872K), 0.0009157 secs]
37.351: [GC (Allocation Failure)  5256K->840K(15872K), 0.0007694 secs]
37.355: [GC (Allocation Failure)  5256K->840K(15872K), 0.0007661 secs]
37.359: [GC (Allocation Failure)  5256K->840K(15872K), 0.0007930 secs]
37.363: [GC (Allocation Failure)  5256K->840K(15872K), 0.0007677 secs]
37.368: [GC (Allocation Failure)  5256K->840K(15872K), 0.0008134 secs]
37.372: [GC (Allocation Failure)  5256K->840K(15872K), 0.0007556 secs]
37.376: [GC (Allocation Failure)  5256K->840K(15872K), 0.0008073 secs]
37.380: [GC (Allocation Failure)  5256K->840K(15872K), 0.0009025 secs]
37.385: [GC (Allocation Failure)  5256K->840K(15872K), 0.0008315 secs]
37.389: [GC (Allocation Failure)  5256K->840K(15872K), 0.0007732 secs]
37.393: [GC (Allocation Failure)  5256K->840K(15872K), 0.0007925 secs]
37.397: [GC (Allocation Failure)  5256K->840K(15872K), 0.0008194 secs]
37.402: [GC (Allocation Failure)  5256K->840K(15872K), 0.0007782 secs]
37.406: [GC (Allocation Failure)  5256K->840K(15872K), 0.0007677 secs]
37.410: [GC (Allocation Failure)  5256K->840K(15872K), 0.0007595 secs]
37.414: [GC (Allocation Failure)  5256K->840K(15872K), 0.0007672 secs]
37.418: [GC (Allocation Failure)  5256K->840K(15872K), 0.0007820 secs]
37.423: [GC (Allocation Failure)  5256K->840K(15872K), 0.0007787 secs]
37.427: [GC (Allocation Failure)  5256K->840K(15872K), 0.0009063 secs]
37.431: [GC (Allocation Failure)  5256K->840K(15872K), 0.0007622 secs]
37.436: [GC (Allocation Failure)  5256K->840K(15872K), 0.0007655 secs]
37.440: [GC (Allocation Failure)  5256K->840K(15872K), 0.0007611 secs]
37.444: [GC (Allocation Failure)  5256K->840K(15872K), 0.0008585 secs]
37.448: [GC (Allocation Failure)  5256K->840K(15872K), 0.0008821 secs]
37.452: [GC (Allocation Failure)  5256K->840K(15872K), 0.0007644 secs]
37.457: [GC (Allocation Failure)  5256K->840K(15872K), 0.0009404 secs]
37.461: [GC (Allocation Failure)  5256K->840K(15872K), 0.0008414 secs]
37.466: [GC (Allocation Failure)  5256K->840K(15872K), 0.0008970 secs]
37.470: [GC (Allocation Failure)  5256K->840K(15872K), 0.0007666 secs]
37.475: [GC (Allocation Failure)  5256K->840K(15872K), 0.0007809 secs]
37.479: [GC (Allocation Failure)  5256K->840K(15872K), 0.0007622 secs]
37.483: [GC (Allocation Failure)  5256K->840K(15872K), 0.0007628 secs]
37.487: [GC (Allocation Failure)  5256K->840K(15872K), 0.0007600 secs]
37.491: [GC (Allocation Failure)  5256K->840K(15872K), 0.0007545 secs]
37.495: [GC (Allocation Failure)  5256K->840K(15872K), 0.0007611 secs]
37.499: [GC (Allocation Failure)  5256K->840K(15872K), 0.0007655 secs]
37.503: [GC (Allocation Failure)  5256K->840K(15872K), 0.0008755 secs]
37.508: [GC (Allocation Failure)  5256K->840K(15872K), 0.0007716 secs]
37.512: [GC (Allocation Failure)  5256K->840K(15872K), 0.0007562 secs]
37.516: [GC (Allocation Failure)  5256K->840K(15872K), 0.0007677 secs]
37.520: [GC (Allocation Failure)  5256K->840K(15872K), 0.0008172 secs]
37.524: [GC (Allocation Failure)  5256K->840K(15872K), 0.0008178 secs]
37.528: [GC (Allocation Failure)  5256K->840K(15872K), 0.0009014 secs]
37.533: [GC (Allocation Failure)  5256K->840K(15872K), 0.0007721 secs]
37.537: [GC (Allocation Failure)  5256K->840K(15872K), 0.0009674 secs]
37.541: [GC (Allocation Failure)  5256K->840K(15872K), 0.0007666 secs]
37.545: [GC (Allocation Failure)  5256K->840K(15872K), 0.0007677 secs]
37.549: [GC (Allocation Failure)  5256K->840K(15872K), 0.0007672 secs]
37.554: [GC (Allocation Failure)  5256K->840K(15872K), 0.0007661 secs]
37.558: [GC (Allocation Failure)  5256K->840K(15872K), 0.0007518 secs]
37.562: [GC (Allocation Failure)  5256K->840K(15872K), 0.0008315 secs]
37.566: [GC (Allocation Failure)  5256K->840K(15872K), 0.0007699 secs]
37.570: [GC (Allocation Failure)  5256K->840K(15872K), 0.0007683 secs]
37.574: [GC (Allocation Failure)  5256K->840K(15872K), 0.0010697 secs]
37.579: [GC (Allocation Failure)  5256K->840K(15872K), 0.0007622 secs]
37.583: [GC (Allocation Failure)  5256K->840K(15872K), 0.0007941 secs]
37.587: [GC (Allocation Failure)  5256K->840K(15872K), 0.0007600 secs]
37.591: [GC (Allocation Failure)  5256K->840K(15872K), 0.0007853 secs]
37.596: [GC (Allocation Failure)  5256K->840K(15872K), 0.0008029 secs]
37.600: [GC (Allocation Failure)  5256K->840K(15872K), 0.0007732 secs]
37.604: [GC (Allocation Failure)  5256K->840K(15872K), 0.0007573 secs]
37.608: [GC (Allocation Failure)  5256K->840K(15872K), 0.0007677 secs]
37.613: [GC (Allocation Failure)  5256K->840K(15872K), 0.0007606 secs]
37.617: [GC (Allocation Failure)  5256K->840K(15872K), 0.0007644 secs]
37.621: [GC (Allocation Failure)  5256K->840K(15872K), 0.0007666 secs]
37.625: [GC (Allocation Failure)  5256K->840K(15872K), 0.0007622 secs]
37.629: [GC (Allocation Failure)  5256K->840K(15872K), 0.0007826 secs]
37.634: [GC (Allocation Failure)  5256K->840K(15872K), 0.0007633 secs]
37.638: [GC (Allocation Failure)  5256K->840K(15872K), 0.0007628 secs]
37.642: [GC (Allocation Failure)  5256K->840K(15872K), 0.0007622 secs]
37.646: [GC (Allocation Failure)  5256K->840K(15872K), 0.0007716 secs]
37.650: [GC (Allocation Failure)  5256K->840K(15872K), 0.0007776 secs]
37.654: [GC (Allocation Failure)  5256K->840K(15872K), 0.0007732 secs]
37.659: [GC (Allocation Failure)  5256K->840K(15872K), 0.0007633 secs]
37.663: [GC (Allocation Failure)  5256K->840K(15872K), 0.0007650 secs]
37.667: [GC (Allocation Failure)  5256K->840K(15872K), 0.0007545 secs]
37.671: [GC (Allocation Failure)  5256K->840K(15872K), 0.0007584 secs]
37.675: [GC (Allocation Failure)  5256K->840K(15872K), 0.0007639 secs]
37.679: [GC (Allocation Failure)  5256K->840K(15872K), 0.0007529 secs]
37.683: [GC (Allocation Failure)  5256K->840K(15872K), 0.0007490 secs]
37.687: [GC (Allocation Failure)  5256K->840K(15872K), 0.0007584 secs]
37.691: [GC (Allocation Failure)  5256K->840K(15872K), 0.0009025 secs]
37.695: [GC (Allocation Failure)  5256K->840K(15872K), 0.0007639 secs]
37.699: [GC (Allocation Failure)  5256K->840K(15872K), 0.0007600 secs]
37.703: [GC (Allocation Failure)  5256K->840K(15872K), 0.0007584 secs]
37.707: [GC (Allocation Failure)  5256K->840K(15872K), 0.0007501 secs]
37.711: [GC (Allocation Failure)  5256K->840K(15872K), 0.0007650 secs]
37.715: [GC (Allocation Failure)  5256K->840K(15872K), 0.0007853 secs]
37.719: [GC (Allocation Failure)  5256K->840K(15872K), 0.0007688 secs]
37.723: [GC (Allocation Failure)  5256K->840K(15872K), 0.0007644 secs]
37.728: [GC (Allocation Failure)  5256K->840K(15872K), 0.0007534 secs]
37.732: [GC (Allocation Failure)  5256K->840K(15872K), 0.0007518 secs]
37.736: [GC (Allocation Failure)  5256K->840K(15872K), 0.0007534 secs]
37.740: [GC (Allocation Failure)  5256K->840K(15872K), 0.0007545 secs]
37.744: [GC (Allocation Failure)  5256K->840K(15872K), 0.0007639 secs]
37.748: [GC (Allocation Failure)  5256K->840K(15872K), 0.0007655 secs]
37.752: [GC (Allocation Failure)  5256K->840K(15872K), 0.0007578 secs]
37.756: [GC (Allocation Failure)  5256K->840K(15872K), 0.0007617 secs]
37.760: [GC (Allocation Failure)  5256K->840K(15872K), 0.0007716 secs]
37.764: [GC (Allocation Failure)  5256K->840K(15872K), 0.0007578 secs]
37.768: [GC (Allocation Failure)  5256K->840K(15872K), 0.0007683 secs]
37.772: [GC (Allocation Failure)  5256K->840K(15872K), 0.0007578 secs]
37.777: [GC (Allocation Failure)  5256K->840K(15872K), 0.0007540 secs]
37.781: [GC (Allocation Failure)  5256K->840K(15872K), 0.0007584 secs]
37.785: [GC (Allocation Failure)  5256K->840K(15872K), 0.0008860 secs]
37.789: [GC (Allocation Failure)  5256K->840K(15872K), 0.0007716 secs]
37.793: [GC (Allocation Failure)  5256K->840K(15872K), 0.0008051 secs]
37.798: [GC (Allocation Failure)  5256K->840K(15872K), 0.0008326 secs]
37.802: [GC (Allocation Failure)  5256K->840K(15872K), 0.0007617 secs]
37.806: [GC (Allocation Failure)  5256K->840K(15872K), 0.0008266 secs]
37.810: [GC (Allocation Failure)  5256K->840K(15872K), 0.0007661 secs]
37.814: [GC (Allocation Failure)  5256K->840K(15872K), 0.0007754 secs]
37.818: [GC (Allocation Failure)  5256K->840K(15872K), 0.0008739 secs]
37.822: [GC (Allocation Failure)  5256K->840K(15872K), 0.0007639 secs]
37.827: [GC (Allocation Failure)  5256K->840K(15872K), 0.0008348 secs]
37.831: [GC (Allocation Failure)  5256K->840K(15872K), 0.0007534 secs]
37.835: [GC (Allocation Failure)  5256K->840K(15872K), 0.0007683 secs]
37.839: [GC (Allocation Failure)  5256K->840K(15872K), 0.0007617 secs]
37.843: [GC (Allocation Failure)  5256K->840K(15872K), 0.0008057 secs]
37.847: [GC (Allocation Failure)  5256K->840K(15872K), 0.0007699 secs]
37.852: [GC (Allocation Failure)  5256K->840K(15872K), 0.0007633 secs]
37.856: [GC (Allocation Failure)  5256K->840K(15872K), 0.0007699 secs]
37.860: [GC (Allocation Failure)  5256K->840K(15872K), 0.0008524 secs]
37.864: [GC (Allocation Failure)  5256K->840K(15872K), 0.0007655 secs]
37.868: [GC (Allocation Failure)  5256K->840K(15872K), 0.0007584 secs]
37.872: [GC (Allocation Failure)  5256K->840K(15872K), 0.0007584 secs]
37.876: [GC (Allocation Failure)  5256K->840K(15872K), 0.0008288 secs]
37.880: [GC (Allocation Failure)  5256K->840K(15872K), 0.0007787 secs]
37.884: [GC (Allocation Failure)  5256K->840K(15872K), 0.0007639 secs]
37.888: [GC (Allocation Failure)  5256K->840K(15872K), 0.0007655 secs]
37.892: [GC (Allocation Failure)  5256K->840K(15872K), 0.0010136 secs]
37.897: [GC (Allocation Failure)  5256K->840K(15872K), 0.0007567 secs]
37.901: [GC (Allocation Failure)  5256K->840K(15872K), 0.0007562 secs]
37.905: [GC (Allocation Failure)  5256K->840K(15872K), 0.0008079 secs]
37.909: [GC (Allocation Failure)  5256K->840K(15872K), 0.0007677 secs]
37.913: [GC (Allocation Failure)  5256K->840K(15872K), 0.0009899 secs]
37.917: [GC (Allocation Failure)  5256K->840K(15872K), 0.0007721 secs]
37.921: [GC (Allocation Failure)  5256K->840K(15872K), 0.0007815 secs]
37.926: [GC (Allocation Failure)  5256K->840K(15872K), 0.0008948 secs]
37.930: [GC (Allocation Failure)  5256K->840K(15872K), 0.0007628 secs]
37.934: [GC (Allocation Failure)  5256K->840K(15872K), 0.0007545 secs]
37.938: [GC (Allocation Failure)  5256K->840K(15872K), 0.0007650 secs]
37.942: [GC (Allocation Failure)  5256K->840K(15872K), 0.0008315 secs]
37.946: [GC (Allocation Failure)  5256K->840K(15872K), 0.0007716 secs]
37.950: [GC (Allocation Failure)  5256K->840K(15872K), 0.0007727 secs]
37.954: [GC (Allocation Failure)  5256K->840K(15872K), 0.0007809 secs]
37.958: [GC (Allocation Failure)  5256K->840K(15872K), 0.0007666 secs]
37.962: [GC (Allocation Failure)  5256K->840K(15872K), 0.0007655 secs]
37.966: [GC (Allocation Failure)  5256K->840K(15872K), 0.0007584 secs]
37.970: [GC (Allocation Failure)  5256K->840K(15872K), 0.0007699 secs]
37.975: [GC (Allocation Failure)  5256K->840K(15872K), 0.0008436 secs]
37.979: [GC (Allocation Failure)  5256K->840K(15872K), 0.0007534 secs]
37.983: [GC (Allocation Failure)  5256K->840K(15872K), 0.0007556 secs]
37.987: [GC (Allocation Failure)  5256K->840K(15872K), 0.0007600 secs]
37.991: [GC (Allocation Failure)  5256K->840K(15872K), 0.0007501 secs]
37.995: [GC (Allocation Failure)  5256K->840K(15872K), 0.0007694 secs]
37.999: [GC (Allocation Failure)  5256K->840K(15872K), 0.0007562 secs]
38.003: [GC (Allocation Failure)  5256K->840K(15872K), 0.0007628 secs]
38.007: [GC (Allocation Failure)  5256K->840K(15872K), 0.0007793 secs]
38.011: [GC (Allocation Failure)  5256K->840K(15872K), 0.0007980 secs]
38.015: [GC (Allocation Failure)  5256K->840K(15872K), 0.0007584 secs]
38.019: [GC (Allocation Failure)  5256K->840K(15872K), 0.0007611 secs]
38.023: [GC (Allocation Failure)  5256K->840K(15872K), 0.0007578 secs]
38.027: [GC (Allocation Failure)  5256K->840K(15872K), 0.0007622 secs]
38.031: [GC (Allocation Failure)  5256K->840K(15872K), 0.0008442 secs]
38.035: [GC (Allocation Failure)  5256K->840K(15872K), 0.0008073 secs]
38.040: [GC (Allocation Failure)  5256K->840K(15872K), 0.0008403 secs]
38.044: [GC (Allocation Failure)  5256K->840K(15872K), 0.0007721 secs]
38.048: [GC (Allocation Failure)  5256K->840K(15872K), 0.0007611 secs]
38.052: [GC (Allocation Failure)  5256K->840K(15872K), 0.0007683 secs]
38.056: [GC (Allocation Failure)  5256K->840K(15872K), 0.0007688 secs]
38.060: [GC (Allocation Failure)  5256K->840K(15872K), 0.0007617 secs]
38.064: [GC (Allocation Failure)  5256K->840K(15872K), 0.0007562 secs]
38.069: [GC (Allocation Failure)  5256K->840K(15872K), 0.0007622 secs]
38.073: [GC (Allocation Failure)  5256K->840K(15872K), 0.0007787 secs]
38.077: [GC (Allocation Failure)  5256K->840K(15872K), 0.0007611 secs]
38.081: [GC (Allocation Failure)  5256K->840K(15872K), 0.0007573 secs]
38.085: [GC (Allocation Failure)  5256K->840K(15872K), 0.0007490 secs]
38.089: [GC (Allocation Failure)  5256K->840K(15872K), 0.0007589 secs]
38.094: [GC (Allocation Failure)  5256K->840K(15872K), 0.0007732 secs]
38.098: [GC (Allocation Failure)  5256K->840K(15872K), 0.0007578 secs]
38.102: [GC (Allocation Failure)  5256K->840K(15872K), 0.0007573 secs]
38.106: [GC (Allocation Failure)  5256K->840K(15872K), 0.0007545 secs]
38.110: [GC (Allocation Failure)  5256K->840K(15872K), 0.0007677 secs]
38.115: [GC (Allocation Failure)  5256K->840K(15872K), 0.0007941 secs]
38.119: [GC (Allocation Failure)  5256K->840K(15872K), 0.0010944 secs]
38.125: [GC (Allocation Failure)  5256K->840K(15872K), 0.0007809 secs]
38.141: [GC (Allocation Failure)  5256K->840K(15872K), 0.0008189 secs]
38.146: [GC (Allocation Failure)  5256K->840K(15872K), 0.0008288 secs]
38.151: [GC (Allocation Failure)  5256K->840K(15872K), 0.0007650 secs]
38.155: [GC (Allocation Failure)  5256K->840K(15872K), 0.0007628 secs]
38.159: [GC (Allocation Failure)  5256K->840K(15872K), 0.0008832 secs]
38.163: [GC (Allocation Failure)  5256K->840K(15872K), 0.0008249 secs]
38.167: [GC (Allocation Failure)  5256K->840K(15872K), 0.0007881 secs]
38.172: [GC (Allocation Failure)  5256K->840K(15872K), 0.0007633 secs]
38.176: [GC (Allocation Failure)  5256K->840K(15872K), 0.0008161 secs]
38.180: [GC (Allocation Failure)  5256K->840K(15872K), 0.0007721 secs]
38.184: [GC (Allocation Failure)  5256K->840K(15872K), 0.0008816 secs]
38.189: [GC (Allocation Failure)  5256K->840K(15872K), 0.0007837 secs]
38.193: [GC (Allocation Failure)  5256K->840K(15872K), 0.0008524 secs]
38.197: [GC (Allocation Failure)  5256K->840K(15872K), 0.0007782 secs]
38.202: [GC (Allocation Failure)  5256K->840K(15872K), 0.0007809 secs]
38.206: [GC (Allocation Failure)  5256K->840K(15872K), 0.0007600 secs]
38.210: [GC (Allocation Failure)  5256K->840K(15872K), 0.0007820 secs]
38.214: [GC (Allocation Failure)  5256K->840K(15872K), 0.0007683 secs]
38.219: [GC (Allocation Failure)  5256K->840K(15872K), 0.0007721 secs]
38.223: [GC (Allocation Failure)  5256K->840K(15872K), 0.0010339 secs]
38.227: [GC (Allocation Failure)  5256K->840K(15872K), 0.0007919 secs]
38.232: [GC (Allocation Failure)  5256K->840K(15872K), 0.0007787 secs]
38.236: [GC (Allocation Failure)  5256K->840K(15872K), 0.0007881 secs]
38.240: [GC (Allocation Failure)  5256K->840K(15872K), 0.0007688 secs]
38.244: [GC (Allocation Failure)  5256K->840K(15872K), 0.0007683 secs]
38.248: [GC (Allocation Failure)  5256K->840K(15872K), 0.0009047 secs]
38.253: [GC (Allocation Failure)  5256K->840K(15872K), 0.0007694 secs]
38.257: [GC (Allocation Failure)  5256K->840K(15872K), 0.0007556 secs]
38.261: [GC (Allocation Failure)  5256K->840K(15872K), 0.0007622 secs]
38.266: [GC (Allocation Failure)  5256K->840K(15872K), 0.0007639 secs]
38.270: [GC (Allocation Failure)  5256K->840K(15872K), 0.0007617 secs]
38.274: [GC (Allocation Failure)  5256K->840K(15872K), 0.0007710 secs]
38.278: [GC (Allocation Failure)  5256K->840K(15872K), 0.0011989 secs]
38.283: [GC (Allocation Failure)  5256K->840K(15872K), 0.0007677 secs]
38.287: [GC (Allocation Failure)  5256K->840K(15872K), 0.0008073 secs]
38.292: [GC (Allocation Failure)  5256K->840K(15872K), 0.0007710 secs]
38.297: [GC (Allocation Failure)  5256K->840K(15872K), 0.0007870 secs]
38.301: [GC (Allocation Failure)  5256K->840K(15872K), 0.0008051 secs]
38.305: [GC (Allocation Failure)  5256K->840K(15872K), 0.0007804 secs]
38.311: [GC (Allocation Failure)  5256K->840K(15872K), 0.0008651 secs]
38.315: [GC (Allocation Failure)  5256K->840K(15872K), 0.0007606 secs]
38.319: [GC (Allocation Failure)  5256K->840K(15872K), 0.0007661 secs]
38.323: [GC (Allocation Failure)  5256K->840K(15872K), 0.0007699 secs]
38.328: [GC (Allocation Failure)  5256K->840K(15872K), 0.0007925 secs]
38.332: [GC (Allocation Failure)  5256K->840K(15872K), 0.0007578 secs]
38.336: [GC (Allocation Failure)  5256K->840K(15872K), 0.0007611 secs]
38.340: [GC (Allocation Failure)  5256K->840K(15872K), 0.0007534 secs]
38.344: [GC (Allocation Failure)  5256K->840K(15872K), 0.0009019 secs]
38.348: [GC (Allocation Failure)  5256K->840K(15872K), 0.0007771 secs]
38.353: [GC (Allocation Failure)  5256K->840K(15872K), 0.0007974 secs]
38.357: [GC (Allocation Failure)  5256K->840K(15872K), 0.0008249 secs]
38.361: [GC (Allocation Failure)  5256K->840K(15872K), 0.0007633 secs]
38.365: [GC (Allocation Failure)  5256K->840K(15872K), 0.0008002 secs]
38.369: [GC (Allocation Failure)  5256K->840K(15872K), 0.0007699 secs]
38.374: [GC (Allocation Failure)  5256K->840K(15872K), 0.0008414 secs]
38.378: [GC (Allocation Failure)  5256K->840K(15872K), 0.0008007 secs]
38.382: [GC (Allocation Failure)  5256K->840K(15872K), 0.0007584 secs]
38.386: [GC (Allocation Failure)  5256K->840K(15872K), 0.0009960 secs]
38.391: [GC (Allocation Failure)  5256K->840K(15872K), 0.0007705 secs]
38.395: [GC (Allocation Failure)  5256K->840K(15872K), 0.0007798 secs]
38.399: [GC (Allocation Failure)  5256K->840K(15872K), 0.0007655 secs]
38.403: [GC (Allocation Failure)  5256K->840K(15872K), 0.0010493 secs]
38.407: [GC (Allocation Failure)  5256K->840K(15872K), 0.0007804 secs]
38.412: [GC (Allocation Failure)  5256K->840K(15872K), 0.0007941 secs]
38.416: [GC (Allocation Failure)  5256K->840K(15872K), 0.0007622 secs]
38.420: [GC (Allocation Failure)  5256K->840K(15872K), 0.0007721 secs]
38.424: [GC (Allocation Failure)  5256K->840K(15872K), 0.0007595 secs]
38.429: [GC (Allocation Failure)  5256K->840K(15872K), 0.0007886 secs]
38.433: [GC (Allocation Failure)  5256K->840K(15872K), 0.0007573 secs]
38.437: [GC (Allocation Failure)  5256K->840K(15872K), 0.0008497 secs]
38.442: [GC (Allocation Failure)  5256K->840K(15872K), 0.0007589 secs]
38.446: [GC (Allocation Failure)  5256K->840K(15872K), 0.0007578 secs]
38.450: [GC (Allocation Failure)  5256K->840K(15872K), 0.0007578 secs]
38.454: [GC (Allocation Failure)  5256K->840K(15872K), 0.0007688 secs]
38.458: [GC (Allocation Failure)  5256K->840K(15872K), 0.0009289 secs]
38.463: [GC (Allocation Failure)  5256K->840K(15872K), 0.0007754 secs]
38.467: [GC (Allocation Failure)  5256K->840K(15872K), 0.0007837 secs]
38.471: [GC (Allocation Failure)  5256K->840K(15872K), 0.0007622 secs]
38.475: [GC (Allocation Failure)  5256K->840K(15872K), 0.0007996 secs]
38.479: [GC (Allocation Failure)  5256K->840K(15872K), 0.0007666 secs]
38.483: [GC (Allocation Failure)  5256K->840K(15872K), 0.0007540 secs]
38.487: [GC (Allocation Failure)  5256K->840K(15872K), 0.0007694 secs]
38.491: [GC (Allocation Failure)  5256K->840K(15872K), 0.0007584 secs]
38.495: [GC (Allocation Failure)  5256K->840K(15872K), 0.0007611 secs]
38.500: [GC (Allocation Failure)  5256K->840K(15872K), 0.0007628 secs]
38.504: [GC (Allocation Failure)  5256K->840K(15872K), 0.0007540 secs]
38.508: [GC (Allocation Failure)  5256K->840K(15872K), 0.0007606 secs]
38.512: [GC (Allocation Failure)  5256K->840K(15872K), 0.0007534 secs]
38.516: [GC (Allocation Failure)  5256K->840K(15872K), 0.0007600 secs]
38.520: [GC (Allocation Failure)  5256K->840K(15872K), 0.0007826 secs]
38.524: [GC (Allocation Failure)  5256K->840K(15872K), 0.0007485 secs]
38.528: [GC (Allocation Failure)  5256K->840K(15872K), 0.0007688 secs]
38.532: [GC (Allocation Failure)  5256K->840K(15872K), 0.0007804 secs]
38.536: [GC (Allocation Failure)  5256K->840K(15872K), 0.0009091 secs]
38.541: [GC (Allocation Failure)  5256K->840K(15872K), 0.0007595 secs]
38.545: [GC (Allocation Failure)  5256K->840K(15872K), 0.0007606 secs]
38.549: [GC (Allocation Failure)  5256K->840K(15872K), 0.0007518 secs]
38.553: [GC (Allocation Failure)  5256K->840K(15872K), 0.0007545 secs]
38.557: [GC (Allocation Failure)  5256K->840K(15872K), 0.0007507 secs]
38.561: [GC (Allocation Failure)  5256K->840K(15872K), 0.0007842 secs]
38.565: [GC (Allocation Failure)  5256K->840K(15872K), 0.0007578 secs]
38.570: [GC (Allocation Failure)  5256K->840K(15872K), 0.0007567 secs]
38.574: [GC (Allocation Failure)  5256K->840K(15872K), 0.0007699 secs]
38.578: [GC (Allocation Failure)  5256K->840K(15872K), 0.0007628 secs]
38.583: [GC (Allocation Failure)  5256K->840K(15872K), 0.0009382 secs]
38.587: [GC (Allocation Failure)  5256K->840K(15872K), 0.0007947 secs]
38.592: [GC (Allocation Failure)  5256K->840K(15872K), 0.0008183 secs]
38.596: [GC (Allocation Failure)  5256K->840K(15872K), 0.0007903 secs]
38.601: [GC (Allocation Failure)  5256K->840K(15872K), 0.0007837 secs]
38.605: [GC (Allocation Failure)  5256K->840K(15872K), 0.0007633 secs]
38.609: [GC (Allocation Failure)  5256K->840K(15872K), 0.0008073 secs]
38.613: [GC (Allocation Failure)  5256K->840K(15872K), 0.0007903 secs]
38.618: [GC (Allocation Failure)  5256K->840K(15872K), 0.0007947 secs]
38.625: [GC (Allocation Failure)  5256K->840K(15872K), 0.0007837 secs]
38.630: [GC (Allocation Failure)  5256K->840K(15872K), 0.0007749 secs]
38.634: [GC (Allocation Failure)  5256K->840K(15872K), 0.0007672 secs]
38.638: [GC (Allocation Failure)  5256K->840K(15872K), 0.0007683 secs]
38.642: [GC (Allocation Failure)  5256K->840K(15872K), 0.0007721 secs]
38.646: [GC (Allocation Failure)  5256K->840K(15872K), 0.0007914 secs]
38.650: [GC (Allocation Failure)  5256K->840K(15872K), 0.0007793 secs]
38.655: [GC (Allocation Failure)  5256K->840K(15872K), 0.0007947 secs]
38.659: [GC (Allocation Failure)  5256K->840K(15872K), 0.0009690 secs]
38.663: [GC (Allocation Failure)  5256K->840K(15872K), 0.0007694 secs]
38.667: [GC (Allocation Failure)  5256K->840K(15872K), 0.0007644 secs]
38.672: [GC (Allocation Failure)  5256K->840K(15872K), 0.0007644 secs]
38.676: [GC (Allocation Failure)  5256K->840K(15872K), 0.0008706 secs]
38.682: [GC (Allocation Failure)  5256K->840K(15872K), 0.0007782 secs]
38.686: [GC (Allocation Failure)  5256K->840K(15872K), 0.0007633 secs]
38.690: [GC (Allocation Failure)  5256K->840K(15872K), 0.0007842 secs]
38.694: [GC (Allocation Failure)  5256K->840K(15872K), 0.0007672 secs]
38.698: [GC (Allocation Failure)  5256K->840K(15872K), 0.0007754 secs]
38.702: [GC (Allocation Failure)  5256K->840K(15872K), 0.0007644 secs]
38.706: [GC (Allocation Failure)  5256K->840K(15872K), 0.0007666 secs]
38.711: [GC (Allocation Failure)  5256K->840K(15872K), 0.0007534 secs]
38.715: [GC (Allocation Failure)  5256K->840K(15872K), 0.0009217 secs]
38.719: [GC (Allocation Failure)  5256K->840K(15872K), 0.0007556 secs]
38.723: [GC (Allocation Failure)  5256K->840K(15872K), 0.0009817 secs]
38.727: [GC (Allocation Failure)  5256K->840K(15872K), 0.0007661 secs]
38.732: [GC (Allocation Failure)  5256K->840K(15872K), 0.0007727 secs]
38.736: [GC (Allocation Failure)  5256K->840K(15872K), 0.0007600 secs]
38.740: [GC (Allocation Failure)  5256K->840K(15872K), 0.0007529 secs]
38.744: [GC (Allocation Failure)  5256K->840K(15872K), 0.0007639 secs]
38.748: [GC (Allocation Failure)  5256K->840K(15872K), 0.0007655 secs]
38.752: [GC (Allocation Failure)  5256K->840K(15872K), 0.0007589 secs]
38.756: [GC (Allocation Failure)  5256K->840K(15872K), 0.0007633 secs]
38.761: [GC (Allocation Failure)  5256K->840K(15872K), 0.0007551 secs]
38.765: [GC (Allocation Failure)  5256K->840K(15872K), 0.0007562 secs]
38.769: [GC (Allocation Failure)  5256K->840K(15872K), 0.0007589 secs]
38.773: [GC (Allocation Failure)  5256K->840K(15872K), 0.0007600 secs]
38.777: [GC (Allocation Failure)  5256K->840K(15872K), 0.0008024 secs]
38.781: [GC (Allocation Failure)  5256K->840K(15872K), 0.0008656 secs]
38.785: [GC (Allocation Failure)  5256K->840K(15872K), 0.0007694 secs]
38.789: [GC (Allocation Failure)  5256K->840K(15872K), 0.0007688 secs]
38.793: [GC (Allocation Failure)  5256K->840K(15872K), 0.0008172 secs]
38.798: [GC (Allocation Failure)  5256K->840K(15872K), 0.0007573 secs]
38.802: [GC (Allocation Failure)  5256K->840K(15872K), 0.0007683 secs]
38.806: [GC (Allocation Failure)  5256K->840K(15872K), 0.0007551 secs]
38.810: [GC (Allocation Failure)  5256K->840K(15872K), 0.0007622 secs]
38.814: [GC (Allocation Failure)  5256K->840K(15872K), 0.0007914 secs]
38.818: [GC (Allocation Failure)  5256K->840K(15872K), 0.0007672 secs]
38.823: [GC (Allocation Failure)  5256K->840K(15872K), 0.0007699 secs]
38.828: [GC (Allocation Failure)  5256K->840K(15872K), 0.0007666 secs]
38.832: [GC (Allocation Failure)  5256K->840K(15872K), 0.0007622 secs]
38.836: [GC (Allocation Failure)  5256K->840K(15872K), 0.0007551 secs]
38.840: [GC (Allocation Failure)  5256K->840K(15872K), 0.0007523 secs]
38.844: [GC (Allocation Failure)  5256K->840K(15872K), 0.0007749 secs]
38.848: [GC (Allocation Failure)  5256K->840K(15872K), 0.0008447 secs]
38.852: [GC (Allocation Failure)  5256K->840K(15872K), 0.0007578 secs]
38.856: [GC (Allocation Failure)  5256K->840K(15872K), 0.0009371 secs]
38.861: [GC (Allocation Failure)  5256K->840K(15872K), 0.0007578 secs]
38.865: [GC (Allocation Failure)  5256K->840K(15872K), 0.0008970 secs]
38.869: [GC (Allocation Failure)  5256K->840K(15872K), 0.0007589 secs]
38.873: [GC (Allocation Failure)  5256K->840K(15872K), 0.0007424 secs]
38.877: [GC (Allocation Failure)  5256K->840K(15872K), 0.0007617 secs]
38.881: [GC (Allocation Failure)  5256K->840K(15872K), 0.0007650 secs]
38.885: [GC (Allocation Failure)  5256K->840K(15872K), 0.0007771 secs]
38.890: [GC (Allocation Failure)  5256K->840K(15872K), 0.0008216 secs]
38.894: [GC (Allocation Failure)  5256K->840K(15872K), 0.0028955 secs]
38.905: [GC (Allocation Failure)  5256K->840K(15872K), 0.0008827 secs]
38.909: [GC (Allocation Failure)  5256K->840K(15872K), 0.0016422 secs]
38.915: [GC (Allocation Failure)  5256K->840K(15872K), 0.0007919 secs]
38.921: [GC (Allocation Failure)  5256K->840K(15872K), 0.0009652 secs]
38.925: [GC (Allocation Failure)  5256K->840K(15872K), 0.0019298 secs]
38.931: [GC (Allocation Failure)  5256K->840K(15872K), 0.0007688 secs]
38.935: [GC (Allocation Failure)  5256K->840K(15872K), 0.0008194 secs]
38.939: [GC (Allocation Failure)  5256K->840K(15872K), 0.0007771 secs]
38.945: [GC (Allocation Failure)  5256K->840K(15872K), 0.0007787 secs]
38.949: [GC (Allocation Failure)  5256K->840K(15872K), 0.0007749 secs]
38.956: [GC (Allocation Failure)  5256K->840K(15872K), 0.0007611 secs]
38.961: [GC (Allocation Failure)  5256K->840K(15872K), 0.0007600 secs]
38.975: [GC (Allocation Failure)  5256K->840K(15872K), 0.0007622 secs]
38.980: [GC (Allocation Failure)  5256K->840K(15872K), 0.0007699 secs]
38.984: [GC (Allocation Failure)  5256K->840K(15872K), 0.0007573 secs]
38.989: [GC (Allocation Failure)  5256K->840K(15872K), 0.0012831 secs]
38.999: [GC (Allocation Failure)  5256K->840K(15872K), 0.0007606 secs]
39.003: [GC (Allocation Failure)  5256K->840K(15872K), 0.0007661 secs]
39.009: [GC (Allocation Failure)  5256K->840K(15872K), 0.0012512 secs]
39.020: [GC (Allocation Failure)  5256K->840K(15872K), 0.0009432 secs]
39.024: [GC (Allocation Failure)  5256K->840K(15872K), 0.0007644 secs]
39.029: [GC (Allocation Failure)  5256K->840K(15872K), 0.0009399 secs]
39.033: [GC (Allocation Failure)  5256K->840K(15872K), 0.0007589 secs]
39.037: [GC (Allocation Failure)  5256K->840K(15872K), 0.0007556 secs]
39.041: [GC (Allocation Failure)  5256K->840K(15872K), 0.0007699 secs]
39.045: [GC (Allocation Failure)  5256K->840K(15872K), 0.0007595 secs]
39.049: [GC (Allocation Failure)  5256K->840K(15872K), 0.0007617 secs]
39.053: [GC (Allocation Failure)  5256K->840K(15872K), 0.0007639 secs]
39.057: [GC (Allocation Failure)  5256K->840K(15872K), 0.0007606 secs]
39.062: [GC (Allocation Failure)  5256K->840K(15872K), 0.0008068 secs]
39.066: [GC (Allocation Failure)  5256K->840K(15872K), 0.0007666 secs]
39.070: [GC (Allocation Failure)  5256K->840K(15872K), 0.0007545 secs]
39.074: [GC (Allocation Failure)  5256K->840K(15872K), 0.0007584 secs]
39.078: [GC (Allocation Failure)  5256K->840K(15872K), 0.0007578 secs]
39.082: [GC (Allocation Failure)  5256K->840K(15872K), 0.0007617 secs]
39.086: [GC (Allocation Failure)  5256K->840K(15872K), 0.0007545 secs]
39.090: [GC (Allocation Failure)  5256K->840K(15872K), 0.0008139 secs]
39.095: [GC (Allocation Failure)  5256K->840K(15872K), 0.0008200 secs]
39.099: [GC (Allocation Failure)  5256K->840K(15872K), 0.0007507 secs]
39.103: [GC (Allocation Failure)  5256K->840K(15872K), 0.0007578 secs]
39.107: [GC (Allocation Failure)  5256K->840K(15872K), 0.0007496 secs]
39.111: [GC (Allocation Failure)  5256K->840K(15872K), 0.0008233 secs]
39.115: [GC (Allocation Failure)  5256K->840K(15872K), 0.0007732 secs]
39.119: [GC (Allocation Failure)  5256K->840K(15872K), 0.0007644 secs]
39.123: [GC (Allocation Failure)  5256K->840K(15872K), 0.0007600 secs]
39.127: [GC (Allocation Failure)  5256K->840K(15872K), 0.0007749 secs]
39.132: [GC (Allocation Failure)  5256K->840K(15872K), 0.0007622 secs]
39.136: [GC (Allocation Failure)  5256K->840K(15872K), 0.0007595 secs]
39.140: [GC (Allocation Failure)  5256K->840K(15872K), 0.0007897 secs]
39.144: [GC (Allocation Failure)  5256K->840K(15872K), 0.0007925 secs]
39.148: [GC (Allocation Failure)  5256K->840K(15872K), 0.0007683 secs]
39.152: [GC (Allocation Failure)  5256K->840K(15872K), 0.0007617 secs]
39.156: [GC (Allocation Failure)  5256K->840K(15872K), 0.0007617 secs]
39.160: [GC (Allocation Failure)  5256K->840K(15872K), 0.0008079 secs]
39.165: [GC (Allocation Failure)  5256K->840K(15872K), 0.0007655 secs]
39.169: [GC (Allocation Failure)  5256K->840K(15872K), 0.0009019 secs]
39.173: [GC (Allocation Failure)  5256K->840K(15872K), 0.0007551 secs]
39.177: [GC (Allocation Failure)  5256K->840K(15872K), 0.0008024 secs]
39.181: [GC (Allocation Failure)  5256K->840K(15872K), 0.0007639 secs]
39.185: [GC (Allocation Failure)  5256K->840K(15872K), 0.0007925 secs]
39.196: [GC (Allocation Failure)  5256K->840K(15872K), 0.0007694 secs]
39.200: [GC (Allocation Failure)  5256K->840K(15872K), 0.0007705 secs]
39.206: [GC (Allocation Failure)  5256K->840K(15872K), 0.0007793 secs]
39.210: [GC (Allocation Failure)  5256K->840K(15872K), 0.0007694 secs]
39.214: [GC (Allocation Failure)  5256K->840K(15872K), 0.0010372 secs]
39.219: [GC (Allocation Failure)  5256K->840K(15872K), 0.0008101 secs]
39.223: [GC (Allocation Failure)  5256K->840K(15872K), 0.0007688 secs]
39.228: [GC (Allocation Failure)  5256K->840K(15872K), 0.0007782 secs]
39.232: [GC (Allocation Failure)  5256K->840K(15872K), 0.0018748 secs]
39.237: [GC (Allocation Failure)  5256K->840K(15872K), 0.0007545 secs]
39.243: [GC (Allocation Failure)  5256K->840K(15872K), 0.0007820 secs]
39.248: [GC (Allocation Failure)  5256K->840K(15872K), 0.0007661 secs]
39.253: [GC (Allocation Failure)  5256K->840K(15872K), 0.0008271 secs]
39.258: [GC (Allocation Failure)  5256K->840K(15872K), 0.0007633 secs]
39.263: [GC (Allocation Failure)  5256K->840K(15872K), 0.0009415 secs]
39.267: [GC (Allocation Failure)  5256K->840K(15872K), 0.0008519 secs]
39.271: [GC (Allocation Failure)  5256K->840K(15872K), 0.0007721 secs]
39.275: [GC (Allocation Failure)  5256K->840K(15872K), 0.0007694 secs]
39.280: [GC (Allocation Failure)  5256K->840K(15872K), 0.0008167 secs]
39.284: [GC (Allocation Failure)  5256K->840K(15872K), 0.0007611 secs]
39.288: [GC (Allocation Failure)  5256K->840K(15872K), 0.0007721 secs]
39.293: [GC (Allocation Failure)  5256K->840K(15872K), 0.0012429 secs]
39.314: [GC (Allocation Failure)  5256K->840K(15872K), 0.0007606 secs]
39.319: [GC (Allocation Failure)  5256K->840K(15872K), 0.0007870 secs]
39.323: [GC (Allocation Failure)  5256K->840K(15872K), 0.0007562 secs]
39.327: [GC (Allocation Failure)  5256K->840K(15872K), 0.0007617 secs]
39.332: [GC (Allocation Failure)  5256K->840K(15872K), 0.0009151 secs]
39.337: [GC (Allocation Failure)  5256K->840K(15872K), 0.0007490 secs]
39.341: [GC (Allocation Failure)  5256K->840K(15872K), 0.0007419 secs]
39.345: [GC (Allocation Failure)  5256K->840K(15872K), 0.0007892 secs]
39.350: [GC (Allocation Failure)  5256K->840K(15872K), 0.0007683 secs]
39.354: [GC (Allocation Failure)  5256K->840K(15872K), 0.0007573 secs]
39.358: [GC (Allocation Failure)  5256K->840K(15872K), 0.0007622 secs]
39.363: [GC (Allocation Failure)  5256K->840K(15872K), 0.0007650 secs]
39.367: [GC (Allocation Failure)  5256K->840K(15872K), 0.0009256 secs]
39.372: [GC (Allocation Failure)  5256K->840K(15872K), 0.0007859 secs]
39.378: [GC (Allocation Failure)  5256K->840K(15872K), 0.0007551 secs]
39.383: [GC (Allocation Failure)  5256K->840K(15872K), 0.0008040 secs]
39.387: [GC (Allocation Failure)  5256K->840K(15872K), 0.0007727 secs]
39.392: [GC (Allocation Failure)  5256K->840K(15872K), 0.0007655 secs]
39.396: [GC (Allocation Failure)  5256K->840K(15872K), 0.0007881 secs]
39.401: [GC (Allocation Failure)  5256K->840K(15872K), 0.0007699 secs]
39.405: [GC (Allocation Failure)  5256K->840K(15872K), 0.0007639 secs]
39.409: [GC (Allocation Failure)  5256K->840K(15872K), 0.0008238 secs]
39.416: [GC (Allocation Failure)  5256K->840K(15872K), 0.0009261 secs]
39.420: [GC (Allocation Failure)  5256K->840K(15872K), 0.0007639 secs]
39.424: [GC (Allocation Failure)  5256K->840K(15872K), 0.0007639 secs]
39.428: [GC (Allocation Failure)  5256K->840K(15872K), 0.0024380 secs]
39.434: [GC (Allocation Failure)  5256K->840K(15872K), 0.0007644 secs]
39.438: [GC (Allocation Failure)  5256K->840K(15872K), 0.0007710 secs]
39.442: [GC (Allocation Failure)  5256K->840K(15872K), 0.0009250 secs]
39.447: [GC (Allocation Failure)  5256K->840K(15872K), 0.0007562 secs]
39.451: [GC (Allocation Failure)  5256K->840K(15872K), 0.0007666 secs]
39.455: [GC (Allocation Failure)  5256K->840K(15872K), 0.0007628 secs]
39.459: [GC (Allocation Failure)  5256K->840K(15872K), 0.0008073 secs]
39.463: [GC (Allocation Failure)  5256K->840K(15872K), 0.0007644 secs]
39.467: [GC (Allocation Failure)  5256K->840K(15872K), 0.0007518 secs]
39.471: [GC (Allocation Failure)  5256K->840K(15872K), 0.0008150 secs]
39.475: [GC (Allocation Failure)  5256K->840K(15872K), 0.0007721 secs]
39.479: [GC (Allocation Failure)  5256K->840K(15872K), 0.0008167 secs]
39.484: [GC (Allocation Failure)  5256K->840K(15872K), 0.0007853 secs]
39.488: [GC (Allocation Failure)  5256K->840K(15872K), 0.0007622 secs]
39.492: [GC (Allocation Failure)  5256K->840K(15872K), 0.0016746 secs]
39.497: [GC (Allocation Failure)  5256K->840K(15872K), 0.0007628 secs]
39.501: [GC (Allocation Failure)  5256K->840K(15872K), 0.0007578 secs]
39.505: [GC (Allocation Failure)  5256K->840K(15872K), 0.0007644 secs]
39.509: [GC (Allocation Failure)  5256K->840K(15872K), 0.0007804 secs]
39.514: [GC (Allocation Failure)  5256K->840K(15872K), 0.0007534 secs]
39.518: [GC (Allocation Failure)  5256K->840K(15872K), 0.0007771 secs]
39.522: [GC (Allocation Failure)  5256K->840K(15872K), 0.0007518 secs]
39.526: [GC (Allocation Failure)  5256K->840K(15872K), 0.0007595 secs]
39.530: [GC (Allocation Failure)  5256K->840K(15872K), 0.0007688 secs]
39.534: [GC (Allocation Failure)  5256K->840K(15872K), 0.0009179 secs]
39.539: [GC (Allocation Failure)  5256K->840K(15872K), 0.0007716 secs]
39.543: [GC (Allocation Failure)  5256K->840K(15872K), 0.0009245 secs]
39.547: [GC (Allocation Failure)  5256K->840K(15872K), 0.0007793 secs]
39.551: [GC (Allocation Failure)  5256K->840K(15872K), 0.0009223 secs]
39.555: [GC (Allocation Failure)  5256K->840K(15872K), 0.0007556 secs]
39.559: [GC (Allocation Failure)  5256K->840K(15872K), 0.0009228 secs]
39.563: [GC (Allocation Failure)  5256K->840K(15872K), 0.0007754 secs]
39.567: [GC (Allocation Failure)  5256K->840K(15872K), 0.0007694 secs]
39.571: [GC (Allocation Failure)  5256K->840K(15872K), 0.0007721 secs]
39.576: [GC (Allocation Failure)  5256K->840K(15872K), 0.0007562 secs]
39.580: [GC (Allocation Failure)  5256K->840K(15872K), 0.0007617 secs]
39.584: [GC (Allocation Failure)  5256K->840K(15872K), 0.0007512 secs]
39.588: [GC (Allocation Failure)  5256K->840K(15872K), 0.0007589 secs]
39.592: [GC (Allocation Failure)  5256K->840K(15872K), 0.0007567 secs]
39.597: [GC (Allocation Failure)  5256K->840K(15872K), 0.0008502 secs]
39.601: [GC (Allocation Failure)  5256K->840K(15872K), 0.0007848 secs]
39.605: [GC (Allocation Failure)  5256K->840K(15872K), 0.0007600 secs]
39.609: [GC (Allocation Failure)  5256K->840K(15872K), 0.0008717 secs]
39.614: [GC (Allocation Failure)  5256K->840K(15872K), 0.0007738 secs]
39.618: [GC (Allocation Failure)  5256K->840K(15872K), 0.0007644 secs]
39.622: [GC (Allocation Failure)  5256K->840K(15872K), 0.0007567 secs]
39.626: [GC (Allocation Failure)  5256K->840K(15872K), 0.0007848 secs]
39.631: [GC (Allocation Failure)  5256K->840K(15872K), 0.0007661 secs]
39.635: [GC (Allocation Failure)  5256K->840K(15872K), 0.0007474 secs]
39.639: [GC (Allocation Failure)  5256K->840K(15872K), 0.0007611 secs]
39.643: [GC (Allocation Failure)  5256K->840K(15872K), 0.0007677 secs]
39.647: [GC (Allocation Failure)  5256K->840K(15872K), 0.0007628 secs]
39.652: [GC (Allocation Failure)  5256K->840K(15872K), 0.0007562 secs]
39.656: [GC (Allocation Failure)  5256K->840K(15872K), 0.0007496 secs]
39.660: [GC (Allocation Failure)  5256K->840K(15872K), 0.0007919 secs]
39.664: [GC (Allocation Failure)  5256K->840K(15872K), 0.0007826 secs]
39.669: [GC (Allocation Failure)  5256K->840K(15872K), 0.0007661 secs]
39.673: [GC (Allocation Failure)  5256K->840K(15872K), 0.0007617 secs]
39.678: [GC (Allocation Failure)  5256K->840K(15872K), 0.0007897 secs]
39.682: [GC (Allocation Failure)  5256K->840K(15872K), 0.0007677 secs]
39.686: [GC (Allocation Failure)  5256K->840K(15872K), 0.0007567 secs]
39.690: [GC (Allocation Failure)  5256K->840K(15872K), 0.0007859 secs]
39.694: [GC (Allocation Failure)  5256K->840K(15872K), 0.0007952 secs]
39.699: [GC (Allocation Failure)  5256K->840K(15872K), 0.0007688 secs]
39.703: [GC (Allocation Failure)  5256K->840K(15872K), 0.0007633 secs]
39.707: [GC (Allocation Failure)  5256K->840K(15872K), 0.0007639 secs]
39.712: [GC (Allocation Failure)  5256K->840K(15872K), 0.0007881 secs]
39.717: [GC (Allocation Failure)  5256K->840K(15872K), 0.0007639 secs]
39.721: [GC (Allocation Failure)  5256K->840K(15872K), 0.0007760 secs]
39.725: [GC (Allocation Failure)  5256K->840K(15872K), 0.0007826 secs]
39.730: [GC (Allocation Failure)  5256K->840K(15872K), 0.0008398 secs]
39.734: [GC (Allocation Failure)  5256K->840K(15872K), 0.0007749 secs]
39.739: [GC (Allocation Failure)  5256K->840K(15872K), 0.0007804 secs]
39.744: [GC (Allocation Failure)  5256K->840K(15872K), 0.0007694 secs]
39.748: [GC (Allocation Failure)  5256K->840K(15872K), 0.0007804 secs]
39.753: [GC (Allocation Failure)  5256K->840K(15872K), 0.0007468 secs]
39.758: [GC (Allocation Failure)  5256K->840K(15872K), 0.0007677 secs]
39.762: [GC (Allocation Failure)  5256K->840K(15872K), 0.0008156 secs]
39.766: [GC (Allocation Failure)  5256K->840K(15872K), 0.0007562 secs]
39.770: [GC (Allocation Failure)  5256K->840K(15872K), 0.0007485 secs]
39.774: [GC (Allocation Failure)  5256K->840K(15872K), 0.0007567 secs]
39.779: [GC (Allocation Failure)  5256K->840K(15872K), 0.0008425 secs]
39.783: [GC (Allocation Failure)  5256K->840K(15872K), 0.0007683 secs]
39.787: [GC (Allocation Failure)  5256K->840K(15872K), 0.0007716 secs]
39.791: [GC (Allocation Failure)  5256K->840K(15872K), 0.0007595 secs]
39.796: [GC (Allocation Failure)  5256K->840K(15872K), 0.0007661 secs]
39.800: [GC (Allocation Failure)  5256K->840K(15872K), 0.0007705 secs]
39.804: [GC (Allocation Failure)  5256K->840K(15872K), 0.0008799 secs]
39.809: [GC (Allocation Failure)  5256K->840K(15872K), 0.0008794 secs]
39.814: [GC (Allocation Failure)  5256K->840K(15872K), 0.0007952 secs]
39.819: [GC (Allocation Failure)  5256K->840K(15872K), 0.0007804 secs]
39.823: [GC (Allocation Failure)  5256K->840K(15872K), 0.0007540 secs]
39.827: [GC (Allocation Failure)  5256K->840K(15872K), 0.0007633 secs]
39.831: [GC (Allocation Failure)  5256K->840K(15872K), 0.0007551 secs]
39.835: [GC (Allocation Failure)  5256K->840K(15872K), 0.0007672 secs]
39.839: [GC (Allocation Failure)  5256K->840K(15872K), 0.0007683 secs]
39.843: [GC (Allocation Failure)  5256K->840K(15872K), 0.0008387 secs]
39.847: [GC (Allocation Failure)  5256K->840K(15872K), 0.0007677 secs]
39.851: [GC (Allocation Failure)  5256K->840K(15872K), 0.0007699 secs]
39.856: [GC (Allocation Failure)  5256K->840K(15872K), 0.0007661 secs]
39.860: [GC (Allocation Failure)  5256K->840K(15872K), 0.0008431 secs]
39.864: [GC (Allocation Failure)  5256K->840K(15872K), 0.0008271 secs]
39.868: [GC (Allocation Failure)  5256K->840K(15872K), 0.0007606 secs]
39.872: [GC (Allocation Failure)  5256K->840K(15872K), 0.0007600 secs]
39.876: [GC (Allocation Failure)  5256K->840K(15872K), 0.0007903 secs]
39.881: [GC (Allocation Failure)  5256K->840K(15872K), 0.0007567 secs]
39.885: [GC (Allocation Failure)  5256K->840K(15872K), 0.0007705 secs]
39.889: [GC (Allocation Failure)  5256K->840K(15872K), 0.0007578 secs]
39.893: [GC (Allocation Failure)  5256K->840K(15872K), 0.0008425 secs]
39.897: [GC (Allocation Failure)  5256K->840K(15872K), 0.0007672 secs]
39.901: [GC (Allocation Failure)  5256K->840K(15872K), 0.0007622 secs]
39.905: [GC (Allocation Failure)  5256K->840K(15872K), 0.0007573 secs]
39.909: [GC (Allocation Failure)  5256K->840K(15872K), 0.0008519 secs]
39.913: [GC (Allocation Failure)  5256K->840K(15872K), 0.0007573 secs]
39.917: [GC (Allocation Failure)  5256K->840K(15872K), 0.0007600 secs]
39.921: [GC (Allocation Failure)  5256K->840K(15872K), 0.0007848 secs]
39.925: [GC (Allocation Failure)  5256K->840K(15872K), 0.0007666 secs]
39.929: [GC (Allocation Failure)  5256K->840K(15872K), 0.0007650 secs]
39.933: [GC (Allocation Failure)  5256K->840K(15872K), 0.0007804 secs]
39.938: [GC (Allocation Failure)  5256K->840K(15872K), 0.0007677 secs]
39.942: [GC (Allocation Failure)  5256K->840K(15872K), 0.0007562 secs]
39.946: [GC (Allocation Failure)  5256K->840K(15872K), 0.0007556 secs]
39.950: [GC (Allocation Failure)  5256K->840K(15872K), 0.0009168 secs]
39.954: [GC (Allocation Failure)  5256K->840K(15872K), 0.0007589 secs]
39.958: [GC (Allocation Failure)  5256K->840K(15872K), 0.0007639 secs]
39.962: [GC (Allocation Failure)  5256K->840K(15872K), 0.0007743 secs]
39.966: [GC (Allocation Failure)  5256K->840K(15872K), 0.0007650 secs]
39.971: [GC (Allocation Failure)  5256K->840K(15872K), 0.0007567 secs]
39.975: [GC (Allocation Failure)  5256K->840K(15872K), 0.0007529 secs]
39.979: [GC (Allocation Failure)  5256K->840K(15872K), 0.0007485 secs]
39.983: [GC (Allocation Failure)  5256K->840K(15872K), 0.0007540 secs]
39.987: [GC (Allocation Failure)  5256K->840K(15872K), 0.0007534 secs]
39.991: [GC (Allocation Failure)  5256K->840K(15872K), 0.0007584 secs]
39.995: [GC (Allocation Failure)  5256K->840K(15872K), 0.0007562 secs]
39.999: [GC (Allocation Failure)  5256K->840K(15872K), 0.0007567 secs]
40.003: [GC (Allocation Failure)  5256K->840K(15872K), 0.0007688 secs]
40.008: [GC (Allocation Failure)  5256K->840K(15872K), 0.0007633 secs]
40.012: [GC (Allocation Failure)  5256K->840K(15872K), 0.0008090 secs]
40.016: [GC (Allocation Failure)  5256K->840K(15872K), 0.0008106 secs]
40.020: [GC (Allocation Failure)  5256K->840K(15872K), 0.0007859 secs]
40.024: [GC (Allocation Failure)  5256K->840K(15872K), 0.0029769 secs]
40.063: [GC (Allocation Failure)  5256K->840K(15872K), 0.0008535 secs]
40.068: [GC (Allocation Failure)  5256K->840K(15872K), 0.0007677 secs]
40.074: [GC (Allocation Failure)  5256K->840K(15872K), 0.0007754 secs]
40.078: [GC (Allocation Failure)  5256K->840K(15872K), 0.0007639 secs]
40.082: [GC (Allocation Failure)  5256K->840K(15872K), 0.0010059 secs]
40.087: [GC (Allocation Failure)  5256K->840K(15872K), 0.0007787 secs]
40.091: [GC (Allocation Failure)  5256K->840K(15872K), 0.0008722 secs]
40.095: [GC (Allocation Failure)  5256K->840K(15872K), 0.0007727 secs]
40.100: [GC (Allocation Failure)  5256K->840K(15872K), 0.0007633 secs]
40.107: [GC (Allocation Failure)  5256K->840K(15872K), 0.0010180 secs]
40.111: [GC (Allocation Failure)  5256K->840K(15872K), 0.0007694 secs]
40.115: [GC (Allocation Failure)  5256K->840K(15872K), 0.0007683 secs]
40.120: [GC (Allocation Failure)  5256K->840K(15872K), 0.0007584 secs]
40.124: [GC (Allocation Failure)  5256K->840K(15872K), 0.0007765 secs]
40.128: [GC (Allocation Failure)  5256K->840K(15872K), 0.0010037 secs]
40.133: [GC (Allocation Failure)  5256K->840K(15872K), 0.0007716 secs]
40.138: [GC (Allocation Failure)  5256K->840K(15872K), 0.0007639 secs]
40.142: [GC (Allocation Failure)  5256K->840K(15872K), 0.0007611 secs]
40.146: [GC (Allocation Failure)  5256K->840K(15872K), 0.0007633 secs]
40.150: [GC (Allocation Failure)  5256K->840K(15872K), 0.0007738 secs]
40.157: [GC (Allocation Failure)  5256K->840K(15872K), 0.0007655 secs]
40.161: [GC (Allocation Failure)  5256K->840K(15872K), 0.0007793 secs]
40.165: [GC (Allocation Failure)  5256K->840K(15872K), 0.0007743 secs]
40.170: [GC (Allocation Failure)  5256K->840K(15872K), 0.0007688 secs]
40.174: [GC (Allocation Failure)  5256K->840K(15872K), 0.0007507 secs]
40.178: [GC (Allocation Failure)  5256K->840K(15872K), 0.0007705 secs]
40.182: [GC (Allocation Failure)  5256K->840K(15872K), 0.0007754 secs]
40.186: [GC (Allocation Failure)  5256K->840K(15872K), 0.0007699 secs]
40.190: [GC (Allocation Failure)  5256K->840K(15872K), 0.0007947 secs]
40.194: [GC (Allocation Failure)  5256K->840K(15872K), 0.0007650 secs]
40.198: [GC (Allocation Failure)  5256K->840K(15872K), 0.0007710 secs]
40.203: [GC (Allocation Failure)  5256K->840K(15872K), 0.0007875 secs]
40.207: [GC (Allocation Failure)  5256K->840K(15872K), 0.0007837 secs]
40.211: [GC (Allocation Failure)  5256K->840K(15872K), 0.0007699 secs]
40.215: [GC (Allocation Failure)  5256K->840K(15872K), 0.0007584 secs]
40.219: [GC (Allocation Failure)  5256K->840K(15872K), 0.0007518 secs]
40.223: [GC (Allocation Failure)  5256K->840K(15872K), 0.0007518 secs]
40.227: [GC (Allocation Failure)  5256K->840K(15872K), 0.0007507 secs]
40.231: [GC (Allocation Failure)  5256K->840K(15872K), 0.0007578 secs]
40.235: [GC (Allocation Failure)  5256K->840K(15872K), 0.0007622 secs]
40.239: [GC (Allocation Failure)  5256K->840K(15872K), 0.0007677 secs]
40.243: [GC (Allocation Failure)  5256K->840K(15872K), 0.0007600 secs]
40.247: [GC (Allocation Failure)  5256K->840K(15872K), 0.0007556 secs]
40.251: [GC (Allocation Failure)  5256K->840K(15872K), 0.0007677 secs]
40.255: [GC (Allocation Failure)  5256K->840K(15872K), 0.0007600 secs]
40.259: [GC (Allocation Failure)  5256K->840K(15872K), 0.0007611 secs]
40.263: [GC (Allocation Failure)  5256K->840K(15872K), 0.0007738 secs]
40.267: [GC (Allocation Failure)  5256K->840K(15872K), 0.0007556 secs]
40.272: [GC (Allocation Failure)  5256K->840K(15872K), 0.0007661 secs]
40.276: [GC (Allocation Failure)  5256K->840K(15872K), 0.0007556 secs]
40.280: [GC (Allocation Failure)  5256K->840K(15872K), 0.0008266 secs]
40.284: [GC (Allocation Failure)  5256K->840K(15872K), 0.0007556 secs]
40.288: [GC (Allocation Failure)  5256K->840K(15872K), 0.0008233 secs]
40.292: [GC (Allocation Failure)  5256K->840K(15872K), 0.0007688 secs]
40.297: [GC (Allocation Failure)  5256K->840K(15872K), 0.0007826 secs]
40.301: [GC (Allocation Failure)  5256K->840K(15872K), 0.0007782 secs]
40.305: [GC (Allocation Failure)  5256K->840K(15872K), 0.0007545 secs]
40.309: [GC (Allocation Failure)  5256K->840K(15872K), 0.0007606 secs]
40.313: [GC (Allocation Failure)  5256K->840K(15872K), 0.0007628 secs]
40.317: [GC (Allocation Failure)  5256K->840K(15872K), 0.0007699 secs]
40.322: [GC (Allocation Failure)  5256K->840K(15872K), 0.0007886 secs]
40.326: [GC (Allocation Failure)  5256K->840K(15872K), 0.0008117 secs]
40.330: [GC (Allocation Failure)  5256K->840K(15872K), 0.0007677 secs]
40.334: [GC (Allocation Failure)  5256K->840K(15872K), 0.0007622 secs]
40.338: [GC (Allocation Failure)  5256K->840K(15872K), 0.0007798 secs]
40.342: [GC (Allocation Failure)  5256K->840K(15872K), 0.0007666 secs]
40.346: [GC (Allocation Failure)  5256K->840K(15872K), 0.0007622 secs]
40.350: [GC (Allocation Failure)  5256K->840K(15872K), 0.0007644 secs]
40.354: [GC (Allocation Failure)  5256K->840K(15872K), 0.0007721 secs]
40.359: [GC (Allocation Failure)  5256K->840K(15872K), 0.0007666 secs]
40.363: [GC (Allocation Failure)  5256K->840K(15872K), 0.0007584 secs]
40.367: [GC (Allocation Failure)  5256K->840K(15872K), 0.0007556 secs]
40.371: [GC (Allocation Failure)  5256K->840K(15872K), 0.0007573 secs]
40.375: [GC (Allocation Failure)  5256K->840K(15872K), 0.0007589 secs]
40.379: [GC (Allocation Failure)  5256K->840K(15872K), 0.0008260 secs]
40.383: [GC (Allocation Failure)  5256K->840K(15872K), 0.0007567 secs]
40.388: [GC (Allocation Failure)  5256K->840K(15872K), 0.0007595 secs]
40.392: [GC (Allocation Failure)  5256K->840K(15872K), 0.0007556 secs]
40.396: [GC (Allocation Failure)  5256K->840K(15872K), 0.0007661 secs]
40.400: [GC (Allocation Failure)  5256K->840K(15872K), 0.0007639 secs]
40.404: [GC (Allocation Failure)  5256K->840K(15872K), 0.0007562 secs]
40.408: [GC (Allocation Failure)  5256K->840K(15872K), 0.0007694 secs]
40.412: [GC (Allocation Failure)  5256K->840K(15872K), 0.0007617 secs]
40.416: [GC (Allocation Failure)  5256K->840K(15872K), 0.0007683 secs]
40.420: [GC (Allocation Failure)  5256K->840K(15872K), 0.0007661 secs]
40.424: [GC (Allocation Failure)  5256K->840K(15872K), 0.0007677 secs]
40.429: [GC (Allocation Failure)  5256K->840K(15872K), 0.0007562 secs]
40.433: [GC (Allocation Failure)  5256K->840K(15872K), 0.0007507 secs]
40.437: [GC (Allocation Failure)  5256K->840K(15872K), 0.0007743 secs]
40.441: [GC (Allocation Failure)  5256K->840K(15872K), 0.0007864 secs]
40.445: [GC (Allocation Failure)  5256K->840K(15872K), 0.0007507 secs]
40.449: [GC (Allocation Failure)  5256K->840K(15872K), 0.0007529 secs]
40.453: [GC (Allocation Failure)  5256K->840K(15872K), 0.0007512 secs]
40.457: [GC (Allocation Failure)  5256K->840K(15872K), 0.0007688 secs]
40.461: [GC (Allocation Failure)  5256K->840K(15872K), 0.0007518 secs]
40.465: [GC (Allocation Failure)  5256K->840K(15872K), 0.0007727 secs]
40.469: [GC (Allocation Failure)  5256K->840K(15872K), 0.0007655 secs]
40.474: [GC (Allocation Failure)  5256K->840K(15872K), 0.0007820 secs]
40.478: [GC (Allocation Failure)  5256K->840K(15872K), 0.0007441 secs]
40.482: [GC (Allocation Failure)  5256K->840K(15872K), 0.0007545 secs]
40.486: [GC (Allocation Failure)  5256K->840K(15872K), 0.0007600 secs]
40.490: [GC (Allocation Failure)  5256K->840K(15872K), 0.0007650 secs]
40.495: [GC (Allocation Failure)  5256K->840K(15872K), 0.0007677 secs]
40.499: [GC (Allocation Failure)  5256K->840K(15872K), 0.0007529 secs]
40.503: [GC (Allocation Failure)  5256K->840K(15872K), 0.0007683 secs]
40.507: [GC (Allocation Failure)  5256K->840K(15872K), 0.0007545 secs]
40.511: [GC (Allocation Failure)  5256K->840K(15872K), 0.0007529 secs]
40.515: [GC (Allocation Failure)  5256K->840K(15872K), 0.0007479 secs]
40.519: [GC (Allocation Failure)  5256K->840K(15872K), 0.0007628 secs]
40.523: [GC (Allocation Failure)  5256K->840K(15872K), 0.0007716 secs]
40.527: [GC (Allocation Failure)  5256K->840K(15872K), 0.0007672 secs]
40.531: [GC (Allocation Failure)  5256K->840K(15872K), 0.0007699 secs]
40.536: [GC (Allocation Failure)  5256K->840K(15872K), 0.0007903 secs]
40.540: [GC (Allocation Failure)  5256K->840K(15872K), 0.0007540 secs]
40.544: [GC (Allocation Failure)  5256K->840K(15872K), 0.0007754 secs]
40.548: [GC (Allocation Failure)  5256K->840K(15872K), 0.0007710 secs]
40.552: [GC (Allocation Failure)  5256K->840K(15872K), 0.0007705 secs]
40.557: [GC (Allocation Failure)  5256K->840K(15872K), 0.0007688 secs]
40.561: [GC (Allocation Failure)  5256K->840K(15872K), 0.0007617 secs]
40.565: [GC (Allocation Failure)  5256K->840K(15872K), 0.0007661 secs]
40.569: [GC (Allocation Failure)  5256K->840K(15872K), 0.0007776 secs]
40.573: [GC (Allocation Failure)  5256K->840K(15872K), 0.0008392 secs]
40.578: [GC (Allocation Failure)  5256K->840K(15872K), 0.0007727 secs]
40.582: [GC (Allocation Failure)  5256K->840K(15872K), 0.0007677 secs]
40.586: [GC (Allocation Failure)  5256K->840K(15872K), 0.0007771 secs]
40.590: [GC (Allocation Failure)  5256K->840K(15872K), 0.0007683 secs]
40.594: [GC (Allocation Failure)  5256K->840K(15872K), 0.0010433 secs]
40.599: [GC (Allocation Failure)  5256K->840K(15872K), 0.0007710 secs]
40.603: [GC (Allocation Failure)  5256K->840K(15872K), 0.0008057 secs]
40.607: [GC (Allocation Failure)  5256K->840K(15872K), 0.0008002 secs]
40.612: [GC (Allocation Failure)  5256K->840K(15872K), 0.0007749 secs]
40.616: [GC (Allocation Failure)  5256K->840K(15872K), 0.0007655 secs]
40.620: [GC (Allocation Failure)  5256K->840K(15872K), 0.0007507 secs]
40.624: [GC (Allocation Failure)  5256K->840K(15872K), 0.0007980 secs]
40.629: [GC (Allocation Failure)  5256K->840K(15872K), 0.0007699 secs]
40.633: [GC (Allocation Failure)  5256K->840K(15872K), 0.0007815 secs]
40.637: [GC (Allocation Failure)  5256K->840K(15872K), 0.0007930 secs]
40.641: [GC (Allocation Failure)  5256K->840K(15872K), 0.0007886 secs]
40.646: [GC (Allocation Failure)  5256K->840K(15872K), 0.0007727 secs]
40.650: [GC (Allocation Failure)  5256K->840K(15872K), 0.0007765 secs]
40.654: [GC (Allocation Failure)  5256K->840K(15872K), 0.0007765 secs]
40.658: [GC (Allocation Failure)  5256K->840K(15872K), 0.0007765 secs]
40.662: [GC (Allocation Failure)  5256K->840K(15872K), 0.0007743 secs]
40.666: [GC (Allocation Failure)  5256K->840K(15872K), 0.0007765 secs]
40.671: [GC (Allocation Failure)  5256K->840K(15872K), 0.0007760 secs]
40.675: [GC (Allocation Failure)  5256K->840K(15872K), 0.0008112 secs]
40.679: [GC (Allocation Failure)  5256K->840K(15872K), 0.0007655 secs]
40.683: [GC (Allocation Failure)  5256K->840K(15872K), 0.0007644 secs]
40.687: [GC (Allocation Failure)  5256K->840K(15872K), 0.0007677 secs]
40.691: [GC (Allocation Failure)  5256K->840K(15872K), 0.0007716 secs]
40.696: [GC (Allocation Failure)  5256K->840K(15872K), 0.0007650 secs]
40.700: [GC (Allocation Failure)  5256K->840K(15872K), 0.0007644 secs]
40.704: [GC (Allocation Failure)  5256K->840K(15872K), 0.0007804 secs]
40.708: [GC (Allocation Failure)  5256K->840K(15872K), 0.0007655 secs]
40.712: [GC (Allocation Failure)  5256K->840K(15872K), 0.0007666 secs]
40.716: [GC (Allocation Failure)  5256K->840K(15872K), 0.0007765 secs]
40.720: [GC (Allocation Failure)  5256K->840K(15872K), 0.0008332 secs]
40.725: [GC (Allocation Failure)  5256K->840K(15872K), 0.0008486 secs]
40.729: [GC (Allocation Failure)  5256K->840K(15872K), 0.0007787 secs]
40.733: [GC (Allocation Failure)  5256K->840K(15872K), 0.0007793 secs]
40.738: [GC (Allocation Failure)  5256K->840K(15872K), 0.0007842 secs]
40.742: [GC (Allocation Failure)  5256K->840K(15872K), 0.0007875 secs]
40.746: [GC (Allocation Failure)  5256K->840K(15872K), 0.0007870 secs]
40.750: [GC (Allocation Failure)  5256K->840K(15872K), 0.0007787 secs]
40.754: [GC (Allocation Failure)  5256K->840K(15872K), 0.0007787 secs]
40.764: [GC (Allocation Failure)  5256K->840K(15872K), 0.0007782 secs]
40.768: [GC (Allocation Failure)  5256K->840K(15872K), 0.0008491 secs]
40.772: [GC (Allocation Failure)  5256K->840K(15872K), 0.0008425 secs]
40.777: [GC (Allocation Failure)  5256K->840K(15872K), 0.0007914 secs]
40.781: [GC (Allocation Failure)  5256K->840K(15872K), 0.0007963 secs]
40.785: [GC (Allocation Failure)  5256K->840K(15872K), 0.0008227 secs]
40.789: [GC (Allocation Failure)  5256K->840K(15872K), 0.0007892 secs]
40.794: [GC (Allocation Failure)  5256K->840K(15872K), 0.0007705 secs]
40.798: [GC (Allocation Failure)  5256K->840K(15872K), 0.0007897 secs]
40.802: [GC (Allocation Failure)  5256K->840K(15872K), 0.0007864 secs]
40.808: [GC (Allocation Failure)  5256K->840K(15872K), 0.0008552 secs]
40.812: [GC (Allocation Failure)  5256K->840K(15872K), 0.0008244 secs]
40.817: [GC (Allocation Failure)  5256K->840K(15872K), 0.0008172 secs]
40.821: [GC (Allocation Failure)  5256K->840K(15872K), 0.0007947 secs]
40.825: [GC (Allocation Failure)  5256K->840K(15872K), 0.0008018 secs]
40.831: [GC (Allocation Failure)  5256K->840K(15872K), 0.0007760 secs]
40.835: [GC (Allocation Failure)  5256K->840K(15872K), 0.0007793 secs]
40.839: [GC (Allocation Failure)  5256K->840K(15872K), 0.0007925 secs]
40.844: [GC (Allocation Failure)  5256K->840K(15872K), 0.0007930 secs]
40.848: [GC (Allocation Failure)  5256K->840K(15872K), 0.0007721 secs]
40.852: [GC (Allocation Failure)  5256K->840K(15872K), 0.0007677 secs]
40.857: [GC (Allocation Failure)  5256K->840K(15872K), 0.0008139 secs]
40.862: [GC (Allocation Failure)  5256K->840K(15872K), 0.0008112 secs]
40.866: [GC (Allocation Failure)  5256K->840K(15872K), 0.0008073 secs]
40.870: [GC (Allocation Failure)  5256K->840K(15872K), 0.0007886 secs]
40.874: [GC (Allocation Failure)  5256K->840K(15872K), 0.0009080 secs]
40.879: [GC (Allocation Failure)  5256K->840K(15872K), 0.0008161 secs]
40.883: [GC (Allocation Failure)  5256K->840K(15872K), 0.0007727 secs]
40.887: [GC (Allocation Failure)  5256K->840K(15872K), 0.0007930 secs]
40.891: [GC (Allocation Failure)  5256K->840K(15872K), 0.0007760 secs]
40.896: [GC (Allocation Failure)  5256K->840K(15872K), 0.0007738 secs]
40.900: [GC (Allocation Failure)  5256K->840K(15872K), 0.0007721 secs]
40.904: [GC (Allocation Failure)  5256K->840K(15872K), 0.0007705 secs]
40.908: [GC (Allocation Failure)  5256K->840K(15872K), 0.0007776 secs]
40.912: [GC (Allocation Failure)  5256K->840K(15872K), 0.0007820 secs]
40.916: [GC (Allocation Failure)  5256K->840K(15872K), 0.0007837 secs]
40.920: [GC (Allocation Failure)  5256K->840K(15872K), 0.0008392 secs]
40.925: [GC (Allocation Failure)  5256K->840K(15872K), 0.0007980 secs]
40.929: [GC (Allocation Failure)  5256K->840K(15872K), 0.0008992 secs]
40.934: [GC (Allocation Failure)  5256K->840K(15872K), 0.0007760 secs]
40.938: [GC (Allocation Failure)  5256K->840K(15872K), 0.0007606 secs]
40.942: [GC (Allocation Failure)  5256K->840K(15872K), 0.0008167 secs]
40.947: [GC (Allocation Failure)  5256K->840K(15872K), 0.0007985 secs]
40.951: [GC (Allocation Failure)  5256K->840K(15872K), 0.0007837 secs]
40.955: [GC (Allocation Failure)  5256K->840K(15872K), 0.0007716 secs]
40.960: [GC (Allocation Failure)  5256K->840K(15872K), 0.0007771 secs]
40.964: [GC (Allocation Failure)  5256K->840K(15872K), 0.0007732 secs]
40.968: [GC (Allocation Failure)  5256K->840K(15872K), 0.0007732 secs]
40.972: [GC (Allocation Failure)  5256K->840K(15872K), 0.0007721 secs]
40.976: [GC (Allocation Failure)  5256K->840K(15872K), 0.0007837 secs]
40.980: [GC (Allocation Failure)  5256K->840K(15872K), 0.0007875 secs]
40.985: [GC (Allocation Failure)  5256K->840K(15872K), 0.0007644 secs]
40.989: [GC (Allocation Failure)  5256K->840K(15872K), 0.0007727 secs]
40.993: [GC (Allocation Failure)  5256K->840K(15872K), 0.0007754 secs]
40.998: [GC (Allocation Failure)  5256K->840K(15872K), 0.0007760 secs]
41.002: [GC (Allocation Failure)  5256K->840K(15872K), 0.0007864 secs]
41.006: [GC (Allocation Failure)  5256K->840K(15872K), 0.0007798 secs]
41.010: [GC (Allocation Failure)  5256K->840K(15872K), 0.0007749 secs]
41.015: [GC (Allocation Failure)  5256K->840K(15872K), 0.0007837 secs]
41.020: [GC (Allocation Failure)  5256K->840K(15872K), 0.0008079 secs]
41.024: [GC (Allocation Failure)  5256K->840K(15872K), 0.0007688 secs]
41.029: [GC (Allocation Failure)  5256K->840K(15872K), 0.0007639 secs]
41.033: [GC (Allocation Failure)  5256K->840K(15872K), 0.0007716 secs]
41.038: [GC (Allocation Failure)  5256K->840K(15872K), 0.0007694 secs]
41.042: [GC (Allocation Failure)  5256K->840K(15872K), 0.0019765 secs]
41.048: [GC (Allocation Failure)  5256K->840K(15872K), 0.0007710 secs]
41.052: [GC (Allocation Failure)  5256K->840K(15872K), 0.0007974 secs]
41.056: [GC (Allocation Failure)  5256K->840K(15872K), 0.0008464 secs]
41.061: [GC (Allocation Failure)  5256K->840K(15872K), 0.0007666 secs]
41.065: [GC (Allocation Failure)  5256K->840K(15872K), 0.0007754 secs]
41.070: [GC (Allocation Failure)  5256K->840K(15872K), 0.0007683 secs]
41.074: [GC (Allocation Failure)  5256K->840K(15872K), 0.0010218 secs]
41.079: [GC (Allocation Failure)  5256K->840K(15872K), 0.0007831 secs]
41.083: [GC (Allocation Failure)  5256K->840K(15872K), 0.0007705 secs]
41.087: [GC (Allocation Failure)  5256K->840K(15872K), 0.0007837 secs]
41.091: [GC (Allocation Failure)  5256K->840K(15872K), 0.0007705 secs]
41.096: [GC (Allocation Failure)  5256K->840K(15872K), 0.0007595 secs]
41.100: [GC (Allocation Failure)  5256K->840K(15872K), 0.0007600 secs]
41.104: [GC (Allocation Failure)  5256K->840K(15872K), 0.0008876 secs]
41.108: [GC (Allocation Failure)  5256K->840K(15872K), 0.0007479 secs]
41.112: [GC (Allocation Failure)  5256K->840K(15872K), 0.0007589 secs]
41.116: [GC (Allocation Failure)  5256K->840K(15872K), 0.0007573 secs]
41.120: [GC (Allocation Failure)  5256K->840K(15872K), 0.0007677 secs]
41.124: [GC (Allocation Failure)  5256K->840K(15872K), 0.0007578 secs]
41.128: [GC (Allocation Failure)  5256K->840K(15872K), 0.0007611 secs]
41.132: [GC (Allocation Failure)  5256K->840K(15872K), 0.0007639 secs]
41.136: [GC (Allocation Failure)  5256K->840K(15872K), 0.0007809 secs]
41.140: [GC (Allocation Failure)  5256K->840K(15872K), 0.0007826 secs]
41.145: [GC (Allocation Failure)  5256K->840K(15872K), 0.0007611 secs]
41.149: [GC (Allocation Failure)  5256K->840K(15872K), 0.0007661 secs]
41.153: [GC (Allocation Failure)  5256K->840K(15872K), 0.0007699 secs]
41.157: [GC (Allocation Failure)  5256K->840K(15872K), 0.0007655 secs]
41.161: [GC (Allocation Failure)  5256K->840K(15872K), 0.0007606 secs]
41.165: [GC (Allocation Failure)  5256K->840K(15872K), 0.0007699 secs]
41.169: [GC (Allocation Failure)  5256K->840K(15872K), 0.0009844 secs]
41.173: [GC (Allocation Failure)  5256K->840K(15872K), 0.0007562 secs]
41.177: [GC (Allocation Failure)  5256K->840K(15872K), 0.0007633 secs]
41.181: [GC (Allocation Failure)  5256K->840K(15872K), 0.0007710 secs]
41.186: [GC (Allocation Failure)  5256K->840K(15872K), 0.0007650 secs]
41.190: [GC (Allocation Failure)  5256K->840K(15872K), 0.0007798 secs]
41.194: [GC (Allocation Failure)  5256K->840K(15872K), 0.0007749 secs]
41.198: [GC (Allocation Failure)  5256K->840K(15872K), 0.0007567 secs]
41.202: [GC (Allocation Failure)  5256K->840K(15872K), 0.0007710 secs]
41.206: [GC (Allocation Failure)  5256K->840K(15872K), 0.0007490 secs]
41.210: [GC (Allocation Failure)  5256K->840K(15872K), 0.0007881 secs]
41.214: [GC (Allocation Failure)  5256K->840K(15872K), 0.0007518 secs]
41.218: [GC (Allocation Failure)  5256K->840K(15872K), 0.0007617 secs]
41.222: [GC (Allocation Failure)  5256K->840K(15872K), 0.0007518 secs]
41.226: [GC (Allocation Failure)  5256K->840K(15872K), 0.0007617 secs]
41.230: [GC (Allocation Failure)  5256K->840K(15872K), 0.0007534 secs]
41.234: [GC (Allocation Failure)  5256K->840K(15872K), 0.0007666 secs]
41.238: [GC (Allocation Failure)  5256K->840K(15872K), 0.0007562 secs]
41.242: [GC (Allocation Failure)  5256K->840K(15872K), 0.0007606 secs]
41.246: [GC (Allocation Failure)  5256K->840K(15872K), 0.0007661 secs]
41.250: [GC (Allocation Failure)  5256K->840K(15872K), 0.0007798 secs]
41.254: [GC (Allocation Failure)  5256K->840K(15872K), 0.0007727 secs]
41.259: [GC (Allocation Failure)  5256K->840K(15872K), 0.0007815 secs]
41.263: [GC (Allocation Failure)  5256K->840K(15872K), 0.0007650 secs]
41.267: [GC (Allocation Failure)  5256K->840K(15872K), 0.0009047 secs]
41.271: [GC (Allocation Failure)  5256K->840K(15872K), 0.0007540 secs]
41.275: [GC (Allocation Failure)  5256K->840K(15872K), 0.0007529 secs]
41.279: [GC (Allocation Failure)  5256K->840K(15872K), 0.0007611 secs]
41.283: [GC (Allocation Failure)  5256K->840K(15872K), 0.0007650 secs]
41.287: [GC (Allocation Failure)  5256K->840K(15872K), 0.0007617 secs]
41.291: [GC (Allocation Failure)  5256K->840K(15872K), 0.0008310 secs]
41.295: [GC (Allocation Failure)  5256K->840K(15872K), 0.0007743 secs]
41.300: [GC (Allocation Failure)  5256K->840K(15872K), 0.0007606 secs]
41.304: [GC (Allocation Failure)  5256K->840K(15872K), 0.0007765 secs]
41.308: [GC (Allocation Failure)  5256K->840K(15872K), 0.0007551 secs]
41.312: [GC (Allocation Failure)  5256K->840K(15872K), 0.0007540 secs]
41.316: [GC (Allocation Failure)  5256K->840K(15872K), 0.0007518 secs]
41.320: [GC (Allocation Failure)  5256K->840K(15872K), 0.0007578 secs]
41.324: [GC (Allocation Failure)  5256K->840K(15872K), 0.0007551 secs]
41.328: [GC (Allocation Failure)  5256K->840K(15872K), 0.0007677 secs]
41.332: [GC (Allocation Failure)  5256K->840K(15872K), 0.0007545 secs]
41.336: [GC (Allocation Failure)  5256K->840K(15872K), 0.0007650 secs]
41.341: [GC (Allocation Failure)  5256K->840K(15872K), 0.0009052 secs]
41.345: [GC (Allocation Failure)  5256K->840K(15872K), 0.0007551 secs]
41.349: [GC (Allocation Failure)  5256K->840K(15872K), 0.0007479 secs]
41.353: [GC (Allocation Failure)  5256K->840K(15872K), 0.0007787 secs]
41.357: [GC (Allocation Failure)  5256K->840K(15872K), 0.0007628 secs]
41.361: [GC (Allocation Failure)  5256K->840K(15872K), 0.0008161 secs]
41.365: [GC (Allocation Failure)  5256K->840K(15872K), 0.0007600 secs]
41.370: [GC (Allocation Failure)  5256K->840K(15872K), 0.0007529 secs]
41.374: [GC (Allocation Failure)  5256K->840K(15872K), 0.0007622 secs]
41.378: [GC (Allocation Failure)  5256K->840K(15872K), 0.0007600 secs]
41.382: [GC (Allocation Failure)  5256K->840K(15872K), 0.0007589 secs]
41.386: [GC (Allocation Failure)  5256K->840K(15872K), 0.0008453 secs]
41.390: [GC (Allocation Failure)  5256K->840K(15872K), 0.0008326 secs]
41.394: [GC (Allocation Failure)  5256K->840K(15872K), 0.0008057 secs]
41.398: [GC (Allocation Failure)  5256K->840K(15872K), 0.0007705 secs]
41.402: [GC (Allocation Failure)  5256K->840K(15872K), 0.0007633 secs]
41.406: [GC (Allocation Failure)  5256K->840K(15872K), 0.0007721 secs]
41.411: [GC (Allocation Failure)  5256K->840K(15872K), 0.0008898 secs]
41.415: [GC (Allocation Failure)  5256K->840K(15872K), 0.0007655 secs]
41.419: [GC (Allocation Failure)  5256K->840K(15872K), 0.0007518 secs]
41.423: [GC (Allocation Failure)  5256K->840K(15872K), 0.0007529 secs]
41.427: [GC (Allocation Failure)  5256K->840K(15872K), 0.0007595 secs]
41.431: [GC (Allocation Failure)  5256K->840K(15872K), 0.0007628 secs]
41.435: [GC (Allocation Failure)  5256K->840K(15872K), 0.0007606 secs]
41.439: [GC (Allocation Failure)  5256K->840K(15872K), 0.0007534 secs]
41.443: [GC (Allocation Failure)  5256K->840K(15872K), 0.0007606 secs]
41.448: [GC (Allocation Failure)  5256K->840K(15872K), 0.0007655 secs]
41.452: [GC (Allocation Failure)  5256K->840K(15872K), 0.0007578 secs]
41.456: [GC (Allocation Failure)  5256K->840K(15872K), 0.0007617 secs]
41.460: [GC (Allocation Failure)  5256K->840K(15872K), 0.0007545 secs]
41.464: [GC (Allocation Failure)  5256K->840K(15872K), 0.0007523 secs]
41.468: [GC (Allocation Failure)  5256K->840K(15872K), 0.0007529 secs]
41.472: [GC (Allocation Failure)  5256K->840K(15872K), 0.0007501 secs]
41.476: [GC (Allocation Failure)  5256K->840K(15872K), 0.0007639 secs]
41.480: [GC (Allocation Failure)  5256K->840K(15872K), 0.0007556 secs]
41.484: [GC (Allocation Failure)  5256K->840K(15872K), 0.0007606 secs]
41.488: [GC (Allocation Failure)  5256K->840K(15872K), 0.0007606 secs]
41.492: [GC (Allocation Failure)  5256K->840K(15872K), 0.0007622 secs]
41.497: [GC (Allocation Failure)  5256K->840K(15872K), 0.0007727 secs]
41.501: [GC (Allocation Failure)  5256K->840K(15872K), 0.0007710 secs]
41.505: [GC (Allocation Failure)  5256K->840K(15872K), 0.0007578 secs]
41.509: [GC (Allocation Failure)  5256K->840K(15872K), 0.0007650 secs]
41.513: [GC (Allocation Failure)  5256K->840K(15872K), 0.0007650 secs]
41.517: [GC (Allocation Failure)  5256K->840K(15872K), 0.0007694 secs]
41.521: [GC (Allocation Failure)  5256K->840K(15872K), 0.0008073 secs]
41.525: [GC (Allocation Failure)  5256K->840K(15872K), 0.0007512 secs]
41.529: [GC (Allocation Failure)  5256K->840K(15872K), 0.0007534 secs]
41.533: [GC (Allocation Failure)  5256K->840K(15872K), 0.0007496 secs]
41.537: [GC (Allocation Failure)  5256K->840K(15872K), 0.0007908 secs]
41.542: [GC (Allocation Failure)  5256K->840K(15872K), 0.0007699 secs]
41.546: [GC (Allocation Failure)  5256K->840K(15872K), 0.0008810 secs]
41.550: [GC (Allocation Failure)  5256K->840K(15872K), 0.0007776 secs]
41.555: [GC (Allocation Failure)  5256K->840K(15872K), 0.0007897 secs]
41.559: [GC (Allocation Failure)  5256K->840K(15872K), 0.0008095 secs]
41.563: [GC (Allocation Failure)  5256K->840K(15872K), 0.0007633 secs]
41.567: [GC (Allocation Failure)  5256K->840K(15872K), 0.0007716 secs]
41.571: [GC (Allocation Failure)  5256K->840K(15872K), 0.0007622 secs]
41.575: [GC (Allocation Failure)  5256K->840K(15872K), 0.0007716 secs]
41.579: [GC (Allocation Failure)  5256K->840K(15872K), 0.0007793 secs]
41.584: [GC (Allocation Failure)  5256K->840K(15872K), 0.0007776 secs]
41.588: [GC (Allocation Failure)  5256K->840K(15872K), 0.0009399 secs]
41.592: [GC (Allocation Failure)  5256K->840K(15872K), 0.0007875 secs]
41.596: [GC (Allocation Failure)  5256K->840K(15872K), 0.0016950 secs]
41.602: [GC (Allocation Failure)  5256K->840K(15872K), 0.0007655 secs]
41.606: [GC (Allocation Failure)  5256K->840K(15872K), 0.0007732 secs]
41.610: [GC (Allocation Failure)  5256K->840K(15872K), 0.0007732 secs]
41.614: [GC (Allocation Failure)  5256K->840K(15872K), 0.0007859 secs]
41.619: [GC (Allocation Failure)  5256K->840K(15872K), 0.0007732 secs]
41.623: [GC (Allocation Failure)  5256K->840K(15872K), 0.0007743 secs]
41.627: [GC (Allocation Failure)  5256K->840K(15872K), 0.0007617 secs]
41.631: [GC (Allocation Failure)  5256K->840K(15872K), 0.0007683 secs]
41.635: [GC (Allocation Failure)  5256K->840K(15872K), 0.0007710 secs]
41.640: [GC (Allocation Failure)  5256K->840K(15872K), 0.0007699 secs]
41.645: [GC (Allocation Failure)  5256K->840K(15872K), 0.0007793 secs]
41.649: [GC (Allocation Failure)  5256K->840K(15872K), 0.0008805 secs]
41.653: [GC (Allocation Failure)  5256K->840K(15872K), 0.0007699 secs]
41.657: [GC (Allocation Failure)  5256K->840K(15872K), 0.0007606 secs]
41.661: [GC (Allocation Failure)  5256K->840K(15872K), 0.0007677 secs]
41.665: [GC (Allocation Failure)  5256K->840K(15872K), 0.0007655 secs]
41.670: [GC (Allocation Failure)  5256K->840K(15872K), 0.0007644 secs]
41.674: [GC (Allocation Failure)  5256K->840K(15872K), 0.0007589 secs]
41.678: [GC (Allocation Failure)  5256K->840K(15872K), 0.0007782 secs]
41.683: [GC (Allocation Failure)  5256K->840K(15872K), 0.0010141 secs]
41.687: [GC (Allocation Failure)  5256K->840K(15872K), 0.0007628 secs]
41.692: [GC (Allocation Failure)  5256K->840K(15872K), 0.0007710 secs]
41.696: [GC (Allocation Failure)  5256K->840K(15872K), 0.0007688 secs]
41.703: [GC (Allocation Failure)  5256K->840K(15872K), 0.0007633 secs]
41.709: [GC (Allocation Failure)  5256K->840K(15872K), 0.0008948 secs]
41.713: [GC (Allocation Failure)  5256K->840K(15872K), 0.0008563 secs]
41.720: [GC (Allocation Failure)  5256K->840K(15872K), 0.0008849 secs]
41.724: [GC (Allocation Failure)  5256K->840K(15872K), 0.0007875 secs]
41.728: [GC (Allocation Failure)  5256K->840K(15872K), 0.0007941 secs]
41.733: [GC (Allocation Failure)  5256K->840K(15872K), 0.0008348 secs]
41.738: [GC (Allocation Failure)  5256K->840K(15872K), 0.0007864 secs]
41.742: [GC (Allocation Failure)  5256K->840K(15872K), 0.0009388 secs]
41.746: [GC (Allocation Failure)  5256K->840K(15872K), 0.0010196 secs]
41.751: [GC (Allocation Failure)  5256K->840K(15872K), 0.0007804 secs]
41.755: [GC (Allocation Failure)  5256K->840K(15872K), 0.0008827 secs]
41.759: [GC (Allocation Failure)  5256K->840K(15872K), 0.0008046 secs]
41.764: [GC (Allocation Failure)  5256K->840K(15872K), 0.0007694 secs]
41.768: [GC (Allocation Failure)  5256K->840K(15872K), 0.0007831 secs]
41.772: [GC (Allocation Failure)  5256K->840K(15872K), 0.0007809 secs]
41.776: [GC (Allocation Failure)  5256K->840K(15872K), 0.0007826 secs]
41.780: [GC (Allocation Failure)  5256K->840K(15872K), 0.0007870 secs]
41.785: [GC (Allocation Failure)  5256K->840K(15872K), 0.0007721 secs]
41.789: [GC (Allocation Failure)  5256K->840K(15872K), 0.0007826 secs]
41.793: [GC (Allocation Failure)  5256K->840K(15872K), 0.0007793 secs]
41.798: [GC (Allocation Failure)  5256K->840K(15872K), 0.0007798 secs]
41.802: [GC (Allocation Failure)  5256K->840K(15872K), 0.0007842 secs]
41.806: [GC (Allocation Failure)  5256K->840K(15872K), 0.0007793 secs]
41.810: [GC (Allocation Failure)  5256K->840K(15872K), 0.0008079 secs]
41.814: [GC (Allocation Failure)  5256K->840K(15872K), 0.0007980 secs]
41.818: [GC (Allocation Failure)  5256K->840K(15872K), 0.0007925 secs]
41.823: [GC (Allocation Failure)  5256K->840K(15872K), 0.0007886 secs]
41.828: [GC (Allocation Failure)  5256K->840K(15872K), 0.0008535 secs]
41.832: [GC (Allocation Failure)  5256K->840K(15872K), 0.0008139 secs]
41.836: [GC (Allocation Failure)  5256K->840K(15872K), 0.0008128 secs]
41.840: [GC (Allocation Failure)  5256K->840K(15872K), 0.0007903 secs]
41.845: [GC (Allocation Failure)  5256K->840K(15872K), 0.0007683 secs]
41.849: [GC (Allocation Failure)  5256K->840K(15872K), 0.0007804 secs]
41.853: [GC (Allocation Failure)  5256K->840K(15872K), 0.0007749 secs]
41.858: [GC (Allocation Failure)  5256K->840K(15872K), 0.0007732 secs]
41.862: [GC (Allocation Failure)  5256K->840K(15872K), 0.0007661 secs]
41.866: [GC (Allocation Failure)  5256K->840K(15872K), 0.0007716 secs]
41.870: [GC (Allocation Failure)  5256K->840K(15872K), 0.0007809 secs]
41.874: [GC (Allocation Failure)  5256K->840K(15872K), 0.0007589 secs]
41.878: [GC (Allocation Failure)  5256K->840K(15872K), 0.0007908 secs]
41.883: [GC (Allocation Failure)  5256K->840K(15872K), 0.0007908 secs]
41.887: [GC (Allocation Failure)  5256K->840K(15872K), 0.0007633 secs]
41.891: [GC (Allocation Failure)  5256K->840K(15872K), 0.0008260 secs]
41.895: [GC (Allocation Failure)  5256K->840K(15872K), 0.0007551 secs]
41.899: [GC (Allocation Failure)  5256K->840K(15872K), 0.0007886 secs]
41.903: [GC (Allocation Failure)  5256K->840K(15872K), 0.0007639 secs]
41.907: [GC (Allocation Failure)  5256K->840K(15872K), 0.0007578 secs]
41.911: [GC (Allocation Failure)  5256K->840K(15872K), 0.0007732 secs]
41.915: [GC (Allocation Failure)  5256K->840K(15872K), 0.0007699 secs]
41.919: [GC (Allocation Failure)  5256K->840K(15872K), 0.0007606 secs]
41.923: [GC (Allocation Failure)  5256K->840K(15872K), 0.0007650 secs]
41.927: [GC (Allocation Failure)  5256K->840K(15872K), 0.0007595 secs]
41.931: [GC (Allocation Failure)  5256K->840K(15872K), 0.0007782 secs]
41.936: [GC (Allocation Failure)  5256K->840K(15872K), 0.0007666 secs]
41.940: [GC (Allocation Failure)  5256K->840K(15872K), 0.0007694 secs]
41.944: [GC (Allocation Failure)  5256K->840K(15872K), 0.0007584 secs]
41.948: [GC (Allocation Failure)  5256K->840K(15872K), 0.0007551 secs]
41.952: [GC (Allocation Failure)  5256K->840K(15872K), 0.0007556 secs]
41.956: [GC (Allocation Failure)  5256K->840K(15872K), 0.0007595 secs]
41.960: [GC (Allocation Failure)  5256K->840K(15872K), 0.0007551 secs]
41.964: [GC (Allocation Failure)  5256K->840K(15872K), 0.0007606 secs]
41.968: [GC (Allocation Failure)  5256K->840K(15872K), 0.0007540 secs]
41.972: [GC (Allocation Failure)  5256K->840K(15872K), 0.0007578 secs]
41.976: [GC (Allocation Failure)  5256K->840K(15872K), 0.0010845 secs]
41.981: [GC (Allocation Failure)  5256K->840K(15872K), 0.0007721 secs]
41.986: [GC (Allocation Failure)  5256K->840K(15872K), 0.0009058 secs]
41.991: [GC (Allocation Failure)  5256K->840K(15872K), 0.0007875 secs]
41.995: [GC (Allocation Failure)  5256K->840K(15872K), 0.0007721 secs]
41.999: [GC (Allocation Failure)  5256K->840K(15872K), 0.0007754 secs]
42.003: [GC (Allocation Failure)  5256K->840K(15872K), 0.0007589 secs]
42.007: [GC (Allocation Failure)  5256K->840K(15872K), 0.0007595 secs]
42.011: [GC (Allocation Failure)  5256K->840K(15872K), 0.0007672 secs]
42.016: [GC (Allocation Failure)  5256K->840K(15872K), 0.0007903 secs]
42.020: [GC (Allocation Failure)  5256K->840K(15872K), 0.0007661 secs]
42.024: [GC (Allocation Failure)  5256K->840K(15872K), 0.0007732 secs]
42.028: [GC (Allocation Failure)  5256K->840K(15872K), 0.0007540 secs]
42.032: [GC (Allocation Failure)  5256K->840K(15872K), 0.0007512 secs]
42.036: [GC (Allocation Failure)  5256K->840K(15872K), 0.0007589 secs]
42.040: [GC (Allocation Failure)  5256K->840K(15872K), 0.0007573 secs]
42.044: [GC (Allocation Failure)  5256K->840K(15872K), 0.0007969 secs]
42.048: [GC (Allocation Failure)  5256K->840K(15872K), 0.0007639 secs]
42.052: [GC (Allocation Failure)  5256K->840K(15872K), 0.0007562 secs]
42.056: [GC (Allocation Failure)  5256K->840K(15872K), 0.0007628 secs]
42.060: [GC (Allocation Failure)  5256K->840K(15872K), 0.0007606 secs]
42.064: [GC (Allocation Failure)  5256K->840K(15872K), 0.0007727 secs]
42.069: [GC (Allocation Failure)  5256K->840K(15872K), 0.0008277 secs]
42.073: [GC (Allocation Failure)  5256K->840K(15872K), 0.0007529 secs]
42.077: [GC (Allocation Failure)  5256K->840K(15872K), 0.0007760 secs]
42.081: [GC (Allocation Failure)  5256K->840K(15872K), 0.0007534 secs]
42.085: [GC (Allocation Failure)  5256K->840K(15872K), 0.0007622 secs]
42.089: [GC (Allocation Failure)  5256K->840K(15872K), 0.0007578 secs]
42.093: [GC (Allocation Failure)  5256K->840K(15872K), 0.0007617 secs]
42.097: [GC (Allocation Failure)  5256K->840K(15872K), 0.0007760 secs]
42.102: [GC (Allocation Failure)  5256K->840K(15872K), 0.0007589 secs]
42.106: [GC (Allocation Failure)  5256K->840K(15872K), 0.0007529 secs]
42.110: [GC (Allocation Failure)  5256K->840K(15872K), 0.0007611 secs]
42.114: [GC (Allocation Failure)  5256K->840K(15872K), 0.0007490 secs]
42.118: [GC (Allocation Failure)  5256K->840K(15872K), 0.0007567 secs]
42.122: [GC (Allocation Failure)  5256K->840K(15872K), 0.0007567 secs]
42.126: [GC (Allocation Failure)  5256K->840K(15872K), 0.0007595 secs]
42.130: [GC (Allocation Failure)  5256K->840K(15872K), 0.0007881 secs]
42.134: [GC (Allocation Failure)  5256K->840K(15872K), 0.0007595 secs]
42.139: [GC (Allocation Failure)  5256K->840K(15872K), 0.0007639 secs]
42.143: [GC (Allocation Failure)  5256K->840K(15872K), 0.0007595 secs]
42.147: [GC (Allocation Failure)  5256K->840K(15872K), 0.0007798 secs]
42.151: [GC (Allocation Failure)  5256K->840K(15872K), 0.0007545 secs]
42.155: [GC (Allocation Failure)  5256K->840K(15872K), 0.0007529 secs]
42.159: [GC (Allocation Failure)  5256K->840K(15872K), 0.0008816 secs]
42.163: [GC (Allocation Failure)  5256K->840K(15872K), 0.0007710 secs]
42.167: [GC (Allocation Failure)  5256K->840K(15872K), 0.0007969 secs]
42.171: [GC (Allocation Failure)  5256K->840K(15872K), 0.0007677 secs]
42.175: [GC (Allocation Failure)  5256K->840K(15872K), 0.0007567 secs]
42.179: [GC (Allocation Failure)  5256K->840K(15872K), 0.0007705 secs]
42.184: [GC (Allocation Failure)  5256K->840K(15872K), 0.0007567 secs]
42.188: [GC (Allocation Failure)  5256K->840K(15872K), 0.0007518 secs]
42.192: [GC (Allocation Failure)  5256K->840K(15872K), 0.0008332 secs]
42.196: [GC (Allocation Failure)  5256K->840K(15872K), 0.0007699 secs]
42.201: [GC (Allocation Failure)  5256K->840K(15872K), 0.0007655 secs]
42.205: [GC (Allocation Failure)  5256K->840K(15872K), 0.0007710 secs]
42.209: [GC (Allocation Failure)  5256K->840K(15872K), 0.0007529 secs]
42.213: [GC (Allocation Failure)  5256K->840K(15872K), 0.0007595 secs]
42.217: [GC (Allocation Failure)  5256K->840K(15872K), 0.0007617 secs]
42.221: [GC (Allocation Failure)  5256K->840K(15872K), 0.0007567 secs]
42.225: [GC (Allocation Failure)  5256K->840K(15872K), 0.0007732 secs]
42.229: [GC (Allocation Failure)  5256K->840K(15872K), 0.0008123 secs]
42.234: [GC (Allocation Failure)  5256K->840K(15872K), 0.0007595 secs]
42.238: [GC (Allocation Failure)  5256K->840K(15872K), 0.0008007 secs]
42.242: [GC (Allocation Failure)  5256K->840K(15872K), 0.0007760 secs]
42.246: [GC (Allocation Failure)  5256K->840K(15872K), 0.0007540 secs]
42.250: [GC (Allocation Failure)  5256K->840K(15872K), 0.0007556 secs]
42.254: [GC (Allocation Failure)  5256K->840K(15872K), 0.0007545 secs]
42.258: [GC (Allocation Failure)  5256K->840K(15872K), 0.0007562 secs]
42.262: [GC (Allocation Failure)  5256K->840K(15872K), 0.0007672 secs]
42.266: [GC (Allocation Failure)  5256K->840K(15872K), 0.0007540 secs]
42.270: [GC (Allocation Failure)  5256K->840K(15872K), 0.0007639 secs]
42.275: [GC (Allocation Failure)  5256K->840K(15872K), 0.0008271 secs]
42.279: [GC (Allocation Failure)  5256K->840K(15872K), 0.0007567 secs]
42.283: [GC (Allocation Failure)  5256K->840K(15872K), 0.0007540 secs]
42.287: [GC (Allocation Failure)  5256K->840K(15872K), 0.0007551 secs]
42.291: [GC (Allocation Failure)  5256K->840K(15872K), 0.0007633 secs]
42.295: [GC (Allocation Failure)  5256K->840K(15872K), 0.0007650 secs]
42.299: [GC (Allocation Failure)  5256K->840K(15872K), 0.0007545 secs]
42.303: [GC (Allocation Failure)  5256K->840K(15872K), 0.0007584 secs]
42.307: [GC (Allocation Failure)  5256K->840K(15872K), 0.0007611 secs]
42.311: [GC (Allocation Failure)  5256K->840K(15872K), 0.0007716 secs]
42.315: [GC (Allocation Failure)  5256K->840K(15872K), 0.0007633 secs]
42.320: [GC (Allocation Failure)  5256K->840K(15872K), 0.0007809 secs]
42.324: [GC (Allocation Failure)  5256K->840K(15872K), 0.0008953 secs]
42.328: [GC (Allocation Failure)  5256K->840K(15872K), 0.0007584 secs]
42.332: [GC (Allocation Failure)  5256K->840K(15872K), 0.0007573 secs]
42.336: [GC (Allocation Failure)  5256K->840K(15872K), 0.0007507 secs]
42.340: [GC (Allocation Failure)  5256K->840K(15872K), 0.0007512 secs]
42.344: [GC (Allocation Failure)  5256K->840K(15872K), 0.0007595 secs]
42.348: [GC (Allocation Failure)  5256K->840K(15872K), 0.0007584 secs]
42.352: [GC (Allocation Failure)  5256K->840K(15872K), 0.0007622 secs]
42.356: [GC (Allocation Failure)  5256K->840K(15872K), 0.0007606 secs]
42.360: [GC (Allocation Failure)  5256K->840K(15872K), 0.0007573 secs]
42.364: [GC (Allocation Failure)  5256K->840K(15872K), 0.0008194 secs]
42.369: [GC (Allocation Failure)  5256K->840K(15872K), 0.0007694 secs]
42.373: [GC (Allocation Failure)  5256K->840K(15872K), 0.0007567 secs]
42.377: [GC (Allocation Failure)  5256K->840K(15872K), 0.0007644 secs]
42.381: [GC (Allocation Failure)  5256K->840K(15872K), 0.0007529 secs]
42.385: [GC (Allocation Failure)  5256K->840K(15872K), 0.0007501 secs]
42.389: [GC (Allocation Failure)  5256K->840K(15872K), 0.0007496 secs]
42.393: [GC (Allocation Failure)  5256K->840K(15872K), 0.0007562 secs]
42.397: [GC (Allocation Failure)  5256K->840K(15872K), 0.0007661 secs]
42.401: [GC (Allocation Failure)  5256K->840K(15872K), 0.0007606 secs]
42.405: [GC (Allocation Failure)  5256K->840K(15872K), 0.0007611 secs]
42.409: [GC (Allocation Failure)  5256K->840K(15872K), 0.0007683 secs]
42.413: [GC (Allocation Failure)  5256K->840K(15872K), 0.0007639 secs]
42.417: [GC (Allocation Failure)  5256K->840K(15872K), 0.0007991 secs]
42.422: [GC (Allocation Failure)  5256K->840K(15872K), 0.0007666 secs]
42.426: [GC (Allocation Failure)  5256K->840K(15872K), 0.0007523 secs]
42.430: [GC (Allocation Failure)  5256K->840K(15872K), 0.0007611 secs]
42.434: [GC (Allocation Failure)  5256K->840K(15872K), 0.0007468 secs]
42.438: [GC (Allocation Failure)  5256K->840K(15872K), 0.0007628 secs]
42.442: [GC (Allocation Failure)  5256K->840K(15872K), 0.0007622 secs]
42.446: [GC (Allocation Failure)  5256K->840K(15872K), 0.0007595 secs]
42.450: [GC (Allocation Failure)  5256K->840K(15872K), 0.0007710 secs]
42.455: [GC (Allocation Failure)  5256K->840K(15872K), 0.0007870 secs]
42.459: [GC (Allocation Failure)  5256K->840K(15872K), 0.0007683 secs]
42.463: [GC (Allocation Failure)  5256K->840K(15872K), 0.0007677 secs]
42.468: [GC (Allocation Failure)  5256K->840K(15872K), 0.0007710 secs]
42.472: [GC (Allocation Failure)  5256K->840K(15872K), 0.0008337 secs]
42.476: [GC (Allocation Failure)  5256K->840K(15872K), 0.0008387 secs]
42.481: [GC (Allocation Failure)  5256K->840K(15872K), 0.0007842 secs]
42.485: [GC (Allocation Failure)  5256K->840K(15872K), 0.0007908 secs]
42.489: [GC (Allocation Failure)  5256K->840K(15872K), 0.0007842 secs]
42.494: [GC (Allocation Failure)  5256K->840K(15872K), 0.0007694 secs]
42.498: [GC (Allocation Failure)  5256K->840K(15872K), 0.0007749 secs]
42.502: [GC (Allocation Failure)  5256K->840K(15872K), 0.0007633 secs]
42.506: [GC (Allocation Failure)  5256K->840K(15872K), 0.0007765 secs]
42.510: [GC (Allocation Failure)  5256K->840K(15872K), 0.0007749 secs]
42.515: [GC (Allocation Failure)  5256K->840K(15872K), 0.0007710 secs]
42.519: [GC (Allocation Failure)  5256K->840K(15872K), 0.0007633 secs]
42.523: [GC (Allocation Failure)  5256K->840K(15872K), 0.0007633 secs]
42.527: [GC (Allocation Failure)  5256K->840K(15872K), 0.0007721 secs]
42.532: [GC (Allocation Failure)  5256K->840K(15872K), 0.0007705 secs]
42.536: [GC (Allocation Failure)  5256K->840K(15872K), 0.0007985 secs]
42.540: [GC (Allocation Failure)  5256K->840K(15872K), 0.0007743 secs]
42.544: [GC (Allocation Failure)  5256K->840K(15872K), 0.0007886 secs]
42.548: [GC (Allocation Failure)  5256K->840K(15872K), 0.0008024 secs]
42.553: [GC (Allocation Failure)  5256K->840K(15872K), 0.0007727 secs]
42.557: [GC (Allocation Failure)  5256K->840K(15872K), 0.0007716 secs]
42.561: [GC (Allocation Failure)  5256K->840K(15872K), 0.0007705 secs]
42.565: [GC (Allocation Failure)  5256K->840K(15872K), 0.0007842 secs]
42.570: [GC (Allocation Failure)  5256K->840K(15872K), 0.0007699 secs]
42.574: [GC (Allocation Failure)  5256K->840K(15872K), 0.0007683 secs]
42.578: [GC (Allocation Failure)  5256K->840K(15872K), 0.0007661 secs]
42.582: [GC (Allocation Failure)  5256K->840K(15872K), 0.0008431 secs]
42.586: [GC (Allocation Failure)  5256K->840K(15872K), 0.0007628 secs]
42.591: [GC (Allocation Failure)  5256K->840K(15872K), 0.0007661 secs]
42.595: [GC (Allocation Failure)  5256K->840K(15872K), 0.0009162 secs]
42.599: [GC (Allocation Failure)  5256K->840K(15872K), 0.0007677 secs]
42.603: [GC (Allocation Failure)  5256K->840K(15872K), 0.0007666 secs]
42.607: [GC (Allocation Failure)  5256K->840K(15872K), 0.0007688 secs]
42.612: [GC (Allocation Failure)  5256K->840K(15872K), 0.0007760 secs]
42.616: [GC (Allocation Failure)  5256K->840K(15872K), 0.0007848 secs]
42.620: [GC (Allocation Failure)  5256K->840K(15872K), 0.0007771 secs]
42.625: [GC (Allocation Failure)  5256K->840K(15872K), 0.0008007 secs]
42.630: [GC (Allocation Failure)  5256K->840K(15872K), 0.0008167 secs]
42.635: [GC (Allocation Failure)  5256K->840K(15872K), 0.0007820 secs]
42.639: [GC (Allocation Failure)  5256K->840K(15872K), 0.0008057 secs]
42.644: [GC (Allocation Failure)  5256K->840K(15872K), 0.0007650 secs]
42.648: [GC (Allocation Failure)  5256K->840K(15872K), 0.0008227 secs]
42.652: [GC (Allocation Failure)  5256K->840K(15872K), 0.0007765 secs]
42.656: [GC (Allocation Failure)  5256K->840K(15872K), 0.0007815 secs]
42.660: [GC (Allocation Failure)  5256K->840K(15872K), 0.0007881 secs]
42.665: [GC (Allocation Failure)  5256K->840K(15872K), 0.0007930 secs]
42.669: [GC (Allocation Failure)  5256K->840K(15872K), 0.0007820 secs]
42.673: [GC (Allocation Failure)  5256K->840K(15872K), 0.0007903 secs]
42.677: [GC (Allocation Failure)  5256K->840K(15872K), 0.0007881 secs]
42.682: [GC (Allocation Failure)  5256K->840K(15872K), 0.0007930 secs]
42.687: [GC (Allocation Failure)  5256K->840K(15872K), 0.0007683 secs]
42.691: [GC (Allocation Failure)  5256K->840K(15872K), 0.0007699 secs]
42.695: [GC (Allocation Failure)  5256K->840K(15872K), 0.0007661 secs]
42.699: [GC (Allocation Failure)  5256K->840K(15872K), 0.0010614 secs]
42.703: [GC (Allocation Failure)  5256K->840K(15872K), 0.0007771 secs]
42.708: [GC (Allocation Failure)  5256K->840K(15872K), 0.0007694 secs]
42.712: [GC (Allocation Failure)  5256K->840K(15872K), 0.0007699 secs]
42.716: [GC (Allocation Failure)  5256K->840K(15872K), 0.0007672 secs]
42.720: [GC (Allocation Failure)  5256K->840K(15872K), 0.0007886 secs]
42.724: [GC (Allocation Failure)  5256K->840K(15872K), 0.0008095 secs]
42.729: [GC (Allocation Failure)  5256K->840K(15872K), 0.0007974 secs]
42.733: [GC (Allocation Failure)  5256K->840K(15872K), 0.0013837 secs]
42.738: [GC (Allocation Failure)  5256K->840K(15872K), 0.0008101 secs]
42.742: [GC (Allocation Failure)  5256K->840K(15872K), 0.0007787 secs]
42.747: [GC (Allocation Failure)  5256K->840K(15872K), 0.0007749 secs]
42.751: [GC (Allocation Failure)  5256K->840K(15872K), 0.0007787 secs]
42.755: [GC (Allocation Failure)  5256K->840K(15872K), 0.0007908 secs]
42.759: [GC (Allocation Failure)  5256K->840K(15872K), 0.0007699 secs]
42.763: [GC (Allocation Failure)  5256K->840K(15872K), 0.0007721 secs]
42.767: [GC (Allocation Failure)  5256K->840K(15872K), 0.0007765 secs]
42.772: [GC (Allocation Failure)  5256K->840K(15872K), 0.0008007 secs]
42.776: [GC (Allocation Failure)  5256K->840K(15872K), 0.0007848 secs]
42.780: [GC (Allocation Failure)  5256K->840K(15872K), 0.0007776 secs]
42.784: [GC (Allocation Failure)  5256K->840K(15872K), 0.0007980 secs]
42.788: [GC (Allocation Failure)  5256K->840K(15872K), 0.0007903 secs]
42.793: [GC (Allocation Failure)  5256K->840K(15872K), 0.0007661 secs]
42.797: [GC (Allocation Failure)  5256K->840K(15872K), 0.0007666 secs]
42.801: [GC (Allocation Failure)  5256K->840K(15872K), 0.0007595 secs]
42.804: [GC (Allocation Failure)  5256K->840K(15872K), 0.0007666 secs]
42.809: [GC (Allocation Failure)  5256K->840K(15872K), 0.0007644 secs]
42.813: [GC (Allocation Failure)  5256K->840K(15872K), 0.0007721 secs]
42.817: [GC (Allocation Failure)  5256K->840K(15872K), 0.0009360 secs]
42.821: [GC (Allocation Failure)  5256K->840K(15872K), 0.0007688 secs]
42.825: [GC (Allocation Failure)  5256K->840K(15872K), 0.0007655 secs]
42.829: [GC (Allocation Failure)  5256K->840K(15872K), 0.0007798 secs]
42.834: [GC (Allocation Failure)  5256K->840K(15872K), 0.0007809 secs]
42.839: [GC (Allocation Failure)  5256K->840K(15872K), 0.0008007 secs]
42.843: [GC (Allocation Failure)  5256K->840K(15872K), 0.0007738 secs]
42.847: [GC (Allocation Failure)  5256K->840K(15872K), 0.0007578 secs]
42.851: [GC (Allocation Failure)  5256K->840K(15872K), 0.0007589 secs]
42.855: [GC (Allocation Failure)  5256K->840K(15872K), 0.0008337 secs]
42.859: [GC (Allocation Failure)  5256K->840K(15872K), 0.0007655 secs]
42.863: [GC (Allocation Failure)  5256K->840K(15872K), 0.0007611 secs]
42.867: [GC (Allocation Failure)  5256K->840K(15872K), 0.0007650 secs]
42.871: [GC (Allocation Failure)  5256K->840K(15872K), 0.0007540 secs]
42.876: [GC (Allocation Failure)  5256K->840K(15872K), 0.0008783 secs]
42.880: [GC (Allocation Failure)  5256K->840K(15872K), 0.0007617 secs]
42.884: [GC (Allocation Failure)  5256K->840K(15872K), 0.0007699 secs]
42.888: [GC (Allocation Failure)  5256K->840K(15872K), 0.0007716 secs]
42.892: [GC (Allocation Failure)  5256K->840K(15872K), 0.0007512 secs]
42.896: [GC (Allocation Failure)  5256K->840K(15872K), 0.0007716 secs]
42.900: [GC (Allocation Failure)  5256K->840K(15872K), 0.0007622 secs]
42.904: [GC (Allocation Failure)  5256K->840K(15872K), 0.0007727 secs]
42.908: [GC (Allocation Failure)  5256K->840K(15872K), 0.0007573 secs]
42.912: [GC (Allocation Failure)  5256K->840K(15872K), 0.0007578 secs]
42.916: [GC (Allocation Failure)  5256K->840K(15872K), 0.0007617 secs]
42.920: [GC (Allocation Failure)  5256K->840K(15872K), 0.0007622 secs]
42.924: [GC (Allocation Failure)  5256K->840K(15872K), 0.0007573 secs]
42.928: [GC (Allocation Failure)  5256K->840K(15872K), 0.0007578 secs]
42.932: [GC (Allocation Failure)  5256K->840K(15872K), 0.0007650 secs]
42.936: [GC (Allocation Failure)  5256K->840K(15872K), 0.0007584 secs]
42.940: [GC (Allocation Failure)  5256K->840K(15872K), 0.0007738 secs]
42.944: [GC (Allocation Failure)  5256K->840K(15872K), 0.0007617 secs]
42.948: [GC (Allocation Failure)  5256K->840K(15872K), 0.0007534 secs]
42.952: [GC (Allocation Failure)  5256K->840K(15872K), 0.0008046 secs]
42.956: [GC (Allocation Failure)  5256K->840K(15872K), 0.0007595 secs]
42.961: [GC (Allocation Failure)  5256K->840K(15872K), 0.0007622 secs]
42.965: [GC (Allocation Failure)  5256K->840K(15872K), 0.0007771 secs]
42.969: [GC (Allocation Failure)  5256K->840K(15872K), 0.0007633 secs]
42.973: [GC (Allocation Failure)  5256K->840K(15872K), 0.0007655 secs]
42.977: [GC (Allocation Failure)  5256K->840K(15872K), 0.0007567 secs]
42.981: [GC (Allocation Failure)  5256K->840K(15872K), 0.0007633 secs]
42.985: [GC (Allocation Failure)  5256K->840K(15872K), 0.0007628 secs]
42.989: [GC (Allocation Failure)  5256K->840K(15872K), 0.0007518 secs]
42.993: [GC (Allocation Failure)  5256K->840K(15872K), 0.0007529 secs]
42.997: [GC (Allocation Failure)  5256K->840K(15872K), 0.0007512 secs]
43.001: [GC (Allocation Failure)  5256K->840K(15872K), 0.0007562 secs]
43.005: [GC (Allocation Failure)  5256K->840K(15872K), 0.0008062 secs]
43.009: [GC (Allocation Failure)  5256K->840K(15872K), 0.0007738 secs]
43.014: [GC (Allocation Failure)  5256K->840K(15872K), 0.0007782 secs]
43.018: [GC (Allocation Failure)  5256K->840K(15872K), 0.0007628 secs]
43.022: [GC (Allocation Failure)  5256K->840K(15872K), 0.0007732 secs]
43.026: [GC (Allocation Failure)  5256K->840K(15872K), 0.0007705 secs]
43.030: [GC (Allocation Failure)  5256K->840K(15872K), 0.0007650 secs]
43.034: [GC (Allocation Failure)  5256K->840K(15872K), 0.0007639 secs]
43.038: [GC (Allocation Failure)  5256K->840K(15872K), 0.0007633 secs]
43.042: [GC (Allocation Failure)  5256K->840K(15872K), 0.0007540 secs]
43.046: [GC (Allocation Failure)  5256K->840K(15872K), 0.0007688 secs]
43.050: [GC (Allocation Failure)  5256K->840K(15872K), 0.0007617 secs]
43.054: [GC (Allocation Failure)  5256K->840K(15872K), 0.0007699 secs]
43.058: [GC (Allocation Failure)  5256K->840K(15872K), 0.0007600 secs]
43.062: [GC (Allocation Failure)  5256K->840K(15872K), 0.0007556 secs]
43.066: [GC (Allocation Failure)  5256K->840K(15872K), 0.0007534 secs]
43.071: [GC (Allocation Failure)  5256K->840K(15872K), 0.0007655 secs]
43.075: [GC (Allocation Failure)  5256K->840K(15872K), 0.0007672 secs]
43.079: [GC (Allocation Failure)  5256K->840K(15872K), 0.0007677 secs]
43.083: [GC (Allocation Failure)  5256K->840K(15872K), 0.0007600 secs]
43.087: [GC (Allocation Failure)  5256K->840K(15872K), 0.0007567 secs]
43.091: [GC (Allocation Failure)  5256K->840K(15872K), 0.0007474 secs]
43.096: [GC (Allocation Failure)  5256K->840K(15872K), 0.0007633 secs]
43.100: [GC (Allocation Failure)  5256K->840K(15872K), 0.0008040 secs]
43.104: [GC (Allocation Failure)  5256K->840K(15872K), 0.0007595 secs]
43.108: [GC (Allocation Failure)  5256K->840K(15872K), 0.0007606 secs]
43.112: [GC (Allocation Failure)  5256K->840K(15872K), 0.0007677 secs]
43.116: [GC (Allocation Failure)  5256K->840K(15872K), 0.0007727 secs]
43.120: [GC (Allocation Failure)  5256K->840K(15872K), 0.0007545 secs]
43.124: [GC (Allocation Failure)  5256K->840K(15872K), 0.0010235 secs]
43.129: [GC (Allocation Failure)  5256K->840K(15872K), 0.0007633 secs]
43.133: [GC (Allocation Failure)  5256K->840K(15872K), 0.0007672 secs]
43.137: [GC (Allocation Failure)  5256K->840K(15872K), 0.0009003 secs]
43.141: [GC (Allocation Failure)  5256K->840K(15872K), 0.0007584 secs]
43.145: [GC (Allocation Failure)  5256K->840K(15872K), 0.0007534 secs]
43.149: [GC (Allocation Failure)  5256K->840K(15872K), 0.0007551 secs]
43.153: [GC (Allocation Failure)  5256K->840K(15872K), 0.0007507 secs]
43.157: [GC (Allocation Failure)  5256K->840K(15872K), 0.0007567 secs]
43.161: [GC (Allocation Failure)  5256K->840K(15872K), 0.0007578 secs]
43.165: [GC (Allocation Failure)  5256K->840K(15872K), 0.0007518 secs]
43.169: [GC (Allocation Failure)  5256K->840K(15872K), 0.0007589 secs]
43.173: [GC (Allocation Failure)  5256K->840K(15872K), 0.0007617 secs]
43.177: [GC (Allocation Failure)  5256K->840K(15872K), 0.0007650 secs]
43.181: [GC (Allocation Failure)  5256K->840K(15872K), 0.0007556 secs]
43.185: [GC (Allocation Failure)  5256K->840K(15872K), 0.0007798 secs]
43.189: [GC (Allocation Failure)  5256K->840K(15872K), 0.0007633 secs]
43.193: [GC (Allocation Failure)  5256K->840K(15872K), 0.0007776 secs]
43.198: [GC (Allocation Failure)  5256K->840K(15872K), 0.0010312 secs]
43.202: [GC (Allocation Failure)  5256K->840K(15872K), 0.0007705 secs]
43.206: [GC (Allocation Failure)  5256K->840K(15872K), 0.0007617 secs]
43.210: [GC (Allocation Failure)  5256K->840K(15872K), 0.0007650 secs]
43.214: [GC (Allocation Failure)  5256K->840K(15872K), 0.0007633 secs]
43.218: [GC (Allocation Failure)  5256K->840K(15872K), 0.0007716 secs]
43.222: [GC (Allocation Failure)  5256K->840K(15872K), 0.0007606 secs]
43.227: [GC (Allocation Failure)  5256K->840K(15872K), 0.0009261 secs]
43.231: [GC (Allocation Failure)  5256K->840K(15872K), 0.0007611 secs]
43.235: [GC (Allocation Failure)  5256K->840K(15872K), 0.0007749 secs]
43.239: [GC (Allocation Failure)  5256K->840K(15872K), 0.0007600 secs]
43.243: [GC (Allocation Failure)  5256K->840K(15872K), 0.0008442 secs]
43.247: [GC (Allocation Failure)  5256K->840K(15872K), 0.0007595 secs]
43.251: [GC (Allocation Failure)  5256K->840K(15872K), 0.0007584 secs]
43.255: [GC (Allocation Failure)  5256K->840K(15872K), 0.0007820 secs]
43.260: [GC (Allocation Failure)  5256K->840K(15872K), 0.0008183 secs]
43.264: [GC (Allocation Failure)  5256K->840K(15872K), 0.0007633 secs]
43.268: [GC (Allocation Failure)  5256K->840K(15872K), 0.0007512 secs]
43.272: [GC (Allocation Failure)  5256K->840K(15872K), 0.0008013 secs]
43.276: [GC (Allocation Failure)  5256K->840K(15872K), 0.0007578 secs]
43.280: [GC (Allocation Failure)  5256K->840K(15872K), 0.0007639 secs]
43.284: [GC (Allocation Failure)  5256K->840K(15872K), 0.0007545 secs]
43.288: [GC (Allocation Failure)  5256K->840K(15872K), 0.0007562 secs]
43.292: [GC (Allocation Failure)  5256K->840K(15872K), 0.0008057 secs]
43.296: [GC (Allocation Failure)  5256K->840K(15872K), 0.0007595 secs]
43.300: [GC (Allocation Failure)  5256K->840K(15872K), 0.0007578 secs]
43.304: [GC (Allocation Failure)  5256K->840K(15872K), 0.0007688 secs]
43.308: [GC (Allocation Failure)  5256K->840K(15872K), 0.0008117 secs]
43.313: [GC (Allocation Failure)  5256K->840K(15872K), 0.0007672 secs]
43.317: [GC (Allocation Failure)  5256K->840K(15872K), 0.0007595 secs]
43.321: [GC (Allocation Failure)  5256K->840K(15872K), 0.0007743 secs]
43.325: [GC (Allocation Failure)  5256K->840K(15872K), 0.0007705 secs]
43.329: [GC (Allocation Failure)  5256K->840K(15872K), 0.0009140 secs]
43.333: [GC (Allocation Failure)  5256K->840K(15872K), 0.0007490 secs]
43.337: [GC (Allocation Failure)  5256K->840K(15872K), 0.0007661 secs]
43.341: [GC (Allocation Failure)  5256K->840K(15872K), 0.0008953 secs]
43.345: [GC (Allocation Failure)  5256K->840K(15872K), 0.0007661 secs]
43.349: [GC (Allocation Failure)  5256K->840K(15872K), 0.0007633 secs]
43.353: [GC (Allocation Failure)  5256K->840K(15872K), 0.0007589 secs]
43.358: [GC (Allocation Failure)  5256K->840K(15872K), 0.0007655 secs]
43.362: [GC (Allocation Failure)  5256K->840K(15872K), 0.0007705 secs]
43.366: [GC (Allocation Failure)  5256K->840K(15872K), 0.0008612 secs]
43.370: [GC (Allocation Failure)  5256K->840K(15872K), 0.0007518 secs]
43.374: [GC (Allocation Failure)  5256K->840K(15872K), 0.0007567 secs]
43.378: [GC (Allocation Failure)  5256K->840K(15872K), 0.0007556 secs]
43.383: [GC (Allocation Failure)  5256K->840K(15872K), 0.0007765 secs]
43.387: [GC (Allocation Failure)  5256K->840K(15872K), 0.0008777 secs]
43.392: [GC (Allocation Failure)  5256K->840K(15872K), 0.0007650 secs]
43.396: [GC (Allocation Failure)  5256K->840K(15872K), 0.0007765 secs]
43.401: [GC (Allocation Failure)  5256K->840K(15872K), 0.0007655 secs]
43.405: [GC (Allocation Failure)  5256K->840K(15872K), 0.0007600 secs]
43.409: [GC (Allocation Failure)  5256K->840K(15872K), 0.0007595 secs]
43.413: [GC (Allocation Failure)  5256K->840K(15872K), 0.0007562 secs]
43.417: [GC (Allocation Failure)  5256K->840K(15872K), 0.0007529 secs]
43.421: [GC (Allocation Failure)  5256K->840K(15872K), 0.0007578 secs]
43.425: [GC (Allocation Failure)  5256K->840K(15872K), 0.0007562 secs]
43.429: [GC (Allocation Failure)  5256K->840K(15872K), 0.0007606 secs]
43.433: [GC (Allocation Failure)  5256K->840K(15872K), 0.0007628 secs]
43.438: [GC (Allocation Failure)  5256K->840K(15872K), 0.0007650 secs]
43.442: [GC (Allocation Failure)  5256K->840K(15872K), 0.0007573 secs]
43.446: [GC (Allocation Failure)  5256K->840K(15872K), 0.0008651 secs]
43.450: [GC (Allocation Failure)  5256K->840K(15872K), 0.0007743 secs]
43.454: [GC (Allocation Failure)  5256K->840K(15872K), 0.0007672 secs]
43.458: [GC (Allocation Failure)  5256K->840K(15872K), 0.0007622 secs]
43.462: [GC (Allocation Failure)  5256K->840K(15872K), 0.0008079 secs]
43.467: [GC (Allocation Failure)  5256K->840K(15872K), 0.0007683 secs]
43.471: [GC (Allocation Failure)  5256K->840K(15872K), 0.0007617 secs]
43.475: [GC (Allocation Failure)  5256K->840K(15872K), 0.0007732 secs]
43.479: [GC (Allocation Failure)  5256K->840K(15872K), 0.0007556 secs]
43.483: [GC (Allocation Failure)  5256K->840K(15872K), 0.0007617 secs]
43.487: [GC (Allocation Failure)  5256K->840K(15872K), 0.0007738 secs]
43.491: [GC (Allocation Failure)  5256K->840K(15872K), 0.0007617 secs]
43.495: [GC (Allocation Failure)  5256K->840K(15872K), 0.0008959 secs]
43.499: [GC (Allocation Failure)  5256K->840K(15872K), 0.0007595 secs]
43.503: [GC (Allocation Failure)  5256K->840K(15872K), 0.0007562 secs]
43.507: [GC (Allocation Failure)  5256K->840K(15872K), 0.0007694 secs]
43.511: [GC (Allocation Failure)  5256K->840K(15872K), 0.0007617 secs]
43.515: [GC (Allocation Failure)  5256K->840K(15872K), 0.0007584 secs]
43.519: [GC (Allocation Failure)  5256K->840K(15872K), 0.0007578 secs]
43.523: [GC (Allocation Failure)  5256K->840K(15872K), 0.0007551 secs]
43.527: [GC (Allocation Failure)  5256K->840K(15872K), 0.0007633 secs]
43.531: [GC (Allocation Failure)  5256K->840K(15872K), 0.0007683 secs]
43.536: [GC (Allocation Failure)  5256K->840K(15872K), 0.0007732 secs]
43.540: [GC (Allocation Failure)  5256K->840K(15872K), 0.0007617 secs]
43.544: [GC (Allocation Failure)  5256K->840K(15872K), 0.0007501 secs]
43.548: [GC (Allocation Failure)  5256K->840K(15872K), 0.0007633 secs]
43.552: [GC (Allocation Failure)  5256K->840K(15872K), 0.0007611 secs]
43.556: [GC (Allocation Failure)  5256K->840K(15872K), 0.0008161 secs]
43.560: [GC (Allocation Failure)  5256K->840K(15872K), 0.0007578 secs]
43.564: [GC (Allocation Failure)  5256K->840K(15872K), 0.0007545 secs]
43.568: [GC (Allocation Failure)  5256K->840K(15872K), 0.0007518 secs]
43.572: [GC (Allocation Failure)  5256K->840K(15872K), 0.0007611 secs]
43.576: [GC (Allocation Failure)  5256K->840K(15872K), 0.0007661 secs]
43.580: [GC (Allocation Failure)  5256K->840K(15872K), 0.0007595 secs]
43.584: [GC (Allocation Failure)  5256K->840K(15872K), 0.0007600 secs]
43.588: [GC (Allocation Failure)  5256K->840K(15872K), 0.0009602 secs]
43.593: [GC (Allocation Failure)  5256K->840K(15872K), 0.0007776 secs]
43.597: [GC (Allocation Failure)  5256K->840K(15872K), 0.0007644 secs]
43.604: [GC (Allocation Failure)  5256K->840K(15872K), 0.0009030 secs]
43.608: [GC (Allocation Failure)  5256K->840K(15872K), 0.0007589 secs]
43.612: [GC (Allocation Failure)  5256K->840K(15872K), 0.0007578 secs]
43.616: [GC (Allocation Failure)  5256K->840K(15872K), 0.0007600 secs]
43.620: [GC (Allocation Failure)  5256K->840K(15872K), 0.0007496 secs]
43.624: [GC (Allocation Failure)  5256K->840K(15872K), 0.0007655 secs]
43.628: [GC (Allocation Failure)  5256K->840K(15872K), 0.0007622 secs]
43.632: [GC (Allocation Failure)  5256K->840K(15872K), 0.0007743 secs]
43.636: [GC (Allocation Failure)  5256K->840K(15872K), 0.0009954 secs]
43.641: [GC (Allocation Failure)  5256K->840K(15872K), 0.0008172 secs]
43.646: [GC (Allocation Failure)  5256K->840K(15872K), 0.0007633 secs]
43.650: [GC (Allocation Failure)  5256K->840K(15872K), 0.0007589 secs]
43.654: [GC (Allocation Failure)  5256K->840K(15872K), 0.0007534 secs]
43.658: [GC (Allocation Failure)  5256K->840K(15872K), 0.0007523 secs]
43.662: [GC (Allocation Failure)  5256K->840K(15872K), 0.0007496 secs]
43.666: [GC (Allocation Failure)  5256K->840K(15872K), 0.0007551 secs]
43.670: [GC (Allocation Failure)  5256K->840K(15872K), 0.0007507 secs]
43.674: [GC (Allocation Failure)  5256K->840K(15872K), 0.0007743 secs]
43.678: [GC (Allocation Failure)  5256K->840K(15872K), 0.0007551 secs]
43.682: [GC (Allocation Failure)  5256K->840K(15872K), 0.0009465 secs]
43.687: [GC (Allocation Failure)  5256K->840K(15872K), 0.0007556 secs]
43.691: [GC (Allocation Failure)  5256K->840K(15872K), 0.0009421 secs]
43.695: [GC (Allocation Failure)  5256K->840K(15872K), 0.0007655 secs]
43.699: [GC (Allocation Failure)  5256K->840K(15872K), 0.0007732 secs]
43.703: [GC (Allocation Failure)  5256K->840K(15872K), 0.0007523 secs]
43.707: [GC (Allocation Failure)  5256K->840K(15872K), 0.0007705 secs]
43.711: [GC (Allocation Failure)  5256K->840K(15872K), 0.0007710 secs]
43.716: [GC (Allocation Failure)  5256K->840K(15872K), 0.0007655 secs]
43.720: [GC (Allocation Failure)  5256K->840K(15872K), 0.0007606 secs]
43.724: [GC (Allocation Failure)  5256K->840K(15872K), 0.0007507 secs]
43.728: [GC (Allocation Failure)  5256K->840K(15872K), 0.0007617 secs]
43.732: [GC (Allocation Failure)  5256K->840K(15872K), 0.0007507 secs]
43.736: [GC (Allocation Failure)  5256K->840K(15872K), 0.0007556 secs]
43.740: [GC (Allocation Failure)  5256K->840K(15872K), 0.0008002 secs]
43.744: [GC (Allocation Failure)  5256K->840K(15872K), 0.0007760 secs]
43.749: [GC (Allocation Failure)  5256K->840K(15872K), 0.0007644 secs]
43.753: [GC (Allocation Failure)  5256K->840K(15872K), 0.0007567 secs]
43.757: [GC (Allocation Failure)  5256K->840K(15872K), 0.0007639 secs]
43.761: [GC (Allocation Failure)  5256K->840K(15872K), 0.0007512 secs]
43.765: [GC (Allocation Failure)  5256K->840K(15872K), 0.0007584 secs]
43.769: [GC (Allocation Failure)  5256K->840K(15872K), 0.0007556 secs]
43.773: [GC (Allocation Failure)  5256K->840K(15872K), 0.0007650 secs]
43.778: [GC (Allocation Failure)  5256K->840K(15872K), 0.0007628 secs]
43.782: [GC (Allocation Failure)  5256K->840K(15872K), 0.0007655 secs]
43.786: [GC (Allocation Failure)  5256K->840K(15872K), 0.0007589 secs]
43.790: [GC (Allocation Failure)  5256K->840K(15872K), 0.0007578 secs]
43.794: [GC (Allocation Failure)  5256K->840K(15872K), 0.0007496 secs]
43.798: [GC (Allocation Failure)  5256K->840K(15872K), 0.0007523 secs]
43.802: [GC (Allocation Failure)  5256K->840K(15872K), 0.0008222 secs]
43.807: [GC (Allocation Failure)  5256K->840K(15872K), 0.0007617 secs]
43.811: [GC (Allocation Failure)  5256K->840K(15872K), 0.0007617 secs]
43.815: [GC (Allocation Failure)  5256K->840K(15872K), 0.0007600 secs]
43.819: [GC (Allocation Failure)  5256K->840K(15872K), 0.0008150 secs]
43.824: [GC (Allocation Failure)  5256K->840K(15872K), 0.0009201 secs]
43.828: [GC (Allocation Failure)  5256K->840K(15872K), 0.0007622 secs]
43.832: [GC (Allocation Failure)  5256K->840K(15872K), 0.0007578 secs]
43.836: [GC (Allocation Failure)  5256K->840K(15872K), 0.0007518 secs]
43.840: [GC (Allocation Failure)  5256K->840K(15872K), 0.0007622 secs]
43.844: [GC (Allocation Failure)  5256K->840K(15872K), 0.0007573 secs]
43.848: [GC (Allocation Failure)  5256K->840K(15872K), 0.0009481 secs]
43.852: [GC (Allocation Failure)  5256K->840K(15872K), 0.0007699 secs]
43.856: [GC (Allocation Failure)  5256K->840K(15872K), 0.0007600 secs]
43.861: [GC (Allocation Failure)  5256K->840K(15872K), 0.0007655 secs]
43.865: [GC (Allocation Failure)  5256K->840K(15872K), 0.0007716 secs]
43.869: [GC (Allocation Failure)  5256K->840K(15872K), 0.0007600 secs]
43.873: [GC (Allocation Failure)  5256K->840K(15872K), 0.0008156 secs]
43.877: [GC (Allocation Failure)  5256K->840K(15872K), 0.0007628 secs]
43.881: [GC (Allocation Failure)  5256K->840K(15872K), 0.0007655 secs]
43.885: [GC (Allocation Failure)  5256K->840K(15872K), 0.0007595 secs]
43.889: [GC (Allocation Failure)  5256K->840K(15872K), 0.0007831 secs]
43.896: [GC (Allocation Failure)  5256K->840K(15872K), 0.0008409 secs]
43.900: [GC (Allocation Failure)  5256K->840K(15872K), 0.0007600 secs]
43.904: [GC (Allocation Failure)  5256K->840K(15872K), 0.0007584 secs]
43.908: [GC (Allocation Failure)  5256K->840K(15872K), 0.0007710 secs]
43.912: [GC (Allocation Failure)  5256K->840K(15872K), 0.0007622 secs]
43.916: [GC (Allocation Failure)  5256K->840K(15872K), 0.0007551 secs]
43.920: [GC (Allocation Failure)  5256K->840K(15872K), 0.0007534 secs]
43.925: [GC (Allocation Failure)  5256K->840K(15872K), 0.0008090 secs]
43.929: [GC (Allocation Failure)  5256K->840K(15872K), 0.0007688 secs]
43.933: [GC (Allocation Failure)  5256K->840K(15872K), 0.0007611 secs]
43.937: [GC (Allocation Failure)  5256K->840K(15872K), 0.0007622 secs]
43.941: [GC (Allocation Failure)  5256K->840K(15872K), 0.0007518 secs]
43.945: [GC (Allocation Failure)  5256K->840K(15872K), 0.0007611 secs]
43.949: [GC (Allocation Failure)  5256K->840K(15872K), 0.0007529 secs]
43.953: [GC (Allocation Failure)  5256K->840K(15872K), 0.0007507 secs]
43.957: [GC (Allocation Failure)  5256K->840K(15872K), 0.0007501 secs]
43.961: [GC (Allocation Failure)  5256K->840K(15872K), 0.0007562 secs]
43.965: [GC (Allocation Failure)  5256K->840K(15872K), 0.0007650 secs]
43.969: [GC (Allocation Failure)  5256K->840K(15872K), 0.0007694 secs]
43.973: [GC (Allocation Failure)  5256K->840K(15872K), 0.0007600 secs]
43.977: [GC (Allocation Failure)  5256K->840K(15872K), 0.0007837 secs]
43.981: [GC (Allocation Failure)  5256K->840K(15872K), 0.0007600 secs]
43.985: [GC (Allocation Failure)  5256K->840K(15872K), 0.0007617 secs]
43.989: [GC (Allocation Failure)  5256K->840K(15872K), 0.0007820 secs]
43.993: [GC (Allocation Failure)  5256K->840K(15872K), 0.0007699 secs]
43.998: [GC (Allocation Failure)  5256K->840K(15872K), 0.0007551 secs]
44.002: [GC (Allocation Failure)  5256K->840K(15872K), 0.0008810 secs]
44.006: [GC (Allocation Failure)  5256K->840K(15872K), 0.0007650 secs]
44.010: [GC (Allocation Failure)  5256K->840K(15872K), 0.0007655 secs]
44.014: [GC (Allocation Failure)  5256K->840K(15872K), 0.0007551 secs]
44.018: [GC (Allocation Failure)  5256K->840K(15872K), 0.0007512 secs]
44.022: [GC (Allocation Failure)  5256K->840K(15872K), 0.0007496 secs]
44.026: [GC (Allocation Failure)  5256K->840K(15872K), 0.0008684 secs]
44.030: [GC (Allocation Failure)  5256K->840K(15872K), 0.0007595 secs]
44.034: [GC (Allocation Failure)  5256K->840K(15872K), 0.0007540 secs]
44.038: [GC (Allocation Failure)  5256K->840K(15872K), 0.0007815 secs]
44.042: [GC (Allocation Failure)  5256K->840K(15872K), 0.0009157 secs]
44.047: [GC (Allocation Failure)  5256K->840K(15872K), 0.0008359 secs]
44.051: [GC (Allocation Failure)  5256K->840K(15872K), 0.0007595 secs]
44.055: [GC (Allocation Failure)  5256K->840K(15872K), 0.0007523 secs]
44.059: [GC (Allocation Failure)  5256K->840K(15872K), 0.0007606 secs]
44.063: [GC (Allocation Failure)  5256K->840K(15872K), 0.0007639 secs]
44.067: [GC (Allocation Failure)  5256K->840K(15872K), 0.0007606 secs]
44.071: [GC (Allocation Failure)  5256K->840K(15872K), 0.0007617 secs]
44.075: [GC (Allocation Failure)  5256K->840K(15872K), 0.0008178 secs]
44.079: [GC (Allocation Failure)  5256K->840K(15872K), 0.0007721 secs]
44.083: [GC (Allocation Failure)  5256K->840K(15872K), 0.0007595 secs]
44.087: [GC (Allocation Failure)  5256K->840K(15872K), 0.0007589 secs]
44.091: [GC (Allocation Failure)  5256K->840K(15872K), 0.0007595 secs]
44.095: [GC (Allocation Failure)  5256K->840K(15872K), 0.0007606 secs]
44.099: [GC (Allocation Failure)  5256K->840K(15872K), 0.0007639 secs]
44.103: [GC (Allocation Failure)  5256K->840K(15872K), 0.0007617 secs]
44.108: [GC (Allocation Failure)  5256K->840K(15872K), 0.0007611 secs]
44.112: [GC (Allocation Failure)  5256K->840K(15872K), 0.0007710 secs]
44.116: [GC (Allocation Failure)  5256K->840K(15872K), 0.0007710 secs]
44.120: [GC (Allocation Failure)  5256K->840K(15872K), 0.0008744 secs]
44.124: [GC (Allocation Failure)  5256K->840K(15872K), 0.0007644 secs]
44.128: [GC (Allocation Failure)  5256K->840K(15872K), 0.0007617 secs]
44.132: [GC (Allocation Failure)  5256K->840K(15872K), 0.0007556 secs]
44.136: [GC (Allocation Failure)  5256K->840K(15872K), 0.0007611 secs]
44.140: [GC (Allocation Failure)  5256K->840K(15872K), 0.0007551 secs]
44.144: [GC (Allocation Failure)  5256K->840K(15872K), 0.0007534 secs]
44.148: [GC (Allocation Failure)  5256K->840K(15872K), 0.0007606 secs]
44.152: [GC (Allocation Failure)  5256K->840K(15872K), 0.0007551 secs]
44.156: [GC (Allocation Failure)  5256K->840K(15872K), 0.0007551 secs]
44.160: [GC (Allocation Failure)  5256K->840K(15872K), 0.0007589 secs]
44.164: [GC (Allocation Failure)  5256K->840K(15872K), 0.0007573 secs]
44.168: [GC (Allocation Failure)  5256K->840K(15872K), 0.0007496 secs]
44.172: [GC (Allocation Failure)  5256K->840K(15872K), 0.0007485 secs]
44.176: [GC (Allocation Failure)  5256K->840K(15872K), 0.0007518 secs]
44.180: [GC (Allocation Failure)  5256K->840K(15872K), 0.0007804 secs]
44.184: [GC (Allocation Failure)  5256K->840K(15872K), 0.0007578 secs]
44.188: [GC (Allocation Failure)  5256K->840K(15872K), 0.0007650 secs]
44.192: [GC (Allocation Failure)  5256K->840K(15872K), 0.0007595 secs]
44.196: [GC (Allocation Failure)  5256K->840K(15872K), 0.0007732 secs]
44.200: [GC (Allocation Failure)  5256K->840K(15872K), 0.0007650 secs]
44.204: [GC (Allocation Failure)  5256K->840K(15872K), 0.0007600 secs]
44.209: [GC (Allocation Failure)  5256K->840K(15872K), 0.0007551 secs]
44.213: [GC (Allocation Failure)  5256K->840K(15872K), 0.0008651 secs]
44.217: [GC (Allocation Failure)  5256K->840K(15872K), 0.0007727 secs]
44.221: [GC (Allocation Failure)  5256K->840K(15872K), 0.0007699 secs]
44.225: [GC (Allocation Failure)  5256K->840K(15872K), 0.0007562 secs]
44.229: [GC (Allocation Failure)  5256K->840K(15872K), 0.0007501 secs]
44.233: [GC (Allocation Failure)  5256K->840K(15872K), 0.0007501 secs]
44.237: [GC (Allocation Failure)  5256K->840K(15872K), 0.0007622 secs]
44.241: [GC (Allocation Failure)  5256K->840K(15872K), 0.0007501 secs]
44.245: [GC (Allocation Failure)  5256K->840K(15872K), 0.0007529 secs]
44.249: [GC (Allocation Failure)  5256K->840K(15872K), 0.0007611 secs]
44.253: [GC (Allocation Failure)  5256K->840K(15872K), 0.0007600 secs]
44.257: [GC (Allocation Failure)  5256K->840K(15872K), 0.0007694 secs]
44.261: [GC (Allocation Failure)  5256K->840K(15872K), 0.0007677 secs]
44.265: [GC (Allocation Failure)  5256K->840K(15872K), 0.0007655 secs]
44.270: [GC (Allocation Failure)  5256K->840K(15872K), 0.0008073 secs]
44.274: [GC (Allocation Failure)  5256K->840K(15872K), 0.0007545 secs]
44.278: [GC (Allocation Failure)  5256K->840K(15872K), 0.0007589 secs]
44.282: [GC (Allocation Failure)  5256K->840K(15872K), 0.0007611 secs]
44.286: [GC (Allocation Failure)  5256K->840K(15872K), 0.0007639 secs]
44.290: [GC (Allocation Failure)  5256K->840K(15872K), 0.0007496 secs]
44.295: [GC (Allocation Failure)  5256K->840K(15872K), 0.0007655 secs]
44.299: [GC (Allocation Failure)  5256K->840K(15872K), 0.0007600 secs]
44.303: [GC (Allocation Failure)  5256K->840K(15872K), 0.0007600 secs]
44.307: [GC (Allocation Failure)  5256K->840K(15872K), 0.0008530 secs]
44.311: [GC (Allocation Failure)  5256K->840K(15872K), 0.0007611 secs]
44.315: [GC (Allocation Failure)  5256K->840K(15872K), 0.0007578 secs]
44.319: [GC (Allocation Failure)  5256K->840K(15872K), 0.0007661 secs]
44.323: [GC (Allocation Failure)  5256K->840K(15872K), 0.0007672 secs]
44.328: [GC (Allocation Failure)  5256K->840K(15872K), 0.0007848 secs]
44.332: [GC (Allocation Failure)  5256K->840K(15872K), 0.0007633 secs]
44.336: [GC (Allocation Failure)  5256K->840K(15872K), 0.0007611 secs]
44.340: [GC (Allocation Failure)  5256K->840K(15872K), 0.0007633 secs]
44.344: [GC (Allocation Failure)  5256K->840K(15872K), 0.0007804 secs]
44.348: [GC (Allocation Failure)  5256K->840K(15872K), 0.0007578 secs]
44.352: [GC (Allocation Failure)  5256K->840K(15872K), 0.0007595 secs]
44.356: [GC (Allocation Failure)  5256K->840K(15872K), 0.0007760 secs]
44.360: [GC (Allocation Failure)  5256K->840K(15872K), 0.0007578 secs]
44.364: [GC (Allocation Failure)  5256K->840K(15872K), 0.0008585 secs]
44.369: [GC (Allocation Failure)  5256K->840K(15872K), 0.0007754 secs]
44.373: [GC (Allocation Failure)  5256K->840K(15872K), 0.0007540 secs]
44.377: [GC (Allocation Failure)  5256K->840K(15872K), 0.0007573 secs]
44.381: [GC (Allocation Failure)  5256K->840K(15872K), 0.0007617 secs]
44.385: [GC (Allocation Failure)  5256K->840K(15872K), 0.0007567 secs]
44.389: [GC (Allocation Failure)  5256K->840K(15872K), 0.0007666 secs]
44.393: [GC (Allocation Failure)  5256K->840K(15872K), 0.0007589 secs]
44.397: [GC (Allocation Failure)  5256K->840K(15872K), 0.0007617 secs]
44.402: [GC (Allocation Failure)  5256K->840K(15872K), 0.0007584 secs]
44.406: [GC (Allocation Failure)  5256K->840K(15872K), 0.0007578 secs]
44.410: [GC (Allocation Failure)  5256K->840K(15872K), 0.0007628 secs]
44.414: [GC (Allocation Failure)  5256K->840K(15872K), 0.0007573 secs]
44.418: [GC (Allocation Failure)  5256K->840K(15872K), 0.0007551 secs]
44.422: [GC (Allocation Failure)  5256K->840K(15872K), 0.0007540 secs]
44.426: [GC (Allocation Failure)  5256K->840K(15872K), 0.0007512 secs]
44.430: [GC (Allocation Failure)  5256K->840K(15872K), 0.0007584 secs]
44.434: [GC (Allocation Failure)  5256K->840K(15872K), 0.0007507 secs]
44.438: [GC (Allocation Failure)  5256K->840K(15872K), 0.0007567 secs]
44.442: [GC (Allocation Failure)  5256K->840K(15872K), 0.0007556 secs]
44.446: [GC (Allocation Failure)  5256K->840K(15872K), 0.0007551 secs]
44.450: [GC (Allocation Failure)  5256K->840K(15872K), 0.0007710 secs]
44.454: [GC (Allocation Failure)  5256K->840K(15872K), 0.0007776 secs]
44.458: [GC (Allocation Failure)  5256K->840K(15872K), 0.0007655 secs]
44.462: [GC (Allocation Failure)  5256K->840K(15872K), 0.0007738 secs]
44.466: [GC (Allocation Failure)  5256K->840K(15872K), 0.0007738 secs]
44.471: [GC (Allocation Failure)  5256K->840K(15872K), 0.0007655 secs]
44.475: [GC (Allocation Failure)  5256K->840K(15872K), 0.0007562 secs]
44.479: [GC (Allocation Failure)  5256K->840K(15872K), 0.0007551 secs]
44.483: [GC (Allocation Failure)  5256K->840K(15872K), 0.0007551 secs]
44.487: [GC (Allocation Failure)  5256K->840K(15872K), 0.0007551 secs]
44.491: [GC (Allocation Failure)  5256K->840K(15872K), 0.0007567 secs]
44.495: [GC (Allocation Failure)  5256K->840K(15872K), 0.0007589 secs]
44.499: [GC (Allocation Failure)  5256K->840K(15872K), 0.0007683 secs]
44.503: [GC (Allocation Failure)  5256K->840K(15872K), 0.0007628 secs]
44.507: [GC (Allocation Failure)  5256K->840K(15872K), 0.0007584 secs]
44.512: [GC (Allocation Failure)  5256K->840K(15872K), 0.0007936 secs]
44.516: [GC (Allocation Failure)  5256K->840K(15872K), 0.0007661 secs]
44.520: [GC (Allocation Failure)  5256K->840K(15872K), 0.0007798 secs]
44.524: [GC (Allocation Failure)  5256K->840K(15872K), 0.0007562 secs]
44.528: [GC (Allocation Failure)  5256K->840K(15872K), 0.0009124 secs]
44.532: [GC (Allocation Failure)  5256K->840K(15872K), 0.0007672 secs]
44.536: [GC (Allocation Failure)  5256K->840K(15872K), 0.0007545 secs]
44.540: [GC (Allocation Failure)  5256K->840K(15872K), 0.0007512 secs]
44.544: [GC (Allocation Failure)  5256K->840K(15872K), 0.0007501 secs]
44.548: [GC (Allocation Failure)  5256K->840K(15872K), 0.0007496 secs]
44.552: [GC (Allocation Failure)  5256K->840K(15872K), 0.0007523 secs]
